name                                 type              encoding         emb sub uni object ID
------------------------------------ ----------------- ---------------- --- --- --- ---------
RJYIAJ+LMRoman10-Bold                Type 1            Custom           yes yes yes     38  0
THFQTU+LMRoman8-Regular              Type 1            Custom           yes yes yes     39  0
BBMKRD+LMRomanCaps10-Regular         Type 1            Custom           yes yes yes     40  0
THFQTU+LMRoman8-Regular              Type 1            Custom           yes yes yes     41  0
XKAWGP+LMMathItalic6-Regular         Type 1            Custom           yes yes yes     42  0
ONAHZY+LMMathSymbols6-Regular        Type 1            Custom           yes yes yes     43  0
CKLDUR+LMRoman6-Regular              Type 1            Custom           yes yes yes     44  0
LGJDCT+LMRoman10-Regular             Type 1            Custom           yes yes yes     45  0
LGJDCT+LMRoman10-Regular             Type 1            Custom           yes yes yes     46  0
EKGXAI+LMMathItalic10-Regular        Type 1            Custom           yes yes yes     47  0
IYSVJS+LMMathSymbols10-Regular       Type 1            Custom           yes yes yes     48  0
BMRAKV+LMMathItalic7-Regular         Type 1            Custom           yes yes yes     49  0
NKHHTZ+LMRoman7-Regular              Type 1            Custom           yes yes yes     50  0
SUTCKJ+LMMathSymbols7-Regular        Type 1            Custom           yes yes yes     51  0
SMDUNB+LMRoman10-Italic              Type 1            Custom           yes yes yes     53  0
NKHHTZ+LMRoman7-Regular              Type 1            Custom           yes yes yes     56  0
TMHVPV+MSAM10                        Type 1            Builtin          yes yes yes     95  0
GBJBTF+LMRoman5-Regular              Type 1            Custom           yes yes yes    103  0
ULZEWH+MSBM10                        Type 1            Builtin          yes yes yes    104  0
AQHBEO+LMMono10-Regular              Type 1            Custom           yes yes yes    111  0
