{
  "assertions": 721397,
  "enumeration_sha256": "abf6be308260a038858c557cab1ae257e4be1746ba706b0fd99e48cff8d994bb",
  "full_carrier_cutoff": 10,
  "full_source_set_target_comparisons": 88572,
  "integer_composition_cutoff": 14,
  "literal_forward_cutoff": 7,
  "profiles": [
    {
      "core": 1,
      "fixed": 1,
      "image": 1,
      "maximizing_targets": 1,
      "maximum_fibre": 3,
      "n": 1,
      "sources": 3,
      "strict_two_cycles": 0,
      "tail_counts": {
        "0": 1,
        "1": 2
      }
    },
    {
      "core": 3,
      "fixed": 1,
      "image": 3,
      "maximizing_targets": 3,
      "maximum_fibre": 3,
      "n": 2,
      "sources": 9,
      "strict_two_cycles": 1,
      "tail_counts": {
        "0": 3,
        "1": 6
      }
    },
    {
      "core": 7,
      "fixed": 1,
      "image": 10,
      "maximizing_targets": 3,
      "maximum_fibre": 4,
      "n": 3,
      "sources": 27,
      "strict_two_cycles": 3,
      "tail_counts": {
        "0": 7,
        "1": 17,
        "2": 3
      }
    },
    {
      "core": 19,
      "fixed": 1,
      "image": 31,
      "maximizing_targets": 6,
      "maximum_fibre": 5,
      "n": 4,
      "sources": 81,
      "strict_two_cycles": 9,
      "tail_counts": {
        "0": 19,
        "1": 46,
        "2": 16
      }
    },
    {
      "core": 51,
      "fixed": 1,
      "image": 91,
      "maximizing_targets": 5,
      "maximum_fibre": 7,
      "n": 5,
      "sources": 243,
      "strict_two_cycles": 25,
      "tail_counts": {
        "0": 51,
        "1": 127,
        "2": 65
      }
    },
    {
      "core": 135,
      "fixed": 1,
      "image": 258,
      "maximizing_targets": 3,
      "maximum_fibre": 10,
      "n": 6,
      "sources": 729,
      "strict_two_cycles": 67,
      "tail_counts": {
        "0": 135,
        "1": 357,
        "2": 237
      }
    },
    {
      "core": 351,
      "fixed": 1,
      "image": 715,
      "maximizing_targets": 14,
      "maximum_fibre": 13,
      "n": 7,
      "sources": 2187,
      "strict_two_cycles": 175,
      "tail_counts": {
        "0": 351,
        "1": 1017,
        "2": 819
      }
    },
    {
      "core": 899,
      "fixed": 1,
      "image": 1951,
      "maximizing_targets": 8,
      "maximum_fibre": 19,
      "n": 8,
      "sources": 6561,
      "strict_two_cycles": 449,
      "tail_counts": {
        "0": 899,
        "1": 2918,
        "2": 2744
      }
    },
    {
      "core": 2275,
      "fixed": 1,
      "image": 5266,
      "maximizing_targets": 3,
      "maximum_fibre": 28,
      "n": 9,
      "sources": 19683,
      "strict_two_cycles": 1137,
      "tail_counts": {
        "0": 2275,
        "1": 8396,
        "2": 9012
      }
    },
    {
      "core": 5703,
      "fixed": 1,
      "image": 14103,
      "maximizing_targets": 25,
      "maximum_fibre": 37,
      "n": 10,
      "sources": 59049,
      "strict_two_cycles": 2851,
      "tail_counts": {
        "0": 5703,
        "1": 24161,
        "2": 29185
      }
    }
  ],
  "representation": "first-occurrence-records / direct-orbit-walk / suffix-record-set-language",
  "status": "PASS",
  "total_sources": 88572
}
