This is pdfTeX, Version 3.141592653-2.6-1.40.22 (TeX Live 2022/dev/Debian) (preloaded format=pdflatex)
 restricted \write18 enabled.
entering extended mode
(./main.tex
LaTeX2e <2021-11-15> patch level 1
L3 programming layer <2022-01-21>
(/usr/share/texlive/texmf-dist/tex/latex/base/article.cls
Document Class: article 2021/10/04 v1.4n Standard LaTeX document class
(/usr/share/texlive/texmf-dist/tex/latex/base/size11.clo))
(/usr/share/texmf/tex/latex/lm/lmodern.sty)
(/usr/share/texlive/texmf-dist/tex/latex/base/fontenc.sty
(/usr/share/texmf/tex/latex/lm/t1lmr.fd))
(/usr/share/texlive/texmf-dist/tex/latex/base/inputenc.sty)
(/usr/share/texlive/texmf-dist/tex/latex/geometry/geometry.sty
(/usr/share/texlive/texmf-dist/tex/latex/graphics/keyval.sty)
(/usr/share/texlive/texmf-dist/tex/generic/iftex/ifvtex.sty
(/usr/share/texlive/texmf-dist/tex/generic/iftex/iftex.sty)))
(/usr/share/texlive/texmf-dist/tex/latex/amsmath/amsmath.sty
For additional information on amsmath, use the `?' option.
(/usr/share/texlive/texmf-dist/tex/latex/amsmath/amstext.sty
(/usr/share/texlive/texmf-dist/tex/latex/amsmath/amsgen.sty))
(/usr/share/texlive/texmf-dist/tex/latex/amsmath/amsbsy.sty)
(/usr/share/texlive/texmf-dist/tex/latex/amsmath/amsopn.sty))
(/usr/share/texlive/texmf-dist/tex/latex/amsfonts/amssymb.sty
(/usr/share/texlive/texmf-dist/tex/latex/amsfonts/amsfonts.sty))
(/usr/share/texlive/texmf-dist/tex/latex/amscls/amsthm.sty)
(/usr/share/texlive/texmf-dist/tex/latex/natbib/natbib.sty)
(/usr/share/texlive/texmf-dist/tex/latex/hyperref/hyperref.sty
(/usr/share/texlive/texmf-dist/tex/generic/ltxcmds/ltxcmds.sty)
(/usr/share/texlive/texmf-dist/tex/generic/pdftexcmds/pdftexcmds.sty
(/usr/share/texlive/texmf-dist/tex/generic/infwarerr/infwarerr.sty))
(/usr/share/texlive/texmf-dist/tex/generic/kvsetkeys/kvsetkeys.sty)
(/usr/share/texlive/texmf-dist/tex/generic/kvdefinekeys/kvdefinekeys.sty)
(/usr/share/texlive/texmf-dist/tex/generic/pdfescape/pdfescape.sty)
(/usr/share/texlive/texmf-dist/tex/latex/hycolor/hycolor.sty)
(/usr/share/texlive/texmf-dist/tex/latex/letltxmacro/letltxmacro.sty)
(/usr/share/texlive/texmf-dist/tex/latex/auxhook/auxhook.sty)
(/usr/share/texlive/texmf-dist/tex/latex/kvoptions/kvoptions.sty)
(/usr/share/texlive/texmf-dist/tex/latex/hyperref/pd1enc.def)
(/usr/share/texlive/texmf-dist/tex/latex/hyperref/hyperref-langpatches.def)
(/usr/share/texlive/texmf-dist/tex/generic/intcalc/intcalc.sty)
(/usr/share/texlive/texmf-dist/tex/generic/etexcmds/etexcmds.sty)
(/usr/share/texlive/texmf-dist/tex/latex/hyperref/puenc.def)
(/usr/share/texlive/texmf-dist/tex/latex/url/url.sty)
(/usr/share/texlive/texmf-dist/tex/generic/bitset/bitset.sty
(/usr/share/texlive/texmf-dist/tex/generic/bigintcalc/bigintcalc.sty))
(/usr/share/texlive/texmf-dist/tex/latex/base/atbegshi-ltx.sty))
(/usr/share/texlive/texmf-dist/tex/latex/hyperref/hpdftex.def
(/usr/share/texlive/texmf-dist/tex/latex/base/atveryend-ltx.sty)
(/usr/share/texlive/texmf-dist/tex/latex/rerunfilecheck/rerunfilecheck.sty
(/usr/share/texlive/texmf-dist/tex/generic/uniquecounter/uniquecounter.sty)))
(./math_commands.tex)
(/usr/share/texlive/texmf-dist/tex/latex/l3backend/l3backend-pdftex.def)
No file main.aux.
*geometry* driver: auto-detecting
*geometry* detected driver: pdftex
(/usr/share/texlive/texmf-dist/tex/latex/hyperref/nameref.sty
(/usr/share/texlive/texmf-dist/tex/latex/refcount/refcount.sty)
(/usr/share/texlive/texmf-dist/tex/generic/gettitlestring/gettitlestring.sty))
(/usr/share/texmf/tex/latex/lm/ot1lmr.fd)
(/usr/share/texmf/tex/latex/lm/omllmm.fd)
(/usr/share/texmf/tex/latex/lm/omslmsy.fd)
(/usr/share/texmf/tex/latex/lm/omxlmex.fd)
(/usr/share/texlive/texmf-dist/tex/latex/amsfonts/umsa.fd)
(/usr/share/texlive/texmf-dist/tex/latex/amsfonts/umsb.fd)
(./sections/0_abstract.tex) (./sections/1_introduction.tex [1{/var/lib/texmf/fo
nts/map/pdftex/updmap/pdftex.map}]

LaTeX Warning: Reference `thm:bounded-primitive' on page 2 undefined on input l
ine 63.


LaTeX Warning: Reference `cor:rational-reduction' on page 2 undefined on input 
line 64.


LaTeX Warning: Reference `thm:hilbert' on page 2 undefined on input line 67.


LaTeX Warning: Reference `thm:periodic-test' on page 2 undefined on input line 
84.


LaTeX Warning: Reference `thm:effective-period' on page 2 undefined on input li
ne 84.


LaTeX Warning: Reference `thm:sharp-threshold' on page 2 undefined on input lin
e 85.


LaTeX Warning: Reference `sec:symplectic-lift' on page 2 undefined on input lin
e 92.


LaTeX Warning: Reference `thm:univariate' on page 2 undefined on input line 95.



LaTeX Warning: Reference `thm:lift-field' on page 2 undefined on input line 95.



LaTeX Warning: Reference `eq:intro-scheme-test' on page 2 undefined on input li
ne 108.


Package natbib Warning: Citation `Bousch1992HenonAlgebras' on page 2 undefined 
on input line 113.

[2]

Package natbib Warning: Citation `PollicottSharp2004FiniteLivsic' on page 3 und
efined on input line 128.


Package natbib Warning: Citation `GouezelLefeuvre2021FiniteLivsic' on page 3 un
defined on input line 131.


Package natbib Warning: Citation `Schneider2016DifferenceRings' on page 3 undef
ined on input line 142.


Package natbib Warning: Citation `CerveauDeserti2018Contact' on page 3 undefine
d on input line 144.


LaTeX Warning: Reference `sec:orbit-algebras' on page 3 undefined on input line
 151.


LaTeX Warning: Reference `sec:hilbert-series' on page 3 undefined on input line
 151.


LaTeX Warning: Reference `sec:periodic-detection' on page 3 undefined on input 
line 153.


LaTeX Warning: Reference `sec:effective-periods' on page 3 undefined on input l
ine 153.


LaTeX Warning: Reference `sec:univariate-rigidity' on page 3 undefined on input
 line 155.


LaTeX Warning: Reference `sec:symplectic-lift' on page 3 undefined on input lin
e 155.

) (./sections/2_orbit_algebras.tex

Package natbib Warning: Citation `Bousch1992HenonAlgebras' on page 3 undefined 
on input line 6.

[3] [4]

LaTeX Warning: Reference `eq:orbit-recurrence' on page 5 undefined on input lin
e 115.


LaTeX Warning: Reference `eq:standard-orbit-monomials' on page 5 undefined on i
nput line 129.


LaTeX Warning: Reference `eq:macro-shift' on page 5 undefined on input line 151
.


LaTeX Warning: Reference `eq:orbit-recurrence' on page 5 undefined on input lin
e 152.


LaTeX Warning: Reference `eq:pure-power-rewrite' on page 5 undefined on input l
ine 159.


LaTeX Warning: Reference `eq:pure-power-rewrite' on page 5 undefined on input l
ine 205.


LaTeX Warning: Reference `eq:common-multiple-reduction' on page 5 undefined on 
input line 208.


LaTeX Warning: Reference `thm:orbit-basis' on page 5 undefined on input line 21
0.

[5]

LaTeX Warning: Reference `eq:fixed-scheme-ideal' on page 6 undefined on input l
ine 227.


LaTeX Warning: Reference `prop:macro-shift' on page 6 undefined on input line 2
29.

) (./sections/3_filtered_primitives.tex

LaTeX Warning: Reference `sec:orbit-algebras' on page 6 undefined on input line
 4.

[6]

LaTeX Warning: Reference `eq:orbit-recurrence' on page 7 undefined on input lin
e 55.


LaTeX Warning: Reference `eq:word-highest-term' on page 7 undefined on input li
ne 68.


LaTeX Warning: Reference `eq:degree-no-cancellation' on page 7 undefined on inp
ut line 84.


LaTeX Warning: Reference `eq:orbit-coefficients' on page 7 undefined on input l
ine 118.

[7]

LaTeX Warning: Reference `eq:cumulative-primitive' on page 8 undefined on input
 line 137.


LaTeX Warning: Reference `eq:cumulative-primitive' on page 8 undefined on input
 line 175.


LaTeX Warning: Reference `eq:phase-weights' on page 8 undefined on input line 1
83.


LaTeX Warning: Reference `prop:macro-shift' on page 8 undefined on input line 2
03.


LaTeX Warning: Reference `lem:degree-basis' on page 8 undefined on input line 2
04.

[8]

LaTeX Warning: Reference `eq:orbit-coefficients' on page 9 undefined on input l
ine 220.


LaTeX Warning: Reference `lem:degree-basis' on page 9 undefined on input line 2
20.


LaTeX Warning: Reference `thm:orbit-obstructions' on page 9 undefined on input 
line 235.

[9]

LaTeX Warning: Reference `eq:rational-fixed-field' on page 10 undefined on inpu
t line 311.


LaTeX Warning: Reference `thm:bounded-primitive' on page 10 undefined on input 
line 312.

) (./sections/4_hilbert_series.tex

LaTeX Warning: Reference `thm:bounded-primitive' on page 10 undefined on input 
line 18.


LaTeX Warning: Reference `thm:bounded-primitive' on page 10 undefined on input 
line 44.


LaTeX Warning: Reference `eq:two-degree-count' on page 10 undefined on input li
ne 53.

[10]

LaTeX Warning: Reference `lem:degree-basis' on page 11 undefined on input line 
89.


LaTeX Warning: Reference `eq:henon-composition' on page 11 undefined on input l
ine 103.


LaTeX Warning: Reference `eq:two-macro-degrees' on page 11 undefined on input l
ine 125.

[11]

LaTeX Warning: Reference `eq:two-degree-count' on page 12 undefined on input li
ne 177.


LaTeX Warning: Reference `eq:filtered-dimension' on page 12 undefined on input 
line 179.


LaTeX Warning: Reference `eq:exact-two-degree-series' on page 12 undefined on i
nput line 188.


LaTeX Warning: Reference `eq:general-hilbert-series' on page 12 undefined on in
put line 189.


LaTeX Warning: Reference `eq:general-hilbert-series' on page 12 undefined on in
put line 216.


LaTeX Warning: Reference `eq:scalar-hilbert-series' on page 12 undefined on inp
ut line 217.


LaTeX Warning: Reference `eq:scalar-cumulative-growth' on page 12 undefined on 
input line 230.

[12]) (./sections/5_periodic_detection.tex

LaTeX Warning: Reference `thm:orbit-obstructions' on page 13 undefined on input
 line 4.


LaTeX Warning: Reference `prop:periodic-algebra' on page 13 undefined on input 
line 27.

[13]

LaTeX Warning: Reference `thm:orbit-obstructions' on page 14 undefined on input
 line 104.


LaTeX Warning: Reference `cor:rational-reduction' on page 14 undefined on input
 line 105.


LaTeX Warning: Reference `thm:bounded-primitive' on page 14 undefined on input 
line 107.

[14]

LaTeX Warning: Reference `lem:no-alias' on page 15 undefined on input line 125.



LaTeX Warning: Reference `thm:periodic-test' on page 15 undefined on input line
 143.

) (./sections/6_effective_periods.tex

LaTeX Warning: Reference `thm:periodic-test' on page 15 undefined on input line
 4.


LaTeX Warning: Reference `eq:phase-weights' on page 15 undefined on input line 
12.

[15]

LaTeX Warning: Reference `lem:degree-basis' on page 16 undefined on input line 
33.


LaTeX Warning: Reference `lem:degree-basis' on page 16 undefined on input line 
47.


LaTeX Warning: Reference `prop:exact-span' on page 16 undefined on input line 1
08.

[16]

LaTeX Warning: Reference `thm:periodic-test' on page 17 undefined on input line
 120.


LaTeX Warning: Reference `prop:exact-span' on page 17 undefined on input line 1
33.


LaTeX Warning: Reference `thm:periodic-test' on page 17 undefined on input line
 133.


LaTeX Warning: Reference `prop:periodic-algebra' on page 17 undefined on input 
line 153.


LaTeX Warning: Reference `thm:effective-period' on page 17 undefined on input l
ine 180.

[17]

LaTeX Warning: Reference `lem:degree-basis' on page 18 undefined on input line 
205.


LaTeX Warning: Reference `thm:orbit-obstructions' on page 18 undefined on input
 line 221.


LaTeX Warning: Reference `prop:scalar-span' on page 18 undefined on input line 
235.


LaTeX Warning: Reference `thm:effective-period' on page 18 undefined on input l
ine 236.


LaTeX Warning: Reference `thm:periodic-test' on page 18 undefined on input line
 265.

[18]

LaTeX Warning: Reference `thm:periodic-test' on page 19 undefined on input line
 279.


LaTeX Warning: Reference `lem:no-alias' on page 19 undefined on input line 286.



LaTeX Warning: Reference `thm:periodic-test' on page 19 undefined on input line
 299.


LaTeX Warning: Reference `thm:bounded-primitive' on page 19 undefined on input 
line 342.

) (./sections/7_univariate_rigidity.tex [19]

LaTeX Warning: Reference `cor:rational-reduction' on page 20 undefined on input
 line 67.

[20]

LaTeX Warning: Reference `eq:univariate-reflection-equation' on page 21 undefin
ed on input line 96.


LaTeX Warning: Reference `eq:reflection-invariant-ring' on page 21 undefined on
 input line 100.


LaTeX Warning: Reference `eq:exchange-antisymmetry' on page 21 undefined on inp
ut line 101.


LaTeX Warning: Reference `eq:invariant-highest-cone' on page 21 undefined on in
put line 110.


LaTeX Warning: Reference `eq:mixed-derivative-antisymmetry' on page 21 undefine
d on input line 118.


LaTeX Warning: Reference `eq:derivative-cone' on page 21 undefined on input lin
e 120.


LaTeX Warning: Reference `eq:exchange-antisymmetry' on page 21 undefined on inp
ut line 132.


LaTeX Warning: Reference `eq:univariate-classification' on page 21 undefined on
 input line 159.

) (./sections/8_symplectic_lift.tex [21]

LaTeX Warning: Reference `sec:univariate-rigidity' on page 22 undefined on inpu
t line 12.


LaTeX Warning: Reference `eq:symplectic-lift' on page 22 undefined on input lin
e 33.


LaTeX Warning: Reference `cor:rational-reduction' on page 22 undefined on input
 line 47.


Package natbib Warning: Citation `Schneider2016DifferenceRings' on page 22 unde
fined on input line 57.

[22]

LaTeX Warning: Reference `eq:additive-semiinvariants' on page 23 undefined on i
nput line 94.


LaTeX Warning: Reference `eq:leading-coefficient-ratio' on page 23 undefined on
 input line 131.


LaTeX Warning: Reference `eq:additive-fixed-field' on page 23 undefined on inpu
t line 135.


Package natbib Warning: Citation `CerveauDeserti2018Contact' on page 23 undefin
ed on input line 139.


LaTeX Warning: Reference `eq:symplectic-lift' on page 23 undefined on input lin
e 141.


LaTeX Warning: Reference `thm:univariate' on page 23 undefined on input line 14
3.


LaTeX Warning: Reference `eq:symplectic-lift' on page 23 undefined on input lin
e 147.

[23]

LaTeX Warning: Reference `eq:lift-henon-coordinates' on page 24 undefined on in
put line 161.


LaTeX Warning: Reference `lem:additive-extension' on page 24 undefined on input
 line 163.


LaTeX Warning: Reference `thm:univariate' on page 24 undefined on input line 16
8.


LaTeX Warning: Reference `eq:lift-fixed-field' on page 24 undefined on input li
ne 176.


LaTeX Warning: Reference `eq:lift-fixed-field' on page 24 undefined on input li
ne 179.


LaTeX Warning: Reference `eq:translation-coordinates' on page 24 undefined on i
nput line 204.


LaTeX Warning: Reference `sec:hilbert-series' on page 24 undefined on input lin
e 205.


LaTeX Warning: Reference `eq:translation-potential' on page 24 undefined on inp
ut line 238.


LaTeX Warning: Reference `eq:translation-potential' on page 24 undefined on inp
ut line 239.

[24]

LaTeX Warning: Reference `eq:translation-coordinates' on page 25 undefined on i
nput line 242.


LaTeX Warning: Reference `eq:symplectic-lift' on page 25 undefined on input lin
e 260.


LaTeX Warning: Reference `eq:decoupled-lift' on page 25 undefined on input line
 265.


LaTeX Warning: Reference `eq:translation-potential' on page 25 undefined on inp
ut line 271.


LaTeX Warning: Reference `eq:symplectic-lift' on page 25 undefined on input lin
e 277.


LaTeX Warning: Reference `eq:lift-fixed-field' on page 25 undefined on input li
ne 284.


LaTeX Warning: Reference `eq:invariant-field-poisson' on page 25 undefined on i
nput line 303.

[25]) [26]
No file main.bbl.

Package natbib Warning: There were undefined citations.

(./main.aux)

LaTeX Warning: There were undefined references.


LaTeX Warning: Label(s) may have changed. Rerun to get cross-references right.


Package rerunfilecheck Warning: File `main.out' has changed.
(rerunfilecheck)                Rerun to get outlines right
(rerunfilecheck)                or use package `bookmark'.

 ){/usr/share/texmf/fonts/enc/dvips/lm/lm-rm.enc}{/usr/share/texmf/fonts/enc/dv
ips/lm/lm-mathsy.enc}{/usr/share/texmf/fonts/enc/dvips/lm/lm-mathit.enc}{/usr/s
hare/texmf/fonts/enc/dvips/lm/lm-ec.enc}{/usr/share/texmf/fonts/enc/dvips/lm/lm
-mathex.enc}</usr/share/texmf/fonts/type1/public/lm/lmbx10.pfb></usr/share/texm
f/fonts/type1/public/lm/lmbx12.pfb></usr/share/texmf/fonts/type1/public/lm/lmex
10.pfb></usr/share/texmf/fonts/type1/public/lm/lmmi10.pfb></usr/share/texmf/fon
ts/type1/public/lm/lmmi6.pfb></usr/share/texmf/fonts/type1/public/lm/lmmi8.pfb>
</usr/share/texmf/fonts/type1/public/lm/lmr10.pfb></usr/share/texmf/fonts/type1
/public/lm/lmr12.pfb></usr/share/texmf/fonts/type1/public/lm/lmr17.pfb></usr/sh
are/texmf/fonts/type1/public/lm/lmr6.pfb></usr/share/texmf/fonts/type1/public/l
m/lmr7.pfb></usr/share/texmf/fonts/type1/public/lm/lmr8.pfb></usr/share/texmf/f
onts/type1/public/lm/lmri10.pfb></usr/share/texmf/fonts/type1/public/lm/lmsy10.
pfb></usr/share/texmf/fonts/type1/public/lm/lmsy6.pfb></usr/share/texmf/fonts/t
ype1/public/lm/lmsy8.pfb></usr/share/texlive/texmf-dist/fonts/type1/public/amsf
onts/symbols/msbm10.pfb>
Output written on main.pdf (26 pages, 405348 bytes).
Transcript written on main.log.
