{
  "assertions": 7530194,
  "checks": {
    "CCA_literal_separator": 1,
    "ablation_cover": 1,
    "ablation_excluded_cover": 1,
    "ablation_excluded_nonisolated": 1,
    "ablation_excluded_predecessor": 1,
    "ablation_nonisolated": 1,
    "ablation_predecessor": 1,
    "all_equality_targets": 274872,
    "all_time_coordinate_formula": 2765281,
    "exact_period": 275093,
    "first_conflict_from_floyd": 275093,
    "global_fibre_attainment": 19,
    "global_height_attainment": 19,
    "height_from_floyd": 275093,
    "held_set_exact_inverse": 275093,
    "orientation_not_reversed": 1,
    "permanent_activation": 2765281,
    "proper_coloring_holds": 1,
    "recurrent_not_constant": 1,
    "sharp_graph_targets": 1152,
    "sharp_path_arrival": 117,
    "sharp_path_literal": 5148,
    "static_cover_equality": 33868,
    "static_cover_upper": 33868,
    "uniform_fibre": 275093,
    "uniform_height": 275093,
    "weighted_not_unweighted": 1
  },
  "dynamics": [
    {
      "extremal_graph_targets": 1,
      "max_fibre": 1,
      "max_height": 0,
      "n": 0,
      "periods": [
        1
      ],
      "q": 3,
      "sources": 1
    },
    {
      "extremal_graph_targets": 3,
      "max_fibre": 1,
      "max_height": 0,
      "n": 1,
      "periods": [
        1
      ],
      "q": 3,
      "sources": 3
    },
    {
      "extremal_graph_targets": 18,
      "max_fibre": 1,
      "max_height": 0,
      "n": 2,
      "periods": [
        1,
        3
      ],
      "q": 3,
      "sources": 18
    },
    {
      "extremal_graph_targets": 3,
      "max_fibre": 4,
      "max_height": 2,
      "n": 3,
      "periods": [
        1,
        3
      ],
      "q": 3,
      "sources": 216
    },
    {
      "extremal_graph_targets": 12,
      "max_fibre": 7,
      "max_height": 4,
      "n": 4,
      "periods": [
        1,
        3
      ],
      "q": 3,
      "sources": 5184
    },
    {
      "extremal_graph_targets": 15,
      "max_fibre": 15,
      "max_height": 6,
      "n": 5,
      "periods": [
        1,
        3
      ],
      "q": 3,
      "sources": 248832
    },
    {
      "extremal_graph_targets": 1,
      "max_fibre": 1,
      "max_height": 0,
      "n": 0,
      "periods": [
        1
      ],
      "q": 4,
      "sources": 1
    },
    {
      "extremal_graph_targets": 4,
      "max_fibre": 1,
      "max_height": 0,
      "n": 1,
      "periods": [
        1
      ],
      "q": 4,
      "sources": 4
    },
    {
      "extremal_graph_targets": 32,
      "max_fibre": 1,
      "max_height": 0,
      "n": 2,
      "periods": [
        1,
        4
      ],
      "q": 4,
      "sources": 32
    },
    {
      "extremal_graph_targets": 4,
      "max_fibre": 4,
      "max_height": 3,
      "n": 3,
      "periods": [
        1,
        4
      ],
      "q": 4,
      "sources": 512
    },
    {
      "extremal_graph_targets": 16,
      "max_fibre": 7,
      "max_height": 6,
      "n": 4,
      "periods": [
        1,
        4
      ],
      "q": 4,
      "sources": 16384
    },
    {
      "extremal_graph_targets": 1,
      "max_fibre": 1,
      "max_height": 0,
      "n": 0,
      "periods": [
        1
      ],
      "q": 5,
      "sources": 1
    },
    {
      "extremal_graph_targets": 5,
      "max_fibre": 1,
      "max_height": 0,
      "n": 1,
      "periods": [
        1
      ],
      "q": 5,
      "sources": 5
    },
    {
      "extremal_graph_targets": 50,
      "max_fibre": 1,
      "max_height": 0,
      "n": 2,
      "periods": [
        1,
        5
      ],
      "q": 5,
      "sources": 50
    },
    {
      "extremal_graph_targets": 5,
      "max_fibre": 4,
      "max_height": 4,
      "n": 3,
      "periods": [
        1,
        5
      ],
      "q": 5,
      "sources": 1000
    },
    {
      "extremal_graph_targets": 1,
      "max_fibre": 1,
      "max_height": 0,
      "n": 0,
      "periods": [
        1
      ],
      "q": 7,
      "sources": 1
    },
    {
      "extremal_graph_targets": 7,
      "max_fibre": 1,
      "max_height": 0,
      "n": 1,
      "periods": [
        1
      ],
      "q": 7,
      "sources": 7
    },
    {
      "extremal_graph_targets": 98,
      "max_fibre": 1,
      "max_height": 0,
      "n": 2,
      "periods": [
        1,
        7
      ],
      "q": 7,
      "sources": 98
    },
    {
      "extremal_graph_targets": 7,
      "max_fibre": 4,
      "max_height": 6,
      "n": 3,
      "periods": [
        1,
        7
      ],
      "q": 7,
      "sources": 2744
    }
  ],
  "enumeration_sha256": "93584703f8491bb0fb9d8e7273fdb38134f049c759937d0df0806a0db7972a6f",
  "external_status": "HOLD_EXTERNAL",
  "sharp_paths": 117,
  "statics": [
    {
      "extremizers": 1,
      "graphs": 1,
      "maximum": 1,
      "n": 0
    },
    {
      "extremizers": 1,
      "graphs": 1,
      "maximum": 1,
      "n": 1
    },
    {
      "extremizers": 2,
      "graphs": 2,
      "maximum": 1,
      "n": 2
    },
    {
      "extremizers": 1,
      "graphs": 8,
      "maximum": 4,
      "n": 3
    },
    {
      "extremizers": 4,
      "graphs": 64,
      "maximum": 7,
      "n": 4
    },
    {
      "extremizers": 5,
      "graphs": 1024,
      "maximum": 15,
      "n": 5
    },
    {
      "extremizers": 6,
      "graphs": 32768,
      "maximum": 31,
      "n": 6
    }
  ],
  "status": "PASS_INDEPENDENT_BOUNDED_CCI_GATE"
}
