/root/autodl-tmp/hilbert-polya-structure/symbolic_dynamics/docs/papers167_171_sequence/scouting/mip_hostile_gate/PROOF_REDERIVATION.md:61:has no repetitions.  In the functional digraph with arrow `i -> g(i)`, each
/root/autodl-tmp/hilbert-polya-structure/symbolic_dynamics/docs/papers97_101_sequence/phase1/CANDIDATE_POOL_AND_KILL_LEDGER.md:151:| full transformation monoid squaring | `KILL_FIREWALL_OWNER_RISK` | attractive fixed formulas reduce to generic functional-digraph census, explicitly excluded this round; transformation-semigroup index/period owners are close |
/root/autodl-tmp/hilbert-polya-structure/symbolic_dynamics/docs/papers92_96_sequence/phase1/CANDIDATE_POOL_AND_KILL_LEDGER.md:134:| multiplicative Fibonacci map `(a,b)->(b,ab)` over `F_q` | `KILL_OWNER_AND_INTERNAL` | monomial finite-system work owns the support/core and logarithmic linearization; the remaining SNF ledger overlaps P70 and the transient-core story overlaps P90 |
/root/autodl-tmp/hilbert-polya-structure/symbolic_dynamics/docs/papers117_121_sequence/scouting/STOCHASTIC_PHASE2B_SCOUT.md:347:  Flajolet--Gourdon--Martinez own the random-BST split, Riccati-linearization,
/root/autodl-tmp/hilbert-polya-structure/symbolic_dynamics/docs/papers117_121_sequence/scouting/STOCHASTIC_PHASE2B_SCOUT.md:359:  order, random-BST splitting, moment Riccati hierarchy, Euler linearization,
/root/autodl-tmp/hilbert-polya-structure/symbolic_dynamics/docs/papers162_166_sequence/scouting/open_fresh_p166_round8/SCOUT.md:250:The primary search found generic functional-digraph, full-transformation
/root/autodl-tmp/hilbert-polya-structure/symbolic_dynamics/docs/papers122_126_sequence/scouting/root/SCOUT.md:28:| X07 | replace a functional digraph by the multiplicities of its indegrees | inventory cycles after one projection | kill: direct inventory engine |
/root/autodl-tmp/hilbert-polya-structure/symbolic_dynamics/docs/papers162_166_sequence/scouting/degree_feedback_jump/SCOUT.md:9:DFJ has three clean all-parameter observations: monotone functional-digraph
/root/autodl-tmp/hilbert-polya-structure/symbolic_dynamics/docs/papers162_166_sequence/scouting/degree_feedback_jump/SCOUT.md:78:dividing `d_f(v)`.  It follows that a fixed functional digraph has height at
/root/autodl-tmp/hilbert-polya-structure/symbolic_dynamics/docs/papers162_166_sequence/scouting/replacement_crossclass/SCOUT.md:90:| `F03 FSQ` | full transformation monoid; `f -> f composed with f` | exact pointwise preperiod and period from tree height and cycle lcm | fixed counts have an explicit functional-digraph sum | directly surrounded by full-transformation powers/roots; generic power ban | **`KILL_DIRECT_POWER_OWNER`** |
/root/autodl-tmp/hilbert-polya-structure/symbolic_dynamics/docs/papers162_166_sequence/scouting/replacement_crossclass/SCOUT.md:213:For `FSQ`, let `H(f)` be the maximum in-tree height of a functional digraph and
/root/autodl-tmp/hilbert-polya-structure/symbolic_dynamics/docs/papers162_166_sequence/scouting/replacement_crossclass/SCOUT.md:236:five.  They are nevertheless standard power/functional-digraph consequences,
/root/autodl-tmp/hilbert-polya-structure/symbolic_dynamics/papers/19-stationary-semiring-sieve-shift/sections/7_pruning_no_go.tex:110:Every outdegree-one verifier graph is a functional digraph whose recurrent
/root/autodl-tmp/hilbert-polya-structure/symbolic_dynamics/docs/papers162_166_sequence/scouting/open_fresh_p166_round8/IDEA_LEDGER.md:39:| `MIP` | endofunctions `f:[n]->[n]`; symbol `i` points to its least preimage, or to itself when absent | sharp tail `2n-2`, only periods `1,2`, recurrent/fixed EGFs, zeta, and an every-target fibre formula with Bell extremum | no literal owner found in bounded primary search; generalized inverses, functional digraphs and restricted-growth/Bell facts are zero-credit; KRR/P143/DFJ firewalls survive | **`GREEN_OWNER_THIN`** |
/root/autodl-tmp/hilbert-polya-structure/symbolic_dynamics/docs/papers132_136_sequence/replacement_scout/combinatorial/SCOUT.md:75:Let `f:[n]->[n]`.  Every weak component of its functional digraph consists of
/root/autodl-tmp/hilbert-polya-structure/symbolic_dynamics/docs/papers132_136_sequence/replacement_scout/combinatorial/SCOUT.md:305:the factor `(n-k)n^(k-1)`.  Joyal, Heilman, and the modern functional-digraph
/root/autodl-tmp/hilbert-polya-structure/symbolic_dynamics/docs/papers132_136_sequence/replacement_scout/combinatorial/SCOUT.md:307:Porreca, and Timofeeva's 2024 generation paper confirms that functional-digraph
/root/autodl-tmp/hilbert-polya-structure/symbolic_dynamics/docs/papers132_136_sequence/replacement_scout/combinatorial/SCOUT.md:309:[*Polynomial-delay generation of functional digraphs up to
/root/autodl-tmp/hilbert-polya-structure/symbolic_dynamics/docs/papers132_136_sequence/replacement_scout/combinatorial/SCOUT.md:316:`leaf-to-loop endofunction`, `asynchronous functional-digraph pruning to a
/root/autodl-tmp/hilbert-polya-structure/symbolic_dynamics/papers/16-equivariant-cycle-index-determinant/PROOF_PACKAGE.md:170:linearization,
/root/autodl-tmp/hilbert-polya-structure/symbolic_dynamics/papers/179-random-singleton-isolation/qa_history/intermediate_round2_cold_build_1/main.tex:60:where the same notation denotes the linearization on the basis $\Pn$.
/root/autodl-tmp/hilbert-polya-structure/symbolic_dynamics/papers/179-random-singleton-isolation/qa_final/cold_build_2/main.tex:60:where the same notation denotes the linearization on the basis $\Pn$.
/root/autodl-tmp/hilbert-polya-structure/symbolic_dynamics/papers/179-random-singleton-isolation/main.tex:60:where the same notation denotes the linearization on the basis $\Pn$.
/root/autodl-tmp/hilbert-polya-structure/symbolic_dynamics/docs/papers157_161_sequence/scouting/combinatorial/SCOUT.md:186:  core of the functional digraph; the pointwise clock is the largest rooted
/root/autodl-tmp/hilbert-polya-structure/symbolic_dynamics/docs/papers157_161_sequence/scouting/combinatorial/SCOUT.md:188:- **Independent second theorem axis.** Refine rooted-functional-digraph species
/root/autodl-tmp/hilbert-polya-structure/symbolic_dynamics/papers/179-random-singleton-isolation/qa_final/cold_build_1/main.tex:60:where the same notation denotes the linearization on the basis $\Pn$.
/root/autodl-tmp/hilbert-polya-structure/symbolic_dynamics/docs/papers162_166_sequence/scouting/replacement_adaptive_maps/SCOUT.md:72:| `EIC` | conjugate an endofunction by a label rotation raised to its image size | `n=5`: 120 fixed states and 601 five-cycles | image rank is conjugacy invariant | functional-digraph relabelling only; singleton fibres | `KILL_ENDOFUNCTION_ACTION_ONLY` |
/root/autodl-tmp/hilbert-polya-structure/symbolic_dynamics/papers/16-equivariant-cycle-index-determinant/sections/4_burnside_certificate.tex:94:Under permutation linearization,
/root/autodl-tmp/hilbert-polya-structure/symbolic_dynamics/papers/114-rooted-forest-leaf-peeling/main.tex:152:child has height at most $a-1$, and induction says that the last child
/root/autodl-tmp/hilbert-polya-structure/docs/papers204_208_sequence/scouting/graph_algebra_fifth/SCOUT_REPORT.md:64:  static counting primitive, not a linearization of the feedback.
/root/autodl-tmp/hilbert-polya-structure/docs/papers204_208_sequence/scouting/graph_algebra_fifth/PROOF_BOUNDARIES.md:85:is not a linearization of the noncommutative carrier.
/root/autodl-tmp/hilbert-polya-structure/symbolic_dynamics/papers/19-stationary-semiring-sieve-shift/PROOF_PACKAGE.md:236:An outdegree-one verifier graph is a functional digraph: recurrent
/root/autodl-tmp/symbolic_dynamics/docs/papers204_208_sequence/scouting/graph_algebra_fifth/SCOUT_REPORT.md:64:  static counting primitive, not a linearization of the feedback.
/root/autodl-tmp/symbolic_dynamics/docs/papers97_101_sequence/phase1/CANDIDATE_POOL_AND_KILL_LEDGER.md:151:| full transformation monoid squaring | `KILL_FIREWALL_OWNER_RISK` | attractive fixed formulas reduce to generic functional-digraph census, explicitly excluded this round; transformation-semigroup index/period owners are close |
/root/autodl-tmp/symbolic_dynamics/docs/papers204_208_sequence/scouting/set_partition_sixth/INTAKE.md:53:- graph power, odd-path parity/inverse linearization, lower shadows and
/root/autodl-tmp/symbolic_dynamics/docs/papers122_126_sequence/scouting/root/SCOUT.md:28:| X07 | replace a functional digraph by the multiplicities of its indegrees | inventory cycles after one projection | kill: direct inventory engine |
/root/autodl-tmp/symbolic_dynamics/docs/papers92_96_sequence/phase1/CANDIDATE_POOL_AND_KILL_LEDGER.md:134:| multiplicative Fibonacci map `(a,b)->(b,ab)` over `F_q` | `KILL_OWNER_AND_INTERNAL` | monomial finite-system work owns the support/core and logarithmic linearization; the remaining SNF ledger overlaps P70 and the transient-core story overlaps P90 |
/root/autodl-tmp/hilbert-polya-structure/symbolic_dynamics/papers/179-random-singleton-isolation/qa_history/intermediate_round2_cold_build_2/main.tex:60:where the same notation denotes the linearization on the basis $\Pn$.
/root/autodl-tmp/symbolic_dynamics/docs/papers117_121_sequence/scouting/STOCHASTIC_PHASE2B_SCOUT.md:347:  Flajolet--Gourdon--Martinez own the random-BST split, Riccati-linearization,
/root/autodl-tmp/symbolic_dynamics/docs/papers117_121_sequence/scouting/STOCHASTIC_PHASE2B_SCOUT.md:359:  order, random-BST splitting, moment Riccati hierarchy, Euler linearization,
/root/autodl-tmp/hilbert-polya-structure/symbolic_dynamics/papers/179-random-singleton-isolation/qa_history/round1_cold_build_2/main.tex:60:where the same notation denotes the linearization on the basis $\Pn$.
/root/autodl-tmp/hilbert-polya-structure/symbolic_dynamics/docs/papers157_161_sequence/scouting/p160_replacement_alt/SCOUT_AND_KILL_LEDGER.md:34:| `FIP` | functional digraphs; delete all zero-indegree vertices in parallel | on five labels: 3,125 maps, tails `0:120,1:1185,2:1160,3:540,4:120` | `KILL_GENERIC_GRAPH_PRUNING`; standard cyclic-core peeling, too close to the permanent pruning exclusion |
/root/autodl-tmp/hilbert-polya-structure/symbolic_dynamics/papers/167-minimum-inverse-position-feedback/main.tex:85:classical \cite{BeanEtAl2026}, as are functional-digraph decomposition
/root/autodl-tmp/hilbert-polya-structure/symbolic_dynamics/papers/167-minimum-inverse-position-feedback/main.tex:194:$\{g(i):g(i)\ne i\}$ are distinct.  Its functional digraph therefore has
/root/autodl-tmp/hilbert-polya-structure/symbolic_dynamics/papers/121-random-product-plus-one-coalescence/main.tex:573:Cartesian trees, forest ideals, Riccati linearization, Pringsheim's theorem,
/root/autodl-tmp/hilbert-polya-structure/docs/papers204_208_sequence/scouting/set_partition_sixth/INTAKE.md:53:- graph power, odd-path parity/inverse linearization, lower shadows and
/root/autodl-tmp/symbolic_dynamics/docs/papers162_166_sequence/scouting/degree_feedback_jump/SCOUT.md:9:DFJ has three clean all-parameter observations: monotone functional-digraph
/root/autodl-tmp/symbolic_dynamics/docs/papers162_166_sequence/scouting/degree_feedback_jump/SCOUT.md:78:dividing `d_f(v)`.  It follows that a fixed functional digraph has height at
/root/autodl-tmp/symbolic_dynamics/papers/19-stationary-semiring-sieve-shift/PROOF_PACKAGE.md:236:An outdegree-one verifier graph is a functional digraph: recurrent
/root/autodl-tmp/symbolic_dynamics/docs/papers162_166_sequence/scouting/replacement_adaptive_maps/SCOUT.md:72:| `EIC` | conjugate an endofunction by a label rotation raised to its image size | `n=5`: 120 fixed states and 601 five-cycles | image rank is conjugacy invariant | functional-digraph relabelling only; singleton fibres | `KILL_ENDOFUNCTION_ACTION_ONLY` |
/root/autodl-tmp/symbolic_dynamics/docs/papers162_166_sequence/scouting/replacement_crossclass/SCOUT.md:90:| `F03 FSQ` | full transformation monoid; `f -> f composed with f` | exact pointwise preperiod and period from tree height and cycle lcm | fixed counts have an explicit functional-digraph sum | directly surrounded by full-transformation powers/roots; generic power ban | **`KILL_DIRECT_POWER_OWNER`** |
/root/autodl-tmp/symbolic_dynamics/docs/papers162_166_sequence/scouting/replacement_crossclass/SCOUT.md:213:For `FSQ`, let `H(f)` be the maximum in-tree height of a functional digraph and
/root/autodl-tmp/symbolic_dynamics/docs/papers162_166_sequence/scouting/replacement_crossclass/SCOUT.md:236:five.  They are nevertheless standard power/functional-digraph consequences,
/root/autodl-tmp/hilbert-polya-structure/symbolic_dynamics/papers/179-random-singleton-isolation/qa_history/round1_cold_build_1/main.tex:60:where the same notation denotes the linearization on the basis $\Pn$.
/root/autodl-tmp/symbolic_dynamics/papers/19-stationary-semiring-sieve-shift/sections/7_pruning_no_go.tex:110:Every outdegree-one verifier graph is a functional digraph whose recurrent
/root/autodl-tmp/symbolic_dynamics/papers/121-random-product-plus-one-coalescence/main.tex:573:Cartesian trees, forest ideals, Riccati linearization, Pringsheim's theorem,
/root/autodl-tmp/hilbert-polya-structure/docs/papers197_201_sequence/scouting/nonlinear_fifth_20260905/SCOUT_AND_DISPOSITION.md:116:- Matrix powers/Frobenius linearization, AA^T A, mutual conjugation, cyclic
/root/autodl-tmp/symbolic_dynamics/docs/papers157_161_sequence/scouting/p160_replacement_alt/SCOUT_AND_KILL_LEDGER.md:34:| `FIP` | functional digraphs; delete all zero-indegree vertices in parallel | on five labels: 3,125 maps, tails `0:120,1:1185,2:1160,3:540,4:120` | `KILL_GENERIC_GRAPH_PRUNING`; standard cyclic-core peeling, too close to the permanent pruning exclusion |
/root/autodl-tmp/symbolic_dynamics/papers/115-bounded-cartier-operator-dynamics/main.tex:696:scalars linearization, cyclic--nilpotent product theory, attached-tree
/root/autodl-tmp/hilbert-polya-structure/symbolic_dynamics/papers/115-bounded-cartier-operator-dynamics/main.tex:696:scalars linearization, cyclic--nilpotent product theory, attached-tree
/root/autodl-tmp/symbolic_dynamics/docs/papers132_136_sequence/replacement_scout/combinatorial/SCOUT.md:75:Let `f:[n]->[n]`.  Every weak component of its functional digraph consists of
/root/autodl-tmp/symbolic_dynamics/docs/papers132_136_sequence/replacement_scout/combinatorial/SCOUT.md:305:the factor `(n-k)n^(k-1)`.  Joyal, Heilman, and the modern functional-digraph
/root/autodl-tmp/symbolic_dynamics/docs/papers132_136_sequence/replacement_scout/combinatorial/SCOUT.md:307:Porreca, and Timofeeva's 2024 generation paper confirms that functional-digraph
/root/autodl-tmp/symbolic_dynamics/docs/papers132_136_sequence/replacement_scout/combinatorial/SCOUT.md:309:[*Polynomial-delay generation of functional digraphs up to
/root/autodl-tmp/symbolic_dynamics/docs/papers132_136_sequence/replacement_scout/combinatorial/SCOUT.md:316:`leaf-to-loop endofunction`, `asynchronous functional-digraph pruning to a
/root/autodl-tmp/symbolic_dynamics/papers/167-minimum-inverse-position-feedback/main.tex:85:classical \cite{BeanEtAl2026}, as are functional-digraph decomposition
/root/autodl-tmp/symbolic_dynamics/papers/167-minimum-inverse-position-feedback/main.tex:194:$\{g(i):g(i)\ne i\}$ are distinct.  Its functional digraph therefore has
/root/autodl-tmp/symbolic_dynamics/papers/114-rooted-forest-leaf-peeling/main.tex:152:child has height at most $a-1$, and induction says that the last child
/root/autodl-tmp/symbolic_dynamics/papers/179-random-singleton-isolation/qa_history/intermediate_round2_cold_build_1/main.tex:60:where the same notation denotes the linearization on the basis $\Pn$.
/root/autodl-tmp/symbolic_dynamics/papers/179-random-singleton-isolation/qa_history/round1_cold_build_2/main.tex:60:where the same notation denotes the linearization on the basis $\Pn$.
/root/autodl-tmp/symbolic_dynamics/docs/papers157_161_sequence/scouting/combinatorial/SCOUT.md:186:  core of the functional digraph; the pointwise clock is the largest rooted
/root/autodl-tmp/symbolic_dynamics/docs/papers157_161_sequence/scouting/combinatorial/SCOUT.md:188:- **Independent second theorem axis.** Refine rooted-functional-digraph species
/root/autodl-tmp/symbolic_dynamics/papers/179-random-singleton-isolation/main.tex:60:where the same notation denotes the linearization on the basis $\Pn$.
/root/autodl-tmp/symbolic_dynamics/papers/179-random-singleton-isolation/qa_history/intermediate_round2_cold_build_2/main.tex:60:where the same notation denotes the linearization on the basis $\Pn$.
/root/autodl-tmp/symbolic_dynamics/docs/papers162_166_sequence/scouting/open_fresh_p166_round8/SCOUT.md:250:The primary search found generic functional-digraph, full-transformation
/root/autodl-tmp/symbolic_dynamics/papers/179-random-singleton-isolation/qa_final/cold_build_1/main.tex:60:where the same notation denotes the linearization on the basis $\Pn$.
/root/autodl-tmp/symbolic_dynamics/papers/179-random-singleton-isolation/qa_final/cold_build_2/main.tex:60:where the same notation denotes the linearization on the basis $\Pn$.
/root/autodl-tmp/symbolic_dynamics/docs/papers162_166_sequence/scouting/open_fresh_p166_round8/IDEA_LEDGER.md:39:| `MIP` | endofunctions `f:[n]->[n]`; symbol `i` points to its least preimage, or to itself when absent | sharp tail `2n-2`, only periods `1,2`, recurrent/fixed EGFs, zeta, and an every-target fibre formula with Bell extremum | no literal owner found in bounded primary search; generalized inverses, functional digraphs and restricted-growth/Bell facts are zero-credit; KRR/P143/DFJ firewalls survive | **`GREEN_OWNER_THIN`** |
/root/autodl-tmp/symbolic_dynamics/papers/179-random-singleton-isolation/qa_history/round1_cold_build_1/main.tex:60:where the same notation denotes the linearization on the basis $\Pn$.
/root/autodl-tmp/symbolic_dynamics/papers/16-equivariant-cycle-index-determinant/sections/4_burnside_certificate.tex:94:Under permutation linearization,
/root/autodl-tmp/symbolic_dynamics/docs/papers204_208_sequence/scouting/graph_algebra_fifth/PROOF_BOUNDARIES.md:85:is not a linearization of the noncommutative carrier.
/root/autodl-tmp/symbolic_dynamics/docs/papers167_171_sequence/scouting/mip_hostile_gate/PROOF_REDERIVATION.md:61:has no repetitions.  In the functional digraph with arrow `i -> g(i)`, each
/root/autodl-tmp/symbolic_dynamics/papers/16-equivariant-cycle-index-determinant/PROOF_PACKAGE.md:170:linearization,
/root/autodl-tmp/symbolic_dynamics/docs/papers197_201_sequence/scouting/nonlinear_fifth_20260905/SCOUT_AND_DISPOSITION.md:116:- Matrix powers/Frobenius linearization, AA^T A, mutual conjugation, cyclic
