--- /root/autodl-tmp/symbolic_dynamics/docs/papers204_208_sequence/scouting/finite_systems_twenty_third/historical_inputs/docs/papers204_208_sequence/PIPELINE_STATE.md	2026-09-07 10:46:37.176571060 +0800
+++ /root/autodl-tmp/symbolic_dynamics/docs/papers204_208_sequence/scouting/finite_systems_twenty_third/postcheck/current_controls/docs/papers204_208_sequence/PIPELINE_STATE.md	2026-09-07 10:50:31.221216917 +0800
@@ -71,7 +71,7 @@
 | Twentieth algebra scout | twentieth_algebra_scout | sealed scouting/finite_systems_twentieth/ | root accepted exact three-attempt NO_FRESH_SLATE closure; 12/9/18 pins, zero scientific execution |
 | Independent FTH candidate gate | twentieth_algebra_scout | sealed scouting/FTH_GATE/ and root-pair preparation; now idle | GO_BOUNDED_CONTRACT, full 1,053-payload gate and root actual strict pair/closure admitted P209; not manuscript A/B |
 | Twenty-first bounded scout | nineteenth_finite_scout | sealed scouting/finite_systems_twenty_first/ | root full123/10+10+1 closure and original pair inspection complete; NED partial proof/source gap NO_PROMOTION |
-| Twenty-second bounded scout | nineteenth_finite_scout | sealed scouting/finite_systems_twenty_second/ | returned two NO_PROMOTION; root full original/479-payload inspection in progress |
+| Twenty-second bounded scout | nineteenth_finite_scout | sealed scouting/finite_systems_twenty_second/ | root full proof/source/code/479-payload and 16 historical-pin closure accepted NO_PROMOTION; no new math producer |
 | Twenty-third bounded scout | nineteenth_finite_scout | scouting/finite_systems_twenty_third/ only | disjoint final-seat desk assigned; no admission or new batch |
 | P209 author | p208_b_reviewer | papers/209-ordered-fibre-threading/ only | fresh anonymous short-note author package assigned after root admission; P209 author, ineligible to review P209 |
 
@@ -690,6 +690,14 @@
 are proof contributors; the new manuscript writer is also ineligible to
 review P209. The candidate assessor's familiarity remains disclosed.
 
+The [twenty-second root closure](scouting/TWENTY_SECOND_ROOT_INSPECTION.md)
+also passed: complete 479-payload package, 16 historical inputs/copies,
+3,548 discovery pins, all original 38,821 rows and actual raw pair
+comparison. ORR's proved Fibonacci maximum does not fill its missing
+nontrivial temporal axis; HXC's generic edge-count clock lacks an inverse
+residual and direct-owner clearance. Neither is promoted. Author
+runtime/provenance limitations remain; no terminal reuse key is conferred.
+
 The [contract index](FINAL_THEOREM_CONTRACTS.md) now has four retained,
 three complete and one unfilled seat. Its previous P208-audit input bytes
 are physically preserved in an exact historical snapshot before the
