/root/autodl-tmp/symbolic_dynamics/docs/papers204_208_sequence/scouting/finite_systems_twenty_third/historical_inputs/SYMBOLIC_DYNAMICS_STATE.md: OK
/root/autodl-tmp/symbolic_dynamics/docs/papers204_208_sequence/scouting/finite_systems_twenty_third/historical_inputs/docs/papers204_208_sequence/PIPELINE_STATE.md: OK
/root/autodl-tmp/symbolic_dynamics/docs/research_state/WORKFLOW.md: OK
/root/autodl-tmp/symbolic_dynamics/docs/research_state/HISTORY_AND_CAVEATS.md: OK
/root/autodl-tmp/symbolic_dynamics/docs/papers204_208_sequence/PROBLEM_ANCHOR.md: OK
/root/autodl-tmp/symbolic_dynamics/docs/papers197_201_sequence/PROBLEM_ANCHOR.md: OK
/root/autodl-tmp/symbolic_dynamics/docs/papers204_208_sequence/scouting/ROOT_PREINTAKE_EXCLUSIONS_20260906.md: OK
/root/autodl-tmp/symbolic_dynamics/docs/papers122_126_sequence/scouting/algebraic/SCOUT.md: OK
/root/autodl-tmp/symbolic_dynamics/docs/papers117_121_sequence/scouting/COMBINATORIAL_SCOUT.md: OK
/root/autodl-tmp/symbolic_dynamics/docs/papers157_161_sequence/scouting/algebraic/SCOUT.md: OK
/root/autodl-tmp/symbolic_dynamics/docs/papers152_156_sequence/scouting/algebraic_replacement2/SCOUT.md: OK
/root/autodl-tmp/symbolic_dynamics/docs/papers204_208_sequence/scouting/algebra_third/SCOUT_REPORT.md: OK
/root/autodl-tmp/symbolic_dynamics/docs/papers204_208_sequence/scouting/finite_systems_thirteenth/INTAKE.md: OK
/root/autodl-tmp/symbolic_dynamics/docs/papers204_208_sequence/scouting/finite_systems_twentieth/INTAKE.md: OK
/root/autodl-tmp/symbolic_dynamics/docs/papers204_208_sequence/scouting/finite_systems_seventeenth/INTAKE.md: OK
/root/autodl-tmp/symbolic_dynamics/docs/papers204_208_sequence/scouting/finite_systems_eighteenth/PROOF_AND_ADAPTERS.md: OK
/root/autodl-tmp/symbolic_dynamics/docs/papers187_191_sequence/scouting/graph_lane/CANDIDATES.md: OK
/root/autodl-tmp/symbolic_dynamics/docs/papers187_191_sequence/scouting/graph_lane/KILL_LEDGER.md: OK
/root/autodl-tmp/symbolic_dynamics/docs/papers204_208_sequence/scouting/finite_systems_twenty_second/evidence.py: OK
/root/autodl-tmp/symbolic_dynamics/docs/papers204_208_sequence/scouting/algebra_second/SCOUT_REPORT.md: OK
