main.tex: OK
math_commands.tex: OK
references.bib: OK
sections/01_main.tex: OK
sections/02_sources.tex: OK
sections/03_arithmetic.tex: OK
sections/04_core.tex: OK
sections/05_phase.tex: OK
sections/06_boundary.tex: OK
sections/07_closure.tex: OK
sections/08_assembly.tex: OK
sections/09_affine_table.tex: OK
cmp source/pass_a exit 0: main.tex
cmp source/pass_b exit 0: main.tex
cmp source/pass_a exit 0: math_commands.tex
cmp source/pass_b exit 0: math_commands.tex
cmp source/pass_a exit 0: references.bib
cmp source/pass_b exit 0: references.bib
cmp source/pass_a exit 0: sections/01_main.tex
cmp source/pass_b exit 0: sections/01_main.tex
cmp source/pass_a exit 0: sections/02_sources.tex
cmp source/pass_b exit 0: sections/02_sources.tex
cmp source/pass_a exit 0: sections/03_arithmetic.tex
cmp source/pass_b exit 0: sections/03_arithmetic.tex
cmp source/pass_a exit 0: sections/04_core.tex
cmp source/pass_b exit 0: sections/04_core.tex
cmp source/pass_a exit 0: sections/05_phase.tex
cmp source/pass_b exit 0: sections/05_phase.tex
cmp source/pass_a exit 0: sections/06_boundary.tex
cmp source/pass_b exit 0: sections/06_boundary.tex
cmp source/pass_a exit 0: sections/07_closure.tex
cmp source/pass_b exit 0: sections/07_closure.tex
cmp source/pass_a exit 0: sections/08_assembly.tex
cmp source/pass_b exit 0: sections/08_assembly.tex
cmp source/pass_a exit 0: sections/09_affine_table.tex
cmp source/pass_b exit 0: sections/09_affine_table.tex
cmp pass_a/pass_b PDF exit 0
cmp delivered/pass_a PDF exit 0
