docs/papers132_136_sequence/replacement_scout/nondivisor_algebra/SCOUT.md: OK
docs/papers132_136_sequence/replacement_scout/stochastic/SCOUT.md: OK
docs/papers162_166_sequence/scouting/degree_feedback_jump/SCOUT.md: OK
docs/papers162_166_sequence/scouting/replacement_matchings_incidence/SCOUT.md: OK
docs/papers172_176_sequence/scouting/fresh_geometry_automata/SCOUT_AND_KILL_LEDGER.md: OK
docs/papers177_181_sequence/scouting/combinatorial_lane/SCOUT_AND_KILL_LEDGER.md: OK
docs/papers204_208_sequence/ARTIFACT_CONTRACT.md: OK
docs/papers204_208_sequence/qa/SCOUT19_ROOT_INSPECTION.actual.json: OK
docs/papers204_208_sequence/scouting/FTH_GATE/INITIAL_CHECKS.json: OK
docs/papers204_208_sequence/scouting/FTH_GATE/PRE_AUTHOR_CODE_COMMITMENT.md: OK
docs/papers204_208_sequence/scouting/FTH_GATE/bootstrap.py: OK
docs/papers204_208_sequence/scouting/FTH_GATE/capture_inputs.py: OK
docs/papers204_208_sequence/scouting/FTH_GATE/extract_sections.py: OK
docs/papers204_208_sequence/scouting/FTH_GATE/pre_author_code/kernel_v0.py: OK
docs/papers204_208_sequence/scouting/FTH_GATE/public_sources/rn_TR2005_25.pdf: OK
docs/papers204_208_sequence/scouting/FTH_GATE/public_sources/rn_TR2005_25.txt: OK
docs/papers204_208_sequence/scouting/FTH_GATE/public_sources/tree_path_2504.02448v1.html: OK
docs/papers204_208_sequence/scouting/FTH_GATE/public_sources/tree_path_selected_sections.txt: OK
docs/papers204_208_sequence/scouting/FTH_GATE/record_pair.py: OK
docs/papers204_208_sequence/scouting/FTH_ROOT_LOCAL_OBSERVATIONS.md: OK
docs/papers204_208_sequence/scouting/NINETEENTH_ROOT_INSPECTION.md: OK
docs/papers204_208_sequence/scouting/combinatorial_second/PROOF_NOTES.md: OK
docs/papers204_208_sequence/scouting/combinatorial_second/SCOUT_REPORT.md: OK
docs/papers204_208_sequence/scouting/finite_systems_eighteenth/INTAKE.md: OK
docs/papers204_208_sequence/scouting/finite_systems_fourteenth/INTAKE.md: OK
docs/papers204_208_sequence/scouting/finite_systems_nineteenth/FTH_PROOF_PACKAGE.md: OK
docs/papers204_208_sequence/scouting/finite_systems_nineteenth/HISTORICAL_INPUTS.sha256: OK
docs/papers204_208_sequence/scouting/finite_systems_nineteenth/HISTORICAL_SUPPLEMENT.sha256: OK
docs/papers204_208_sequence/scouting/finite_systems_nineteenth/INTAKE.md: OK
docs/papers204_208_sequence/scouting/finite_systems_nineteenth/NO_PROMOTION_PROOFS.md: OK
docs/papers204_208_sequence/scouting/finite_systems_nineteenth/SCOUT_REPORT.md: OK
docs/papers204_208_sequence/scouting/finite_systems_nineteenth/SHA256SUMS: OK
docs/papers204_208_sequence/scouting/finite_systems_nineteenth/SOURCE_AND_HISTORY.md: OK
docs/papers204_208_sequence/scouting/finite_systems_nineteenth/SOURCE_SUPPLEMENT.md: OK
docs/papers204_208_sequence/scouting/finite_systems_nineteenth/evidence.py: OK
docs/papers204_208_sequence/scouting/finite_systems_nineteenth/evidence_capture/COMPARISON.json: OK
docs/papers204_208_sequence/scouting/finite_systems_nineteenth/evidence_capture/FAILED_HISTORY_START.md: OK
docs/papers204_208_sequence/scouting/finite_systems_nineteenth/evidence_capture/comparator.after.json: OK
docs/papers204_208_sequence/scouting/finite_systems_nineteenth/evidence_capture/comparator.before.json: OK
docs/papers204_208_sequence/scouting/finite_systems_nineteenth/evidence_capture/history_inventory.stderr: OK
docs/papers204_208_sequence/scouting/finite_systems_nineteenth/evidence_capture/history_inventory.stdout: OK
docs/papers204_208_sequence/scouting/finite_systems_nineteenth/evidence_capture/pilot.cmp.command.json: OK
docs/papers204_208_sequence/scouting/finite_systems_nineteenth/evidence_capture/pilot.cmp.stderr: OK
docs/papers204_208_sequence/scouting/finite_systems_nineteenth/evidence_capture/pilot.cmp.stdout: OK
docs/papers204_208_sequence/scouting/finite_systems_nineteenth/evidence_capture/proof.cmp.command.json: OK
docs/papers204_208_sequence/scouting/finite_systems_nineteenth/evidence_capture/proof.cmp.stderr: OK
docs/papers204_208_sequence/scouting/finite_systems_nineteenth/evidence_capture/proof.cmp.stdout: OK
docs/papers204_208_sequence/scouting/finite_systems_nineteenth/evidence_capture_02/COMPARISON.json: OK
docs/papers204_208_sequence/scouting/finite_systems_nineteenth/evidence_capture_02/HISTORY_SEARCH.json: OK
docs/papers204_208_sequence/scouting/finite_systems_nineteenth/evidence_capture_02/comparator.after.json: OK
docs/papers204_208_sequence/scouting/finite_systems_nineteenth/evidence_capture_02/comparator.before.json: OK
docs/papers204_208_sequence/scouting/finite_systems_nineteenth/evidence_capture_02/history_equality.command.json: OK
docs/papers204_208_sequence/scouting/finite_systems_nineteenth/evidence_capture_02/history_equality.stderr: OK
docs/papers204_208_sequence/scouting/finite_systems_nineteenth/evidence_capture_02/history_equality.stdout: OK
docs/papers204_208_sequence/scouting/finite_systems_nineteenth/evidence_capture_02/history_functional.command.json: OK
docs/papers204_208_sequence/scouting/finite_systems_nineteenth/evidence_capture_02/history_functional.stderr: OK
docs/papers204_208_sequence/scouting/finite_systems_nineteenth/evidence_capture_02/history_functional.stdout: OK
docs/papers204_208_sequence/scouting/finite_systems_nineteenth/evidence_capture_02/history_inventory.command.json: OK
docs/papers204_208_sequence/scouting/finite_systems_nineteenth/evidence_capture_02/history_inventory.stderr: OK
docs/papers204_208_sequence/scouting/finite_systems_nineteenth/evidence_capture_02/history_inventory.stdout: OK
docs/papers204_208_sequence/scouting/finite_systems_nineteenth/evidence_capture_02/history_matching.command.json: OK
docs/papers204_208_sequence/scouting/finite_systems_nineteenth/evidence_capture_02/history_matching.stderr: OK
docs/papers204_208_sequence/scouting/finite_systems_nineteenth/evidence_capture_02/history_matching.stdout: OK
docs/papers204_208_sequence/scouting/finite_systems_nineteenth/evidence_capture_02/history_proof_engine.command.json: OK
docs/papers204_208_sequence/scouting/finite_systems_nineteenth/evidence_capture_02/history_proof_engine.stderr: OK
docs/papers204_208_sequence/scouting/finite_systems_nineteenth/evidence_capture_02/history_proof_engine.stdout: OK
docs/papers204_208_sequence/scouting/finite_systems_nineteenth/evidence_capture_02/history_relational.command.json: OK
docs/papers204_208_sequence/scouting/finite_systems_nineteenth/evidence_capture_02/history_relational.stderr: OK
docs/papers204_208_sequence/scouting/finite_systems_nineteenth/evidence_capture_02/history_relational.stdout: OK
docs/papers204_208_sequence/scouting/finite_systems_nineteenth/evidence_capture_02/history_search.after.json: OK
docs/papers204_208_sequence/scouting/finite_systems_nineteenth/evidence_capture_02/history_search.before.json: OK
docs/papers204_208_sequence/scouting/finite_systems_nineteenth/evidence_capture_02/history_selected.json: OK
docs/papers204_208_sequence/scouting/finite_systems_nineteenth/evidence_capture_02/pilot.cmp.command.json: OK
docs/papers204_208_sequence/scouting/finite_systems_nineteenth/evidence_capture_02/pilot.cmp.stderr: OK
docs/papers204_208_sequence/scouting/finite_systems_nineteenth/evidence_capture_02/pilot.cmp.stdout: OK
docs/papers204_208_sequence/scouting/finite_systems_nineteenth/evidence_capture_02/proof.cmp.command.json: OK
docs/papers204_208_sequence/scouting/finite_systems_nineteenth/evidence_capture_02/proof.cmp.stderr: OK
docs/papers204_208_sequence/scouting/finite_systems_nineteenth/evidence_capture_02/proof.cmp.stdout: OK
docs/papers204_208_sequence/scouting/finite_systems_nineteenth/evidence_capture_02/rg.after.json: OK
docs/papers204_208_sequence/scouting/finite_systems_nineteenth/evidence_capture_02/rg.before.json: OK
docs/papers204_208_sequence/scouting/finite_systems_nineteenth/execution_01/RECEIPT.json: OK
docs/papers204_208_sequence/scouting/finite_systems_nineteenth/execution_01/environment.json: OK
docs/papers204_208_sequence/scouting/finite_systems_nineteenth/execution_01/history.after.json: OK
docs/papers204_208_sequence/scouting/finite_systems_nineteenth/execution_01/history.before.json: OK
docs/papers204_208_sequence/scouting/finite_systems_nineteenth/execution_01/producer.command.json: OK
docs/papers204_208_sequence/scouting/finite_systems_nineteenth/execution_01/producer.stderr: OK
docs/papers204_208_sequence/scouting/finite_systems_nineteenth/execution_01/producer.stdout: OK
docs/papers204_208_sequence/scouting/finite_systems_nineteenth/execution_01/runtime.after.json: OK
docs/papers204_208_sequence/scouting/finite_systems_nineteenth/execution_01/runtime.before.json: OK
docs/papers204_208_sequence/scouting/finite_systems_nineteenth/execution_01/runtime.observed.json: OK
docs/papers204_208_sequence/scouting/finite_systems_nineteenth/execution_01/source.after.json: OK
docs/papers204_208_sequence/scouting/finite_systems_nineteenth/execution_01/source.before.json: OK
docs/papers204_208_sequence/scouting/finite_systems_nineteenth/execution_01/source_inputs/INTAKE.md: OK
docs/papers204_208_sequence/scouting/finite_systems_nineteenth/execution_01/source_inputs/SOURCE_AND_HISTORY.md: OK
docs/papers204_208_sequence/scouting/finite_systems_nineteenth/execution_01/source_inputs/pilot.py: OK
docs/papers204_208_sequence/scouting/finite_systems_nineteenth/execution_01/source_inputs/record_execution.py: OK
docs/papers204_208_sequence/scouting/finite_systems_nineteenth/execution_02/RECEIPT.json: OK
docs/papers204_208_sequence/scouting/finite_systems_nineteenth/execution_02/environment.json: OK
docs/papers204_208_sequence/scouting/finite_systems_nineteenth/execution_02/history.after.json: OK
docs/papers204_208_sequence/scouting/finite_systems_nineteenth/execution_02/history.before.json: OK
docs/papers204_208_sequence/scouting/finite_systems_nineteenth/execution_02/producer.command.json: OK
docs/papers204_208_sequence/scouting/finite_systems_nineteenth/execution_02/producer.stderr: OK
docs/papers204_208_sequence/scouting/finite_systems_nineteenth/execution_02/producer.stdout: OK
docs/papers204_208_sequence/scouting/finite_systems_nineteenth/execution_02/runtime.after.json: OK
docs/papers204_208_sequence/scouting/finite_systems_nineteenth/execution_02/runtime.before.json: OK
docs/papers204_208_sequence/scouting/finite_systems_nineteenth/execution_02/runtime.observed.json: OK
docs/papers204_208_sequence/scouting/finite_systems_nineteenth/execution_02/source.after.json: OK
docs/papers204_208_sequence/scouting/finite_systems_nineteenth/execution_02/source.before.json: OK
docs/papers204_208_sequence/scouting/finite_systems_nineteenth/execution_02/source_inputs/INTAKE.md: OK
docs/papers204_208_sequence/scouting/finite_systems_nineteenth/execution_02/source_inputs/SOURCE_AND_HISTORY.md: OK
docs/papers204_208_sequence/scouting/finite_systems_nineteenth/execution_02/source_inputs/pilot.py: OK
docs/papers204_208_sequence/scouting/finite_systems_nineteenth/execution_02/source_inputs/record_execution.py: OK
docs/papers204_208_sequence/scouting/finite_systems_nineteenth/pilot.py: OK
docs/papers204_208_sequence/scouting/finite_systems_nineteenth/proof_execution_01/RECEIPT.json: OK
docs/papers204_208_sequence/scouting/finite_systems_nineteenth/proof_execution_01/environment.json: OK
docs/papers204_208_sequence/scouting/finite_systems_nineteenth/proof_execution_01/history.after.json: OK
docs/papers204_208_sequence/scouting/finite_systems_nineteenth/proof_execution_01/history.before.json: OK
docs/papers204_208_sequence/scouting/finite_systems_nineteenth/proof_execution_01/producer.command.json: OK
docs/papers204_208_sequence/scouting/finite_systems_nineteenth/proof_execution_01/producer.stderr: OK
docs/papers204_208_sequence/scouting/finite_systems_nineteenth/proof_execution_01/producer.stdout: OK
docs/papers204_208_sequence/scouting/finite_systems_nineteenth/proof_execution_01/runtime.after.json: OK
docs/papers204_208_sequence/scouting/finite_systems_nineteenth/proof_execution_01/runtime.before.json: OK
docs/papers204_208_sequence/scouting/finite_systems_nineteenth/proof_execution_01/runtime.observed.json: OK
docs/papers204_208_sequence/scouting/finite_systems_nineteenth/proof_execution_01/source.after.json: OK
docs/papers204_208_sequence/scouting/finite_systems_nineteenth/proof_execution_01/source.before.json: OK
docs/papers204_208_sequence/scouting/finite_systems_nineteenth/proof_execution_01/source_inputs/FTH_PROOF_PACKAGE.md: OK
docs/papers204_208_sequence/scouting/finite_systems_nineteenth/proof_execution_01/source_inputs/INTAKE.md: OK
docs/papers204_208_sequence/scouting/finite_systems_nineteenth/proof_execution_01/source_inputs/SOURCE_AND_HISTORY.md: OK
docs/papers204_208_sequence/scouting/finite_systems_nineteenth/proof_execution_01/source_inputs/original_pilot.stdout: OK
docs/papers204_208_sequence/scouting/finite_systems_nineteenth/proof_execution_01/source_inputs/record_execution.py: OK
docs/papers204_208_sequence/scouting/finite_systems_nineteenth/proof_execution_01/source_inputs/record_sidecar.py: OK
docs/papers204_208_sequence/scouting/finite_systems_nineteenth/proof_execution_01/source_inputs/verify_fth.py: OK
docs/papers204_208_sequence/scouting/finite_systems_nineteenth/proof_execution_02/RECEIPT.json: OK
docs/papers204_208_sequence/scouting/finite_systems_nineteenth/proof_execution_02/environment.json: OK
docs/papers204_208_sequence/scouting/finite_systems_nineteenth/proof_execution_02/history.after.json: OK
docs/papers204_208_sequence/scouting/finite_systems_nineteenth/proof_execution_02/history.before.json: OK
docs/papers204_208_sequence/scouting/finite_systems_nineteenth/proof_execution_02/producer.command.json: OK
docs/papers204_208_sequence/scouting/finite_systems_nineteenth/proof_execution_02/producer.stderr: OK
docs/papers204_208_sequence/scouting/finite_systems_nineteenth/proof_execution_02/producer.stdout: OK
docs/papers204_208_sequence/scouting/finite_systems_nineteenth/proof_execution_02/runtime.after.json: OK
docs/papers204_208_sequence/scouting/finite_systems_nineteenth/proof_execution_02/runtime.before.json: OK
docs/papers204_208_sequence/scouting/finite_systems_nineteenth/proof_execution_02/runtime.observed.json: OK
docs/papers204_208_sequence/scouting/finite_systems_nineteenth/proof_execution_02/source.after.json: OK
docs/papers204_208_sequence/scouting/finite_systems_nineteenth/proof_execution_02/source.before.json: OK
docs/papers204_208_sequence/scouting/finite_systems_nineteenth/proof_execution_02/source_inputs/FTH_PROOF_PACKAGE.md: OK
docs/papers204_208_sequence/scouting/finite_systems_nineteenth/proof_execution_02/source_inputs/INTAKE.md: OK
docs/papers204_208_sequence/scouting/finite_systems_nineteenth/proof_execution_02/source_inputs/SOURCE_AND_HISTORY.md: OK
docs/papers204_208_sequence/scouting/finite_systems_nineteenth/proof_execution_02/source_inputs/original_pilot.stdout: OK
docs/papers204_208_sequence/scouting/finite_systems_nineteenth/proof_execution_02/source_inputs/record_execution.py: OK
docs/papers204_208_sequence/scouting/finite_systems_nineteenth/proof_execution_02/source_inputs/record_sidecar.py: OK
docs/papers204_208_sequence/scouting/finite_systems_nineteenth/proof_execution_02/source_inputs/verify_fth.py: OK
docs/papers204_208_sequence/scouting/finite_systems_nineteenth/public_sources/isprp_correctness_2005.pdf: OK
docs/papers204_208_sequence/scouting/finite_systems_nineteenth/public_sources/isprp_correctness_2005.txt: OK
docs/papers204_208_sequence/scouting/finite_systems_nineteenth/public_sources/linearization-ALENEX07.pdf: OK
docs/papers204_208_sequence/scouting/finite_systems_nineteenth/public_sources/linearization-ALENEX07.txt: OK
docs/papers204_208_sequence/scouting/finite_systems_nineteenth/record_execution.py: OK
docs/papers204_208_sequence/scouting/finite_systems_nineteenth/record_sidecar.py: OK
docs/papers204_208_sequence/scouting/finite_systems_nineteenth/verify_fth.py: OK
docs/papers204_208_sequence/scouting/finite_systems_seventeenth/INTAKE.md: OK
docs/papers204_208_sequence/scouting/finite_systems_sixteenth/INTAKE.md: OK
docs/papers204_208_sequence/scouting/finite_systems_thirteenth/PROOF_AND_DISPOSITION.md: OK
docs/research_state/HISTORY_AND_CAVEATS.md: OK
docs/research_state/WORKFLOW.md: OK
papers/167-minimum-inverse-position-feedback/main.tex: OK
