PARITY-GUIDED ROOT ROTATION: INDEPENDENT EXACT CONTROL PASS
n states fixed recurrent depth_hist indegree_hist
0 1 1 1 {0: 1} {1: 1}
1 1 1 1 {0: 1} {1: 1}
2 2 0 2 {0: 2} {1: 2}
3 5 2 4 {0: 4, 1: 1} {0: 1, 1: 3, 2: 1}
4 14 0 12 {0: 12, 1: 2} {0: 2, 1: 10, 2: 2}
5 42 14 32 {0: 32, 1: 9, 2: 1} {0: 9, 1: 24, 2: 9}
6 132 0 108 {0: 108, 1: 22, 2: 2} {0: 22, 1: 88, 2: 22}
7 429 132 320 {0: 320, 1: 94, 2: 14, 3: 1} {0: 94, 1: 241, 2: 94}
8 1430 0 1144 {0: 1144, 1: 252, 2: 32, 3: 2} {0: 252, 1: 926, 2: 252}
9 4862 1430 3584 {0: 3584, 1: 1077, 2: 181, 3: 19, 4: 1} {0: 1077, 1: 2708, 2: 1077}
10 16796 0 13260 {0: 13260, 1: 3046, 2: 446, 3: 42, 4: 2} {0: 3046, 1: 10704, 2: 3046}
11 58786 16796 43008 {0: 43008, 1: 13106, 2: 2354, 3: 293, 4: 24, 5: 1} {0: 13106, 1: 32574, 2: 13106}
12 208012 0 162792 {0: 162792, 1: 38388, 2: 6088, 3: 690, 4: 52, 5: 2} {0: 38388, 1: 131236, 2: 38388}
fixed_coefficients_0_12=1,1,0,2,0,14,0,132,0,1430,0,16796,0
recurrent_coefficients_0_12=1,1,2,4,12,32,108,320,1144,3584,13260,43008,162792
indegree_two_coefficients_0_12=0,0,0,1,2,9,22,94,252,1077,3046,13106,38388
sharp_symbolic_witnesses=82 orders=1..82
assertions=3,777,072
