{
  "assertions": 3157633,
  "assertions_by_kind": {
    "adjacent_two_excluded": 265707,
    "all_edge_sign_counts": 265707,
    "all_equality_targets": 9,
    "all_one_image_excluded": 265707,
    "all_recurrent_fixed": 265707,
    "all_target_edge_inverse": 265707,
    "all_target_kernel_trace": 265707,
    "all_target_upper": 265707,
    "complete_local_kernel": 254,
    "disjoint_sign_strata": 3267,
    "edge_sign_coloring_count": 3267,
    "fixed_language": 265707,
    "full_inverse_set": 3267,
    "height_attainment": 9,
    "inverse_partition": 9,
    "literal_edge_target": 265707,
    "long_sharp_witness": 125,
    "maximum_value": 9,
    "mixed_kernel_equality": 112320,
    "mixed_kernel_upper": 112320,
    "sharp_upper": 265707,
    "strict_edge_budget": 265707
  },
  "derived_local_kernels": [
    {
      "matrix": [
        0,
        1,
        1,
        1,
        0,
        1,
        1,
        1,
        0
      ],
      "word": "1"
    },
    {
      "matrix": [
        2,
        1,
        0,
        1,
        1,
        0,
        0,
        0,
        0
      ],
      "word": "2"
    },
    {
      "matrix": [
        2,
        1,
        1,
        1,
        1,
        0,
        1,
        0,
        0
      ],
      "word": "11"
    },
    {
      "matrix": [
        1,
        1,
        0,
        0,
        0,
        0,
        0,
        0,
        0
      ],
      "word": "12"
    },
    {
      "matrix": [
        1,
        0,
        0,
        1,
        0,
        0,
        0,
        0,
        0
      ],
      "word": "21"
    },
    {
      "matrix": [
        2,
        1,
        0,
        1,
        0,
        0,
        0,
        0,
        0
      ],
      "word": "111"
    },
    {
      "matrix": [
        1,
        0,
        0,
        0,
        0,
        0,
        0,
        0,
        0
      ],
      "word": "121"
    },
    {
      "matrix": [
        1,
        0,
        0,
        0,
        0,
        0,
        0,
        0,
        0
      ],
      "word": "1111"
    }
  ],
  "inverse_set_range": [
    3,
    7
  ],
  "lengths": [
    {
      "all_target_fibre_count_vector_sha256": "e6922ebd582d31fdbe43b37752308b2c1340f21e5eaf0ed40dcb7a162316e2f1",
      "entrance_distribution": {
        "0": 13,
        "1": 14
      },
      "equality_targets": [
        "000",
        "002",
        "011",
        "020",
        "101",
        "110",
        "200"
      ],
      "fibre_distribution": {
        "0": 14,
        "1": 6,
        "3": 7
      },
      "fixed_states": 13,
      "full_inverse_sets_compared": true,
      "image_size": 13,
      "max_fibre": 3,
      "n": 3,
      "states_and_targets": 27
    },
    {
      "all_target_fibre_count_vector_sha256": "4a085b10af1894cb87382df07e38f99a6ac2e2ce981a6745854a5b43fb5fa5bb",
      "entrance_distribution": {
        "0": 23,
        "1": 30,
        "2": 20,
        "3": 8
      },
      "equality_targets": [
        "0202",
        "2020"
      ],
      "fibre_distribution": {
        "0": 48,
        "1": 12,
        "2": 8,
        "3": 9,
        "6": 2,
        "7": 2
      },
      "fixed_states": 23,
      "full_inverse_sets_compared": true,
      "image_size": 33,
      "max_fibre": 7,
      "n": 4,
      "states_and_targets": 81
    },
    {
      "all_target_fibre_count_vector_sha256": "398c6868b0ca01dc98156e53b7746a53fca3cb27073097dbb28f82f7fbcf80ac",
      "entrance_distribution": {
        "0": 46,
        "1": 102,
        "2": 80,
        "3": 15
      },
      "equality_targets": [
        "00202",
        "01102",
        "02002",
        "02011",
        "02020",
        "10201",
        "11020",
        "20020",
        "20110",
        "20200"
      ],
      "fibre_distribution": {
        "0": 157,
        "1": 30,
        "2": 15,
        "3": 21,
        "4": 5,
        "6": 5,
        "7": 10
      },
      "fixed_states": 46,
      "full_inverse_sets_compared": true,
      "image_size": 86,
      "max_fibre": 7,
      "n": 5,
      "states_and_targets": 243
    },
    {
      "all_target_fibre_count_vector_sha256": "b550b3f6e5b4b1bc3f431489d7eb5bb372b4d226df13e081b0cf592a4096ffb2",
      "entrance_distribution": {
        "0": 111,
        "1": 294,
        "2": 258,
        "3": 66
      },
      "equality_targets": [
        "020202",
        "202020"
      ],
      "fibre_distribution": {
        "0": 517,
        "1": 54,
        "2": 42,
        "3": 49,
        "4": 12,
        "6": 23,
        "7": 21,
        "8": 6,
        "9": 3,
        "18": 2
      },
      "fixed_states": 111,
      "full_inverse_sets_compared": true,
      "image_size": 212,
      "max_fibre": 18,
      "n": 6,
      "states_and_targets": 729
    },
    {
      "all_target_fibre_count_vector_sha256": "5d26432ffd5d8c9d3df93d6da8f14cb1c56beae60518438b7348e6edf978d747",
      "entrance_distribution": {
        "0": 239,
        "1": 807,
        "2": 910,
        "3": 231
      },
      "equality_targets": [
        "0020202",
        "0110202",
        "0200202",
        "0201102",
        "0202002",
        "0202011",
        "0202020",
        "1020201",
        "1102020",
        "2002020",
        "2011020",
        "2020020",
        "2020110",
        "2020200"
      ],
      "fibre_distribution": {
        "0": 1661,
        "1": 98,
        "2": 105,
        "3": 127,
        "4": 21,
        "6": 63,
        "7": 35,
        "8": 35,
        "9": 21,
        "10": 7,
        "18": 14
      },
      "fixed_states": 239,
      "full_inverse_sets_compared": true,
      "image_size": 526,
      "max_fibre": 18,
      "n": 7,
      "states_and_targets": 2187
    },
    {
      "all_target_fibre_count_vector_sha256": "54ec04a5788ccf767bcd7223d4807f88d53367c863a0fe89c7466334d1c1aaa4",
      "entrance_distribution": {
        "0": 511,
        "1": 2334,
        "2": 2948,
        "3": 768
      },
      "equality_targets": [
        "02020202",
        "20202020"
      ],
      "fibre_distribution": {
        "0": 5252,
        "1": 204,
        "2": 232,
        "3": 289,
        "4": 40,
        "5": 48,
        "6": 140,
        "7": 52,
        "8": 128,
        "9": 60,
        "10": 24,
        "12": 16,
        "16": 16,
        "18": 42,
        "20": 16,
        "47": 2
      },
      "fixed_states": 511,
      "full_inverse_sets_compared": false,
      "image_size": 1309,
      "max_fibre": 47,
      "n": 8,
      "states_and_targets": 6561
    },
    {
      "all_target_fibre_count_vector_sha256": "d0252ce6158c121e4d20e523f934b5abf9a38f62b9078f67edd8016ea4167842",
      "entrance_distribution": {
        "0": 1129,
        "1": 6539,
        "2": 9414,
        "3": 2601
      },
      "equality_targets": [
        "002020202",
        "011020202",
        "020020202",
        "020110202",
        "020200202",
        "020201102",
        "020202002",
        "020202011",
        "020202020",
        "102020201",
        "110202020",
        "200202020",
        "201102020",
        "202002020",
        "202011020",
        "202020020",
        "202020110",
        "202020200"
      ],
      "fibre_distribution": {
        "0": 16436,
        "1": 438,
        "2": 513,
        "3": 613,
        "4": 81,
        "5": 234,
        "6": 264,
        "7": 108,
        "8": 378,
        "9": 162,
        "10": 63,
        "12": 63,
        "16": 90,
        "18": 102,
        "20": 63,
        "21": 18,
        "23": 18,
        "24": 21,
        "47": 18
      },
      "fixed_states": 1129,
      "full_inverse_sets_compared": false,
      "image_size": 3247,
      "max_fibre": 47,
      "n": 9,
      "states_and_targets": 19683
    },
    {
      "all_target_fibre_count_vector_sha256": "00626acecc6446139c9c397db9f68f089cbb21d59d36a41cbef051bf20070b80",
      "entrance_distribution": {
        "0": 2468,
        "1": 18126,
        "2": 29870,
        "3": 8585
      },
      "equality_targets": [
        "0202020202",
        "2020202020"
      ],
      "fibre_distribution": {
        "0": 51024,
        "1": 920,
        "2": 1130,
        "3": 1301,
        "4": 220,
        "5": 740,
        "6": 470,
        "7": 255,
        "8": 950,
        "9": 395,
        "10": 190,
        "11": 20,
        "12": 200,
        "13": 40,
        "14": 10,
        "15": 20,
        "16": 265,
        "17": 20,
        "18": 235,
        "20": 160,
        "21": 140,
        "23": 80,
        "24": 90,
        "25": 20,
        "28": 10,
        "30": 12,
        "32": 20,
        "42": 20,
        "47": 70,
        "52": 20,
        "123": 2
      },
      "fixed_states": 2468,
      "full_inverse_sets_compared": false,
      "image_size": 8025,
      "max_fibre": 123,
      "n": 10,
      "states_and_targets": 59049
    },
    {
      "all_target_fibre_count_vector_sha256": "4647600f8d5627d7189d16b6ca4c0385aae6aa0775e81f6d4c76aed03f63d08b",
      "entrance_distribution": {
        "0": 5369,
        "1": 50283,
        "2": 93379,
        "3": 28116
      },
      "equality_targets": [
        "00202020202",
        "01102020202",
        "02002020202",
        "02011020202",
        "02020020202",
        "02020110202",
        "02020200202",
        "02020201102",
        "02020202002",
        "02020202011",
        "02020202020",
        "10202020201",
        "11020202020",
        "20020202020",
        "20110202020",
        "20200202020",
        "20201102020",
        "20202002020",
        "20202011020",
        "20202020020",
        "20202020110",
        "20202020200"
      ],
      "fibre_distribution": {
        "0": 157357,
        "1": 1914,
        "2": 2453,
        "3": 2773,
        "4": 616,
        "5": 1980,
        "6": 902,
        "7": 693,
        "8": 2167,
        "9": 891,
        "10": 539,
        "11": 110,
        "12": 528,
        "13": 308,
        "14": 44,
        "15": 143,
        "16": 594,
        "17": 88,
        "18": 539,
        "19": 44,
        "20": 374,
        "21": 572,
        "22": 44,
        "23": 264,
        "24": 286,
        "25": 99,
        "28": 77,
        "30": 55,
        "32": 99,
        "36": 11,
        "38": 11,
        "41": 22,
        "42": 154,
        "47": 187,
        "52": 110,
        "55": 22,
        "57": 11,
        "60": 22,
        "63": 22,
        "123": 22
      },
      "fixed_states": 5369,
      "full_inverse_sets_compared": false,
      "image_size": 19790,
      "max_fibre": 123,
      "n": 11,
      "states_and_targets": 177147
    }
  ],
  "local_positive_run_lengths": [
    1,
    7
  ],
  "long_sharp_witness_lengths": [
    4,
    5,
    6,
    7,
    8,
    9,
    10,
    11,
    12,
    13,
    14,
    15,
    16,
    17,
    18,
    19,
    20,
    21,
    22,
    23,
    24,
    25,
    26,
    27,
    28,
    29,
    30,
    31,
    32,
    33,
    34,
    35,
    36,
    37,
    38,
    39,
    40,
    41,
    42,
    43,
    44,
    45,
    46,
    47,
    48,
    49,
    50,
    51,
    52,
    53,
    54,
    55,
    56,
    57,
    58,
    59,
    60,
    61,
    62,
    63,
    64,
    65,
    66,
    67,
    68,
    69,
    70,
    71,
    72,
    73,
    74,
    75,
    76,
    77,
    78,
    79,
    80,
    81,
    82,
    83,
    84,
    85,
    86,
    87,
    88,
    89,
    90,
    91,
    92,
    93,
    94,
    95,
    96,
    97,
    98,
    99,
    100,
    101,
    102,
    103,
    104,
    105,
    106,
    107,
    108,
    109,
    110,
    111,
    112,
    113,
    114,
    115,
    116,
    117,
    118,
    119,
    120,
    121,
    122,
    123,
    124,
    125,
    126,
    127,
    128
  ],
  "mixed_kernel_pressure": [
    {
      "blocks": 2,
      "equality_cases": 4,
      "products_with_padding": 192
    },
    {
      "blocks": 3,
      "equality_cases": 5,
      "products_with_padding": 1536
    },
    {
      "blocks": 4,
      "equality_cases": 6,
      "products_with_padding": 12288
    },
    {
      "blocks": 5,
      "equality_cases": 7,
      "products_with_padding": 98304
    }
  ],
  "producer": "independent cyclic edge-sign coloring atlas",
  "source_and_target_range": [
    3,
    11
  ],
  "status": "FINITE_CHECKS_PASS_NOT_A_NOVELTY_VERDICT"
}
