	linux-vdso.so.1 (0x00007ffd85ffe000)
	libfreetype.so.6 => /usr/lib/x86_64-linux-gnu/libfreetype.so.6 (0x00007fcce8e9a000)
	libfontconfig.so.1 => /usr/lib/x86_64-linux-gnu/libfontconfig.so.1 (0x00007fcce8e50000)
	libjpeg.so.8 => /usr/lib/x86_64-linux-gnu/libjpeg.so.8 (0x00007fcce8dcf000)
	libz.so.1 => /usr/lib/x86_64-linux-gnu/libz.so.1 (0x00007fcce8db3000)
	libopenjp2.so.7 => /usr/lib/x86_64-linux-gnu/libopenjp2.so.7 (0x00007fcce8d5b000)
	liblcms2.so.2 => /usr/lib/x86_64-linux-gnu/liblcms2.so.2 (0x00007fcce8cf7000)
	libpng16.so.16 => /usr/lib/x86_64-linux-gnu/libpng16.so.16 (0x00007fcce8cbc000)
	libtiff.so.5 => /usr/lib/x86_64-linux-gnu/libtiff.so.5 (0x00007fcce8c34000)
	libnss3.so => /usr/lib/x86_64-linux-gnu/libnss3.so (0x00007fcce8b03000)
	libsmime3.so => /usr/lib/x86_64-linux-gnu/libsmime3.so (0x00007fcce8ad9000)
	libplc4.so => /usr/lib/x86_64-linux-gnu/libplc4.so (0x00007fcce8ad2000)
	libnspr4.so => /usr/lib/x86_64-linux-gnu/libnspr4.so (0x00007fcce8a90000)
	libstdc++.so.6 => /usr/lib/x86_64-linux-gnu/libstdc++.so.6 (0x00007fcce8864000)
	libm.so.6 => /usr/lib/x86_64-linux-gnu/libm.so.6 (0x00007fcce877d000)
	libc.so.6 => /usr/lib/x86_64-linux-gnu/libc.so.6 (0x00007fcce8554000)
	/lib64/ld-linux-x86-64.so.2 (0x00007fcce92cf000)
	libbrotlidec.so.1 => /usr/lib/x86_64-linux-gnu/libbrotlidec.so.1 (0x00007fcce8546000)
	libexpat.so.1 => /usr/lib/x86_64-linux-gnu/libexpat.so.1 (0x00007fcce8515000)
	libuuid.so.1 => /usr/lib/x86_64-linux-gnu/libuuid.so.1 (0x00007fcce850a000)
	libwebp.so.7 => /usr/lib/x86_64-linux-gnu/libwebp.so.7 (0x00007fcce849d000)
	libzstd.so.1 => /usr/lib/x86_64-linux-gnu/libzstd.so.1 (0x00007fcce83ce000)
	liblzma.so.5 => /usr/lib/x86_64-linux-gnu/liblzma.so.5 (0x00007fcce83a3000)
	libjbig.so.0 => /usr/lib/x86_64-linux-gnu/libjbig.so.0 (0x00007fcce8392000)
	libdeflate.so.0 => /usr/lib/x86_64-linux-gnu/libdeflate.so.0 (0x00007fcce836c000)
	libnssutil3.so => /usr/lib/x86_64-linux-gnu/libnssutil3.so (0x00007fcce8339000)
	libplds4.so => /usr/lib/x86_64-linux-gnu/libplds4.so (0x00007fcce8334000)
	libgcc_s.so.1 => /usr/lib/x86_64-linux-gnu/libgcc_s.so.1 (0x00007fcce8314000)
	libbrotlicommon.so.1 => /usr/lib/x86_64-linux-gnu/libbrotlicommon.so.1 (0x00007fcce82f1000)
