/root/autodl-tmp/hilbert-polya-structure/symbolic_dynamics/docs/papers127_131_sequence/scouting/combinatorial/SCOUT.md:317:- `pop-stack operator distributive lattice order ideals remove maximal`;
/root/autodl-tmp/hilbert-polya-structure/symbolic_dynamics/papers/108-capped-fibonacci-dynamics/main.tex:73:the Fibonacci threshold for worst-case depth, and the inverse-fibre
/root/autodl-tmp/symbolic_dynamics/docs/papers132_136_sequence/scouting/stochastic/SCOUT.md:41:| `R01` | Binary line; rewrite any `100 -> 011`. Audit Fibonacci value, terminal, depth, image size, and terminal fibres. | lengths 1--14; 32,766 | Confluent with a sharp clock and extremal fibres, but Fibonacci-normalization and maximal-representation owners eat the core. **`KILL_OWNER_FIBONACCI_REPRESENTATIONS`.** |
/root/autodl-tmp/symbolic_dynamics/docs/papers132_136_sequence/scouting/stochastic/SCOUT.md:235:| P117 odd-run cyclic reversal | Binary runs, parity, and transient/recurrent questions. | P117 is a synchronous cyclic run map with recurrent one/two-cycles. `R02` is an acyclic open-line rewrite; run residues alone receive no credit. |
/root/autodl-tmp/hilbert-polya-structure/docs/papers204_208_sequence/scouting/finite_algebra_ninth/inverse_execution_01/INTAKE.md:48:counted among the six executed rows. Earlier pop-stack inversion, group
/root/autodl-tmp/hilbert-polya-structure/docs/papers192_196_sequence/scouting/SOURCE_QUERY_LEDGER.md:13:| P194 | least usable Kashiwara raising operator; deterministic crystal scheduler; crystal pop-stack sorting; word crystal dynamics fibres | Kashiwara; Bump--Schilling; Fulton; Sagan; Stanley; Defant--Williams (2022) on a noninvertible restricted-descent-component crystal pop-stack map with convergence and a sharp maximum orbit size | nearest deterministic crystal-dynamics owner added and zero-credited after Review B; its macrostep is not the one-edge least-current-colour scheduler and it does not transfer the clock/layers/fibre atlas; `OWNER_AMBER` |
/root/autodl-tmp/hilbert-polya-structure/symbolic_dynamics/docs/papers182_186_sequence/scouting/combinatorial_lane/SCOUT_AND_KILL_LEDGER.md:14:| `C07 / IHM` | Set partitions; join all old blocks whose integer hull intervals overlap, taking connected components of that overlap graph. | Every partition through `n=9`; it is idempotent, image/fixed count `2^(n-1)=256`; one-block fibres are the atomic-partition numbers `1,1,2,6,22,92,426,2146,11624`. | Interval-partition image and product fibres over atomic set partitions. | **`KILL_STATIC_CLOSURE`.** Both the clock and inverse are the same interval-overlap closure/species decomposition. |
/root/autodl-tmp/hilbert-polya-structure/symbolic_dynamics/docs/papers107_111_sequence/scouting/COMBINATORIAL_SCOUT.md:58:- rowmotion, promotion/0-Hecke and pop-stack actions, source candidates that
/root/autodl-tmp/hilbert-polya-structure/symbolic_dynamics/docs/papers117_121_sequence/proof_spikes/R2_INFINITE_PROOF_REPORT.md:1:# R2 infinite-family proof report: odd-run reversal
/root/autodl-tmp/hilbert-polya-structure/symbolic_dynamics/docs/papers132_136_sequence/scouting/stochastic/verify_stochastic_scout.py:177:        f"terminating confluent Fibonacci normalization; sharp depths {maximums[-8:]}; terminal fibre ranges end at {fibre_ranges[-1]}",
/root/autodl-tmp/symbolic_dynamics/docs/papers204_208_sequence/scouting/word_local/MNC_GATE/SOURCE_AND_PROOF.md:237:- P117, odd-run reversal: literal definition and boundary-cost drop lemma.
/root/autodl-tmp/hilbert-polya-structure/symbolic_dynamics/docs/papers127_131_sequence/scouting/root/SCOUT.md:36:| X21 | permutations; reverse every maximal descending run | unique fixed point and maximum tail 7 at order 8 | kill: classical pop-stack operator |
/root/autodl-tmp/hilbert-polya-structure/symbolic_dynamics/docs/papers117_121_sequence/scouting/ROOT_SCOUT.md:38:## R2 — odd-run reversal on labelled binary cycles
/root/autodl-tmp/hilbert-polya-structure/symbolic_dynamics/docs/papers117_121_sequence/scouting/ROOT_SCOUT.md:202:| 1 | R2 odd-run reversal | recurrence census + sharp parity-dependent transient | promote A |
/root/autodl-tmp/hilbert-polya-structure/symbolic_dynamics/docs/papers132_136_sequence/phase1/CANDIDATE_POOL_AND_KILL_LEDGER.md:35:| P132 | a binary word is replaced by the weak-majority signs of all its prefixes | fixed language, sharp `ceil(log_2 n)` feedback clock, full target-fibre atlas, Fibonacci image, unique extremal fibre | **post-repair internal contract** |
/root/autodl-tmp/hilbert-polya-structure/symbolic_dynamics/docs/papers172_176_sequence/scouting/combinatorial_crossdomain/IDEA_LEDGER.md:36:| `W01_BMS` | Binary words.  Interpret 1/0 as open/close parentheses, perform canonical stack matching, and mark exactly matched positions by 1. | Every word through length 16 independently; unique zero attractor, strict first-run potential, Fibonacci image, and an every-target Catalan-product fibre formula; observed maximum tails `1,2,3,3,4,5,5,5,6,7,7,8,8,8,9,9`. | **KILL_CURRENT / OWNER-AMBER CONTROL.** The static theorem is the Dyck normal-form engine occupied by P74, with P90/box-ball and P93 stack proximity; no sharp all-length maximum clock remains after subtraction. |
/root/autodl-tmp/hilbert-polya-structure/symbolic_dynamics/docs/papers132_136_sequence/replacement_scout/inversion_rank/SCOUT.md:186:| S19 | decode, pop-stack-sort, re-encode | `(1653,1,6,1)`; tail `n-1` | KILL — classical pop-stack sorting |
/root/autodl-tmp/hilbert-polya-structure/symbolic_dynamics/docs/papers132_136_sequence/replacement_scout/inversion_rank/SCOUT.md:239:- **P117:** odd-run reversal is literally separate; no useful theorem is imported
/root/autodl-tmp/hilbert-polya-structure/symbolic_dynamics/docs/papers117_121_sequence/phase1/CANDIDATE_POOL_AND_KILL_LEDGER.md:21:| P117 | odd-run reversal on labelled cyclic binary words | FREEZE | exact recurrence/census and sharp odd/even maximum preperiods |
/root/autodl-tmp/hilbert-polya-structure/symbolic_dynamics/docs/papers82_86_sequence/phase1/CANDIDATE_POOL_AND_KILL_LEDGER.md:33:| deterministic pop-stack iteration | `KILL_DIRECT_OWNER_AND_NO_RECURRENT_SIGNAL` | Albert–Vatter own the sharp `n-1` convergence theorem; Claesson–Guðmundsson own the fixed-pass rational enumeration; exhaustive probing found only the identity cycle |
/root/autodl-tmp/hilbert-polya-structure/symbolic_dynamics/docs/papers132_136_sequence/scouting/stochastic/SCOUT.md:41:| `R01` | Binary line; rewrite any `100 -> 011`. Audit Fibonacci value, terminal, depth, image size, and terminal fibres. | lengths 1--14; 32,766 | Confluent with a sharp clock and extremal fibres, but Fibonacci-normalization and maximal-representation owners eat the core. **`KILL_OWNER_FIBONACCI_REPRESENTATIONS`.** |
/root/autodl-tmp/hilbert-polya-structure/symbolic_dynamics/docs/papers132_136_sequence/scouting/stochastic/SCOUT.md:235:| P117 odd-run cyclic reversal | Binary runs, parity, and transient/recurrent questions. | P117 is a synchronous cyclic run map with recurrent one/two-cycles. `R02` is an acyclic open-line rewrite; run residues alone receive no credit. |
/root/autodl-tmp/hilbert-polya-structure/symbolic_dynamics/docs/papers157_161_sequence/scouting/combinatorial/SCOUT.md:43:| 7 | `PPS` | permutations; reverse every maximal descending run | apparent sharp `n-1` pass bound | **`KILL_POP_STACK_OWNER`** |
/root/autodl-tmp/hilbert-polya-structure/symbolic_dynamics/docs/papers157_161_sequence/scouting/combinatorial/SCOUT.md:216:### `PPS` -- parallel pop-stack sorting
/root/autodl-tmp/hilbert-polya-structure/symbolic_dynamics/docs/papers157_161_sequence/scouting/combinatorial/SCOUT.md:227:- **P1--P156 collision.** Pop-stack sorting and its sortable classes are a
/root/autodl-tmp/hilbert-polya-structure/symbolic_dynamics/docs/papers157_161_sequence/scouting/combinatorial/SCOUT.md:230:- **Verdict.** **`KILL_POP_STACK_OWNER`**.
/root/autodl-tmp/hilbert-polya-structure/symbolic_dynamics/docs/papers117_121_sequence/scouting/COMBINATORIAL_PHASE2C_SCOUT.md:12:R2 odd-run reversal, C02 synchronous mex map, the regular Engel map, or a
/root/autodl-tmp/hilbert-polya-structure/symbolic_dynamics/docs/papers157_161_sequence/scouting/combinatorial/verify_combinatorial_scout.py:599:# PPS: reverse every maximal descending run (pop-stack sorting).
/root/autodl-tmp/hilbert-polya-structure/symbolic_dynamics/docs/papers157_161_sequence/scouting/combinatorial/verify_combinatorial_scout.py:602:def pop_stack(permutation: tuple[int, ...]) -> tuple[int, ...]:
/root/autodl-tmp/hilbert-polya-structure/symbolic_dynamics/docs/papers157_161_sequence/scouting/combinatorial/verify_combinatorial_scout.py:614:    image = pop_stack(permutation)
/root/autodl-tmp/hilbert-polya-structure/symbolic_dynamics/docs/papers157_161_sequence/scouting/combinatorial/verify_combinatorial_scout.py:624:            image = pop_stack(source)
/root/autodl-tmp/hilbert-polya-structure/symbolic_dynamics/docs/papers122_126_sequence/scouting/combinatorial/SCOUT.md:34:| **C02** | Permutations $\pi\in S_n$. Cut the one-line word immediately before every left-to-right maximum; reverse every even-length record block simultaneously and leave odd blocks unchanged. | $n\ge0$. Every changed state drops lexicographically. Exact maximum depth is $n-1$; $(2,3,\ldots,n,1)$ is sharp. Fixed counts start $1,1,1,3,9,45,225,\ldots$. | Foata's first fundamental transformation and all-odd-cycle enumeration are zero-credit. Firewall against P105 bond-run contraction and P117 erosion: neither deletion nor run erosion occurs. | **8.3, PROMOTE_SPIKE.** Kill on a direct iterative record-block reversal owner, or if the residual never exceeds the fixed-point bijection plus elementary depth induction. |
/root/autodl-tmp/hilbert-polya-structure/symbolic_dynamics/docs/papers162_166_sequence/scouting/root/SCOUT.md:16:| `RFW` | on `F_p^2`, `(x,y) -> (y,xy inv0(x+y))` | reciprocal conjugacy to the Fibonacci matrix off one singular projective orbit; exact transient polynomial, sharp rank-of-apparition clock, all-time every-target fibres, and complete Mobius cycle inventory | **`SELECT_GREEN_PENDING_HOSTILE_GATE`** |
/root/autodl-tmp/hilbert-polya-structure/symbolic_dynamics/docs/papers127_131_sequence/phase1/CANDIDATE_POOL_AND_KILL_LEDGER.md:31:| root | X07, X18 after mandatory rewrites | none | 20 | most alternatives reduced to gated involutions, free rotations, known pop-stack/CA engines, or unstable casework |
/root/autodl-tmp/hilbert-polya-structure/symbolic_dynamics/docs/papers172_176_sequence/scouting/fresh_geometry_automata/SCOUT_AND_KILL_LEDGER.md:26:| `D18_FCI` | Set partitions.  Conjugate the integer partition of block sizes and output the consecutive-interval partition of that new type. | Every partition through `n=9`; image size `p(n)`, recurrent fixed/2-cycles by self-conjugate types, all nonimage states at depth one. | A canonical target of type `mu` has `n!/(prod lambda_i! prod_s m_s(lambda)!)` parents for `lambda=mu'`. | **`KILL_QUOTIENT_SHADOW`.** This discards all labelled interlacing retained by `D01_ORT` and reduces to classical Ferrers conjugation plus a standard set-partition type count; P113 is the nearest occupied partition-diagram warning. |
/root/autodl-tmp/hilbert-polya-structure/symbolic_dynamics/papers/111-positive-heisenberg-word-area-cocycle/main.tex:538:convolution nullities; P93 is a symbolic push--pop stack cocycle controlled
/root/autodl-tmp/hilbert-polya-structure/symbolic_dynamics/docs/papers112_116_sequence/scouting/COMBINATORIAL_SCOUT.md:77:  promotion/0-Hecke and pop-stack sorting, noncrossing closure, blocker
/root/autodl-tmp/hilbert-polya-structure/symbolic_dynamics/papers/104-monomial-toggle-contraction-cocycles/main.tex:421:\item P93 studies a noninvertible push--pop stack with reflected maxima and
/root/autodl-tmp/hilbert-polya-structure/symbolic_dynamics/docs/papers172_176_sequence/scouting/combinatorial_crossdomain/SCOUT.md:23:2. Bracket-matching support has a proved Fibonacci image, exact target fibre
/root/autodl-tmp/hilbert-polya-structure/symbolic_dynamics/docs/papers162_166_sequence/scouting/word_combinatorial/SCOUT.md:47:Previously killed pop-stack, pancake, parking-delete-first-one, singleton
/root/autodl-tmp/hilbert-polya-structure/symbolic_dynamics/docs/papers162_166_sequence/scouting/word_combinatorial/SCOUT.md:60:| `SST` | West/Knuth deterministic stack-sort, recursively `S(L n R)=S(L)S(R)n` | on `S_8`, image 1780, fibre range `2..1430`; sharp tail 7 with 720 maximizers | universal `n-1` sorting bound is clean; arbitrary target fibres are the difficult classical fertility problem | direct, heavily developed stack-sorting owner; adjacency to previously killed pop-stack lane | `KILL_DIRECT_OWNER` |
/root/autodl-tmp/hilbert-polya-structure/papers/194-least-raising-crystal-words/main.tex:53:formulas, as well as existing crystal pop-stack sorting, receive zero
/root/autodl-tmp/hilbert-polya-structure/papers/194-least-raising-crystal-words/main.tex:104:Defant and Williams' crystal pop-stack operator sends a vertex in a poppable
/root/autodl-tmp/hilbert-polya-structure/papers/194-least-raising-crystal-words/main.tex:110:is not \eqref{eq:update}: one pop-stack macrostep resolves a whole
/root/autodl-tmp/hilbert-polya-structure/papers/194-least-raising-crystal-words/main.tex:364:fully subtracted, as does the crystal pop-stack dynamical surface.  The claim ceiling is the finite dynamical conjunction of
/root/autodl-tmp/symbolic_dynamics/docs/papers182_186_sequence/scouting/combinatorial_lane/SCOUT_AND_KILL_LEDGER.md:14:| `C07 / IHM` | Set partitions; join all old blocks whose integer hull intervals overlap, taking connected components of that overlap graph. | Every partition through `n=9`; it is idempotent, image/fixed count `2^(n-1)=256`; one-block fibres are the atomic-partition numbers `1,1,2,6,22,92,426,2146,11624`. | Interval-partition image and product fibres over atomic set partitions. | **`KILL_STATIC_CLOSURE`.** Both the clock and inverse are the same interval-overlap closure/species decomposition. |
/root/autodl-tmp/symbolic_dynamics/docs/papers192_196_sequence/scouting/SOURCE_QUERY_LEDGER.md:13:| P194 | least usable Kashiwara raising operator; deterministic crystal scheduler; crystal pop-stack sorting; word crystal dynamics fibres | Kashiwara; Bump--Schilling; Fulton; Sagan; Stanley; Defant--Williams (2022) on a noninvertible restricted-descent-component crystal pop-stack map with convergence and a sharp maximum orbit size | nearest deterministic crystal-dynamics owner added and zero-credited after Review B; its macrostep is not the one-edge least-current-colour scheduler and it does not transfer the clock/layers/fibre atlas; `OWNER_AMBER` |
/root/autodl-tmp/symbolic_dynamics/papers/188-self-cardinality-truncation/PROOF_PACKAGE.md:25:   smaller Fibonacci number, making the empty fibre uniquely extremal.
/root/autodl-tmp/hilbert-polya-structure/papers/188-self-cardinality-truncation/PROOF_PACKAGE.md:25:   smaller Fibonacci number, making the empty fibre uniquely extremal.
/root/autodl-tmp/symbolic_dynamics/docs/papers132_136_sequence/phase1/CANDIDATE_POOL_AND_KILL_LEDGER.md:35:| P132 | a binary word is replaced by the weak-majority signs of all its prefixes | fixed language, sharp `ceil(log_2 n)` feedback clock, full target-fibre atlas, Fibonacci image, unique extremal fibre | **post-repair internal contract** |
/root/autodl-tmp/hilbert-polya-structure/papers/197-ternary-cyclic-sign-difference/main.tex:23:\title[Cyclic sign differences]{A Fourth-Root-of-Shift Core and Exact Fibonacci Fibres\protect\\ for Ternary Cyclic Sign Differences}
/root/autodl-tmp/symbolic_dynamics/docs/papers132_136_sequence/scouting/stochastic/verify_stochastic_scout.py:177:        f"terminating confluent Fibonacci normalization; sharp depths {maximums[-8:]}; terminal fibre ranges end at {fibre_ranges[-1]}",
/root/autodl-tmp/symbolic_dynamics/papers/104-monomial-toggle-contraction-cocycles/main.tex:421:\item P93 studies a noninvertible push--pop stack with reflected maxima and
/root/autodl-tmp/symbolic_dynamics/docs/papers107_111_sequence/scouting/COMBINATORIAL_SCOUT.md:58:- rowmotion, promotion/0-Hecke and pop-stack actions, source candidates that
/root/autodl-tmp/hilbert-polya-structure/docs/papers204_208_sequence/scouting/finite_systems_nineteenth/evidence_capture_02/history_proof_engine.command.json:1297:    "/root/autodl-tmp/hilbert-polya-structure/symbolic_dynamics/papers/93-random-push-pop-stack-cocycles/main.tex",
/root/autodl-tmp/hilbert-polya-structure/docs/papers204_208_sequence/scouting/finite_systems_nineteenth/evidence_capture_02/history_proof_engine.command.json:1577:    "/root/autodl-tmp/hilbert-polya-structure/symbolic_dynamics/papers/117-odd-run-reversal-cyclic-words/main.tex",
/root/autodl-tmp/hilbert-polya-structure/docs/papers204_208_sequence/scouting/finite_systems_nineteenth/evidence_capture_02/history_proof_engine.command.json:1578:    "/root/autodl-tmp/hilbert-polya-structure/symbolic_dynamics/papers/117-odd-run-reversal-cyclic-words/figures/table_exact_counts.tex",
/root/autodl-tmp/hilbert-polya-structure/docs/papers204_208_sequence/scouting/finite_systems_nineteenth/evidence_capture_02/history_proof_engine.command.json:3176:    "/root/autodl-tmp/symbolic_dynamics/papers/93-random-push-pop-stack-cocycles/main.tex",
/root/autodl-tmp/hilbert-polya-structure/docs/papers204_208_sequence/scouting/finite_systems_nineteenth/evidence_capture_02/history_proof_engine.command.json:3947:    "/root/autodl-tmp/symbolic_dynamics/papers/117-odd-run-reversal-cyclic-words/main.tex",
/root/autodl-tmp/hilbert-polya-structure/docs/papers204_208_sequence/scouting/finite_systems_nineteenth/evidence_capture_02/history_proof_engine.command.json:3958:    "/root/autodl-tmp/symbolic_dynamics/papers/117-odd-run-reversal-cyclic-words/figures/table_exact_counts.tex",
/root/autodl-tmp/symbolic_dynamics/docs/papers162_166_sequence/scouting/root/SCOUT.md:16:| `RFW` | on `F_p^2`, `(x,y) -> (y,xy inv0(x+y))` | reciprocal conjugacy to the Fibonacci matrix off one singular projective orbit; exact transient polynomial, sharp rank-of-apparition clock, all-time every-target fibres, and complete Mobius cycle inventory | **`SELECT_GREEN_PENDING_HOSTILE_GATE`** |
/root/autodl-tmp/symbolic_dynamics/papers/93-random-push-pop-stack-cocycles/main.tex:35:\title[Random push--pop stack cocycles]{Running-Maximum Normal Forms for Random Push--Pop Stack Cocycles:\\
/root/autodl-tmp/symbolic_dynamics/papers/196-cyclic-godel-implication/main.tex:84:rule differ from Rule 184 in P90, odd-run reversal in P117, cyclic equality
/root/autodl-tmp/symbolic_dynamics/docs/papers117_121_sequence/scouting/COMBINATORIAL_PHASE2C_SCOUT.md:12:R2 odd-run reversal, C02 synchronous mex map, the regular Engel map, or a
/root/autodl-tmp/hilbert-polya-structure/docs/papers204_208_sequence/scouting/combinatorial/SCOUT_REPORT.md:19:| C01_DRF | Permutations: independently rotate each maximal strict decreasing run one place right, so its minimum moves to its front. | `n=8`: `(40320,8362,1,7,34)`; unique identity endpoint; exact admissible-run inverse and Fibonacci identity fibre. | `KILL_SORTING_SHELL`. An inversion-decreasing run operation, not a new temporal mechanism. The observed sharp `n−1` upper bound and global fibre extremum are not claimed as proved. |
/root/autodl-tmp/symbolic_dynamics/docs/papers132_136_sequence/replacement_scout/inversion_rank/SCOUT.md:186:| S19 | decode, pop-stack-sort, re-encode | `(1653,1,6,1)`; tail `n-1` | KILL — classical pop-stack sorting |
/root/autodl-tmp/symbolic_dynamics/docs/papers132_136_sequence/replacement_scout/inversion_rank/SCOUT.md:239:- **P117:** odd-run reversal is literally separate; no useful theorem is imported
/root/autodl-tmp/hilbert-polya-structure/symbolic_dynamics/papers/93-random-push-pop-stack-cocycles/main.tex:35:\title[Random push--pop stack cocycles]{Running-Maximum Normal Forms for Random Push--Pop Stack Cocycles:\\
/root/autodl-tmp/symbolic_dynamics/docs/papers112_116_sequence/scouting/COMBINATORIAL_SCOUT.md:77:  promotion/0-Hecke and pop-stack sorting, noncrossing closure, blocker
/root/autodl-tmp/symbolic_dynamics/docs/papers204_208_sequence/scouting/finite_systems_nineteenth/evidence_capture_02/history_proof_engine.stdout:30:/root/autodl-tmp/hilbert-polya-structure/symbolic_dynamics/docs/papers132_136_sequence/scouting/stochastic/verify_stochastic_scout.py:177:        f"terminating confluent Fibonacci normalization; sharp depths {maximums[-8:]}; terminal fibre ranges end at {fibre_ranges[-1]}",
/root/autodl-tmp/symbolic_dynamics/docs/papers204_208_sequence/scouting/finite_systems_nineteenth/evidence_capture_02/history_proof_engine.stdout:521:/root/autodl-tmp/symbolic_dynamics/docs/papers132_136_sequence/scouting/stochastic/verify_stochastic_scout.py:177:        f"terminating confluent Fibonacci normalization; sharp depths {maximums[-8:]}; terminal fibre ranges end at {fibre_ranges[-1]}",
/root/autodl-tmp/symbolic_dynamics/docs/papers204_208_sequence/scouting/finite_systems_nineteenth/evidence_capture_02/history_proof_engine.stdout:541:/root/autodl-tmp/symbolic_dynamics/docs/papers192_196_sequence/scouting/SOURCE_QUERY_LEDGER.md:13:| P194 | least usable Kashiwara raising operator; deterministic crystal scheduler; crystal pop-stack sorting; word crystal dynamics fibres | Kashiwara; Bump--Schilling; Fulton; Sagan; Stanley; Defant--Williams (2022) on a noninvertible restricted-descent-component crystal pop-stack map with convergence and a sharp maximum orbit size | nearest deterministic crystal-dynamics owner added and zero-credited after Review B; its macrostep is not the one-edge least-current-colour scheduler and it does not transfer the clock/layers/fibre atlas; `OWNER_AMBER` |
/root/autodl-tmp/symbolic_dynamics/docs/papers204_208_sequence/scouting/finite_systems_nineteenth/evidence_capture_02/history_proof_engine.stdout:681:/root/autodl-tmp/hilbert-polya-structure/docs/papers192_196_sequence/scouting/SOURCE_QUERY_LEDGER.md:13:| P194 | least usable Kashiwara raising operator; deterministic crystal scheduler; crystal pop-stack sorting; word crystal dynamics fibres | Kashiwara; Bump--Schilling; Fulton; Sagan; Stanley; Defant--Williams (2022) on a noninvertible restricted-descent-component crystal pop-stack map with convergence and a sharp maximum orbit size | nearest deterministic crystal-dynamics owner added and zero-credited after Review B; its macrostep is not the one-edge least-current-colour scheduler and it does not transfer the clock/layers/fibre atlas; `OWNER_AMBER` |
/root/autodl-tmp/symbolic_dynamics/docs/papers204_208_sequence/scouting/finite_systems_nineteenth/evidence_capture_02/history_proof_engine.stdout:713:/root/autodl-tmp/symbolic_dynamics/docs/papers187_191_sequence/reviews/p188_a/PROOF_REDERIVATION.md:78:## 4. One-step image, Fibonacci counts, and the unique maximum fibre
/root/autodl-tmp/symbolic_dynamics/docs/papers204_208_sequence/scouting/finite_systems_nineteenth/evidence_capture_02/history_proof_engine.stdout:751:/root/autodl-tmp/hilbert-polya-structure/docs/papers187_191_sequence/reviews/p188_a/PROOF_REDERIVATION.md:78:## 4. One-step image, Fibonacci counts, and the unique maximum fibre
/root/autodl-tmp/symbolic_dynamics/docs/papers127_131_sequence/scouting/root/SCOUT.md:36:| X21 | permutations; reverse every maximal descending run | unique fixed point and maximum tail 7 at order 8 | kill: classical pop-stack operator |
/root/autodl-tmp/symbolic_dynamics/docs/papers122_126_sequence/scouting/combinatorial/SCOUT.md:34:| **C02** | Permutations $\pi\in S_n$. Cut the one-line word immediately before every left-to-right maximum; reverse every even-length record block simultaneously and leave odd blocks unchanged. | $n\ge0$. Every changed state drops lexicographically. Exact maximum depth is $n-1$; $(2,3,\ldots,n,1)$ is sharp. Fixed counts start $1,1,1,3,9,45,225,\ldots$. | Foata's first fundamental transformation and all-odd-cycle enumeration are zero-credit. Firewall against P105 bond-run contraction and P117 erosion: neither deletion nor run erosion occurs. | **8.3, PROMOTE_SPIKE.** Kill on a direct iterative record-block reversal owner, or if the residual never exceeds the fixed-point bijection plus elementary depth induction. |
/root/autodl-tmp/hilbert-polya-structure/symbolic_dynamics/papers/117-odd-run-reversal-cyclic-words/main.tex:32:\title[Odd-run reversal]{Odd-Run Reversal on Cyclic Binary Words:\
/root/autodl-tmp/hilbert-polya-structure/symbolic_dynamics/papers/117-odd-run-reversal-cyclic-words/main.tex:117:\begin{definition}[odd-run reversal]\label{def:update}
/root/autodl-tmp/hilbert-polya-structure/symbolic_dynamics/papers/117-odd-run-reversal-cyclic-words/main.tex:416:What remains is the exact map-specific conjunction for odd-run reversal: the
/root/autodl-tmp/symbolic_dynamics/docs/papers157_161_sequence/scouting/combinatorial/SCOUT.md:43:| 7 | `PPS` | permutations; reverse every maximal descending run | apparent sharp `n-1` pass bound | **`KILL_POP_STACK_OWNER`** |
/root/autodl-tmp/symbolic_dynamics/docs/papers157_161_sequence/scouting/combinatorial/SCOUT.md:216:### `PPS` -- parallel pop-stack sorting
/root/autodl-tmp/symbolic_dynamics/docs/papers157_161_sequence/scouting/combinatorial/SCOUT.md:227:- **P1--P156 collision.** Pop-stack sorting and its sortable classes are a
/root/autodl-tmp/symbolic_dynamics/docs/papers157_161_sequence/scouting/combinatorial/SCOUT.md:230:- **Verdict.** **`KILL_POP_STACK_OWNER`**.
/root/autodl-tmp/symbolic_dynamics/docs/papers117_121_sequence/phase1/CANDIDATE_POOL_AND_KILL_LEDGER.md:21:| P117 | odd-run reversal on labelled cyclic binary words | FREEZE | exact recurrence/census and sharp odd/even maximum preperiods |
/root/autodl-tmp/symbolic_dynamics/papers/194-least-raising-crystal-words/main.tex:53:formulas, as well as existing crystal pop-stack sorting, receive zero
/root/autodl-tmp/symbolic_dynamics/papers/194-least-raising-crystal-words/main.tex:104:Defant and Williams' crystal pop-stack operator sends a vertex in a poppable
/root/autodl-tmp/symbolic_dynamics/papers/194-least-raising-crystal-words/main.tex:110:is not \eqref{eq:update}: one pop-stack macrostep resolves a whole
/root/autodl-tmp/symbolic_dynamics/papers/194-least-raising-crystal-words/main.tex:364:fully subtracted, as does the crystal pop-stack dynamical surface.  The claim ceiling is the finite dynamical conjunction of
/root/autodl-tmp/symbolic_dynamics/papers/111-positive-heisenberg-word-area-cocycle/main.tex:538:convolution nullities; P93 is a symbolic push--pop stack cocycle controlled
/root/autodl-tmp/symbolic_dynamics/docs/papers172_176_sequence/scouting/combinatorial_crossdomain/SCOUT.md:23:2. Bracket-matching support has a proved Fibonacci image, exact target fibre
/root/autodl-tmp/symbolic_dynamics/papers/197-ternary-cyclic-sign-difference/main.tex:23:\title[Cyclic sign differences]{A Fourth-Root-of-Shift Core and Exact Fibonacci Fibres\protect\\ for Ternary Cyclic Sign Differences}
/root/autodl-tmp/hilbert-polya-structure/docs/papers204_208_sequence/scouting/finite_algebra_ninth/INTAKE.md:48:counted among the six executed rows. Earlier pop-stack inversion, group
/root/autodl-tmp/hilbert-polya-structure/papers/196-cyclic-godel-implication/main.tex:84:rule differ from Rule 184 in P90, odd-run reversal in P117, cyclic equality
/root/autodl-tmp/hilbert-polya-structure/docs/papers204_208_sequence/scouting/graph_geometry_fourth/SCOUT_REPORT.md:60:descending-run pop-stack sorting PPS. The old Newton cubic neighbourhood
/root/autodl-tmp/symbolic_dynamics/docs/papers117_121_sequence/proof_spikes/R2_INFINITE_PROOF_REPORT.md:1:# R2 infinite-family proof report: odd-run reversal
/root/autodl-tmp/symbolic_dynamics/docs/papers197_201_sequence/scouting/word_poset_lane/TCSD_EXACT_GAP_PROOF.md:41:4. A Fibonacci addition identity bounds every nonalternating fibre, including
/root/autodl-tmp/symbolic_dynamics/docs/papers82_86_sequence/phase1/CANDIDATE_POOL_AND_KILL_LEDGER.md:33:| deterministic pop-stack iteration | `KILL_DIRECT_OWNER_AND_NO_RECURRENT_SIGNAL` | Albert–Vatter own the sharp `n-1` convergence theorem; Claesson–Guðmundsson own the fixed-pass rational enumeration; exhaustive probing found only the identity cycle |
/root/autodl-tmp/symbolic_dynamics/docs/papers127_131_sequence/phase1/CANDIDATE_POOL_AND_KILL_LEDGER.md:31:| root | X07, X18 after mandatory rewrites | none | 20 | most alternatives reduced to gated involutions, free rotations, known pop-stack/CA engines, or unstable casework |
/root/autodl-tmp/symbolic_dynamics/docs/papers172_176_sequence/scouting/fresh_geometry_automata/SCOUT_AND_KILL_LEDGER.md:26:| `D18_FCI` | Set partitions.  Conjugate the integer partition of block sizes and output the consecutive-interval partition of that new type. | Every partition through `n=9`; image size `p(n)`, recurrent fixed/2-cycles by self-conjugate types, all nonimage states at depth one. | A canonical target of type `mu` has `n!/(prod lambda_i! prod_s m_s(lambda)!)` parents for `lambda=mu'`. | **`KILL_QUOTIENT_SHADOW`.** This discards all labelled interlacing retained by `D01_ORT` and reduces to classical Ferrers conjugation plus a standard set-partition type count; P113 is the nearest occupied partition-diagram warning. |
/root/autodl-tmp/symbolic_dynamics/docs/papers204_208_sequence/scouting/finite_algebra_ninth/INTAKE.md:48:counted among the six executed rows. Earlier pop-stack inversion, group
/root/autodl-tmp/symbolic_dynamics/docs/papers204_208_sequence/scouting/combinatorial/SCOUT_REPORT.md:19:| C01_DRF | Permutations: independently rotate each maximal strict decreasing run one place right, so its minimum moves to its front. | `n=8`: `(40320,8362,1,7,34)`; unique identity endpoint; exact admissible-run inverse and Fibonacci identity fibre. | `KILL_SORTING_SHELL`. An inversion-decreasing run operation, not a new temporal mechanism. The observed sharp `n−1` upper bound and global fibre extremum are not claimed as proved. |
/root/autodl-tmp/symbolic_dynamics/docs/papers117_121_sequence/scouting/ROOT_SCOUT.md:38:## R2 — odd-run reversal on labelled binary cycles
/root/autodl-tmp/symbolic_dynamics/docs/papers117_121_sequence/scouting/ROOT_SCOUT.md:202:| 1 | R2 odd-run reversal | recurrence census + sharp parity-dependent transient | promote A |
/root/autodl-tmp/symbolic_dynamics/docs/papers157_161_sequence/scouting/combinatorial/verify_combinatorial_scout.py:599:# PPS: reverse every maximal descending run (pop-stack sorting).
/root/autodl-tmp/symbolic_dynamics/docs/papers157_161_sequence/scouting/combinatorial/verify_combinatorial_scout.py:602:def pop_stack(permutation: tuple[int, ...]) -> tuple[int, ...]:
/root/autodl-tmp/symbolic_dynamics/docs/papers157_161_sequence/scouting/combinatorial/verify_combinatorial_scout.py:614:    image = pop_stack(permutation)
/root/autodl-tmp/symbolic_dynamics/docs/papers157_161_sequence/scouting/combinatorial/verify_combinatorial_scout.py:624:            image = pop_stack(source)
/root/autodl-tmp/symbolic_dynamics/docs/papers204_208_sequence/scouting/finite_systems_nineteenth/evidence_capture_02/history_proof_engine.command.json:1297:    "/root/autodl-tmp/hilbert-polya-structure/symbolic_dynamics/papers/93-random-push-pop-stack-cocycles/main.tex",
/root/autodl-tmp/symbolic_dynamics/docs/papers204_208_sequence/scouting/finite_systems_nineteenth/evidence_capture_02/history_proof_engine.command.json:1577:    "/root/autodl-tmp/hilbert-polya-structure/symbolic_dynamics/papers/117-odd-run-reversal-cyclic-words/main.tex",
/root/autodl-tmp/symbolic_dynamics/docs/papers204_208_sequence/scouting/finite_systems_nineteenth/evidence_capture_02/history_proof_engine.command.json:1578:    "/root/autodl-tmp/hilbert-polya-structure/symbolic_dynamics/papers/117-odd-run-reversal-cyclic-words/figures/table_exact_counts.tex",
/root/autodl-tmp/symbolic_dynamics/docs/papers204_208_sequence/scouting/finite_systems_nineteenth/evidence_capture_02/history_proof_engine.command.json:3176:    "/root/autodl-tmp/symbolic_dynamics/papers/93-random-push-pop-stack-cocycles/main.tex",
/root/autodl-tmp/symbolic_dynamics/docs/papers204_208_sequence/scouting/finite_systems_nineteenth/evidence_capture_02/history_proof_engine.command.json:3947:    "/root/autodl-tmp/symbolic_dynamics/papers/117-odd-run-reversal-cyclic-words/main.tex",
/root/autodl-tmp/symbolic_dynamics/docs/papers204_208_sequence/scouting/finite_systems_nineteenth/evidence_capture_02/history_proof_engine.command.json:3958:    "/root/autodl-tmp/symbolic_dynamics/papers/117-odd-run-reversal-cyclic-words/figures/table_exact_counts.tex",
/root/autodl-tmp/hilbert-polya-structure/docs/papers204_208_sequence/scouting/finite_systems_nineteenth/evidence_capture_02/history_proof_engine.stdout:30:/root/autodl-tmp/hilbert-polya-structure/symbolic_dynamics/docs/papers132_136_sequence/scouting/stochastic/verify_stochastic_scout.py:177:        f"terminating confluent Fibonacci normalization; sharp depths {maximums[-8:]}; terminal fibre ranges end at {fibre_ranges[-1]}",
/root/autodl-tmp/hilbert-polya-structure/docs/papers204_208_sequence/scouting/finite_systems_nineteenth/evidence_capture_02/history_proof_engine.stdout:521:/root/autodl-tmp/symbolic_dynamics/docs/papers132_136_sequence/scouting/stochastic/verify_stochastic_scout.py:177:        f"terminating confluent Fibonacci normalization; sharp depths {maximums[-8:]}; terminal fibre ranges end at {fibre_ranges[-1]}",
/root/autodl-tmp/hilbert-polya-structure/docs/papers204_208_sequence/scouting/finite_systems_nineteenth/evidence_capture_02/history_proof_engine.stdout:541:/root/autodl-tmp/symbolic_dynamics/docs/papers192_196_sequence/scouting/SOURCE_QUERY_LEDGER.md:13:| P194 | least usable Kashiwara raising operator; deterministic crystal scheduler; crystal pop-stack sorting; word crystal dynamics fibres | Kashiwara; Bump--Schilling; Fulton; Sagan; Stanley; Defant--Williams (2022) on a noninvertible restricted-descent-component crystal pop-stack map with convergence and a sharp maximum orbit size | nearest deterministic crystal-dynamics owner added and zero-credited after Review B; its macrostep is not the one-edge least-current-colour scheduler and it does not transfer the clock/layers/fibre atlas; `OWNER_AMBER` |
/root/autodl-tmp/hilbert-polya-structure/docs/papers204_208_sequence/scouting/finite_systems_nineteenth/evidence_capture_02/history_proof_engine.stdout:681:/root/autodl-tmp/hilbert-polya-structure/docs/papers192_196_sequence/scouting/SOURCE_QUERY_LEDGER.md:13:| P194 | least usable Kashiwara raising operator; deterministic crystal scheduler; crystal pop-stack sorting; word crystal dynamics fibres | Kashiwara; Bump--Schilling; Fulton; Sagan; Stanley; Defant--Williams (2022) on a noninvertible restricted-descent-component crystal pop-stack map with convergence and a sharp maximum orbit size | nearest deterministic crystal-dynamics owner added and zero-credited after Review B; its macrostep is not the one-edge least-current-colour scheduler and it does not transfer the clock/layers/fibre atlas; `OWNER_AMBER` |
/root/autodl-tmp/hilbert-polya-structure/docs/papers204_208_sequence/scouting/finite_systems_nineteenth/evidence_capture_02/history_proof_engine.stdout:713:/root/autodl-tmp/symbolic_dynamics/docs/papers187_191_sequence/reviews/p188_a/PROOF_REDERIVATION.md:78:## 4. One-step image, Fibonacci counts, and the unique maximum fibre
/root/autodl-tmp/hilbert-polya-structure/docs/papers204_208_sequence/scouting/finite_systems_nineteenth/evidence_capture_02/history_proof_engine.stdout:751:/root/autodl-tmp/hilbert-polya-structure/docs/papers187_191_sequence/reviews/p188_a/PROOF_REDERIVATION.md:78:## 4. One-step image, Fibonacci counts, and the unique maximum fibre
/root/autodl-tmp/hilbert-polya-structure/docs/papers197_201_sequence/scouting/word_poset_lane/TCSD_EXACT_GAP_PROOF.md:41:4. A Fibonacci addition identity bounds every nonalternating fibre, including
/root/autodl-tmp/symbolic_dynamics/papers/108-capped-fibonacci-dynamics/main.tex:73:the Fibonacci threshold for worst-case depth, and the inverse-fibre
/root/autodl-tmp/symbolic_dynamics/docs/papers172_176_sequence/scouting/combinatorial_crossdomain/IDEA_LEDGER.md:36:| `W01_BMS` | Binary words.  Interpret 1/0 as open/close parentheses, perform canonical stack matching, and mark exactly matched positions by 1. | Every word through length 16 independently; unique zero attractor, strict first-run potential, Fibonacci image, and an every-target Catalan-product fibre formula; observed maximum tails `1,2,3,3,4,5,5,5,6,7,7,8,8,8,9,9`. | **KILL_CURRENT / OWNER-AMBER CONTROL.** The static theorem is the Dyck normal-form engine occupied by P74, with P90/box-ball and P93 stack proximity; no sharp all-length maximum clock remains after subtraction. |
/root/autodl-tmp/symbolic_dynamics/docs/papers162_166_sequence/scouting/word_combinatorial/SCOUT.md:47:Previously killed pop-stack, pancake, parking-delete-first-one, singleton
/root/autodl-tmp/symbolic_dynamics/docs/papers162_166_sequence/scouting/word_combinatorial/SCOUT.md:60:| `SST` | West/Knuth deterministic stack-sort, recursively `S(L n R)=S(L)S(R)n` | on `S_8`, image 1780, fibre range `2..1430`; sharp tail 7 with 720 maximizers | universal `n-1` sorting bound is clean; arbitrary target fibres are the difficult classical fertility problem | direct, heavily developed stack-sorting owner; adjacency to previously killed pop-stack lane | `KILL_DIRECT_OWNER` |
/root/autodl-tmp/symbolic_dynamics/docs/papers127_131_sequence/scouting/combinatorial/SCOUT.md:317:- `pop-stack operator distributive lattice order ideals remove maximal`;
/root/autodl-tmp/hilbert-polya-structure/docs/papers204_208_sequence/scouting/word_local/MNC_GATE/SOURCE_AND_PROOF.md:237:- P117, odd-run reversal: literal definition and boundary-cost drop lemma.
/root/autodl-tmp/symbolic_dynamics/docs/papers204_208_sequence/scouting/graph_geometry_fourth/SCOUT_REPORT.md:60:descending-run pop-stack sorting PPS. The old Newton cubic neighbourhood
/root/autodl-tmp/symbolic_dynamics/papers/117-odd-run-reversal-cyclic-words/main.tex:32:\title[Odd-run reversal]{Odd-Run Reversal on Cyclic Binary Words:\
/root/autodl-tmp/symbolic_dynamics/papers/117-odd-run-reversal-cyclic-words/main.tex:117:\begin{definition}[odd-run reversal]\label{def:update}
/root/autodl-tmp/symbolic_dynamics/papers/117-odd-run-reversal-cyclic-words/main.tex:416:What remains is the exact map-specific conjunction for odd-run reversal: the
/root/autodl-tmp/symbolic_dynamics/docs/papers204_208_sequence/scouting/finite_algebra_ninth/inverse_execution_01/INTAKE.md:48:counted among the six executed rows. Earlier pop-stack inversion, group
