/root/autodl-tmp/hilbert-polya-structure/symbolic_dynamics/docs/papers127_131_sequence/scouting/combinatorial/SCOUT.md:14:Engel/unitriangular reduction, odd-fringe tree mirroring, parity root rotation,
/root/autodl-tmp/hilbert-polya-structure/symbolic_dynamics/docs/papers122_126_sequence/scouting/algebraic/SCOUT.md:40:- standard Lang, Engel, Cartier, Frobenius-root, or Hasse-derivative dynamics;
/root/autodl-tmp/hilbert-polya-structure/symbolic_dynamics/docs/papers122_126_sequence/scouting/algebraic/SCOUT.md:43:- the already occupied Boolean zeta, forward-difference, regular-nilpotent commutator, coupled-Cartier, semilinear-Fibonacci, non-PIR shear-ideal, modular Young, McKay-support, tensor-sumset, sumset-squaring, valuation-erasure, group-algebra norm, double-adjugate, annihilator-power, nilpotent-image, shift-join, fixed-Engel, and related mechanisms.
/root/autodl-tmp/hilbert-polya-structure/symbolic_dynamics/docs/papers142_146_sequence/scouting/algebraic/SCOUT.md:301:portfolio rows are P119 (Engel group-word dynamics) and P135 (derived
/root/autodl-tmp/hilbert-polya-structure/symbolic_dynamics/docs/papers117_121_sequence/phase1/CANDIDATE_POOL_AND_KILL_LEDGER.md:23:| P119 | fixed regular Engel map on \(U_n(\mathbb F_q)\) | FREEZE AFTER BIER SUBTRACTION | finite-field coset/fibre multiplicities, all depth/layer and typed-predecessor counts; nonregular counterexample |
/root/autodl-tmp/hilbert-polya-structure/symbolic_dynamics/docs/papers132_136_sequence/replacement_scout/nondivisor_algebra/SCOUT.md:133:| `CT1` | Orbit-size partition of the derived subgroup of `C_(S_n)(sigma)`. | All-weight period at most two; nonsharp tail bound `2n`; complete recurrent decoder and generating functions; one-step fibres as large as 415 in the common box. | **INTERNAL PROMOTION / EXTERNAL OWNER HOLD.**  Structural centralizer and wreath-commutator inputs are zero credit.  Residual value is only the tagged temporal theorem, recurrent census, and target-fibre transfer. |
/root/autodl-tmp/hilbert-polya-structure/symbolic_dynamics/docs/papers132_136_sequence/replacement_scout/nondivisor_algebra/SCOUT.md:134:| `CT2` | Orbit-size partition of the second derived subgroup of the same centralizer. | Periods `1,2`, maximum tail 4, at most 122 recurrent points, maximum fibre 1,511. | **KILL SIBLING.**  Same carrier and proof engine as `CT1`, with a weaker exact package. |
/root/autodl-tmp/hilbert-polya-structure/symbolic_dynamics/docs/papers132_136_sequence/replacement_scout/nondivisor_algebra/SCOUT.md:136:| `CT4` | Orbit-size partition of the center of the centralizer. | Tail at most one and maximum fibre two. | **KILL THIN.**  The sole change is `1^2 -> 2`; every other local class is unchanged. |
/root/autodl-tmp/hilbert-polya-structure/symbolic_dynamics/docs/papers132_136_sequence/replacement_scout/nondivisor_algebra/SCOUT.md:519:| `CT1` versus P113 | P113 principal-hook iteration on the same integer-partition carrier | P113 regroups Ferrers cells into principal hooks and is driven by a Ferrers-gap increment with sharp depth `floor(n/2)`; `CT1` applies the multiplicity thresholds `1/2/>=3` induced by a centralizer-derived subgroup, has genuine two-cycles, and uses tag coarsening with only the nonsharp bound `2n`.  The literal maps and potentials differ, but the shared carrier plus fibre-product/clock package is a serious portfolio subtraction. |
/root/autodl-tmp/hilbert-polya-structure/symbolic_dynamics/docs/papers132_136_sequence/replacement_scout/nondivisor_algebra/SCOUT.md:521:| `CT1/CT2` versus other occupied type lanes | P105 permutation cycle-type pruning; P110 partition shift--join; old multiplicity-profile controls | The update uses a characteristic subgroup of the full permutation centralizer and is neither powering, deletion, nor a lattice shift--join.  `CT2` is killed as a same-engine sibling; only the complete `CT1` temporal/fibre package survives internally. |
/root/autodl-tmp/hilbert-polya-structure/symbolic_dynamics/docs/papers132_136_sequence/replacement_scout/nondivisor_algebra/SCOUT.md:556:| 1 | `CT1` | Exact centralizer-derived type rule; all-weight period at most two and tail at most `2n`; complete recurrent decoder/OGFs; every-target one-step fibre | **INTERNAL PROMOTION / EXTERNAL OWNER HOLD.**  The former proof hold is closed; require specialist ownership review and a value decision before any allocation or release. |
/root/autodl-tmp/hilbert-polya-structure/symbolic_dynamics/docs/papers132_136_sequence/scouting/algebraic/SCOUT.md:371:dynamics on subspace lattices, P115 Cartier coefficient dynamics, P119 Engel
/root/autodl-tmp/hilbert-polya-structure/symbolic_dynamics/docs/papers162_166_sequence/scouting/stochastic_spatial/SCOUT.md:79:| `HCI` | In the order-`p^3` Heisenberg group, repeatedly intersect centralizers of iid uniform elements. | `p=3,t=3`: `(whole,maximal-abelian,centre)=(1,104,624)` after projection. | Centralizer codimension is the rank of `t` iid vectors of `F_p^2`; the complete law is the ordinary random-matrix rank law. | Each maximal abelian target line has `p^t-1` projected histories; centre/whole fibres follow. | Exact transfer to random rank plus P109/P111/P135. | **`KILL_EXACT_RANK_TRANSFER`** |
/root/autodl-tmp/hilbert-polya-structure/symbolic_dynamics/docs/papers157_161_sequence/scouting/algebraic/SCOUT.md:190:- **P1--P156 collision:** direct Heisenberg/unitriangular/Engel overlap with P70, P111, P119, and P137.
/root/autodl-tmp/hilbert-polya-structure/symbolic_dynamics/docs/papers127_131_sequence/scouting/algebraic/SCOUT.md:32:- P119 occupies fixed-regular Engel commutator dynamics;
/root/autodl-tmp/hilbert-polya-structure/symbolic_dynamics/docs/papers127_131_sequence/scouting/algebraic/SCOUT.md:310:- P119 is a group commutator/Engel image map.
/root/autodl-tmp/hilbert-polya-structure/symbolic_dynamics/papers/18-incidence-transition-holonomy/PROOF_PACKAGE.md:248:The finite matrix determinant lemma or Sylvester's identity reduces the
/root/autodl-tmp/hilbert-polya-structure/symbolic_dynamics/papers/18-incidence-transition-holonomy/PROOF_PACKAGE.md:477:matrix is \(A_\rho Q^2\).  Sylvester's identity
/root/autodl-tmp/hilbert-polya-structure/symbolic_dynamics/docs/papers117_121_sequence/scouting/ALGEBRAIC_PHASE2B_SCOUT.md:217:## B2B-04: fixed regular-unipotent Engel iteration
/root/autodl-tmp/hilbert-polya-structure/symbolic_dynamics/docs/papers117_121_sequence/scouting/ALGEBRAIC_PHASE2B_SCOUT.md:248:**Proof route B: centralizer cosets plus filtration induction.** Fibres of
/root/autodl-tmp/hilbert-polya-structure/symbolic_dynamics/docs/papers117_121_sequence/scouting/ALGEBRAIC_PHASE2B_SCOUT.md:255:**Owner subtraction and strongest objection.** Fixed-second-variable Engel
/root/autodl-tmp/hilbert-polya-structure/symbolic_dynamics/docs/papers117_121_sequence/scouting/ALGEBRAIC_PHASE2B_SCOUT.md:257:computational neighbor explicitly using fixed-$y$ Engel chains is
/root/autodl-tmp/hilbert-polya-structure/symbolic_dynamics/docs/papers117_121_sequence/scouting/ALGEBRAIC_PHASE2B_SCOUT.md:258:[A Computational Approach to Verbal Width for Engel Words in Alternating
/root/autodl-tmp/hilbert-polya-structure/symbolic_dynamics/docs/papers117_121_sequence/scouting/ALGEBRAIC_PHASE2B_SCOUT.md:261:Engel sinks is Khukhro--Shumyatsky,
/root/autodl-tmp/hilbert-polya-structure/symbolic_dynamics/docs/papers117_121_sequence/scouting/ALGEBRAIC_PHASE2B_SCOUT.md:262:[On finite groups containing an element whose Engel sink is small
/root/autodl-tmp/hilbert-polya-structure/symbolic_dynamics/docs/papers117_121_sequence/scouting/ALGEBRAIC_PHASE2B_SCOUT.md:267:lemma and the classical regular-centralizer count, every fibre and every
/root/autodl-tmp/hilbert-polya-structure/symbolic_dynamics/docs/papers117_121_sequence/scouting/ALGEBRAIC_PHASE2B_SCOUT.md:389:[alg_regular_engel.py](../proof_spikes/alg_regular_engel.py) adds 103,599
/root/autodl-tmp/hilbert-polya-structure/symbolic_dynamics/docs/papers117_121_sequence/scouting/ALGEBRAIC_PHASE2B_SCOUT.md:421:- B2B-04: “Engel map unitriangular group fixed element functional graph,”
/root/autodl-tmp/hilbert-polya-structure/symbolic_dynamics/docs/papers117_121_sequence/scouting/ALGEBRAIC_PHASE2B_SCOUT.md:423:  Jordan unipotent Engel fibres,” including 2025--2026 Engel-sink work.
/root/autodl-tmp/hilbert-polya-structure/symbolic_dynamics/docs/papers117_121_sequence/scouting/ALGEBRAIC_PHASE2B_SCOUT.md:425:“Engel graph” often denotes a different undirected graph and was not treated
/root/autodl-tmp/hilbert-polya-structure/symbolic_dynamics/docs/papers117_121_sequence/scouting/ALGEBRAIC_PHASE2B_SCOUT.md:434:| 1 | B2B-04 | 7.0 | **CONDITIONAL PROMOTE** | Fixed-regular-unipotent surjectivity plus the full $(q,n,k,t)$ stratified component; regular centralizers and Engel chains are zero credit |
/root/autodl-tmp/hilbert-polya-structure/symbolic_dynamics/docs/papers162_166_sequence/scouting/replacement_adaptive_maps/SCOUT.md:71:| `PFC` | conjugate a permutation by the label cycle raised to its fixed-point count | `S_7`: 1,855 fixed states and 455 seven-cycles | conjugation preserves fixed-point count | finite group conjugation action; P154 normalizer/centralizer neighbourhood; singleton fibres | `KILL_GROUP_ACTION_ONLY` |
/root/autodl-tmp/hilbert-polya-structure/symbolic_dynamics/docs/papers117_121_sequence/scouting/COMBINATORIAL_PHASE2C_SCOUT.md:12:R2 odd-run reversal, C02 synchronous mex map, the regular Engel map, or a
/root/autodl-tmp/hilbert-polya-structure/symbolic_dynamics/docs/papers162_166_sequence/scouting/root_nullity_feedback_jordan_power/SCOUT.md:9:The literal system is mathematically exact and has a clean Sylvester-speed
/root/autodl-tmp/hilbert-polya-structure/symbolic_dynamics/docs/papers162_166_sequence/scouting/root_nullity_feedback_jordan_power/SCOUT.md:42:- sharp global depth first `t` at which the Sylvester exponent
/root/autodl-tmp/hilbert-polya-structure/symbolic_dynamics/docs/papers177_181_sequence/scouting/combinatorial_lane/SCOUT_AND_KILL_LEDGER.md:9:| `C02 / IAC` | `S_n`; with fixed long cycle `c=(0 1 ... n-1)`, set `T(pi)=pi^{-1} c`. | Exhaustive `n<=8`.  `T^2(pi)=c^{-1}pi c`, all periods divide `2n`, and fixed powers reduce to centralizers or square roots of powers of `c`; Möbius inversion gives the full cycle census. | **KILL_PERMUTATION_ROOT_ENGINE.**  Singleton fibres and a full theorem are present, but permutation-root enumeration is directly owned and the dihedral/inversion architecture is occupied by P91/P102/P154. |
/root/autodl-tmp/hilbert-polya-structure/symbolic_dynamics/docs/papers172_176_sequence/scouting/fresh_nonlinear_algebra/SCOUT_AND_KILL_LEDGER.md:27:| `M01/DCF` | (M_n(\mathbb F_q)); (A\mapsto[D(A),A]) | (\Phi^2=0).  A zero-diagonal target is reachable exactly when its undirected support is (q)-colourable; every fibre is an occupation-weighted proper-colouring sum and zero uniquely maximizes it. | **`SURVIVE_INTERNAL / GREEN_OWNER_THIN / HOLD_EXTERNAL`**.  P119 owns the commutator shell and generic fibre-tree architecture, and Potts/chromatic theory owns the graph sum; the state-derived diagonal feedback plus support-sensitive, nonuniform every-target fibre identity does not transfer from either.  This is the sole recommendation. |
/root/autodl-tmp/hilbert-polya-structure/symbolic_dynamics/docs/papers172_176_sequence/scouting/fresh_nonlinear_algebra/SCOUT_AND_KILL_LEDGER.md:38:| `G04/PXE` | (S_n^2); ((x,y)\mapsto(xy,yx)) | At (S_3): height 3 and periods 1,2.  At (S_4): height 5 and periods 1,2,4, with centralizer-sized fibres. | **`KILL_LITERAL_ALMEIDA_THUE_MORSE_OPERATOR`**.  The identical map and its functional-graph viewpoint were already killed in the P122--P126 hostile gate; Almeida directly names and iterates it. |
/root/autodl-tmp/hilbert-polya-structure/symbolic_dynamics/docs/papers172_176_sequence/scouting/algebra_arithmetic/SCOUT_AND_KILL_LEDGER.md:41:| `A16` | `S_n`; `g -> g^{-1}(12)g(12)` | image has `C(n,2)` states, exactly `2n-3` fixed points, no other cycles, and sharp height 2 | every image fibre has size `2(n-2)!`; a closed fixed-point-marked fibre polynomial depends only on support overlap `r=0,1,2` | `KILL_INTERNAL_P119_TRANSFER`: same fixed-element commutator and centralizer-coset fibre engine; the support mark is real but paper-thin, and Fulman 2024 is close externally |
/root/autodl-tmp/hilbert-polya-structure/symbolic_dynamics/docs/papers162_166_sequence/scouting/replacement_nonlinear_algebra/SCOUT.md:39:| `NL01/SCW` | On `H_p^2`, `T(x,y)=(y,[x,y])`. | `p=3: S/I/F/H=729/75/1/3`, `C={1:1}`. | In every class-two group, `T^3=(e,e)`; on generalized Heisenberg groups the middle layer is the alternating-form value. | Every target `(g,c)` has `0`, `|G|`, or `p^(2d)` sources according as `c` and the projection of `g` meet the elementary bilinear criterion.  No independent deformation survives. | Mandatory candidate.  Constant-depth bilinear bookkeeping; P70/P111/P119/P135 and direct commutator-word fibres consume it. **`KILL_WORD_MAP_OWNER_THIN`.** |
/root/autodl-tmp/hilbert-polya-structure/symbolic_dynamics/docs/papers162_166_sequence/scouting/replacement_nonlinear_algebra/SCOUT.md:114:| `NL01`–`NL06`, `NL21` | P70 weighted Heisenberg nullities; P111 Heisenberg area; P119 regular Engel unitriangular dynamics; P135 centralizer partitions; P137 rank-feedback `p`-groups | The new windows centralize in one step or have a finite-linear quotient with a bilinear cocycle.  They add no owner-thin axis after commutator fibres are subtracted. |
/root/autodl-tmp/hilbert-polya-structure/symbolic_dynamics/docs/papers162_166_sequence/scouting/open_fresh_p166/verify_scout.py:219:        check(set(image_fibres.values()) == {expected_centralizer}, f"RTCD fibre n={n}")
/root/autodl-tmp/hilbert-polya-structure/symbolic_dynamics/docs/papers162_166_sequence/scouting/root_nullity_feedback_jordan_power/PROOF_PACKAGE.md:34:## Proposition 3: sharp Sylvester clock
/root/autodl-tmp/hilbert-polya-structure/symbolic_dynamics/papers/119-regular-engel-unitriangular-dynamics/main.tex:43:\title[Regular Engel dynamics]{Regular Engel Dynamics on Unitriangular
/root/autodl-tmp/hilbert-polya-structure/symbolic_dynamics/papers/119-regular-engel-unitriangular-dynamics/main.tex:48:\keywords{unitriangular group, Engel commutator, finite dynamical system,
/root/autodl-tmp/hilbert-polya-structure/symbolic_dynamics/papers/119-regular-engel-unitriangular-dynamics/main.tex:62:as a left centralizer coset, and derive every iterated restricted fibre and
/root/autodl-tmp/hilbert-polya-structure/symbolic_dynamics/papers/119-regular-engel-unitriangular-dynamics/main.tex:69:Engel-image existence, Lang terminology, regular centralizers,
/root/autodl-tmp/hilbert-polya-structure/symbolic_dynamics/papers/119-regular-engel-unitriangular-dynamics/main.tex:79:Fixing the second entry of a commutator turns the left Engel sequence into
/root/autodl-tmp/hilbert-polya-structure/symbolic_dynamics/papers/119-regular-engel-unitriangular-dynamics/main.tex:93:commutators are the classical left Engel sequence, and Engel sinks are
/root/autodl-tmp/hilbert-polya-structure/symbolic_dynamics/papers/119-regular-engel-unitriangular-dynamics/main.tex:99:Engel images.  Every image and existence assertion below is therefore a
/root/autodl-tmp/hilbert-polya-structure/symbolic_dynamics/papers/119-regular-engel-unitriangular-dynamics/main.tex:384:The image equality in part~(i) is also the fixed-$J$ Engel-image construction
/root/autodl-tmp/hilbert-polya-structure/symbolic_dynamics/papers/119-regular-engel-unitriangular-dynamics/main.tex:553:lower-central levels.  The centralizer route explains a fibre as a group
/root/autodl-tmp/hilbert-polya-structure/symbolic_dynamics/papers/119-regular-engel-unitriangular-dynamics/main.tex:559:made for another Engel word or for conjugacy dynamics.  Bier's image theorem,
/root/autodl-tmp/hilbert-polya-structure/symbolic_dynamics/docs/papers162_166_sequence/scouting/root_nullity_feedback_jordan_power/verify_scout.py:78:def sylvester_exponents(steps):
/root/autodl-tmp/hilbert-polya-structure/symbolic_dynamics/docs/papers162_166_sequence/scouting/root_nullity_feedback_jordan_power/verify_scout.py:357:    check(sylvester_exponents(6) == (1, 2, 6, 42, 1806, 3263442, 10650056950806))
/root/autodl-tmp/hilbert-polya-structure/symbolic_dynamics/docs/papers162_166_sequence/scouting/root_nullity_feedback_jordan_power/verify_scout.py:423:    print("[Sylvester exponent thresholds]")
/root/autodl-tmp/hilbert-polya-structure/symbolic_dynamics/docs/papers162_166_sequence/scouting/root_nullity_feedback_jordan_power/verify_scout.py:424:    print("K_0..K_6=" + ",".join(map(str, sylvester_exponents(6))))
/root/autodl-tmp/hilbert-polya-structure/symbolic_dynamics/papers/175-diagonal-feedback-commutator/main.tex:76:\cite{Baddeley1994,LarsenLu2021}.  Fixed-element triangular Engel equations
/root/autodl-tmp/hilbert-polya-structure/symbolic_dynamics/papers/175-diagonal-feedback-commutator/main.tex:79:programme---including its centralizer-coset fibres and filtration tree---is
/root/autodl-tmp/hilbert-polya-structure/symbolic_dynamics/docs/papers132_136_sequence/phase1/CANDIDATE_POOL_AND_KILL_LEDGER.md:38:| P135 | a cycle type is replaced by the orbit-size partition of its derived centralizer | explicit wreath-product local rule, full fixed/two-cycle classification and OGFs, all-target coefficient fibre, finite tagged-lift bound | **internal contract** |
/root/autodl-tmp/hilbert-polya-structure/symbolic_dynamics/papers/18-incidence-transition-holonomy/sections/8_fredholm_boundary.tex:11:on $\ell^2(\Einfty)\otimes V_\rho$.  For finite $P$, Sylvester's identity
/root/autodl-tmp/hilbert-polya-structure/symbolic_dynamics/docs/papers167_171_sequence/scouting/algebra_arithmetic/SCOUT_AND_KILL_LEDGER.md:12:fixed nilpotent, P115 Cartier iteration, P119 Engel iteration, P124 cross-colon
/root/autodl-tmp/hilbert-polya-structure/symbolic_dynamics/papers/135-derived-centralizer-orbit-partitions/main.tex:41:\title[Derived-centralizer orbit partitions]{Derived-Centralizer Orbit Partitions: Tagged Transients, Recurrent Types, and Exact Fibres}
/root/autodl-tmp/hilbert-polya-structure/symbolic_dynamics/papers/18-incidence-transition-holonomy/sections/A_proofs.tex:176:matrix is $A_\rho Q^2$.  Sylvester's identity applied to
/root/autodl-tmp/symbolic_dynamics/papers/175-diagonal-feedback-commutator/main.tex:76:\cite{Baddeley1994,LarsenLu2021}.  Fixed-element triangular Engel equations
/root/autodl-tmp/symbolic_dynamics/papers/175-diagonal-feedback-commutator/main.tex:79:programme---including its centralizer-coset fibres and filtration tree---is
/root/autodl-tmp/symbolic_dynamics/docs/papers172_176_sequence/scouting/algebra_arithmetic/SCOUT_AND_KILL_LEDGER.md:41:| `A16` | `S_n`; `g -> g^{-1}(12)g(12)` | image has `C(n,2)` states, exactly `2n-3` fixed points, no other cycles, and sharp height 2 | every image fibre has size `2(n-2)!`; a closed fixed-point-marked fibre polynomial depends only on support overlap `r=0,1,2` | `KILL_INTERNAL_P119_TRANSFER`: same fixed-element commutator and centralizer-coset fibre engine; the support mark is real but paper-thin, and Fulman 2024 is close externally |
/root/autodl-tmp/symbolic_dynamics/papers/135-derived-centralizer-orbit-partitions/main.tex:41:\title[Derived-centralizer orbit partitions]{Derived-Centralizer Orbit Partitions: Tagged Transients, Recurrent Types, and Exact Fibres}
/root/autodl-tmp/symbolic_dynamics/docs/papers132_136_sequence/phase1/CANDIDATE_POOL_AND_KILL_LEDGER.md:38:| P135 | a cycle type is replaced by the orbit-size partition of its derived centralizer | explicit wreath-product local rule, full fixed/two-cycle classification and OGFs, all-target coefficient fibre, finite tagged-lift bound | **internal contract** |
/root/autodl-tmp/symbolic_dynamics/docs/papers162_166_sequence/scouting/stochastic_spatial/SCOUT.md:79:| `HCI` | In the order-`p^3` Heisenberg group, repeatedly intersect centralizers of iid uniform elements. | `p=3,t=3`: `(whole,maximal-abelian,centre)=(1,104,624)` after projection. | Centralizer codimension is the rank of `t` iid vectors of `F_p^2`; the complete law is the ordinary random-matrix rank law. | Each maximal abelian target line has `p^t-1` projected histories; centre/whole fibres follow. | Exact transfer to random rank plus P109/P111/P135. | **`KILL_EXACT_RANK_TRANSFER`** |
/root/autodl-tmp/symbolic_dynamics/docs/papers132_136_sequence/replacement_scout/nondivisor_algebra/SCOUT.md:133:| `CT1` | Orbit-size partition of the derived subgroup of `C_(S_n)(sigma)`. | All-weight period at most two; nonsharp tail bound `2n`; complete recurrent decoder and generating functions; one-step fibres as large as 415 in the common box. | **INTERNAL PROMOTION / EXTERNAL OWNER HOLD.**  Structural centralizer and wreath-commutator inputs are zero credit.  Residual value is only the tagged temporal theorem, recurrent census, and target-fibre transfer. |
/root/autodl-tmp/symbolic_dynamics/docs/papers132_136_sequence/replacement_scout/nondivisor_algebra/SCOUT.md:134:| `CT2` | Orbit-size partition of the second derived subgroup of the same centralizer. | Periods `1,2`, maximum tail 4, at most 122 recurrent points, maximum fibre 1,511. | **KILL SIBLING.**  Same carrier and proof engine as `CT1`, with a weaker exact package. |
/root/autodl-tmp/symbolic_dynamics/docs/papers132_136_sequence/replacement_scout/nondivisor_algebra/SCOUT.md:136:| `CT4` | Orbit-size partition of the center of the centralizer. | Tail at most one and maximum fibre two. | **KILL THIN.**  The sole change is `1^2 -> 2`; every other local class is unchanged. |
/root/autodl-tmp/symbolic_dynamics/docs/papers132_136_sequence/replacement_scout/nondivisor_algebra/SCOUT.md:519:| `CT1` versus P113 | P113 principal-hook iteration on the same integer-partition carrier | P113 regroups Ferrers cells into principal hooks and is driven by a Ferrers-gap increment with sharp depth `floor(n/2)`; `CT1` applies the multiplicity thresholds `1/2/>=3` induced by a centralizer-derived subgroup, has genuine two-cycles, and uses tag coarsening with only the nonsharp bound `2n`.  The literal maps and potentials differ, but the shared carrier plus fibre-product/clock package is a serious portfolio subtraction. |
/root/autodl-tmp/symbolic_dynamics/docs/papers132_136_sequence/replacement_scout/nondivisor_algebra/SCOUT.md:521:| `CT1/CT2` versus other occupied type lanes | P105 permutation cycle-type pruning; P110 partition shift--join; old multiplicity-profile controls | The update uses a characteristic subgroup of the full permutation centralizer and is neither powering, deletion, nor a lattice shift--join.  `CT2` is killed as a same-engine sibling; only the complete `CT1` temporal/fibre package survives internally. |
/root/autodl-tmp/symbolic_dynamics/docs/papers132_136_sequence/replacement_scout/nondivisor_algebra/SCOUT.md:556:| 1 | `CT1` | Exact centralizer-derived type rule; all-weight period at most two and tail at most `2n`; complete recurrent decoder/OGFs; every-target one-step fibre | **INTERNAL PROMOTION / EXTERNAL OWNER HOLD.**  The former proof hold is closed; require specialist ownership review and a value decision before any allocation or release. |
/root/autodl-tmp/symbolic_dynamics/docs/papers162_166_sequence/scouting/root_nullity_feedback_jordan_power/verify_scout.py:78:def sylvester_exponents(steps):
/root/autodl-tmp/symbolic_dynamics/docs/papers162_166_sequence/scouting/root_nullity_feedback_jordan_power/verify_scout.py:357:    check(sylvester_exponents(6) == (1, 2, 6, 42, 1806, 3263442, 10650056950806))
/root/autodl-tmp/symbolic_dynamics/docs/papers162_166_sequence/scouting/root_nullity_feedback_jordan_power/verify_scout.py:423:    print("[Sylvester exponent thresholds]")
/root/autodl-tmp/symbolic_dynamics/docs/papers162_166_sequence/scouting/root_nullity_feedback_jordan_power/verify_scout.py:424:    print("K_0..K_6=" + ",".join(map(str, sylvester_exponents(6))))
/root/autodl-tmp/symbolic_dynamics/docs/papers117_121_sequence/scouting/COMBINATORIAL_PHASE2C_SCOUT.md:12:R2 odd-run reversal, C02 synchronous mex map, the regular Engel map, or a
/root/autodl-tmp/symbolic_dynamics/docs/papers172_176_sequence/scouting/fresh_nonlinear_algebra/SCOUT_AND_KILL_LEDGER.md:27:| `M01/DCF` | (M_n(\mathbb F_q)); (A\mapsto[D(A),A]) | (\Phi^2=0).  A zero-diagonal target is reachable exactly when its undirected support is (q)-colourable; every fibre is an occupation-weighted proper-colouring sum and zero uniquely maximizes it. | **`SURVIVE_INTERNAL / GREEN_OWNER_THIN / HOLD_EXTERNAL`**.  P119 owns the commutator shell and generic fibre-tree architecture, and Potts/chromatic theory owns the graph sum; the state-derived diagonal feedback plus support-sensitive, nonuniform every-target fibre identity does not transfer from either.  This is the sole recommendation. |
/root/autodl-tmp/symbolic_dynamics/docs/papers172_176_sequence/scouting/fresh_nonlinear_algebra/SCOUT_AND_KILL_LEDGER.md:38:| `G04/PXE` | (S_n^2); ((x,y)\mapsto(xy,yx)) | At (S_3): height 3 and periods 1,2.  At (S_4): height 5 and periods 1,2,4, with centralizer-sized fibres. | **`KILL_LITERAL_ALMEIDA_THUE_MORSE_OPERATOR`**.  The identical map and its functional-graph viewpoint were already killed in the P122--P126 hostile gate; Almeida directly names and iterates it. |
/root/autodl-tmp/symbolic_dynamics/docs/papers127_131_sequence/scouting/combinatorial/SCOUT.md:14:Engel/unitriangular reduction, odd-fringe tree mirroring, parity root rotation,
/root/autodl-tmp/symbolic_dynamics/docs/papers162_166_sequence/scouting/open_fresh_p166/verify_scout.py:219:        check(set(image_fibres.values()) == {expected_centralizer}, f"RTCD fibre n={n}")
/root/autodl-tmp/hilbert-polya-structure/docs/papers204_208_sequence/scouting/finite_systems_thirteenth/INTAKE.md:36:Engel background already consume its entire inverse. It is not one of the
/root/autodl-tmp/symbolic_dynamics/docs/papers122_126_sequence/scouting/algebraic/SCOUT.md:40:- standard Lang, Engel, Cartier, Frobenius-root, or Hasse-derivative dynamics;
/root/autodl-tmp/symbolic_dynamics/docs/papers122_126_sequence/scouting/algebraic/SCOUT.md:43:- the already occupied Boolean zeta, forward-difference, regular-nilpotent commutator, coupled-Cartier, semilinear-Fibonacci, non-PIR shear-ideal, modular Young, McKay-support, tensor-sumset, sumset-squaring, valuation-erasure, group-algebra norm, double-adjugate, annihilator-power, nilpotent-image, shift-join, fixed-Engel, and related mechanisms.
/root/autodl-tmp/symbolic_dynamics/docs/papers117_121_sequence/phase1/CANDIDATE_POOL_AND_KILL_LEDGER.md:23:| P119 | fixed regular Engel map on \(U_n(\mathbb F_q)\) | FREEZE AFTER BIER SUBTRACTION | finite-field coset/fibre multiplicities, all depth/layer and typed-predecessor counts; nonregular counterexample |
/root/autodl-tmp/symbolic_dynamics/docs/papers132_136_sequence/scouting/algebraic/SCOUT.md:371:dynamics on subspace lattices, P115 Cartier coefficient dynamics, P119 Engel
/root/autodl-tmp/symbolic_dynamics/docs/papers177_181_sequence/scouting/combinatorial_lane/SCOUT_AND_KILL_LEDGER.md:9:| `C02 / IAC` | `S_n`; with fixed long cycle `c=(0 1 ... n-1)`, set `T(pi)=pi^{-1} c`. | Exhaustive `n<=8`.  `T^2(pi)=c^{-1}pi c`, all periods divide `2n`, and fixed powers reduce to centralizers or square roots of powers of `c`; Möbius inversion gives the full cycle census. | **KILL_PERMUTATION_ROOT_ENGINE.**  Singleton fibres and a full theorem are present, but permutation-root enumeration is directly owned and the dihedral/inversion architecture is occupied by P91/P102/P154. |
/root/autodl-tmp/hilbert-polya-structure/docs/papers204_208_sequence/scouting/finite_systems_nineteenth/evidence_capture_02/history_proof_engine.command.json:1617:    "/root/autodl-tmp/hilbert-polya-structure/symbolic_dynamics/papers/119-regular-engel-unitriangular-dynamics/main.tex",
/root/autodl-tmp/hilbert-polya-structure/docs/papers204_208_sequence/scouting/finite_systems_nineteenth/evidence_capture_02/history_proof_engine.command.json:3875:    "/root/autodl-tmp/symbolic_dynamics/papers/119-regular-engel-unitriangular-dynamics/main.tex",
/root/autodl-tmp/symbolic_dynamics/docs/papers162_166_sequence/scouting/replacement_adaptive_maps/SCOUT.md:71:| `PFC` | conjugate a permutation by the label cycle raised to its fixed-point count | `S_7`: 1,855 fixed states and 455 seven-cycles | conjugation preserves fixed-point count | finite group conjugation action; P154 normalizer/centralizer neighbourhood; singleton fibres | `KILL_GROUP_ACTION_ONLY` |
/root/autodl-tmp/symbolic_dynamics/papers/119-regular-engel-unitriangular-dynamics/main.tex:43:\title[Regular Engel dynamics]{Regular Engel Dynamics on Unitriangular
/root/autodl-tmp/symbolic_dynamics/papers/119-regular-engel-unitriangular-dynamics/main.tex:48:\keywords{unitriangular group, Engel commutator, finite dynamical system,
/root/autodl-tmp/symbolic_dynamics/papers/119-regular-engel-unitriangular-dynamics/main.tex:62:as a left centralizer coset, and derive every iterated restricted fibre and
/root/autodl-tmp/symbolic_dynamics/papers/119-regular-engel-unitriangular-dynamics/main.tex:69:Engel-image existence, Lang terminology, regular centralizers,
/root/autodl-tmp/symbolic_dynamics/papers/119-regular-engel-unitriangular-dynamics/main.tex:79:Fixing the second entry of a commutator turns the left Engel sequence into
/root/autodl-tmp/symbolic_dynamics/papers/119-regular-engel-unitriangular-dynamics/main.tex:93:commutators are the classical left Engel sequence, and Engel sinks are
/root/autodl-tmp/symbolic_dynamics/papers/119-regular-engel-unitriangular-dynamics/main.tex:99:Engel images.  Every image and existence assertion below is therefore a
/root/autodl-tmp/symbolic_dynamics/papers/119-regular-engel-unitriangular-dynamics/main.tex:384:The image equality in part~(i) is also the fixed-$J$ Engel-image construction
/root/autodl-tmp/symbolic_dynamics/papers/119-regular-engel-unitriangular-dynamics/main.tex:553:lower-central levels.  The centralizer route explains a fibre as a group
/root/autodl-tmp/symbolic_dynamics/papers/119-regular-engel-unitriangular-dynamics/main.tex:559:made for another Engel word or for conjugacy dynamics.  Bier's image theorem,
/root/autodl-tmp/symbolic_dynamics/docs/papers162_166_sequence/scouting/root_nullity_feedback_jordan_power/PROOF_PACKAGE.md:34:## Proposition 3: sharp Sylvester clock
/root/autodl-tmp/symbolic_dynamics/docs/papers117_121_sequence/scouting/ALGEBRAIC_PHASE2B_SCOUT.md:217:## B2B-04: fixed regular-unipotent Engel iteration
/root/autodl-tmp/symbolic_dynamics/docs/papers117_121_sequence/scouting/ALGEBRAIC_PHASE2B_SCOUT.md:248:**Proof route B: centralizer cosets plus filtration induction.** Fibres of
/root/autodl-tmp/symbolic_dynamics/docs/papers117_121_sequence/scouting/ALGEBRAIC_PHASE2B_SCOUT.md:255:**Owner subtraction and strongest objection.** Fixed-second-variable Engel
/root/autodl-tmp/symbolic_dynamics/docs/papers117_121_sequence/scouting/ALGEBRAIC_PHASE2B_SCOUT.md:257:computational neighbor explicitly using fixed-$y$ Engel chains is
/root/autodl-tmp/symbolic_dynamics/docs/papers117_121_sequence/scouting/ALGEBRAIC_PHASE2B_SCOUT.md:258:[A Computational Approach to Verbal Width for Engel Words in Alternating
/root/autodl-tmp/symbolic_dynamics/docs/papers117_121_sequence/scouting/ALGEBRAIC_PHASE2B_SCOUT.md:261:Engel sinks is Khukhro--Shumyatsky,
/root/autodl-tmp/symbolic_dynamics/docs/papers117_121_sequence/scouting/ALGEBRAIC_PHASE2B_SCOUT.md:262:[On finite groups containing an element whose Engel sink is small
/root/autodl-tmp/symbolic_dynamics/docs/papers117_121_sequence/scouting/ALGEBRAIC_PHASE2B_SCOUT.md:267:lemma and the classical regular-centralizer count, every fibre and every
/root/autodl-tmp/symbolic_dynamics/docs/papers117_121_sequence/scouting/ALGEBRAIC_PHASE2B_SCOUT.md:389:[alg_regular_engel.py](../proof_spikes/alg_regular_engel.py) adds 103,599
/root/autodl-tmp/symbolic_dynamics/docs/papers117_121_sequence/scouting/ALGEBRAIC_PHASE2B_SCOUT.md:421:- B2B-04: “Engel map unitriangular group fixed element functional graph,”
/root/autodl-tmp/symbolic_dynamics/docs/papers117_121_sequence/scouting/ALGEBRAIC_PHASE2B_SCOUT.md:423:  Jordan unipotent Engel fibres,” including 2025--2026 Engel-sink work.
/root/autodl-tmp/symbolic_dynamics/docs/papers117_121_sequence/scouting/ALGEBRAIC_PHASE2B_SCOUT.md:425:“Engel graph” often denotes a different undirected graph and was not treated
/root/autodl-tmp/symbolic_dynamics/docs/papers117_121_sequence/scouting/ALGEBRAIC_PHASE2B_SCOUT.md:434:| 1 | B2B-04 | 7.0 | **CONDITIONAL PROMOTE** | Fixed-regular-unipotent surjectivity plus the full $(q,n,k,t)$ stratified component; regular centralizers and Engel chains are zero credit |
/root/autodl-tmp/symbolic_dynamics/docs/papers157_161_sequence/scouting/algebraic/SCOUT.md:190:- **P1--P156 collision:** direct Heisenberg/unitriangular/Engel overlap with P70, P111, P119, and P137.
/root/autodl-tmp/hilbert-polya-structure/docs/papers204_208_sequence/scouting/algebra/PROOF_NOTES.md:146:## CS: commutator-sum feedback on all pairs of 2-by-2 matrices
/root/autodl-tmp/hilbert-polya-structure/docs/papers204_208_sequence/scouting/algebra/PROOF_NOTES.md:200:commutator C is nonzero. There are q^3-q nonscalar trace-zero sums S;
/root/autodl-tmp/hilbert-polya-structure/docs/papers204_208_sequence/scouting/finite_systems_nineteenth/evidence_capture_02/history_proof_engine.stdout:54:/root/autodl-tmp/hilbert-polya-structure/symbolic_dynamics/docs/papers132_136_sequence/replacement_scout/nondivisor_algebra/SCOUT.md:134:| `CT2` | Orbit-size partition of the second derived subgroup of the same centralizer. | Periods `1,2`, maximum tail 4, at most 122 recurrent points, maximum fibre 1,511. | **KILL SIBLING.**  Same carrier and proof engine as `CT1`, with a weaker exact package. |
/root/autodl-tmp/hilbert-polya-structure/docs/papers204_208_sequence/scouting/finite_systems_nineteenth/evidence_capture_02/history_proof_engine.stdout:55:/root/autodl-tmp/hilbert-polya-structure/symbolic_dynamics/docs/papers132_136_sequence/replacement_scout/nondivisor_algebra/SCOUT.md:136:| `CT4` | Orbit-size partition of the center of the centralizer. | Tail at most one and maximum fibre two. | **KILL THIN.**  The sole change is `1^2 -> 2`; every other local class is unchanged. |
/root/autodl-tmp/hilbert-polya-structure/docs/papers204_208_sequence/scouting/finite_systems_nineteenth/evidence_capture_02/history_proof_engine.stdout:454:/root/autodl-tmp/symbolic_dynamics/docs/papers132_136_sequence/replacement_scout/nondivisor_algebra/SCOUT.md:134:| `CT2` | Orbit-size partition of the second derived subgroup of the same centralizer. | Periods `1,2`, maximum tail 4, at most 122 recurrent points, maximum fibre 1,511. | **KILL SIBLING.**  Same carrier and proof engine as `CT1`, with a weaker exact package. |
/root/autodl-tmp/hilbert-polya-structure/docs/papers204_208_sequence/scouting/finite_systems_nineteenth/evidence_capture_02/history_proof_engine.stdout:455:/root/autodl-tmp/symbolic_dynamics/docs/papers132_136_sequence/replacement_scout/nondivisor_algebra/SCOUT.md:136:| `CT4` | Orbit-size partition of the center of the centralizer. | Tail at most one and maximum fibre two. | **KILL THIN.**  The sole change is `1^2 -> 2`; every other local class is unchanged. |
/root/autodl-tmp/symbolic_dynamics/docs/papers142_146_sequence/scouting/algebraic/SCOUT.md:301:portfolio rows are P119 (Engel group-word dynamics) and P135 (derived
/root/autodl-tmp/symbolic_dynamics/papers/18-incidence-transition-holonomy/sections/A_proofs.tex:176:matrix is $A_\rho Q^2$.  Sylvester's identity applied to
/root/autodl-tmp/symbolic_dynamics/docs/papers127_131_sequence/scouting/algebraic/SCOUT.md:32:- P119 occupies fixed-regular Engel commutator dynamics;
/root/autodl-tmp/symbolic_dynamics/docs/papers127_131_sequence/scouting/algebraic/SCOUT.md:310:- P119 is a group commutator/Engel image map.
/root/autodl-tmp/symbolic_dynamics/docs/papers162_166_sequence/scouting/root_nullity_feedback_jordan_power/SCOUT.md:9:The literal system is mathematically exact and has a clean Sylvester-speed
/root/autodl-tmp/symbolic_dynamics/docs/papers162_166_sequence/scouting/root_nullity_feedback_jordan_power/SCOUT.md:42:- sharp global depth first `t` at which the Sylvester exponent
/root/autodl-tmp/symbolic_dynamics/docs/papers204_208_sequence/scouting/finite_systems_fourteenth/SCOUT_REPORT.md:62:  metabelian commutator collapse, characteristic-three line-sum erasure and
/root/autodl-tmp/symbolic_dynamics/papers/18-incidence-transition-holonomy/sections/8_fredholm_boundary.tex:11:on $\ell^2(\Einfty)\otimes V_\rho$.  For finite $P$, Sylvester's identity
/root/autodl-tmp/symbolic_dynamics/papers/18-incidence-transition-holonomy/PROOF_PACKAGE.md:248:The finite matrix determinant lemma or Sylvester's identity reduces the
/root/autodl-tmp/symbolic_dynamics/papers/18-incidence-transition-holonomy/PROOF_PACKAGE.md:477:matrix is \(A_\rho Q^2\).  Sylvester's identity
/root/autodl-tmp/symbolic_dynamics/docs/papers162_166_sequence/scouting/replacement_nonlinear_algebra/SCOUT.md:39:| `NL01/SCW` | On `H_p^2`, `T(x,y)=(y,[x,y])`. | `p=3: S/I/F/H=729/75/1/3`, `C={1:1}`. | In every class-two group, `T^3=(e,e)`; on generalized Heisenberg groups the middle layer is the alternating-form value. | Every target `(g,c)` has `0`, `|G|`, or `p^(2d)` sources according as `c` and the projection of `g` meet the elementary bilinear criterion.  No independent deformation survives. | Mandatory candidate.  Constant-depth bilinear bookkeeping; P70/P111/P119/P135 and direct commutator-word fibres consume it. **`KILL_WORD_MAP_OWNER_THIN`.** |
/root/autodl-tmp/symbolic_dynamics/docs/papers162_166_sequence/scouting/replacement_nonlinear_algebra/SCOUT.md:114:| `NL01`–`NL06`, `NL21` | P70 weighted Heisenberg nullities; P111 Heisenberg area; P119 regular Engel unitriangular dynamics; P135 centralizer partitions; P137 rank-feedback `p`-groups | The new windows centralize in one step or have a finite-linear quotient with a bilinear cocycle.  They add no owner-thin axis after commutator fibres are subtracted. |
/root/autodl-tmp/symbolic_dynamics/docs/papers204_208_sequence/scouting/algebra/PROOF_NOTES.md:146:## CS: commutator-sum feedback on all pairs of 2-by-2 matrices
/root/autodl-tmp/symbolic_dynamics/docs/papers204_208_sequence/scouting/algebra/PROOF_NOTES.md:200:commutator C is nonzero. There are q^3-q nonscalar trace-zero sums S;
/root/autodl-tmp/symbolic_dynamics/docs/papers204_208_sequence/scouting/finite_systems_nineteenth/evidence_capture_02/history_proof_engine.command.json:1617:    "/root/autodl-tmp/hilbert-polya-structure/symbolic_dynamics/papers/119-regular-engel-unitriangular-dynamics/main.tex",
/root/autodl-tmp/symbolic_dynamics/docs/papers204_208_sequence/scouting/finite_systems_nineteenth/evidence_capture_02/history_proof_engine.command.json:3875:    "/root/autodl-tmp/symbolic_dynamics/papers/119-regular-engel-unitriangular-dynamics/main.tex",
/root/autodl-tmp/symbolic_dynamics/docs/papers204_208_sequence/scouting/finite_systems_nineteenth/evidence_capture_02/history_proof_engine.stdout:54:/root/autodl-tmp/hilbert-polya-structure/symbolic_dynamics/docs/papers132_136_sequence/replacement_scout/nondivisor_algebra/SCOUT.md:134:| `CT2` | Orbit-size partition of the second derived subgroup of the same centralizer. | Periods `1,2`, maximum tail 4, at most 122 recurrent points, maximum fibre 1,511. | **KILL SIBLING.**  Same carrier and proof engine as `CT1`, with a weaker exact package. |
/root/autodl-tmp/symbolic_dynamics/docs/papers204_208_sequence/scouting/finite_systems_nineteenth/evidence_capture_02/history_proof_engine.stdout:55:/root/autodl-tmp/hilbert-polya-structure/symbolic_dynamics/docs/papers132_136_sequence/replacement_scout/nondivisor_algebra/SCOUT.md:136:| `CT4` | Orbit-size partition of the center of the centralizer. | Tail at most one and maximum fibre two. | **KILL THIN.**  The sole change is `1^2 -> 2`; every other local class is unchanged. |
/root/autodl-tmp/symbolic_dynamics/docs/papers204_208_sequence/scouting/finite_systems_nineteenth/evidence_capture_02/history_proof_engine.stdout:454:/root/autodl-tmp/symbolic_dynamics/docs/papers132_136_sequence/replacement_scout/nondivisor_algebra/SCOUT.md:134:| `CT2` | Orbit-size partition of the second derived subgroup of the same centralizer. | Periods `1,2`, maximum tail 4, at most 122 recurrent points, maximum fibre 1,511. | **KILL SIBLING.**  Same carrier and proof engine as `CT1`, with a weaker exact package. |
/root/autodl-tmp/symbolic_dynamics/docs/papers204_208_sequence/scouting/finite_systems_nineteenth/evidence_capture_02/history_proof_engine.stdout:455:/root/autodl-tmp/symbolic_dynamics/docs/papers132_136_sequence/replacement_scout/nondivisor_algebra/SCOUT.md:136:| `CT4` | Orbit-size partition of the center of the centralizer. | Tail at most one and maximum fibre two. | **KILL THIN.**  The sole change is `1^2 -> 2`; every other local class is unchanged. |
/root/autodl-tmp/symbolic_dynamics/docs/papers167_171_sequence/scouting/algebra_arithmetic/SCOUT_AND_KILL_LEDGER.md:12:fixed nilpotent, P115 Cartier iteration, P119 Engel iteration, P124 cross-colon
/root/autodl-tmp/symbolic_dynamics/docs/papers204_208_sequence/scouting/finite_systems_thirteenth/INTAKE.md:36:Engel background already consume its entire inverse. It is not one of the
/root/autodl-tmp/hilbert-polya-structure/docs/papers204_208_sequence/scouting/finite_systems_fourteenth/SCOUT_REPORT.md:62:  metabelian commutator collapse, characteristic-three line-sum erasure and
