snapshots/14_PROOF_AND_SUBTRACTION.md:64:was also literally piloted as TP in the old second algebra lane.
snapshots/15_PROOF_AND_SUBTRACTION.md:170:F^3(A,B)=(t[E,C],0),\qquad F^4(A,B)=(0,0).$$
snapshots/15_PROOF_AND_SUBTRACTION.md:258:group carrier and TP transformation-semigroup carrier are not silently
snapshots/09_01_setup.tex:5:\begin{equation}\label{eq:rule}
snapshots/09_01_setup.tex:18:functions. Every permutation is fixed by \eqref{eq:rule}, whatever its
snapshots/09_01_setup.tex:54:state. It is not repeated \eqref{eq:rule} on arbitrary endofunctions with
snapshots/09_01_setup.tex:57:and inverse/extremal conjunction for \eqref{eq:rule}, not a general
snapshots/08_main.tex:45:pointwise tail is one plus a longest cyclic compatible run; for $n\geq2$ the
snapshots/08_main.tex:75:\begin{equation}\label{eq:update}
snapshots/08_main.tex:90:\eqref{eq:update}.  Our owner search is bounded.  A search non-hit is not a
snapshots/08_main.tex:160:\begin{theorem}[pointwise and sharp tails]\label{thm:tails}
snapshots/08_main.tex:352:package for \eqref{eq:update}; generic erosion and transfer-matrix vocabulary
snapshots/07_main.tex:63:\begin{equation}\label{eq:literal}
snapshots/07_main.tex:72:\eqref{eq:literal}, not composition powers of the original $f$.
snapshots/07_main.tex:90:\eqref{eq:literal}.  No novelty or priority conclusion is drawn from the
snapshots/07_main.tex:105:If the values $\{g(i):i\in U_g\}$ repeat, define $\Phi_n(g)=0$.  Otherwise
snapshots/07_main.tex:117: \Phi_n(g)=\sum_{A\subseteq F_g}
snapshots/07_main.tex:124:For the literal map \eqref{eq:literal}, the following hold.
snapshots/07_main.tex:166: |\M_n^{-1}(g)|=\Phi_n(g).
snapshots/07_main.tex:316:distinct, proving the zero case in the definition of $\Phi_n$.  A fixed
snapshots/07_main.tex:329:$g\in\Y_n\Longleftrightarrow\Phi_n(g)>0$.
snapshots/07_main.tex:361:A standalone standard-library verifier reconstructs \eqref{eq:literal}
snapshots/05_CANDIDATES.md:15:| `R01/BSE` | cyclic words over the aperiodic Brandt semigroup `B_n={(i,j)} union {0}` | `x_i <- x_i x_(i+1) x_i` in parallel | `n=1`, lengths `1..5`; `n=2`, lengths `1..5`; `n=3`, lengths `1..3` | alternating-inverse run erosion; recurrent colored cycles; target-local transfer fibres |
snapshots/05_CANDIDATES.md:16:| `R02/RBW` | words over rectangular band `I x J`, `(i,j)(k,l)=(i,l)` | `x_i <- x_i x_(i+1)` for `i<m`, with `x_m` fixed | `|I|=|J|=2`, lengths `3..6` | exact one-sided coordinate clock; all-time image and fibre law |
snapshots/05_CANDIDATES.md:18:| `R04/HUR` | ordered pairs in a finite group | `(x,y) <- (xyx^(-1),x)` | `S_3`, `D_8` | Hurwitz-orbit periods and product-class structure |
snapshots/05_CANDIDATES.md:19:| `R05/CSW` | ordered pairs in a finite group | swap `(x,y)` iff `xy=yx`, otherwise hold | `S_3`, `D_8` | commuting-stratum involution census |
snapshots/05_CANDIDATES.md:23:| `R09/RPX` | ordered pairs over a rectangular band | `(x,y) <- (xy,yx)` | rectangular bands `2x2`, `2x3` | product-exchange involution and fixed-pair census |
snapshots/05_CANDIDATES.md:24:| `R10/BPA` | cyclic words over `B_n` | `x_i <- x_i x_(i+1)` in parallel | `n=2`, lengths `3,4,5` | zero propagation, recurrent matrix-unit patterns, target fibres |
snapshots/05_CANDIDATES.md:28:strengthened boundary and every-target audit, R01 is the sole provisional
snapshots/04_SCOUT.md:160:triples.  `TM5` was additionally checked on every element of `T_4`.
snapshots/04_SCOUT.md:164:| `TM1` | `(f,g) -> (f g f, g f g)`. | 745 states; periods `1,2`, tail at most two. | **KILL.**  Standard sandwich words plus no all-`n` census or fibre theorem. |
snapshots/04_SCOUT.md:165:| `TM2` | `(f,g,h) -> (f g, g h, h f)`. | 19,747 states; periods `1,2,3,6,24`, tail at most six. | **KILL DESPITE RECURRENCE.**  The long period at `T_3` is a finite word-map signal without a structural parameter law. |
snapshots/04_SCOUT.md:166:| `TM3` | `(f,g,h) -> (f g h, g h f, h f g)`. | Periods `1,3`, tail at most four, maximum fibre 297. | **KILL.**  Generic cyclic word substitution. |
snapshots/04_SCOUT.md:167:| `TM4` | `(f,g,h) -> (f g f, g h g, h f h)`. | Periods through six, tail at most five. | **KILL.**  No invariant, all-iterate normal form, or target-fibre law. |
snapshots/04_SCOUT.md:168:| `TM5` | Send `f` to the idempotent selecting the least member of each kernel class. | Tail at most one; fixed counts `2,5,15` in degrees `2,3,4`. | **KILL THIN/ORDER-DEPENDENT.**  A chosen Green-class normal form, not dynamics. |
snapshots/04_SCOUT.md:501:`TM2` is the best-looking false positive: `T_3^3` already contains a
snapshots/04_SCOUT.md:504:period is not an all-family result.  `TM1`, `TM3`, and `TM4` have the same word
snapshots/04_SCOUT.md:505:map problem; `TM5` is explicitly an order-dependent one-step normal form.
snapshots/04_SCOUT.md:526:| `TM1--TM5` | P111 positive matrix semigroup, P112 reset semigroups, prior single-sandwich and `(xy,yx)` controls | These are new multi-state word maps on `T_n`, not the occupied systems.  Generic semigroup words without a parameter-uniform classification remain below threshold. |
snapshots/04_SCOUT.md:544:| `TM1--TM5` | `full transformation monoid mutual sandwich dynamics`; exact cyclic word tuples; `kernel idempotent selector` | transformation variants, Green classes, idempotent-generated semigroups | no exact temporal hit, but also no theorem spine; **kill rather than infer novelty from absence** |
snapshots/06_KILL_LEDGER.md:11:| `R01/BSE` | For all tested `n=1,2,3`, including `m=1,2`, every orbit reaches a fixed point with the exact run-erasure tail.  Fixed counts, sharp parity-sensitive maximum tails, every target's transfer fibre, gap factorization, zero-target spectrum, and total fibre mass all match the closed formulas. | `PROVISIONAL_SURVIVOR_OWNER_AMBER` | Generic support/run erosion receives zero credit.  The residual package is stronger: natural Brandt sandwich multiplication, an all-parameter parity obstruction for the sharp tail, and an independent labelled-target inverse theory with an explicit local matrix spectrum.  Direct-owner status remains unresolved, so this is not numbered. |
snapshots/06_KILL_LEDGER.md:12:| `R02/RBW` | For lengths `3..6`, tails are exactly `m-1`; first images halve the carrier and all nonempty first fibres have size two. | `KILL_DIRECT_SHIFT_REGISTER_THIN` | `(i,j)` multiplication only copies the next right coordinate.  Every theorem is a coordinate shift/projection, and rectangular-band cellular automata are established. |
snapshots/06_KILL_LEDGER.md:14:| `R04/HUR` | Every state is recurrent; periods reach four on both `S_3` and `D_8`; all fibres have size one. | `KILL_DIRECT_HURWITZ_ACTION` | The literal update is a standard Hurwitz generator.  Finite-group specialization cannot claim its action or orbit language, and singleton fibres supply no independent axis. |
snapshots/06_KILL_LEDGER.md:15:| `R05/CSW` | Pure fixed points and two-cycles; all fibres have size one. | `KILL_INVOLUTION_ACTION_ONLY` | The update is an involution because commutation is swap-invariant.  A commuting-pair census is static group theory, not a second dynamical theorem. |
snapshots/06_KILL_LEDGER.md:19:| `R09/RPX` | Rectangular bands `2x2` and `2x3` give only fixed points and two-cycles, with singleton fibres. | `KILL_PRODUCT_EXCHANGE_INVOLUTION` | The identity `(xy,yx)^2=(x,y)` is an immediate rectangular-band calculation.  This is thinner than already rejected group product-exchange systems. |
snapshots/06_KILL_LEDGER.md:20:| `R10/BPA` | On `B_2^m`, recurrent count is always three, maximum tail is `m`, and the zero target dominates the fibre histogram. | `KILL_ZERO_PROPAGATION_NO_ATLAS` | Matrix-unit index mismatch merely propagates zero through local products.  Beyond the fixed diagonal words, no uniform target theorem independent of the compatibility-path engine emerged. |
snapshots/06_KILL_LEDGER.md:26:survivors=1 (R01 provisional)
snapshots/06_KILL_LEDGER.md:32:R01 is retained because the strengthened inverse calculation became an exact
snapshots/13_SCOUT_REPORT.md:18:| TP | Full transformation semigroup T_n^2; (f,g)->(fg,gf), fg=f composed with g | n=2,3,4; at n=4,65536 states, core409, H5, periods1,2,4. | Evaluated Thue–Morse substitution is owned vocabulary; no all-n orbit or inverse theorem established. Do not treat low-n period powers as a proof. |
snapshots/12_main.tex:44:\subjclass[2020]{05A05, 37P25, 68R05}
snapshots/12_main.tex:57:Lyapunov statistic.  A recursive decomposition height gives the pointwise
snapshots/12_main.tex:196:We next refine this monotone statistic into a pointwise clock.  For a word of
snapshots/12_main.tex:212:\begin{theorem}[pointwise and sharp clock]\label{thm:clock}
snapshots/12_main.tex:231:pointwise formula by induction on size.
snapshots/12_main.tex:475:adaptive block refinement, the pointwise recursive clock and layer
