/root/autodl-tmp/hilbert-polya-structure/papers/202-ternary-ordered-reset/main.tex:70:also occur in cyclic, Greenberg--Hastings and firefly automata
/root/autodl-tmp/hilbert-polya-structure/papers/205-conflict-triggered-cyclic-increments/main.tex:14:\title[Conflict-triggered cyclic increments]{Activation Distances and Extremal Fibres\protect\\ of Conflict-Triggered Cyclic Increments}
/root/autodl-tmp/hilbert-polya-structure/docs/papers204_208_sequence/scouting/graph_relation_second/SCOUT_REPORT.md:30:source/sink clicks, standard chip firing and ordinary cyclic predator automata
/root/autodl-tmp/hilbert-polya-structure/papers/205-conflict-triggered-cyclic-increments/PROOF_PACKAGE.md:1:# CCI: conflict-triggered cyclic increments
/root/autodl-tmp/hilbert-polya-structure/papers/205-conflict-triggered-cyclic-increments/PROOF_PACKAGE.md:16:the presence of a successor colour as in the usual cyclic cellular automaton.
/root/autodl-tmp/hilbert-polya-structure/papers/205-conflict-triggered-cyclic-increments/PROOF_PACKAGE.md:226:claim that CCI is ordinary CCA, Greenberg--Hastings, or a successful graph
/root/autodl-tmp/hilbert-polya-structure/docs/papers204_208_sequence/scouting/graph_relation_second/CCI_PROOF_PACKAGE.md:1:# CCI: conflict-triggered cyclic increments
/root/autodl-tmp/hilbert-polya-structure/docs/papers204_208_sequence/scouting/graph_relation_second/CCI_PROOF_PACKAGE.md:13:the presence of a successor colour as in the usual cyclic cellular automaton.
/root/autodl-tmp/hilbert-polya-structure/docs/papers204_208_sequence/scouting/graph_relation_second/CCI_PROOF_PACKAGE.md:223:claim that CCI is ordinary CCA, Greenberg--Hastings, or a successful graph
/root/autodl-tmp/hilbert-polya-structure/docs/papers204_208_sequence/scouting/word_local/CPC_INTAKE.md:1:# Cyclic-predator count — one new bounded literal
/root/autodl-tmp/hilbert-polya-structure/docs/papers204_208_sequence/scouting/word_local/CPC_INTAKE.md:25:conjugacies. Equal-colour degree, cyclic cellular automata, contact
/root/autodl-tmp/hilbert-polya-structure/papers/190-brandt-sandwich-erosion/main.tex:79:carrier.  Finite cyclic cellular-automaton transformation semigroups are
/root/autodl-tmp/hilbert-polya-structure/papers/205-conflict-triggered-cyclic-increments/sections/01_setup.tex:20:trigger in the cyclic cellular automaton differs from our equality trigger
/root/autodl-tmp/hilbert-polya-structure/symbolic_dynamics/papers/01-falsification-first-audit/farey_gauss_transfer/results/exact_orbit_ledger.csv.gz: binary file matches (found "\0" byte around offset 32)
/root/autodl-tmp/symbolic_dynamics/docs/papers204_208_sequence/scouting/graph_relation_second/SCOUT_REPORT.md:30:source/sink clicks, standard chip firing and ordinary cyclic predator automata
/root/autodl-tmp/symbolic_dynamics/papers/01-falsification-first-audit/farey_gauss_transfer/results/exact_orbit_ledger.csv.gz: binary file matches (found "\0" byte around offset 32)
/root/autodl-tmp/symbolic_dynamics/docs/papers204_208_sequence/scouting/graph_relation_second/CCI_PROOF_PACKAGE.md:1:# CCI: conflict-triggered cyclic increments
/root/autodl-tmp/symbolic_dynamics/docs/papers204_208_sequence/scouting/graph_relation_second/CCI_PROOF_PACKAGE.md:13:the presence of a successor colour as in the usual cyclic cellular automaton.
/root/autodl-tmp/symbolic_dynamics/docs/papers204_208_sequence/scouting/graph_relation_second/CCI_PROOF_PACKAGE.md:223:claim that CCI is ordinary CCA, Greenberg--Hastings, or a successful graph
/root/autodl-tmp/symbolic_dynamics/papers/190-brandt-sandwich-erosion/main.tex:79:carrier.  Finite cyclic cellular-automaton transformation semigroups are
/root/autodl-tmp/symbolic_dynamics/papers/202-ternary-ordered-reset/main.tex:70:also occur in cyclic, Greenberg--Hastings and firefly automata
/root/autodl-tmp/symbolic_dynamics/docs/papers204_208_sequence/scouting/word_local/CPC_INTAKE.md:1:# Cyclic-predator count — one new bounded literal
/root/autodl-tmp/symbolic_dynamics/docs/papers204_208_sequence/scouting/word_local/CPC_INTAKE.md:25:conjugacies. Equal-colour degree, cyclic cellular automata, contact
/root/autodl-tmp/symbolic_dynamics/papers/205-conflict-triggered-cyclic-increments/sections/01_setup.tex:20:trigger in the cyclic cellular automaton differs from our equality trigger
/root/autodl-tmp/symbolic_dynamics/papers/205-conflict-triggered-cyclic-increments/PROOF_PACKAGE.md:1:# CCI: conflict-triggered cyclic increments
/root/autodl-tmp/symbolic_dynamics/papers/205-conflict-triggered-cyclic-increments/PROOF_PACKAGE.md:16:the presence of a successor colour as in the usual cyclic cellular automaton.
/root/autodl-tmp/symbolic_dynamics/papers/205-conflict-triggered-cyclic-increments/PROOF_PACKAGE.md:226:claim that CCI is ordinary CCA, Greenberg--Hastings, or a successful graph
/root/autodl-tmp/symbolic_dynamics/papers/205-conflict-triggered-cyclic-increments/main.tex:14:\title[Conflict-triggered cyclic increments]{Activation Distances and Extremal Fibres\protect\\ of Conflict-Triggered Cyclic Increments}
