	linux-vdso.so.1 (0x00007fffb9dcb000)
	libpoppler.so.118 => /usr/lib/x86_64-linux-gnu/libpoppler.so.118 (0x00007f089538e000)
	libstdc++.so.6 => /usr/lib/x86_64-linux-gnu/libstdc++.so.6 (0x00007f0895162000)
	libc.so.6 => /usr/lib/x86_64-linux-gnu/libc.so.6 (0x00007f0894f39000)
	libfreetype.so.6 => /usr/lib/x86_64-linux-gnu/libfreetype.so.6 (0x00007f0894e71000)
	libfontconfig.so.1 => /usr/lib/x86_64-linux-gnu/libfontconfig.so.1 (0x00007f0894e27000)
	libjpeg.so.8 => /usr/lib/x86_64-linux-gnu/libjpeg.so.8 (0x00007f0894da4000)
	libz.so.1 => /usr/lib/x86_64-linux-gnu/libz.so.1 (0x00007f0894d88000)
	libopenjp2.so.7 => /usr/lib/x86_64-linux-gnu/libopenjp2.so.7 (0x00007f0894d30000)
	liblcms2.so.2 => /usr/lib/x86_64-linux-gnu/liblcms2.so.2 (0x00007f0894cce000)
	libpng16.so.16 => /usr/lib/x86_64-linux-gnu/libpng16.so.16 (0x00007f0894c93000)
	libtiff.so.5 => /usr/lib/x86_64-linux-gnu/libtiff.so.5 (0x00007f0894c0b000)
	libnss3.so => /usr/lib/x86_64-linux-gnu/libnss3.so (0x00007f0894ad8000)
	libsmime3.so => /usr/lib/x86_64-linux-gnu/libsmime3.so (0x00007f0894aae000)
	libplc4.so => /usr/lib/x86_64-linux-gnu/libplc4.so (0x00007f0894aa7000)
	libnspr4.so => /usr/lib/x86_64-linux-gnu/libnspr4.so (0x00007f0894a67000)
	libm.so.6 => /usr/lib/x86_64-linux-gnu/libm.so.6 (0x00007f0894980000)
	/lib64/ld-linux-x86-64.so.2 (0x00007f0895707000)
	libgcc_s.so.1 => /usr/lib/x86_64-linux-gnu/libgcc_s.so.1 (0x00007f0894960000)
	libbrotlidec.so.1 => /usr/lib/x86_64-linux-gnu/libbrotlidec.so.1 (0x00007f0894950000)
	libexpat.so.1 => /usr/lib/x86_64-linux-gnu/libexpat.so.1 (0x00007f089491f000)
	libuuid.so.1 => /usr/lib/x86_64-linux-gnu/libuuid.so.1 (0x00007f0894916000)
	libwebp.so.7 => /usr/lib/x86_64-linux-gnu/libwebp.so.7 (0x00007f08948a9000)
	libzstd.so.1 => /usr/lib/x86_64-linux-gnu/libzstd.so.1 (0x00007f08947da000)
	liblzma.so.5 => /usr/lib/x86_64-linux-gnu/liblzma.so.5 (0x00007f08947ad000)
	libjbig.so.0 => /usr/lib/x86_64-linux-gnu/libjbig.so.0 (0x00007f089479c000)
	libdeflate.so.0 => /usr/lib/x86_64-linux-gnu/libdeflate.so.0 (0x00007f0894778000)
	libnssutil3.so => /usr/lib/x86_64-linux-gnu/libnssutil3.so (0x00007f0894745000)
	libplds4.so => /usr/lib/x86_64-linux-gnu/libplds4.so (0x00007f0894740000)
	libbrotlicommon.so.1 => /usr/lib/x86_64-linux-gnu/libbrotlicommon.so.1 (0x00007f089471b000)
