	linux-vdso.so.1 (0x00007ffc54271000)
	libpoppler.so.118 => /usr/lib/x86_64-linux-gnu/libpoppler.so.118 (0x00007ff96261d000)
	liblcms2.so.2 => /usr/lib/x86_64-linux-gnu/liblcms2.so.2 (0x00007ff9625bb000)
	libstdc++.so.6 => /usr/lib/x86_64-linux-gnu/libstdc++.so.6 (0x00007ff96238f000)
	libm.so.6 => /usr/lib/x86_64-linux-gnu/libm.so.6 (0x00007ff9622a8000)
	libc.so.6 => /usr/lib/x86_64-linux-gnu/libc.so.6 (0x00007ff96207f000)
	libfreetype.so.6 => /usr/lib/x86_64-linux-gnu/libfreetype.so.6 (0x00007ff961fb5000)
	libfontconfig.so.1 => /usr/lib/x86_64-linux-gnu/libfontconfig.so.1 (0x00007ff961f6b000)
	libjpeg.so.8 => /usr/lib/x86_64-linux-gnu/libjpeg.so.8 (0x00007ff961eea000)
	libz.so.1 => /usr/lib/x86_64-linux-gnu/libz.so.1 (0x00007ff961ece000)
	libopenjp2.so.7 => /usr/lib/x86_64-linux-gnu/libopenjp2.so.7 (0x00007ff961e76000)
	libpng16.so.16 => /usr/lib/x86_64-linux-gnu/libpng16.so.16 (0x00007ff961e3b000)
	libtiff.so.5 => /usr/lib/x86_64-linux-gnu/libtiff.so.5 (0x00007ff961db1000)
	libnss3.so => /usr/lib/x86_64-linux-gnu/libnss3.so (0x00007ff961c80000)
	libsmime3.so => /usr/lib/x86_64-linux-gnu/libsmime3.so (0x00007ff961c56000)
	libplc4.so => /usr/lib/x86_64-linux-gnu/libplc4.so (0x00007ff961c4f000)
	libnspr4.so => /usr/lib/x86_64-linux-gnu/libnspr4.so (0x00007ff961c0f000)
	/lib64/ld-linux-x86-64.so.2 (0x00007ff962994000)
	libgcc_s.so.1 => /usr/lib/x86_64-linux-gnu/libgcc_s.so.1 (0x00007ff961bef000)
	libbrotlidec.so.1 => /usr/lib/x86_64-linux-gnu/libbrotlidec.so.1 (0x00007ff961bdf000)
	libexpat.so.1 => /usr/lib/x86_64-linux-gnu/libexpat.so.1 (0x00007ff961bae000)
	libuuid.so.1 => /usr/lib/x86_64-linux-gnu/libuuid.so.1 (0x00007ff961ba5000)
	libwebp.so.7 => /usr/lib/x86_64-linux-gnu/libwebp.so.7 (0x00007ff961b38000)
	libzstd.so.1 => /usr/lib/x86_64-linux-gnu/libzstd.so.1 (0x00007ff961a69000)
	liblzma.so.5 => /usr/lib/x86_64-linux-gnu/liblzma.so.5 (0x00007ff961a3c000)
	libjbig.so.0 => /usr/lib/x86_64-linux-gnu/libjbig.so.0 (0x00007ff961a2b000)
	libdeflate.so.0 => /usr/lib/x86_64-linux-gnu/libdeflate.so.0 (0x00007ff961a07000)
	libnssutil3.so => /usr/lib/x86_64-linux-gnu/libnssutil3.so (0x00007ff9619d4000)
	libplds4.so => /usr/lib/x86_64-linux-gnu/libplds4.so (0x00007ff9619cf000)
	libbrotlicommon.so.1 => /usr/lib/x86_64-linux-gnu/libbrotlicommon.so.1 (0x00007ff9619aa000)
