{
  "checks": {
    "all_fibre_equality_cases": 63296,
    "all_time_arrival_formula": 255598,
    "every_target_exact_source_set": 63411,
    "exact_entrance": 63411,
    "exact_period": 63411,
    "first_conflict_is_shortest_arrival": 63411,
    "permanent_activation": 255598,
    "sharp_global_clock_small": 15,
    "sharp_global_fibre_small": 15,
    "sharp_path_literal_trajectory": 6916,
    "sharp_path_shortest_distance": 133,
    "static_total_cover_equality": 33864,
    "static_total_cover_upper": 33868,
    "uniform_clock_upper": 63411,
    "uniform_fibre_upper": 63411
  },
  "dynamics": [
    {
      "extremal_graph_target_pairs": 1,
      "height": 0,
      "max_fibre": 1,
      "n": 0,
      "periods": [
        1
      ],
      "q": 3,
      "sources": 1
    },
    {
      "extremal_graph_target_pairs": 1,
      "height": 0,
      "max_fibre": 1,
      "n": 0,
      "periods": [
        1
      ],
      "q": 4,
      "sources": 1
    },
    {
      "extremal_graph_target_pairs": 1,
      "height": 0,
      "max_fibre": 1,
      "n": 0,
      "periods": [
        1
      ],
      "q": 5,
      "sources": 1
    },
    {
      "extremal_graph_target_pairs": 3,
      "height": 0,
      "max_fibre": 1,
      "n": 1,
      "periods": [
        1
      ],
      "q": 3,
      "sources": 3
    },
    {
      "extremal_graph_target_pairs": 4,
      "height": 0,
      "max_fibre": 1,
      "n": 1,
      "periods": [
        1
      ],
      "q": 4,
      "sources": 4
    },
    {
      "extremal_graph_target_pairs": 5,
      "height": 0,
      "max_fibre": 1,
      "n": 1,
      "periods": [
        1
      ],
      "q": 5,
      "sources": 5
    },
    {
      "extremal_graph_target_pairs": 18,
      "height": 0,
      "max_fibre": 1,
      "n": 2,
      "periods": [
        1,
        3
      ],
      "q": 3,
      "sources": 18
    },
    {
      "extremal_graph_target_pairs": 32,
      "height": 0,
      "max_fibre": 1,
      "n": 2,
      "periods": [
        1,
        4
      ],
      "q": 4,
      "sources": 32
    },
    {
      "extremal_graph_target_pairs": 50,
      "height": 0,
      "max_fibre": 1,
      "n": 2,
      "periods": [
        1,
        5
      ],
      "q": 5,
      "sources": 50
    },
    {
      "extremal_graph_target_pairs": 3,
      "height": 2,
      "max_fibre": 4,
      "n": 3,
      "periods": [
        1,
        3
      ],
      "q": 3,
      "sources": 216
    },
    {
      "extremal_graph_target_pairs": 4,
      "height": 3,
      "max_fibre": 4,
      "n": 3,
      "periods": [
        1,
        4
      ],
      "q": 4,
      "sources": 512
    },
    {
      "extremal_graph_target_pairs": 5,
      "height": 4,
      "max_fibre": 4,
      "n": 3,
      "periods": [
        1,
        5
      ],
      "q": 5,
      "sources": 1000
    },
    {
      "extremal_graph_target_pairs": 12,
      "height": 4,
      "max_fibre": 7,
      "n": 4,
      "periods": [
        1,
        3
      ],
      "q": 3,
      "sources": 5184
    },
    {
      "extremal_graph_target_pairs": 16,
      "height": 6,
      "max_fibre": 7,
      "n": 4,
      "periods": [
        1,
        4
      ],
      "q": 4,
      "sources": 16384
    },
    {
      "extremal_graph_target_pairs": 20,
      "height": 8,
      "max_fibre": 7,
      "n": 4,
      "periods": [
        1,
        5
      ],
      "q": 5,
      "sources": 40000
    }
  ],
  "enumeration_sha256": "002a4104d381bd2791d22c12f7f33d4c0cec87e479a384ad8535ac1d13c24310",
  "external_status": "HOLD_EXTERNAL",
  "sharp_path_cases": 133,
  "status": "PASS_BOUNDED_AUTHOR_PROOF_PRESSURE_NOT_INDEPENDENT_REVIEW",
  "total_checks": 1029769,
  "total_cover_extrema": [
    {
      "extremal_graphs": 1,
      "graphs": 1,
      "max_total_covers": 1,
      "n": 0
    },
    {
      "extremal_graphs": 1,
      "graphs": 1,
      "max_total_covers": 1,
      "n": 1
    },
    {
      "extremal_graphs": 2,
      "graphs": 2,
      "max_total_covers": 1,
      "n": 2
    },
    {
      "extremal_graphs": 1,
      "graphs": 8,
      "max_total_covers": 4,
      "n": 3
    },
    {
      "extremal_graphs": 4,
      "graphs": 64,
      "max_total_covers": 7,
      "n": 4
    },
    {
      "extremal_graphs": 5,
      "graphs": 1024,
      "max_total_covers": 15,
      "n": 5
    },
    {
      "extremal_graphs": 6,
      "graphs": 32768,
      "max_total_covers": 31,
      "n": 6
    }
  ]
}
