papers/47-harmonic-egyptian-mordell-tornheim/sections/03_graph_coordinates.tex:51:\subsection{The coprime--scale coordinate}
papers/47-harmonic-egyptian-mordell-tornheim/sections/03_graph_coordinates.tex:57:\label{prop:coprime-coordinate}
papers/47-harmonic-egyptian-mordell-tornheim/sections/03_graph_coordinates.tex:62: \label{eq:coprime-map}
papers/47-harmonic-egyptian-mordell-tornheim/sections/03_graph_coordinates.tex:64:is a bijection from $t\in\N$ and coprime ordered pairs $(a,b)\in\N^2$ to
papers/47-harmonic-egyptian-mordell-tornheim/sections/03_graph_coordinates.tex:72:\eqref{eq:coprime-map}.  The gcd recovers $g$, then $a,b$, and finally $t$,
papers/47-harmonic-egyptian-mordell-tornheim/sections/03_graph_coordinates.tex:81:The pair $(a,b)$ is primitive only in the gcd-one sense.  It contains no
papers/47-harmonic-egyptian-mordell-tornheim/sections/03_graph_coordinates.tex:96:is a bijection from divisors $d\mid m^2$ with $d<m$ onto the neighbors of
papers/47-harmonic-egyptian-mordell-tornheim/sections/03_graph_coordinates.tex:106:\eqref{eq:divisor-map}.  Conversely, a divisor $d<m$ makes the right-hand
papers/47-harmonic-egyptian-mordell-tornheim/sections/03_graph_coordinates.tex:115:\cref{prop:coprime-coordinate}.
papers/47-harmonic-egyptian-mordell-tornheim/sections/03_graph_coordinates.tex:134:\caption{Typed objects.  In particular, neither $k$ nor the gcd-one pair
papers/47-harmonic-egyptian-mordell-tornheim/sections/03_graph_coordinates.tex:145: \label{eq:left-right-factorization}
papers/47-harmonic-egyptian-mordell-tornheim/sections/03_graph_coordinates.tex:151: \label{eq:operator-left-right}
papers/47-harmonic-egyptian-mordell-tornheim/sections/03_graph_coordinates.tex:153:Left and right multiplication by unitaries preserves singular values,
papers/47-harmonic-egyptian-mordell-tornheim/sections/03_graph_coordinates.tex:155:Equation \eqref{eq:operator-left-right} is \emph{not} unitary conjugacy:
papers/47-harmonic-egyptian-mordell-tornheim/sections/03_graph_coordinates.tex:156:the right factor is $U_\tau$, not $U_\tau^*$.  It therefore transfers none
docs/papers204_208_sequence/scouting/algebra/SCOUT_REPORT.md:1:# Algebra scout: eight literal maps, one pending value gate
docs/papers204_208_sequence/scouting/algebra/SCOUT_REPORT.md:4:No paper IDs, central index edits, Git mutations or external actions.
docs/papers204_208_sequence/scouting/algebra/SCOUT_REPORT.md:17:No runtime or higher-dimensional experiment is being used as a proof.
docs/papers204_208_sequence/scouting/algebra/SCOUT_REPORT.md:22:| TM | Mat_n(F_q), A->[A,A^T] | Same four boxes; H2 throughout, including 512 states at n=3,q=2. | NO_PROMOTION: first output is symmetric, hence the second is zero. General inverse problem was not closed; no rescue by larger boxes. |
docs/papers204_208_sequence/scouting/algebra/SCOUT_REPORT.md:26:| FC | Full functions f:F_p->F_p, f->(x->f(f(x))-f(x)) | p=2,3,5, respectively 4,27,3,125 states; H2,3,11. p=5 has periods1,2,4,8. | NO_PROMOTION: no uniform temporal or inverse theorem; affine restriction already carries scalar quadratic dynamics and does not control the full carrier. |
docs/papers204_208_sequence/scouting/algebra/SCOUT_REPORT.md:27:| GH | (Z/NZ)^2 using least residues, (a,b)->(gcd(a,b,N) mod N,a+b mod N) | N=2,3,4,6,8,9,10,12,15. At N=15: 225 states, image=core24, H1. | NO_PROMOTION: after one step the gcd coordinate is fixed and the second is an additive rotor on its multiples; inverse is a one-line gcd/CRT count. |
docs/papers204_208_sequence/scouting/algebra/SCOUT_REPORT.md:28:| DS | Divisors d of N, d->gcd(N,d+N/d) | N=4,8,12,16,36,60,100,144,300,1,020,100. The last has 27 states, one fixed root, H5. | NO_PROMOTION: close exponent-1 variant of P142's exponent-2 divisor map; valuation cancellation does not justify a new seat. |
docs/papers204_208_sequence/scouting/algebra/SCOUT_REPORT.md:30:GH's full proof-engine subtraction is explicit: the image consists of
docs/papers204_208_sequence/scouting/algebra/SCOUT_REPORT.md:34:    (N/d) product_{p | gcd(c/d,N/d)} (1-1/p)
docs/papers204_208_sequence/scouting/algebra/SCOUT_REPORT.md:37:gcd(a,c,N)=d. Thus both axes are direct normalizer/rotor/CRT transfers.
docs/papers204_208_sequence/scouting/algebra/SCOUT_REPORT.md:39:For DS the nontrivial cancellation is real, not a numerical mistake:
docs/papers204_208_sequence/scouting/algebra/SCOUT_REPORT.md:55:image states with s!=0. Height is exactly 2; fixed states number q^4.
docs/papers204_208_sequence/scouting/algebra/SCOUT_REPORT.md:56:Nonfixed recurrent periods are 2 for s=1 and ord(s) for s!=0,1.
docs/papers204_208_sequence/scouting/algebra/SCOUT_REPORT.md:82:all-time rank-jump atlas. If the independent gate finds these are only an
docs/papers204_208_sequence/scouting/algebra/SCOUT_REPORT.md:99:counterexample search returned none in 266,376 pair-states through four
docs/papers147_151_sequence/scouting/algebraic/SCOUT.md:18:| 1 | QAR | `x -> x(x+p)` on `p Z / p^e Z` | exact branched valuation clock, temporal polynomial, and discriminant fibre atlas | medium-high quadratic/`p`-adic owner risk; not the occupied exterior-power control | `SELECT_INTERNAL_OWNER_PENDING` |
docs/papers147_151_sequence/scouting/algebraic/SCOUT.md:19:| 2 | TMD | `x -> x Tr(x)` on `F_{p^n}` | closed iterates, exact tail/period law, and all-target fibres | medium-high trace-polynomial owner risk | `SELECT_INTERNAL_OWNER_PENDING` |
docs/papers147_151_sequence/scouting/algebraic/SCOUT.md:22:| 5 | ASH | `x -> x^p-x` on `F_{p^n}` | exact trace-zero image and constant-field fibres | generic finite linear/Artin--Schreier dynamics; P109/P115 neighbourhood | `KILL_OWNER_LINEAR` |
docs/papers147_151_sequence/scouting/algebraic/SCOUT.md:26:| 9 | LBG | `n -> gcd(n, binom(2n,n))` | short divisor descent | central-binomial divisibility is owner-heavy and endpoints are irregular | `KILL_NO_SPINE` |
docs/papers147_151_sequence/scouting/algebraic/SCOUT.md:53:| LBG | 1 / 2,500 | 12,501 |
docs/papers147_151_sequence/scouting/algebraic/SCOUT.md:79:first jump, while all higher-valuation states subsequently climb by exactly
docs/papers147_151_sequence/scouting/algebraic/SCOUT.md:113:The nearest internal mechanisms are P142's valuation/gcd dynamics, P100's
docs/papers147_151_sequence/scouting/algebraic/SCOUT.md:116:geometry, but that distinction still needs portfolio review.
docs/papers147_151_sequence/scouting/algebraic/SCOUT.md:118:Owner risk is **medium-high**.  Translating by `p/2` converts the quadratic to
docs/papers147_151_sequence/scouting/algebraic/SCOUT.md:173:Owner risk is **medium-high**: the broad `x h(Tr(x))` construction is explicit
docs/papers147_151_sequence/scouting/algebraic/SCOUT.md:197:is **direct/high** by structural reduction, even without a literal functional-
docs/papers147_151_sequence/scouting/algebraic/SCOUT.md:229:splits it into `gcd(ell,c)` cycles, so cycle count never decreases.  A state is
docs/papers147_151_sequence/scouting/algebraic/SCOUT.md:230:recurrent exactly when `gcd(c(sigma),ell)=1` for every cycle length `ell`.
docs/papers147_151_sequence/scouting/algebraic/SCOUT.md:232:Exact enumeration through `S_8` confirmed the criterion.  The recurrent counts
docs/papers147_151_sequence/scouting/algebraic/SCOUT.md:234:in that window, while maximum periods reached four.
docs/papers147_151_sequence/scouting/algebraic/SCOUT.md:241:hard-exclusion pattern, with high generic owner risk and no map-specific atlas.
docs/papers147_151_sequence/scouting/algebraic/SCOUT.md:254:The natural theorem spine would be exact or asymptotic absorption height and
docs/papers147_151_sequence/scouting/algebraic/SCOUT.md:266:`Q(x)=x+chi_p(x) mod p` for `x!=0`.  Every nonzero step is nearest-neighbour.
docs/papers147_151_sequence/scouting/algebraic/SCOUT.md:274:at most two.  Across all odd primes through `997`, maximum tails grew
docs/papers147_151_sequence/scouting/algebraic/SCOUT.md:304:`|Fix(M^t)|=1+gcd(m,s_1)gcd(m,s_2)`.
docs/papers147_151_sequence/scouting/algebraic/SCOUT.md:306:Tests through `p=43` verified all fibre, depth, and `t<=12` fixed-iterate
docs/papers147_151_sequence/scouting/algebraic/SCOUT.md:318:## 9. LBG — central-binomial gcd descent
docs/papers147_151_sequence/scouting/algebraic/SCOUT.md:323:`G(n)=gcd(n, binom(2n,n))`.  Since `G(n)` divides `n`, every nonfixed orbit
docs/papers147_151_sequence/scouting/algebraic/SCOUT.md:324:descends.  Exact profiles had maximum depth `3` at `B=50`, `4` at `B=500`, and
docs/papers147_151_sequence/scouting/algebraic/SCOUT.md:363:Only primary author copies, arXiv records, publisher DOI pages, or official
docs/papers147_151_sequence/scouting/algebraic/SCOUT.md:364:journal records are used below.  Searches were bounded and completed on
docs/papers147_151_sequence/scouting/algebraic/SCOUT.md:371:| TMD | Akbary, Ghioca, and Wang, [*On constructing permutations of finite fields*](https://doi.org/10.1016/j.ffa.2010.10.002), [author PDF](https://people.math.carleton.ca/~wang/papers/PPAGW.pdf) | explicit trace-reduction framework containing maps of the form `h(Tr(x)) phi(x)+g(Tr(x))`, including the `x h(Tr(x))` neighbourhood | does not directly supply the TMD functional graph found here, but makes owner risk medium-high |
docs/papers147_151_sequence/scouting/algebraic/SCOUT.md:372:| MFR | Chen, Wong, Liao, and Xiang, [*Period distribution of generalized discrete Arnold cat map*](https://doi.org/10.1016/j.tcs.2014.08.002) | finite two-dimensional toral matrix periods via recurrence/finite-field methods | compresses MFR's torus part to known machinery |
docs/papers147_151_sequence/scouting/algebraic/SCOUT.md:373:| MFR | Nance, [*Periods of the discretized Arnold Cat Map and its extension to n dimensions*](https://arxiv.org/abs/1111.2984) | explicit Fibonacci divisibility behind discrete cat-map periods | reinforces reserve-only status |
docs/papers147_151_sequence/scouting/algebraic/SCOUT.md:375:| CMD | Harland, [*The number of iterates of the Carmichael lambda function required to reach 1*](https://arxiv.org/abs/1203.4791) | literal absorption-height quantity | direct owner hit; permanent kill |
docs/papers147_151_sequence/scouting/algebraic/SCOUT.md:376:| LBG | Ford and Konyagin, [*Divisibility of the central binomial coefficient*](https://arxiv.org/abs/1909.03903) | densities for `n^ell | binom(2n,n)` and coprimality with the central binomial coefficient | makes endpoint/fibre arithmetic owner-heavy; no dynamical residual emerged |
docs/papers107_111_sequence/scouting/COMBINATORIAL_SCOUT.md:27:2. **Conditional GO: cyclic nearest-neighbour gcd erosion.**  On cyclic words
docs/papers107_111_sequence/scouting/COMBINATORIAL_SCOUT.md:30:      G(x)_i=\gcd(x_i,x_{i+1}).
docs/papers107_111_sequence/scouting/COMBINATORIAL_SCOUT.md:46:owned classical constructions, two are theorem-thin, and one needs an
docs/papers107_111_sequence/scouting/COMBINATORIAL_SCOUT.md:52:the paper directory inventory through P106.  In particular, the search was
docs/papers107_111_sequence/scouting/COMBINATORIAL_SCOUT.md:64:- P105 cycle-minimum pruning and its cycle-deletion/standardization neighbours;
docs/papers107_111_sequence/scouting/COMBINATORIAL_SCOUT.md:80:by joining translates; it does not delete cycle entries.  The gcd rule is a
docs/papers107_111_sequence/scouting/COMBINATORIAL_SCOUT.md:90:| C2 | cyclic divisor-word gcd erosion; local meet CA | window gcd, product basins, threshold-run depth, prime-blind conjugacy | medium-high owner risk; medium P100/CA collision | **GO conditional** |
docs/papers107_111_sequence/scouting/COMBINATORIAL_SCOUT.md:93:| C5 | ordered parallel chordal fill; monotone edge addition | fill dependencies propagate by Boolean derivation height | standard elimination/fill literature | **KILL_OWNER_RISK** |
docs/papers107_111_sequence/scouting/COMBINATORIAL_SCOUT.md:95:| C7 | lower-shadow descent of uniform hypergraphs; rank lowering | all iterates are higher shadows; colex extremizers persist | Kruskal--Katona directly owns core | **KILL_DIRECT** |
docs/papers107_111_sequence/scouting/COMBINATORIAL_SCOUT.md:96:| C8 | clocked odd--even comparator dynamics on permutations | unique sorted 2-cycle; reverse order needs `n` phases | classical parallel sorting | **KILL_DIRECT** |
docs/papers107_111_sequence/scouting/COMBINATORIAL_SCOUT.md:97:| C9 | synchronous run halving on bounded words; local contraction | independent ceiling-halving of run lengths and binomial basins | low direct-map hit, but theorem-thin | **RESERVE_THIN** |
docs/papers107_111_sequence/scouting/COMBINATORIAL_SCOUT.md:151:`{a,a+d}` with `gcd(d,n)=1`, all other blocks being singletons.  The count is
docs/papers107_111_sequence/scouting/COMBINATORIAL_SCOUT.md:152:then the number of unoriented primitive chords of the labelled `n`-cycle.
docs/papers107_111_sequence/scouting/COMBINATORIAL_SCOUT.md:153:Equation (C1.5) is the highest-value proof spike: it is exact through `n=9`,
docs/papers107_111_sequence/scouting/COMBINATORIAL_SCOUT.md:185:connected graph, translate those edges through consecutive positions, and
docs/papers107_111_sequence/scouting/COMBINATORIAL_SCOUT.md:187:`gcd(d,n)` cycles.  Removing one translate leaves every such cycle connected,
docs/papers107_111_sequence/scouting/COMBINATORIAL_SCOUT.md:202:count.  The stored script makes 164,113 assertions over all partitions through
docs/papers107_111_sequence/scouting/COMBINATORIAL_SCOUT.md:234:## 5. C2 -- cyclic nearest-neighbour gcd erosion
docs/papers107_111_sequence/scouting/COMBINATORIAL_SCOUT.md:241:        G_{M,n}(x)_i=\gcd(x_i,x_{i+1}),\qquad i\pmod n.        \tag{C2.1}
docs/papers107_111_sequence/scouting/COMBINATORIAL_SCOUT.md:247:Associativity and idempotence of gcd give the exact light cone
docs/papers107_111_sequence/scouting/COMBINATORIAL_SCOUT.md:249:       G_{M,n}^t(x)_i=\gcd(x_i,x_{i+1},\ldots,x_{i+t}).        \tag{C2.2}
docs/papers107_111_sequence/scouting/COMBINATORIAL_SCOUT.md:251:Thus every orbit reaches the constant word with value `d=gcd_i x_i`.
docs/papers107_111_sequence/scouting/COMBINATORIAL_SCOUT.md:265:attains zero after division by `d`; the second is ordinary gcd Möbius
docs/papers107_111_sequence/scouting/COMBINATORIAL_SCOUT.md:299:1. Prove (C2.2), endpoint classification, recurrent/fixed classification,
docs/papers107_111_sequence/scouting/COMBINATORIAL_SCOUT.md:315:**Route A -- valuation thresholds.**  Under `v_p`, gcd becomes minimum.
docs/papers107_111_sequence/scouting/COMBINATORIAL_SCOUT.md:319:**Route B -- arithmetic incidence.**  Count divisor tuples with specified gcd
docs/papers107_111_sequence/scouting/COMBINATORIAL_SCOUT.md:324:iterates literal gcds, compares them with a separately evaluated window gcd,
docs/papers107_111_sequence/scouting/COMBINATORIAL_SCOUT.md:331:Eight targeted searches for “gcd cellular automaton”, neighbouring gcd,
docs/papers107_111_sequence/scouting/COMBINATORIAL_SCOUT.md:333:source stating (C2.1)--(C2.5) as this finite arithmetic functional graph.
docs/papers107_111_sequence/scouting/COMBINATORIAL_SCOUT.md:341:only if the object/action/result boundary stays explicit: fixed cyclic words
docs/papers107_111_sequence/scouting/COMBINATORIAL_SCOUT.md:342:over a divisor lattice, local gcd, basin factorization by the attractor, and
docs/papers107_111_sequence/scouting/COMBINATORIAL_SCOUT.md:347:Kill C2 if a direct owner contains the exact cyclic gcd map plus basin or
docs/papers107_111_sequence/scouting/COMBINATORIAL_SCOUT.md:364:The handshaking lemma makes `|O(G)|` even, producing a clean parity bifurcation:
docs/papers107_111_sequence/scouting/COMBINATORIAL_SCOUT.md:389:Exact enumeration through `n=7` made 6,393,093 assertions.  At `n=6` it
docs/papers107_111_sequence/scouting/COMBINATORIAL_SCOUT.md:423:A temporary exhaustive lane through `n=8` found no genuine transient depth:
docs/papers107_111_sequence/scouting/COMBINATORIAL_SCOUT.md:447:all missing edges among the later neighbours of `v`, using the graph at the
docs/papers107_111_sequence/scouting/COMBINATORIAL_SCOUT.md:452:created at an earlier round, so the transient is the height of a Boolean
docs/papers107_111_sequence/scouting/COMBINATORIAL_SCOUT.md:455:dependencies can force several rounds.
docs/papers107_111_sequence/scouting/COMBINATORIAL_SCOUT.md:460:fill edge, a sharp maximum derivation height, a fixed-graph census for a fixed
docs/papers107_111_sequence/scouting/COMBINATORIAL_SCOUT.md:462:recurrence for adjacency and interprets time as derivation height.  Route B
docs/papers107_111_sequence/scouting/COMBINATORIAL_SCOUT.md:470:the owner burden is high.  **KILL_OWNER_RISK** for this round.
docs/papers107_111_sequence/scouting/COMBINATORIAL_SCOUT.md:472:Fast kill: a source identifying parallel fill rounds with elimination-tree
docs/papers107_111_sequence/scouting/COMBINATORIAL_SCOUT.md:473:height, or failure to find a closed maximum-depth family by `n<=8`, closes the
docs/papers107_111_sequence/scouting/COMBINATORIAL_SCOUT.md:489:exact periods on paths/cycles/trees, and express the zeta function in terms of
docs/papers107_111_sequence/scouting/COMBINATORIAL_SCOUT.md:498:sources does not create enough owner distance.  **KILL_DIRECT**.
docs/papers107_111_sequence/scouting/COMBINATORIAL_SCOUT.md:554:The clocked zeta reformulation is not enough owner-subtracted content.
docs/papers107_111_sequence/scouting/COMBINATORIAL_SCOUT.md:560:## 12. C9 -- synchronous run halving on bounded words
docs/papers107_111_sequence/scouting/COMBINATORIAL_SCOUT.md:564:Let the finite phase contain all binary words of length at most `n`, including
docs/papers107_111_sequence/scouting/COMBINATORIAL_SCOUT.md:579:word and the two alternating words of every positive length, so there are
docs/papers107_111_sequence/scouting/COMBINATORIAL_SCOUT.md:637:python3 docs/papers107_111_sequence/scouting/code/combinatorial_cyclic_gcd_erosion.py
docs/papers107_111_sequence/scouting/COMBINATORIAL_SCOUT.md:646:| cyclic gcd erosion | `(1,5),(4,5),(6,6),(12,5),(18,5),(36,4),(30,6)` | 4,661,822 | PASS |
docs/papers107_111_sequence/scouting/COMBINATORIAL_SCOUT.md:655:- the gcd program compares literal orbits with both a direct window gcd and a
docs/papers107_111_sequence/scouting/COMBINATORIAL_SCOUT.md:672:### Rank 2 -- cyclic gcd erosion: conditional GO
docs/papers107_111_sequence/scouting/COMBINATORIAL_SCOUT.md:690:This scout recommends freezing **at most two** systems from its branch.  It is
docs/papers162_166_sequence/scouting/open_fresh_p166_round6/IDEA_LEDGER.md:12:the same-batch stochastic/word/geometry kill records.  In particular it did
docs/papers162_166_sequence/scouting/open_fresh_p166_round6/IDEA_LEDGER.md:23:3a52e5ec80123bc64f5c2f2d90b6ece88d0b6264c1fffecc08c3fe832e88b1ad  P1--P156 historical occupancy
docs/papers162_166_sequence/scouting/open_fresh_p166_round6/IDEA_LEDGER.md:35:| `MPS` | Dyck paths; simultaneously change every `UD` peak at the current global maximum height to `DU` | all paths through semilength 9; exact height-parity cap for every iterate, depth `height-1`, sharp height `n-1`; every-target `t`-fibre factors into bounded-height Dyck counts | strongest raw theorem, but it is the same Dyck/height-truncation/clock/target-inverse proof silhouette already rejected for `DAE/MHE`, with P144 occupying the carrier and P160 the truncation atlas | **KILL_INTERNAL_DAE_P144_P160** |
docs/papers162_166_sequence/scouting/open_fresh_p166_round6/IDEA_LEDGER.md:36:| `XSD` | point subsets of `PG(2,p)`; output, under fixed coordinate duality, the set of lines meeting the input in exactly two points | all 128 states for `p=2` and all 8,192 for `p=3`; image sizes 57 and 950; tails/periods change irregularly between the two boxes | exact-secant predicates and duality are mature finite-geometry inputs; the observed orbit types do not suggest an all-`p` clock or a target inverse atlas | **KILL_NO_PARAMETER_SPINE** |
docs/papers162_166_sequence/scouting/open_fresh_p166_round6/IDEA_LEDGER.md:37:| `MEG` | labelled `{1,2}` metrics; join a pair iff the two points are mutually farthest | all labelled graphs through `n=6` (32,768 at the last box); eventual periods at most 2 and tails at most 2; one-step indegrees are controlled by isolated and clique components | mutually eccentric vertices/eccentric-graph constructions directly own the primitive; after rewriting the map as complement plus the clique on universal vertices, both axes are elementary depth-two component bookkeeping | **KILL_DIRECT_PRIMITIVE_AND_SHALLOW** |
docs/papers162_166_sequence/scouting/open_fresh_p166_round6/IDEA_LEDGER.md:39:| `DPF` | integer partitions; replace each part `m` by `tau(m)` and `m-tau(m)` ones, then sort | all partitions of `N<=24` in eight boxes; fixed iff all parts are 1 or 2; observed maximum depth reaches 4 | the clock is merely the stopping time of the classical iterated divisor function, while inverse layers are unrestricted coefficient extraction; the partition decoration adds no independent theorem axis | **KILL_OWNED_CLOCK_NO_INVERSE_ATLAS** |
docs/papers162_166_sequence/scouting/open_fresh_p166_round6/IDEA_LEDGER.md:40:| `GGT` | triples of divisors of `N`; `(a,b,c)->(gcd(a,b),gcd(b,c),gcd(c,a))` | all divisor triples for `N=2,6,12,36,72,180`; `T^2` is the common-GCD diagonal; exact every-target one-step and diagonal two-step fibres factor primewise | a two-step meet-semilattice collapse; locally it is the triangle version of the occupied adjacent-GCD/minimum engine (`CNG`, P128, P142) | **KILL_INTERNAL_MEET_GCD** |
docs/papers162_166_sequence/scouting/open_fresh_p166_round6/IDEA_LEDGER.md:47:   parity cap and a transfer matrix to a product over top bands does not make
docs/papers162_166_sequence/scouting/open_fresh_p166_round6/IDEA_LEDGER.md:52:3. `GGT` has the cleanest arithmetic fibre formula, but its complete dynamics
