Rc files read:
  /etc/LatexMk
Latexmk: This is Latexmk, John Collins, 20 November 2021, version: 4.76.
Rule 'pdflatex': File changes, etc:
   Changed files, or newly in use since previous run(s):
      'main.tex'
------------
Run number 1 of rule 'pdflatex'
------------
------------
Running 'pdflatex  -interaction=nonstopmode -halt-on-error -file-line-error -recorder  "main.tex"'
------------
Latexmk: applying rule 'pdflatex'...
This is pdfTeX, Version 3.141592653-2.6-1.40.22 (TeX Live 2022/dev/Debian) (preloaded format=pdflatex)
 restricted \write18 enabled.
entering extended mode
(./main.tex
LaTeX2e <2021-11-15> patch level 1
L3 programming layer <2022-01-21>
(/usr/share/texlive/texmf-dist/tex/latex/base/article.cls
Document Class: article 2021/10/04 v1.4n Standard LaTeX document class
(/usr/share/texlive/texmf-dist/tex/latex/base/size11.clo))
(/usr/share/texlive/texmf-dist/tex/latex/base/fontenc.sty)
(/usr/share/texlive/texmf-dist/tex/latex/base/inputenc.sty)
(/usr/share/texmf/tex/latex/lm/lmodern.sty)
(/usr/share/texlive/texmf-dist/tex/latex/geometry/geometry.sty
(/usr/share/texlive/texmf-dist/tex/latex/graphics/keyval.sty)
(/usr/share/texlive/texmf-dist/tex/generic/iftex/ifvtex.sty
(/usr/share/texlive/texmf-dist/tex/generic/iftex/iftex.sty)))
(/usr/share/texlive/texmf-dist/tex/latex/amsmath/amsmath.sty
For additional information on amsmath, use the `?' option.
(/usr/share/texlive/texmf-dist/tex/latex/amsmath/amstext.sty
(/usr/share/texlive/texmf-dist/tex/latex/amsmath/amsgen.sty))
(/usr/share/texlive/texmf-dist/tex/latex/amsmath/amsbsy.sty)
(/usr/share/texlive/texmf-dist/tex/latex/amsmath/amsopn.sty))
(/usr/share/texlive/texmf-dist/tex/latex/amsfonts/amssymb.sty
(/usr/share/texlive/texmf-dist/tex/latex/amsfonts/amsfonts.sty))
(/usr/share/texlive/texmf-dist/tex/latex/amscls/amsthm.sty)
(/usr/share/texlive/texmf-dist/tex/latex/mathtools/mathtools.sty
(/usr/share/texlive/texmf-dist/tex/latex/tools/calc.sty)
(/usr/share/texlive/texmf-dist/tex/latex/mathtools/mhsetup.sty))
(/usr/share/texlive/texmf-dist/tex/latex/microtype/microtype.sty
(/usr/share/texlive/texmf-dist/tex/latex/etoolbox/etoolbox.sty)
(/usr/share/texlive/texmf-dist/tex/latex/microtype/microtype-pdftex.def)
(/usr/share/texlive/texmf-dist/tex/latex/microtype/microtype.cfg))
(/usr/share/texlive/texmf-dist/tex/latex/natbib/natbib.sty)
(/usr/share/texlive/texmf-dist/tex/latex/hyperref/hyperref.sty
(/usr/share/texlive/texmf-dist/tex/generic/ltxcmds/ltxcmds.sty)
(/usr/share/texlive/texmf-dist/tex/generic/pdftexcmds/pdftexcmds.sty
(/usr/share/texlive/texmf-dist/tex/generic/infwarerr/infwarerr.sty))
(/usr/share/texlive/texmf-dist/tex/generic/kvsetkeys/kvsetkeys.sty)
(/usr/share/texlive/texmf-dist/tex/generic/kvdefinekeys/kvdefinekeys.sty)
(/usr/share/texlive/texmf-dist/tex/generic/pdfescape/pdfescape.sty)
(/usr/share/texlive/texmf-dist/tex/latex/hycolor/hycolor.sty)
(/usr/share/texlive/texmf-dist/tex/latex/letltxmacro/letltxmacro.sty)
(/usr/share/texlive/texmf-dist/tex/latex/auxhook/auxhook.sty)
(/usr/share/texlive/texmf-dist/tex/latex/kvoptions/kvoptions.sty)
(/usr/share/texlive/texmf-dist/tex/latex/hyperref/pd1enc.def)
(/usr/share/texlive/texmf-dist/tex/latex/hyperref/hyperref-langpatches.def)
(/usr/share/texlive/texmf-dist/tex/generic/intcalc/intcalc.sty)
(/usr/share/texlive/texmf-dist/tex/generic/etexcmds/etexcmds.sty)
(/usr/share/texlive/texmf-dist/tex/latex/hyperref/puenc.def)
(/usr/share/texlive/texmf-dist/tex/latex/url/url.sty)
(/usr/share/texlive/texmf-dist/tex/generic/bitset/bitset.sty
(/usr/share/texlive/texmf-dist/tex/generic/bigintcalc/bigintcalc.sty))
(/usr/share/texlive/texmf-dist/tex/latex/base/atbegshi-ltx.sty))
(/usr/share/texlive/texmf-dist/tex/latex/hyperref/hpdftex.def
(/usr/share/texlive/texmf-dist/tex/latex/base/atveryend-ltx.sty)
(/usr/share/texlive/texmf-dist/tex/latex/rerunfilecheck/rerunfilecheck.sty
(/usr/share/texlive/texmf-dist/tex/generic/uniquecounter/uniquecounter.sty)))
(./math_commands.tex) (/usr/share/texmf/tex/latex/lm/t1lmr.fd)
(/usr/share/texlive/texmf-dist/tex/latex/l3backend/l3backend-pdftex.def)
(./main.aux)
*geometry* driver: auto-detecting
*geometry* detected driver: pdftex
(/usr/share/texlive/texmf-dist/tex/latex/graphics/graphicx.sty
(/usr/share/texlive/texmf-dist/tex/latex/graphics/graphics.sty
(/usr/share/texlive/texmf-dist/tex/latex/graphics/trig.sty)
(/usr/share/texlive/texmf-dist/tex/latex/graphics-cfg/graphics.cfg)
(/usr/share/texlive/texmf-dist/tex/latex/graphics-def/pdftex.def
(/usr/share/texlive/texmf-dist/tex/context/base/mkii/supp-pdf.mkii
[Loading MPS to PDF converter (version 2006.09.02).]
))) (/usr/share/texlive/texmf-dist/tex/latex/epstopdf-pkg/epstopdf-base.sty
(/usr/share/texlive/texmf-dist/tex/latex/latexconfig/epstopdf-sys.cfg)))
(/usr/share/texlive/texmf-dist/tex/latex/microtype/mt-cmr.cfg)
(/usr/share/texlive/texmf-dist/tex/latex/hyperref/nameref.sty
(/usr/share/texlive/texmf-dist/tex/latex/refcount/refcount.sty)
(/usr/share/texlive/texmf-dist/tex/generic/gettitlestring/gettitlestring.sty))
(/usr/share/texmf/tex/latex/lm/ot1lmr.fd)
(/usr/share/texmf/tex/latex/lm/omllmm.fd)
(/usr/share/texmf/tex/latex/lm/omslmsy.fd)
(/usr/share/texmf/tex/latex/lm/omxlmex.fd)
(/usr/share/texlive/texmf-dist/tex/latex/amsfonts/umsa.fd)
(/usr/share/texlive/texmf-dist/tex/latex/microtype/mt-msa.cfg)
(/usr/share/texlive/texmf-dist/tex/latex/amsfonts/umsb.fd)
(/usr/share/texlive/texmf-dist/tex/latex/microtype/mt-msb.cfg)
(./sections/0_abstract.tex) (./sections/1_introduction.tex

Package natbib Warning: Citation `egger2011trace' on page 1 undefined on input 
line 12.


Package natbib Warning: Citation `kostenko2010point' on page 1 undefined on inp
ut line 18.


Package natbib Warning: Citation `drabkin2012transport' on page 1 undefined on 
input line 25.


Package natbib Warning: Citation `bifulco2024comparison' on page 1 undefined on
 input line 26.

(/usr/share/texmf/tex/latex/lm/ot1lmss.fd) [1{/var/lib/texmf/fonts/map/pdftex/u
pdmap/pdftex.map}]

LaTeX Warning: Reference `sec:forms' on page 2 undefined on input line 62.


LaTeX Warning: Reference `eq:compact-assumption' on page 2 undefined on input l
ine 99.


LaTeX Warning: Reference `eq:critical-assumption' on page 2 undefined on input 
line 125.


LaTeX Warning: Reference `eq:compact-assumption' on page 2 undefined on input l
ine 132.

[2]

LaTeX Warning: Reference `eq:critical-assumption' on page 3 undefined on input 
line 148.


LaTeX Warning: Reference `eq:main-law' on page 3 undefined on input line 164.


LaTeX Warning: Reference `eq:intro-reduction' on page 3 undefined on input line
 167.


LaTeX Warning: Reference `sec:forms' on page 3 undefined on input line 170.


LaTeX Warning: Reference `sec:periodic' on page 3 undefined on input line 171.


LaTeX Warning: Reference `sec:reduction' on page 3 undefined on input line 173.



LaTeX Warning: Reference `sec:coefficient' on page 3 undefined on input line 17
3.


LaTeX Warning: Reference `sec:general' on page 3 undefined on input line 174.

) (./sections/2_forms.tex

LaTeX Warning: Reference `eq:source-form' on page 3 undefined on input line 6.


LaTeX Warning: Reference `eq:compact-assumption' on page 3 undefined on input l
ine 7.

[3]

LaTeX Warning: Reference `eq:tail-general' on page 4 undefined on input line 45
.


LaTeX Warning: Reference `eq:compact-assumption' on page 4 undefined on input l
ine 46.


LaTeX Warning: Reference `eq:cut-count' on page 4 undefined on input line 78.

) (./sections/3_periodic.tex

LaTeX Warning: Reference `eq:fiber-form' on page 4 undefined on input line 4.


LaTeX Warning: Reference `lem:cuts' on page 4 undefined on input line 38.


LaTeX Warning: Reference `eq:cell-bounds' on page 4 undefined on input line 39.


[4]

LaTeX Warning: Reference `eq:cell-bounds' on page 5 undefined on input line 53.



LaTeX Warning: Reference `eq:band-bottom' on page 5 undefined on input line 78.



LaTeX Warning: Reference `eq:ids-gap' on page 5 undefined on input line 81.


LaTeX Warning: Reference `eq:ids-gap' on page 5 undefined on input line 94.


LaTeX Warning: Reference `eq:fiber-form' on page 5 undefined on input line 124.



LaTeX Warning: Reference `eq:discriminant' on page 5 undefined on input line 12
6.


LaTeX Warning: Reference `eq:fiber-gap-estimate' on page 5 undefined on input l
ine 134.

[5]

LaTeX Warning: Reference `eq:discriminant' on page 6 undefined on input line 13
7.


LaTeX Warning: Reference `eq:cell-bounds' on page 6 undefined on input line 139
.


LaTeX Warning: Reference `eq:discriminant' on page 6 undefined on input line 15
9.


LaTeX Warning: Reference `eq:cell-bounds' on page 6 undefined on input line 161
.


LaTeX Warning: Reference `eq:phase-mesh' on page 6 undefined on input line 186.



LaTeX Warning: Reference `eq:phase-mesh' on page 6 undefined on input line 193.



LaTeX Warning: Reference `eq:finite-chain-error' on page 6 undefined on input l
ine 194.


LaTeX Warning: Reference `eq:finite-chain-error' on page 6 undefined on input l
ine 201.

) (./sections/4_reduction.tex [6]

LaTeX Warning: Reference `eq:tail-general' on page 7 undefined on input line 22
.


LaTeX Warning: Reference `eq:critical-tail' on page 7 undefined on input line 3
7.


LaTeX Warning: Reference `lem:cuts' on page 7 undefined on input line 39.


LaTeX Warning: Reference `eq:block-norm-form' on page 7 undefined on input line
 107.

[7]

LaTeX Warning: Reference `prop:finite-chain' on page 8 undefined on input line 
119.


LaTeX Warning: Reference `eq:block-count' on page 8 undefined on input line 130
.


LaTeX Warning: Reference `eq:geometric-blocks' on page 8 undefined on input lin
e 138.


LaTeX Warning: Reference `eq:cell-bounds' on page 8 undefined on input line 138
.


LaTeX Warning: Reference `eq:telescoping-error' on page 8 undefined on input li
ne 157.


LaTeX Warning: Reference `eq:tail-cutoff' on page 8 undefined on input line 170
.


LaTeX Warning: Reference `eq:reassembled-count' on page 8 undefined on input li
ne 172.


LaTeX Warning: Reference `eq:local-periodic-reduction' on page 8 undefined on i
nput line 173.

) (./sections/5_coefficient.tex

LaTeX Warning: Reference `eq:coefficient-definition' on page 8 undefined on inp
ut line 9.

[8]

LaTeX Warning: Reference `eq:main-law' on page 9 undefined on input line 15.


LaTeX Warning: Reference `eq:cell-bounds' on page 9 undefined on input line 24.



LaTeX Warning: Reference `eq:ids-gap' on page 9 undefined on input line 25.


LaTeX Warning: Reference `lem:phase' on page 9 undefined on input line 26.


LaTeX Warning: Reference `eq:riemann-limit' on page 9 undefined on input line 5
2.


LaTeX Warning: Reference `eq:ids-sum-law' on page 9 undefined on input line 63.



LaTeX Warning: Reference `eq:coefficient-definition' on page 9 undefined on inp
ut line 64.


LaTeX Warning: Reference `prop:reduction' on page 9 undefined on input line 65.



LaTeX Warning: Reference `eq:coefficient-range' on page 9 undefined on input li
ne 73.


LaTeX Warning: Reference `lem:phase' on page 9 undefined on input line 82.


LaTeX Warning: Reference `eq:cell-bounds' on page 9 undefined on input line 84.



LaTeX Warning: Reference `eq:coefficient-definition' on page 9 undefined on inp
ut line 90.


LaTeX Warning: Reference `eq:ids-gap' on page 9 undefined on input line 98.

[9]

LaTeX Warning: Reference `lem:cell-bounds' on page 10 undefined on input line 1
40.


LaTeX Warning: Reference `eq:cell-bounds' on page 10 undefined on input line 14
7.


LaTeX Warning: Reference `eq:ids-soft-limit' on page 10 undefined on input line
 149.


LaTeX Warning: Reference `eq:coefficient-range' on page 10 undefined on input l
ine 161.

) (./sections/6_general.tex

LaTeX Warning: Reference `thm:critical' on page 10 undefined on input line 12.


LaTeX Warning: Reference `prop:compact' on page 10 undefined on input line 14.


LaTeX Warning: Reference `prop:coefficient-range' on page 10 undefined on input
 line 15.


LaTeX Warning: Reference `eq:critical-assumption' on page 10 undefined on input
 line 17.


LaTeX Warning: Reference `eq:coupling-sandwich' on page 10 undefined on input l
ine 30.


LaTeX Warning: Reference `lem:cuts' on page 10 undefined on input line 33.


LaTeX Warning: Reference `prop:exact-law' on page 10 undefined on input line 41
.

[10]

LaTeX Warning: Reference `eq:main-law' on page 11 undefined on input line 49.


LaTeX Warning: Reference `eq:critical-assumption' on page 11 undefined on input
 line 52.


Package natbib Warning: Citation `egger2011trace' on page 11 undefined on input
 line 81.


LaTeX Warning: Reference `eq:dirichlet-count' on page 11 undefined on input lin
e 92.


LaTeX Warning: Reference `eq:hard-law' on page 11 undefined on input line 96.


LaTeX Warning: Reference `eq:hard-domain' on page 11 undefined on input line 10
8.


LaTeX Warning: Reference `eq:dirichlet-lower-count' on page 11 undefined on inp
ut line 114.


LaTeX Warning: Reference `prop:exact-law' on page 11 undefined on input line 11
5.


LaTeX Warning: Reference `prop:coefficient-range' on page 11 undefined on input
 line 123.


LaTeX Warning: Reference `eq:hard-law' on page 11 undefined on input line 124.


LaTeX Warning: Reference `eq:soft-law' on page 11 undefined on input line 129.


LaTeX Warning: Reference `eq:compact-assumption' on page 11 undefined on input 
line 131.

[11]

LaTeX Warning: Reference `eq:hard-count-upper' on page 12 undefined on input li
ne 141.


LaTeX Warning: Reference `eq:soft-law' on page 12 undefined on input line 153.

) (./sections/7_scope.tex)
No file main.bbl.

Package natbib Warning: There were undefined citations.

[12] (./main.aux)

LaTeX Warning: There were undefined references.


LaTeX Warning: Label(s) may have changed. Rerun to get cross-references right.


Package rerunfilecheck Warning: File `main.out' has changed.
(rerunfilecheck)                Rerun to get outlines right
(rerunfilecheck)                or use package `bookmark'.

 ){/usr/share/texmf/fonts/enc/dvips/lm/lm-rm.enc}{/usr/share/texmf/fonts/enc/dv
ips/lm/lm-ec.enc}{/usr/share/texmf/fonts/enc/dvips/lm/lm-mathit.enc}{/usr/share
/texmf/fonts/enc/dvips/lm/lm-mathsy.enc}{/usr/share/texmf/fonts/enc/dvips/lm/lm
-mathex.enc}</usr/share/texmf/fonts/type1/public/lm/lmbx10.pfb></usr/share/texm
f/fonts/type1/public/lm/lmbx12.pfb></usr/share/texmf/fonts/type1/public/lm/lmex
10.pfb></usr/share/texmf/fonts/type1/public/lm/lmmi10.pfb></usr/share/texmf/fon
ts/type1/public/lm/lmmi6.pfb></usr/share/texmf/fonts/type1/public/lm/lmmi7.pfb>
</usr/share/texmf/fonts/type1/public/lm/lmmi8.pfb></usr/share/texmf/fonts/type1
/public/lm/lmr10.pfb></usr/share/texmf/fonts/type1/public/lm/lmr12.pfb></usr/sh
are/texmf/fonts/type1/public/lm/lmr17.pfb></usr/share/texmf/fonts/type1/public/
lm/lmr6.pfb></usr/share/texmf/fonts/type1/public/lm/lmr7.pfb></usr/share/texmf/
fonts/type1/public/lm/lmr8.pfb></usr/share/texmf/fonts/type1/public/lm/lmri10.p
fb></usr/share/texmf/fonts/type1/public/lm/lmss10.pfb></usr/share/texmf/fonts/t
ype1/public/lm/lmss8.pfb></usr/share/texmf/fonts/type1/public/lm/lmsy10.pfb></u
sr/share/texmf/fonts/type1/public/lm/lmsy7.pfb></usr/share/texmf/fonts/type1/pu
blic/lm/lmsy8.pfb></usr/share/texlive/texmf-dist/fonts/type1/public/amsfonts/sy
mbols/msbm10.pfb>
Output written on main.pdf (12 pages, 372066 bytes).
Transcript written on main.log.
Latexmk: Missing bbl file 'main.bbl' in following:
 No file main.bbl.
Latexmk: References changed.
Latexmk: References changed.
Latexmk: Log file says output to 'main.pdf'
Latexmk: List of undefined refs and citations:
  Citation `bifulco2024comparison' on page 1 undefined on input line 26
  Citation `drabkin2012transport' on page 1 undefined on input line 25
  Citation `egger2011trace' on page 1 undefined on input line 12
  Citation `egger2011trace' on page 11 undefined on input line 81
  Citation `kostenko2010point' on page 1 undefined on input line 18
  Reference `eq:band-bottom' on page 5 undefined on input line 78
  Reference `eq:block-count' on page 8 undefined on input line 130
  Reference `eq:block-norm-form' on page 7 undefined on input line 107
  Reference `eq:cell-bounds' on page 10 undefined on input line 147
  Reference `eq:cell-bounds' on page 4 undefined on input line 39
  Reference `eq:cell-bounds' on page 5 undefined on input line 53
  Reference `eq:cell-bounds' on page 6 undefined on input line 139
  Reference `eq:cell-bounds' on page 6 undefined on input line 161
  Reference `eq:cell-bounds' on page 8 undefined on input line 138
  Reference `eq:cell-bounds' on page 9 undefined on input line 24
  Reference `eq:cell-bounds' on page 9 undefined on input line 84
  Reference `eq:coefficient-definition' on page 8 undefined on input line 9
  Reference `eq:coefficient-definition' on page 9 undefined on input line 64
  Reference `eq:coefficient-definition' on page 9 undefined on input line 90
  Reference `eq:coefficient-range' on page 10 undefined on input line 161
  Reference `eq:coefficient-range' on page 9 undefined on input line 73
  Reference `eq:compact-assumption' on page 11 undefined on input line 131
  Reference `eq:compact-assumption' on page 2 undefined on input line 132
  Reference `eq:compact-assumption' on page 2 undefined on input line 99
  Reference `eq:compact-assumption' on page 3 undefined on input line 7
  Reference `eq:compact-assumption' on page 4 undefined on input line 46
  Reference `eq:coupling-sandwich' on page 10 undefined on input line 30
  Reference `eq:critical-assumption' on page 10 undefined on input line 17
  Reference `eq:critical-assumption' on page 11 undefined on input line 52
  Reference `eq:critical-assumption' on page 2 undefined on input line 125
  Reference `eq:critical-assumption' on page 3 undefined on input line 148
  Reference `eq:critical-tail' on page 7 undefined on input line 37
  Reference `eq:cut-count' on page 4 undefined on input line 78
  Reference `eq:dirichlet-count' on page 11 undefined on input line 92
  Reference `eq:dirichlet-lower-count' on page 11 undefined on input line 114
  Reference `eq:discriminant' on page 5 undefined on input line 126
  Reference `eq:discriminant' on page 6 undefined on input line 137
  Reference `eq:discriminant' on page 6 undefined on input line 159
  Reference `eq:fiber-form' on page 4 undefined on input line 4
  Reference `eq:fiber-form' on page 5 undefined on input line 124
  Reference `eq:fiber-gap-estimate' on page 5 undefined on input line 134
  Reference `eq:finite-chain-error' on page 6 undefined on input line 194
  Reference `eq:finite-chain-error' on page 6 undefined on input line 201
  Reference `eq:geometric-blocks' on page 8 undefined on input line 138
  Reference `eq:hard-count-upper' on page 12 undefined on input line 141
  Reference `eq:hard-domain' on page 11 undefined on input line 108
  Reference `eq:hard-law' on page 11 undefined on input line 124
  Reference `eq:hard-law' on page 11 undefined on input line 96
  Reference `eq:ids-gap' on page 5 undefined on input line 81
  Reference `eq:ids-gap' on page 5 undefined on input line 94
  Reference `eq:ids-gap' on page 9 undefined on input line 25
  Reference `eq:ids-gap' on page 9 undefined on input line 98
  Reference `eq:ids-soft-limit' on page 10 undefined on input line 149
  Reference `eq:ids-sum-law' on page 9 undefined on input line 63
  Reference `eq:intro-reduction' on page 3 undefined on input line 167
  Reference `eq:local-periodic-reduction' on page 8 undefined on input line 173
  Reference `eq:main-law' on page 11 undefined on input line 49
  Reference `eq:main-law' on page 3 undefined on input line 164
  Reference `eq:main-law' on page 9 undefined on input line 15
  Reference `eq:phase-mesh' on page 6 undefined on input line 186
  Reference `eq:phase-mesh' on page 6 undefined on input line 193
  Reference `eq:reassembled-count' on page 8 undefined on input line 172
  Reference `eq:riemann-limit' on page 9 undefined on input line 52
  Reference `eq:soft-law' on page 11 undefined on input line 129
  Reference `eq:soft-law' on page 12 undefined on input line 153
  Reference `eq:source-form' on page 3 undefined on input line 6
  Reference `eq:tail-cutoff' on page 8 undefined on input line 170
  Reference `eq:tail-general' on page 4 undefined on input line 45
  Reference `eq:tail-general' on page 7 undefined on input line 22
  Reference `eq:telescoping-error' on page 8 undefined on input line 157
  Reference `lem:cell-bounds' on page 10 undefined on input line 140
  Reference `lem:cuts' on page 10 undefined on input line 33
  Reference `lem:cuts' on page 4 undefined on input line 38
  Reference `lem:cuts' on page 7 undefined on input line 39
  Reference `lem:phase' on page 9 undefined on input line 26
  Reference `lem:phase' on page 9 undefined on input line 82
  Reference `prop:coefficient-range' on page 10 undefined on input line 15
  Reference `prop:coefficient-range' on page 11 undefined on input line 123
  Reference `prop:compact' on page 10 undefined on input line 14
  Reference `prop:exact-law' on page 10 undefined on input line 41
  Reference `prop:exact-law' on page 11 undefined on input line 115
  Reference `prop:finite-chain' on page 8 undefined on input line 119
  Reference `prop:reduction' on page 9 undefined on input line 65
  Reference `sec:coefficient' on page 3 undefined on input line 173
  Reference `sec:forms' on page 2 undefined on input line 62
  Reference `sec:forms' on page 3 undefined on input line 170
  Reference `sec:general' on page 3 undefined on input line 174
  Reference `sec:periodic' on page 3 undefined on input line 171
  Reference `sec:reduction' on page 3 undefined on input line 173
  Reference `thm:critical' on page 10 undefined on input line 12
Latexmk: Examining 'main.log'
=== TeX engine is 'pdfTeX'
Latexmk: Found bibliography file(s) [references.bib]
Rule 'bibtex main': File changes, etc:
   Changed files, or newly in use since previous run(s):
      'main.aux'
------------
Run number 1 of rule 'bibtex main'
------------
------------
Running 'bibtex  "main.aux"'
------------
Latexmk: applying rule 'bibtex main'...
This is BibTeX, Version 0.99d (TeX Live 2022/dev/Debian)
The top-level auxiliary file: main.aux
The style file: plainnat.bst
Database file #1: references.bib
Rule 'pdflatex': File changes, etc:
   Changed files, or newly in use since previous run(s):
      'main.aux'
      'main.bbl'
      'main.out'
------------
Run number 2 of rule 'pdflatex'
------------
------------
Running 'pdflatex  -interaction=nonstopmode -halt-on-error -file-line-error -recorder  "main.tex"'
------------
Latexmk: applying rule 'pdflatex'...
This is pdfTeX, Version 3.141592653-2.6-1.40.22 (TeX Live 2022/dev/Debian) (preloaded format=pdflatex)
 restricted \write18 enabled.
entering extended mode
(./main.tex
LaTeX2e <2021-11-15> patch level 1
L3 programming layer <2022-01-21>
(/usr/share/texlive/texmf-dist/tex/latex/base/article.cls
Document Class: article 2021/10/04 v1.4n Standard LaTeX document class
(/usr/share/texlive/texmf-dist/tex/latex/base/size11.clo))
(/usr/share/texlive/texmf-dist/tex/latex/base/fontenc.sty)
(/usr/share/texlive/texmf-dist/tex/latex/base/inputenc.sty)
(/usr/share/texmf/tex/latex/lm/lmodern.sty)
(/usr/share/texlive/texmf-dist/tex/latex/geometry/geometry.sty
(/usr/share/texlive/texmf-dist/tex/latex/graphics/keyval.sty)
(/usr/share/texlive/texmf-dist/tex/generic/iftex/ifvtex.sty
(/usr/share/texlive/texmf-dist/tex/generic/iftex/iftex.sty)))
(/usr/share/texlive/texmf-dist/tex/latex/amsmath/amsmath.sty
For additional information on amsmath, use the `?' option.
(/usr/share/texlive/texmf-dist/tex/latex/amsmath/amstext.sty
(/usr/share/texlive/texmf-dist/tex/latex/amsmath/amsgen.sty))
(/usr/share/texlive/texmf-dist/tex/latex/amsmath/amsbsy.sty)
(/usr/share/texlive/texmf-dist/tex/latex/amsmath/amsopn.sty))
(/usr/share/texlive/texmf-dist/tex/latex/amsfonts/amssymb.sty
(/usr/share/texlive/texmf-dist/tex/latex/amsfonts/amsfonts.sty))
(/usr/share/texlive/texmf-dist/tex/latex/amscls/amsthm.sty)
(/usr/share/texlive/texmf-dist/tex/latex/mathtools/mathtools.sty
(/usr/share/texlive/texmf-dist/tex/latex/tools/calc.sty)
(/usr/share/texlive/texmf-dist/tex/latex/mathtools/mhsetup.sty))
(/usr/share/texlive/texmf-dist/tex/latex/microtype/microtype.sty
(/usr/share/texlive/texmf-dist/tex/latex/etoolbox/etoolbox.sty)
(/usr/share/texlive/texmf-dist/tex/latex/microtype/microtype-pdftex.def)
(/usr/share/texlive/texmf-dist/tex/latex/microtype/microtype.cfg))
(/usr/share/texlive/texmf-dist/tex/latex/natbib/natbib.sty)
(/usr/share/texlive/texmf-dist/tex/latex/hyperref/hyperref.sty
(/usr/share/texlive/texmf-dist/tex/generic/ltxcmds/ltxcmds.sty)
(/usr/share/texlive/texmf-dist/tex/generic/pdftexcmds/pdftexcmds.sty
(/usr/share/texlive/texmf-dist/tex/generic/infwarerr/infwarerr.sty))
(/usr/share/texlive/texmf-dist/tex/generic/kvsetkeys/kvsetkeys.sty)
(/usr/share/texlive/texmf-dist/tex/generic/kvdefinekeys/kvdefinekeys.sty)
(/usr/share/texlive/texmf-dist/tex/generic/pdfescape/pdfescape.sty)
(/usr/share/texlive/texmf-dist/tex/latex/hycolor/hycolor.sty)
(/usr/share/texlive/texmf-dist/tex/latex/letltxmacro/letltxmacro.sty)
(/usr/share/texlive/texmf-dist/tex/latex/auxhook/auxhook.sty)
(/usr/share/texlive/texmf-dist/tex/latex/kvoptions/kvoptions.sty)
(/usr/share/texlive/texmf-dist/tex/latex/hyperref/pd1enc.def)
(/usr/share/texlive/texmf-dist/tex/latex/hyperref/hyperref-langpatches.def)
(/usr/share/texlive/texmf-dist/tex/generic/intcalc/intcalc.sty)
(/usr/share/texlive/texmf-dist/tex/generic/etexcmds/etexcmds.sty)
(/usr/share/texlive/texmf-dist/tex/latex/hyperref/puenc.def)
(/usr/share/texlive/texmf-dist/tex/latex/url/url.sty)
(/usr/share/texlive/texmf-dist/tex/generic/bitset/bitset.sty
(/usr/share/texlive/texmf-dist/tex/generic/bigintcalc/bigintcalc.sty))
(/usr/share/texlive/texmf-dist/tex/latex/base/atbegshi-ltx.sty))
(/usr/share/texlive/texmf-dist/tex/latex/hyperref/hpdftex.def
(/usr/share/texlive/texmf-dist/tex/latex/base/atveryend-ltx.sty)
(/usr/share/texlive/texmf-dist/tex/latex/rerunfilecheck/rerunfilecheck.sty
(/usr/share/texlive/texmf-dist/tex/generic/uniquecounter/uniquecounter.sty)))
(./math_commands.tex) (/usr/share/texmf/tex/latex/lm/t1lmr.fd)
(/usr/share/texlive/texmf-dist/tex/latex/l3backend/l3backend-pdftex.def)
(./main.aux)
*geometry* driver: auto-detecting
*geometry* detected driver: pdftex
(/usr/share/texlive/texmf-dist/tex/latex/graphics/graphicx.sty
(/usr/share/texlive/texmf-dist/tex/latex/graphics/graphics.sty
(/usr/share/texlive/texmf-dist/tex/latex/graphics/trig.sty)
(/usr/share/texlive/texmf-dist/tex/latex/graphics-cfg/graphics.cfg)
(/usr/share/texlive/texmf-dist/tex/latex/graphics-def/pdftex.def
(/usr/share/texlive/texmf-dist/tex/context/base/mkii/supp-pdf.mkii
[Loading MPS to PDF converter (version 2006.09.02).]
))) (/usr/share/texlive/texmf-dist/tex/latex/epstopdf-pkg/epstopdf-base.sty
(/usr/share/texlive/texmf-dist/tex/latex/latexconfig/epstopdf-sys.cfg)))
(/usr/share/texlive/texmf-dist/tex/latex/microtype/mt-cmr.cfg)
(/usr/share/texlive/texmf-dist/tex/latex/hyperref/nameref.sty
(/usr/share/texlive/texmf-dist/tex/latex/refcount/refcount.sty)
(/usr/share/texlive/texmf-dist/tex/generic/gettitlestring/gettitlestring.sty))
(./main.out) (./main.out) (/usr/share/texmf/tex/latex/lm/ot1lmr.fd)
(/usr/share/texmf/tex/latex/lm/omllmm.fd)
(/usr/share/texmf/tex/latex/lm/omslmsy.fd)
(/usr/share/texmf/tex/latex/lm/omxlmex.fd)
(/usr/share/texlive/texmf-dist/tex/latex/amsfonts/umsa.fd)
(/usr/share/texlive/texmf-dist/tex/latex/microtype/mt-msa.cfg)
(/usr/share/texlive/texmf-dist/tex/latex/amsfonts/umsb.fd)
(/usr/share/texlive/texmf-dist/tex/latex/microtype/mt-msb.cfg)
(./sections/0_abstract.tex) (./sections/1_introduction.tex

Package natbib Warning: Citation `egger2011trace' on page 1 undefined on input 
line 12.


Package natbib Warning: Citation `kostenko2010point' on page 1 undefined on inp
ut line 18.


Package natbib Warning: Citation `drabkin2012transport' on page 1 undefined on 
input line 25.


Package natbib Warning: Citation `bifulco2024comparison' on page 1 undefined on
 input line 26.

(/usr/share/texmf/tex/latex/lm/ot1lmss.fd) [1{/var/lib/texmf/fonts/map/pdftex/u
pdmap/pdftex.map}] [2]) (./sections/2_forms.tex [3]) (./sections/3_periodic.tex
 [4] [5]) (./sections/4_reduction.tex [6] [7]) (./sections/5_coefficient.tex
[8] [9]) (./sections/6_general.tex [10]

Package natbib Warning: Citation `egger2011trace' on page 11 undefined on input
 line 81.

[11]) (./sections/7_scope.tex) (./main.bbl
(/usr/share/texmf/tex/latex/lm/t1lmtt.fd) [12])

Package natbib Warning: There were undefined citations.

[13] (./main.aux

Package natbib Warning: Citation(s) may have changed.
(natbib)                Rerun to get citations correct.

)

LaTeX Warning: Label(s) may have changed. Rerun to get cross-references right.

 ){/usr/share/texmf/fonts/enc/dvips/lm/lm-ec.enc}{/usr/share/texmf/fonts/enc/dv
ips/lm/lm-rm.enc}{/usr/share/texmf/fonts/enc/dvips/lm/lm-mathit.enc}{/usr/share
/texmf/fonts/enc/dvips/lm/lm-mathsy.enc}{/usr/share/texmf/fonts/enc/dvips/lm/lm
-mathex.enc}</usr/share/texmf/fonts/type1/public/lm/lmbx10.pfb></usr/share/texm
f/fonts/type1/public/lm/lmbx12.pfb></usr/share/texmf/fonts/type1/public/lm/lmex
10.pfb></usr/share/texmf/fonts/type1/public/lm/lmmi10.pfb></usr/share/texmf/fon
ts/type1/public/lm/lmmi6.pfb></usr/share/texmf/fonts/type1/public/lm/lmmi7.pfb>
</usr/share/texmf/fonts/type1/public/lm/lmmi8.pfb></usr/share/texmf/fonts/type1
/public/lm/lmr10.pfb></usr/share/texmf/fonts/type1/public/lm/lmr12.pfb></usr/sh
are/texmf/fonts/type1/public/lm/lmr17.pfb></usr/share/texmf/fonts/type1/public/
lm/lmr6.pfb></usr/share/texmf/fonts/type1/public/lm/lmr7.pfb></usr/share/texmf/
fonts/type1/public/lm/lmr8.pfb></usr/share/texmf/fonts/type1/public/lm/lmri10.p
fb></usr/share/texmf/fonts/type1/public/lm/lmss10.pfb></usr/share/texmf/fonts/t
ype1/public/lm/lmss8.pfb></usr/share/texmf/fonts/type1/public/lm/lmsy10.pfb></u
sr/share/texmf/fonts/type1/public/lm/lmsy7.pfb></usr/share/texmf/fonts/type1/pu
blic/lm/lmsy8.pfb></usr/share/texmf/fonts/type1/public/lm/lmtt10.pfb></usr/shar
e/texlive/texmf-dist/fonts/type1/public/amsfonts/symbols/msbm10.pfb>
Output written on main.pdf (13 pages, 403581 bytes).
Transcript written on main.log.
Latexmk: Found input bbl file 'main.bbl'
Latexmk: References changed.
Latexmk: References changed.
Latexmk: Log file says output to 'main.pdf'
Latexmk: List of undefined refs and citations:
  Citation `bifulco2024comparison' on page 1 undefined on input line 26
  Citation `drabkin2012transport' on page 1 undefined on input line 25
  Citation `egger2011trace' on page 1 undefined on input line 12
  Citation `egger2011trace' on page 11 undefined on input line 81
  Citation `kostenko2010point' on page 1 undefined on input line 18
Latexmk: Examining 'main.log'
=== TeX engine is 'pdfTeX'
Latexmk: Found bibliography file(s) [references.bib]
Rule 'bibtex main': File changes, etc:
   Changed files, or newly in use since previous run(s):
      'main.aux'
------------
Run number 2 of rule 'bibtex main'
------------
------------
Running 'bibtex  "main.aux"'
------------
Latexmk: applying rule 'bibtex main'...
This is BibTeX, Version 0.99d (TeX Live 2022/dev/Debian)
The top-level auxiliary file: main.aux
The style file: plainnat.bst
Database file #1: references.bib
Rule 'pdflatex': File changes, etc:
   Changed files, or newly in use since previous run(s):
      'main.aux'
------------
Run number 3 of rule 'pdflatex'
------------
------------
Running 'pdflatex  -interaction=nonstopmode -halt-on-error -file-line-error -recorder  "main.tex"'
------------
Latexmk: applying rule 'pdflatex'...
This is pdfTeX, Version 3.141592653-2.6-1.40.22 (TeX Live 2022/dev/Debian) (preloaded format=pdflatex)
 restricted \write18 enabled.
entering extended mode
(./main.tex
LaTeX2e <2021-11-15> patch level 1
L3 programming layer <2022-01-21>
(/usr/share/texlive/texmf-dist/tex/latex/base/article.cls
Document Class: article 2021/10/04 v1.4n Standard LaTeX document class
(/usr/share/texlive/texmf-dist/tex/latex/base/size11.clo))
(/usr/share/texlive/texmf-dist/tex/latex/base/fontenc.sty)
(/usr/share/texlive/texmf-dist/tex/latex/base/inputenc.sty)
(/usr/share/texmf/tex/latex/lm/lmodern.sty)
(/usr/share/texlive/texmf-dist/tex/latex/geometry/geometry.sty
(/usr/share/texlive/texmf-dist/tex/latex/graphics/keyval.sty)
(/usr/share/texlive/texmf-dist/tex/generic/iftex/ifvtex.sty
(/usr/share/texlive/texmf-dist/tex/generic/iftex/iftex.sty)))
(/usr/share/texlive/texmf-dist/tex/latex/amsmath/amsmath.sty
For additional information on amsmath, use the `?' option.
(/usr/share/texlive/texmf-dist/tex/latex/amsmath/amstext.sty
(/usr/share/texlive/texmf-dist/tex/latex/amsmath/amsgen.sty))
(/usr/share/texlive/texmf-dist/tex/latex/amsmath/amsbsy.sty)
(/usr/share/texlive/texmf-dist/tex/latex/amsmath/amsopn.sty))
(/usr/share/texlive/texmf-dist/tex/latex/amsfonts/amssymb.sty
(/usr/share/texlive/texmf-dist/tex/latex/amsfonts/amsfonts.sty))
(/usr/share/texlive/texmf-dist/tex/latex/amscls/amsthm.sty)
(/usr/share/texlive/texmf-dist/tex/latex/mathtools/mathtools.sty
(/usr/share/texlive/texmf-dist/tex/latex/tools/calc.sty)
(/usr/share/texlive/texmf-dist/tex/latex/mathtools/mhsetup.sty))
(/usr/share/texlive/texmf-dist/tex/latex/microtype/microtype.sty
(/usr/share/texlive/texmf-dist/tex/latex/etoolbox/etoolbox.sty)
(/usr/share/texlive/texmf-dist/tex/latex/microtype/microtype-pdftex.def)
(/usr/share/texlive/texmf-dist/tex/latex/microtype/microtype.cfg))
(/usr/share/texlive/texmf-dist/tex/latex/natbib/natbib.sty)
(/usr/share/texlive/texmf-dist/tex/latex/hyperref/hyperref.sty
(/usr/share/texlive/texmf-dist/tex/generic/ltxcmds/ltxcmds.sty)
(/usr/share/texlive/texmf-dist/tex/generic/pdftexcmds/pdftexcmds.sty
(/usr/share/texlive/texmf-dist/tex/generic/infwarerr/infwarerr.sty))
(/usr/share/texlive/texmf-dist/tex/generic/kvsetkeys/kvsetkeys.sty)
(/usr/share/texlive/texmf-dist/tex/generic/kvdefinekeys/kvdefinekeys.sty)
(/usr/share/texlive/texmf-dist/tex/generic/pdfescape/pdfescape.sty)
(/usr/share/texlive/texmf-dist/tex/latex/hycolor/hycolor.sty)
(/usr/share/texlive/texmf-dist/tex/latex/letltxmacro/letltxmacro.sty)
(/usr/share/texlive/texmf-dist/tex/latex/auxhook/auxhook.sty)
(/usr/share/texlive/texmf-dist/tex/latex/kvoptions/kvoptions.sty)
(/usr/share/texlive/texmf-dist/tex/latex/hyperref/pd1enc.def)
(/usr/share/texlive/texmf-dist/tex/latex/hyperref/hyperref-langpatches.def)
(/usr/share/texlive/texmf-dist/tex/generic/intcalc/intcalc.sty)
(/usr/share/texlive/texmf-dist/tex/generic/etexcmds/etexcmds.sty)
(/usr/share/texlive/texmf-dist/tex/latex/hyperref/puenc.def)
(/usr/share/texlive/texmf-dist/tex/latex/url/url.sty)
(/usr/share/texlive/texmf-dist/tex/generic/bitset/bitset.sty
(/usr/share/texlive/texmf-dist/tex/generic/bigintcalc/bigintcalc.sty))
(/usr/share/texlive/texmf-dist/tex/latex/base/atbegshi-ltx.sty))
(/usr/share/texlive/texmf-dist/tex/latex/hyperref/hpdftex.def
(/usr/share/texlive/texmf-dist/tex/latex/base/atveryend-ltx.sty)
(/usr/share/texlive/texmf-dist/tex/latex/rerunfilecheck/rerunfilecheck.sty
(/usr/share/texlive/texmf-dist/tex/generic/uniquecounter/uniquecounter.sty)))
(./math_commands.tex) (/usr/share/texmf/tex/latex/lm/t1lmr.fd)
(/usr/share/texlive/texmf-dist/tex/latex/l3backend/l3backend-pdftex.def)
(./main.aux)
*geometry* driver: auto-detecting
*geometry* detected driver: pdftex
(/usr/share/texlive/texmf-dist/tex/latex/graphics/graphicx.sty
(/usr/share/texlive/texmf-dist/tex/latex/graphics/graphics.sty
(/usr/share/texlive/texmf-dist/tex/latex/graphics/trig.sty)
(/usr/share/texlive/texmf-dist/tex/latex/graphics-cfg/graphics.cfg)
(/usr/share/texlive/texmf-dist/tex/latex/graphics-def/pdftex.def
(/usr/share/texlive/texmf-dist/tex/context/base/mkii/supp-pdf.mkii
[Loading MPS to PDF converter (version 2006.09.02).]
))) (/usr/share/texlive/texmf-dist/tex/latex/epstopdf-pkg/epstopdf-base.sty
(/usr/share/texlive/texmf-dist/tex/latex/latexconfig/epstopdf-sys.cfg)))
(/usr/share/texlive/texmf-dist/tex/latex/microtype/mt-cmr.cfg)
(/usr/share/texlive/texmf-dist/tex/latex/hyperref/nameref.sty
(/usr/share/texlive/texmf-dist/tex/latex/refcount/refcount.sty)
(/usr/share/texlive/texmf-dist/tex/generic/gettitlestring/gettitlestring.sty))
(./main.out) (./main.out) (/usr/share/texmf/tex/latex/lm/ot1lmr.fd)
(/usr/share/texmf/tex/latex/lm/omllmm.fd)
(/usr/share/texmf/tex/latex/lm/omslmsy.fd)
(/usr/share/texmf/tex/latex/lm/omxlmex.fd)
(/usr/share/texlive/texmf-dist/tex/latex/amsfonts/umsa.fd)
(/usr/share/texlive/texmf-dist/tex/latex/microtype/mt-msa.cfg)
(/usr/share/texlive/texmf-dist/tex/latex/amsfonts/umsb.fd)
(/usr/share/texlive/texmf-dist/tex/latex/microtype/mt-msb.cfg)
(./sections/0_abstract.tex) (./sections/1_introduction.tex
(/usr/share/texmf/tex/latex/lm/ot1lmss.fd) [1{/var/lib/texmf/fonts/map/pdftex/u
pdmap/pdftex.map}] [2]) (./sections/2_forms.tex [3]) (./sections/3_periodic.tex
 [4] [5]) (./sections/4_reduction.tex [6] [7]) (./sections/5_coefficient.tex
[8] [9]) (./sections/6_general.tex [10] [11]) (./sections/7_scope.tex)
(./main.bbl (/usr/share/texmf/tex/latex/lm/t1lmtt.fd) [12]) [13] (./main.aux) )
{/usr/share/texmf/fonts/enc/dvips/lm/lm-ec.enc}{/usr/share/texmf/fonts/enc/dvip
s/lm/lm-rm.enc}{/usr/share/texmf/fonts/enc/dvips/lm/lm-mathit.enc}{/usr/share/t
exmf/fonts/enc/dvips/lm/lm-mathsy.enc}{/usr/share/texmf/fonts/enc/dvips/lm/lm-m
athex.enc}</usr/share/texmf/fonts/type1/public/lm/lmbx10.pfb></usr/share/texmf/
fonts/type1/public/lm/lmbx12.pfb></usr/share/texmf/fonts/type1/public/lm/lmex10
.pfb></usr/share/texmf/fonts/type1/public/lm/lmmi10.pfb></usr/share/texmf/fonts
/type1/public/lm/lmmi6.pfb></usr/share/texmf/fonts/type1/public/lm/lmmi7.pfb></
usr/share/texmf/fonts/type1/public/lm/lmmi8.pfb></usr/share/texmf/fonts/type1/p
ublic/lm/lmr10.pfb></usr/share/texmf/fonts/type1/public/lm/lmr12.pfb></usr/shar
e/texmf/fonts/type1/public/lm/lmr17.pfb></usr/share/texmf/fonts/type1/public/lm
/lmr6.pfb></usr/share/texmf/fonts/type1/public/lm/lmr7.pfb></usr/share/texmf/fo
nts/type1/public/lm/lmr8.pfb></usr/share/texmf/fonts/type1/public/lm/lmri10.pfb
></usr/share/texmf/fonts/type1/public/lm/lmss10.pfb></usr/share/texmf/fonts/typ
e1/public/lm/lmss8.pfb></usr/share/texmf/fonts/type1/public/lm/lmsy10.pfb></usr
/share/texmf/fonts/type1/public/lm/lmsy7.pfb></usr/share/texmf/fonts/type1/publ
ic/lm/lmsy8.pfb></usr/share/texmf/fonts/type1/public/lm/lmtt10.pfb></usr/share/
texlive/texmf-dist/fonts/type1/public/amsfonts/symbols/msbm10.pfb>
Output written on main.pdf (13 pages, 403808 bytes).
Transcript written on main.log.
Latexmk: Found input bbl file 'main.bbl'
Latexmk: Log file says output to 'main.pdf'
Latexmk: Examining 'main.log'
=== TeX engine is 'pdfTeX'
Latexmk: Found bibliography file(s) [references.bib]
Latexmk: All targets (main.pdf) are up-to-date
