This is LuaHBTeX, Version 1.14.0 (TeX Live 2022/dev/Debian) 
 restricted system commands enabled.
LaTeX2e <2021-11-15> patch level 1
L3 programming layer <2022-01-21> (./manuscript.tex
(/usr/share/texlive/texmf-dist/tex/latex/base/article.cls
Document Class: article 2021/10/04 v1.4n Standard LaTeX document class
(/usr/share/texlive/texmf-dist/tex/latex/base/size11.clo))
(/usr/share/texlive/texmf-dist/tex/latex/geometry/geometry.sty
(/usr/share/texlive/texmf-dist/tex/latex/graphics/keyval.sty)
(/usr/share/texlive/texmf-dist/tex/generic/iftex/ifvtex.sty
(/usr/share/texlive/texmf-dist/tex/generic/iftex/iftex.sty)))
(/usr/share/texlive/texmf-dist/tex/latex/fontspec/fontspec.sty
(/usr/share/texlive/texmf-dist/tex/latex/l3packages/xparse/xparse.sty
(/usr/share/texlive/texmf-dist/tex/latex/l3kernel/expl3.sty
(/usr/share/texlive/texmf-dist/tex/latex/l3backend/l3backend-luatex.def)))
(/usr/share/texlive/texmf-dist/tex/latex/fontspec/fontspec-luatex.sty
(/usr/share/texlive/texmf-dist/tex/latex/base/fontenc.sty)
(/usr/share/texlive/texmf-dist/tex/latex/fontspec/fontspec.cfg)))
(/usr/share/texlive/texmf-dist/tex/latex/unicode-math/unicode-math.sty
(/usr/share/texlive/texmf-dist/tex/latex/unicode-math/unicode-math-luatex.sty
(/usr/share/texlive/texmf-dist/tex/latex/l3packages/l3keys2e/l3keys2e.sty)
(/usr/share/texlive/texmf-dist/tex/latex/base/fix-cm.sty
(/usr/share/texlive/texmf-dist/tex/latex/base/ts1enc.def))
(/usr/share/texlive/texmf-dist/tex/latex/amsmath/amsmath.sty
For additional information on amsmath, use the `?' option.
(/usr/share/texlive/texmf-dist/tex/latex/amsmath/amstext.sty
(/usr/share/texlive/texmf-dist/tex/latex/amsmath/amsgen.sty))
(/usr/share/texlive/texmf-dist/tex/latex/amsmath/amsbsy.sty)
(/usr/share/texlive/texmf-dist/tex/latex/amsmath/amsopn.sty))
(/usr/share/texlive/texmf-dist/tex/lualatex/lualatex-math/lualatex-math.sty
(/usr/share/texlive/texmf-dist/tex/latex/etoolbox/etoolbox.sty))
(/usr/share/texlive/texmf-dist/tex/latex/unicode-math/unicode-math-table.tex)))
(/usr/share/texlive/texmf-dist/tex/latex/microtype/microtype.sty
(/usr/share/texlive/texmf-dist/tex/latex/microtype/microtype-luatex.def)
(/usr/share/texlive/texmf-dist/tex/latex/microtype/microtype.cfg))
(/usr/share/texlive/texmf-dist/tex/latex/mathtools/mathtools.sty
(/usr/share/texlive/texmf-dist/tex/latex/tools/calc.sty)
(/usr/share/texlive/texmf-dist/tex/latex/mathtools/mhsetup.sty))

Package lualatex-math Warning: I've expected \MT_cramped_internal:Nn to have
(lualatex-math)                the meaning
(lualatex-math)                macro:#1#2->\setbox \z@ \hbox {$\m@th #1\kern
(lualatex-math)                -\nulldelimiterspace \radical \z@ {#2}$}\ifx
(lualatex-math)                #1\displaystyle \dimen@ =\fontdimen 8\textfont
(lualatex-math)                3\advance \dimen@ .25\fontdimen 5\textfont
(lualatex-math)                2\else \dimen@ =1.25\fontdimen 8\ifx
(lualatex-math)                #1\textstyle \textfont \else \ifx
(lualatex-math)                #1\scriptstyle \scriptfont \else
(lualatex-math)                \scriptscriptfont \fi \fi 3\fi \advance \dimen@
(lualatex-math)                -\ht \z@ \ht \z@ =-\dimen@ \ifvmode \leavevmode
(lualatex-math)                \fi {}\box \z@ ,
(lualatex-math)                but it has the meaning
(lualatex-math)                macro:#1#2->{\ensuremath {\use:c
(lualatex-math)                {cramped\cs_to_str:N #1}#2}}.

(/usr/share/texlive/texmf-dist/tex/latex/amscls/amsthm.sty)
(/usr/share/texlive/texmf-dist/tex/latex/enumitem/enumitem.sty)
(/usr/share/texlive/texmf-dist/tex/latex/ragged2e/ragged2e.sty)
(/usr/share/texlive/texmf-dist/tex/latex/natbib/natbib.sty)
(/usr/share/texlive/texmf-dist/tex/latex/xcolor/xcolor.sty
(/usr/share/texlive/texmf-dist/tex/latex/graphics-cfg/color.cfg)
(/usr/share/texlive/texmf-dist/tex/latex/graphics-def/luatex.def))
(/usr/share/texlive/texmf-dist/tex/latex/booktabs/booktabs.sty)
(/usr/share/texlive/texmf-dist/tex/latex/url/url.sty)
(/usr/share/texlive/texmf-dist/tex/latex/hyperref/hyperref.sty
(/usr/share/texlive/texmf-dist/tex/generic/ltxcmds/ltxcmds.sty)
(/usr/share/texlive/texmf-dist/tex/generic/pdftexcmds/pdftexcmds.sty
(/usr/share/texlive/texmf-dist/tex/generic/infwarerr/infwarerr.sty))
(/usr/share/texlive/texmf-dist/tex/generic/kvsetkeys/kvsetkeys.sty)
(/usr/share/texlive/texmf-dist/tex/generic/kvdefinekeys/kvdefinekeys.sty)
(/usr/share/texlive/texmf-dist/tex/generic/pdfescape/pdfescape.sty)
(/usr/share/texlive/texmf-dist/tex/latex/hycolor/hycolor.sty)
(/usr/share/texlive/texmf-dist/tex/latex/letltxmacro/letltxmacro.sty)
(/usr/share/texlive/texmf-dist/tex/latex/auxhook/auxhook.sty)
(/usr/share/texlive/texmf-dist/tex/latex/kvoptions/kvoptions.sty)
(/usr/share/texlive/texmf-dist/tex/latex/hyperref/pd1enc.def)
(/usr/share/texlive/texmf-dist/tex/latex/hyperref/hyperref-langpatches.def)
(/usr/share/texlive/texmf-dist/tex/generic/intcalc/intcalc.sty)
(/usr/share/texlive/texmf-dist/tex/generic/etexcmds/etexcmds.sty)
(/usr/share/texlive/texmf-dist/tex/latex/hyperref/puenc.def)
(/usr/share/texlive/texmf-dist/tex/generic/bitset/bitset.sty
(/usr/share/texlive/texmf-dist/tex/generic/bigintcalc/bigintcalc.sty))
(/usr/share/texlive/texmf-dist/tex/latex/base/atbegshi-ltx.sty))
(/usr/share/texlive/texmf-dist/tex/latex/hyperref/hluatex.def
(/usr/share/texlive/texmf-dist/tex/generic/stringenc/stringenc.sty)
(/usr/share/texlive/texmf-dist/tex/latex/base/atveryend-ltx.sty)
(/usr/share/texlive/texmf-dist/tex/latex/rerunfilecheck/rerunfilecheck.sty
(/usr/share/texlive/texmf-dist/tex/generic/uniquecounter/uniquecounter.sty)))
No file paper.aux.
*geometry* driver: auto-detecting
*geometry* detected driver: luatex

Package unicode-math Warning: Using \overbracket and \underbracket from
(unicode-math)                `mathtools' package.
(unicode-math)                 
(unicode-math)                 Use \Uoverbracket and \Uunderbracket for
(unicode-math)                original `unicode-math' definition.


Package unicode-math Warning: I'm going to overwrite the following commands
(unicode-math)                from the `mathtools' package: 
(unicode-math)                 
(unicode-math)                     \dblcolon, \coloneqq, \Coloneqq, \eqqcolon.
(unicode-math)                
(unicode-math)                 
(unicode-math)                 Note that since I won't overwrite the other
(unicode-math)                colon-like commands, using them will lead to
(unicode-math)                inconsistencies.

(/usr/share/texlive/texmf-dist/tex/latex/graphics/graphicx.sty
(/usr/share/texlive/texmf-dist/tex/latex/graphics/graphics.sty
(/usr/share/texlive/texmf-dist/tex/latex/graphics/trig.sty)
(/usr/share/texlive/texmf-dist/tex/latex/graphics-cfg/graphics.cfg)))
(/usr/share/texlive/texmf-dist/tex/context/base/mkii/supp-pdf.mkii
[Loading MPS to PDF converter (version 2006.09.02).]
) (/usr/share/texlive/texmf-dist/tex/latex/epstopdf-pkg/epstopdf-base.sty
(/usr/share/texlive/texmf-dist/tex/latex/latexconfig/epstopdf-sys.cfg))
(/usr/share/texlive/texmf-dist/tex/latex/hyperref/nameref.sty
(/usr/share/texlive/texmf-dist/tex/latex/refcount/refcount.sty)
(/usr/share/texlive/texmf-dist/tex/generic/gettitlestring/gettitlestring.sty))
Underfull \hbox (badness 1365) in paragraph at lines 91--92
[]\TU/DroidSansFallback(0)/m/n/10 本文证明：对每个整数 $\TU/TeXGyreTe
rmesMath(1)/m/n/10 𝑁 > 1$\TU/DroidSansFallback(0)/m/n/10 ，加法 \TU/TeXGy
reTermes(0)/m/n/10 Ver-schiebung $\TU/TeXGyreTermesMath(1)/m/n/10 𝑉[](𝑓)(
𝑇) = 𝑓(𝑇[])$ \TU/DroidSansFallback(0)/m/n/10 在 \TU/TeXGyreTermes(0)/
m/n/10 fppf 

Underfull \hbox (badness 10000) in paragraph at lines 102--103
[]\TU/DroidSansFallback(0)/m/n/10 同一例子也说明 \TU/TeXGyreTermes(0)/m/
n/10 Deninger \TU/DroidSansFallback(0)/m/n/10 预印本第一版推论 \TU/TeXG
yreTermes(0)/m/n/10 4.6 \TU/DroidSansFallback(0)/m/n/10 的逐截面 \TU/TeXGyr
eTermes(0)/m/n/10 Dedekind 

Package natbib Warning: Citation `Deninger2025Rational' on page 1 undefined on 
input line 125.

[1{/var/lib/texmf/fonts/map/pdftex/updmap/pdftex.map}]

Package natbib Warning: Citation `Deninger2025Rational' on page 2 undefined on 
input line 134.


Package natbib Warning: Citation `Deninger2025Rational' on page 2 undefined on 
input line 148.


Package natbib Warning: Citation `Deninger2025Rational' on page 2 undefined on 
input line 150.


Package natbib Warning: Citation `Deninger2025Rational' on page 2 undefined on 
input line 170.


LaTeX Warning: Reference `thm:fppf' on page 2 undefined on input line 178.

[2]

Package natbib Warning: Citation `Deninger2025Rational' on page 3 undefined on 
input line 236.


Package natbib Warning: Citation `Deninger2025Rational' on page 3 undefined on 
input line 250.


Package natbib Warning: Citation `Deninger2025Rational' on page 3 undefined on 
input line 253.


Package natbib Warning: Citation `DeningerMellit2019' on page 3 undefined on in
put line 256.


Package natbib Warning: Citation `StacksProject' on page 3 undefined on input l
ine 260.


LaTeX Warning: Reference `prop:extcriterion' on page 3 undefined on input line 
302.

[3]

LaTeX Warning: Reference `sec:objects' on page 4 undefined on input line 318.


LaTeX Warning: Reference `sec:lemmas' on page 4 undefined on input line 320.


LaTeX Warning: Reference `sec:obstruction' on page 4 undefined on input line 32
2.


LaTeX Warning: Reference `sec:ext' on page 4 undefined on input line 324.


LaTeX Warning: Reference `sec:finiteflat' on page 4 undefined on input line 325
.


Package natbib Warning: Citation `Deninger2025Rational' on page 4 undefined on 
input line 339.


LaTeX Warning: Reference `eq:omega' on page 4 undefined on input line 349.

[4]

Package natbib Warning: Citation `StacksProject' on page 5 undefined on input l
ine 385.


LaTeX Warning: Reference `eq:extension' on page 5 undefined on input line 413.


LaTeX Warning: Reference `eq:extension' on page 5 undefined on input line 417.

[5]

LaTeX Warning: Reference `eq:omega' on page 6 undefined on input line 473.


Package natbib Warning: Citation `Deninger2025Rational' on page 6 undefined on 
input line 477.


Package natbib Warning: Citation `Deninger2025Rational' on page 6 undefined on 
input line 502.


Package natbib Warning: Citation `StacksProject' on page 6 undefined on input l
ine 511.


Package natbib Warning: Citation `StacksProject' on page 6 undefined on input l
ine 514.


LaTeX Warning: Reference `lem:dedekind' on page 6 undefined on input line 537.


LaTeX Warning: Reference `sec:obstruction' on page 6 undefined on input line 54
0.

[6]

LaTeX Warning: Reference `lem:dedekind' on page 7 undefined on input line 607.


LaTeX Warning: Reference `eq:forced' on page 7 undefined on input line 624.


LaTeX Warning: Reference `eq:descentneeded' on page 7 undefined on input line 6
38.


LaTeX Warning: Reference `lem:detector' on page 7 undefined on input line 652.


LaTeX Warning: Reference `lem:torsionfree' on page 7 undefined on input line 65
3.

[7]

LaTeX Warning: Reference `eq:descentneeded' on page 8 undefined on input line 6
58.


LaTeX Warning: Reference `eq:qnonzero' on page 8 undefined on input line 660.


LaTeX Warning: Reference `eq:roots' on page 8 undefined on input line 682.


LaTeX Warning: Reference `eq:rootcover' on page 8 undefined on input line 695.


LaTeX Warning: Reference `lem:dedekind' on page 8 undefined on input line 697.


LaTeX Warning: Reference `eq:localimage' on page 8 undefined on input line 733.


[8]

LaTeX Warning: Reference `thm:fppf' on page 9 undefined on input line 739.


LaTeX Warning: Reference `thm:ff' on page 9 undefined on input line 739.


LaTeX Warning: Reference `prop:failure' on page 9 undefined on input line 742.


LaTeX Warning: Reference `prop:failure' on page 9 undefined on input line 749.


LaTeX Warning: Reference `eq:rootcover' on page 9 undefined on input line 751.


LaTeX Warning: Reference `lem:dedekind' on page 9 undefined on input line 752.


Package natbib Warning: Citation `Deninger2025Rational' on page 9 undefined on 
input line 774.


LaTeX Warning: Reference `eq:extension' on page 9 undefined on input line 782.


Package natbib Warning: Citation `StacksProject' on page 9 undefined on input l
ine 811.


LaTeX Warning: Reference `eq:criterion' on page 9 undefined on input line 812.


Package natbib Warning: Citation `StacksProject' on page 9 undefined on input l
ine 813.

[9]

LaTeX Warning: Reference `cor:ext' on page 10 undefined on input line 825.


LaTeX Warning: Reference `prop:extcriterion' on page 10 undefined on input line
 827.


LaTeX Warning: Reference `eq:extension' on page 10 undefined on input line 829.



LaTeX Warning: Reference `thm:fppf' on page 10 undefined on input line 832.


LaTeX Warning: Reference `thm:ff' on page 10 undefined on input line 833.


LaTeX Warning: Reference `eq:extension' on page 10 undefined on input line 840.



LaTeX Warning: Reference `prop:failure' on page 10 undefined on input line 842.



LaTeX Warning: Reference `eq:delta' on page 10 undefined on input line 847.


LaTeX Warning: Reference `prop:extcriterion' on page 10 undefined on input line
 851.


LaTeX Warning: Reference `eq:extension' on page 10 undefined on input line 860.



LaTeX Warning: Reference `prop:failure' on page 10 undefined on input line 869.



LaTeX Warning: Reference `eq:connectingnonzero' on page 10 undefined on input l
ine 877.


LaTeX Warning: Reference `lem:dedekind' on page 10 undefined on input line 892.



LaTeX Warning: Reference `thm:ff' on page 10 undefined on input line 894.

[10]

LaTeX Warning: Reference `lem:dedekind' on page 11 undefined on input line 904.



Package natbib Warning: Citation `Deninger2025Rational' on page 11 undefined on
 input line 917.


LaTeX Warning: Reference `eq:notimage' on page 11 undefined on input line 917.


Package natbib Warning: Citation `Deninger2025Rational' on page 11 undefined on
 input line 975.

[11]
No file paper.bbl.

Package natbib Warning: There were undefined citations.

[12] [13] (./paper.aux)

LaTeX Warning: There were undefined references.


LaTeX Warning: Label(s) may have changed. Rerun to get cross-references right.


Package rerunfilecheck Warning: File `paper.out' has changed.
(rerunfilecheck)                Rerun to get outlines right
(rerunfilecheck)                or use package `bookmark'.

)
(see the transcript file for additional information)
 967 words of node memory still in use:
   8 hlist, 2 vlist, 2 rule, 1 local_par, 4 glue, 4 kern, 1 penalty, 1 margin_k
ern, 3 glyph, 82 attribute, 76 glue_spec, 82 attribute_list, 1 write nodes
   avail lists: 2:537,3:217,4:80,5:747,6:66,7:9334,8:38,9:544,10:11,11:695
</usr/share/texmf/fonts/opentype/public/tex-gyre/texgyretermes-italic.otf></usr
/share/texmf/fonts/opentype/public/tex-gyre/texgyretermes-regular.otf></usr/sha
re/texmf/fonts/opentype/public/tex-gyre-math/texgyretermes-math.otf></usr/share
/fonts/truetype/droid/DroidSansFallbackFull.ttf></usr/share/texmf/fonts/opentyp
e/public/tex-gyre-math/texgyretermes-math.otf></usr/share/texmf/fonts/opentype/
public/tex-gyre-math/texgyretermes-math.otf></usr/share/texlive/texmf-dist/font
s/truetype/public/dejavu/DejaVuSansMono.ttf></usr/share/texmf/fonts/opentype/pu
blic/tex-gyre/texgyretermes-regular.otf></usr/share/texmf/fonts/opentype/public
/tex-gyre/texgyretermes-bold.otf>
Output written on paper.pdf (13 pages, 142455 bytes).
Transcript written on paper.log.
