	linux-vdso.so.1 (0x00007ffd417f0000)
	libpoppler.so.118 => /usr/lib/x86_64-linux-gnu/libpoppler.so.118 (0x00007f73696d2000)
	libstdc++.so.6 => /usr/lib/x86_64-linux-gnu/libstdc++.so.6 (0x00007f73694a6000)
	libc.so.6 => /usr/lib/x86_64-linux-gnu/libc.so.6 (0x00007f736927d000)
	libfreetype.so.6 => /usr/lib/x86_64-linux-gnu/libfreetype.so.6 (0x00007f73691b5000)
	libfontconfig.so.1 => /usr/lib/x86_64-linux-gnu/libfontconfig.so.1 (0x00007f736916b000)
	libjpeg.so.8 => /usr/lib/x86_64-linux-gnu/libjpeg.so.8 (0x00007f73690e8000)
	libz.so.1 => /usr/lib/x86_64-linux-gnu/libz.so.1 (0x00007f73690cc000)
	libopenjp2.so.7 => /usr/lib/x86_64-linux-gnu/libopenjp2.so.7 (0x00007f7369074000)
	liblcms2.so.2 => /usr/lib/x86_64-linux-gnu/liblcms2.so.2 (0x00007f7369012000)
	libpng16.so.16 => /usr/lib/x86_64-linux-gnu/libpng16.so.16 (0x00007f7368fd7000)
	libtiff.so.5 => /usr/lib/x86_64-linux-gnu/libtiff.so.5 (0x00007f7368f4f000)
	libnss3.so => /usr/lib/x86_64-linux-gnu/libnss3.so (0x00007f7368e1c000)
	libsmime3.so => /usr/lib/x86_64-linux-gnu/libsmime3.so (0x00007f7368df2000)
	libplc4.so => /usr/lib/x86_64-linux-gnu/libplc4.so (0x00007f7368deb000)
	libnspr4.so => /usr/lib/x86_64-linux-gnu/libnspr4.so (0x00007f7368dab000)
	libm.so.6 => /usr/lib/x86_64-linux-gnu/libm.so.6 (0x00007f7368cc4000)
	/lib64/ld-linux-x86-64.so.2 (0x00007f7369a4f000)
	libgcc_s.so.1 => /usr/lib/x86_64-linux-gnu/libgcc_s.so.1 (0x00007f7368ca4000)
	libbrotlidec.so.1 => /usr/lib/x86_64-linux-gnu/libbrotlidec.so.1 (0x00007f7368c94000)
	libexpat.so.1 => /usr/lib/x86_64-linux-gnu/libexpat.so.1 (0x00007f7368c63000)
	libuuid.so.1 => /usr/lib/x86_64-linux-gnu/libuuid.so.1 (0x00007f7368c5a000)
	libwebp.so.7 => /usr/lib/x86_64-linux-gnu/libwebp.so.7 (0x00007f7368bed000)
	libzstd.so.1 => /usr/lib/x86_64-linux-gnu/libzstd.so.1 (0x00007f7368b1e000)
	liblzma.so.5 => /usr/lib/x86_64-linux-gnu/liblzma.so.5 (0x00007f7368af1000)
	libjbig.so.0 => /usr/lib/x86_64-linux-gnu/libjbig.so.0 (0x00007f7368ae0000)
	libdeflate.so.0 => /usr/lib/x86_64-linux-gnu/libdeflate.so.0 (0x00007f7368abc000)
	libnssutil3.so => /usr/lib/x86_64-linux-gnu/libnssutil3.so (0x00007f7368a89000)
	libplds4.so => /usr/lib/x86_64-linux-gnu/libplds4.so (0x00007f7368a84000)
	libbrotlicommon.so.1 => /usr/lib/x86_64-linux-gnu/libbrotlicommon.so.1 (0x00007f7368a5f000)
