{
  "arbitrary_precision_integer_only": true,
  "assertions": 1326321,
  "assertions_by_section": {
    "complete_cyclic_sources_targets_and_sign_strata": 989612,
    "direct_thirteen_height_local_certificate": 333254,
    "independent_81_height_overlap_graph": 84,
    "stated_seed_only_not_full_boxes": 3371
  },
  "author_code_imports_or_execution": false,
  "complete_cyclic_boxes": [
    {
      "all_labelled_maximizers": [
        [
          0,
          0,
          0
        ],
        [
          0,
          0,
          2
        ],
        [
          0,
          1,
          1
        ],
        [
          0,
          2,
          0
        ],
        [
          1,
          0,
          1
        ],
        [
          1,
          1,
          0
        ],
        [
          2,
          0,
          0
        ]
      ],
      "core_points": 13,
      "cycles_by_period": [
        [
          1,
          1
        ],
        [
          2,
          6
        ]
      ],
      "exact_depth_histogram": [
        [
          0,
          13
        ],
        [
          1,
          14
        ]
      ],
      "feasible_sign_strata": 13,
      "fibre_size_histogram_including_empty": [
        [
          0,
          14
        ],
        [
          1,
          6
        ],
        [
          3,
          7
        ]
      ],
      "image_points": 13,
      "maximum_fibre": 3,
      "n": 3,
      "observed_height_not_all_n_formula": 1,
      "sources_targets_sign_words_each": 27,
      "states_by_eventual_period": [
        [
          1,
          3
        ],
        [
          2,
          24
        ]
      ],
      "successor_vector_sha256": "44a4471f5da0a63685625d6e07e9c30feaf7dc9e5ba23838d306a1a9f58ef199"
    },
    {
      "all_labelled_maximizers": [
        [
          0,
          2,
          0,
          2
        ],
        [
          2,
          0,
          2,
          0
        ]
      ],
      "core_points": 11,
      "cycles_by_period": [
        [
          1,
          1
        ],
        [
          2,
          5
        ]
      ],
      "exact_depth_histogram": [
        [
          0,
          11
        ],
        [
          1,
          22
        ],
        [
          2,
          20
        ],
        [
          3,
          12
        ],
        [
          4,
          8
        ],
        [
          5,
          8
        ]
      ],
      "feasible_sign_strata": 43,
      "fibre_size_histogram_including_empty": [
        [
          0,
          48
        ],
        [
          1,
          12
        ],
        [
          2,
          8
        ],
        [
          3,
          9
        ],
        [
          6,
          2
        ],
        [
          7,
          2
        ]
      ],
      "image_points": 33,
      "maximum_fibre": 7,
      "n": 4,
      "observed_height_not_all_n_formula": 5,
      "sources_targets_sign_words_each": 81,
      "states_by_eventual_period": [
        [
          1,
          3
        ],
        [
          2,
          78
        ]
      ],
      "successor_vector_sha256": "1ae7609e0c9716ec3f4ac4868f5a1cd3ad6fcac46b896812c5dee06f7992ff78"
    },
    {
      "all_labelled_maximizers": [
        [
          0,
          0,
          2,
          0,
          2
        ],
        [
          0,
          1,
          1,
          0,
          2
        ],
        [
          0,
          2,
          0,
          0,
          2
        ],
        [
          0,
          2,
          0,
          1,
          1
        ],
        [
          0,
          2,
          0,
          2,
          0
        ],
        [
          1,
          0,
          2,
          0,
          1
        ],
        [
          1,
          1,
          0,
          2,
          0
        ],
        [
          2,
          0,
          0,
          2,
          0
        ],
        [
          2,
          0,
          1,
          1,
          0
        ],
        [
          2,
          0,
          2,
          0,
          0
        ]
      ],
      "core_points": 21,
      "cycles_by_period": [
        [
          1,
          1
        ],
        [
          2,
          10
        ]
      ],
      "exact_depth_histogram": [
        [
          0,
          21
        ],
        [
          1,
          82
        ],
        [
          2,
          80
        ],
        [
          3,
          40
        ],
        [
          4,
          15
        ],
        [
          5,
          5
        ]
      ],
      "feasible_sign_strata": 121,
      "fibre_size_histogram_including_empty": [
        [
          0,
          157
        ],
        [
          1,
          30
        ],
        [
          2,
          15
        ],
        [
          3,
          21
        ],
        [
          4,
          5
        ],
        [
          6,
          5
        ],
        [
          7,
          10
        ]
      ],
      "image_points": 86,
      "maximum_fibre": 7,
      "n": 5,
      "observed_height_not_all_n_formula": 5,
      "sources_targets_sign_words_each": 243,
      "states_by_eventual_period": [
        [
          1,
          3
        ],
        [
          2,
          240
        ]
      ],
      "successor_vector_sha256": "cc91b4d1fb23a93ef289d1dc35608edbb1133653bc53e13799d48d2ddf2969d7"
    },
    {
      "all_labelled_maximizers": [
        [
          0,
          2,
          0,
          2,
          0,
          2
        ],
        [
          2,
          0,
          2,
          0,
          2,
          0
        ]
      ],
      "core_points": 63,
      "cycles_by_period": [
        [
          1,
          1
        ],
        [
          2,
          31
        ]
      ],
      "exact_depth_histogram": [
        [
          0,
          63
        ],
        [
          1,
          210
        ],
        [
          2,
          192
        ],
        [
          3,
          132
        ],
        [
          4,
          84
        ],
        [
          5,
          48
        ]
      ],
      "feasible_sign_strata": 321,
      "fibre_size_histogram_including_empty": [
        [
          0,
          517
        ],
        [
          1,
          54
        ],
        [
          2,
          42
        ],
        [
          3,
          49
        ],
        [
          4,
          12
        ],
        [
          6,
          23
        ],
        [
          7,
          21
        ],
        [
          8,
          6
        ],
        [
          9,
          3
        ],
        [
          18,
          2
        ]
      ],
      "image_points": 212,
      "maximum_fibre": 18,
      "n": 6,
      "observed_height_not_all_n_formula": 5,
      "sources_targets_sign_words_each": 729,
      "states_by_eventual_period": [
        [
          1,
          3
        ],
        [
          2,
          726
        ]
      ],
      "successor_vector_sha256": "879ea82bf061cdbee7dab4b46030f6c54e06692c6cb5836a2126d21b0dc991db"
    },
    {
      "all_labelled_maximizers": [
        [
          0,
          0,
          2,
          0,
          2,
          0,
          2
        ],
        [
          0,
          1,
          1,
          0,
          2,
          0,
          2
        ],
        [
          0,
          2,
          0,
          0,
          2,
          0,
          2
        ],
        [
          0,
          2,
          0,
          1,
          1,
          0,
          2
        ],
        [
          0,
          2,
          0,
          2,
          0,
          0,
          2
        ],
        [
          0,
          2,
          0,
          2,
          0,
          1,
          1
        ],
        [
          0,
          2,
          0,
          2,
          0,
          2,
          0
        ],
        [
          1,
          0,
          2,
          0,
          2,
          0,
          1
        ],
        [
          1,
          1,
          0,
          2,
          0,
          2,
          0
        ],
        [
          2,
          0,
          0,
          2,
          0,
          2,
          0
        ],
        [
          2,
          0,
          1,
          1,
          0,
          2,
          0
        ],
        [
          2,
          0,
          2,
          0,
          0,
          2,
          0
        ],
        [
          2,
          0,
          2,
          0,
          1,
          1,
          0
        ],
        [
          2,
          0,
          2,
          0,
          2,
          0,
          0
        ]
      ],
      "core_points": 85,
      "cycles_by_period": [
        [
          1,
          1
        ],
        [
          2,
          42
        ]
      ],
      "exact_depth_histogram": [
        [
          0,
          85
        ],
        [
          1,
          478
        ],
        [
          2,
          679
        ],
        [
          3,
          504
        ],
        [
          4,
          287
        ],
        [
          5,
          154
        ]
      ],
      "feasible_sign_strata": 841,
      "fibre_size_histogram_including_empty": [
        [
          0,
          1661
        ],
        [
          1,
          98
        ],
        [
          2,
          105
        ],
        [
          3,
          127
        ],
        [
          4,
          21
        ],
        [
          6,
          63
        ],
        [
          7,
          35
        ],
        [
          8,
          35
        ],
        [
          9,
          21
        ],
        [
          10,
          7
        ],
        [
          18,
          14
        ]
      ],
      "image_points": 526,
      "maximum_fibre": 18,
      "n": 7,
      "observed_height_not_all_n_formula": 5,
      "sources_targets_sign_words_each": 2187,
      "states_by_eventual_period": [
        [
          1,
          3
        ],
        [
          2,
          2184
        ]
      ],
      "successor_vector_sha256": "2c8c33671126bc7f303c59fa094e09a97537d690af1135535f8ceec0fa6fbeca"
    },
    {
      "all_labelled_maximizers": [
        [
          0,
          2,
          0,
          2,
          0,
          2,
          0,
          2
        ],
        [
          2,
          0,
          2,
          0,
          2,
          0,
          2,
          0
        ]
      ],
      "core_points": 155,
      "cycles_by_period": [
        [
          1,
          1
        ],
        [
          2,
          77
        ]
      ],
      "exact_depth_histogram": [
        [
          0,
          155
        ],
        [
          1,
          1390
        ],
        [
          2,
          2060
        ],
        [
          3,
          1508
        ],
        [
          4,
          904
        ],
        [
          5,
          544
        ]
      ],
      "feasible_sign_strata": 2203,
      "fibre_size_histogram_including_empty": [
        [
          0,
          5252
        ],
        [
          1,
          204
        ],
        [
          2,
          232
        ],
        [
          3,
          289
        ],
        [
          4,
          40
        ],
        [
          5,
          48
        ],
        [
          6,
          140
        ],
        [
          7,
          52
        ],
        [
          8,
          128
        ],
        [
          9,
          60
        ],
        [
          10,
          24
        ],
        [
          12,
          16
        ],
        [
          16,
          16
        ],
        [
          18,
          42
        ],
        [
          20,
          16
        ],
        [
          47,
          2
        ]
      ],
      "image_points": 1309,
      "maximum_fibre": 47,
      "n": 8,
      "observed_height_not_all_n_formula": 5,
      "sources_targets_sign_words_each": 6561,
      "states_by_eventual_period": [
        [
          1,
          3
        ],
        [
          2,
          6558
        ]
      ],
      "successor_vector_sha256": "28d343ea9cec2a23a6db984ae20cedd30afa5084731e092f1db3204b76ec16b2"
    },
    {
      "all_labelled_maximizers": [
        [
          0,
          0,
          2,
          0,
          2,
          0,
          2,
          0,
          2
        ],
        [
          0,
          1,
          1,
          0,
          2,
          0,
          2,
          0,
          2
        ],
        [
          0,
          2,
          0,
          0,
          2,
          0,
          2,
          0,
          2
        ],
        [
          0,
          2,
          0,
          1,
          1,
          0,
          2,
          0,
          2
        ],
        [
          0,
          2,
          0,
          2,
          0,
          0,
          2,
          0,
          2
        ],
        [
          0,
          2,
          0,
          2,
          0,
          1,
          1,
          0,
          2
        ],
        [
          0,
          2,
          0,
          2,
          0,
          2,
          0,
          0,
          2
        ],
        [
          0,
          2,
          0,
          2,
          0,
          2,
          0,
          1,
          1
        ],
        [
          0,
          2,
          0,
          2,
          0,
          2,
          0,
          2,
          0
        ],
        [
          1,
          0,
          2,
          0,
          2,
          0,
          2,
          0,
          1
        ],
        [
          1,
          1,
          0,
          2,
          0,
          2,
          0,
          2,
          0
        ],
        [
          2,
          0,
          0,
          2,
          0,
          2,
          0,
          2,
          0
        ],
        [
          2,
          0,
          1,
          1,
          0,
          2,
          0,
          2,
          0
        ],
        [
          2,
          0,
          2,
          0,
          0,
          2,
          0,
          2,
          0
        ],
        [
          2,
          0,
          2,
          0,
          1,
          1,
          0,
          2,
          0
        ],
        [
          2,
          0,
          2,
          0,
          2,
          0,
          0,
          2,
          0
        ],
        [
          2,
          0,
          2,
          0,
          2,
          0,
          1,
          1,
          0
        ],
        [
          2,
          0,
          2,
          0,
          2,
          0,
          2,
          0,
          0
        ]
      ],
      "core_points": 373,
      "cycles_by_period": [
        [
          1,
          1
        ],
        [
          2,
          186
        ]
      ],
      "exact_depth_histogram": [
        [
          0,
          373
        ],
        [
          1,
          3470
        ],
        [
          2,
          5886
        ],
        [
          3,
          4932
        ],
        [
          4,
          3150
        ],
        [
          5,
          1872
        ]
      ],
      "feasible_sign_strata": 5773,
      "fibre_size_histogram_including_empty": [
        [
          0,
          16436
        ],
        [
          1,
          438
        ],
        [
          2,
          513
        ],
        [
          3,
          613
        ],
        [
          4,
          81
        ],
        [
          5,
          234
        ],
        [
          6,
          264
        ],
        [
          7,
          108
        ],
        [
          8,
          378
        ],
        [
          9,
          162
        ],
        [
          10,
          63
        ],
        [
          12,
          63
        ],
        [
          16,
          90
        ],
        [
          18,
          102
        ],
        [
          20,
          63
        ],
        [
          21,
          18
        ],
        [
          23,
          18
        ],
        [
          24,
          21
        ],
        [
          47,
          18
        ]
      ],
      "image_points": 3247,
      "maximum_fibre": 47,
      "n": 9,
      "observed_height_not_all_n_formula": 5,
      "sources_targets_sign_words_each": 19683,
      "states_by_eventual_period": [
        [
          1,
          3
        ],
        [
          2,
          19680
        ]
      ],
      "successor_vector_sha256": "7a9cf64ac1fc6aa6562b096395b0fa4538c8714f334ba514fa50c0ff9987bdf6"
    },
    {
      "all_labelled_maximizers": [
        [
          0,
          2,
          0,
          2,
          0,
          2,
          0,
          2,
          0,
          2
        ],
        [
          2,
          0,
          2,
          0,
          2,
          0,
          2,
          0,
          2,
          0
        ]
      ],
      "core_points": 613,
      "cycles_by_period": [
        [
          1,
          1
        ],
        [
          2,
          306
        ]
      ],
      "exact_depth_histogram": [
        [
          0,
          613
        ],
        [
          1,
          8586
        ],
        [
          2,
          17920
        ],
        [
          3,
          15710
        ],
        [
          4,
          10055
        ],
        [
          5,
          6135
        ],
        [
          6,
          30
        ]
      ],
      "feasible_sign_strata": 15123,
      "fibre_size_histogram_including_empty": [
        [
          0,
          51024
        ],
        [
          1,
          920
        ],
        [
          2,
          1130
        ],
        [
          3,
          1301
        ],
        [
          4,
          220
        ],
        [
          5,
          740
        ],
        [
          6,
          470
        ],
        [
          7,
          255
        ],
        [
          8,
          950
        ],
        [
          9,
          395
        ],
        [
          10,
          190
        ],
        [
          11,
          20
        ],
        [
          12,
          200
        ],
        [
          13,
          40
        ],
        [
          14,
          10
        ],
        [
          15,
          20
        ],
        [
          16,
          265
        ],
        [
          17,
          20
        ],
        [
          18,
          235
        ],
        [
          20,
          160
        ],
        [
          21,
          140
        ],
        [
          23,
          80
        ],
        [
          24,
          90
        ],
        [
          25,
          20
        ],
        [
          28,
          10
        ],
        [
          30,
          12
        ],
        [
          32,
          20
        ],
        [
          42,
          20
        ],
        [
          47,
          70
        ],
        [
          52,
          20
        ],
        [
          123,
          2
        ]
      ],
      "image_points": 8025,
      "maximum_fibre": 123,
      "n": 10,
      "observed_height_not_all_n_formula": 6,
      "sources_targets_sign_words_each": 59049,
      "states_by_eventual_period": [
        [
          1,
          3
        ],
        [
          2,
          59046
        ]
      ],
      "successor_vector_sha256": "8889b75a66049c6d0bf20a469f6ef97160b1f45fa5a26b106672c60f6e74761b"
    }
  ],
  "excluded_claims": [
    "global sharp height for n>=4",
    "global literature novelty",
    "source clearance",
    "external review",
    "new independent gate reviewer"
  ],
  "full_union_counterexample": {
    "parts": [
      {
        "complete_sources": [
          [
            1,
            0,
            0,
            0
          ],
          [
            2,
            0,
            0,
            0
          ],
          [
            2,
            1,
            1,
            1
          ]
        ],
        "count": 3,
        "signs": [
          -1,
          0,
          0,
          1
        ]
      },
      {
        "complete_sources": [
          [
            0,
            0,
            1,
            0
          ],
          [
            0,
            0,
            2,
            0
          ],
          [
            1,
            1,
            2,
            1
          ]
        ],
        "count": 3,
        "signs": [
          0,
          1,
          -1,
          0
        ]
      }
    ],
    "target": [
      0,
      1,
      0,
      1
    ],
    "whole_count": 6
  },
  "independent_overlap_core_graph": {
    "adjacency": [
      [
        0
      ],
      [
        3,
        4,
        5
      ],
      [
        6,
        7,
        8
      ],
      [],
      [
        12,
        13
      ],
      [],
      [
        18,
        19,
        20
      ],
      [
        21,
        22,
        23
      ],
      [],
      [
        27,
        28,
        29
      ],
      [
        30,
        31,
        32
      ],
      [
        33,
        34,
        35
      ],
      [
        36,
        37,
        38
      ],
      [
        41
      ],
      [],
      [
        45,
        46,
        47
      ],
      [
        48,
        49,
        50
      ],
      [],
      [
        54,
        55,
        56
      ],
      [
        57,
        58,
        59
      ],
      [
        60,
        61,
        62
      ],
      [
        64,
        65
      ],
      [],
      [],
      [],
      [],
      [],
      [],
      [
        3,
        4,
        5
      ],
      [
        6,
        7,
        8
      ],
      [],
      [
        12,
        13
      ],
      [
        15,
        16,
        17
      ],
      [
        18,
        19,
        20
      ],
      [
        21,
        22,
        23
      ],
      [],
      [
        27,
        28,
        29
      ],
      [
        30,
        31,
        32
      ],
      [
        33,
        34,
        35
      ],
      [
        36,
        37,
        38
      ],
      [
        41
      ],
      [],
      [
        45,
        46,
        47
      ],
      [
        48,
        49,
        50
      ],
      [],
      [
        54,
        55,
        56
      ],
      [
        57,
        58,
        59
      ],
      [
        60,
        61,
        62
      ],
      [
        64,
        65
      ],
      [],
      [],
      [],
      [],
      [],
      [],
      [
        3,
        4,
        5
      ],
      [
        6,
        7,
        8
      ],
      [],
      [
        12,
        13
      ],
      [
        15,
        16,
        17
      ],
      [
        18,
        19,
        20
      ],
      [
        21,
        22,
        23
      ],
      [],
      [
        27,
        28,
        29
      ],
      [
        30,
        31,
        32
      ],
      [
        33,
        34,
        35
      ],
      [],
      [
        39,
        40
      ],
      [],
      [
        45,
        46,
        47
      ],
      [
        48,
        49,
        50
      ],
      [],
      [
        54,
        55,
        56
      ],
      [
        57,
        58,
        59
      ],
      [
        60,
        61,
        62
      ],
      [
        64,
        65
      ],
      [],
      [],
      [],
      [],
      []
    ],
    "arithmetic": "Python arbitrary-precision integers; no truncated characteristic polynomial",
    "det_I_minus_zR_coefficients_all_82": [
      1,
      -1,
      -1,
      -3,
      2,
      2,
      0,
      0,
      1,
      -1,
      0,
      0,
      0,
      0,
      0,
      0,
      0,
      0,
      0,
      0,
      0,
      0,
      0,
      0,
      0,
      0,
      0,
      0,
      0,
      0,
      0,
      0,
      0,
      0,
      0,
      0,
      0,
      0,
      0,
      0,
      0,
      0,
      0,
      0,
      0,
      0,
      0,
      0,
      0,
      0,
      0,
      0,
      0,
      0,
      0,
      0,
      0,
      0,
      0,
      0,
      0,
      0,
      0,
      0,
      0,
      0,
      0,
      0,
      0,
      0,
      0,
      0,
      0,
      0,
      0,
      0,
      0,
      0,
      0,
      0,
      0,
      0
    ],
    "determinant_identity": "(1-z)*(1-z^2-4*z^3-2*z^4+z^8)",
    "edges": 137,
    "trace_exponents_1_to_81": [
      1,
      3,
      13,
      11,
      21,
      63,
      85,
      155,
      373,
      613,
      1145,
      2399,
      4317,
      8137,
      16113,
      30043,
      56917,
      110151,
      208165,
      395501,
      758281,
      1440321,
      2740497,
      5234399,
      9961421,
      18966873,
      36171841,
      68885849,
      131203889,
      250066633,
      476350465,
      907419483,
      1729063349,
      3293987731,
      6275270365,
      11956194239,
      22778144093,
      43395184523,
      82677111309,
      157512729885,
      300085074233,
      571717556431,
      1089214946021,
      2075127118889,
      3953477176113,
      7532026831307,
      14349738432397,
      27338677043647,
      52084715035613,
      99229966879413,
      189049685128969,
      360171053990265,
      686185505541729,
      1307297701433655,
      2490619353328325,
      4745043154537449,
      9040096455110785,
      17222886003838641,
      32812458094788257,
      62513187079366409,
      119098009514822657,
      226901493764763059,
      432285054668536477,
      823574862828249051,
      1569046952302123237,
      2989295183028082431,
      5695104054857404133,
      10850119530813707067,
      20671280682059157669,
      39382224622534725397,
      75029681860360257721,
      142944011549570521151,
      272332094762315351405,
      518837893053052920393,
      988472400626460547313,
      1883204175670641661243,
      3587816881681243774021,
      6835387339660054965879,
      13022548703756371255893,
      24810119206176742863293,
      47267399730996763316041
    ],
    "vertices_four_heights": [
      [
        0,
        0,
        0,
        0
      ],
      [
        0,
        0,
        0,
        1
      ],
      [
        0,
        0,
        0,
        2
      ],
      [
        0,
        0,
        1,
        0
      ],
      [
        0,
        0,
        1,
        1
      ],
      [
        0,
        0,
        1,
        2
      ],
      [
        0,
        0,
        2,
        0
      ],
      [
        0,
        0,
        2,
        1
      ],
      [
        0,
        0,
        2,
        2
      ],
      [
        0,
        1,
        0,
        0
      ],
      [
        0,
        1,
        0,
        1
      ],
      [
        0,
        1,
        0,
        2
      ],
      [
        0,
        1,
        1,
        0
      ],
      [
        0,
        1,
        1,
        1
      ],
      [
        0,
        1,
        1,
        2
      ],
      [
        0,
        1,
        2,
        0
      ],
      [
        0,
        1,
        2,
        1
      ],
      [
        0,
        1,
        2,
        2
      ],
      [
        0,
        2,
        0,
        0
      ],
      [
        0,
        2,
        0,
        1
      ],
      [
        0,
        2,
        0,
        2
      ],
      [
        0,
        2,
        1,
        0
      ],
      [
        0,
        2,
        1,
        1
      ],
      [
        0,
        2,
        1,
        2
      ],
      [
        0,
        2,
        2,
        0
      ],
      [
        0,
        2,
        2,
        1
      ],
      [
        0,
        2,
        2,
        2
      ],
      [
        1,
        0,
        0,
        0
      ],
      [
        1,
        0,
        0,
        1
      ],
      [
        1,
        0,
        0,
        2
      ],
      [
        1,
        0,
        1,
        0
      ],
      [
        1,
        0,
        1,
        1
      ],
      [
        1,
        0,
        1,
        2
      ],
      [
        1,
        0,
        2,
        0
      ],
      [
        1,
        0,
        2,
        1
      ],
      [
        1,
        0,
        2,
        2
      ],
      [
        1,
        1,
        0,
        0
      ],
      [
        1,
        1,
        0,
        1
      ],
      [
        1,
        1,
        0,
        2
      ],
      [
        1,
        1,
        1,
        0
      ],
      [
        1,
        1,
        1,
        1
      ],
      [
        1,
        1,
        1,
        2
      ],
      [
        1,
        1,
        2,
        0
      ],
      [
        1,
        1,
        2,
        1
      ],
      [
        1,
        1,
        2,
        2
      ],
      [
        1,
        2,
        0,
        0
      ],
      [
        1,
        2,
        0,
        1
      ],
      [
        1,
        2,
        0,
        2
      ],
      [
        1,
        2,
        1,
        0
      ],
      [
        1,
        2,
        1,
        1
      ],
      [
        1,
        2,
        1,
        2
      ],
      [
        1,
        2,
        2,
        0
      ],
      [
        1,
        2,
        2,
        1
      ],
      [
        1,
        2,
        2,
        2
      ],
      [
        2,
        0,
        0,
        0
      ],
      [
        2,
        0,
        0,
        1
      ],
      [
        2,
        0,
        0,
        2
      ],
      [
        2,
        0,
        1,
        0
      ],
      [
        2,
        0,
        1,
        1
      ],
      [
        2,
        0,
        1,
        2
      ],
      [
        2,
        0,
        2,
        0
      ],
      [
        2,
        0,
        2,
        1
      ],
      [
        2,
        0,
        2,
        2
      ],
      [
        2,
        1,
        0,
        0
      ],
      [
        2,
        1,
        0,
        1
      ],
      [
        2,
        1,
        0,
        2
      ],
      [
        2,
        1,
        1,
        0
      ],
      [
        2,
        1,
        1,
        1
      ],
      [
        2,
        1,
        1,
        2
      ],
      [
        2,
        1,
        2,
        0
      ],
      [
        2,
        1,
        2,
        1
      ],
      [
        2,
        1,
        2,
        2
      ],
      [
        2,
        2,
        0,
        0
      ],
      [
        2,
        2,
        0,
        1
      ],
      [
        2,
        2,
        0,
        2
      ],
      [
        2,
        2,
        1,
        0
      ],
      [
        2,
        2,
        1,
        1
      ],
      [
        2,
        2,
        1,
        2
      ],
      [
        2,
        2,
        2,
        0
      ],
      [
        2,
        2,
        2,
        1
      ],
      [
        2,
        2,
        2,
        2
      ]
    ]
  },
  "input_file_reads": false,
  "kind": "independent reviewer finite evidence, not all-n or source certification",
  "literal": "U(x)_i=[x_(i-1)>x_i]+[x_(i+1)>x_i], labelled ternary n>=3",
  "local_certificate": {
    "enumerated_complete_words": 1594323,
    "equal_centers": 1427787,
    "first_witness_time_site_counts": [
      [
        1,
        -4,
        21969
      ],
      [
        1,
        -3,
        15282
      ],
      [
        1,
        -2,
        2754
      ],
      [
        1,
        -1,
        8181
      ],
      [
        1,
        1,
        10449
      ],
      [
        1,
        2,
        2826
      ],
      [
        1,
        3,
        11301
      ],
      [
        1,
        4,
        7074
      ],
      [
        2,
        -3,
        10850
      ],
      [
        2,
        -2,
        19976
      ],
      [
        2,
        -1,
        1728
      ],
      [
        2,
        0,
        27555
      ],
      [
        2,
        2,
        2677
      ],
      [
        2,
        3,
        1156
      ],
      [
        3,
        -2,
        1629
      ],
      [
        3,
        -1,
        11961
      ],
      [
        3,
        1,
        54
      ],
      [
        3,
        2,
        378
      ],
      [
        4,
        -1,
        8022
      ],
      [
        4,
        1,
        714
      ]
    ],
    "height_comparison_not_edge_sign_implementation": true,
    "length": 13,
    "no_inner_word_factorization": true,
    "strict_center_cases_in_3_power_5": 90,
    "unequal_centers_with_witness": 166536
  },
  "ordered_checked_record_sha256": "39f191682bb63507e7a5e423031d56e3c3642b696251778be44c111d8aa8f390",
  "paper": "P207",
  "same_reviewer_prior_gate_algorithm_reuse_disclosed": true,
  "schema": "p207-manuscript-a-independent-v1",
  "seed_only_n4_to_64": [
    {
      "n": 4,
      "seed_entrance": 2,
      "source_entrance": 3
    },
    {
      "n": 5,
      "seed_entrance": 2,
      "source_entrance": 3
    },
    {
      "n": 6,
      "seed_entrance": 3,
      "source_entrance": 4
    },
    {
      "n": 7,
      "seed_entrance": 3,
      "source_entrance": 4
    },
    {
      "n": 8,
      "seed_entrance": 4,
      "source_entrance": 5
    },
    {
      "n": 9,
      "seed_entrance": 4,
      "source_entrance": 5
    },
    {
      "n": 10,
      "seed_entrance": 5,
      "source_entrance": 6
    },
    {
      "n": 11,
      "seed_entrance": 5,
      "source_entrance": 6
    },
    {
      "n": 12,
      "seed_entrance": 6,
      "source_entrance": 7
    },
    {
      "n": 13,
      "seed_entrance": 6,
      "source_entrance": 7
    },
    {
      "n": 14,
      "seed_entrance": 7,
      "source_entrance": 8
    },
    {
      "n": 15,
      "seed_entrance": 7,
      "source_entrance": 8
    },
    {
      "n": 16,
      "seed_entrance": 8,
      "source_entrance": 9
    },
    {
      "n": 17,
      "seed_entrance": 8,
      "source_entrance": 9
    },
    {
      "n": 18,
      "seed_entrance": 9,
      "source_entrance": 10
    },
    {
      "n": 19,
      "seed_entrance": 9,
      "source_entrance": 10
    },
    {
      "n": 20,
      "seed_entrance": 10,
      "source_entrance": 11
    },
    {
      "n": 21,
      "seed_entrance": 10,
      "source_entrance": 11
    },
    {
      "n": 22,
      "seed_entrance": 11,
      "source_entrance": 12
    },
    {
      "n": 23,
      "seed_entrance": 11,
      "source_entrance": 12
    },
    {
      "n": 24,
      "seed_entrance": 12,
      "source_entrance": 13
    },
    {
      "n": 25,
      "seed_entrance": 12,
      "source_entrance": 13
    },
    {
      "n": 26,
      "seed_entrance": 13,
      "source_entrance": 14
    },
    {
      "n": 27,
      "seed_entrance": 13,
      "source_entrance": 14
    },
    {
      "n": 28,
      "seed_entrance": 14,
      "source_entrance": 15
    },
    {
      "n": 29,
      "seed_entrance": 14,
      "source_entrance": 15
    },
    {
      "n": 30,
      "seed_entrance": 15,
      "source_entrance": 16
    },
    {
      "n": 31,
      "seed_entrance": 15,
      "source_entrance": 16
    },
    {
      "n": 32,
      "seed_entrance": 16,
      "source_entrance": 17
    },
    {
      "n": 33,
      "seed_entrance": 16,
      "source_entrance": 17
    },
    {
      "n": 34,
      "seed_entrance": 17,
      "source_entrance": 18
    },
    {
      "n": 35,
      "seed_entrance": 17,
      "source_entrance": 18
    },
    {
      "n": 36,
      "seed_entrance": 18,
      "source_entrance": 19
    },
    {
      "n": 37,
      "seed_entrance": 18,
      "source_entrance": 19
    },
    {
      "n": 38,
      "seed_entrance": 19,
      "source_entrance": 20
    },
    {
      "n": 39,
      "seed_entrance": 19,
      "source_entrance": 20
    },
    {
      "n": 40,
      "seed_entrance": 20,
      "source_entrance": 21
    },
    {
      "n": 41,
      "seed_entrance": 20,
      "source_entrance": 21
    },
    {
      "n": 42,
      "seed_entrance": 21,
      "source_entrance": 22
    },
    {
      "n": 43,
      "seed_entrance": 21,
      "source_entrance": 22
    },
    {
      "n": 44,
      "seed_entrance": 22,
      "source_entrance": 23
    },
    {
      "n": 45,
      "seed_entrance": 22,
      "source_entrance": 23
    },
    {
      "n": 46,
      "seed_entrance": 23,
      "source_entrance": 24
    },
    {
      "n": 47,
      "seed_entrance": 23,
      "source_entrance": 24
    },
    {
      "n": 48,
      "seed_entrance": 24,
      "source_entrance": 25
    },
    {
      "n": 49,
      "seed_entrance": 24,
      "source_entrance": 25
    },
    {
      "n": 50,
      "seed_entrance": 25,
      "source_entrance": 26
    },
    {
      "n": 51,
      "seed_entrance": 25,
      "source_entrance": 26
    },
    {
      "n": 52,
      "seed_entrance": 26,
      "source_entrance": 27
    },
    {
      "n": 53,
      "seed_entrance": 26,
      "source_entrance": 27
    },
    {
      "n": 54,
      "seed_entrance": 27,
      "source_entrance": 28
    },
    {
      "n": 55,
      "seed_entrance": 27,
      "source_entrance": 28
    },
    {
      "n": 56,
      "seed_entrance": 28,
      "source_entrance": 29
    },
    {
      "n": 57,
      "seed_entrance": 28,
      "source_entrance": 29
    },
    {
      "n": 58,
      "seed_entrance": 29,
      "source_entrance": 30
    },
    {
      "n": 59,
      "seed_entrance": 29,
      "source_entrance": 30
    },
    {
      "n": 60,
      "seed_entrance": 30,
      "source_entrance": 31
    },
    {
      "n": 61,
      "seed_entrance": 30,
      "source_entrance": 31
    },
    {
      "n": 62,
      "seed_entrance": 31,
      "source_entrance": 32
    },
    {
      "n": 63,
      "seed_entrance": 31,
      "source_entrance": 32
    },
    {
      "n": 64,
      "seed_entrance": 32,
      "source_entrance": 33
    }
  ],
  "standard_library_only": true,
  "status": "PASS"
}
