AUTHOR_ARTIFACT_AUDIT.json: OK
BUILD_EXECUTION.json: OK
BUILD_REPORT.md: OK
CANONICAL.json: OK
CONTEXT_SOURCE_PINS.sha256: OK
FINAL_INPUT_CHECK.json: OK
FINDINGS.json: OK
INPUT_PINS.sha256: OK
REPLAY_LOG.md: OK
REPORT.md: OK
SOURCE_AND_PROOF.md: OK
audit_artifacts.py: OK
cold_build_01/BIBTEX_ENGINE.txt: OK
cold_build_01/BUILD_ENVIRONMENT.txt: OK
cold_build_01/DIAGNOSTICS.txt: OK
cold_build_01/ENGINE.txt: OK
cold_build_01/FONTS.txt: OK
cold_build_01/PDF.sha256: OK
cold_build_01/PDFINFO.txt: OK
cold_build_01/SOURCE_INPUTS.sha256: OK
cold_build_01/bibtex.stdout: OK
cold_build_01/main.aux: OK
cold_build_01/main.bbl: OK
cold_build_01/main.blg: OK
cold_build_01/main.fls: OK
cold_build_01/main.log: OK
cold_build_01/main.out: OK
cold_build_01/main.pdf: OK
cold_build_01/main.tex: OK
cold_build_01/main.txt: OK
cold_build_01/math_commands.tex: OK
cold_build_01/pass1.stdout: OK
cold_build_01/pass2.stdout: OK
cold_build_01/pass3.stdout: OK
cold_build_01/references.bib: OK
cold_build_01/sections/00_abstract.tex: OK
cold_build_01/sections/01_setup.tex: OK
cold_build_01/sections/02_temporal.tex: OK
cold_build_01/sections/03_core_seed.tex: OK
cold_build_01/sections/04_fibres.tex: OK
cold_build_01/sections/05_scope.tex: OK
execution/initial/CANONICAL.input.json: OK
execution/initial/INPUT_PINS.after.sha256: OK
execution/initial/INPUT_PINS.before.sha256: OK
execution/initial/MANIFEST.sha256: OK
execution/initial/RECEIPT.json: OK
execution/initial/live_canonical.cmp.stderr: OK
execution/initial/live_canonical.cmp.stdout: OK
execution/initial/python_link_dependencies.stderr: OK
execution/initial/python_link_dependencies.stdout: OK
execution/initial/python_version.stderr: OK
execution/initial/python_version.stdout: OK
execution/initial/run0/canonical.cmp.stderr: OK
execution/initial/run0/canonical.cmp.stdout: OK
execution/initial/run0/producer.stderr: OK
execution/initial/run0/producer.stdout: OK
execution/initial/run0/verify.py: OK
execution/pair_01/CANONICAL.input.json: OK
execution/pair_01/INPUT_PINS.after.sha256: OK
execution/pair_01/INPUT_PINS.before.sha256: OK
execution/pair_01/MANIFEST.sha256: OK
execution/pair_01/RECEIPT.json: OK
execution/pair_01/live_canonical.cmp.stderr: OK
execution/pair_01/live_canonical.cmp.stdout: OK
execution/pair_01/pair.cmp.stderr: OK
execution/pair_01/pair.cmp.stdout: OK
execution/pair_01/python_link_dependencies.stderr: OK
execution/pair_01/python_link_dependencies.stdout: OK
execution/pair_01/python_version.stderr: OK
execution/pair_01/python_version.stdout: OK
execution/pair_01/run1/canonical.cmp.stderr: OK
execution/pair_01/run1/canonical.cmp.stdout: OK
execution/pair_01/run1/producer.stderr: OK
execution/pair_01/run1/producer.stdout: OK
execution/pair_01/run1/verify.py: OK
execution/pair_01/run2/canonical.cmp.stderr: OK
execution/pair_01/run2/canonical.cmp.stdout: OK
execution/pair_01/run2/producer.stderr: OK
execution/pair_01/run2/producer.stdout: OK
execution/pair_01/run2/verify.py: OK
execution/pair_02/CANONICAL.input.json: OK
execution/pair_02/INPUT_PINS.after.sha256: OK
execution/pair_02/INPUT_PINS.before.sha256: OK
execution/pair_02/MANIFEST.sha256: OK
execution/pair_02/RECEIPT.json: OK
execution/pair_02/live_canonical.cmp.stderr: OK
execution/pair_02/live_canonical.cmp.stdout: OK
execution/pair_02/pair.cmp.stderr: OK
execution/pair_02/pair.cmp.stdout: OK
execution/pair_02/python_link_dependencies.stderr: OK
execution/pair_02/python_link_dependencies.stdout: OK
execution/pair_02/python_version.stderr: OK
execution/pair_02/python_version.stdout: OK
execution/pair_02/run1/canonical.cmp.stderr: OK
execution/pair_02/run1/canonical.cmp.stdout: OK
execution/pair_02/run1/producer.stderr: OK
execution/pair_02/run1/producer.stdout: OK
execution/pair_02/run1/verify.py: OK
execution/pair_02/run2/canonical.cmp.stderr: OK
execution/pair_02/run2/canonical.cmp.stdout: OK
execution/pair_02/run2/producer.stderr: OK
execution/pair_02/run2/producer.stdout: OK
execution/pair_02/run2/verify.py: OK
intake/FREEZE_PIN_CHECK.json: OK
page_views/page-1.png: OK
page_views/page-2.png: OK
page_views/page-3.png: OK
page_views/page-4.png: OK
page_views/page-5.png: OK
page_views/page-6.png: OK
page_views/page-7.png: OK
record_review.py: OK
sources/SEARCH_PROTOCOL.json: OK
sources/fibre_queries.json: OK
sources/primary_open.json: OK
sources/rank_queries.json: OK
sources/threshold_queries.json: OK
verify.py: OK
