contains 25 genuinely distinct systems and therefore clears the requested
24-system breadth floor.

One system, `M01 OMD`, produced a striking exact atlas.  Relative to a fixed
perfect matching, its alternating-cycle parts split 2-adically; its target
fibres have an exact product formula; and its largest fibres for `n=1,...,7`
are

```text
1, 3, 7, 25, 81, 331, 1303.
```

It nevertheless fails the hostile gate.  If `F` is the fixed matching and
`M` the state, then

```text
F T^t(M) = (F M)^(2^t).
```

Thus every temporal, image, and fibre claim is a restriction of the generic
permutation power/root problem.  The perfect-matching overlay supplies the
usual coset type, and the fibre product is exactly the cyclewise square-root
formula.  This is a proof-engine owner, not merely a neighbouring title.

The next most complicated maps (`R01 UWS`, `R02 UCN`, `R04 DOM`) have rich
finite signatures but no stable all-parameter invariant, no every-target
formula, and no recoverable deformation.  Promoting such a single-size
anomaly would be quota padding.  The remaining systems are direct Hurwitz
actions, depth-one component/coordinate retractions, elementary incidence

| ID | literal deterministic update | exact signature | attempted theorem axes | hostile decision |
|---|---|---:|---|---|
| `M01 OMD` | on perfect matchings of `[2n]` with fixed `F`, `T(M)=MFM` | at `n=7`: `135135 / 62685 / 1303 / {1,2,3,4} / 2` | exact iterate, 2-adic clock, every-target fibres/image, all fixed counts | **`KILL_GENERIC_PERMUTATION_SQUARE_ROOT_ENGINE`** |
| `M02 HUR` | ordered matchings `(A,B)->(B,BAB)` | `225 / 225 / 1 / {1,2,3} / 0` | complete temporal action | **`KILL_DIRECT_HURWITZ_ACTION`** |
| `M03 OCP` | keep each `F∪M` component iff its half-size is odd; use `F` elsewhere | `10395 / 3105 / 6331 / {1} / 1` | image and fibres | **`KILL_COMPONENT_RETRACTION_THIN`** |
| `M04 OFL` | keep the unique overlay component containing label `0`; use `F` elsewhere | `10395 / 6331 / 945 / {1} / 1` | image and fibres | **`KILL_POINTED_COMPONENT_RETRACTION_THIN`** |
| `R01 UWS` | Boolean relation: `(i,j)` is on iff there is exactly one selected two-walk `i-k-j` | `512 / 238 / 28 / {1,2,3} / 5` | temporal and fibres sought | **`KILL_NO_PARAMETER_SPINE`** |
