QUERY_LEDGER.md: OK
SCOPE.md: OK
SOURCE_REPORT.md: OK
commands/control_pins_after_reads/invocation.json: OK
commands/control_pins_after_reads/receipt.json: OK
commands/control_pins_after_reads/stderr.bin: OK
commands/control_pins_after_reads/stdout.bin: OK
commands/r1_acm_curl/invocation.json: OK
commands/r1_acm_curl/receipt.json: OK
commands/r1_acm_curl/stderr.bin: OK
commands/r1_acm_curl/stdout.bin: OK
commands/r2_tcs_curl/invocation.json: OK
commands/r2_tcs_curl/receipt.json: OK
commands/r2_tcs_curl/stderr.bin: OK
commands/r2_tcs_curl/stdout.bin: OK
commands/r3_arxiv_curl/invocation.json: OK
commands/r3_arxiv_curl/receipt.json: OK
commands/r3_arxiv_curl/stderr.bin: OK
commands/r3_arxiv_curl/stdout.bin: OK
commands/r3_pdfinfo/invocation.json: OK
commands/r3_pdfinfo/receipt.json: OK
commands/r3_pdfinfo/stderr.bin: OK
commands/r3_pdfinfo/stdout.bin: OK
commands/r3_pdftotext/invocation.json: OK
commands/r3_pdftotext/receipt.json: OK
commands/r3_pdftotext/stderr.bin: OK
commands/r3_pdftotext/stdout.bin: OK
commands/r3_read_1_630/invocation.json: OK
commands/r3_read_1_630/receipt.json: OK
commands/r3_read_1_630/stderr.bin: OK
commands/r3_read_1_630/stdout.bin: OK
commands/r3_read_280_410/invocation.json: OK
commands/r3_read_280_410/receipt.json: OK
commands/r3_read_280_410/stderr.bin: OK
commands/r3_read_280_410/stdout.bin: OK
commands/r3_read_references/invocation.json: OK
commands/r3_read_references/receipt.json: OK
commands/r3_read_references/stderr.bin: OK
commands/r3_read_references/stdout.bin: OK
commands/r3_text_locate/invocation.json: OK
commands/r3_text_locate/receipt.json: OK
commands/r3_text_locate/stderr.bin: OK
commands/r3_text_locate/stdout.bin: OK
commands/read_failures/invocation.json: OK
commands/read_failures/receipt.json: OK
commands/read_failures/stderr.bin: OK
commands/read_failures/stdout.bin: OK
commands/read_failures_pinned/invocation.json: OK
commands/read_failures_pinned/receipt.json: OK
commands/read_failures_pinned/stderr.bin: OK
commands/read_failures_pinned/stdout.bin: OK
r1_acm.headers: OK
r2_tcs.headers: OK
r3_arxiv.headers: OK
r3_yeh_2006.pdf: OK
r3_yeh_2006.txt: OK
record_command.py: OK
seal.py: OK
web_arxiv_metadata.json: OK
web_discovery_04.json: OK
