--- /root/autodl-tmp/symbolic_dynamics/docs/papers204_208_sequence/qa/p209_terminal_artifact_revision_04/original_snapshot/docs/papers204_208_sequence/qa/p209_terminal_artifact_revision_03/record_audit.py	2026-09-07 18:05:20.611840097 +0800
+++ /root/autodl-tmp/symbolic_dynamics/docs/papers204_208_sequence/qa/p209_terminal_artifact_revision_04/record_audit.py	2026-09-07 18:07:26.902439646 +0800
@@ -29,11 +29,11 @@
     save(path,(json.dumps(value,sort_keys=True,indent=2)+'\n').encode())
 
 def main():
-    if sys.argv[1:] != ['initial_04']:
-        raise RuntimeError('Require the new revision_03 initial_04 attempt')
+    if sys.argv[1:] != ['initial_05']:
+        raise RuntimeError('Require the new revision_04 initial_05 attempt')
     if not(sys.flags.optimize==0 and sys.flags.isolated and sys.flags.no_site and sys.dont_write_bytecode
            and dict(os.environ)==ENV and Path.cwd()==ROOT and Path(sys.executable).resolve()==Path('/usr/bin/python3.10')
-           and PREP==ROOT/'docs/papers204_208_sequence/qa/p209_terminal_artifact_revision_03'
+           and PREP==ROOT/'docs/papers204_208_sequence/qa/p209_terminal_artifact_revision_04'
            and Path(__file__).resolve()==PREP/'record_audit.py'):
         raise RuntimeError('Require exact prepared path, system interpreter, -I -S -B, clean ENV and workspace cwd')
     required=[ROOT/'papers/209-ordered-fibre-threading/PAPER_MANIFEST.sha256',
@@ -48,7 +48,10 @@
               ROOT/'docs/papers204_208_sequence/qa/P209_TERMINAL_ARTIFACT_INITIAL_02.failed.actual.json',
               ROOT/'docs/papers204_208_sequence/qa/p209_terminal_artifact_revision_02/SHA256SUMS',
               BASE/'initial_03/SHA256SUMS',
-              ROOT/'docs/papers204_208_sequence/qa/P209_TERMINAL_ARTIFACT_INITIAL_03.failed.actual.json']
+              ROOT/'docs/papers204_208_sequence/qa/P209_TERMINAL_ARTIFACT_INITIAL_03.failed.actual.json',
+              ROOT/'docs/papers204_208_sequence/qa/p209_terminal_artifact_revision_03/SHA256SUMS',
+              BASE/'initial_04/SHA256SUMS',
+              ROOT/'docs/papers204_208_sequence/qa/P209_TERMINAL_ARTIFACT_INITIAL_04.failed.actual.json']
     before={str(p):info(p) for p in required}
     BASE.mkdir(exist_ok=True)
     target=BASE/sys.argv[1];target.mkdir(exist_ok=False)
