CANDIDATE_GATE.md: OK
CANONICAL.json: OK
EXECUTION_RECEIPT.md: OK
FINDINGS.json: OK
INPUT_PINS.sha256: OK
SOURCE_AND_PROOF.md: OK
SUPPLEMENTARY_INPUT_PINS.sha256: OK
canonical.stderr: OK
replay.py: OK
reviewer_pair_01/receipt.json: OK
reviewer_pair_01/run1.cmp.stderr: OK
reviewer_pair_01/run1.cmp.stdout: OK
reviewer_pair_01/run1.stderr: OK
reviewer_pair_01/run1.stdout.json: OK
reviewer_pair_01/run2.cmp.stderr: OK
reviewer_pair_01/run2.cmp.stdout: OK
reviewer_pair_01/run2.stderr: OK
reviewer_pair_01/run2.stdout.json: OK
sources/Fuks2003.preflight.json: OK
sources/Fuks2003.txt: OK
sources/Jen1989.preflight.json: OK
sources/Jen1989.txt: OK
sources/Jen1989_eq21.png: OK
sources/JerasDobnikar.preflight.json: OK
sources/JerasDobnikar.txt: OK
sources/search_fibre_static.json: OK
sources/search_literal_temporal.json: OK
sources/search_recent_indexes.json: OK
verify.py: OK
