docs/papers122_126_sequence/scouting/replacement/QUADRATIC_STATE_SHEAR_REPORT.md:5:**Snapshot:** 2026-08-30 UTC  
docs/papers147_151_sequence/scouting/combinatorial_replacement/SCOUT.md:29:| **ELC** | in a plane tree, erase every odd generation and promote its ordered grandchildren; reset parity and repeat | pointwise clock `ceil(log2(h+1))`; target fibre `y^I/(1-y)^(2m-1)`; algebraic image series | generic contraction, height parity, P114/P115 inputs subtracted; no direct owner found for the conjunction | **SELECT_PAPER_SIZED / PASS_FOCUSED** |
docs/papers122_126_sequence/scouting/combinatorial/SCOUT.md:5:**Snapshot:** 2026-08-30 UTC.
docs/papers122_126_sequence/scouting/combinatorial/SCOUT.md:36:| **C04** | Edge-labelled ribbon graphs with $m$ edges. Compare the parities of the two incident boundary-component lengths of every edge, counting edge-side occurrences. Let $A(G)$ be the edges seeing opposite parities and set $\Phi(G)=G^{A(G)}$, the simultaneous partial dual. | $m\ge0$; the ribbon-group orbit is finite. The selector changes face cycles, so it is not a fixed group element. No canonical pilot yet. | Chmutov owns partial duality; Ellis-Monaghan--Moffatt own the ribbon-group action; Yan--Deng--Metsidik (2026) study vertex distributions over its orbits. Only the adaptive selector could remain. | **6.7, RESERVE_OWNER_FIRST.** Promote only if a permutation-encoding pilot gives a uniform non-product clock/fibre theorem and the 2026 neighborhood has no adaptive owner. |
docs/papers122_126_sequence/scouting/replacement/SCOUT.md:4:**Snapshot:** 2026-08-30 UTC  
docs/papers127_131_sequence/scouting/combinatorial/SCOUT.md:6:**Search and computation snapshot:** 2026-08-31 UTC.
docs/papers182_186_sequence/scouting/algebra_lane/HISTORY_AUDIT.md:38:snapshot; they do not substitute for the explicit comparisons.
docs/papers177_181_sequence/scouting/combinatorial_lane/TITLE_COLLISION_INVENTORY.md:3:`PAPER_DIRECTORY_TITLES.txt` is a mechanically sorted snapshot of all numbered
docs/papers177_181_sequence/scouting/stochastic_graph_lane/SELF_CHECK.md:15:- The source record for finite-field edge labels is correctly attributed to
docs/papers132_136_sequence/scouting/combinatorial/SCOUT.md:7:**Search/computation snapshot:** 2026-08-31 UTC.
docs/papers142_146_sequence/scouting/stochastic/SCOUT.md:60:| `IF1` | Start with an interval, choose one of all uncut bonds uniformly, crack it, and continue through all resulting components; retain the binary cut genealogy. | All 46,233 bond orders through nine sites; all 2,055 endpoint shapes. 4,126 assertions. | Exact tree-hook endpoint law, but it is the classical Cartesian-tree/random-BST law. **`KILL_DIRECT_OWNER`, permanent.** |
docs/papers197_201_sequence/scouting/replacement_after_cmm_20260905/SCOUT_DISPOSITIONS.md:15:## OR: ordered reset, ternary focus retained for hostile Stage1 gate
docs/papers197_201_sequence/scouting/replacement_after_cmm_20260905/OR_TERNARY_THEOREM_CONTRACT.md:1:# Ternary ordered-reset oscillator: all-length theorem spike
docs/papers197_201_sequence/scouting/replacement_after_cmm_20260905/OR_TERNARY_THEOREM_CONTRACT.md:263:The full ordered-reset alphabet family q>3 was piloted but is NOT covered
docs/papers147_151_sequence/scouting/combinatorial_replacement/OWNER_AUDIT.md:12:| **ELC** | no source found for the deterministic map that deletes every odd generation, promotes its ordered grandchildren, resets parity, and iterates it | Catalan carrier counts, generic vertex contraction, even/odd-level statistics, and the elementary height-halving observation receive zero credit | literal iterate law; sharp pointwise and extremal clock; every-target size-refined fibre `y^I/(1-y)^(2m-1)`; algebraic image series | **PASS_FOCUSED** |
docs/papers177_181_sequence/scouting/algebra_lane/OWNER_SEARCH_LOG.md:3:**Search snapshot:** 2026-09-03 UTC.  
docs/papers204_208_sequence/qa/p208_round0_input_inspection/historical_workspace_origins/docs/papers204_208_sequence/scouting/order_geometry_tenth_desk/OFS_RECURSION_AND_FIBRES.md:24:labels $0,\ldots,n-1$, for $n\ge3$. OFS snapshots its original internal
docs/papers204_208_sequence/qa/p208_round0_input_inspection/historical_workspace_origins/docs/papers204_208_sequence/scouting/OFS_ROOT_INSPECTION.md:28:   Binary cut factors then evaluate h; their scalar counting is old. The
docs/papers204_208_sequence/qa/p208_round0_input_inspection/historical_workspace_origins/docs/papers204_208_sequence/scouting/OFS_ROOT_INSPECTION.md:32:   KG=GK, and the frozen-cherry intertwiner plus the stronger closed-class
docs/papers204_208_sequence/qa/p208_round0_input_inspection/historical_workspace_origins/docs/papers204_208_sequence/scouting/OFS_ROOT_INSPECTION.md:40:flip composition, static Catalan/avoidance series, binary cuts and generic
docs/papers204_208_sequence/qa/p208_round0_input_inspection/historical_workspace_origins/docs/papers204_208_sequence/scouting/OFS_ROOT_INSPECTION.md:41:prefix freezing receive zero separate contribution credit. The finite rank
docs/papers204_208_sequence/qa/p208_round0_input_inspection/historical_workspace_origins/docs/papers204_208_sequence/scouting/OFS_ROOT_INSPECTION.md:63:Root's additional literal lexicographic/snapshot, deterministic tree sweep,
docs/papers204_208_sequence/qa/p208_round0_input_inspection/historical_workspace_origins/docs/papers204_208_sequence/scouting/OFS_ROOT_INSPECTION.md:94:labelled a pre-execution snapshot, not a retroactive pre-first-read pin;
docs/papers204_208_sequence/qa/p208_round0_input_inspection/historical_workspace_origins/docs/papers204_208_sequence/scouting/OFS_ROOT_INSPECTION.md:99:snapshot/parser routes and all-size written proof remain the evidence.
docs/papers204_208_sequence/qa/p208_round0_input_inspection/historical_workspace_origins/docs/papers204_208_sequence/scouting/OFS_ROOT_INSPECTION.md:104:convex polygons n>=3, the exact original-snapshot lexicographic sweep,
docs/papers177_181_sequence/scouting/stochastic_graph_lane/OWNER_SEARCH_LOG.md:33:| finite-field labels induced on graph edges | Mizuno--Sato, [*Enumeration of finite field labels on graphs*](https://doi.org/10.1016/S0012-365X(96)00296-8) | the static map taking vertex labels to endpoint-sum edge labels; no credit for this input in ZSI |
docs/papers162_166_sequence/scouting/replacement_arithmetic_hybrid/SCOUT.md:162:| `AH21`--`AH23` | P97 relation direct images, P123 component complementation, P143 Boolean residuals | Arithmetic edge labels do not change the direct-image, component-closure, or Boolean-lift proof engines. |
docs/papers204_208_sequence/scouting/finite_systems_thirteenth/SCOUT_REPORT.md:79:is expressly not claimed. Source snapshots and nested nonself seals remain.
docs/papers204_208_sequence/scouting/finite_systems_thirteenth/SCOUT_REPORT.md:131:itself, including all raw outputs, receipts, source snapshots, proofs and
docs/papers197_201_sequence/scouting/replacement_after_cmm_20260905/README.md:3:Current status: one ternary ordered-reset candidate has a full all-length
docs/papers204_208_sequence/scouting/ELEVENTH_ROOT_INSPECTION.md:15:snapshots, archived raw streams and the current raw pair comparison passed.
docs/papers204_208_sequence/scouting/finite_algebra_ninth/SOURCE_AND_COLLISION.md:42:for all six existing primes. Both initial snapshots and initial canonical
docs/papers204_208_sequence/scouting/graph_relation_second/SOURCE_AND_COLLISION.md:39:- `papers/202-ternary-ordered-reset/main.tex`: the actual map, inverse theorem
docs/papers204_208_sequence/scouting/finite_systems_eighteenth/SOURCE_AND_HISTORY.md:100:`ARTIFACT_SNAPSHOT_2026-09-05.json` header/schema and initial entries were
docs/papers204_208_sequence/scouting/order_geometry_tenth/ofs_theorem_execution_01/OFS_PROOF_PACKAGE.md:12:$0,\ldots,n-1$, snapshot the internal diagonals in increasing lexicographic
docs/papers204_208_sequence/scouting/order_geometry_tenth/ofs_theorem_execution_01/OFS_PROOF_PACKAGE.md:30:uses the labelled, fixed snapshot order. No dihedral quotient or refreshed
docs/papers204_208_sequence/qa/p208_round0_input_inspection/historical_workspace_origins/docs/papers204_208_sequence/scouting/order_geometry_tenth/OFS_PROOF_PACKAGE.md:12:$0,\ldots,n-1$, snapshot the internal diagonals in increasing lexicographic
docs/papers204_208_sequence/qa/p208_round0_input_inspection/historical_workspace_origins/docs/papers204_208_sequence/scouting/order_geometry_tenth/OFS_PROOF_PACKAGE.md:30:uses the labelled, fixed snapshot order. No dihedral quotient or refreshed
docs/papers204_208_sequence/scouting/OFS_GATE/CANDIDATE_GATE.md:28:edge-labelled-flip lift E tau_(n-3)...tau_1 R, where R labels the initial
docs/papers204_208_sequence/scouting/OFS_GATE/CANDIDATE_GATE.md:31:binary cuts, rotations, grafting, deterministic scheduling and generic
docs/papers204_208_sequence/scouting/OFS_GATE/CANDIDATE_GATE.md:32:prefix freezing also receive zero separate contribution credit.
docs/papers204_208_sequence/scouting/OFS_GATE/CANDIDATE_GATE.md:59:sets, geometric quadrilateral flips, a reverse **unknown original snapshot**
docs/papers204_208_sequence/qa/p208_round0_input_inspection_v2/historical_workspace_origins/docs/papers204_208_sequence/scouting/order_geometry_tenth/OFS_PROOF_PACKAGE.md:12:$0,\ldots,n-1$, snapshot the internal diagonals in increasing lexicographic
docs/papers204_208_sequence/qa/p208_round0_input_inspection_v2/historical_workspace_origins/docs/papers204_208_sequence/scouting/order_geometry_tenth/OFS_PROOF_PACKAGE.md:30:uses the labelled, fixed snapshot order. No dihedral quotient or refreshed
docs/papers204_208_sequence/qa/p208_round0_input_inspection_v2/historical_workspace_origins/docs/papers204_208_sequence/scouting/OFS_GATE/SOURCE_AND_PROOF.md:12:their existing arguments; the alternative reverse-snapshot and poset routines
docs/papers204_208_sequence/qa/p208_round0_input_inspection_v2/historical_workspace_origins/docs/papers204_208_sequence/scouting/OFS_GATE/SOURCE_AND_PROOF.md:17:Let F snapshot the n-3 original internal diagonals, ordered by their sorted
docs/papers204_208_sequence/qa/p208_round0_input_inspection_v2/historical_workspace_origins/docs/papers204_208_sequence/scouting/OFS_GATE/SOURCE_AND_PROOF.md:107:F fibre is h(R) for a target (LC_l,R) and zero otherwise. Binary cut factors
docs/papers204_208_sequence/qa/p208_round0_input_inspection_v2/historical_workspace_origins/docs/papers204_208_sequence/scouting/OFS_GATE/SOURCE_AND_PROOF.md:147:identity twice proves the frozen-cherry intertwiner. No commutation of
docs/papers204_208_sequence/qa/p208_round0_input_inspection_v2/historical_workspace_origins/docs/papers204_208_sequence/scouting/OFS_GATE/SOURCE_AND_PROOF.md:197:snapshot flips; tree sweeps and greedy/zigzag sorting; Pop/rotation and
docs/papers204_208_sequence/qa/p208_round0_input_inspection_v2/historical_workspace_origins/docs/papers204_208_sequence/scouting/OFS_GATE/SOURCE_AND_PROOF.md:241:  It does not state OFS's whole original-snapshot update or its recursive
docs/papers204_208_sequence/qa/p208_round0_input_inspection_v2/historical_workspace_origins/docs/papers204_208_sequence/scouting/OFS_GATE/SOURCE_AND_PROOF.md:243:* [Bose--Lubiw--Pathak--Verdonschot, edge-labelled flips](https://arxiv.org/html/1310.1166):
docs/papers204_208_sequence/qa/p208_round0_input_inspection_v2/historical_workspace_origins/docs/papers204_208_sequence/scouting/OFS_GATE/SOURCE_AND_PROOF.md:248:  sorts persistent labels; it is not a theorem about repeated erase-and-
docs/papers204_208_sequence/qa/p208_round0_input_inspection_v2/historical_workspace_origins/docs/papers204_208_sequence/scouting/OFS_GATE/SOURCE_AND_PROOF.md:249:  reset snapshots. Later spiral/combinatorial sections were not used.
docs/papers204_208_sequence/qa/p208_round0_input_inspection_v2/historical_workspace_origins/docs/papers204_208_sequence/scouting/OFS_GATE/SOURCE_AND_PROOF.md:292:### Exact edge-labelled lift: map-primitive credit is zero
docs/papers204_208_sequence/qa/p208_round0_input_inspection_v2/historical_workspace_origins/docs/papers204_208_sequence/scouting/OFS_GATE/SOURCE_AND_PROOF.md:297:replacement. Write E for forgetting edge labels and R for the initial
docs/papers204_208_sequence/qa/p208_round0_input_inspection_v2/historical_workspace_origins/docs/papers204_208_sequence/scouting/OFS_GATE/SOURCE_AND_PROOF.md:309:with persistent labels; they do not evaluate intersections of this
docs/papers204_208_sequence/qa/p208_round0_input_inspection_v2/historical_workspace_origins/docs/papers204_208_sequence/scouting/OFS_GATE/SOURCE_AND_PROOF.md:318:factors of h follow from independent binary cuts and recursive products.
docs/papers204_208_sequence/qa/p208_round0_input_inspection_v2/historical_workspace_origins/docs/papers204_208_sequence/scouting/OFS_GATE/SOURCE_AND_PROOF.md:339:| P202 ternary ordered reset | Original setup and inverse/theorem proof sections were read. Its independent 0/1 source choices show why powers-of-two fibres are not a new axis by themselves. Those choices do not reconstruct the OFS recursive source blocks or determine its phase clock. |
docs/papers204_208_sequence/qa/p208_round0_input_inspection_v2/historical_workspace_origins/docs/papers204_208_sequence/scouting/OFS_GATE/SOURCE_AND_PROOF.md:353:rotations and generic prefix freezing are deducted, the meaningful
docs/papers204_208_sequence/qa/p208_round0_input_inspection_v2/historical_workspace_origins/docs/papers204_208_sequence/scouting/OFS_GATE/SOURCE_AND_PROOF.md:371:the image series, binary choices, deterministic scheduler or generic
docs/papers204_208_sequence/scouting/finite_systems_thirteenth/PROOF_AND_DISPOSITION.md:6:The fixed original intake and both successful pilot snapshots are unchanged.
docs/papers204_208_sequence/scouting/OFS_ROOT_INSPECTION.md:28:   Binary cut factors then evaluate h; their scalar counting is old. The
docs/papers204_208_sequence/scouting/OFS_ROOT_INSPECTION.md:32:   KG=GK, and the frozen-cherry intertwiner plus the stronger closed-class
docs/papers204_208_sequence/scouting/OFS_ROOT_INSPECTION.md:40:flip composition, static Catalan/avoidance series, binary cuts and generic
docs/papers204_208_sequence/scouting/OFS_ROOT_INSPECTION.md:41:prefix freezing receive zero separate contribution credit. The finite rank
docs/papers204_208_sequence/scouting/OFS_ROOT_INSPECTION.md:63:Root's additional literal lexicographic/snapshot, deterministic tree sweep,
docs/papers204_208_sequence/scouting/OFS_ROOT_INSPECTION.md:94:labelled a pre-execution snapshot, not a retroactive pre-first-read pin;
docs/papers204_208_sequence/scouting/OFS_ROOT_INSPECTION.md:99:snapshot/parser routes and all-size written proof remain the evidence.
docs/papers204_208_sequence/scouting/OFS_ROOT_INSPECTION.md:104:convex polygons n>=3, the exact original-snapshot lexicographic sweep,
docs/papers204_208_sequence/scouting/order_geometry_tenth/SOURCE_AND_COLLISION_NOTES.md:24:rules. Their full-snapshot lexicographic OFS schedule is not asserted
docs/papers204_208_sequence/scouting/order_geometry_tenth/SOURCE_AND_COLLISION_NOTES.md:48:  unlike the two OFS recurrent trees, but regular binary cuts, alternating
docs/papers204_208_sequence/scouting/order_geometry_tenth/SOURCE_AND_COLLISION_NOTES.md:65:carrier and its $n-3$-edge snapshot. Those source statements are the
docs/papers204_208_sequence/scouting/finite_algebra_ninth/EXECUTION.md:20:and execution directory. This is a physical source snapshot, not an import
docs/papers204_208_sequence/scouting/finite_algebra_ninth/EXECUTION.md:39:the three corresponding source snapshots are retained.
docs/papers204_208_sequence/scouting/finite_algebra_ninth/EXECUTION.md:74:before/after, and all four source snapshots exist. Branch/predecessor
docs/papers204_208_sequence/scouting/order_geometry_tenth/ofs_theorem_execution_01/OFS_THEOREM_CHECK_DECLARATION.md:11:construct their polygon edges, perform the declared snapshot flips by
docs/papers204_208_sequence/scouting/order_geometry_tenth/SCOUT_REPORT.md:80:all old run snapshots, generated probe caches and source failure records.
docs/papers204_208_sequence/scouting/order_geometry_tenth/tree_execution_01/INTAKE.md:21:| OFS | Convex labelled polygon triangulations. Snapshot all original internal diagonals in lexicographic endpoint order; visit each once and flip it in the current triangulation if still present. Never append newly created diagonals to the list. | n=3,...,10; every triangulation |
docs/papers204_208_sequence/scouting/finite_systems_sixteenth/EXECUTION_REPORT.md:33:process has a separate source snapshot and historical-input snapshot.
docs/papers204_208_sequence/scouting/finite_systems_sixteenth/EXECUTION_REPORT.md:93:that kernel or external operating-system state was snapshotted.
docs/papers204_208_sequence/scouting/order_geometry_tenth_desk/OFS_RECURSION_AND_FIBRES.md:24:labels $0,\ldots,n-1$, for $n\ge3$. OFS snapshots its original internal
docs/papers204_208_sequence/qa/p208_round0_input_inspection_v2/historical_workspace_origins/docs/papers204_208_sequence/scouting/OFS_ROOT_INSPECTION.md:28:   Binary cut factors then evaluate h; their scalar counting is old. The
docs/papers204_208_sequence/qa/p208_round0_input_inspection_v2/historical_workspace_origins/docs/papers204_208_sequence/scouting/OFS_ROOT_INSPECTION.md:32:   KG=GK, and the frozen-cherry intertwiner plus the stronger closed-class
docs/papers204_208_sequence/qa/p208_round0_input_inspection_v2/historical_workspace_origins/docs/papers204_208_sequence/scouting/OFS_ROOT_INSPECTION.md:40:flip composition, static Catalan/avoidance series, binary cuts and generic
docs/papers204_208_sequence/qa/p208_round0_input_inspection_v2/historical_workspace_origins/docs/papers204_208_sequence/scouting/OFS_ROOT_INSPECTION.md:41:prefix freezing receive zero separate contribution credit. The finite rank
docs/papers204_208_sequence/qa/p208_round0_input_inspection_v2/historical_workspace_origins/docs/papers204_208_sequence/scouting/OFS_ROOT_INSPECTION.md:63:Root's additional literal lexicographic/snapshot, deterministic tree sweep,
docs/papers204_208_sequence/qa/p208_round0_input_inspection_v2/historical_workspace_origins/docs/papers204_208_sequence/scouting/OFS_ROOT_INSPECTION.md:94:labelled a pre-execution snapshot, not a retroactive pre-first-read pin;
docs/papers204_208_sequence/qa/p208_round0_input_inspection_v2/historical_workspace_origins/docs/papers204_208_sequence/scouting/OFS_ROOT_INSPECTION.md:99:snapshot/parser routes and all-size written proof remain the evidence.
docs/papers204_208_sequence/qa/p208_round0_input_inspection_v2/historical_workspace_origins/docs/papers204_208_sequence/scouting/OFS_ROOT_INSPECTION.md:104:convex polygons n>=3, the exact original-snapshot lexicographic sweep,
docs/papers204_208_sequence/scouting/finite_systems_thirteenth/extrema_audit_02/source_inputs/PROOF_AND_DISPOSITION.md:6:The fixed original intake and both successful pilot snapshots are unchanged.
docs/papers204_208_sequence/scouting/order_geometry_tenth/OFS_THEOREM_CHECK_DECLARATION.md:11:construct their polygon edges, perform the declared snapshot flips by
docs/papers204_208_sequence/qa/p208_round0_input_inspection_v2/historical_workspace_origins/docs/papers204_208_sequence/scouting/order_geometry_tenth_desk/OFS_RECURSION_AND_FIBRES.md:24:labels $0,\ldots,n-1$, for $n\ge3$. OFS snapshots its original internal
docs/papers204_208_sequence/scouting/finite_systems_fifteenth/SCOUT_REPORT.md:94:and full standard library were not hermetically snapshotted. No fresh
docs/papers204_208_sequence/scouting/finite_systems_fifteenth/SCOUT_REPORT.md:106:document in both immutable execution snapshots. The error is bibliographic,
docs/papers204_208_sequence/scouting/order_geometry_tenth/ofs_theorem_execution_02/OFS_PROOF_PACKAGE.md:12:$0,\ldots,n-1$, snapshot the internal diagonals in increasing lexicographic
docs/papers204_208_sequence/scouting/order_geometry_tenth/ofs_theorem_execution_02/OFS_PROOF_PACKAGE.md:30:uses the labelled, fixed snapshot order. No dihedral quotient or refreshed
docs/papers204_208_sequence/scouting/OFS_GATE/SOURCE_AND_PROOF.md:12:their existing arguments; the alternative reverse-snapshot and poset routines
docs/papers204_208_sequence/scouting/OFS_GATE/SOURCE_AND_PROOF.md:17:Let F snapshot the n-3 original internal diagonals, ordered by their sorted
docs/papers204_208_sequence/scouting/OFS_GATE/SOURCE_AND_PROOF.md:107:F fibre is h(R) for a target (LC_l,R) and zero otherwise. Binary cut factors
docs/papers204_208_sequence/scouting/OFS_GATE/SOURCE_AND_PROOF.md:147:identity twice proves the frozen-cherry intertwiner. No commutation of
docs/papers204_208_sequence/scouting/OFS_GATE/SOURCE_AND_PROOF.md:197:snapshot flips; tree sweeps and greedy/zigzag sorting; Pop/rotation and
docs/papers204_208_sequence/scouting/OFS_GATE/SOURCE_AND_PROOF.md:241:  It does not state OFS's whole original-snapshot update or its recursive
docs/papers204_208_sequence/scouting/OFS_GATE/SOURCE_AND_PROOF.md:243:* [Bose--Lubiw--Pathak--Verdonschot, edge-labelled flips](https://arxiv.org/html/1310.1166):
docs/papers204_208_sequence/scouting/OFS_GATE/SOURCE_AND_PROOF.md:248:  sorts persistent labels; it is not a theorem about repeated erase-and-
docs/papers204_208_sequence/scouting/OFS_GATE/SOURCE_AND_PROOF.md:249:  reset snapshots. Later spiral/combinatorial sections were not used.
docs/papers204_208_sequence/scouting/OFS_GATE/SOURCE_AND_PROOF.md:292:### Exact edge-labelled lift: map-primitive credit is zero
docs/papers204_208_sequence/scouting/OFS_GATE/SOURCE_AND_PROOF.md:297:replacement. Write E for forgetting edge labels and R for the initial
docs/papers204_208_sequence/scouting/OFS_GATE/SOURCE_AND_PROOF.md:309:with persistent labels; they do not evaluate intersections of this
docs/papers204_208_sequence/scouting/OFS_GATE/SOURCE_AND_PROOF.md:318:factors of h follow from independent binary cuts and recursive products.
docs/papers204_208_sequence/scouting/OFS_GATE/SOURCE_AND_PROOF.md:339:| P202 ternary ordered reset | Original setup and inverse/theorem proof sections were read. Its independent 0/1 source choices show why powers-of-two fibres are not a new axis by themselves. Those choices do not reconstruct the OFS recursive source blocks or determine its phase clock. |
docs/papers204_208_sequence/scouting/OFS_GATE/SOURCE_AND_PROOF.md:353:rotations and generic prefix freezing are deducted, the meaningful
docs/papers204_208_sequence/scouting/OFS_GATE/SOURCE_AND_PROOF.md:371:the image series, binary choices, deterministic scheduler or generic
papers/02-wheel-sieve-stationarization-obstructions/sections/6_surviving_class.tex:55:  \item \textbf{Labels and transitions.}  Vertex and edge labels, treatment
docs/papers204_208_sequence/scouting/order_geometry_tenth_desk/REPORT.md:123:and binary-cut mechanisms after static Catalan/avoidance/flip primitives
docs/papers204_208_sequence/scouting/finite_systems_thirteenth/extrema_audit_01/source_inputs/PROOF_AND_DISPOSITION.md:6:The fixed original intake and both successful pilot snapshots are unchanged.
docs/papers204_208_sequence/scouting/graph_relation_second/CCI_GATE/CANDIDATE_GATE.md:145:identifications. The internal equality/mex/ordered-reset/Bellman systems
docs/papers204_208_sequence/scouting/finite_systems_eighteenth/INTEGRITY_RECEIPT.md:25:docs/research_state/ARTIFACT_SNAPSHOT_2026-09-05.json: OK
docs/papers204_208_sequence/scouting/finite_systems_fifteenth/SOURCE_ERRATUM.md:11:their source snapshots; it is not silently rewritten after execution.
docs/papers204_208_sequence/scouting/order_geometry_tenth/OFS_PROOF_PACKAGE.md:12:$0,\ldots,n-1$, snapshot the internal diagonals in increasing lexicographic
docs/papers204_208_sequence/scouting/order_geometry_tenth/OFS_PROOF_PACKAGE.md:30:uses the labelled, fixed snapshot order. No dihedral quotient or refreshed
docs/papers204_208_sequence/scouting/order_geometry_tenth/ofs_theorem_execution_02/OFS_THEOREM_CHECK_DECLARATION.md:11:construct their polygon edges, perform the declared snapshot flips by
papers/120-odd-fringe-mirror-plane-trees/main.tex:432:through order twelve.  It compares recursive and snapshot-trigger updates,
docs/papers204_208_sequence/scouting/finite_systems_twelfth/INTAKE.md:46:* STC: matrix-tree, deletion/contraction and binary cut/bicycle linear
papers/110-cyclic-shift-join-partition-dynamics/main.tex:61:independently, every binary cut through size twelve.
papers/110-cyclic-shift-join-partition-dynamics/main.tex:406:sharp depth through chord cycles and binary cut defects.  Neither route is
papers/110-cyclic-shift-join-partition-dynamics/main.tex:414:classification state by state.  It independently exhausts every binary cut
docs/papers204_208_sequence/scouting/order_geometry_tenth_desk/SOURCE_BOUNDARY.md:227:binary-cut mechanisms, not only distinguish the map names.
docs/papers204_208_sequence/scouting/graph_relation_second/CCI_BIB_CHECK.md:109:snapshot would be a separate root integration action. No source PDF or
papers/02-wheel-sieve-stationarization-obstructions/sections/B_source_lock.tex:23:Labels and transitions & Vertex/edge labels, parallel-edge multiplicity,
docs/papers204_208_sequence/scouting/order_geometry_tenth/INTAKE.md:21:| OFS | Convex labelled polygon triangulations. Snapshot all original internal diagonals in lexicographic endpoint order; visit each once and flip it in the current triangulation if still present. Never append newly created diagonals to the list. | n=3,...,10; every triangulation |
docs/papers204_208_sequence/scouting/graph_relation_second/CCI_GATE/SOURCE_GATE.md:112:| [P202](../../../../../papers/202-ternary-ordered-reset/main.tex), literal rule, source subtraction and complete one-step decoder | Ordered one-sided increment/reset; zero always advances and there are no fixed states. Its nonzero one-step fibres are powers of two from independent $01$ choices. CCI has proper fixed states and a four-vertex star/constant target has fibre seven. Thus even the inverse-fibre invariant prevents a bijective conjugacy to this rule; its independent local choices cannot supply the coupled CCI mask constraints. |
docs/papers204_208_sequence/scouting/order_geometry_tenth/ofs_theorem_execution_02/INTAKE.md:21:| OFS | Convex labelled polygon triangulations. Snapshot all original internal diagonals in lexicographic endpoint order; visit each once and flip it in the current triangulation if still present. Never append newly created diagonals to the list. | n=3,...,10; every triangulation |
docs/papers187_191_sequence/scouting/combinatorial_lane/CANDIDATES.md:85:- Prospective axes: binary cut-set image and run-length composition fibres.
docs/papers197_201_sequence/scouting/replacement_after_cmm_20260905/OR_SOURCE_OWNER_AND_COLLISION.md:1:# Ordered-reset ternary rule: bounded source and collision subtraction
docs/papers197_201_sequence/scouting/replacement_after_cmm_20260905/OR_SOURCE_OWNER_AND_COLLISION.md:22:and moving-frame owner risks. Calling it an ordered-reset oscillator is a
docs/papers197_201_sequence/scouting/replacement_after_cmm_20260905/OR_SOURCE_OWNER_AND_COLLISION.md:198:"cellular automaton" "ordered" "reset" three state
docs/papers197_201_sequence/scouting/replacement_after_cmm_20260905/OR_SOURCE_OWNER_AND_COLLISION.md:208:"ordered reset" "automaton"
papers/202-ternary-ordered-reset/main.tex:43:one binary source choice at every occurrence of $01$, giving all fibres
papers/39-affine-obstruction-dag-closure-certificate/sections/6_executable_audit.tex:14:structural-spine records, repair rows, source hashes, registry snapshot, and
papers/25-holomorphic-lefschetz-code-collapse/sections/9_exact_audit.tex:143:produced two fresh byte-identical 30-artifact \emph{code/results} snapshots,
papers/25-holomorphic-lefschetz-code-collapse/sections/9_exact_audit.tex:146:snapshot digest are reported separately from the theorem source.  A failed
papers/18-incidence-transition-holonomy/sections/2_classical_boundary.tex:14:individual edge label.  Livšic theory relates periodic data to cohomology
docs/papers197_201_sequence/scouting/second_replacement_20260905/SOURCE_SCOPE_AND_HISTORY.md:122:historical/snapshot files rather than mutable central recovery documents.
docs/papers197_201_sequence/scouting/second_replacement_20260905/SOURCE_SCOPE_AND_HISTORY.md:135:| UTE / LDF | current breadth snapshot and graph ledger | Exactly one common neighbor (without old-edge exclusion), and persistent serialized square closure, are not ND1 or exact distance two. Their existence does not rescue D2G from its external exact owner. |
docs/papers197_201_sequence/scouting/second_replacement_20260905/SOURCE_SCOPE_AND_HISTORY.md:151:existing central denominator, manuscript, recovery file or frozen snapshot
papers/17-fiber-cocycle-artin-factor/sections/5_rigidity.tex:69:Every edge label in the skew product then lies in \(\langle a\rangle\).
papers/17-fiber-cocycle-artin-factor/sections/7_certificates_controls.tex:123:edge label is recovered by the declared gauge.  The 21 constant-holonomy
papers/75-racg-geodesic-join-components/main.tex:100:cliques, with one edge labelled $v$ from $C$ to $T_v(C)$ whenever $v\notin C$.
papers/75-racg-geodesic-join-components/main.tex:104:sequences all of whose finite blocks are geodesic.  Edge labelling gives a
papers/75-racg-geodesic-join-components/main.tex:109:Every edge-label block is geodesic because it is a subword of a word readable
papers/67-multiplicative-plaquette-matroid-complexity/sections/3_finite_projections.tex:69:An edge labelling $z\in\F_q^{E_r}$ lies in $\im\Phi_r$ if and only if
papers/67-multiplicative-plaquette-matroid-complexity/sections/3_finite_projections.tex:81:all edge labels.
papers/26-pure-power-selector-atom-collapse/sections/9_exact_audit.tex:75:snapshots are identical, with combined SHA-256
papers/39-affine-obstruction-dag-closure-certificate/sections/B_methodology_and_scope.tex:49:\subsection{Immutable research snapshots}
papers/39-affine-obstruction-dag-closure-certificate/sections/B_methodology_and_scope.tex:51:The writer copied the following nine authority-local snapshots without byte
papers/39-affine-obstruction-dag-closure-certificate/sections/B_methodology_and_scope.tex:78:The Route snapshot is a mathematical working record, not the integrator-owned
papers/39-affine-obstruction-dag-closure-certificate/sections/B_methodology_and_scope.tex:80:audit snapshots.
papers/39-affine-obstruction-dag-closure-certificate/sections/B_methodology_and_scope.tex:161:historical snapshot predicate.  None of these quantifiers ranges over:
papers/34-positive-recognition-recurrence-quadrilemma/sections/3_source_lock.tex:30:higher-block recoding a one-edge label map $\lambda:E\to\Bset$.  If
papers/95-minimal-slack-no-repeat-shifts/main.tex:246:state.  Consequently the sequence of Cayley-edge labels is an i.i.d. fair
papers/95-minimal-slack-no-repeat-shifts/main.tex:256:At a return, the return time is a stopping time for the edge-label filtration.
papers/29-functorial-chiral-counterterm-no-go/sections/5_scheme_ambiguity.tex:53:constructively that the ambiguity is a family rather than a binary choice.
papers/39-affine-obstruction-dag-closure-certificate/sections/2_related_work.tex:9:corrected audit snapshot; its negative result is moderate-confidence and
docs/papers204_208_sequence/qa/p208_round0_input_inspection/historical_workspace_origins/docs/papers204_208_sequence/scouting/OFS_GATE/SOURCE_AND_PROOF.md:12:their existing arguments; the alternative reverse-snapshot and poset routines
docs/papers204_208_sequence/qa/p208_round0_input_inspection/historical_workspace_origins/docs/papers204_208_sequence/scouting/OFS_GATE/SOURCE_AND_PROOF.md:17:Let F snapshot the n-3 original internal diagonals, ordered by their sorted
docs/papers204_208_sequence/qa/p208_round0_input_inspection/historical_workspace_origins/docs/papers204_208_sequence/scouting/OFS_GATE/SOURCE_AND_PROOF.md:107:F fibre is h(R) for a target (LC_l,R) and zero otherwise. Binary cut factors
docs/papers204_208_sequence/qa/p208_round0_input_inspection/historical_workspace_origins/docs/papers204_208_sequence/scouting/OFS_GATE/SOURCE_AND_PROOF.md:147:identity twice proves the frozen-cherry intertwiner. No commutation of
docs/papers204_208_sequence/qa/p208_round0_input_inspection/historical_workspace_origins/docs/papers204_208_sequence/scouting/OFS_GATE/SOURCE_AND_PROOF.md:197:snapshot flips; tree sweeps and greedy/zigzag sorting; Pop/rotation and
docs/papers204_208_sequence/qa/p208_round0_input_inspection/historical_workspace_origins/docs/papers204_208_sequence/scouting/OFS_GATE/SOURCE_AND_PROOF.md:241:  It does not state OFS's whole original-snapshot update or its recursive
docs/papers204_208_sequence/qa/p208_round0_input_inspection/historical_workspace_origins/docs/papers204_208_sequence/scouting/OFS_GATE/SOURCE_AND_PROOF.md:243:* [Bose--Lubiw--Pathak--Verdonschot, edge-labelled flips](https://arxiv.org/html/1310.1166):
docs/papers204_208_sequence/qa/p208_round0_input_inspection/historical_workspace_origins/docs/papers204_208_sequence/scouting/OFS_GATE/SOURCE_AND_PROOF.md:248:  sorts persistent labels; it is not a theorem about repeated erase-and-
docs/papers204_208_sequence/qa/p208_round0_input_inspection/historical_workspace_origins/docs/papers204_208_sequence/scouting/OFS_GATE/SOURCE_AND_PROOF.md:249:  reset snapshots. Later spiral/combinatorial sections were not used.
docs/papers204_208_sequence/qa/p208_round0_input_inspection/historical_workspace_origins/docs/papers204_208_sequence/scouting/OFS_GATE/SOURCE_AND_PROOF.md:292:### Exact edge-labelled lift: map-primitive credit is zero
docs/papers204_208_sequence/qa/p208_round0_input_inspection/historical_workspace_origins/docs/papers204_208_sequence/scouting/OFS_GATE/SOURCE_AND_PROOF.md:297:replacement. Write E for forgetting edge labels and R for the initial
docs/papers204_208_sequence/qa/p208_round0_input_inspection/historical_workspace_origins/docs/papers204_208_sequence/scouting/OFS_GATE/SOURCE_AND_PROOF.md:309:with persistent labels; they do not evaluate intersections of this
docs/papers204_208_sequence/qa/p208_round0_input_inspection/historical_workspace_origins/docs/papers204_208_sequence/scouting/OFS_GATE/SOURCE_AND_PROOF.md:318:factors of h follow from independent binary cuts and recursive products.
docs/papers204_208_sequence/qa/p208_round0_input_inspection/historical_workspace_origins/docs/papers204_208_sequence/scouting/OFS_GATE/SOURCE_AND_PROOF.md:339:| P202 ternary ordered reset | Original setup and inverse/theorem proof sections were read. Its independent 0/1 source choices show why powers-of-two fibres are not a new axis by themselves. Those choices do not reconstruct the OFS recursive source blocks or determine its phase clock. |
docs/papers204_208_sequence/qa/p208_round0_input_inspection/historical_workspace_origins/docs/papers204_208_sequence/scouting/OFS_GATE/SOURCE_AND_PROOF.md:353:rotations and generic prefix freezing are deducted, the meaningful
docs/papers204_208_sequence/qa/p208_round0_input_inspection/historical_workspace_origins/docs/papers204_208_sequence/scouting/OFS_GATE/SOURCE_AND_PROOF.md:371:the image series, binary choices, deterministic scheduler or generic
papers/44-q-adic-finite-size-boundary-spectra/appendices/B_types_provenance.tex:119:There were no symbolic links.  The resulting protected snapshot has
docs/papers204_208_sequence/scouting/FIFTEENTH_ROOT_INSPECTION.md:61:snapshots, actual commands/flags, the Python binary and before/after pins
papers/46-dyadic-sum-hankel-cycle-calculus/appendices/D_canonical_evidence.tex:4:The manuscript table was generated from a protected State-A snapshot by a
papers/46-dyadic-sum-hankel-cycle-calculus/appendices/D_canonical_evidence.tex:19:\noindent\textbf{Protected authority snapshot.}\quad
papers/46-dyadic-sum-hankel-cycle-calculus/sections/03_source_operator.tex:14:Dyadic edge labels are constraints derived from a vertex word; they are not
papers/46-dyadic-sum-hankel-cycle-calculus/sections/03_source_operator.tex:37:    $q_i=2^{a_i}$ & derived edge label & temporal orbit \\
papers/69-orientation-sensitive-surface-flat-sft/sections/7_scope_controls.tex:47:Alphabet/model & nonabelian finite-group edge labels with flat holonomy & additive finite-field principal linear kernel \\
papers/69-orientation-sensitive-surface-flat-sft/sections/3_flat_shift.tex:82:The based gauge action on edge labellings is free.  Indeed, if $u\cdot A=A$,
papers/69-orientation-sensitive-surface-flat-sft/sections/3_flat_shift.tex:93:convention \eqref{eq:gauge-action}, the transformed edge label is the identity.
papers/69-orientation-sensitive-surface-flat-sft/sections/3_flat_shift.tex:97:connection, multiply edge labels along a based cellular loop, using inverses
papers/69-orientation-sensitive-surface-flat-sft/sections/3_flat_shift.tex:118:count is taken here: $X_{\K}$ contains raw edge labellings, so
papers/72-rank-two-graph-commutation-spectra/main.tex:313:\item an independent enumeration of all $2^{2ab}$ blue/red edge labellings of
papers/46-dyadic-sum-hankel-cycle-calculus/appendices/C_cycle_bookkeeping.tex:30:the same cyclic orbit.  The edge labels rotate with it.  A word is primitive
papers/96-finite-subset-circle-expansion/main.tex:265:Multiplying these independent binary choices proves the first product.
papers/39-affine-obstruction-dag-closure-certificate/sections/7_route_conclusion.tex:36:That guard is inactive in the frozen snapshot.  The predecessor text does not
papers/39-affine-obstruction-dag-closure-certificate/sections/7_route_conclusion.tex:53:  \item \textbf{Snapshot governance.}  Historical registry nonemptiness and its
papers/69-orientation-sensitive-surface-flat-sft/sections/1_introduction.tex:42:are nonabelian edge labels, and the selected spectra recover character degrees
docs/papers204_208_sequence/scouting/word_local/CRC3_GATE/SOURCE_AND_ADAPTERS.md:87:| P202 ternary ordered reset | `bcb24151784b52a27d846dd564ab6a0b438381e617575e6064c698f69683fa1a` |
docs/papers204_208_sequence/scouting/order_geometry_tenth/tree_execution_02/INTAKE.md:21:| OFS | Convex labelled polygon triangulations. Snapshot all original internal diagonals in lexicographic endpoint order; visit each once and flip it in the current triangulation if still present. Never append newly created diagonals to the list. | n=3,...,10; every triangulation |
docs/papers204_208_sequence/scouting/order_geometry_tenth/ofs_theorem_execution_01/INTAKE.md:21:| OFS | Convex labelled polygon triangulations. Snapshot all original internal diagonals in lexicographic endpoint order; visit each once and flip it in the current triangulation if still present. Never append newly created diagonals to the list. | n=3,...,10; every triangulation |
