### `CRG`: distinct from `R11`, still below threshold

For a composition `a=(a_1,...,a_l)`, join positions `i,i+1` when
`gcd(a_i,a_(i+1))>1` and replace each connected run by its sum.  Every
nonfixed update strictly decreases `l`, total weight is preserved, and the
fixed locus is precisely

```text
gcd(a_i,a_(i+1))=1 for every i.
```

Thus the clock is at most `l-1`.  Adaptive recomputation is real: maximum
depths by total weight 1 through 16 are

```text
0,0,0,1,1,1,1,2,2,2,2,2,2,3,3,3.
```

This is not `R11`: for example `(2,3,4)` is fixed here, whereas cyclic
adjacent-GCD smoothing changes every coordinate and preserves length.  The
distinction prevents an *exact-map* kill.  It does not supply paper mass.
The proposed inverse axis merely enumerates segmentations of each target part
whose internal adjacent gcds exceed one while adjacent segment boundaries are
coprime; boundary choices are coupled.  No closed target theorem or sharp
all-weight clock emerged, and the vocabulary is already saturated by P147
run consolidation, P121 coalescence, and R11.  `CRG` is killed now; its small
depths are not a silent reserve.

