/root/autodl-tmp/hilbert-polya-structure/symbolic_dynamics/docs/papers147_151_sequence/phase1/CANDIDATE_POOL_AND_KILL_LEDGER.md:41:- `S09` triangle-book edge deletion is exactly the P136 sunflower process
/root/autodl-tmp/hilbert-polya-structure/symbolic_dynamics/docs/papers117_121_sequence/scouting/ALGEBRAIC_SCOUT.md:248:| `proof_spikes/alg_bad_characteristic.py` | A1--A4 | 666 | Boolean first excess at `2p-1`; global least-`p`-power commutator shortcut fails at `(5,9)` |
/root/autodl-tmp/hilbert-polya-structure/symbolic_dynamics/docs/papers117_121_sequence/scouting/ALGEBRAIC_SCOUT.md:249:| `proof_spikes/alg_coupled_cartier.py` | A5 | 115 | additive depth `2h+1` and the naive `p`-power shortcut both fail; `(5,8)` has depth `15` |
/root/autodl-tmp/hilbert-polya-structure/docs/papers204_208_sequence/scouting/set_partition_sixth/PROOF_BOUNDARIES.md:52:### Step 2: which shortcuts survive
/root/autodl-tmp/hilbert-polya-structure/docs/papers204_208_sequence/scouting/set_partition_sixth/PROOF_BOUNDARIES.md:62:shortcut with both endpoints in that interval. Such a shortcut belongs
/root/autodl-tmp/hilbert-polya-structure/docs/papers204_208_sequence/scouting/set_partition_sixth/PROOF_BOUNDARIES.md:63:to $Q$, not $B$, since its own interval is a subchain. One shortcut
/root/autodl-tmp/hilbert-polya-structure/docs/papers204_208_sequence/scouting/set_partition_sixth/PROOF_BOUNDARIES.md:65:the cover path; every non-cover path must use such a shortcut.
/root/autodl-tmp/hilbert-polya-structure/docs/papers204_208_sequence/scouting/set_partition_sixth/PROOF_BOUNDARIES.md:107:On four vertices, take the chain covers $12,23,34$ and the shortcut
/root/autodl-tmp/hilbert-polya-structure/docs/papers204_208_sequence/scouting/set_partition_sixth/PROOF_BOUNDARIES.md:118:are no branching intervals and every chain shortcut is a minimal member
/root/autodl-tmp/hilbert-polya-structure/papers/203-monochromatic-triangle-complementation/PROOF_PACKAGE.md:25:2. A two-step contradiction forbids repeated shared edges and a later
/root/autodl-tmp/hilbert-polya-structure/docs/papers204_208_sequence/scouting/word_local/ZA_PROOF_WORK/PROOF_ATTEMPT_REPORT.md:71:Thus an order-reversing-map shortcut to two-periodicity is unavailable.
/root/autodl-tmp/hilbert-polya-structure/symbolic_dynamics/docs/papers147_151_sequence/scouting/stochastic/verify_stochastic_scout.py:351:# cycle and shortcut it.  The endpoint is independent uniform survivors, so the
/root/autodl-tmp/hilbert-polya-structure/symbolic_dynamics/docs/papers147_151_sequence/scouting/stochastic/verify_stochastic_scout.py:567:# Select a triangle uniformly and one of its three edges uniformly, then delete
/root/autodl-tmp/hilbert-polya-structure/symbolic_dynamics/docs/papers142_146_sequence/scouting/stochastic/SCOUT.md:56:| `PE1` | In a labelled convex polygon choose any current vertex uniformly, delete that ear, and record the new neighbour diagonal; stop at a triangle. | Every one of the 68,185 complete deletion sequences for orders 3 through 9; 625 terminal triangulations; every final-face refinement. 5,984 assertions. | Fixed clock, complete endpoint/history law by the weak dual tree, and a sharp least endpoint mass. **`FINALIST_INTERNAL/HOLD_EXTERNAL`.** |
/root/autodl-tmp/hilbert-polya-structure/symbolic_dynamics/docs/papers127_131_sequence/scouting/algebraic/verify_algebraic_scout.py:569:        "KILL", "relation powers/transitive reduction are direct semigroup background",
/root/autodl-tmp/hilbert-polya-structure/symbolic_dynamics/docs/papers132_136_sequence/replacement_scout/stochastic_round2/SCOUT.md:54:| `TR1` | Choose a present triangle uniformly and then delete one of its three edges uniformly. | Every graph on four and five labelled vertices; 1,088 inputs, 6,099 assertions. | 659 multi-terminal and 338 variable-clock sources; as many as 207 triangle-free endpoints. **Kill no closed atlas.** |
/root/autodl-tmp/hilbert-polya-structure/symbolic_dynamics/docs/papers162_166_sequence/scouting/open_fresh_p166_round8/SCOUT.md:99:For a DAG this is its unique transitive reduction, so the map is idempotent.
/root/autodl-tmp/hilbert-polya-structure/symbolic_dynamics/docs/papers162_166_sequence/scouting/open_fresh_p166_round8/SCOUT.md:100:Its image is the class of transitively reduced ordered DAGs.  If `H` is in
/root/autodl-tmp/hilbert-polya-structure/symbolic_dynamics/docs/papers162_166_sequence/scouting/open_fresh_p166_round8/SCOUT.md:115:`KILL_DIRECT_TRANSITIVE_REDUCTION_OWNER`.**
/root/autodl-tmp/hilbert-polya-structure/symbolic_dynamics/docs/papers162_166_sequence/phase1/CANDIDATE_POOL_AND_KILL_LEDGER.md:176:| `QDP` | literal classical transitive reduction; no independent temporal contribution. |
/root/autodl-tmp/hilbert-polya-structure/docs/papers204_208_sequence/scouting/graph_geometry_third/PROOF_BOUNDARIES.md:69:gives step $h^t$. Two step cycles have the same labelled edge set exactly
/root/autodl-tmp/hilbert-polya-structure/symbolic_dynamics/papers/154-dihedral-normalizer-dynamics/main.tex:309:This total-vertex formula is essential: a shortcut comparing the
/root/autodl-tmp/hilbert-polya-structure/papers/203-monochromatic-triangle-complementation/current_inputs/TEMPORAL_PROOF.md:32:2. A two-step obstruction forbids repeated shared edges and later drops
/root/autodl-tmp/hilbert-polya-structure/docs/papers204_208_sequence/scouting/word_local/HVD_PROOF_WORK/PROOF_AND_DISPOSITION.md:250:## 6. Invalid global shortcuts, retained as falsifying evidence
/root/autodl-tmp/hilbert-polya-structure/symbolic_dynamics/papers/09-holomorphic-reflection-double/sections/5_escape_controls.tex:27:\begin{proposition}[Two-step motion/ledger dichotomy]
/root/autodl-tmp/hilbert-polya-structure/symbolic_dynamics/papers/134-recomputed-border-array-dynamics/main.tex:360:the bound without using the false general shortcut that a nonzero final
/root/autodl-tmp/hilbert-polya-structure/symbolic_dynamics/papers/19-stationary-semiring-sieve-shift/sections/3_full_shift_semiring.tex:65:avoids the one forbidden shortcut: an edge that already knows whether a
/root/autodl-tmp/hilbert-polya-structure/symbolic_dynamics/papers/20-recurrent-verifier-clock-dilution/sections/9_exact_certificate.tex:6:no factor-existence shortcut is hidden in its transitions.  The final suite
/root/autodl-tmp/hilbert-polya-structure/symbolic_dynamics/papers/23-unary-holonomy-finite-fiber-rigidity/sections/9_exact_audit.tex:96:exactly, so the audit directly detects the forbidden first-trace shortcut.
/root/autodl-tmp/hilbert-polya-structure/symbolic_dynamics/docs/papers147_151_sequence/scouting/stochastic/SCOUT.md:53:| S06 | delete and shortcut a uniform active cycle element | permutations by cycle decomposition | 60 | **KILL — random-order wrapper** |
/root/autodl-tmp/hilbert-polya-structure/symbolic_dynamics/docs/papers147_151_sequence/scouting/stochastic/SCOUT.md:56:| S09 | choose a triangle; delete one uniform edge | `r`-page triangle books | 3,335 | **KILL — exact P136 specialization** |
/root/autodl-tmp/hilbert-polya-structure/symbolic_dynamics/docs/papers147_151_sequence/scouting/stochastic/SCOUT.md:269:Delete the selected element from its cycle by shortcutting predecessor to
/root/autodl-tmp/hilbert-polya-structure/symbolic_dynamics/docs/papers147_151_sequence/scouting/stochastic/SCOUT.md:450:## S09 — one-edge triangle deletion on a book graph
/root/autodl-tmp/hilbert-polya-structure/symbolic_dynamics/docs/papers147_151_sequence/scouting/stochastic/SCOUT.md:463:destroying every remaining triangle, or resolves the chosen page by deleting a
/root/autodl-tmp/hilbert-polya-structure/symbolic_dynamics/docs/papers147_151_sequence/scouting/stochastic/SCOUT.md:507:triangles.  Deleting a selected graph edge is exactly recording a selected
/root/autodl-tmp/symbolic_dynamics/docs/papers117_121_sequence/scouting/ALGEBRAIC_SCOUT.md:248:| `proof_spikes/alg_bad_characteristic.py` | A1--A4 | 666 | Boolean first excess at `2p-1`; global least-`p`-power commutator shortcut fails at `(5,9)` |
/root/autodl-tmp/symbolic_dynamics/docs/papers117_121_sequence/scouting/ALGEBRAIC_SCOUT.md:249:| `proof_spikes/alg_coupled_cartier.py` | A5 | 115 | additive depth `2h+1` and the naive `p`-power shortcut both fail; `(5,8)` has depth `15` |
/root/autodl-tmp/hilbert-polya-structure/symbolic_dynamics/papers/35-affine-semigroup-object-firewall/sections/6_quotient_boundary.tex:43:This result rules out a common shortcut.  A family of finite matrices may own
/root/autodl-tmp/symbolic_dynamics/docs/papers147_151_sequence/phase1/CANDIDATE_POOL_AND_KILL_LEDGER.md:41:- `S09` triangle-book edge deletion is exactly the P136 sunflower process
/root/autodl-tmp/symbolic_dynamics/docs/papers147_151_sequence/scouting/stochastic/verify_stochastic_scout.py:351:# cycle and shortcut it.  The endpoint is independent uniform survivors, so the
/root/autodl-tmp/symbolic_dynamics/docs/papers147_151_sequence/scouting/stochastic/verify_stochastic_scout.py:567:# Select a triangle uniformly and one of its three edges uniformly, then delete
/root/autodl-tmp/hilbert-polya-structure/symbolic_dynamics/papers/03-wheel-sieve-periodic-clock-obstruction/sections/5_sharpness.tex:56:absolute level label $\log q_{k+1}$ a roof therefore does not bypass
/root/autodl-tmp/hilbert-polya-structure/symbolic_dynamics/docs/papers162_166_sequence/scouting/open_fresh_p166_round8/IDEA_LEDGER.md:35:| `QDP` | ordered DAGs; delete every arrow admitting an alternate directed path | one-step image is precisely transitively reduced DAGs; a target `H` has fibre `2^(|TC(H)|-|E(H)|)` | the literal operation is the classical transitive reduction of Aho--Garey--Ullman | `KILL_DIRECT_TRANSITIVE_REDUCTION_OWNER` |
/root/autodl-tmp/hilbert-polya-structure/symbolic_dynamics/papers/35-affine-semigroup-object-firewall/sections/8_exact_audit.tex:20:symmetric backtracks & 520 & one formal two-step class per retained edge \\
/root/autodl-tmp/symbolic_dynamics/docs/papers162_166_sequence/phase1/CANDIDATE_POOL_AND_KILL_LEDGER.md:176:| `QDP` | literal classical transitive reduction; no independent temporal contribution. |
/root/autodl-tmp/hilbert-polya-structure/symbolic_dynamics/papers/45-isospectral-arithmetic-fiber-retractions/inputs/preauthority/EXACT_WITNESS_LEDGER.md:124:These witnesses prevent a formal power from bypassing operator existence.
/root/autodl-tmp/symbolic_dynamics/papers/134-recomputed-border-array-dynamics/main.tex:360:the bound without using the false general shortcut that a nonzero final
/root/autodl-tmp/symbolic_dynamics/docs/papers147_151_sequence/scouting/stochastic/SCOUT.md:53:| S06 | delete and shortcut a uniform active cycle element | permutations by cycle decomposition | 60 | **KILL — random-order wrapper** |
/root/autodl-tmp/symbolic_dynamics/docs/papers147_151_sequence/scouting/stochastic/SCOUT.md:56:| S09 | choose a triangle; delete one uniform edge | `r`-page triangle books | 3,335 | **KILL — exact P136 specialization** |
/root/autodl-tmp/symbolic_dynamics/docs/papers147_151_sequence/scouting/stochastic/SCOUT.md:269:Delete the selected element from its cycle by shortcutting predecessor to
/root/autodl-tmp/symbolic_dynamics/docs/papers147_151_sequence/scouting/stochastic/SCOUT.md:450:## S09 — one-edge triangle deletion on a book graph
/root/autodl-tmp/symbolic_dynamics/docs/papers147_151_sequence/scouting/stochastic/SCOUT.md:463:destroying every remaining triangle, or resolves the chosen page by deleting a
/root/autodl-tmp/symbolic_dynamics/docs/papers147_151_sequence/scouting/stochastic/SCOUT.md:507:triangles.  Deleting a selected graph edge is exactly recording a selected
/root/autodl-tmp/hilbert-polya-structure/symbolic_dynamics/papers/146-uniform-ear-deletion-triangulations/main.tex:34:neighbours, stopping at a triangle.  Although all $n!/6$ deletion histories
/root/autodl-tmp/hilbert-polya-structure/symbolic_dynamics/papers/15-bar-koszul-primitive-no-lift/sections/2_algebraic_boundary.tex:63:This distinction blocks a tempting shortcut.  An atom-only Harrison or
/root/autodl-tmp/symbolic_dynamics/papers/09-holomorphic-reflection-double/sections/5_escape_controls.tex:27:\begin{proposition}[Two-step motion/ledger dichotomy]
/root/autodl-tmp/symbolic_dynamics/docs/papers162_166_sequence/scouting/open_fresh_p166_round8/SCOUT.md:99:For a DAG this is its unique transitive reduction, so the map is idempotent.
/root/autodl-tmp/symbolic_dynamics/docs/papers162_166_sequence/scouting/open_fresh_p166_round8/SCOUT.md:100:Its image is the class of transitively reduced ordered DAGs.  If `H` is in
/root/autodl-tmp/symbolic_dynamics/docs/papers162_166_sequence/scouting/open_fresh_p166_round8/SCOUT.md:115:`KILL_DIRECT_TRANSITIVE_REDUCTION_OWNER`.**
/root/autodl-tmp/hilbert-polya-structure/symbolic_dynamics/papers/25-holomorphic-lefschetz-code-collapse/sections/9_exact_audit.tex:67:ID & Exact certificate & Falsified shortcut \\
/root/autodl-tmp/symbolic_dynamics/docs/papers132_136_sequence/replacement_scout/stochastic_round2/SCOUT.md:54:| `TR1` | Choose a present triangle uniformly and then delete one of its three edges uniformly. | Every graph on four and five labelled vertices; 1,088 inputs, 6,099 assertions. | 659 multi-terminal and 338 variable-clock sources; as many as 207 triangle-free endpoints. **Kill no closed atlas.** |
/root/autodl-tmp/symbolic_dynamics/docs/papers204_208_sequence/scouting/set_partition_sixth/PROOF_BOUNDARIES.md:52:### Step 2: which shortcuts survive
/root/autodl-tmp/symbolic_dynamics/docs/papers204_208_sequence/scouting/set_partition_sixth/PROOF_BOUNDARIES.md:62:shortcut with both endpoints in that interval. Such a shortcut belongs
/root/autodl-tmp/symbolic_dynamics/docs/papers204_208_sequence/scouting/set_partition_sixth/PROOF_BOUNDARIES.md:63:to $Q$, not $B$, since its own interval is a subchain. One shortcut
/root/autodl-tmp/symbolic_dynamics/docs/papers204_208_sequence/scouting/set_partition_sixth/PROOF_BOUNDARIES.md:65:the cover path; every non-cover path must use such a shortcut.
/root/autodl-tmp/symbolic_dynamics/docs/papers204_208_sequence/scouting/set_partition_sixth/PROOF_BOUNDARIES.md:107:On four vertices, take the chain covers $12,23,34$ and the shortcut
/root/autodl-tmp/symbolic_dynamics/docs/papers204_208_sequence/scouting/set_partition_sixth/PROOF_BOUNDARIES.md:118:are no branching intervals and every chain shortcut is a minimal member
/root/autodl-tmp/hilbert-polya-structure/symbolic_dynamics/papers/80-cocktail-party-majority-zeta/main.tex:302:an update shortcut.  It exhausts all $4^n$ states for $1\leq n\leq8$, checks
/root/autodl-tmp/symbolic_dynamics/docs/papers204_208_sequence/scouting/word_local/ZA_PROOF_WORK/PROOF_ATTEMPT_REPORT.md:71:Thus an order-reversing-map shortcut to two-periodicity is unavailable.
/root/autodl-tmp/hilbert-polya-structure/symbolic_dynamics/papers/09-holomorphic-reflection-double/sections/A_proofs_scope.tex:34:rigidity, and two-step motion/ledger dichotomy.  The possibility of an
/root/autodl-tmp/hilbert-polya-structure/symbolic_dynamics/papers/23-unary-holonomy-finite-fiber-rigidity/sections/7_fredholm_roof.tex:155:\Cref{thm:exteriorlrs} repairs a tempting but false shortcut: the first
/root/autodl-tmp/symbolic_dynamics/papers/03-wheel-sieve-periodic-clock-obstruction/sections/5_sharpness.tex:56:absolute level label $\log q_{k+1}$ a roof therefore does not bypass
/root/autodl-tmp/symbolic_dynamics/papers/09-holomorphic-reflection-double/sections/A_proofs_scope.tex:34:rigidity, and two-step motion/ledger dichotomy.  The possibility of an
/root/autodl-tmp/symbolic_dynamics/docs/prior_work/legacy/4-riemann_logistic/paper/sr/main.tex:557:required for large-scale spectral extraction, bypassing the memory
/root/autodl-tmp/symbolic_dynamics/papers/23-unary-holonomy-finite-fiber-rigidity/sections/9_exact_audit.tex:96:exactly, so the audit directly detects the forbidden first-trace shortcut.
/root/autodl-tmp/hilbert-polya-structure/symbolic_dynamics/papers/33-relation-homology-operator-non-descent/sections/7_exact_audit.tex:52:similar shortcuts; it has zero hits.  The matched clone transports quotient
/root/autodl-tmp/symbolic_dynamics/docs/papers142_146_sequence/scouting/stochastic/SCOUT.md:56:| `PE1` | In a labelled convex polygon choose any current vertex uniformly, delete that ear, and record the new neighbour diagonal; stop at a triangle. | Every one of the 68,185 complete deletion sequences for orders 3 through 9; 625 terminal triangulations; every final-face refinement. 5,984 assertions. | Fixed clock, complete endpoint/history law by the weak dual tree, and a sharp least endpoint mass. **`FINALIST_INTERNAL/HOLD_EXTERNAL`.** |
/root/autodl-tmp/symbolic_dynamics/papers/60-periodic-ostrowski-diophantine-exponents/sections/6_examples_scope.tex:25:eventual-interior four-quotient shortcut is inapplicable.  The boundary rows
/root/autodl-tmp/symbolic_dynamics/docs/papers162_166_sequence/scouting/open_fresh_p166_round8/IDEA_LEDGER.md:35:| `QDP` | ordered DAGs; delete every arrow admitting an alternate directed path | one-step image is precisely transitively reduced DAGs; a target `H` has fibre `2^(|TC(H)|-|E(H)|)` | the literal operation is the classical transitive reduction of Aho--Garey--Ullman | `KILL_DIRECT_TRANSITIVE_REDUCTION_OWNER` |
/root/autodl-tmp/symbolic_dynamics/papers/35-affine-semigroup-object-firewall/sections/6_quotient_boundary.tex:43:This result rules out a common shortcut.  A family of finite matrices may own
/root/autodl-tmp/symbolic_dynamics/papers/19-stationary-semiring-sieve-shift/sections/3_full_shift_semiring.tex:65:avoids the one forbidden shortcut: an edge that already knows whether a
/root/autodl-tmp/symbolic_dynamics/papers/23-unary-holonomy-finite-fiber-rigidity/sections/7_fredholm_roof.tex:155:\Cref{thm:exteriorlrs} repairs a tempting but false shortcut: the first
/root/autodl-tmp/symbolic_dynamics/docs/papers204_208_sequence/scouting/word_local/HVD_PROOF_WORK/PROOF_AND_DISPOSITION.md:250:## 6. Invalid global shortcuts, retained as falsifying evidence
/root/autodl-tmp/symbolic_dynamics/papers/203-monochromatic-triangle-complementation/current_inputs/TEMPORAL_PROOF.md:32:2. A two-step obstruction forbids repeated shared edges and later drops
/root/autodl-tmp/symbolic_dynamics/docs/papers204_208_sequence/scouting/graph_geometry_third/PROOF_BOUNDARIES.md:69:gives step $h^t$. Two step cycles have the same labelled edge set exactly
/root/autodl-tmp/hilbert-polya-structure/symbolic_dynamics/papers/74-dyck-motzkin-context-complexity/main.tex:303:The audit preserves a failed shortcut as a negative control.  Counting only
/root/autodl-tmp/symbolic_dynamics/papers/74-dyck-motzkin-context-complexity/main.tex:303:The audit preserves a failed shortcut as a negative control.  Counting only
/root/autodl-tmp/symbolic_dynamics/papers/80-cocktail-party-majority-zeta/main.tex:302:an update shortcut.  It exhausts all $4^n$ states for $1\leq n\leq8$, checks
/root/autodl-tmp/symbolic_dynamics/papers/35-affine-semigroup-object-firewall/sections/8_exact_audit.tex:20:symmetric backtracks & 520 & one formal two-step class per retained edge \\
/root/autodl-tmp/symbolic_dynamics/papers/45-isospectral-arithmetic-fiber-retractions/inputs/preauthority/EXACT_WITNESS_LEDGER.md:124:These witnesses prevent a formal power from bypassing operator existence.
/root/autodl-tmp/symbolic_dynamics/papers/20-recurrent-verifier-clock-dilution/sections/9_exact_certificate.tex:6:no factor-existence shortcut is hidden in its transitions.  The final suite
/root/autodl-tmp/symbolic_dynamics/docs/papers127_131_sequence/scouting/algebraic/verify_algebraic_scout.py:569:        "KILL", "relation powers/transitive reduction are direct semigroup background",
/root/autodl-tmp/symbolic_dynamics/papers/154-dihedral-normalizer-dynamics/main.tex:309:This total-vertex formula is essential: a shortcut comparing the
/root/autodl-tmp/symbolic_dynamics/papers/203-monochromatic-triangle-complementation/PROOF_PACKAGE.md:25:2. A two-step contradiction forbids repeated shared edges and a later
/root/autodl-tmp/symbolic_dynamics/docs/prior_work/legacy/4-riemann_logistic/paper/fracfract/main.tex:599:required for large-scale spectral extraction, bypassing the memory
/root/autodl-tmp/symbolic_dynamics/papers/15-bar-koszul-primitive-no-lift/sections/2_algebraic_boundary.tex:63:This distinction blocks a tempting shortcut.  An atom-only Harrison or
/root/autodl-tmp/symbolic_dynamics/papers/25-holomorphic-lefschetz-code-collapse/sections/9_exact_audit.tex:67:ID & Exact certificate & Falsified shortcut \\
/root/autodl-tmp/symbolic_dynamics/papers/33-relation-homology-operator-non-descent/sections/7_exact_audit.tex:52:similar shortcuts; it has zero hits.  The matched clone transports quotient
/root/autodl-tmp/symbolic_dynamics/docs/prior_work/legacy/4-riemann_logistic/paper/fracfract/body_src.tex:558:required for large-scale spectral extraction, bypassing the memory
/root/autodl-tmp/symbolic_dynamics/papers/146-uniform-ear-deletion-triangulations/main.tex:34:neighbours, stopping at a triangle.  Although all $n!/6$ deletion histories
