AUTHOR_HANDOFF.md: OK
CANONICAL.json: OK
INPUT_PINS.sha256: OK
PROOF_PACKAGE.md: OK
SOURCE_BOUNDARY.md: OK
author_pair_01/receipt.json: OK
author_pair_01/run1.cmp.stderr: OK
author_pair_01/run1.cmp.stdout: OK
author_pair_01/run1.stderr: OK
author_pair_01/run1.stdout.json: OK
author_pair_01/run2.cmp.stderr: OK
author_pair_01/run2.cmp.stdout: OK
author_pair_01/run2.stderr: OK
author_pair_01/run2.stdout.json: OK
canonical.stderr: OK
replay_author.py: OK
sources/Fuks2003.pdf: OK
sources/Fuks2026_semigroups.pdf: OK
sources/Jen1987.pdf: OK
sources/Jen1989.pdf: OK
sources/JerasDobnikar.pdf: OK
sources/search_fibre_and_static.json: OK
sources/search_literal_and_temporal.json: OK
sources/search_recent_and_decoder.json: OK
verify_mnc.py: OK
