Rc files read:
  /etc/LatexMk
Latexmk: This is Latexmk, John Collins, 20 November 2021, version: 4.76.
Rule 'pdflatex': File changes, etc:
   Changed files, or newly in use since previous run(s):
      'main.tex'
------------
Run number 1 of rule 'pdflatex'
------------
------------
Running 'pdflatex  -interaction=nonstopmode -halt-on-error -file-line-error -recorder -output-directory="/tmp/c408-draft-N5YW3x"  "main.tex"'
------------
Latexmk: applying rule 'pdflatex'...
This is pdfTeX, Version 3.141592653-2.6-1.40.22 (TeX Live 2022/dev/Debian) (preloaded format=pdflatex)
 restricted \write18 enabled.
entering extended mode
(./main.tex
LaTeX2e <2021-11-15> patch level 1
L3 programming layer <2022-01-21>
(/usr/share/texlive/texmf-dist/tex/latex/base/article.cls
Document Class: article 2021/10/04 v1.4n Standard LaTeX document class
(/usr/share/texlive/texmf-dist/tex/latex/base/size11.clo))
(/usr/share/texlive/texmf-dist/tex/latex/base/fontenc.sty)
(/usr/share/texmf/tex/latex/lm/lmodern.sty)
(/usr/share/texlive/texmf-dist/tex/latex/geometry/geometry.sty
(/usr/share/texlive/texmf-dist/tex/latex/graphics/keyval.sty)
(/usr/share/texlive/texmf-dist/tex/generic/iftex/ifvtex.sty
(/usr/share/texlive/texmf-dist/tex/generic/iftex/iftex.sty)))
(/usr/share/texlive/texmf-dist/tex/latex/amsmath/amsmath.sty
For additional information on amsmath, use the `?' option.
(/usr/share/texlive/texmf-dist/tex/latex/amsmath/amstext.sty
(/usr/share/texlive/texmf-dist/tex/latex/amsmath/amsgen.sty))
(/usr/share/texlive/texmf-dist/tex/latex/amsmath/amsbsy.sty)
(/usr/share/texlive/texmf-dist/tex/latex/amsmath/amsopn.sty))
(/usr/share/texlive/texmf-dist/tex/latex/amsfonts/amssymb.sty
(/usr/share/texlive/texmf-dist/tex/latex/amsfonts/amsfonts.sty))
(/usr/share/texlive/texmf-dist/tex/latex/amscls/amsthm.sty)
(/usr/share/texlive/texmf-dist/tex/latex/booktabs/booktabs.sty)
(/usr/share/texlive/texmf-dist/tex/latex/microtype/microtype.sty
(/usr/share/texlive/texmf-dist/tex/latex/etoolbox/etoolbox.sty)
(/usr/share/texlive/texmf-dist/tex/latex/microtype/microtype-pdftex.def)
(/usr/share/texlive/texmf-dist/tex/latex/microtype/microtype.cfg))
(/usr/share/texlive/texmf-dist/tex/latex/hyperref/hyperref.sty
(/usr/share/texlive/texmf-dist/tex/generic/ltxcmds/ltxcmds.sty)
(/usr/share/texlive/texmf-dist/tex/generic/pdftexcmds/pdftexcmds.sty
(/usr/share/texlive/texmf-dist/tex/generic/infwarerr/infwarerr.sty))
(/usr/share/texlive/texmf-dist/tex/generic/kvsetkeys/kvsetkeys.sty)
(/usr/share/texlive/texmf-dist/tex/generic/kvdefinekeys/kvdefinekeys.sty)
(/usr/share/texlive/texmf-dist/tex/generic/pdfescape/pdfescape.sty)
(/usr/share/texlive/texmf-dist/tex/latex/hycolor/hycolor.sty)
(/usr/share/texlive/texmf-dist/tex/latex/letltxmacro/letltxmacro.sty)
(/usr/share/texlive/texmf-dist/tex/latex/auxhook/auxhook.sty)
(/usr/share/texlive/texmf-dist/tex/latex/kvoptions/kvoptions.sty)
(/usr/share/texlive/texmf-dist/tex/latex/hyperref/pd1enc.def)
(/usr/share/texlive/texmf-dist/tex/latex/hyperref/hyperref-langpatches.def)
(/usr/share/texlive/texmf-dist/tex/generic/intcalc/intcalc.sty)
(/usr/share/texlive/texmf-dist/tex/generic/etexcmds/etexcmds.sty)
(/usr/share/texlive/texmf-dist/tex/latex/hyperref/puenc.def)
(/usr/share/texlive/texmf-dist/tex/latex/url/url.sty)
(/usr/share/texlive/texmf-dist/tex/generic/bitset/bitset.sty
(/usr/share/texlive/texmf-dist/tex/generic/bigintcalc/bigintcalc.sty))
(/usr/share/texlive/texmf-dist/tex/latex/base/atbegshi-ltx.sty))
(/usr/share/texlive/texmf-dist/tex/latex/hyperref/hpdftex.def
(/usr/share/texlive/texmf-dist/tex/latex/base/atveryend-ltx.sty)
(/usr/share/texlive/texmf-dist/tex/latex/rerunfilecheck/rerunfilecheck.sty
(/usr/share/texlive/texmf-dist/tex/generic/uniquecounter/uniquecounter.sty)))
(/usr/share/texlive/texmf-dist/tex/latex/cleveref/cleveref.sty)
(./math_commands.tex) (/usr/share/texmf/tex/latex/lm/t1lmr.fd)
(/usr/share/texlive/texmf-dist/tex/latex/l3backend/l3backend-pdftex.def)
(/tmp/c408-draft-N5YW3x/main.aux)
*geometry* driver: auto-detecting
*geometry* detected driver: pdftex
(/usr/share/texlive/texmf-dist/tex/latex/microtype/mt-cmr.cfg)
(/usr/share/texlive/texmf-dist/tex/latex/hyperref/nameref.sty
(/usr/share/texlive/texmf-dist/tex/latex/refcount/refcount.sty)
(/usr/share/texlive/texmf-dist/tex/generic/gettitlestring/gettitlestring.sty))
(/usr/share/texmf/tex/latex/lm/ot1lmr.fd)
(/usr/share/texmf/tex/latex/lm/omllmm.fd)
(/usr/share/texmf/tex/latex/lm/omslmsy.fd)
(/usr/share/texmf/tex/latex/lm/omxlmex.fd)
(/usr/share/texlive/texmf-dist/tex/latex/amsfonts/umsa.fd)
(/usr/share/texlive/texmf-dist/tex/latex/microtype/mt-msa.cfg)
(/usr/share/texlive/texmf-dist/tex/latex/amsfonts/umsb.fd)
(/usr/share/texlive/texmf-dist/tex/latex/microtype/mt-msb.cfg)
(./sections/abstract.tex) (./sections/introduction.tex

LaTeX Warning: Citation `BM' on page 1 undefined on input line 22.


LaTeX Warning: Citation `BFMS' on page 1 undefined on input line 27.


LaTeX Warning: Citation `GKQR' on page 1 undefined on input line 31.

[1{/var/lib/texmf/fonts/map/pdftex/updmap/pdftex.map}]

LaTeX Warning: Reference `sec:main' on page 1 undefined on input line 56.


LaTeX Warning: Reference `sec:formal' on page 1 undefined on input line 57.


LaTeX Warning: Reference `sec:cycles' on page 1 undefined on input line 59.


LaTeX Warning: Reference `sec:paths' on page 1 undefined on input line 59.


LaTeX Warning: Reference `sec:series' on page 1 undefined on input line 60.


LaTeX Warning: Reference `sec:limits' on page 1 undefined on input line 61.

) (./sections/main_result.tex

LaTeX Warning: Reference `eq:alt_point' on page 2 undefined on input line 34.

[2]

LaTeX Warning: Reference `sec:series' on page 1 undefined on input line 100.


LaTeX Warning: Reference `eq:weights' on page 3 undefined on input line 106.

) (./sections/formal_reduction.tex

LaTeX Warning: Reference `eq:alt_point' on page 3 undefined on input line 11.

[3]

LaTeX Warning: Reference `eq:Lj' on page 4 undefined on input line 49.


LaTeX Warning: Reference `lem:finite_support' on page 1 undefined on input line
 53.


LaTeX Warning: Reference `prop:potential' on page 1 undefined on input line 63.



LaTeX Warning: Citation `BFMS' on page 4 undefined on input line 67.


LaTeX Warning: Reference `eq:algebra' on page 4 undefined on input line 68.

[4]

LaTeX Warning: Reference `eq:exactlength' on page 5 undefined on input line 109
.


LaTeX Warning: Reference `eq:additivity' on page 5 undefined on input line 110.



LaTeX Warning: Reference `lem:additivity' on page 1 undefined on input line 126
.


LaTeX Warning: Reference `sec:cycles' on page 1 undefined on input line 135.


LaTeX Warning: Reference `sec:paths' on page 1 undefined on input line 135.


LaTeX Warning: Reference `eq:energyerror' on page 5 undefined on input line 165
.

) (./sections/paths.tex

LaTeX Warning: Reference `eq:pathpotential' on page 5 undefined on input line 5
.

[5]

LaTeX Warning: Reference `lem:eliminate' on page 1 undefined on input line 29.


LaTeX Warning: Reference `eq:pathcorrection' on page 6 undefined on input line 
80.


LaTeX Warning: Reference `lem:eliminate' on page 1 undefined on input line 82.

[6]

LaTeX Warning: Reference `prop:paths' on page 1 undefined on input line 118.

) (./sections/cycles.tex

LaTeX Warning: Reference `sec:main' on page 1 undefined on input line 15.

[7]

LaTeX Warning: Reference `lem:eliminate' on page 1 undefined on input line 77.


LaTeX Warning: Reference `eq:residualinequalities' on page 8 undefined on input
 line 106.

[8]

LaTeX Warning: Reference `eq:alphabeta' on page 9 undefined on input line 125.


LaTeX Warning: Reference `eq:W' on page 9 undefined on input line 129.


LaTeX Warning: Reference `eq:Waxes' on page 9 undefined on input line 151.


LaTeX Warning: Reference `lem:additivity' on page 1 undefined on input line 153
.


LaTeX Warning: Reference `lem:eliminate' on page 1 undefined on input line 161.



LaTeX Warning: Reference `eq:periodfour' on page 9 undefined on input line 162.



LaTeX Warning: Reference `prop:cycles' on page 1 undefined on input line 163.


LaTeX Warning: Reference `thm:length' on page 1 undefined on input line 165.


LaTeX Warning: Reference `prop:cycles' on page 1 undefined on input line 166.


LaTeX Warning: Reference `prop:paths' on page 1 undefined on input line 166.


LaTeX Warning: Reference `eq:reductionlength' on page 9 undefined on input line
 167.


LaTeX Warning: Reference `lem:additivity' on page 1 undefined on input line 168
.


LaTeX Warning: Reference `eq:main_length' on page 9 undefined on input line 169
.


LaTeX Warning: Reference `prop:potential' on page 1 undefined on input line 170
.


LaTeX Warning: Reference `lem:finite_support' on page 1 undefined on input line
 171.

) (./sections/generating_functions.tex [9]

LaTeX Warning: Reference `eq:markcount' on page 10 undefined on input line 34.


LaTeX Warning: Reference `eq:D' on page 10 undefined on input line 40.


LaTeX Warning: Reference `eq:blockseries' on page 10 undefined on input line 40
.


LaTeX Warning: Reference `eq:logproper' on page 10 undefined on input line 48.


LaTeX Warning: Reference `eq:Tm' on page 10 undefined on input line 48.


LaTeX Warning: Reference `prop:cycles' on page 1 undefined on input line 52.


LaTeX Warning: Reference `eq:Z' on page 10 undefined on input line 57.


LaTeX Warning: Reference `eq:firstfour' on page 10 undefined on input line 58.


LaTeX Warning: Reference `lem:finite_support' on page 1 undefined on input line
 80.


LaTeX Warning: Reference `eq:native' on page 10 undefined on input line 91.


LaTeX Warning: Reference `cor:series' on page 1 undefined on input line 91.

) (./sections/controls_limits.tex [10]

LaTeX Warning: Reference `tab:coefficients' on page 1 undefined on input line 1
2.


LaTeX Warning: Reference `eq:main_length' on page 11 undefined on input line 36
.


LaTeX Warning: Reference `eq:traceform' on page 11 undefined on input line 37.


LaTeX Warning: Reference `eq:markcount' on page 11 undefined on input line 39.


LaTeX Warning: Reference `eq:algebra' on page 11 undefined on input line 42.


LaTeX Warning: Reference `tab:direct' on page 1 undefined on input line 46.


LaTeX Warning: Reference `eq:firstfour' on page 11 undefined on input line 46.


LaTeX Warning: Reference `sec:cycles' on page 1 undefined on input line 65.

(/usr/share/texmf/tex/latex/lm/t1lmtt.fd)
Overfull \hbox (85.24197pt too wide) in paragraph at lines 68--76
[]\T1/lmr/m/n/10.95 (-20) The ac-com-pa-ny-ing re-search files pre-serve the ex
-act co-ef-fi-cient/word script \T1/lmtt/m/n/10.95 check_effective_coefficients
.py\T1/lmr/m/n/10.95 (-20) ,

Overfull \hbox (72.30597pt too wide) in paragraph at lines 68--76
\T1/lmr/m/n/10.95 (-20) its bounded-check record \T1/lmtt/m/n/10.95 COEFFICIENT
_CHECKS.md\T1/lmr/m/n/10.95 (-20) , and the in-de-pen-dently au-thored \T1/lmtt
/m/n/10.95 ROOT_CLUSTER_CHECK.sing
[11]

LaTeX Warning: Reference `eq:algebra' on page 12 undefined on input line 81.


LaTeX Warning: Reference `eq:bclock' on page 12 undefined on input line 100.


LaTeX Warning: Reference `rem:ambient' on page 1 undefined on input line 103.


LaTeX Warning: Reference `eq:Z' on page 12 undefined on input line 112.


LaTeX Warning: Reference `eq:native' on page 12 undefined on input line 112.


LaTeX Warning: Reference `eq:main_length' on page 12 undefined on input line 11
9.

) (./references.tex) [12] (/tmp/c408-draft-N5YW3x/main.aux)

LaTeX Warning: There were undefined references.


LaTeX Warning: Label(s) may have changed. Rerun to get cross-references right.


Package rerunfilecheck Warning: File `main.out' has changed.
(rerunfilecheck)                Rerun to get outlines right
(rerunfilecheck)                or use package `bookmark'.

 )
(see the transcript file for additional information){/usr/share/texmf/fonts/enc
/dvips/lm/lm-ec.enc}{/usr/share/texmf/fonts/enc/dvips/lm/lm-rm.enc}{/usr/share/
texmf/fonts/enc/dvips/lm/lm-mathit.enc}{/usr/share/texmf/fonts/enc/dvips/lm/lm-
mathsy.enc}{/usr/share/texmf/fonts/enc/dvips/lm/lm-mathex.enc}</usr/share/texmf
/fonts/type1/public/lm/lmbx10.pfb></usr/share/texmf/fonts/type1/public/lm/lmbx1
2.pfb></usr/share/texmf/fonts/type1/public/lm/lmex10.pfb></usr/share/texmf/font
s/type1/public/lm/lmmi10.pfb></usr/share/texmf/fonts/type1/public/lm/lmmi6.pfb>
</usr/share/texmf/fonts/type1/public/lm/lmmi7.pfb></usr/share/texmf/fonts/type1
/public/lm/lmmi8.pfb></usr/share/texmf/fonts/type1/public/lm/lmr10.pfb></usr/sh
are/texmf/fonts/type1/public/lm/lmr12.pfb></usr/share/texmf/fonts/type1/public/
lm/lmr17.pfb></usr/share/texmf/fonts/type1/public/lm/lmr6.pfb></usr/share/texmf
/fonts/type1/public/lm/lmr7.pfb></usr/share/texmf/fonts/type1/public/lm/lmr8.pf
b></usr/share/texmf/fonts/type1/public/lm/lmri10.pfb></usr/share/texmf/fonts/ty
pe1/public/lm/lmsy10.pfb></usr/share/texmf/fonts/type1/public/lm/lmsy7.pfb></us
r/share/texmf/fonts/type1/public/lm/lmsy8.pfb></usr/share/texmf/fonts/type1/pub
lic/lm/lmtt10.pfb></usr/share/texlive/texmf-dist/fonts/type1/public/amsfonts/sy
mbols/msbm10.pfb>
Output written on /tmp/c408-draft-N5YW3x/main.pdf (12 pages, 370642 bytes).
Transcript written on /tmp/c408-draft-N5YW3x/main.log.
Latexmk: References changed.
Latexmk: References changed.
Latexmk: Log file says output to '/tmp/c408-draft-N5YW3x/main.pdf'
Latexmk: List of undefined refs and citations:
  Citation `BFMS' on page 1 undefined on input line 27
  Citation `BFMS' on page 4 undefined on input line 67
  Citation `BM' on page 1 undefined on input line 22
  Citation `GKQR' on page 1 undefined on input line 31
  Reference `cor:series' on page 1 undefined on input line 91
  Reference `eq:D' on page 10 undefined on input line 40
  Reference `eq:Lj' on page 4 undefined on input line 49
  Reference `eq:Tm' on page 10 undefined on input line 48
  Reference `eq:W' on page 9 undefined on input line 129
  Reference `eq:Waxes' on page 9 undefined on input line 151
  Reference `eq:Z' on page 10 undefined on input line 57
  Reference `eq:Z' on page 12 undefined on input line 112
  Reference `eq:additivity' on page 5 undefined on input line 110
  Reference `eq:algebra' on page 11 undefined on input line 42
  Reference `eq:algebra' on page 12 undefined on input line 81
  Reference `eq:algebra' on page 4 undefined on input line 68
  Reference `eq:alphabeta' on page 9 undefined on input line 125
  Reference `eq:alt_point' on page 2 undefined on input line 34
  Reference `eq:alt_point' on page 3 undefined on input line 11
  Reference `eq:bclock' on page 12 undefined on input line 100
  Reference `eq:blockseries' on page 10 undefined on input line 40
  Reference `eq:energyerror' on page 5 undefined on input line 165
  Reference `eq:exactlength' on page 5 undefined on input line 109
  Reference `eq:firstfour' on page 10 undefined on input line 58
  Reference `eq:firstfour' on page 11 undefined on input line 46
  Reference `eq:logproper' on page 10 undefined on input line 48
  Reference `eq:main_length' on page 11 undefined on input line 36
  Reference `eq:main_length' on page 12 undefined on input line 119
  Reference `eq:main_length' on page 9 undefined on input line 169
  Reference `eq:markcount' on page 10 undefined on input line 34
  Reference `eq:markcount' on page 11 undefined on input line 39
  Reference `eq:native' on page 10 undefined on input line 91
  Reference `eq:native' on page 12 undefined on input line 112
  Reference `eq:pathcorrection' on page 6 undefined on input line 80
  Reference `eq:pathpotential' on page 5 undefined on input line 5
  Reference `eq:periodfour' on page 9 undefined on input line 162
  Reference `eq:reductionlength' on page 9 undefined on input line 167
  Reference `eq:residualinequalities' on page 8 undefined on input line 106
  Reference `eq:traceform' on page 11 undefined on input line 37
  Reference `eq:weights' on page 3 undefined on input line 106
  Reference `lem:additivity' on page 1 undefined on input line 126
  Reference `lem:additivity' on page 1 undefined on input line 153
  Reference `lem:additivity' on page 1 undefined on input line 168
  Reference `lem:eliminate' on page 1 undefined on input line 161
  Reference `lem:eliminate' on page 1 undefined on input line 29
  Reference `lem:eliminate' on page 1 undefined on input line 77
  Reference `lem:eliminate' on page 1 undefined on input line 82
  Reference `lem:finite_support' on page 1 undefined on input line 171
  Reference `lem:finite_support' on page 1 undefined on input line 53
  Reference `lem:finite_support' on page 1 undefined on input line 80
  Reference `prop:cycles' on page 1 undefined on input line 163
  Reference `prop:cycles' on page 1 undefined on input line 166
  Reference `prop:cycles' on page 1 undefined on input line 52
  Reference `prop:paths' on page 1 undefined on input line 118
  Reference `prop:paths' on page 1 undefined on input line 166
  Reference `prop:potential' on page 1 undefined on input line 170
  Reference `prop:potential' on page 1 undefined on input line 63
  Reference `rem:ambient' on page 1 undefined on input line 103
  Reference `sec:cycles' on page 1 undefined on input line 135
  Reference `sec:cycles' on page 1 undefined on input line 59
  Reference `sec:cycles' on page 1 undefined on input line 65
  Reference `sec:formal' on page 1 undefined on input line 57
  Reference `sec:limits' on page 1 undefined on input line 61
  Reference `sec:main' on page 1 undefined on input line 15
  Reference `sec:main' on page 1 undefined on input line 56
  Reference `sec:paths' on page 1 undefined on input line 135
  Reference `sec:paths' on page 1 undefined on input line 59
  Reference `sec:series' on page 1 undefined on input line 100
  Reference `sec:series' on page 1 undefined on input line 60
  Reference `tab:coefficients' on page 1 undefined on input line 12
  Reference `tab:direct' on page 1 undefined on input line 46
  Reference `thm:length' on page 1 undefined on input line 165
Rule 'pdflatex': File changes, etc:
   Changed files, or newly in use since previous run(s):
      '/tmp/c408-draft-N5YW3x/main.aux'
      '/tmp/c408-draft-N5YW3x/main.out'
------------
Run number 2 of rule 'pdflatex'
------------
------------
Running 'pdflatex  -interaction=nonstopmode -halt-on-error -file-line-error -recorder -output-directory="/tmp/c408-draft-N5YW3x"  "main.tex"'
------------
Latexmk: Examining '/tmp/c408-draft-N5YW3x/main.log'
=== TeX engine is 'pdfTeX'
Latexmk: applying rule 'pdflatex'...
This is pdfTeX, Version 3.141592653-2.6-1.40.22 (TeX Live 2022/dev/Debian) (preloaded format=pdflatex)
 restricted \write18 enabled.
entering extended mode
(./main.tex
LaTeX2e <2021-11-15> patch level 1
L3 programming layer <2022-01-21>
(/usr/share/texlive/texmf-dist/tex/latex/base/article.cls
Document Class: article 2021/10/04 v1.4n Standard LaTeX document class
(/usr/share/texlive/texmf-dist/tex/latex/base/size11.clo))
(/usr/share/texlive/texmf-dist/tex/latex/base/fontenc.sty)
(/usr/share/texmf/tex/latex/lm/lmodern.sty)
(/usr/share/texlive/texmf-dist/tex/latex/geometry/geometry.sty
(/usr/share/texlive/texmf-dist/tex/latex/graphics/keyval.sty)
(/usr/share/texlive/texmf-dist/tex/generic/iftex/ifvtex.sty
(/usr/share/texlive/texmf-dist/tex/generic/iftex/iftex.sty)))
(/usr/share/texlive/texmf-dist/tex/latex/amsmath/amsmath.sty
For additional information on amsmath, use the `?' option.
(/usr/share/texlive/texmf-dist/tex/latex/amsmath/amstext.sty
(/usr/share/texlive/texmf-dist/tex/latex/amsmath/amsgen.sty))
(/usr/share/texlive/texmf-dist/tex/latex/amsmath/amsbsy.sty)
(/usr/share/texlive/texmf-dist/tex/latex/amsmath/amsopn.sty))
(/usr/share/texlive/texmf-dist/tex/latex/amsfonts/amssymb.sty
(/usr/share/texlive/texmf-dist/tex/latex/amsfonts/amsfonts.sty))
(/usr/share/texlive/texmf-dist/tex/latex/amscls/amsthm.sty)
(/usr/share/texlive/texmf-dist/tex/latex/booktabs/booktabs.sty)
(/usr/share/texlive/texmf-dist/tex/latex/microtype/microtype.sty
(/usr/share/texlive/texmf-dist/tex/latex/etoolbox/etoolbox.sty)
(/usr/share/texlive/texmf-dist/tex/latex/microtype/microtype-pdftex.def)
(/usr/share/texlive/texmf-dist/tex/latex/microtype/microtype.cfg))
(/usr/share/texlive/texmf-dist/tex/latex/hyperref/hyperref.sty
(/usr/share/texlive/texmf-dist/tex/generic/ltxcmds/ltxcmds.sty)
(/usr/share/texlive/texmf-dist/tex/generic/pdftexcmds/pdftexcmds.sty
(/usr/share/texlive/texmf-dist/tex/generic/infwarerr/infwarerr.sty))
(/usr/share/texlive/texmf-dist/tex/generic/kvsetkeys/kvsetkeys.sty)
(/usr/share/texlive/texmf-dist/tex/generic/kvdefinekeys/kvdefinekeys.sty)
(/usr/share/texlive/texmf-dist/tex/generic/pdfescape/pdfescape.sty)
(/usr/share/texlive/texmf-dist/tex/latex/hycolor/hycolor.sty)
(/usr/share/texlive/texmf-dist/tex/latex/letltxmacro/letltxmacro.sty)
(/usr/share/texlive/texmf-dist/tex/latex/auxhook/auxhook.sty)
(/usr/share/texlive/texmf-dist/tex/latex/kvoptions/kvoptions.sty)
(/usr/share/texlive/texmf-dist/tex/latex/hyperref/pd1enc.def)
(/usr/share/texlive/texmf-dist/tex/latex/hyperref/hyperref-langpatches.def)
(/usr/share/texlive/texmf-dist/tex/generic/intcalc/intcalc.sty)
(/usr/share/texlive/texmf-dist/tex/generic/etexcmds/etexcmds.sty)
(/usr/share/texlive/texmf-dist/tex/latex/hyperref/puenc.def)
(/usr/share/texlive/texmf-dist/tex/latex/url/url.sty)
(/usr/share/texlive/texmf-dist/tex/generic/bitset/bitset.sty
(/usr/share/texlive/texmf-dist/tex/generic/bigintcalc/bigintcalc.sty))
(/usr/share/texlive/texmf-dist/tex/latex/base/atbegshi-ltx.sty))
(/usr/share/texlive/texmf-dist/tex/latex/hyperref/hpdftex.def
(/usr/share/texlive/texmf-dist/tex/latex/base/atveryend-ltx.sty)
(/usr/share/texlive/texmf-dist/tex/latex/rerunfilecheck/rerunfilecheck.sty
(/usr/share/texlive/texmf-dist/tex/generic/uniquecounter/uniquecounter.sty)))
(/usr/share/texlive/texmf-dist/tex/latex/cleveref/cleveref.sty)
(./math_commands.tex) (/usr/share/texmf/tex/latex/lm/t1lmr.fd)
(/usr/share/texlive/texmf-dist/tex/latex/l3backend/l3backend-pdftex.def)
(/tmp/c408-draft-N5YW3x/main.aux)
*geometry* driver: auto-detecting
*geometry* detected driver: pdftex
(/usr/share/texlive/texmf-dist/tex/latex/microtype/mt-cmr.cfg)
(/usr/share/texlive/texmf-dist/tex/latex/hyperref/nameref.sty
(/usr/share/texlive/texmf-dist/tex/latex/refcount/refcount.sty)
(/usr/share/texlive/texmf-dist/tex/generic/gettitlestring/gettitlestring.sty))
(/tmp/c408-draft-N5YW3x/main.out) (/tmp/c408-draft-N5YW3x/main.out)
(/usr/share/texmf/tex/latex/lm/ot1lmr.fd)
(/usr/share/texmf/tex/latex/lm/omllmm.fd)
(/usr/share/texmf/tex/latex/lm/omslmsy.fd)
(/usr/share/texmf/tex/latex/lm/omxlmex.fd)
(/usr/share/texlive/texmf-dist/tex/latex/amsfonts/umsa.fd)
(/usr/share/texlive/texmf-dist/tex/latex/microtype/mt-msa.cfg)
(/usr/share/texlive/texmf-dist/tex/latex/amsfonts/umsb.fd)
(/usr/share/texlive/texmf-dist/tex/latex/microtype/mt-msb.cfg)
(./sections/abstract.tex) (./sections/introduction.tex [1{/var/lib/texmf/fonts/
map/pdftex/updmap/pdftex.map}]) (./sections/main_result.tex [2])
(./sections/formal_reduction.tex [3] [4]) (./sections/paths.tex [5] [6])
(./sections/cycles.tex [7] [8]) (./sections/generating_functions.tex [9])
(./sections/controls_limits.tex [10] (/usr/share/texmf/tex/latex/lm/t1lmtt.fd)
Overfull \hbox (85.24197pt too wide) in paragraph at lines 68--76
[]\T1/lmr/m/n/10.95 (-20) The ac-com-pa-ny-ing re-search files pre-serve the ex
-act co-ef-fi-cient/word script \T1/lmtt/m/n/10.95 check_effective_coefficients
.py\T1/lmr/m/n/10.95 (-20) ,

Overfull \hbox (72.30597pt too wide) in paragraph at lines 68--76
\T1/lmr/m/n/10.95 (-20) its bounded-check record \T1/lmtt/m/n/10.95 COEFFICIENT
_CHECKS.md\T1/lmr/m/n/10.95 (-20) , and the in-de-pen-dently au-thored \T1/lmtt
/m/n/10.95 ROOT_CLUSTER_CHECK.sing
[11]) (./references.tex) [12] (/tmp/c408-draft-N5YW3x/main.aux) )
(see the transcript file for additional information){/usr/share/texmf/fonts/enc
/dvips/lm/lm-ec.enc}{/usr/share/texmf/fonts/enc/dvips/lm/lm-rm.enc}{/usr/share/
texmf/fonts/enc/dvips/lm/lm-mathit.enc}{/usr/share/texmf/fonts/enc/dvips/lm/lm-
mathsy.enc}{/usr/share/texmf/fonts/enc/dvips/lm/lm-mathex.enc}</usr/share/texmf
/fonts/type1/public/lm/lmbx10.pfb></usr/share/texmf/fonts/type1/public/lm/lmbx1
2.pfb></usr/share/texmf/fonts/type1/public/lm/lmex10.pfb></usr/share/texmf/font
s/type1/public/lm/lmmi10.pfb></usr/share/texmf/fonts/type1/public/lm/lmmi6.pfb>
</usr/share/texmf/fonts/type1/public/lm/lmmi7.pfb></usr/share/texmf/fonts/type1
/public/lm/lmmi8.pfb></usr/share/texmf/fonts/type1/public/lm/lmr10.pfb></usr/sh
are/texmf/fonts/type1/public/lm/lmr12.pfb></usr/share/texmf/fonts/type1/public/
lm/lmr17.pfb></usr/share/texmf/fonts/type1/public/lm/lmr6.pfb></usr/share/texmf
/fonts/type1/public/lm/lmr7.pfb></usr/share/texmf/fonts/type1/public/lm/lmr8.pf
b></usr/share/texmf/fonts/type1/public/lm/lmri10.pfb></usr/share/texmf/fonts/ty
pe1/public/lm/lmsy10.pfb></usr/share/texmf/fonts/type1/public/lm/lmsy7.pfb></us
r/share/texmf/fonts/type1/public/lm/lmsy8.pfb></usr/share/texmf/fonts/type1/pub
lic/lm/lmtt10.pfb></usr/share/texlive/texmf-dist/fonts/type1/public/amsfonts/sy
mbols/msbm10.pfb>
Output written on /tmp/c408-draft-N5YW3x/main.pdf (12 pages, 374166 bytes).
Transcript written on /tmp/c408-draft-N5YW3x/main.log.
Latexmk: Log file says output to '/tmp/c408-draft-N5YW3x/main.pdf'
Latexmk: Examining '/tmp/c408-draft-N5YW3x/main.log'
=== TeX engine is 'pdfTeX'
Latexmk: All targets (/tmp/c408-draft-N5YW3x/main.pdf) are up-to-date
