{
  "assertions": 789402,
  "boxes": [
    {
      "core": 1,
      "cycle_counts": {
        "1": 1
      },
      "first_maximum_fibre_target": 0,
      "image": 1,
      "image_widths": [
        1
      ],
      "longest_cycle": [
        0
      ],
      "mapping_sha256": "d0bca111f8628137adc4c16f123496dcdd1d590d06cb5d9acd68b39fe656fb97",
      "maximum_fibre": 1,
      "maximum_fibre_target_count": 1,
      "maximum_tail": 0,
      "maximum_tail_orbit": [
        0
      ],
      "params": {
        "n": 1
      },
      "rule": "STC",
      "states": 1
    },
    {
      "core": 2,
      "cycle_counts": {
        "2": 1
      },
      "first_maximum_fibre_target": 0,
      "image": 2,
      "image_widths": [
        2
      ],
      "longest_cycle": [
        0,
        1
      ],
      "mapping_sha256": "5aaf1e183f1faf12c327dc2fb8c223022f04684c61fc34533bff62e7e572c776",
      "maximum_fibre": 1,
      "maximum_fibre_target_count": 2,
      "maximum_tail": 0,
      "maximum_tail_orbit": [
        0
      ],
      "params": {
        "n": 2
      },
      "rule": "STC",
      "states": 2
    },
    {
      "core": 1,
      "cycle_counts": {
        "1": 1
      },
      "first_maximum_fibre_target": 7,
      "image": 4,
      "image_widths": [
        8,
        4,
        1
      ],
      "longest_cycle": [
        7
      ],
      "mapping_sha256": "b9a1f0832bf43849d45fd4cb822c5489cec95ef0450a71d044541f915fcf5e2e",
      "maximum_fibre": 5,
      "maximum_fibre_target_count": 1,
      "maximum_tail": 2,
      "maximum_tail_orbit": [
        3,
        4,
        7
      ],
      "params": {
        "n": 3
      },
      "rule": "STC",
      "states": 8
    },
    {
      "core": 13,
      "cycle_counts": {
        "1": 1,
        "2": 6
      },
      "first_maximum_fibre_target": 63,
      "image": 26,
      "image_widths": [
        64,
        26,
        16,
        13
      ],
      "longest_cycle": [
        13,
        50
      ],
      "mapping_sha256": "197b2f50d90079ad265522c84245008e66baa004ff312f49edf99ff2868d26ef",
      "maximum_fibre": 27,
      "maximum_fibre_target_count": 1,
      "maximum_tail": 3,
      "maximum_tail_orbit": [
        15,
        59,
        12,
        63
      ],
      "params": {
        "n": 4
      },
      "rule": "STC",
      "states": 64
    },
    {
      "core": 1,
      "cycle_counts": {
        "1": 1
      },
      "first_maximum_fibre_target": 1023,
      "image": 196,
      "image_widths": [
        1024,
        196,
        51,
        16,
        1
      ],
      "longest_cycle": [
        1023
      ],
      "mapping_sha256": "987567b12dfb086293a9c6020ee152bc30a09eabcb4d24d6b599a93e682003b8",
      "maximum_fibre": 364,
      "maximum_fibre_target_count": 1,
      "maximum_tail": 4,
      "maximum_tail_orbit": [
        58,
        965,
        639,
        915,
        1023
      ],
      "params": {
        "n": 5
      },
      "rule": "STC",
      "states": 1024
    },
    {
      "core": 1,
      "cycle_counts": {
        "1": 1
      },
      "first_maximum_fibre_target": 32767,
      "image": 2762,
      "image_widths": [
        32768,
        2762,
        256,
        16,
        1
      ],
      "longest_cycle": [
        32767
      ],
      "mapping_sha256": "7a62d7c172cde968cab869bacda57dc05bca8179e4a9fb9bc1afe11fd030172c",
      "maximum_fibre": 8260,
      "maximum_fibre_target_count": 1,
      "maximum_tail": 4,
      "maximum_tail_orbit": [
        659,
        32108,
        29363,
        32111,
        32767
      ],
      "params": {
        "n": 6
      },
      "rule": "STC",
      "states": 32768
    },
    {
      "core": 81,
      "cycle_counts": {
        "1": 9,
        "2": 36
      },
      "first_maximum_fibre_target": 0,
      "image": 81,
      "image_widths": [
        81
      ],
      "longest_cycle": [
        1,
        27
      ],
      "mapping_sha256": "8f5b1b288029f23415e63e503be07138dd29d6cafc91e7753146bd649271a10d",
      "maximum_fibre": 1,
      "maximum_fibre_target_count": 81,
      "maximum_tail": 0,
      "maximum_tail_orbit": [
        0
      ],
      "params": {
        "p": 3,
        "r": 2
      },
      "rule": "PCG",
      "states": 81
    },
    {
      "core": 625,
      "cycle_counts": {
        "1": 25,
        "2": 300
      },
      "first_maximum_fibre_target": 0,
      "image": 625,
      "image_widths": [
        625
      ],
      "longest_cycle": [
        1,
        125
      ],
      "mapping_sha256": "1814735b031056aed5897a1f6264be99f9fd46750840c23dc8abc0bb99a50c2d",
      "maximum_fibre": 1,
      "maximum_fibre_target_count": 625,
      "maximum_tail": 0,
      "maximum_tail_orbit": [
        0
      ],
      "params": {
        "p": 5,
        "r": 2
      },
      "rule": "PCG",
      "states": 625
    },
    {
      "core": 2401,
      "cycle_counts": {
        "1": 49,
        "2": 1176
      },
      "first_maximum_fibre_target": 0,
      "image": 2401,
      "image_widths": [
        2401
      ],
      "longest_cycle": [
        1,
        343
      ],
      "mapping_sha256": "71bcd56693418795fd788af7f9638647eede1df84fbd0bfd1d105528e49ffae2",
      "maximum_fibre": 1,
      "maximum_fibre_target_count": 2401,
      "maximum_tail": 0,
      "maximum_tail_orbit": [
        0
      ],
      "params": {
        "p": 7,
        "r": 2
      },
      "rule": "PCG",
      "states": 2401
    },
    {
      "core": 2993,
      "cycle_counts": {
        "1": 41,
        "2": 468,
        "4": 72,
        "6": 288
      },
      "first_maximum_fibre_target": 0,
      "image": 5379,
      "image_widths": [
        19683,
        5379,
        3563,
        3251,
        3083,
        3011,
        2993
      ],
      "longest_cycle": [
        849,
        9810,
        851,
        3249,
        850,
        16371
      ],
      "mapping_sha256": "1a944d7499f2e6c2b8d62891160e7aaa68f92c9787f87c474e71fafebef33050",
      "maximum_fibre": 211,
      "maximum_fibre_target_count": 1,
      "maximum_tail": 6,
      "maximum_tail_orbit": [
        3202,
        19075,
        16406,
        7038,
        2924,
        243,
        0
      ],
      "params": {
        "p": 3,
        "r": 3
      },
      "rule": "PCG",
      "states": 19683
    },
    {
      "core": 1,
      "cycle_counts": {
        "1": 1
      },
      "first_maximum_fibre_target": 0,
      "image": 1,
      "image_widths": [
        2,
        1
      ],
      "longest_cycle": [
        0
      ],
      "mapping_sha256": "3d5812abc84c11768aa73a732c85d75dbed439188f5bb3239e9b762ea31d9862",
      "maximum_fibre": 2,
      "maximum_fibre_target_count": 1,
      "maximum_tail": 1,
      "maximum_tail_orbit": [
        1,
        0
      ],
      "params": {
        "d": 0,
        "p": 3
      },
      "rule": "UMP",
      "states": 2
    },
    {
      "core": 2,
      "cycle_counts": {
        "1": 2
      },
      "first_maximum_fibre_target": 0,
      "image": 5,
      "image_widths": [
        8,
        5,
        2
      ],
      "longest_cycle": [
        0
      ],
      "mapping_sha256": "7292c045ebda3a1e2ed43656171142eefb54604ea2e489187ee223168dcb96b0",
      "maximum_fibre": 4,
      "maximum_fibre_target_count": 1,
      "maximum_tail": 2,
      "maximum_tail_orbit": [
        3,
        4,
        0
      ],
      "params": {
        "d": 1,
        "p": 3
      },
      "rule": "UMP",
      "states": 8
    },
    {
      "core": 151,
      "cycle_counts": {
        "1": 25,
        "2": 27,
        "3": 24
      },
      "first_maximum_fibre_target": 0,
      "image": 241,
      "image_widths": [
        512,
        241,
        151
      ],
      "longest_cycle": [
        11,
        324,
        176
      ],
      "mapping_sha256": "14a53efab9eac4bb9d8686e51f171df316cee83655505bd7224d49e632f641f9",
      "maximum_fibre": 56,
      "maximum_fibre_target_count": 1,
      "maximum_tail": 2,
      "maximum_tail_orbit": [
        3,
        4,
        0
      ],
      "params": {
        "d": 2,
        "p": 3
      },
      "rule": "UMP",
      "states": 512
    },
    {
      "core": 16,
      "cycle_counts": {
        "1": 6,
        "2": 5
      },
      "first_maximum_fibre_target": 0,
      "image": 21,
      "image_widths": [
        32,
        21,
        16
      ],
      "longest_cycle": [
        7,
        26
      ],
      "mapping_sha256": "57a729760b5426995fb77da07681cea3a27ac57785bd4b37fbf5323da897bef0",
      "maximum_fibre": 7,
      "maximum_fibre_target_count": 1,
      "maximum_tail": 2,
      "maximum_tail_orbit": [
        3,
        8,
        0
      ],
      "params": {
        "d": 1,
        "p": 5
      },
      "rule": "UMP",
      "states": 32
    },
    {
      "core": 57,
      "cycle_counts": {
        "1": 1,
        "2": 7,
        "3": 14
      },
      "first_maximum_fibre_target": 0,
      "image": 71,
      "image_widths": [
        128,
        71,
        57
      ],
      "longest_cycle": [
        7,
        50,
        74
      ],
      "mapping_sha256": "4afa8740c8d332a235ec6e2e6f3ce71f3be21c709df8dbd74e37a38a32477ae2",
      "maximum_fibre": 16,
      "maximum_fibre_target_count": 1,
      "maximum_tail": 2,
      "maximum_tail_orbit": [
        3,
        16,
        0
      ],
      "params": {
        "d": 1,
        "p": 7
      },
      "rule": "UMP",
      "states": 128
    },
    {
      "core": 276,
      "cycle_counts": {
        "1": 1,
        "5": 33,
        "10": 11
      },
      "first_maximum_fibre_target": 0,
      "image": 1035,
      "image_widths": [
        2048,
        1035,
        518,
        331,
        276
      ],
      "longest_cycle": [
        15,
        326,
        1584,
        1046,
        329,
        1049,
        550,
        553,
        1360,
        864
      ],
      "mapping_sha256": "f03932427d4500cc2b3a6e9533e01a57bda2270a5785df8f7797b76c871cdc9c",
      "maximum_fibre": 244,
      "maximum_fibre_target_count": 1,
      "maximum_tail": 4,
      "maximum_tail_orbit": [
        95,
        1138,
        1708,
        1711,
        0
      ],
      "params": {
        "d": 1,
        "p": 11
      },
      "rule": "UMP",
      "states": 2048
    }
  ],
  "schema": "twelfth-author-pilot-v1"
}
