This is pdfTeX, Version 3.141592653-2.6-1.40.22 (TeX Live 2022/dev/Debian) (preloaded format=pdflatex)
entering extended mode
(./main.tex
LaTeX2e <2021-11-15> patch level 1
L3 programming layer <2022-01-21>
(/usr/share/texlive/texmf-dist/tex/latex/base/article.cls
Document Class: article 2021/10/04 v1.4n Standard LaTeX document class
(/usr/share/texlive/texmf-dist/tex/latex/base/size11.clo))
(/usr/share/texmf/tex/latex/lm/lmodern.sty)
(/usr/share/texlive/texmf-dist/tex/latex/base/fontenc.sty
(/usr/share/texmf/tex/latex/lm/t1lmr.fd))
(/usr/share/texlive/texmf-dist/tex/latex/base/inputenc.sty)
(/usr/share/texlive/texmf-dist/tex/latex/geometry/geometry.sty
(/usr/share/texlive/texmf-dist/tex/latex/graphics/keyval.sty)
(/usr/share/texlive/texmf-dist/tex/generic/iftex/ifvtex.sty
(/usr/share/texlive/texmf-dist/tex/generic/iftex/iftex.sty)))
(/usr/share/texlive/texmf-dist/tex/latex/amsmath/amsmath.sty
For additional information on amsmath, use the `?' option.
(/usr/share/texlive/texmf-dist/tex/latex/amsmath/amstext.sty
(/usr/share/texlive/texmf-dist/tex/latex/amsmath/amsgen.sty))
(/usr/share/texlive/texmf-dist/tex/latex/amsmath/amsbsy.sty)
(/usr/share/texlive/texmf-dist/tex/latex/amsmath/amsopn.sty))
(/usr/share/texlive/texmf-dist/tex/latex/amsfonts/amssymb.sty
(/usr/share/texlive/texmf-dist/tex/latex/amsfonts/amsfonts.sty))
(/usr/share/texlive/texmf-dist/tex/latex/amscls/amsthm.sty)
(/usr/share/texlive/texmf-dist/tex/latex/mathtools/mathtools.sty
(/usr/share/texlive/texmf-dist/tex/latex/tools/calc.sty)
(/usr/share/texlive/texmf-dist/tex/latex/mathtools/mhsetup.sty))
(/usr/share/texlive/texmf-dist/tex/latex/booktabs/booktabs.sty)
(/usr/share/texlive/texmf-dist/tex/latex/tools/array.sty)
(/usr/share/texlive/texmf-dist/tex/latex/natbib/natbib.sty)
(/usr/share/texlive/texmf-dist/tex/latex/hyperref/hyperref.sty
(/usr/share/texlive/texmf-dist/tex/generic/ltxcmds/ltxcmds.sty)
(/usr/share/texlive/texmf-dist/tex/generic/pdftexcmds/pdftexcmds.sty
(/usr/share/texlive/texmf-dist/tex/generic/infwarerr/infwarerr.sty))
(/usr/share/texlive/texmf-dist/tex/generic/kvsetkeys/kvsetkeys.sty)
(/usr/share/texlive/texmf-dist/tex/generic/kvdefinekeys/kvdefinekeys.sty)
(/usr/share/texlive/texmf-dist/tex/generic/pdfescape/pdfescape.sty)
(/usr/share/texlive/texmf-dist/tex/latex/hycolor/hycolor.sty)
(/usr/share/texlive/texmf-dist/tex/latex/letltxmacro/letltxmacro.sty)
(/usr/share/texlive/texmf-dist/tex/latex/auxhook/auxhook.sty)
(/usr/share/texlive/texmf-dist/tex/latex/kvoptions/kvoptions.sty)
(/usr/share/texlive/texmf-dist/tex/latex/hyperref/pd1enc.def)
(/usr/share/texlive/texmf-dist/tex/latex/hyperref/hyperref-langpatches.def)
(/usr/share/texlive/texmf-dist/tex/generic/intcalc/intcalc.sty)
(/usr/share/texlive/texmf-dist/tex/generic/etexcmds/etexcmds.sty)
(/usr/share/texlive/texmf-dist/tex/latex/hyperref/puenc.def)
(/usr/share/texlive/texmf-dist/tex/latex/url/url.sty)
(/usr/share/texlive/texmf-dist/tex/generic/bitset/bitset.sty
(/usr/share/texlive/texmf-dist/tex/generic/bigintcalc/bigintcalc.sty))
(/usr/share/texlive/texmf-dist/tex/latex/base/atbegshi-ltx.sty))
(/usr/share/texlive/texmf-dist/tex/latex/hyperref/hpdftex.def
(/usr/share/texlive/texmf-dist/tex/latex/base/atveryend-ltx.sty)
(/usr/share/texlive/texmf-dist/tex/latex/rerunfilecheck/rerunfilecheck.sty
(/usr/share/texlive/texmf-dist/tex/generic/uniquecounter/uniquecounter.sty)))
(./macros.tex)
(/usr/share/texlive/texmf-dist/tex/latex/l3backend/l3backend-pdftex.def)
No file main.aux.
*geometry* driver: auto-detecting
*geometry* detected driver: pdftex
(/usr/share/texlive/texmf-dist/tex/latex/graphics/graphicx.sty
(/usr/share/texlive/texmf-dist/tex/latex/graphics/graphics.sty
(/usr/share/texlive/texmf-dist/tex/latex/graphics/trig.sty)
(/usr/share/texlive/texmf-dist/tex/latex/graphics-cfg/graphics.cfg)
(/usr/share/texlive/texmf-dist/tex/latex/graphics-def/pdftex.def
(/usr/share/texlive/texmf-dist/tex/context/base/mkii/supp-pdf.mkii
[Loading MPS to PDF converter (version 2006.09.02).]
)))) (/usr/share/texlive/texmf-dist/tex/latex/hyperref/nameref.sty
(/usr/share/texlive/texmf-dist/tex/latex/refcount/refcount.sty)
(/usr/share/texlive/texmf-dist/tex/generic/gettitlestring/gettitlestring.sty))
(/usr/share/texmf/tex/latex/lm/ot1lmr.fd)
(/usr/share/texmf/tex/latex/lm/omllmm.fd)
(/usr/share/texmf/tex/latex/lm/omslmsy.fd)
(/usr/share/texmf/tex/latex/lm/omxlmex.fd)
(/usr/share/texlive/texmf-dist/tex/latex/amsfonts/umsa.fd)
(/usr/share/texlive/texmf-dist/tex/latex/amsfonts/umsb.fd)
(./sections/01-introduction.tex

Package natbib Warning: Citation `JoshiRoffelsen2026' on page 1 undefined on in
put line 27.

[1{/var/lib/texmf/fonts/map/pdftex/updmap/pdftex.map}]

LaTeX Warning: Reference `geom:section' on page 2 undefined on input line 63.


LaTeX Warning: Reference `trace:regular' on page 2 undefined on input line 87.


LaTeX Warning: Reference `spec:section' on page 2 undefined on input line 105.


LaTeX Warning: Reference `hasse:section' on page 2 undefined on input line 105.


(/usr/share/texlive/texmf-dist/tex/latex/amsfonts/ueuf.fd) [2]

LaTeX Warning: Reference `first:section' on page 3 undefined on input line 148.



LaTeX Warning: Reference `main:first-ideal' on page 3 undefined on input line 1
49.


LaTeX Warning: Reference `main:first' on page 3 undefined on input line 177.


LaTeX Warning: Reference `odd:section' on page 3 undefined on input line 178.


LaTeX Warning: Reference `two:section' on page 3 undefined on input line 211.


LaTeX Warning: Reference `main:length-five' on page 3 undefined on input line 2
13.

[3]

Package natbib Warning: Citation `JoshiLobb2016' on page 4 undefined on input l
ine 247.


Package natbib Warning: Citation `JoshiRoffelsen2026' on page 4 undefined on in
put line 247.


Package natbib Warning: Citation `GrossHackingKeel2015' on page 4 undefined on 
input line 250.


Package natbib Warning: Citation `CantatDolgachev2012' on page 4 undefined on i
nput line 250.


Package natbib Warning: Citation `Beauville1990' on page 4 undefined on input l
ine 254.


Package natbib Warning: Citation `InoueVanhaeckeYamazaki2015' on page 4 undefin
ed on input line 254.


Package natbib Warning: Citation `StacksProject2026' on page 4 undefined on inp
ut line 258.


Package natbib Warning: Citation `AchterHowe2019' on page 4 undefined on input 
line 263.


Package natbib Warning: Citation `Vlasenko2018' on page 4 undefined on input li
ne 266.


Package natbib Warning: Citation `BeukersVlasenko2021' on page 4 undefined on i
nput line 270.


Package natbib Warning: Citation `Vlasenko2024' on page 4 undefined on input li
ne 270.


Package natbib Warning: Citation `DeligneIllusie1987' on page 4 undefined on in
put line 276.


Package natbib Warning: Citation `DupuyZureickBrown2019' on page 4 undefined on
 input line 276.


Package natbib Warning: Citation `DupuyKatzRabinoffZureickBrown2019' on page 4 
undefined on input line 276.


Package natbib Warning: Citation `Shimada2026' on page 4 undefined on input lin
e 278.


Package natbib Warning: Citation `KoroteevSmirnov2026' on page 4 undefined on i
nput line 283.


Package natbib Warning: Citation `LubinTate1966' on page 4 undefined on input l
ine 286.

[4]

LaTeX Warning: Reference `geom:section' on page 5 undefined on input line 292.


LaTeX Warning: Reference `hasse:section' on page 5 undefined on input line 292.



LaTeX Warning: Reference `trace:section' on page 5 undefined on input line 294.



LaTeX Warning: Reference `first:section' on page 5 undefined on input line 294.



LaTeX Warning: Reference `odd:section' on page 5 undefined on input line 295.


LaTeX Warning: Reference `two:section' on page 5 undefined on input line 296.

) (./sections/02-surface-pencil.tex

Package natbib Warning: Citation `JoshiRoffelsen2026' on page 5 undefined on in
put line 27.


LaTeX Warning: Reference `geom:charts' on page 5 undefined on input line 53.


LaTeX Warning: Reference `geom:charts' on page 5 undefined on input line 67.

[5]

LaTeX Warning: Reference `geom:boundary-order' on page 6 undefined on input lin
e 83.


LaTeX Warning: Reference `geom:charts' on page 6 undefined on input line 100.


LaTeX Warning: Reference `main:matrix' on page 6 undefined on input line 117.


LaTeX Warning: Reference `main:integral' on page 6 undefined on input line 117.



Package natbib Warning: Citation `JoshiRoffelsen2026' on page 6 undefined on in
put line 131.


LaTeX Warning: Reference `geom:laurent-input' on page 6 undefined on input line
 146.

[6]

LaTeX Warning: Reference `geom:laurent-input' on page 7 undefined on input line
 185.

[7]

Package natbib Warning: Citation `CantatDolgachev2012' on page 8 undefined on i
nput line 231.


LaTeX Warning: Reference `geom:boundary-order' on page 8 undefined on input lin
e 277.


LaTeX Warning: Reference `geom:surface' on page 8 undefined on input line 286.


LaTeX Warning: Reference `geom:node-frames' on page 8 undefined on input line 2
88.

[8]

LaTeX Warning: Reference `geom:boundary-complex' on page 9 undefined on input l
ine 318.


LaTeX Warning: Reference `geom:constants' on page 9 undefined on input line 367
.


LaTeX Warning: Reference `geom:poles' on page 9 undefined on input line 370.


Package natbib Warning: Citation `StacksProject2026' on page 9 undefined on inp
ut line 374.

[9]) (./sections/03-spectral-jacobian.tex

LaTeX Warning: Reference `geom:pencil' on page 10 undefined on input line 8.


Package natbib Warning: Citation `Beauville1990' on page 10 undefined on input 
line 11.


Package natbib Warning: Citation `InoueVanhaeckeYamazaki2015' on page 10 undefi
ned on input line 11.

[10]

LaTeX Warning: Reference `spec:critical-algebra' on page 11 undefined on input 
line 104.

[11]

LaTeX Warning: Reference `spec:birational-change' on page 12 undefined on input
 line 182.

[12]

LaTeX Warning: Reference `main:matrix' on page 13 undefined on input line 209.


LaTeX Warning: Reference `spec:module-pushdown' on page 13 undefined on input l
ine 245.

[13]

LaTeX Warning: Reference `spec:state-inverse' on page 14 undefined on input lin
e 303.


Overfull \hbox (9.96825pt too wide) in paragraph at lines 313--321
[]\T1/lmr/m/it/10.95 The fixed Pi-card dif-fer-ence. \T1/lmr/m/n/10.95 Cycli-ca
lly ro-tat-ing the orig-i-nal prod-uct gives $\OML/lmm/m/it/10.95 M\OT1/lmr/m/n
/10.95 (\OML/lmm/m/it/10.95 sz\OT1/lmr/m/n/10.95 )\OML/lmm/m/it/10.95 A\OT1/lmr
/m/n/10.95 (\OML/lmm/m/it/10.95 z\OT1/lmr/m/n/10.95 ) = \OML/lmm/m/it/10.95 A\O
T1/lmr/m/n/10.95 (\OML/lmm/m/it/10.95 z\OT1/lmr/m/n/10.95 )\OML/lmm/m/it/10.95 
M\OT1/lmr/m/n/10.95 (\OML/lmm/m/it/10.95 z\OT1/lmr/m/n/10.95 )$\T1/lmr/m/n/10.9
5 ,

LaTeX Warning: Reference `spec:cyclic-composite' on page 14 undefined on input 
line 336.

[14]

LaTeX Warning: Reference `spec:function-field-inverse' on page 15 undefined on 
input line 400.


LaTeX Warning: Reference `spec:function-field-inverse' on page 15 undefined on 
input line 403.


LaTeX Warning: Reference `geom:pencil' on page 15 undefined on input line 412.

) (./sections/04-closed-hasse.tex [15]

LaTeX Warning: Reference `spec:weierstrass' on page 16 undefined on input line 
24.


LaTeX Warning: Reference `spec:quotient-charts' on page 16 undefined on input l
ine 25.


LaTeX Warning: Reference `geom:pencil' on page 16 undefined on input line 31.


LaTeX Warning: Reference `geom:pencil' on page 16 undefined on input line 71.


LaTeX Warning: Reference `spec:finite-critical' on page 16 undefined on input l
ine 75.


Package natbib Warning: Citation `StacksProject2026' on page 16 undefined on in
put line 87.


LaTeX Warning: Reference `spec:jacobian' on page 16 undefined on input line 91.



LaTeX Warning: Reference `spec:birational-change' on page 16 undefined on input
 line 92.


Package natbib Warning: Citation `StacksProject2026' on page 16 undefined on in
put line 108.

[16]

Package natbib Warning: Citation `StacksProject2026' on page 17 undefined on in
put line 118.


LaTeX Warning: Reference `spec:birational-change' on page 17 undefined on input
 line 135.


LaTeX Warning: Reference `spec:finite-pushdown' on page 17 undefined on input l
ine 138.

[17]

Package natbib Warning: Citation `AchterHowe2019' on page 18 undefined on input
 line 203.


LaTeX Warning: Reference `hasse:differential' on page 18 undefined on input lin
e 223.


LaTeX Warning: Reference `hasse:closed' on page 18 undefined on input line 239.


[18]) (./sections/05-integral-trace.tex

LaTeX Warning: Reference `main:matrix' on page 19 undefined on input line 18.


LaTeX Warning: Reference `main:integral' on page 19 undefined on input line 19.



LaTeX Warning: Reference `trace:insertion' on page 19 undefined on input line 6
3.

[19]
Overfull \hbox (50.51622pt too wide) in paragraph at lines 69--77
\T1/lmr/m/n/10.95 Empty prod-ucts are iden-tity ma-tri-ces. Re-duc-ing the in-t
e-gral in-ser-tion for-mula gives $[] \OT1/lmr/m/n/10.95 = \OML/lmm/m/it/10.95 
m\OT1/lmr/m/n/10.95 [\OML/lmm/m/it/10.95 z[]\OT1/lmr/m/n/10.95 ] [](\OML/lmm/m/
it/10.95 B[]C[]\OT1/lmr/m/n/10.95 )$\T1/lmr/m/n/10.95 .

LaTeX Warning: Reference `trace:rank-two' on page 20 undefined on input line 10
0.


LaTeX Warning: Reference `trace:reduced-insertion' on page 20 undefined on inpu
t line 109.


LaTeX Warning: Reference `trace:coefficient' on page 20 undefined on input line
 119.

[20]

LaTeX Warning: Reference `geom:surface' on page 21 undefined on input line 176.



LaTeX Warning: Reference `geom:section' on page 21 undefined on input line 185.



Package natbib Warning: Citation `StacksProject2026' on page 21 undefined on in
put line 190.


LaTeX Warning: Reference `trace:insertion' on page 21 undefined on input line 1
96.


LaTeX Warning: Reference `trace:global-residue' on page 21 undefined on input l
ine 199.


LaTeX Warning: Reference `trace:residue' on page 21 undefined on input line 201
.


LaTeX Warning: Reference `geom:charts' on page 21 undefined on input line 213.


LaTeX Warning: Reference `trace:global-residue' on page 21 undefined on input l
ine 229.

[21]

LaTeX Warning: Reference `geom:pencil' on page 22 undefined on input line 236.


LaTeX Warning: Reference `trace:residue' on page 22 undefined on input line 238
.

) (./sections/06-first-layer.tex

LaTeX Warning: Reference `geom:constants' on page 22 undefined on input line 46
.


LaTeX Warning: Reference `geom:boundary-complex' on page 22 undefined on input 
line 49.


Overfull \hbox (4.74084pt too wide) in paragraph at lines 46--51
[]\T1/lmr/m/n/10.95 The ac-tual blowup-chart cal-cu-la-tion of Lemma [] gives $
\OML/lmm/m/it/10.95 H[]\OT1/lmr/m/n/10.95 (\OML/lmm/m/it/10.95 S[]; \OMS/lmsy/m
/n/10.95 O\OT1/lmr/m/n/10.95 ) = \OML/lmm/m/it/10.95 A\OMS/lmsy/m/n/10.95 h\OT1
/lmr/m/n/10.95 1\OMS/lmsy/m/n/10.95 i$ \T1/lmr/m/n/10.95 and $\OML/lmm/m/it/10.
95 H[]\OT1/lmr/m/n/10.95 (\OML/lmm/m/it/10.95 S[]; \OMS/lmsy/m/n/10.95 O\OT1/lm
r/m/n/10.95 ) =

LaTeX Warning: Reference `first:boundary-complex' on page 22 undefined on input
 line 62.

[22]

LaTeX Warning: Reference `first:kappa' on page 23 undefined on input line 108.

[23]

LaTeX Warning: Reference `first:congruence' on page 24 undefined on input line 
202.


LaTeX Warning: Reference `trace:residue' on page 24 undefined on input line 217
.


LaTeX Warning: Reference `first:F-derivative' on page 24 undefined on input lin
e 218.

[24]

LaTeX Warning: Reference `first:taylor-residue' on page 25 undefined on input l
ine 253.


LaTeX Warning: Reference `first:F-derivative' on page 25 undefined on input lin
e 253.


LaTeX Warning: Reference `first:prime-congruence' on page 25 undefined on input
 line 260.


LaTeX Warning: Reference `first:taylor' on page 25 undefined on input line 260.



LaTeX Warning: Reference `trace:regular' on page 25 undefined on input line 263
.


LaTeX Warning: Reference `trace:chart-injection' on page 25 undefined on input 
line 263.


LaTeX Warning: Reference `first:Gi' on page 25 undefined on input line 293.


LaTeX Warning: Reference `first:obstruction' on page 25 undefined on input line
 301.


LaTeX Warning: Reference `first:local-form' on page 25 undefined on input line 
309.

[25]

LaTeX Warning: Reference `first:obstruction' on page 26 undefined on input line
 333.


LaTeX Warning: Reference `hasse:closed' on page 26 undefined on input line 338.



LaTeX Warning: Reference `trace:global-residue' on page 26 undefined on input l
ine 357.


LaTeX Warning: Reference `first:local-form' on page 26 undefined on input line 
365.


LaTeX Warning: Reference `first:tangent' on page 26 undefined on input line 369
.


LaTeX Warning: Reference `first:full-ideal' on page 26 undefined on input line 
373.


LaTeX Warning: Reference `first:Gi' on page 26 undefined on input line 374.

) (./sections/07-odd-jets.tex

Package natbib Warning: Citation `BeukersVlasenko2021' on page 26 undefined on 
input line 10.


Package natbib Warning: Citation `Vlasenko2024' on page 26 undefined on input l
ine 11.

[26]

LaTeX Warning: Reference `geom:charts' on page 27 undefined on input line 47.


LaTeX Warning: Reference `odd:common-ring' on page 27 undefined on input line 5
2.


LaTeX Warning: Reference `trace:integral-insertion' on page 27 undefined on inp
ut line 56.


LaTeX Warning: Reference `trace:chart-injection' on page 27 undefined on input 
line 59.


LaTeX Warning: Reference `two:section' on page 27 undefined on input line 78.


LaTeX Warning: Reference `main:matrix' on page 27 undefined on input line 86.

(/usr/share/texmf/tex/latex/lm/ot1lmss.fd) [27]

LaTeX Warning: Reference `trace:insertion' on page 28 undefined on input line 1
07.


LaTeX Warning: Reference `odd:insertion-equation' on page 28 undefined on input
 line 113.


LaTeX Warning: Reference `odd:block-variation' on page 28 undefined on input li
ne 184.


LaTeX Warning: Reference `odd:deformed-trace' on page 28 undefined on input lin
e 184.


LaTeX Warning: Reference `odd:leading-jets' on page 28 undefined on input line 
189.

[28]

LaTeX Warning: Reference `odd:deformed-trace' on page 29 undefined on input lin
e 194.


LaTeX Warning: Reference `odd:projection-rule' on page 29 undefined on input li
ne 211.


LaTeX Warning: Reference `trace:residue' on page 29 undefined on input line 225
.


LaTeX Warning: Reference `trace:rank-two' on page 29 undefined on input line 22
6.


LaTeX Warning: Reference `odd:projection' on page 29 undefined on input line 22
7.

[29]

LaTeX Warning: Reference `odd:weighted-operator' on page 30 undefined on input 
line 282.


LaTeX Warning: Reference `odd:weighted-commutator' on page 30 undefined on inpu
t line 297.


LaTeX Warning: Reference `odd:insertion-equation' on page 30 undefined on input
 line 316.


LaTeX Warning: Reference `odd:weighted-commutator' on page 30 undefined on inpu
t line 319.

./sections/07-odd-jets.tex:338: Illegal unit of measure (pt inserted).
<to be read again> 
                   >
l.338  \begin{cases}[1,4],&m=1,\\[1,5]
                                      ,&m\ge2.
./sections/07-odd-jets.tex:338:  ==> Fatal error occurred, no output PDF file p
roduced!
Transcript written on main.log.
