	linux-vdso.so.1 (0x00007ffce85f2000)
	libpoppler.so.118 => /usr/lib/x86_64-linux-gnu/libpoppler.so.118 (0x00007f371f1d8000)
	libstdc++.so.6 => /usr/lib/x86_64-linux-gnu/libstdc++.so.6 (0x00007f371efac000)
	libc.so.6 => /usr/lib/x86_64-linux-gnu/libc.so.6 (0x00007f371ed83000)
	libfreetype.so.6 => /usr/lib/x86_64-linux-gnu/libfreetype.so.6 (0x00007f371ecbb000)
	libfontconfig.so.1 => /usr/lib/x86_64-linux-gnu/libfontconfig.so.1 (0x00007f371ec71000)
	libjpeg.so.8 => /usr/lib/x86_64-linux-gnu/libjpeg.so.8 (0x00007f371ebee000)
	libz.so.1 => /usr/lib/x86_64-linux-gnu/libz.so.1 (0x00007f371ebd2000)
	libopenjp2.so.7 => /usr/lib/x86_64-linux-gnu/libopenjp2.so.7 (0x00007f371eb7a000)
	liblcms2.so.2 => /usr/lib/x86_64-linux-gnu/liblcms2.so.2 (0x00007f371eb18000)
	libpng16.so.16 => /usr/lib/x86_64-linux-gnu/libpng16.so.16 (0x00007f371eadd000)
	libtiff.so.5 => /usr/lib/x86_64-linux-gnu/libtiff.so.5 (0x00007f371ea55000)
	libnss3.so => /usr/lib/x86_64-linux-gnu/libnss3.so (0x00007f371e922000)
	libsmime3.so => /usr/lib/x86_64-linux-gnu/libsmime3.so (0x00007f371e8f8000)
	libplc4.so => /usr/lib/x86_64-linux-gnu/libplc4.so (0x00007f371e8f1000)
	libnspr4.so => /usr/lib/x86_64-linux-gnu/libnspr4.so (0x00007f371e8b1000)
	libm.so.6 => /usr/lib/x86_64-linux-gnu/libm.so.6 (0x00007f371e7ca000)
	/lib64/ld-linux-x86-64.so.2 (0x00007f371f555000)
	libgcc_s.so.1 => /usr/lib/x86_64-linux-gnu/libgcc_s.so.1 (0x00007f371e7aa000)
	libbrotlidec.so.1 => /usr/lib/x86_64-linux-gnu/libbrotlidec.so.1 (0x00007f371e79a000)
	libexpat.so.1 => /usr/lib/x86_64-linux-gnu/libexpat.so.1 (0x00007f371e769000)
	libuuid.so.1 => /usr/lib/x86_64-linux-gnu/libuuid.so.1 (0x00007f371e760000)
	libwebp.so.7 => /usr/lib/x86_64-linux-gnu/libwebp.so.7 (0x00007f371e6f3000)
	libzstd.so.1 => /usr/lib/x86_64-linux-gnu/libzstd.so.1 (0x00007f371e624000)
	liblzma.so.5 => /usr/lib/x86_64-linux-gnu/liblzma.so.5 (0x00007f371e5f7000)
	libjbig.so.0 => /usr/lib/x86_64-linux-gnu/libjbig.so.0 (0x00007f371e5e6000)
	libdeflate.so.0 => /usr/lib/x86_64-linux-gnu/libdeflate.so.0 (0x00007f371e5c2000)
	libnssutil3.so => /usr/lib/x86_64-linux-gnu/libnssutil3.so (0x00007f371e58f000)
	libplds4.so => /usr/lib/x86_64-linux-gnu/libplds4.so (0x00007f371e58a000)
	libbrotlicommon.so.1 => /usr/lib/x86_64-linux-gnu/libbrotlicommon.so.1 (0x00007f371e565000)
