	linux-vdso.so.1 (0x00007ffd8358a000)
	libpoppler.so.118 => /usr/lib/x86_64-linux-gnu/libpoppler.so.118 (0x00007f4631c70000)
	liblcms2.so.2 => /usr/lib/x86_64-linux-gnu/liblcms2.so.2 (0x00007f4631c0e000)
	libstdc++.so.6 => /usr/lib/x86_64-linux-gnu/libstdc++.so.6 (0x00007f46319e2000)
	libm.so.6 => /usr/lib/x86_64-linux-gnu/libm.so.6 (0x00007f46318fb000)
	libc.so.6 => /usr/lib/x86_64-linux-gnu/libc.so.6 (0x00007f46316d2000)
	libfreetype.so.6 => /usr/lib/x86_64-linux-gnu/libfreetype.so.6 (0x00007f4631608000)
	libfontconfig.so.1 => /usr/lib/x86_64-linux-gnu/libfontconfig.so.1 (0x00007f46315be000)
	libjpeg.so.8 => /usr/lib/x86_64-linux-gnu/libjpeg.so.8 (0x00007f463153d000)
	libz.so.1 => /usr/lib/x86_64-linux-gnu/libz.so.1 (0x00007f4631521000)
	libopenjp2.so.7 => /usr/lib/x86_64-linux-gnu/libopenjp2.so.7 (0x00007f46314c9000)
	libpng16.so.16 => /usr/lib/x86_64-linux-gnu/libpng16.so.16 (0x00007f463148e000)
	libtiff.so.5 => /usr/lib/x86_64-linux-gnu/libtiff.so.5 (0x00007f4631404000)
	libnss3.so => /usr/lib/x86_64-linux-gnu/libnss3.so (0x00007f46312d3000)
	libsmime3.so => /usr/lib/x86_64-linux-gnu/libsmime3.so (0x00007f46312a9000)
	libplc4.so => /usr/lib/x86_64-linux-gnu/libplc4.so (0x00007f46312a2000)
	libnspr4.so => /usr/lib/x86_64-linux-gnu/libnspr4.so (0x00007f4631262000)
	/lib64/ld-linux-x86-64.so.2 (0x00007f4631fe7000)
	libgcc_s.so.1 => /usr/lib/x86_64-linux-gnu/libgcc_s.so.1 (0x00007f4631242000)
	libbrotlidec.so.1 => /usr/lib/x86_64-linux-gnu/libbrotlidec.so.1 (0x00007f4631232000)
	libexpat.so.1 => /usr/lib/x86_64-linux-gnu/libexpat.so.1 (0x00007f4631201000)
	libuuid.so.1 => /usr/lib/x86_64-linux-gnu/libuuid.so.1 (0x00007f46311f8000)
	libwebp.so.7 => /usr/lib/x86_64-linux-gnu/libwebp.so.7 (0x00007f463118b000)
	libzstd.so.1 => /usr/lib/x86_64-linux-gnu/libzstd.so.1 (0x00007f46310bc000)
	liblzma.so.5 => /usr/lib/x86_64-linux-gnu/liblzma.so.5 (0x00007f463108f000)
	libjbig.so.0 => /usr/lib/x86_64-linux-gnu/libjbig.so.0 (0x00007f463107e000)
	libdeflate.so.0 => /usr/lib/x86_64-linux-gnu/libdeflate.so.0 (0x00007f463105a000)
	libnssutil3.so => /usr/lib/x86_64-linux-gnu/libnssutil3.so (0x00007f4631027000)
	libplds4.so => /usr/lib/x86_64-linux-gnu/libplds4.so (0x00007f4631022000)
	libbrotlicommon.so.1 => /usr/lib/x86_64-linux-gnu/libbrotlicommon.so.1 (0x00007f4630ffd000)
