	linux-vdso.so.1 (0x00007ffe8805a000)
	libpoppler.so.118 => /usr/lib/x86_64-linux-gnu/libpoppler.so.118 (0x00007f113e0da000)
	libstdc++.so.6 => /usr/lib/x86_64-linux-gnu/libstdc++.so.6 (0x00007f113deae000)
	libc.so.6 => /usr/lib/x86_64-linux-gnu/libc.so.6 (0x00007f113dc85000)
	libfreetype.so.6 => /usr/lib/x86_64-linux-gnu/libfreetype.so.6 (0x00007f113dbbd000)
	libfontconfig.so.1 => /usr/lib/x86_64-linux-gnu/libfontconfig.so.1 (0x00007f113db73000)
	libjpeg.so.8 => /usr/lib/x86_64-linux-gnu/libjpeg.so.8 (0x00007f113daf0000)
	libz.so.1 => /usr/lib/x86_64-linux-gnu/libz.so.1 (0x00007f113dad4000)
	libopenjp2.so.7 => /usr/lib/x86_64-linux-gnu/libopenjp2.so.7 (0x00007f113da7c000)
	liblcms2.so.2 => /usr/lib/x86_64-linux-gnu/liblcms2.so.2 (0x00007f113da1a000)
	libpng16.so.16 => /usr/lib/x86_64-linux-gnu/libpng16.so.16 (0x00007f113d9df000)
	libtiff.so.5 => /usr/lib/x86_64-linux-gnu/libtiff.so.5 (0x00007f113d957000)
	libnss3.so => /usr/lib/x86_64-linux-gnu/libnss3.so (0x00007f113d824000)
	libsmime3.so => /usr/lib/x86_64-linux-gnu/libsmime3.so (0x00007f113d7fa000)
	libplc4.so => /usr/lib/x86_64-linux-gnu/libplc4.so (0x00007f113d7f3000)
	libnspr4.so => /usr/lib/x86_64-linux-gnu/libnspr4.so (0x00007f113d7b3000)
	libm.so.6 => /usr/lib/x86_64-linux-gnu/libm.so.6 (0x00007f113d6cc000)
	/lib64/ld-linux-x86-64.so.2 (0x00007f113e453000)
	libgcc_s.so.1 => /usr/lib/x86_64-linux-gnu/libgcc_s.so.1 (0x00007f113d6ac000)
	libbrotlidec.so.1 => /usr/lib/x86_64-linux-gnu/libbrotlidec.so.1 (0x00007f113d69c000)
	libexpat.so.1 => /usr/lib/x86_64-linux-gnu/libexpat.so.1 (0x00007f113d66b000)
	libuuid.so.1 => /usr/lib/x86_64-linux-gnu/libuuid.so.1 (0x00007f113d662000)
	libwebp.so.7 => /usr/lib/x86_64-linux-gnu/libwebp.so.7 (0x00007f113d5f5000)
	libzstd.so.1 => /usr/lib/x86_64-linux-gnu/libzstd.so.1 (0x00007f113d526000)
	liblzma.so.5 => /usr/lib/x86_64-linux-gnu/liblzma.so.5 (0x00007f113d4f9000)
	libjbig.so.0 => /usr/lib/x86_64-linux-gnu/libjbig.so.0 (0x00007f113d4e8000)
	libdeflate.so.0 => /usr/lib/x86_64-linux-gnu/libdeflate.so.0 (0x00007f113d4c4000)
	libnssutil3.so => /usr/lib/x86_64-linux-gnu/libnssutil3.so (0x00007f113d491000)
	libplds4.so => /usr/lib/x86_64-linux-gnu/libplds4.so (0x00007f113d48c000)
	libbrotlicommon.so.1 => /usr/lib/x86_64-linux-gnu/libbrotlicommon.so.1 (0x00007f113d467000)
