{
  "builds": [
    {
      "actual_diagnostics": {
        "overfull": [],
        "rerun": [],
        "undefined": [],
        "underfull": [],
        "warnings": []
      },
      "directory": "cold_build_1",
      "embedded_fonts": 20,
      "pages": 4,
      "pdf": {
        "bytes": 280267,
        "sha256": "ca2e381904905939e121b7931641b050ba24657c16661df3bb5008c88c28884f"
      },
      "source_only_initial": {
        "main.tex": {
          "bytes": 915,
          "sha256": "d06e900162ef9c494aa333ed96215fa6778a18bf8cdae4add42998b3ab7b880d"
        },
        "math_commands.tex": {
          "bytes": 259,
          "sha256": "5ecde5278526e21542a4ca36488e10214a86f49fcad714e5f920c4ee4878b42a"
        },
        "references.bib": {
          "bytes": 1374,
          "sha256": "ffa49ec3e824f2307489796ae4cd5662098af25966a3086b97110486faf33be9"
        },
        "sections/00_abstract.tex": {
          "bytes": 1131,
          "sha256": "911a7308c903eed176c8f46e373c537c0e65c21fec9e79b754e817772c5cd1ab"
        },
        "sections/01_setup.tex": {
          "bytes": 3250,
          "sha256": "005beb35da0a457bf6c085daf8e294dc8c567d88f3a35b04ca7e88da1dc8374a"
        },
        "sections/02_recurrence.tex": {
          "bytes": 5504,
          "sha256": "f05481b35728034e432a0ace5431eed4a4722ab64377502ff06424fc26955032"
        },
        "sections/03_inverse.tex": {
          "bytes": 3689,
          "sha256": "2609d241d89e0d9e93a7eedc9235192667f26f49220d9fc041cfec9f46aaf2d5"
        },
        "sections/04_scope.tex": {
          "bytes": 1405,
          "sha256": "b76185c375a38047243457f9f317a5394602e32c8f394dd06c490af550b67343"
        }
      }
    },
    {
      "actual_diagnostics": {
        "overfull": [],
        "rerun": [],
        "undefined": [],
        "underfull": [],
        "warnings": []
      },
      "directory": "cold_build_2",
      "embedded_fonts": 20,
      "pages": 4,
      "pdf": {
        "bytes": 280267,
        "sha256": "ca2e381904905939e121b7931641b050ba24657c16661df3bb5008c88c28884f"
      },
      "source_only_initial": {
        "main.tex": {
          "bytes": 915,
          "sha256": "d06e900162ef9c494aa333ed96215fa6778a18bf8cdae4add42998b3ab7b880d"
        },
        "math_commands.tex": {
          "bytes": 259,
          "sha256": "5ecde5278526e21542a4ca36488e10214a86f49fcad714e5f920c4ee4878b42a"
        },
        "references.bib": {
          "bytes": 1374,
          "sha256": "ffa49ec3e824f2307489796ae4cd5662098af25966a3086b97110486faf33be9"
        },
        "sections/00_abstract.tex": {
          "bytes": 1131,
          "sha256": "911a7308c903eed176c8f46e373c537c0e65c21fec9e79b754e817772c5cd1ab"
        },
        "sections/01_setup.tex": {
          "bytes": 3250,
          "sha256": "005beb35da0a457bf6c085daf8e294dc8c567d88f3a35b04ca7e88da1dc8374a"
        },
        "sections/02_recurrence.tex": {
          "bytes": 5504,
          "sha256": "f05481b35728034e432a0ace5431eed4a4722ab64377502ff06424fc26955032"
        },
        "sections/03_inverse.tex": {
          "bytes": 3689,
          "sha256": "2609d241d89e0d9e93a7eedc9235192667f26f49220d9fc041cfec9f46aaf2d5"
        },
        "sections/04_scope.tex": {
          "bytes": 1405,
          "sha256": "b76185c375a38047243457f9f317a5394602e32c8f394dd06c490af550b67343"
        }
      }
    }
  ],
  "configuration_count": 1822,
  "consumed_tex_count": 131,
  "failures": [],
  "input_count": 7525,
  "resolved_link_file_count": 109,
  "runtime_count": 2254,
  "status": "PASS_P209_TERMINAL_BUILD_PAIR_NOT_VIEWED",
  "tex_inventory_count": 113710
}
