{
  "assertions": 474763,
  "boxes": [
    {
      "core": 32,
      "cycle_counts": {
        "1": 32
      },
      "first_maximum_fibre_target": 15625,
      "image": 110,
      "image_widths": [
        15626,
        110,
        44,
        32
      ],
      "longest_cycle": [
        310
      ],
      "mapping_sha256": "d7b0822485bc92f1b048470ba0463feb7681e8fda6f29e32646b92e52be6739e",
      "maximum_fibre": 10426,
      "maximum_fibre_target_count": 1,
      "maximum_tail": 3,
      "maximum_tail_orbit": [
        782,
        2071,
        1183,
        15625
      ],
      "params": {
        "cols": 3,
        "p": 5,
        "rows": 2
      },
      "rule": "SNC",
      "sink_encoding": 15625,
      "sink_fibre": 10426,
      "states": 15626
    },
    {
      "core": 86,
      "cycle_counts": {
        "1": 56,
        "2": 15
      },
      "first_maximum_fibre_target": 117649,
      "image": 320,
      "image_widths": [
        117650,
        320,
        158,
        98,
        86
      ],
      "longest_cycle": [
        3541,
        9404
      ],
      "mapping_sha256": "6ed4ae1be11947ed082368ea63d9f94d2952d73f77d98b29555f74bed8128003",
      "maximum_fibre": 62966,
      "maximum_fibre_target_count": 1,
      "maximum_tail": 4,
      "maximum_tail_orbit": [
        3159,
        14192,
        10081,
        4225,
        117649
      ],
      "params": {
        "cols": 3,
        "p": 7,
        "rows": 2
      },
      "rule": "SNC",
      "sink_encoding": 117649,
      "sink_fibre": 62966,
      "states": 117650
    },
    {
      "core": 1,
      "cycle_counts": {
        "1": 1
      },
      "first_maximum_fibre_target": 0,
      "image": 1,
      "image_widths": [
        2,
        1
      ],
      "longest_cycle": [
        0
      ],
      "mapping_sha256": "3d5812abc84c11768aa73a732c85d75dbed439188f5bb3239e9b762ea31d9862",
      "maximum_fibre": 2,
      "maximum_fibre_target_count": 1,
      "maximum_tail": 1,
      "maximum_tail_orbit": [
        1,
        0
      ],
      "params": {
        "d": 0,
        "p": 3
      },
      "rule": "RCI",
      "states": 2
    },
    {
      "core": 4,
      "cycle_counts": {
        "1": 4
      },
      "first_maximum_fibre_target": 0,
      "image": 4,
      "image_widths": [
        8,
        4
      ],
      "longest_cycle": [
        0
      ],
      "mapping_sha256": "5c138574d10164ee0460622922e55f1ca51ac554e6b3619b17312e678ff274a4",
      "maximum_fibre": 5,
      "maximum_fibre_target_count": 1,
      "maximum_tail": 1,
      "maximum_tail_orbit": [
        1,
        0
      ],
      "params": {
        "d": 1,
        "p": 3
      },
      "rule": "RCI",
      "states": 8
    },
    {
      "core": 100,
      "cycle_counts": {
        "1": 100
      },
      "first_maximum_fibre_target": 0,
      "image": 202,
      "image_widths": [
        512,
        202,
        100
      ],
      "longest_cycle": [
        0
      ],
      "mapping_sha256": "54c6e65b106c52c49b5eb3434d5cfb7428d017313c955daf97f36816addc145c",
      "maximum_fibre": 179,
      "maximum_fibre_target_count": 1,
      "maximum_tail": 2,
      "maximum_tail_orbit": [
        15,
        385,
        0
      ],
      "params": {
        "d": 2,
        "p": 3
      },
      "rule": "RCI",
      "states": 512
    },
    {
      "core": 16,
      "cycle_counts": {
        "1": 16
      },
      "first_maximum_fibre_target": 0,
      "image": 16,
      "image_widths": [
        32,
        16
      ],
      "longest_cycle": [
        0
      ],
      "mapping_sha256": "fbf7c9124ab8129849de42fce4649fd08fee5eb1fcdc6f4219a0f3cccfef2336",
      "maximum_fibre": 7,
      "maximum_fibre_target_count": 1,
      "maximum_tail": 1,
      "maximum_tail_orbit": [
        1,
        0
      ],
      "params": {
        "d": 1,
        "p": 5
      },
      "rule": "RCI",
      "states": 32
    },
    {
      "core": 64,
      "cycle_counts": {
        "1": 36,
        "2": 14
      },
      "first_maximum_fibre_target": 0,
      "image": 64,
      "image_widths": [
        128,
        64
      ],
      "longest_cycle": [
        3,
        68
      ],
      "mapping_sha256": "2e1b7dd19568aa2f58fdb1908ab3ee02143a3c034fa2fa1b3cf5638c0d4882b9",
      "maximum_fibre": 9,
      "maximum_fibre_target_count": 1,
      "maximum_tail": 1,
      "maximum_tail_orbit": [
        1,
        0
      ],
      "params": {
        "d": 1,
        "p": 7
      },
      "rule": "RCI",
      "states": 128
    },
    {
      "core": 694,
      "cycle_counts": {
        "1": 100,
        "2": 143,
        "20": 11,
        "22": 4
      },
      "first_maximum_fibre_target": 0,
      "image": 804,
      "image_widths": [
        2048,
        804,
        694
      ],
      "longest_cycle": [
        95,
        429,
        190,
        858,
        380,
        1716,
        760,
        1385,
        1520,
        723,
        993,
        1446,
        1986,
        845,
        1925,
        1690,
        1803,
        1333,
        1559,
        619,
        1071,
        1238
      ],
      "mapping_sha256": "817e609507e1b4224c4fb55226f28e0e7ec70a927ba3a83120bf72f5b96cc94a",
      "maximum_fibre": 13,
      "maximum_fibre_target_count": 1,
      "maximum_tail": 2,
      "maximum_tail_orbit": [
        11,
        1156,
        72
      ],
      "params": {
        "d": 1,
        "p": 11
      },
      "rule": "RCI",
      "states": 2048
    },
    {
      "core": 1,
      "cycle_counts": {
        "1": 1
      },
      "first_maximum_fibre_target": 0,
      "image": 1,
      "image_widths": [
        1
      ],
      "longest_cycle": [
        0
      ],
      "mapping_sha256": "d0bca111f8628137adc4c16f123496dcdd1d590d06cb5d9acd68b39fe656fb97",
      "maximum_fibre": 1,
      "maximum_fibre_target_count": 1,
      "maximum_tail": 0,
      "maximum_tail_orbit": [
        0
      ],
      "params": {
        "n": 0
      },
      "rule": "RRM",
      "states": 1
    },
    {
      "core": 1,
      "cycle_counts": {
        "1": 1
      },
      "deducted_leftoid_count": 1,
      "first_maximum_fibre_target": 0,
      "image": 1,
      "image_widths": [
        1
      ],
      "longest_cycle": [
        0
      ],
      "mapping_sha256": "d0bca111f8628137adc4c16f123496dcdd1d590d06cb5d9acd68b39fe656fb97",
      "maximum_fibre": 1,
      "maximum_fibre_target_count": 1,
      "maximum_tail": 0,
      "maximum_tail_orbit": [
        0
      ],
      "params": {
        "n": 1
      },
      "rule": "RRM",
      "states": 1
    },
    {
      "core": 5,
      "cycle_counts": {
        "1": 5
      },
      "deducted_leftoid_count": 4,
      "first_maximum_fibre_target": 3,
      "image": 9,
      "image_widths": [
        16,
        9,
        5
      ],
      "longest_cycle": [
        0
      ],
      "mapping_sha256": "ada6c436062aea82d40182549c6c3280346c063fd75f7837c192c0930cbda20d",
      "maximum_fibre": 5,
      "maximum_fibre_target_count": 1,
      "maximum_tail": 2,
      "maximum_tail_orbit": [
        6,
        5,
        3
      ],
      "params": {
        "n": 2
      },
      "rule": "RRM",
      "states": 16
    },
    {
      "core": 256,
      "cycle_counts": {
        "1": 174,
        "2": 41
      },
      "deducted_leftoid_count": 27,
      "first_maximum_fibre_target": 377,
      "image": 5096,
      "image_widths": [
        19683,
        5096,
        1674,
        689,
        394,
        292,
        256
      ],
      "longest_cycle": [
        1053,
        1066
      ],
      "mapping_sha256": "07234404568b4cc42f4703588d0c4399741d73eff27b0d39d9ca5a27bc88ac41",
      "maximum_fibre": 136,
      "maximum_fibre_target_count": 1,
      "maximum_tail": 6,
      "maximum_tail_orbit": [
        1882,
        1959,
        1217,
        1472,
        731,
        14,
        2
      ],
      "params": {
        "n": 3
      },
      "rule": "RRM",
      "states": 19683
    }
  ],
  "schema": "fourteenth-author-pilot-v1"
}
