	linux-vdso.so.1 (0x00007ffe61394000)
	libpoppler.so.118 => /usr/lib/x86_64-linux-gnu/libpoppler.so.118 (0x00007f0029a23000)
	liblcms2.so.2 => /usr/lib/x86_64-linux-gnu/liblcms2.so.2 (0x00007f00299c1000)
	libstdc++.so.6 => /usr/lib/x86_64-linux-gnu/libstdc++.so.6 (0x00007f0029795000)
	libm.so.6 => /usr/lib/x86_64-linux-gnu/libm.so.6 (0x00007f00296ae000)
	libc.so.6 => /usr/lib/x86_64-linux-gnu/libc.so.6 (0x00007f0029485000)
	libfreetype.so.6 => /usr/lib/x86_64-linux-gnu/libfreetype.so.6 (0x00007f00293bb000)
	libfontconfig.so.1 => /usr/lib/x86_64-linux-gnu/libfontconfig.so.1 (0x00007f0029371000)
	libjpeg.so.8 => /usr/lib/x86_64-linux-gnu/libjpeg.so.8 (0x00007f00292f0000)
	libz.so.1 => /usr/lib/x86_64-linux-gnu/libz.so.1 (0x00007f00292d4000)
	libopenjp2.so.7 => /usr/lib/x86_64-linux-gnu/libopenjp2.so.7 (0x00007f002927c000)
	libpng16.so.16 => /usr/lib/x86_64-linux-gnu/libpng16.so.16 (0x00007f0029241000)
	libtiff.so.5 => /usr/lib/x86_64-linux-gnu/libtiff.so.5 (0x00007f00291b7000)
	libnss3.so => /usr/lib/x86_64-linux-gnu/libnss3.so (0x00007f0029086000)
	libsmime3.so => /usr/lib/x86_64-linux-gnu/libsmime3.so (0x00007f002905c000)
	libplc4.so => /usr/lib/x86_64-linux-gnu/libplc4.so (0x00007f0029055000)
	libnspr4.so => /usr/lib/x86_64-linux-gnu/libnspr4.so (0x00007f0029015000)
	/lib64/ld-linux-x86-64.so.2 (0x00007f0029d9a000)
	libgcc_s.so.1 => /usr/lib/x86_64-linux-gnu/libgcc_s.so.1 (0x00007f0028ff5000)
	libbrotlidec.so.1 => /usr/lib/x86_64-linux-gnu/libbrotlidec.so.1 (0x00007f0028fe5000)
	libexpat.so.1 => /usr/lib/x86_64-linux-gnu/libexpat.so.1 (0x00007f0028fb4000)
	libuuid.so.1 => /usr/lib/x86_64-linux-gnu/libuuid.so.1 (0x00007f0028fab000)
	libwebp.so.7 => /usr/lib/x86_64-linux-gnu/libwebp.so.7 (0x00007f0028f3e000)
	libzstd.so.1 => /usr/lib/x86_64-linux-gnu/libzstd.so.1 (0x00007f0028e6f000)
	liblzma.so.5 => /usr/lib/x86_64-linux-gnu/liblzma.so.5 (0x00007f0028e42000)
	libjbig.so.0 => /usr/lib/x86_64-linux-gnu/libjbig.so.0 (0x00007f0028e31000)
	libdeflate.so.0 => /usr/lib/x86_64-linux-gnu/libdeflate.so.0 (0x00007f0028e0d000)
	libnssutil3.so => /usr/lib/x86_64-linux-gnu/libnssutil3.so (0x00007f0028dda000)
	libplds4.so => /usr/lib/x86_64-linux-gnu/libplds4.so (0x00007f0028dd5000)
	libbrotlicommon.so.1 => /usr/lib/x86_64-linux-gnu/libbrotlicommon.so.1 (0x00007f0028db0000)
