{
  "assertions": 118044,
  "records": [
    {
      "distance_fibre_histogram": {
        "0": 17,
        "2": 6,
        "3": 1,
        "4": 3
      },
      "n": 3,
      "realizable_distances": 10,
      "states": 27,
      "target_count_vector_sha256": "250022d4f19ac8240f3ea7bc2c3eb239f8ace44ba0e50dd5b740ded726550ff1"
    },
    {
      "distance_fibre_histogram": {
        "0": 50,
        "2": 23,
        "3": 1,
        "4": 6,
        "8": 1
      },
      "n": 4,
      "realizable_distances": 31,
      "states": 81,
      "target_count_vector_sha256": "cdddd62ddc53f8a11925216f09e298dcd23f3b18ba17baa93819371af2394204"
    },
    {
      "distance_fibre_histogram": {
        "0": 152,
        "2": 70,
        "3": 1,
        "4": 15,
        "8": 5
      },
      "n": 5,
      "realizable_distances": 91,
      "states": 243,
      "target_count_vector_sha256": "999bbb590e7f2d20e92df01aa6c1d8caae0a208e1a4f746441b29db3f1add66a"
    },
    {
      "distance_fibre_histogram": {
        "0": 471,
        "2": 187,
        "3": 1,
        "4": 54,
        "8": 15,
        "16": 1
      },
      "n": 6,
      "realizable_distances": 258,
      "states": 729,
      "target_count_vector_sha256": "1715b00fe3d5937fa4daf2e69b91ea1f2b5e09c38daf268f145213cc9c3a8c3b"
    },
    {
      "distance_fibre_histogram": {
        "0": 1472,
        "2": 462,
        "3": 1,
        "4": 203,
        "8": 42,
        "16": 7
      },
      "n": 7,
      "realizable_distances": 715,
      "states": 2187,
      "target_count_vector_sha256": "0bda76a5c9eeb499a29df3801c5b52a736ea8f95bc3e9749dfa3b5404e899180"
    },
    {
      "distance_fibre_histogram": {
        "0": 4610,
        "2": 1087,
        "3": 1,
        "4": 692,
        "8": 142,
        "16": 28,
        "32": 1
      },
      "n": 8,
      "realizable_distances": 1951,
      "states": 6561,
      "target_count_vector_sha256": "771293b72922084052fde5cd1422127e22dbd1825cccc717a7cef7a65f5623d8"
    },
    {
      "distance_fibre_histogram": {
        "0": 14417,
        "2": 2478,
        "3": 1,
        "4": 2133,
        "8": 552,
        "16": 93,
        "32": 9
      },
      "n": 9,
      "realizable_distances": 5266,
      "states": 19683,
      "target_count_vector_sha256": "4942c597c7b29c9b3a328c930d208022592ba06c7d9e34af76931f866e863e39"
    }
  ],
  "status": "PASS"
}
