Rc files read:
  /etc/LatexMk
Latexmk: This is Latexmk, John Collins, 20 November 2021, version: 4.76.
Rule 'pdflatex': File changes, etc:
   Changed files, or newly in use since previous run(s):
      'main.tex'
------------
Run number 1 of rule 'pdflatex'
------------
------------
Running 'pdflatex  -interaction=nonstopmode -halt-on-error -recorder -output-directory="build_baseline"  "main.tex"'
------------
Latexmk: applying rule 'pdflatex'...
This is pdfTeX, Version 3.141592653-2.6-1.40.22 (TeX Live 2022/dev/Debian) (preloaded format=pdflatex)
 restricted \write18 enabled.
entering extended mode
(./main.tex
LaTeX2e <2021-11-15> patch level 1
L3 programming layer <2022-01-21>
(/usr/share/texlive/texmf-dist/tex/latex/base/article.cls
Document Class: article 2021/10/04 v1.4n Standard LaTeX document class
(/usr/share/texlive/texmf-dist/tex/latex/base/size11.clo))
(/usr/share/texlive/texmf-dist/tex/latex/geometry/geometry.sty
(/usr/share/texlive/texmf-dist/tex/latex/graphics/keyval.sty)
(/usr/share/texlive/texmf-dist/tex/generic/iftex/ifvtex.sty
(/usr/share/texlive/texmf-dist/tex/generic/iftex/iftex.sty)))
(/usr/share/texlive/texmf-dist/tex/latex/base/fontenc.sty)
(/usr/share/texmf/tex/latex/lm/lmodern.sty)
(/usr/share/texlive/texmf-dist/tex/latex/amsmath/amsmath.sty
For additional information on amsmath, use the `?' option.
(/usr/share/texlive/texmf-dist/tex/latex/amsmath/amstext.sty
(/usr/share/texlive/texmf-dist/tex/latex/amsmath/amsgen.sty))
(/usr/share/texlive/texmf-dist/tex/latex/amsmath/amsbsy.sty)
(/usr/share/texlive/texmf-dist/tex/latex/amsmath/amsopn.sty))
(/usr/share/texlive/texmf-dist/tex/latex/amsfonts/amssymb.sty
(/usr/share/texlive/texmf-dist/tex/latex/amsfonts/amsfonts.sty))
(/usr/share/texlive/texmf-dist/tex/latex/amscls/amsthm.sty)
(/usr/share/texlive/texmf-dist/tex/latex/mathtools/mathtools.sty
(/usr/share/texlive/texmf-dist/tex/latex/tools/calc.sty)
(/usr/share/texlive/texmf-dist/tex/latex/mathtools/mhsetup.sty))
(/usr/share/texlive/texmf-dist/tex/latex/booktabs/booktabs.sty)
(/usr/share/texlive/texmf-dist/tex/latex/tools/longtable.sty)
(/usr/share/texlive/texmf-dist/tex/latex/tools/array.sty)
(/usr/share/texlive/texmf-dist/tex/latex/natbib/natbib.sty)
(/usr/share/texlive/texmf-dist/tex/latex/listings/listings.sty
(/usr/share/texlive/texmf-dist/tex/latex/listings/lstmisc.sty)
(/usr/share/texlive/texmf-dist/tex/latex/listings/listings.cfg))
(/usr/share/texlive/texmf-dist/tex/latex/xcolor/xcolor.sty
(/usr/share/texlive/texmf-dist/tex/latex/graphics-cfg/color.cfg)
(/usr/share/texlive/texmf-dist/tex/latex/graphics-def/pdftex.def))
(/usr/share/texlive/texmf-dist/tex/latex/hyperref/hyperref.sty
(/usr/share/texlive/texmf-dist/tex/generic/ltxcmds/ltxcmds.sty)
(/usr/share/texlive/texmf-dist/tex/generic/pdftexcmds/pdftexcmds.sty
(/usr/share/texlive/texmf-dist/tex/generic/infwarerr/infwarerr.sty))
(/usr/share/texlive/texmf-dist/tex/generic/kvsetkeys/kvsetkeys.sty)
(/usr/share/texlive/texmf-dist/tex/generic/kvdefinekeys/kvdefinekeys.sty)
(/usr/share/texlive/texmf-dist/tex/generic/pdfescape/pdfescape.sty)
(/usr/share/texlive/texmf-dist/tex/latex/hycolor/hycolor.sty)
(/usr/share/texlive/texmf-dist/tex/latex/letltxmacro/letltxmacro.sty)
(/usr/share/texlive/texmf-dist/tex/latex/auxhook/auxhook.sty)
(/usr/share/texlive/texmf-dist/tex/latex/kvoptions/kvoptions.sty)
(/usr/share/texlive/texmf-dist/tex/latex/hyperref/pd1enc.def)
(/usr/share/texlive/texmf-dist/tex/latex/hyperref/hyperref-langpatches.def)
(/usr/share/texlive/texmf-dist/tex/generic/intcalc/intcalc.sty)
(/usr/share/texlive/texmf-dist/tex/generic/etexcmds/etexcmds.sty)
(/usr/share/texlive/texmf-dist/tex/latex/hyperref/puenc.def)
(/usr/share/texlive/texmf-dist/tex/latex/url/url.sty)
(/usr/share/texlive/texmf-dist/tex/generic/bitset/bitset.sty
(/usr/share/texlive/texmf-dist/tex/generic/bigintcalc/bigintcalc.sty))
(/usr/share/texlive/texmf-dist/tex/latex/base/atbegshi-ltx.sty))
(/usr/share/texlive/texmf-dist/tex/latex/hyperref/hpdftex.def
(/usr/share/texlive/texmf-dist/tex/latex/base/atveryend-ltx.sty)
(/usr/share/texlive/texmf-dist/tex/latex/rerunfilecheck/rerunfilecheck.sty
(/usr/share/texlive/texmf-dist/tex/generic/uniquecounter/uniquecounter.sty)))
(./math_commands.tex
(/usr/share/texlive/texmf-dist/tex/latex/listings/lstlang1.sty))
(/usr/share/texmf/tex/latex/lm/t1lmr.fd)
(/usr/share/texlive/texmf-dist/tex/latex/l3backend/l3backend-pdftex.def)
(build_baseline/main.aux)
*geometry* driver: auto-detecting
*geometry* detected driver: pdftex
(/usr/share/texlive/texmf-dist/tex/latex/graphics/graphicx.sty
(/usr/share/texlive/texmf-dist/tex/latex/graphics/graphics.sty
(/usr/share/texlive/texmf-dist/tex/latex/graphics/trig.sty)
(/usr/share/texlive/texmf-dist/tex/latex/graphics-cfg/graphics.cfg)))
(/usr/share/texlive/texmf-dist/tex/context/base/mkii/supp-pdf.mkii
[Loading MPS to PDF converter (version 2006.09.02).]
) (/usr/share/texlive/texmf-dist/tex/latex/epstopdf-pkg/epstopdf-base.sty
(/usr/share/texlive/texmf-dist/tex/latex/latexconfig/epstopdf-sys.cfg))
(/usr/share/texlive/texmf-dist/tex/latex/hyperref/nameref.sty
(/usr/share/texlive/texmf-dist/tex/latex/refcount/refcount.sty)
(/usr/share/texlive/texmf-dist/tex/generic/gettitlestring/gettitlestring.sty))
(/usr/share/texmf/tex/latex/lm/ot1lmr.fd)
(/usr/share/texmf/tex/latex/lm/omllmm.fd)
(/usr/share/texmf/tex/latex/lm/omslmsy.fd)
(/usr/share/texmf/tex/latex/lm/omxlmex.fd)
(/usr/share/texlive/texmf-dist/tex/latex/amsfonts/umsa.fd)
(/usr/share/texlive/texmf-dist/tex/latex/amsfonts/umsb.fd)
(./sections/00_abstract.tex) (./sections/01_introduction.tex

Package natbib Warning: Citation `cantatLoray2009' on page 1 undefined on input
 line 37.


Package natbib Warning: Citation `robertsBaake1994' on page 1 undefined on inpu
t line 40.


Package natbib Warning: Citation `roberts1996' on page 1 undefined on input lin
e 42.


Package natbib Warning: Citation `priorIntegralTrace' on page 1 undefined on in
put line 44.

[1{/var/lib/texmf/fonts/map/pdftex/updmap/pdftex.map}]

Package natbib Warning: Citation `cantatLoray2009' on page 2 undefined on input
 line 51.


Package natbib Warning: Citation `humphries2016' on page 2 undefined on input l
ine 53.


Package natbib Warning: Citation `hone2006' on page 2 undefined on input line 5
9.


LaTeX Warning: Reference `eq:map' on page 2 undefined on input line 61.


LaTeX Warning: Reference `tab:ownership' on page 2 undefined on input line 67.

(./figures/TABLE_ownership.tex
Underfull \hbox (badness 10000) in paragraph at lines 19--19
[]|\T1/lmr/m/n/10 Multiplicative-parameter re-
)

LaTeX Warning: Reference `sec:classification' on page 2 undefined on input line
 72.


LaTeX Warning: Reference `sec:differences' on page 2 undefined on input line 73
.


LaTeX Warning: Reference `sec:large' on page 2 undefined on input line 73.


LaTeX Warning: Reference `sec:finite' on page 2 undefined on input line 74.


LaTeX Warning: Reference `sec:least' on page 2 undefined on input line 76.


LaTeX Warning: Reference `sec:counts' on page 2 undefined on input line 77.


LaTeX Warning: Reference `app:certificate' on page 2 undefined on input line 79
.

) (./sections/02_classification.tex

LaTeX Warning: Reference `eq:map' on page 2 undefined on input line 4.


Overfull \hbox (30.16414pt too wide) in paragraph at lines 14--17
[]\T1/lmr/m/n/10.95 A re-peated scalar word $\OML/lmm/m/it/10.95 w \OT1/lmr/m/n
/10.95 = (\OML/lmm/m/it/10.95 w[]; [] ; w[]\OT1/lmr/m/n/10.95 )$ \T1/lmr/m/n/10
.95 de-scribes the or-bit of its con-sec-u-tive triples $\OT1/lmr/m/n/10.95 (\O
ML/lmm/m/it/10.95 w[]; w[]; w[]\OT1/lmr/m/n/10.95 )$\T1/lmr/m/n/10.95 ,
[2]

LaTeX Warning: Reference `eq:map' on page 3 undefined on input line 25.


LaTeX Warning: Reference `eq:inverse' on page 3 undefined on input line 25.


LaTeX Warning: Reference `tab:classification' on page 3 undefined on input line
 34.

(./figures/TABLE_classification.tex

Package longtable Warning: Column widths have changed
(longtable)                in table 2 on input line 32.

)

LaTeX Warning: Reference `sec:finite' on page 3 undefined on input line 60.

) (./sections/03_differences.tex

LaTeX Warning: Reference `eq:scalar' on page 3 undefined on input line 5.

[3]

LaTeX Warning: Reference `eq:key' on page 4 undefined on input line 17.


LaTeX Warning: Reference `eq:scalar' on page 4 undefined on input line 20.


LaTeX Warning: Reference `eq:alternating' on page 4 undefined on input line 41.



LaTeX Warning: Reference `eq:key' on page 4 undefined on input line 56.


LaTeX Warning: Reference `eq:key' on page 4 undefined on input line 63.

) (./sections/04_large_difference.tex

LaTeX Warning: Reference `tab:classification' on page 4 undefined on input line
 9.


LaTeX Warning: Reference `eq:key' on page 4 undefined on input line 19.


LaTeX Warning: Reference `eq:key' on page 4 undefined on input line 30.

[4]

Package hyperref Warning: Token not allowed in a PDF string (Unicode):
(hyperref)                removing `math shift' on input line 36.


Package hyperref Warning: Token not allowed in a PDF string (Unicode):
(hyperref)                removing `math shift' on input line 36.


LaTeX Warning: Reference `eq:key' on page 5 undefined on input line 52.


Package hyperref Warning: Token not allowed in a PDF string (Unicode):
(hyperref)                removing `math shift' on input line 98.


Package hyperref Warning: Token not allowed in a PDF string (Unicode):
(hyperref)                removing `math shift' on input line 98.

[5]

Package hyperref Warning: Token not allowed in a PDF string (Unicode):
(hyperref)                removing `math shift' on input line 113.


Package hyperref Warning: Token not allowed in a PDF string (Unicode):
(hyperref)                removing `math shift' on input line 113.


LaTeX Warning: Reference `eq:key' on page 6 undefined on input line 124.


Package hyperref Warning: Token not allowed in a PDF string (Unicode):
(hyperref)                removing `math shift' on input line 148.


Package hyperref Warning: Token not allowed in a PDF string (Unicode):
(hyperref)                removing `math shift' on input line 148.

[6]

LaTeX Warning: Reference `eq:signed' on page 7 undefined on input line 199.


LaTeX Warning: Reference `prop:large' on page 7 undefined on input line 206.


LaTeX Warning: Reference `lem:zero' on page 7 undefined on input line 220.


LaTeX Warning: Reference `prop:large' on page 7 undefined on input line 220.


LaTeX Warning: Reference `lem:height' on page 7 undefined on input line 221.

) (./sections/05_finite_certificate.tex

LaTeX Warning: Reference `app:certificate' on page 7 undefined on input line 8.


[7]

LaTeX Warning: Reference `tab:classification' on page 8 undefined on input line
 44.


LaTeX Warning: Reference `eq:core' on page 8 undefined on input line 52.


LaTeX Warning: Reference `eq:key' on page 8 undefined on input line 60.


LaTeX Warning: Reference `eq:seedbounds' on page 8 undefined on input line 62.


LaTeX Warning: Reference `eq:extremal' on page 8 undefined on input line 64.


LaTeX Warning: Reference `eq:reversor' on page 8 undefined on input line 67.

[8]

LaTeX Warning: Reference `lem:certificate' on page 9 undefined on input line 12
6.


LaTeX Warning: Reference `tab:certificate' on page 9 undefined on input line 16
3.

(./figures/TABLE_certificate.tex) [9]

LaTeX Warning: Reference `tab:certificate' on page 10 undefined on input line 1
86.


LaTeX Warning: Reference `cor:core' on page 10 undefined on input line 193.


LaTeX Warning: Reference `lem:certificate' on page 10 undefined on input line 1
93.

) (./sections/06_least_periods.tex

LaTeX Warning: Reference `tab:classification' on page 10 undefined on input lin
e 4.


LaTeX Warning: Reference `lem:zero' on page 10 undefined on input line 19.

[10]

LaTeX Warning: Reference `sec:finite' on page 11 undefined on input line 89.


LaTeX Warning: Reference `thm:classification' on page 11 undefined on input lin
e 90.

) (./sections/07_level_counts.tex

LaTeX Warning: Reference `eq:periodset' on page 11 undefined on input line 10.

[11]

LaTeX Warning: Reference `eq:period2quadratic' on page 12 undefined on input li
ne 62.


LaTeX Warning: Reference `eq:period4square' on page 12 undefined on input line 
77.


LaTeX Warning: Reference `eq:fixedcounts' on page 12 undefined on input line 12
3.


LaTeX Warning: Reference `eq:zeta' on page 12 undefined on input line 128.


LaTeX Warning: Reference `eq:fixedcounts' on page 12 undefined on input line 13
6.

) (./sections/08_scope.tex [12]

LaTeX Warning: Reference `app:certificate' on page 13 undefined on input line 2
4.


LaTeX Warning: Reference `eq:zeta' on page 13 undefined on input line 28.

) [13]
No file main.bbl.
(./sections/appendix_certificate.tex

LaTeX Warning: Reference `lem:certificate' on page 14 undefined on input line 9
.

(/usr/share/texmf/tex/latex/lm/t1lmtt.fd)

LaTeX Warning: Reference `sec:finite' on page 14 undefined on input line 15.


Overfull \hbox (114.97426pt too wide) in paragraph at lines 17--30
\T1/lmr/m/n/10.95 script: its pri-mary in-put di-rec-tory is \T1/lmtt/m/n/10.95
 integral_return/\T1/lmr/m/n/10.95 , and its own di-rec-tory is \T1/lmtt/m/n/10
.95 integral_return_review/finite_core/\T1/lmr/m/n/10.95 .
[14]

LaTeX Warning: Reference `sec:finite' on page 15 undefined on input line 75.

(./supplement/integral_return/certify_ir1_core.py

! LaTeX Error: Invalid UTF-8 byte sequence (Â\lst@EC§).

See the LaTeX manual or LaTeX Companion for explanation.
Type  H <return>  for immediate help.
 ...                                              
                                                  
l.6 ...mination argument are in IR1_PROOF.md, Â§4.
                                                  
!  ==> Fatal error occurred, no output PDF file produced!
Transcript written on build_baseline/main.log.
Latexmk: Missing bbl file 'build_baseline/main.bbl' in following:
 No file main.bbl.
Latexmk: List of undefined refs and citations:
  Citation `cantatLoray2009' on page 1 undefined on input line 37
  Citation `cantatLoray2009' on page 2 undefined on input line 51
  Citation `hone2006' on page 2 undefined on input line 59
  Citation `humphries2016' on page 2 undefined on input line 53
  Citation `priorIntegralTrace' on page 1 undefined on input line 44
  Citation `roberts1996' on page 1 undefined on input line 42
  Citation `robertsBaake1994' on page 1 undefined on input line 40
  Reference `app:certificate' on page 13 undefined on input line 24
  Reference `app:certificate' on page 2 undefined on input line 79
  Reference `app:certificate' on page 7 undefined on input line 8
  Reference `cor:core' on page 10 undefined on input line 193
  Reference `eq:alternating' on page 4 undefined on input line 41
  Reference `eq:core' on page 8 undefined on input line 52
  Reference `eq:extremal' on page 8 undefined on input line 64
  Reference `eq:fixedcounts' on page 12 undefined on input line 123
  Reference `eq:fixedcounts' on page 12 undefined on input line 136
  Reference `eq:inverse' on page 3 undefined on input line 25
  Reference `eq:key' on page 4 undefined on input line 17
  Reference `eq:key' on page 4 undefined on input line 19
  Reference `eq:key' on page 4 undefined on input line 30
  Reference `eq:key' on page 4 undefined on input line 56
  Reference `eq:key' on page 4 undefined on input line 63
  Reference `eq:key' on page 5 undefined on input line 52
  Reference `eq:key' on page 6 undefined on input line 124
  Reference `eq:key' on page 8 undefined on input line 60
  Reference `eq:map' on page 2 undefined on input line 4
  Reference `eq:map' on page 2 undefined on input line 61
  Reference `eq:map' on page 3 undefined on input line 25
  Reference `eq:period2quadratic' on page 12 undefined on input line 62
  Reference `eq:period4square' on page 12 undefined on input line 77
  Reference `eq:periodset' on page 11 undefined on input line 10
  Reference `eq:reversor' on page 8 undefined on input line 67
  Reference `eq:scalar' on page 3 undefined on input line 5
  Reference `eq:scalar' on page 4 undefined on input line 20
  Reference `eq:seedbounds' on page 8 undefined on input line 62
  Reference `eq:signed' on page 7 undefined on input line 199
  Reference `eq:zeta' on page 12 undefined on input line 128
  Reference `eq:zeta' on page 13 undefined on input line 28
  Reference `lem:certificate' on page 10 undefined on input line 193
  Reference `lem:certificate' on page 14 undefined on input line 9
  Reference `lem:certificate' on page 9 undefined on input line 126
  Reference `lem:height' on page 7 undefined on input line 221
  Reference `lem:zero' on page 10 undefined on input line 19
  Reference `lem:zero' on page 7 undefined on input line 220
  Reference `prop:large' on page 7 undefined on input line 206
  Reference `prop:large' on page 7 undefined on input line 220
  Reference `sec:classification' on page 2 undefined on input line 72
  Reference `sec:counts' on page 2 undefined on input line 77
  Reference `sec:differences' on page 2 undefined on input line 73
  Reference `sec:finite' on page 11 undefined on input line 89
  Reference `sec:finite' on page 14 undefined on input line 15
  Reference `sec:finite' on page 15 undefined on input line 75
  Reference `sec:finite' on page 2 undefined on input line 74
  Reference `sec:finite' on page 3 undefined on input line 60
  Reference `sec:large' on page 2 undefined on input line 73
  Reference `sec:least' on page 2 undefined on input line 76
  Reference `tab:certificate' on page 10 undefined on input line 186
  Reference `tab:certificate' on page 9 undefined on input line 163
  Reference `tab:classification' on page 10 undefined on input line 4
  Reference `tab:classification' on page 3 undefined on input line 34
  Reference `tab:classification' on page 4 undefined on input line 9
  Reference `tab:classification' on page 8 undefined on input line 44
  Reference `tab:ownership' on page 2 undefined on input line 67
  Reference `thm:classification' on page 11 undefined on input line 90
Latexmk: Examining 'build_baseline/main.log'
=== TeX engine is 'pdfTeX'
Latexmk: Found bibliography file(s) [references.bib]
Latexmk: Summary of warnings from last run of *latex:
  Latex failed to resolve 59 reference(s)
  Latex failed to resolve 7 citation(s)
Collected error summary (may duplicate other messages):
  pdflatex: Command for 'pdflatex' gave return code 1
      Refer to 'build_baseline/main.log' for details
Latexmk: Use the -f option to force complete processing,
 unless error was exceeding maximum runs, or warnings treated as errors.
Latexmk: Errors, so I did not complete making targets
