main.tex: OK
math_commands.tex: OK
references.bib: OK
sections/0_abstract.tex: OK
sections/1_introduction.tex: OK
sections/2_sources.tex: OK
sections/3_global_secant.tex: OK
sections/4_large_graphs.tex: OK
sections/5_finite_complement.tex: OK
sections/6_templates.tex: OK
sections/7_equality_returns.tex: OK
sections/8_conclusion.tex: OK
sections/A_certificate.tex: OK
cmp source/pass_a exit 0: main.tex
cmp source/pass_b exit 0: main.tex
cmp source/pass_a exit 0: math_commands.tex
cmp source/pass_b exit 0: math_commands.tex
cmp source/pass_a exit 0: references.bib
cmp source/pass_b exit 0: references.bib
cmp source/pass_a exit 0: sections/0_abstract.tex
cmp source/pass_b exit 0: sections/0_abstract.tex
cmp source/pass_a exit 0: sections/1_introduction.tex
cmp source/pass_b exit 0: sections/1_introduction.tex
cmp source/pass_a exit 0: sections/2_sources.tex
cmp source/pass_b exit 0: sections/2_sources.tex
cmp source/pass_a exit 0: sections/3_global_secant.tex
cmp source/pass_b exit 0: sections/3_global_secant.tex
cmp source/pass_a exit 0: sections/4_large_graphs.tex
cmp source/pass_b exit 0: sections/4_large_graphs.tex
cmp source/pass_a exit 0: sections/5_finite_complement.tex
cmp source/pass_b exit 0: sections/5_finite_complement.tex
cmp source/pass_a exit 0: sections/6_templates.tex
cmp source/pass_b exit 0: sections/6_templates.tex
cmp source/pass_a exit 0: sections/7_equality_returns.tex
cmp source/pass_b exit 0: sections/7_equality_returns.tex
cmp source/pass_a exit 0: sections/8_conclusion.tex
cmp source/pass_b exit 0: sections/8_conclusion.tex
cmp source/pass_a exit 0: sections/A_certificate.tex
cmp source/pass_b exit 0: sections/A_certificate.tex
cmp pass_a/pass_b PDF exit 0
cmp delivered/pass_a PDF exit 0
