name                                 type              encoding         emb sub uni object ID
------------------------------------ ----------------- ---------------- --- --- --- ---------
VKEAZM+LMRoman10-Bold                Type 1            Custom           yes yes yes     46  0
ZSIUWE+LMRoman8-Regular              Type 1            Custom           yes yes yes     47  0
ZXYYDJ+LMRomanCaps10-Regular         Type 1            Custom           yes yes yes     48  0
ZSIUWE+LMRoman8-Regular              Type 1            Custom           yes yes yes     49  0
LYXDLJ+LMMathItalic8-Regular         Type 1            Custom           yes yes yes     50  0
SIISXP+LMMathSymbols8-Regular        Type 1            Custom           yes yes yes     51  0
XKAWGP+LMMathItalic6-Regular         Type 1            Custom           yes yes yes     52  0
ONAHZY+LMMathSymbols6-Regular        Type 1            Custom           yes yes yes     53  0
HMGQKW+LMRoman6-Regular              Type 1            Custom           yes yes yes     54  0
OVQPVQ+LMRoman10-Regular             Type 1            Custom           yes yes yes     55  0
XATDAH+LMMathItalic10-Regular        Type 1            Custom           yes yes yes     56  0
XOZKSW+LMMathSymbols10-Regular       Type 1            Custom           yes yes yes     57  0
OVQPVQ+LMRoman10-Regular             Type 1            Custom           yes yes yes     58  0
HLCLDB+LMMathItalic7-Regular         Type 1            Custom           yes yes yes     59  0
UNXIBE+LMRoman7-Regular              Type 1            Custom           yes yes yes     60  0
GQPFVD+LMRoman10-Italic              Type 1            Custom           yes yes yes     62  0
CIXFWA+LMMathSymbols7-Regular        Type 1            Custom           yes yes yes     63  0
JVSJEX+LMMathExtension10-Regular     Type 1            Custom           yes yes yes     64  0
DDQWLD+LMRoman8-Italic               Type 1            Custom           yes yes yes     66  0
UNXIBE+LMRoman7-Regular              Type 1            Custom           yes yes yes     67  0
TMHVPV+MSAM10                        Type 1            Builtin          yes yes yes     88  0
AERUWK+LMSans10-Regular              Type 1            Custom           yes yes yes    100  0
VKEAZM+LMRoman10-Bold                Type 1            Custom           yes yes yes    101  0
ULZEWH+MSBM10                        Type 1            Builtin          yes yes yes    103  0
GLNONY+LMRoman5-Regular              Type 1            Custom           yes yes yes    105  0
AWOCCS+LMMathItalic5-Regular         Type 1            Custom           yes yes yes    106  0
LMTITJ+LMMono10-Regular              Type 1            Custom           yes yes yes    180  0
