papers/207-upper-neighbor-rank-dynamics/frozen_round0/AUTHOR_EXECUTION.md: OK
papers/207-upper-neighbor-rank-dynamics/frozen_round0/AUTHOR_REPLAY.md: OK
papers/207-upper-neighbor-rank-dynamics/frozen_round0/CANONICAL.json: OK
papers/207-upper-neighbor-rank-dynamics/frozen_round0/CLAIMS_EVIDENCE.md: OK
papers/207-upper-neighbor-rank-dynamics/frozen_round0/INTEGRITY_REVIEW.md: OK
papers/207-upper-neighbor-rank-dynamics/frozen_round0/NARRATIVE_REPORT.md: OK
papers/207-upper-neighbor-rank-dynamics/frozen_round0/PAPER_PLAN.md: OK
papers/207-upper-neighbor-rank-dynamics/frozen_round0/PROOF_PACKAGE.md: OK
papers/207-upper-neighbor-rank-dynamics/frozen_round0/README.md: OK
papers/207-upper-neighbor-rank-dynamics/frozen_round0/ROUND0_BUILD_REPORT.md: OK
papers/207-upper-neighbor-rank-dynamics/frozen_round0/SHA256SUMS: OK
papers/207-upper-neighbor-rank-dynamics/frozen_round0/SOURCE_AUDIT.md: OK
papers/207-upper-neighbor-rank-dynamics/frozen_round0/author_replay/OWNED_MANIFEST.sha256: OK
papers/207-upper-neighbor-rank-dynamics/frozen_round0/author_replay/export_pair.py: OK
papers/207-upper-neighbor-rank-dynamics/frozen_round0/author_replay/export_pair_01/MANIFEST.sha256: OK
papers/207-upper-neighbor-rank-dynamics/frozen_round0/author_replay/export_pair_01/RECEIPT.json: OK
papers/207-upper-neighbor-rank-dynamics/frozen_round0/author_replay/export_pair_01/run1.canonical.cmp.stderr: OK
papers/207-upper-neighbor-rank-dynamics/frozen_round0/author_replay/export_pair_01/run1.canonical.cmp.stdout: OK
papers/207-upper-neighbor-rank-dynamics/frozen_round0/author_replay/export_pair_01/run1.original.cmp.stderr: OK
papers/207-upper-neighbor-rank-dynamics/frozen_round0/author_replay/export_pair_01/run1.original.cmp.stdout: OK
papers/207-upper-neighbor-rank-dynamics/frozen_round0/author_replay/export_pair_01/run2.canonical.cmp.stderr: OK
papers/207-upper-neighbor-rank-dynamics/frozen_round0/author_replay/export_pair_01/run2.canonical.cmp.stdout: OK
papers/207-upper-neighbor-rank-dynamics/frozen_round0/author_replay/export_pair_01/run2.original.cmp.stderr: OK
papers/207-upper-neighbor-rank-dynamics/frozen_round0/author_replay/export_pair_01/run2.original.cmp.stdout: OK
papers/207-upper-neighbor-rank-dynamics/frozen_round0/author_replay/initial_01/CANONICAL.input.json: OK
papers/207-upper-neighbor-rank-dynamics/frozen_round0/author_replay/initial_01/INPUT_PINS.after.sha256: OK
papers/207-upper-neighbor-rank-dynamics/frozen_round0/author_replay/initial_01/INPUT_PINS.before.sha256: OK
papers/207-upper-neighbor-rank-dynamics/frozen_round0/author_replay/initial_01/MANIFEST.sha256: OK
papers/207-upper-neighbor-rank-dynamics/frozen_round0/author_replay/initial_01/RECEIPT.json: OK
papers/207-upper-neighbor-rank-dynamics/frozen_round0/author_replay/initial_01/canonical_live.cmp.stderr: OK
papers/207-upper-neighbor-rank-dynamics/frozen_round0/author_replay/initial_01/canonical_live.cmp.stdout: OK
papers/207-upper-neighbor-rank-dynamics/frozen_round0/author_replay/initial_01/python_version.stderr: OK
papers/207-upper-neighbor-rank-dynamics/frozen_round0/author_replay/initial_01/python_version.stdout: OK
papers/207-upper-neighbor-rank-dynamics/frozen_round0/author_replay/initial_01/run0.canonical.cmp.stderr: OK
papers/207-upper-neighbor-rank-dynamics/frozen_round0/author_replay/initial_01/run0.canonical.cmp.stdout: OK
papers/207-upper-neighbor-rank-dynamics/frozen_round0/author_replay/initial_01/run0.stderr: OK
papers/207-upper-neighbor-rank-dynamics/frozen_round0/author_replay/initial_01/run0.stdout: OK
papers/207-upper-neighbor-rank-dynamics/frozen_round0/author_replay/initial_01/source_inputs/docs/papers204_208_sequence/ARTIFACT_CONTRACT.md: OK
papers/207-upper-neighbor-rank-dynamics/frozen_round0/author_replay/initial_01/source_inputs/docs/papers204_208_sequence/FINAL_THEOREM_CONTRACTS.md: OK
papers/207-upper-neighbor-rank-dynamics/frozen_round0/author_replay/initial_01/source_inputs/docs/papers204_208_sequence/scouting/word_local/LNR_INVERSE_WORK/CANONICAL.json: OK
papers/207-upper-neighbor-rank-dynamics/frozen_round0/author_replay/initial_01/source_inputs/docs/papers204_208_sequence/scouting/word_local/LNR_INVERSE_WORK/MANIFEST.sha256: OK
papers/207-upper-neighbor-rank-dynamics/frozen_round0/author_replay/initial_01/source_inputs/docs/papers204_208_sequence/scouting/word_local/LNR_INVERSE_WORK/PROOF_PACKAGE.md: OK
papers/207-upper-neighbor-rank-dynamics/frozen_round0/author_replay/initial_01/source_inputs/docs/papers204_208_sequence/scouting/word_local/LNR_INVERSE_WORK/SOURCE_BOUNDARY.md: OK
papers/207-upper-neighbor-rank-dynamics/frozen_round0/author_replay/initial_01/source_inputs/docs/papers204_208_sequence/scouting/word_local/LNR_INVERSE_WORK/verify_inverse.py: OK
papers/207-upper-neighbor-rank-dynamics/frozen_round0/author_replay/initial_01/source_inputs/docs/papers204_208_sequence/scouting/word_local/UGR_GATE/CANDIDATE_GATE.md: OK
papers/207-upper-neighbor-rank-dynamics/frozen_round0/author_replay/initial_01/source_inputs/docs/papers204_208_sequence/scouting/word_local/UGR_GATE/INPUT_PINS.sha256: OK
papers/207-upper-neighbor-rank-dynamics/frozen_round0/author_replay/initial_01/source_inputs/docs/papers204_208_sequence/scouting/word_local/UGR_GATE/MANIFEST.sha256: OK
papers/207-upper-neighbor-rank-dynamics/frozen_round0/author_replay/initial_01/source_inputs/docs/papers204_208_sequence/scouting/word_local/UGR_GATE/SOURCE_AUDIT.md: OK
papers/207-upper-neighbor-rank-dynamics/frozen_round0/author_replay/initial_01/source_inputs/docs/papers204_208_sequence/scouting/word_local/UGR_PROOF_WORK/CANONICAL.json: OK
papers/207-upper-neighbor-rank-dynamics/frozen_round0/author_replay/initial_01/source_inputs/docs/papers204_208_sequence/scouting/word_local/UGR_PROOF_WORK/MANIFEST.sha256: OK
papers/207-upper-neighbor-rank-dynamics/frozen_round0/author_replay/initial_01/source_inputs/docs/papers204_208_sequence/scouting/word_local/UGR_PROOF_WORK/PROOF_PACKAGE.md: OK
papers/207-upper-neighbor-rank-dynamics/frozen_round0/author_replay/initial_01/source_inputs/docs/papers204_208_sequence/scouting/word_local/UGR_PROOF_WORK/verify_ugr.py: OK
papers/207-upper-neighbor-rank-dynamics/frozen_round0/author_replay/initial_01/source_inputs/papers/207-upper-neighbor-rank-dynamics/record_author.py: OK
papers/207-upper-neighbor-rank-dynamics/frozen_round0/author_replay/initial_01/source_inputs/papers/207-upper-neighbor-rank-dynamics/verify.py: OK
papers/207-upper-neighbor-rank-dynamics/frozen_round0/author_replay/initial_01/verify.py: OK
papers/207-upper-neighbor-rank-dynamics/frozen_round0/author_replay/pair_01/CANONICAL.input.json: OK
papers/207-upper-neighbor-rank-dynamics/frozen_round0/author_replay/pair_01/INPUT_PINS.after.sha256: OK
papers/207-upper-neighbor-rank-dynamics/frozen_round0/author_replay/pair_01/INPUT_PINS.before.sha256: OK
papers/207-upper-neighbor-rank-dynamics/frozen_round0/author_replay/pair_01/MANIFEST.sha256: OK
papers/207-upper-neighbor-rank-dynamics/frozen_round0/author_replay/pair_01/RECEIPT.json: OK
papers/207-upper-neighbor-rank-dynamics/frozen_round0/author_replay/pair_01/canonical_live.cmp.stderr: OK
papers/207-upper-neighbor-rank-dynamics/frozen_round0/author_replay/pair_01/canonical_live.cmp.stdout: OK
papers/207-upper-neighbor-rank-dynamics/frozen_round0/author_replay/pair_01/pair.cmp.stderr: OK
papers/207-upper-neighbor-rank-dynamics/frozen_round0/author_replay/pair_01/pair.cmp.stdout: OK
papers/207-upper-neighbor-rank-dynamics/frozen_round0/author_replay/pair_01/python_version.stderr: OK
papers/207-upper-neighbor-rank-dynamics/frozen_round0/author_replay/pair_01/python_version.stdout: OK
papers/207-upper-neighbor-rank-dynamics/frozen_round0/author_replay/pair_01/run1.canonical.cmp.stderr: OK
papers/207-upper-neighbor-rank-dynamics/frozen_round0/author_replay/pair_01/run1.canonical.cmp.stdout: OK
papers/207-upper-neighbor-rank-dynamics/frozen_round0/author_replay/pair_01/run1.stderr: OK
papers/207-upper-neighbor-rank-dynamics/frozen_round0/author_replay/pair_01/run1.stdout: OK
papers/207-upper-neighbor-rank-dynamics/frozen_round0/author_replay/pair_01/run2.canonical.cmp.stderr: OK
papers/207-upper-neighbor-rank-dynamics/frozen_round0/author_replay/pair_01/run2.canonical.cmp.stdout: OK
papers/207-upper-neighbor-rank-dynamics/frozen_round0/author_replay/pair_01/run2.stderr: OK
papers/207-upper-neighbor-rank-dynamics/frozen_round0/author_replay/pair_01/run2.stdout: OK
papers/207-upper-neighbor-rank-dynamics/frozen_round0/author_replay/pair_01/source_inputs/docs/papers204_208_sequence/ARTIFACT_CONTRACT.md: OK
papers/207-upper-neighbor-rank-dynamics/frozen_round0/author_replay/pair_01/source_inputs/docs/papers204_208_sequence/FINAL_THEOREM_CONTRACTS.md: OK
papers/207-upper-neighbor-rank-dynamics/frozen_round0/author_replay/pair_01/source_inputs/docs/papers204_208_sequence/scouting/word_local/LNR_INVERSE_WORK/CANONICAL.json: OK
papers/207-upper-neighbor-rank-dynamics/frozen_round0/author_replay/pair_01/source_inputs/docs/papers204_208_sequence/scouting/word_local/LNR_INVERSE_WORK/MANIFEST.sha256: OK
papers/207-upper-neighbor-rank-dynamics/frozen_round0/author_replay/pair_01/source_inputs/docs/papers204_208_sequence/scouting/word_local/LNR_INVERSE_WORK/PROOF_PACKAGE.md: OK
papers/207-upper-neighbor-rank-dynamics/frozen_round0/author_replay/pair_01/source_inputs/docs/papers204_208_sequence/scouting/word_local/LNR_INVERSE_WORK/SOURCE_BOUNDARY.md: OK
papers/207-upper-neighbor-rank-dynamics/frozen_round0/author_replay/pair_01/source_inputs/docs/papers204_208_sequence/scouting/word_local/LNR_INVERSE_WORK/verify_inverse.py: OK
papers/207-upper-neighbor-rank-dynamics/frozen_round0/author_replay/pair_01/source_inputs/docs/papers204_208_sequence/scouting/word_local/UGR_GATE/CANDIDATE_GATE.md: OK
papers/207-upper-neighbor-rank-dynamics/frozen_round0/author_replay/pair_01/source_inputs/docs/papers204_208_sequence/scouting/word_local/UGR_GATE/INPUT_PINS.sha256: OK
papers/207-upper-neighbor-rank-dynamics/frozen_round0/author_replay/pair_01/source_inputs/docs/papers204_208_sequence/scouting/word_local/UGR_GATE/MANIFEST.sha256: OK
papers/207-upper-neighbor-rank-dynamics/frozen_round0/author_replay/pair_01/source_inputs/docs/papers204_208_sequence/scouting/word_local/UGR_GATE/SOURCE_AUDIT.md: OK
papers/207-upper-neighbor-rank-dynamics/frozen_round0/author_replay/pair_01/source_inputs/docs/papers204_208_sequence/scouting/word_local/UGR_PROOF_WORK/CANONICAL.json: OK
papers/207-upper-neighbor-rank-dynamics/frozen_round0/author_replay/pair_01/source_inputs/docs/papers204_208_sequence/scouting/word_local/UGR_PROOF_WORK/MANIFEST.sha256: OK
papers/207-upper-neighbor-rank-dynamics/frozen_round0/author_replay/pair_01/source_inputs/docs/papers204_208_sequence/scouting/word_local/UGR_PROOF_WORK/PROOF_PACKAGE.md: OK
papers/207-upper-neighbor-rank-dynamics/frozen_round0/author_replay/pair_01/source_inputs/docs/papers204_208_sequence/scouting/word_local/UGR_PROOF_WORK/verify_ugr.py: OK
papers/207-upper-neighbor-rank-dynamics/frozen_round0/author_replay/pair_01/source_inputs/papers/207-upper-neighbor-rank-dynamics/record_author.py: OK
papers/207-upper-neighbor-rank-dynamics/frozen_round0/author_replay/pair_01/source_inputs/papers/207-upper-neighbor-rank-dynamics/verify.py: OK
papers/207-upper-neighbor-rank-dynamics/frozen_round0/author_replay/pair_01/verify.py: OK
papers/207-upper-neighbor-rank-dynamics/frozen_round0/author_replay/run1.stdout: OK
papers/207-upper-neighbor-rank-dynamics/frozen_round0/author_replay/run2.stdout: OK
papers/207-upper-neighbor-rank-dynamics/frozen_round0/main.pdf: OK
papers/207-upper-neighbor-rank-dynamics/frozen_round0/main.tex: OK
papers/207-upper-neighbor-rank-dynamics/frozen_round0/math_commands.tex: OK
papers/207-upper-neighbor-rank-dynamics/frozen_round0/record_author.py: OK
papers/207-upper-neighbor-rank-dynamics/frozen_round0/references.bib: OK
papers/207-upper-neighbor-rank-dynamics/frozen_round0/sections/00_abstract.tex: OK
papers/207-upper-neighbor-rank-dynamics/frozen_round0/sections/01_setup.tex: OK
papers/207-upper-neighbor-rank-dynamics/frozen_round0/sections/02_temporal.tex: OK
papers/207-upper-neighbor-rank-dynamics/frozen_round0/sections/03_core_seed.tex: OK
papers/207-upper-neighbor-rank-dynamics/frozen_round0/sections/04_fibres.tex: OK
papers/207-upper-neighbor-rank-dynamics/frozen_round0/sections/05_scope.tex: OK
papers/207-upper-neighbor-rank-dynamics/frozen_round0/verify.py: OK
