raw_cmp_exit_0 AUTHOR_REPLAY.md
raw_cmp_exit_0 CANONICAL.json
raw_cmp_exit_0 CLAIMS_EVIDENCE.md
raw_cmp_exit_0 INTEGRITY_REVIEW.md
raw_cmp_exit_0 NARRATIVE_REPORT.md
raw_cmp_exit_0 PAPER_PLAN.md
raw_cmp_exit_0 PROOF_PACKAGE.md
raw_cmp_exit_0 README.md
raw_cmp_exit_0 ROUND0_BUILD_REPORT.md
raw_cmp_exit_0 SOURCE_AUDIT.md
raw_cmp_exit_0 author_replay/run1.stdout
raw_cmp_exit_0 author_replay/run2.stdout
raw_cmp_exit_0 main.pdf
raw_cmp_exit_0 main.tex
raw_cmp_exit_0 math_commands.tex
raw_cmp_exit_0 references.bib
raw_cmp_exit_0 sections/00_abstract.tex
raw_cmp_exit_0 sections/01_setup.tex
raw_cmp_exit_0 sections/02_dynamics.tex
raw_cmp_exit_0 sections/03_fibres.tex
raw_cmp_exit_0 sections/04_scope.tex
raw_cmp_exit_0 verify.py
