papers/205-conflict-triggered-cyclic-increments/frozen_round0/AUTHOR_REPLAY.md: OK
papers/205-conflict-triggered-cyclic-increments/frozen_round0/CANONICAL.json: OK
papers/205-conflict-triggered-cyclic-increments/frozen_round0/CLAIMS_EVIDENCE.md: OK
papers/205-conflict-triggered-cyclic-increments/frozen_round0/INTEGRITY_REVIEW.md: OK
papers/205-conflict-triggered-cyclic-increments/frozen_round0/NARRATIVE_REPORT.md: OK
papers/205-conflict-triggered-cyclic-increments/frozen_round0/PAPER_PLAN.md: OK
papers/205-conflict-triggered-cyclic-increments/frozen_round0/PROOF_PACKAGE.md: OK
papers/205-conflict-triggered-cyclic-increments/frozen_round0/README.md: OK
papers/205-conflict-triggered-cyclic-increments/frozen_round0/ROUND0_BUILD_REPORT.md: OK
papers/205-conflict-triggered-cyclic-increments/frozen_round0/SHA256SUMS: OK
papers/205-conflict-triggered-cyclic-increments/frozen_round0/SOURCE_AUDIT.md: OK
papers/205-conflict-triggered-cyclic-increments/frozen_round0/author_replay/run1.stdout: OK
papers/205-conflict-triggered-cyclic-increments/frozen_round0/author_replay/run2.stdout: OK
papers/205-conflict-triggered-cyclic-increments/frozen_round0/main.pdf: OK
papers/205-conflict-triggered-cyclic-increments/frozen_round0/main.tex: OK
papers/205-conflict-triggered-cyclic-increments/frozen_round0/math_commands.tex: OK
papers/205-conflict-triggered-cyclic-increments/frozen_round0/references.bib: OK
papers/205-conflict-triggered-cyclic-increments/frozen_round0/sections/00_abstract.tex: OK
papers/205-conflict-triggered-cyclic-increments/frozen_round0/sections/01_setup.tex: OK
papers/205-conflict-triggered-cyclic-increments/frozen_round0/sections/02_dynamics.tex: OK
papers/205-conflict-triggered-cyclic-increments/frozen_round0/sections/03_fibres.tex: OK
papers/205-conflict-triggered-cyclic-increments/frozen_round0/sections/04_scope.tex: OK
papers/205-conflict-triggered-cyclic-increments/frozen_round0/verify.py: OK
