Rc files read:
  /etc/LatexMk
Latexmk: This is Latexmk, John Collins, 20 November 2021, version: 4.76.
Rule 'pdflatex': File changes, etc:
   Changed files, or newly in use since previous run(s):
      'main.tex'
------------
Run number 1 of rule 'pdflatex'
------------
------------
Running 'pdflatex  -interaction=nonstopmode -halt-on-error -file-line-error -recorder -output-directory="/root/autodl-tmp/hilbert-polya-structure/henon_dynamics/research_c419_c423/papers/C420_scattering_commutativity/builds/final2"  "main.tex"'
------------
Latexmk: applying rule 'pdflatex'...
This is pdfTeX, Version 3.141592653-2.6-1.40.22 (TeX Live 2022/dev/Debian) (preloaded format=pdflatex)
 restricted \write18 enabled.
entering extended mode
(./main.tex
LaTeX2e <2021-11-15> patch level 1
L3 programming layer <2022-01-21>
(/usr/share/texlive/texmf-dist/tex/latex/base/article.cls
Document Class: article 2021/10/04 v1.4n Standard LaTeX document class
(/usr/share/texlive/texmf-dist/tex/latex/base/size11.clo))
(/usr/share/texlive/texmf-dist/tex/latex/base/fontenc.sty)
(/usr/share/texlive/texmf-dist/tex/latex/base/inputenc.sty)
(/usr/share/texmf/tex/latex/lm/lmodern.sty)
(/usr/share/texlive/texmf-dist/tex/latex/geometry/geometry.sty
(/usr/share/texlive/texmf-dist/tex/latex/graphics/keyval.sty)
(/usr/share/texlive/texmf-dist/tex/generic/iftex/ifvtex.sty
(/usr/share/texlive/texmf-dist/tex/generic/iftex/iftex.sty)))
(/usr/share/texlive/texmf-dist/tex/latex/amsmath/amsmath.sty
For additional information on amsmath, use the `?' option.
(/usr/share/texlive/texmf-dist/tex/latex/amsmath/amstext.sty
(/usr/share/texlive/texmf-dist/tex/latex/amsmath/amsgen.sty))
(/usr/share/texlive/texmf-dist/tex/latex/amsmath/amsbsy.sty)
(/usr/share/texlive/texmf-dist/tex/latex/amsmath/amsopn.sty))
(/usr/share/texlive/texmf-dist/tex/latex/amsfonts/amssymb.sty
(/usr/share/texlive/texmf-dist/tex/latex/amsfonts/amsfonts.sty))
(/usr/share/texlive/texmf-dist/tex/latex/amscls/amsthm.sty)
(/usr/share/texlive/texmf-dist/tex/latex/mathtools/mathtools.sty
(/usr/share/texlive/texmf-dist/tex/latex/tools/calc.sty)
(/usr/share/texlive/texmf-dist/tex/latex/mathtools/mhsetup.sty))
(/usr/share/texlive/texmf-dist/tex/latex/booktabs/booktabs.sty)
(/usr/share/texlive/texmf-dist/tex/latex/tools/tabularx.sty
(/usr/share/texlive/texmf-dist/tex/latex/tools/array.sty))
(/usr/share/texlive/texmf-dist/tex/latex/microtype/microtype.sty
(/usr/share/texlive/texmf-dist/tex/latex/etoolbox/etoolbox.sty)
(/usr/share/texlive/texmf-dist/tex/latex/microtype/microtype-pdftex.def)
(/usr/share/texlive/texmf-dist/tex/latex/microtype/microtype.cfg))
(/usr/share/texlive/texmf-dist/tex/latex/natbib/natbib.sty)
(/usr/share/texlive/texmf-dist/tex/latex/hyperref/hyperref.sty
(/usr/share/texlive/texmf-dist/tex/generic/ltxcmds/ltxcmds.sty)
(/usr/share/texlive/texmf-dist/tex/generic/pdftexcmds/pdftexcmds.sty
(/usr/share/texlive/texmf-dist/tex/generic/infwarerr/infwarerr.sty))
(/usr/share/texlive/texmf-dist/tex/generic/kvsetkeys/kvsetkeys.sty)
(/usr/share/texlive/texmf-dist/tex/generic/kvdefinekeys/kvdefinekeys.sty)
(/usr/share/texlive/texmf-dist/tex/generic/pdfescape/pdfescape.sty)
(/usr/share/texlive/texmf-dist/tex/latex/hycolor/hycolor.sty)
(/usr/share/texlive/texmf-dist/tex/latex/letltxmacro/letltxmacro.sty)
(/usr/share/texlive/texmf-dist/tex/latex/auxhook/auxhook.sty)
(/usr/share/texlive/texmf-dist/tex/latex/kvoptions/kvoptions.sty)
(/usr/share/texlive/texmf-dist/tex/latex/hyperref/pd1enc.def)
(/usr/share/texlive/texmf-dist/tex/latex/hyperref/hyperref-langpatches.def)
(/usr/share/texlive/texmf-dist/tex/generic/intcalc/intcalc.sty)
(/usr/share/texlive/texmf-dist/tex/generic/etexcmds/etexcmds.sty)
(/usr/share/texlive/texmf-dist/tex/latex/hyperref/puenc.def)
(/usr/share/texlive/texmf-dist/tex/latex/url/url.sty)
(/usr/share/texlive/texmf-dist/tex/generic/bitset/bitset.sty
(/usr/share/texlive/texmf-dist/tex/generic/bigintcalc/bigintcalc.sty))
(/usr/share/texlive/texmf-dist/tex/latex/base/atbegshi-ltx.sty))
(/usr/share/texlive/texmf-dist/tex/latex/hyperref/hpdftex.def
(/usr/share/texlive/texmf-dist/tex/latex/base/atveryend-ltx.sty)
(/usr/share/texlive/texmf-dist/tex/latex/rerunfilecheck/rerunfilecheck.sty
(/usr/share/texlive/texmf-dist/tex/generic/uniquecounter/uniquecounter.sty)))
(/usr/share/texlive/texmf-dist/tex/latex/cleveref/cleveref.sty)
(./math_commands.tex) (./figures/latex_includes.tex)
(/usr/share/texmf/tex/latex/lm/t1lmr.fd)
(/usr/share/texlive/texmf-dist/tex/latex/l3backend/l3backend-pdftex.def)
(/root/autodl-tmp/hilbert-polya-structure/henon_dynamics/research_c419_c423/pap
ers/C420_scattering_commutativity/builds/final2/main.aux)
*geometry* driver: auto-detecting
*geometry* detected driver: pdftex
(/usr/share/texlive/texmf-dist/tex/latex/graphics/graphicx.sty
(/usr/share/texlive/texmf-dist/tex/latex/graphics/graphics.sty
(/usr/share/texlive/texmf-dist/tex/latex/graphics/trig.sty)
(/usr/share/texlive/texmf-dist/tex/latex/graphics-cfg/graphics.cfg)
(/usr/share/texlive/texmf-dist/tex/latex/graphics-def/pdftex.def
(/usr/share/texlive/texmf-dist/tex/context/base/mkii/supp-pdf.mkii
[Loading MPS to PDF converter (version 2006.09.02).]
))) (/usr/share/texlive/texmf-dist/tex/latex/epstopdf-pkg/epstopdf-base.sty
(/usr/share/texlive/texmf-dist/tex/latex/latexconfig/epstopdf-sys.cfg)))
(/usr/share/texlive/texmf-dist/tex/latex/microtype/mt-cmr.cfg)
(/usr/share/texlive/texmf-dist/tex/latex/hyperref/nameref.sty
(/usr/share/texlive/texmf-dist/tex/latex/refcount/refcount.sty)
(/usr/share/texlive/texmf-dist/tex/generic/gettitlestring/gettitlestring.sty))
(/usr/share/texmf/tex/latex/lm/ot1lmr.fd)
(/usr/share/texmf/tex/latex/lm/omllmm.fd)
(/usr/share/texmf/tex/latex/lm/omslmsy.fd)
(/usr/share/texmf/tex/latex/lm/omxlmex.fd)
(/usr/share/texlive/texmf-dist/tex/latex/amsfonts/umsa.fd)
(/usr/share/texlive/texmf-dist/tex/latex/microtype/mt-msa.cfg)
(/usr/share/texlive/texmf-dist/tex/latex/amsfonts/umsb.fd)
(/usr/share/texlive/texmf-dist/tex/latex/microtype/mt-msb.cfg)
(./sections/0_abstract.tex) (./sections/1_introduction.tex

LaTeX Warning: Reference `sec:fixed' on page 1 undefined on input line 16.

[1{/var/lib/texmf/fonts/map/pdftex/updmap/pdftex.map}]

Package natbib Warning: Citation `Huxley1984' on page 2 undefined on input line
 68.


Package natbib Warning: Citation `Young2019' on page 2 undefined on input line 
70.


Package natbib Warning: Citation `BookerLeeStrombergsson2020' on page 2 undefin
ed on input line 72.


Package natbib Warning: Citation `CakoniChanillo2019' on page 2 undefined on in
put line 79.


Package natbib Warning: Citation `LevitinStrohmaier2021' on page 2 undefined on
 input line 80.


LaTeX Warning: Reference `tab:ownership' on page 1 undefined on input line 86.


Package natbib Warning: Citation `Huxley1984' on page 2 undefined on input line
 87.


Package natbib Warning: Citation `Young2019' on page 2 undefined on input line 
87.


Package natbib Warning: Citation `BookerLeeStrombergsson2020' on page 2 undefin
ed on input line 87.


Package natbib Warning: Citation `CakoniChanillo2019' on page 2 undefined on in
put line 87.


Package natbib Warning: Citation `LevitinStrohmaier2021' on page 2 undefined on
 input line 87.


Package natbib Warning: Citation `Keil2007' on page 2 undefined on input line 9
9.

[2]

LaTeX Warning: Reference `sec:fixed' on page 3 undefined on input line 108.


LaTeX Warning: Reference `sec:principal' on page 3 undefined on input line 109.



LaTeX Warning: Reference `sec:nonreal' on page 3 undefined on input line 111.


LaTeX Warning: Reference `sec:parity' on page 3 undefined on input line 113.


LaTeX Warning: Reference `thm:characters' on page 1 undefined on input line 114
.


LaTeX Warning: Reference `sec:arithmetic' on page 3 undefined on input line 114
.


LaTeX Warning: Reference `thm:levels' on page 1 undefined on input line 115.


LaTeX Warning: Reference `sec:examples' on page 3 undefined on input line 115.

) (./sections/2_fixed_cusp_blocks.tex
(/usr/share/texlive/texmf-dist/tex/latex/amsfonts/ueuf.fd)
(/usr/share/texlive/texmf-dist/tex/latex/microtype/mt-euf.cfg)

Package natbib Warning: Citation `Young2019' on page 3 undefined on input line 
33.


LaTeX Warning: Reference `eq:Fourier' on page 3 undefined on input line 47.

[3]

Package natbib Warning: Citation `Young2019' on page 4 undefined on input line 
76.


LaTeX Warning: Reference `eq:Young-summand' on page 4 undefined on input line 1
08.


LaTeX Warning: Reference `eq:Young-summand' on page 4 undefined on input line 1
14.


LaTeX Warning: Reference `eq:ramified-C' on page 4 undefined on input line 120.



LaTeX Warning: Reference `eq:unramified-C' on page 4 undefined on input line 12
1.


LaTeX Warning: Reference `eq:tensor-C' on page 4 undefined on input line 122.


LaTeX Warning: Reference `eq:ramified-C' on page 4 undefined on input line 130.



LaTeX Warning: Reference `eq:ramified-C' on page 4 undefined on input line 133.



Package natbib Warning: Citation `Young2019' on page 4 undefined on input line 
141.

[4]

LaTeX Warning: Reference `eq:incoming' on page 5 undefined on input line 155.


LaTeX Warning: Reference `eq:FE' on page 5 undefined on input line 155.


LaTeX Warning: Reference `eq:fixed-FE' on page 5 undefined on input line 178.


LaTeX Warning: Reference `eq:fixed-FE' on page 5 undefined on input line 181.


LaTeX Warning: Reference `eq:paired-block' on page 5 undefined on input line 18
4.


LaTeX Warning: Reference `lem:full-Fourier' on page 1 undefined on input line 1
85.

) (./sections/3_principal_basis.tex

LaTeX Warning: Reference `eq:principal-C' on page 5 undefined on input line 27.


[5]

LaTeX Warning: Reference `lem:local-incoming' on page 1 undefined on input line
 31.


LaTeX Warning: Reference `eq:difference-images' on page 6 undefined on input li
ne 63.


LaTeX Warning: Reference `eq:principal-C' on page 6 undefined on input line 83.



LaTeX Warning: Reference `eq:even-Q' on page 6 undefined on input line 89.

[6]

LaTeX Warning: Reference `eq:odd-U' on page 7 undefined on input line 140.


LaTeX Warning: Reference `eq:odd-T' on page 7 undefined on input line 142.


LaTeX Warning: Reference `prop:principal-basis' on page 1 undefined on input li
ne 151.


LaTeX Warning: Reference `eq:difference-eigenvalue' on page 7 undefined on inpu
t line 170.


LaTeX Warning: Reference `eq:central-eigenvalues' on page 7 undefined on input 
line 171.

[7]

LaTeX Warning: Reference `lem:local-incoming' on page 1 undefined on input line
 178.


Package natbib Warning: Citation `BookerLeeStrombergsson2020' on page 8 undefin
ed on input line 199.


LaTeX Warning: Reference `prop:paired-blocks' on page 1 undefined on input line
 218.

) (./sections/4_nonreal_square.tex

LaTeX Warning: Reference `eq:real-square-condition' on page 8 undefined on inpu
t line 3.

[8]

LaTeX Warning: Reference `eq:H-xi' on page 9 undefined on input line 32.


Package natbib Warning: Citation `DLMF2026' on page 9 undefined on input line 3
9.


LaTeX Warning: Reference `eq:completion' on page 9 undefined on input line 53.


LaTeX Warning: Reference `eq:h-factor' on page 9 undefined on input line 84.


LaTeX Warning: Reference `eq:scalar-ratio' on page 9 undefined on input line 84
.


LaTeX Warning: Reference `sec:fixed' on page 1 undefined on input line 110.


LaTeX Warning: Reference `eq:paired-block' on page 9 undefined on input line 11
1.

[9]

LaTeX Warning: Reference `eq:tensor-C' on page 10 undefined on input line 128.


LaTeX Warning: Reference `eq:ramified-C' on page 10 undefined on input line 129
.


LaTeX Warning: Reference `lem:scalar-ratio' on page 1 undefined on input line 1
52.


LaTeX Warning: Reference `eq:finite-Euler' on page 10 undefined on input line 1
59.


LaTeX Warning: Reference `eq:normalized-Delta' on page 10 undefined on input li
ne 163.


LaTeX Warning: Reference `eq:outside-coefficient' on page 10 undefined on input
 line 171.


LaTeX Warning: Reference `eq:outside-coefficient' on page 10 undefined on input
 line 187.

[10]) (./sections/5_phase_parity.tex

LaTeX Warning: Reference `prop:nonreal-obstruction' on page 1 undefined on inpu
t line 3.


LaTeX Warning: Reference `prop:principal-basis' on page 1 undefined on input li
ne 44.


LaTeX Warning: Reference `eq:ramified-C' on page 11 undefined on input line 45.



LaTeX Warning: Reference `prop:paired-blocks' on page 1 undefined on input line
 46.


LaTeX Warning: Reference `eq:completion' on page 11 undefined on input line 60.



LaTeX Warning: Reference `eq:paired-block' on page 11 undefined on input line 6
4.

[11]

LaTeX Warning: Reference `eq:ramified-C' on page 12 undefined on input line 71.



LaTeX Warning: Reference `eq:unramified-C' on page 12 undefined on input line 7
1.


LaTeX Warning: Reference `eq:global-A' on page 12 undefined on input line 94.


LaTeX Warning: Reference `eq:global-A' on page 12 undefined on input line 113.


LaTeX Warning: Reference `eq:phase-identity' on page 12 undefined on input line
 136.


LaTeX Warning: Reference `prop:principal-basis' on page 1 undefined on input li
ne 148.


LaTeX Warning: Reference `lem:phase-identity' on page 1 undefined on input line
 148.


LaTeX Warning: Reference `eq:difference-vectors' on page 12 undefined on input 
line 152.


LaTeX Warning: Reference `eq:odd-vectors' on page 12 undefined on input line 15
4.

[12]

LaTeX Warning: Reference `eq:rho' on page 13 undefined on input line 182.


LaTeX Warning: Reference `thm:characters' on page 1 undefined on input line 190
.


LaTeX Warning: Reference `prop:nonreal-obstruction' on page 1 undefined on inpu
t line 192.


LaTeX Warning: Reference `eq:phase-condition' on page 13 undefined on input lin
e 194.


LaTeX Warning: Reference `eq:global-A' on page 13 undefined on input line 195.


LaTeX Warning: Reference `lem:tensor' on page 1 undefined on input line 197.


LaTeX Warning: Reference `prop:local-parity' on page 1 undefined on input line 
199.


LaTeX Warning: Reference `eq:phase-condition' on page 13 undefined on input lin
e 201.


LaTeX Warning: Reference `eq:real-square-condition' on page 13 undefined on inp
ut line 203.


LaTeX Warning: Reference `eq:phase-condition' on page 13 undefined on input lin
e 204.


LaTeX Warning: Reference `eq:global-A' on page 13 undefined on input line 207.


LaTeX Warning: Reference `prop:local-parity' on page 1 undefined on input line 
207.


LaTeX Warning: Reference `prop:paired-blocks' on page 1 undefined on input line
 210.

[13]) (./sections/6_arithmetic.tex

LaTeX Warning: Reference `thm:characters' on page 1 undefined on input line 3.


LaTeX Warning: Reference `thm:levels' on page 1 undefined on input line 3.


LaTeX Warning: Reference `thm:levels' on page 1 undefined on input line 41.


LaTeX Warning: Reference `tab:levels' on page 1 undefined on input line 42.


LaTeX Warning: Reference `thm:levels' on page 1 undefined on input line 44.


LaTeX Warning: Reference `thm:levels' on page 1 undefined on input line 44.


LaTeX Warning: Reference `eq:phase-condition' on page 14 undefined on input lin
e 48.


LaTeX Warning: Reference `eq:p-square' on page 14 undefined on input line 61.

[14]

LaTeX Warning: Reference `thm:levels' on page 1 undefined on input line 64.


LaTeX Warning: Reference `lem:unit-exponent' on page 1 undefined on input line 
65.


LaTeX Warning: Reference `thm:characters' on page 1 undefined on input line 65.



LaTeX Warning: Reference `eq:p-square' on page 15 undefined on input line 68.


LaTeX Warning: Reference `eq:p-square' on page 15 undefined on input line 89.


LaTeX Warning: Reference `lem:extra-prime' on page 1 undefined on input line 92
.

) (./sections/7_boundary_levels.tex

LaTeX Warning: Reference `tab:boundary' on page 1 undefined on input line 3.


LaTeX Warning: Reference `thm:characters' on page 1 undefined on input line 13.



LaTeX Warning: Reference `eq:ramified-C' on page 15 undefined on input line 25.



LaTeX Warning: Reference `eq:unramified-C' on page 15 undefined on input line 2
5.


LaTeX Warning: Reference `sec:parity' on page 1 undefined on input line 35.

[15]

LaTeX Warning: Reference `lem:phase-identity' on page 1 undefined on input line
 89.

) (./sections/8_scope.tex [16]

LaTeX Warning: Reference `prop:50' on page 1 undefined on input line 29.

)
No file main.bbl.

Package natbib Warning: There were undefined citations.

[17]
(/root/autodl-tmp/hilbert-polya-structure/henon_dynamics/research_c419_c423/pap
ers/C420_scattering_commutativity/builds/final2/main.aux)

LaTeX Warning: There were undefined references.


LaTeX Warning: Label(s) may have changed. Rerun to get cross-references right.


Package rerunfilecheck Warning: File `main.out' has changed.
(rerunfilecheck)                Rerun to get outlines right
(rerunfilecheck)                or use package `bookmark'.

 ){/usr/share/texmf/fonts/enc/dvips/lm/lm-mathit.enc}{/usr/share/texmf/fonts/en
c/dvips/lm/lm-rm.enc}{/usr/share/texmf/fonts/enc/dvips/lm/lm-mathsy.enc}{/usr/s
hare/texmf/fonts/enc/dvips/lm/lm-mathex.enc}{/usr/share/texmf/fonts/enc/dvips/l
m/lm-ec.enc}</usr/share/texlive/texmf-dist/fonts/type1/public/amsfonts/euler/eu
fm10.pfb></usr/share/texlive/texmf-dist/fonts/type1/public/amsfonts/euler/eufm7
.pfb></usr/share/texmf/fonts/type1/public/lm/lmbx10.pfb></usr/share/texmf/fonts
/type1/public/lm/lmbx12.pfb></usr/share/texmf/fonts/type1/public/lm/lmex10.pfb>
</usr/share/texmf/fonts/type1/public/lm/lmmi10.pfb></usr/share/texmf/fonts/type
1/public/lm/lmmi12.pfb></usr/share/texmf/fonts/type1/public/lm/lmmi6.pfb></usr/
share/texmf/fonts/type1/public/lm/lmmi7.pfb></usr/share/texmf/fonts/type1/publi
c/lm/lmmi8.pfb></usr/share/texmf/fonts/type1/public/lm/lmr10.pfb></usr/share/te
xmf/fonts/type1/public/lm/lmr12.pfb></usr/share/texmf/fonts/type1/public/lm/lmr
17.pfb></usr/share/texmf/fonts/type1/public/lm/lmr6.pfb></usr/share/texmf/fonts
/type1/public/lm/lmr7.pfb></usr/share/texmf/fonts/type1/public/lm/lmr8.pfb></us
r/share/texmf/fonts/type1/public/lm/lmri10.pfb></usr/share/texmf/fonts/type1/pu
blic/lm/lmsy10.pfb></usr/share/texmf/fonts/type1/public/lm/lmsy6.pfb></usr/shar
e/texmf/fonts/type1/public/lm/lmsy8.pfb></usr/share/texlive/texmf-dist/fonts/ty
pe1/public/amsfonts/symbols/msam10.pfb></usr/share/texlive/texmf-dist/fonts/typ
e1/public/amsfonts/symbols/msbm10.pfb>
Output written on /root/autodl-tmp/hilbert-polya-structure/henon_dynamics/resea
rch_c419_c423/papers/C420_scattering_commutativity/builds/final2/main.pdf (17 p
ages, 391685 bytes).
Transcript written on /root/autodl-tmp/hilbert-polya-structure/henon_dynamics/r
esearch_c419_c423/papers/C420_scattering_commutativity/builds/final2/main.log.
Latexmk: Missing bbl file '/root/autodl-tmp/hilbert-polya-structure/henon_dynamics/research_c419_c423/papers/C420_scattering_commutativity/builds/final2/main.bbl' in following:
 No file main.bbl.
Latexmk: References changed.
Latexmk: References changed.
Latexmk: Log file says output to '/root/autodl-tmp/hilbert-polya-structure/henon_dynamics/research_c419_c423/papers/C420_scattering_commutativity/builds/final2/main.pdf'
Latexmk: List of undefined refs and citations:
  Citation `BookerLeeStrombergsson2020' on page 2 undefined on input line 72
  Citation `BookerLeeStrombergsson2020' on page 2 undefined on input line 87
  Citation `BookerLeeStrombergsson2020' on page 8 undefined on input line 199
  Citation `CakoniChanillo2019' on page 2 undefined on input line 79
  Citation `CakoniChanillo2019' on page 2 undefined on input line 87
  Citation `DLMF2026' on page 9 undefined on input line 39
  Citation `Huxley1984' on page 2 undefined on input line 68
  Citation `Huxley1984' on page 2 undefined on input line 87
  Citation `Keil2007' on page 2 undefined on input line 99
  Citation `LevitinStrohmaier2021' on page 2 undefined on input line 80
  Citation `LevitinStrohmaier2021' on page 2 undefined on input line 87
  Citation `Young2019' on page 2 undefined on input line 70
  Citation `Young2019' on page 2 undefined on input line 87
  Citation `Young2019' on page 3 undefined on input line 33
  Citation `Young2019' on page 4 undefined on input line 141
  Citation `Young2019' on page 4 undefined on input line 76
  Reference `eq:FE' on page 5 undefined on input line 155
  Reference `eq:Fourier' on page 3 undefined on input line 47
  Reference `eq:H-xi' on page 9 undefined on input line 32
  Reference `eq:Young-summand' on page 4 undefined on input line 108
  Reference `eq:Young-summand' on page 4 undefined on input line 114
  Reference `eq:central-eigenvalues' on page 7 undefined on input line 171
  Reference `eq:completion' on page 11 undefined on input line 60
  Reference `eq:completion' on page 9 undefined on input line 53
  Reference `eq:difference-eigenvalue' on page 7 undefined on input line 170
  Reference `eq:difference-images' on page 6 undefined on input line 63
  Reference `eq:difference-vectors' on page 12 undefined on input line 152
  Reference `eq:even-Q' on page 6 undefined on input line 89
  Reference `eq:finite-Euler' on page 10 undefined on input line 159
  Reference `eq:fixed-FE' on page 5 undefined on input line 178
  Reference `eq:fixed-FE' on page 5 undefined on input line 181
  Reference `eq:global-A' on page 12 undefined on input line 113
  Reference `eq:global-A' on page 12 undefined on input line 94
  Reference `eq:global-A' on page 13 undefined on input line 195
  Reference `eq:global-A' on page 13 undefined on input line 207
  Reference `eq:h-factor' on page 9 undefined on input line 84
  Reference `eq:incoming' on page 5 undefined on input line 155
  Reference `eq:normalized-Delta' on page 10 undefined on input line 163
  Reference `eq:odd-T' on page 7 undefined on input line 142
  Reference `eq:odd-U' on page 7 undefined on input line 140
  Reference `eq:odd-vectors' on page 12 undefined on input line 154
  Reference `eq:outside-coefficient' on page 10 undefined on input line 171
  Reference `eq:outside-coefficient' on page 10 undefined on input line 187
  Reference `eq:p-square' on page 14 undefined on input line 61
  Reference `eq:p-square' on page 15 undefined on input line 68
  Reference `eq:p-square' on page 15 undefined on input line 89
  Reference `eq:paired-block' on page 11 undefined on input line 64
  Reference `eq:paired-block' on page 5 undefined on input line 184
  Reference `eq:paired-block' on page 9 undefined on input line 111
  Reference `eq:phase-condition' on page 13 undefined on input line 194
  Reference `eq:phase-condition' on page 13 undefined on input line 201
  Reference `eq:phase-condition' on page 13 undefined on input line 204
  Reference `eq:phase-condition' on page 14 undefined on input line 48
  Reference `eq:phase-identity' on page 12 undefined on input line 136
  Reference `eq:principal-C' on page 5 undefined on input line 27
  Reference `eq:principal-C' on page 6 undefined on input line 83
  Reference `eq:ramified-C' on page 10 undefined on input line 129
  Reference `eq:ramified-C' on page 11 undefined on input line 45
  Reference `eq:ramified-C' on page 12 undefined on input line 71
  Reference `eq:ramified-C' on page 15 undefined on input line 25
  Reference `eq:ramified-C' on page 4 undefined on input line 120
  Reference `eq:ramified-C' on page 4 undefined on input line 130
  Reference `eq:ramified-C' on page 4 undefined on input line 133
  Reference `eq:real-square-condition' on page 13 undefined on input line 203
  Reference `eq:real-square-condition' on page 8 undefined on input line 3
  Reference `eq:rho' on page 13 undefined on input line 182
  Reference `eq:scalar-ratio' on page 9 undefined on input line 84
  Reference `eq:tensor-C' on page 10 undefined on input line 128
  Reference `eq:tensor-C' on page 4 undefined on input line 122
  Reference `eq:unramified-C' on page 12 undefined on input line 71
  Reference `eq:unramified-C' on page 15 undefined on input line 25
  Reference `eq:unramified-C' on page 4 undefined on input line 121
  Reference `lem:extra-prime' on page 1 undefined on input line 92
  Reference `lem:full-Fourier' on page 1 undefined on input line 185
  Reference `lem:local-incoming' on page 1 undefined on input line 178
  Reference `lem:local-incoming' on page 1 undefined on input line 31
  Reference `lem:phase-identity' on page 1 undefined on input line 148
  Reference `lem:phase-identity' on page 1 undefined on input line 89
  Reference `lem:scalar-ratio' on page 1 undefined on input line 152
  Reference `lem:tensor' on page 1 undefined on input line 197
  Reference `lem:unit-exponent' on page 1 undefined on input line 65
  Reference `prop:50' on page 1 undefined on input line 29
  Reference `prop:local-parity' on page 1 undefined on input line 199
  Reference `prop:local-parity' on page 1 undefined on input line 207
  Reference `prop:nonreal-obstruction' on page 1 undefined on input line 192
  Reference `prop:nonreal-obstruction' on page 1 undefined on input line 3
  Reference `prop:paired-blocks' on page 1 undefined on input line 210
  Reference `prop:paired-blocks' on page 1 undefined on input line 218
  Reference `prop:paired-blocks' on page 1 undefined on input line 46
  Reference `prop:principal-basis' on page 1 undefined on input line 148
  Reference `prop:principal-basis' on page 1 undefined on input line 151
  Reference `prop:principal-basis' on page 1 undefined on input line 44
  Reference `sec:arithmetic' on page 3 undefined on input line 114
  Reference `sec:examples' on page 3 undefined on input line 115
  Reference `sec:fixed' on page 1 undefined on input line 110
  Reference `sec:fixed' on page 1 undefined on input line 16
  Reference `sec:fixed' on page 3 undefined on input line 108
  Reference `sec:nonreal' on page 3 undefined on input line 111
  Reference `sec:parity' on page 1 undefined on input line 35
  Reference `sec:parity' on page 3 undefined on input line 113
  Reference `sec:principal' on page 3 undefined on input line 109
  Reference `tab:boundary' on page 1 undefined on input line 3
  Reference `tab:levels' on page 1 undefined on input line 42
  Reference `tab:ownership' on page 1 undefined on input line 86
  Reference `thm:characters' on page 1 undefined on input line 114
  Reference `thm:characters' on page 1 undefined on input line 13
  Reference `thm:characters' on page 1 undefined on input line 190
  Reference `thm:characters' on page 1 undefined on input line 3
  Reference `thm:characters' on page 1 undefined on input line 65
  Reference `thm:levels' on page 1 undefined on input line 115
  Reference `thm:levels' on page 1 undefined on input line 3
  Reference `thm:levels' on page 1 undefined on input line 41
  Reference `thm:levels' on page 1 undefined on input line 44
  Reference `thm:levels' on page 1 undefined on input line 64
Latexmk: Examining '/root/autodl-tmp/hilbert-polya-structure/henon_dynamics/research_c419_c423/papers/C420_scattering_commutativity/builds/final2/main.log'
=== TeX engine is 'pdfTeX'
Latexmk: Found bibliography file(s) [references.bib]
Rule 'bibtex /root/autodl-tmp/hilbert-polya-structure/henon_dynamics/research_c419_c423/papers/C420_scattering_commutativity/builds/final2/main': File changes, etc:
   Changed files, or newly in use since previous run(s):
      '/root/autodl-tmp/hilbert-polya-structure/henon_dynamics/research_c419_c423/papers/C420_scattering_commutativity/builds/final2/main.aux'
------------
Run number 1 of rule 'bibtex /root/autodl-tmp/hilbert-polya-structure/henon_dynamics/research_c419_c423/papers/C420_scattering_commutativity/builds/final2/main'
------------
Latexmk: applying rule 'bibtex /root/autodl-tmp/hilbert-polya-structure/henon_dynamics/research_c419_c423/papers/C420_scattering_commutativity/builds/final2/main'...
------------
Running 'bibtex  "main.aux"'
------------
Latexmk: Change directory to '/root/autodl-tmp/hilbert-polya-structure/henon_dynamics/research_c419_c423/papers/C420_scattering_commutativity/builds/final2/'.
To assist finding of files in document
directory, I set
  BIBINPUTS='/root/autodl-tmp/hilbert-polya-structure/henon_dynamics/research_c419_c423/papers/C420_scattering_commutativity/paper:/root/autodl-tmp/hilbert-polya-structure/henon_dynamics/research_c419_c423/papers/C420_scattering_commutativity/builds/final2:'
  BSTINPUTS='/root/autodl-tmp/hilbert-polya-structure/henon_dynamics/research_c419_c423/papers/C420_scattering_commutativity/paper:'.
This is BibTeX, Version 0.99d (TeX Live 2022/dev/Debian)
The top-level auxiliary file: main.aux
The style file: plainnat.bst
Database file #1: references.bib
Rule 'pdflatex': File changes, etc:
   Changed files, or newly in use since previous run(s):
      '/root/autodl-tmp/hilbert-polya-structure/henon_dynamics/research_c419_c423/papers/C420_scattering_commutativity/builds/final2/main.aux'
      '/root/autodl-tmp/hilbert-polya-structure/henon_dynamics/research_c419_c423/papers/C420_scattering_commutativity/builds/final2/main.bbl'
      '/root/autodl-tmp/hilbert-polya-structure/henon_dynamics/research_c419_c423/papers/C420_scattering_commutativity/builds/final2/main.out'
------------
Run number 2 of rule 'pdflatex'
------------
------------
Running 'pdflatex  -interaction=nonstopmode -halt-on-error -file-line-error -recorder -output-directory="/root/autodl-tmp/hilbert-polya-structure/henon_dynamics/research_c419_c423/papers/C420_scattering_commutativity/builds/final2"  "main.tex"'
------------
Latexmk: Change directory back to '/root/autodl-tmp/hilbert-polya-structure/henon_dynamics/research_c419_c423/papers/C420_scattering_commutativity/paper'
Latexmk: applying rule 'pdflatex'...
This is pdfTeX, Version 3.141592653-2.6-1.40.22 (TeX Live 2022/dev/Debian) (preloaded format=pdflatex)
 restricted \write18 enabled.
entering extended mode
(./main.tex
LaTeX2e <2021-11-15> patch level 1
L3 programming layer <2022-01-21>
(/usr/share/texlive/texmf-dist/tex/latex/base/article.cls
Document Class: article 2021/10/04 v1.4n Standard LaTeX document class
(/usr/share/texlive/texmf-dist/tex/latex/base/size11.clo))
(/usr/share/texlive/texmf-dist/tex/latex/base/fontenc.sty)
(/usr/share/texlive/texmf-dist/tex/latex/base/inputenc.sty)
(/usr/share/texmf/tex/latex/lm/lmodern.sty)
(/usr/share/texlive/texmf-dist/tex/latex/geometry/geometry.sty
(/usr/share/texlive/texmf-dist/tex/latex/graphics/keyval.sty)
(/usr/share/texlive/texmf-dist/tex/generic/iftex/ifvtex.sty
(/usr/share/texlive/texmf-dist/tex/generic/iftex/iftex.sty)))
(/usr/share/texlive/texmf-dist/tex/latex/amsmath/amsmath.sty
For additional information on amsmath, use the `?' option.
(/usr/share/texlive/texmf-dist/tex/latex/amsmath/amstext.sty
(/usr/share/texlive/texmf-dist/tex/latex/amsmath/amsgen.sty))
(/usr/share/texlive/texmf-dist/tex/latex/amsmath/amsbsy.sty)
(/usr/share/texlive/texmf-dist/tex/latex/amsmath/amsopn.sty))
(/usr/share/texlive/texmf-dist/tex/latex/amsfonts/amssymb.sty
(/usr/share/texlive/texmf-dist/tex/latex/amsfonts/amsfonts.sty))
(/usr/share/texlive/texmf-dist/tex/latex/amscls/amsthm.sty)
(/usr/share/texlive/texmf-dist/tex/latex/mathtools/mathtools.sty
(/usr/share/texlive/texmf-dist/tex/latex/tools/calc.sty)
(/usr/share/texlive/texmf-dist/tex/latex/mathtools/mhsetup.sty))
(/usr/share/texlive/texmf-dist/tex/latex/booktabs/booktabs.sty)
(/usr/share/texlive/texmf-dist/tex/latex/tools/tabularx.sty
(/usr/share/texlive/texmf-dist/tex/latex/tools/array.sty))
(/usr/share/texlive/texmf-dist/tex/latex/microtype/microtype.sty
(/usr/share/texlive/texmf-dist/tex/latex/etoolbox/etoolbox.sty)
(/usr/share/texlive/texmf-dist/tex/latex/microtype/microtype-pdftex.def)
(/usr/share/texlive/texmf-dist/tex/latex/microtype/microtype.cfg))
(/usr/share/texlive/texmf-dist/tex/latex/natbib/natbib.sty)
(/usr/share/texlive/texmf-dist/tex/latex/hyperref/hyperref.sty
(/usr/share/texlive/texmf-dist/tex/generic/ltxcmds/ltxcmds.sty)
(/usr/share/texlive/texmf-dist/tex/generic/pdftexcmds/pdftexcmds.sty
(/usr/share/texlive/texmf-dist/tex/generic/infwarerr/infwarerr.sty))
(/usr/share/texlive/texmf-dist/tex/generic/kvsetkeys/kvsetkeys.sty)
(/usr/share/texlive/texmf-dist/tex/generic/kvdefinekeys/kvdefinekeys.sty)
(/usr/share/texlive/texmf-dist/tex/generic/pdfescape/pdfescape.sty)
(/usr/share/texlive/texmf-dist/tex/latex/hycolor/hycolor.sty)
(/usr/share/texlive/texmf-dist/tex/latex/letltxmacro/letltxmacro.sty)
(/usr/share/texlive/texmf-dist/tex/latex/auxhook/auxhook.sty)
(/usr/share/texlive/texmf-dist/tex/latex/kvoptions/kvoptions.sty)
(/usr/share/texlive/texmf-dist/tex/latex/hyperref/pd1enc.def)
(/usr/share/texlive/texmf-dist/tex/latex/hyperref/hyperref-langpatches.def)
(/usr/share/texlive/texmf-dist/tex/generic/intcalc/intcalc.sty)
(/usr/share/texlive/texmf-dist/tex/generic/etexcmds/etexcmds.sty)
(/usr/share/texlive/texmf-dist/tex/latex/hyperref/puenc.def)
(/usr/share/texlive/texmf-dist/tex/latex/url/url.sty)
(/usr/share/texlive/texmf-dist/tex/generic/bitset/bitset.sty
(/usr/share/texlive/texmf-dist/tex/generic/bigintcalc/bigintcalc.sty))
(/usr/share/texlive/texmf-dist/tex/latex/base/atbegshi-ltx.sty))
(/usr/share/texlive/texmf-dist/tex/latex/hyperref/hpdftex.def
(/usr/share/texlive/texmf-dist/tex/latex/base/atveryend-ltx.sty)
(/usr/share/texlive/texmf-dist/tex/latex/rerunfilecheck/rerunfilecheck.sty
(/usr/share/texlive/texmf-dist/tex/generic/uniquecounter/uniquecounter.sty)))
(/usr/share/texlive/texmf-dist/tex/latex/cleveref/cleveref.sty)
(./math_commands.tex) (./figures/latex_includes.tex)
(/usr/share/texmf/tex/latex/lm/t1lmr.fd)
(/usr/share/texlive/texmf-dist/tex/latex/l3backend/l3backend-pdftex.def)
(/root/autodl-tmp/hilbert-polya-structure/henon_dynamics/research_c419_c423/pap
ers/C420_scattering_commutativity/builds/final2/main.aux)
*geometry* driver: auto-detecting
*geometry* detected driver: pdftex
(/usr/share/texlive/texmf-dist/tex/latex/graphics/graphicx.sty
(/usr/share/texlive/texmf-dist/tex/latex/graphics/graphics.sty
(/usr/share/texlive/texmf-dist/tex/latex/graphics/trig.sty)
(/usr/share/texlive/texmf-dist/tex/latex/graphics-cfg/graphics.cfg)
(/usr/share/texlive/texmf-dist/tex/latex/graphics-def/pdftex.def
(/usr/share/texlive/texmf-dist/tex/context/base/mkii/supp-pdf.mkii
[Loading MPS to PDF converter (version 2006.09.02).]
))) (/usr/share/texlive/texmf-dist/tex/latex/epstopdf-pkg/epstopdf-base.sty
(/usr/share/texlive/texmf-dist/tex/latex/latexconfig/epstopdf-sys.cfg)))
(/usr/share/texlive/texmf-dist/tex/latex/microtype/mt-cmr.cfg)
(/usr/share/texlive/texmf-dist/tex/latex/hyperref/nameref.sty
(/usr/share/texlive/texmf-dist/tex/latex/refcount/refcount.sty)
(/usr/share/texlive/texmf-dist/tex/generic/gettitlestring/gettitlestring.sty))
(/root/autodl-tmp/hilbert-polya-structure/henon_dynamics/research_c419_c423/pap
ers/C420_scattering_commutativity/builds/final2/main.out)
(/root/autodl-tmp/hilbert-polya-structure/henon_dynamics/research_c419_c423/pap
ers/C420_scattering_commutativity/builds/final2/main.out)
(/usr/share/texmf/tex/latex/lm/ot1lmr.fd)
(/usr/share/texmf/tex/latex/lm/omllmm.fd)
(/usr/share/texmf/tex/latex/lm/omslmsy.fd)
(/usr/share/texmf/tex/latex/lm/omxlmex.fd)
(/usr/share/texlive/texmf-dist/tex/latex/amsfonts/umsa.fd)
(/usr/share/texlive/texmf-dist/tex/latex/microtype/mt-msa.cfg)
(/usr/share/texlive/texmf-dist/tex/latex/amsfonts/umsb.fd)
(/usr/share/texlive/texmf-dist/tex/latex/microtype/mt-msb.cfg)
(./sections/0_abstract.tex) (./sections/1_introduction.tex [1{/var/lib/texmf/fo
nts/map/pdftex/updmap/pdftex.map}]

Package natbib Warning: Citation `Huxley1984' on page 2 undefined on input line
 68.


Package natbib Warning: Citation `Young2019' on page 2 undefined on input line 
70.


Package natbib Warning: Citation `BookerLeeStrombergsson2020' on page 2 undefin
ed on input line 72.


Package natbib Warning: Citation `CakoniChanillo2019' on page 2 undefined on in
put line 79.


Package natbib Warning: Citation `LevitinStrohmaier2021' on page 2 undefined on
 input line 80.


Package natbib Warning: Citation `Huxley1984' on page 2 undefined on input line
 87.


Package natbib Warning: Citation `Young2019' on page 2 undefined on input line 
87.


Package natbib Warning: Citation `BookerLeeStrombergsson2020' on page 2 undefin
ed on input line 87.


Package natbib Warning: Citation `CakoniChanillo2019' on page 2 undefined on in
put line 87.


Package natbib Warning: Citation `LevitinStrohmaier2021' on page 2 undefined on
 input line 87.


Package natbib Warning: Citation `Keil2007' on page 2 undefined on input line 9
9.

[2]) (./sections/2_fixed_cusp_blocks.tex
(/usr/share/texlive/texmf-dist/tex/latex/amsfonts/ueuf.fd)
(/usr/share/texlive/texmf-dist/tex/latex/microtype/mt-euf.cfg)

Package natbib Warning: Citation `Young2019' on page 3 undefined on input line 
33.

[3]

Package natbib Warning: Citation `Young2019' on page 4 undefined on input line 
76.


Package natbib Warning: Citation `Young2019' on page 4 undefined on input line 
141.

[4]) (./sections/3_principal_basis.tex [5] [6] [7]

Package natbib Warning: Citation `BookerLeeStrombergsson2020' on page 8 undefin
ed on input line 199.

) (./sections/4_nonreal_square.tex [8]

Package natbib Warning: Citation `DLMF2026' on page 9 undefined on input line 3
9.

[9] [10]) (./sections/5_phase_parity.tex [11] [12] [13])
(./sections/6_arithmetic.tex [14]) (./sections/7_boundary_levels.tex [15])
(./sections/8_scope.tex [16])
(/root/autodl-tmp/hilbert-polya-structure/henon_dynamics/research_c419_c423/pap
ers/C420_scattering_commutativity/builds/final2/main.bbl
(/usr/share/texmf/tex/latex/lm/t1lmtt.fd) [17])

Package natbib Warning: There were undefined citations.

[18]
(/root/autodl-tmp/hilbert-polya-structure/henon_dynamics/research_c419_c423/pap
ers/C420_scattering_commutativity/builds/final2/main.aux

Package natbib Warning: Citation(s) may have changed.
(natbib)                Rerun to get citations correct.

)

LaTeX Warning: Label(s) may have changed. Rerun to get cross-references right.

 ){/usr/share/texmf/fonts/enc/dvips/lm/lm-ec.enc}{/usr/share/texmf/fonts/enc/dv
ips/lm/lm-mathit.enc}{/usr/share/texmf/fonts/enc/dvips/lm/lm-rm.enc}{/usr/share
/texmf/fonts/enc/dvips/lm/lm-mathsy.enc}{/usr/share/texmf/fonts/enc/dvips/lm/lm
-mathex.enc}</usr/share/texlive/texmf-dist/fonts/type1/public/amsfonts/euler/eu
fm10.pfb></usr/share/texlive/texmf-dist/fonts/type1/public/amsfonts/euler/eufm7
.pfb></usr/share/texmf/fonts/type1/public/lm/lmbx10.pfb></usr/share/texmf/fonts
/type1/public/lm/lmbx12.pfb></usr/share/texmf/fonts/type1/public/lm/lmex10.pfb>
</usr/share/texmf/fonts/type1/public/lm/lmmi10.pfb></usr/share/texmf/fonts/type
1/public/lm/lmmi12.pfb></usr/share/texmf/fonts/type1/public/lm/lmmi6.pfb></usr/
share/texmf/fonts/type1/public/lm/lmmi7.pfb></usr/share/texmf/fonts/type1/publi
c/lm/lmmi8.pfb></usr/share/texmf/fonts/type1/public/lm/lmr10.pfb></usr/share/te
xmf/fonts/type1/public/lm/lmr12.pfb></usr/share/texmf/fonts/type1/public/lm/lmr
17.pfb></usr/share/texmf/fonts/type1/public/lm/lmr6.pfb></usr/share/texmf/fonts
/type1/public/lm/lmr7.pfb></usr/share/texmf/fonts/type1/public/lm/lmr8.pfb></us
r/share/texmf/fonts/type1/public/lm/lmri10.pfb></usr/share/texmf/fonts/type1/pu
blic/lm/lmsy10.pfb></usr/share/texmf/fonts/type1/public/lm/lmsy6.pfb></usr/shar
e/texmf/fonts/type1/public/lm/lmsy8.pfb></usr/share/texmf/fonts/type1/public/lm
/lmtt10.pfb></usr/share/texlive/texmf-dist/fonts/type1/public/amsfonts/symbols/
msam10.pfb></usr/share/texlive/texmf-dist/fonts/type1/public/amsfonts/symbols/m
sbm10.pfb>
Output written on /root/autodl-tmp/hilbert-polya-structure/henon_dynamics/resea
rch_c419_c423/papers/C420_scattering_commutativity/builds/final2/main.pdf (18 p
ages, 427797 bytes).
Transcript written on /root/autodl-tmp/hilbert-polya-structure/henon_dynamics/r
esearch_c419_c423/papers/C420_scattering_commutativity/builds/final2/main.log.
Latexmk: Found input bbl file '/root/autodl-tmp/hilbert-polya-structure/henon_dynamics/research_c419_c423/papers/C420_scattering_commutativity/builds/final2/main.bbl'
Latexmk: References changed.
Latexmk: References changed.
Latexmk: Log file says output to '/root/autodl-tmp/hilbert-polya-structure/henon_dynamics/research_c419_c423/papers/C420_scattering_commutativity/builds/final2/main.pdf'
Latexmk: List of undefined refs and citations:
  Citation `BookerLeeStrombergsson2020' on page 2 undefined on input line 72
  Citation `BookerLeeStrombergsson2020' on page 2 undefined on input line 87
  Citation `BookerLeeStrombergsson2020' on page 8 undefined on input line 199
  Citation `CakoniChanillo2019' on page 2 undefined on input line 79
  Citation `CakoniChanillo2019' on page 2 undefined on input line 87
  Citation `DLMF2026' on page 9 undefined on input line 39
  Citation `Huxley1984' on page 2 undefined on input line 68
  Citation `Huxley1984' on page 2 undefined on input line 87
  Citation `Keil2007' on page 2 undefined on input line 99
  Citation `LevitinStrohmaier2021' on page 2 undefined on input line 80
  Citation `LevitinStrohmaier2021' on page 2 undefined on input line 87
  Citation `Young2019' on page 2 undefined on input line 70
  Citation `Young2019' on page 2 undefined on input line 87
  Citation `Young2019' on page 3 undefined on input line 33
  Citation `Young2019' on page 4 undefined on input line 141
  Citation `Young2019' on page 4 undefined on input line 76
Latexmk: Examining '/root/autodl-tmp/hilbert-polya-structure/henon_dynamics/research_c419_c423/papers/C420_scattering_commutativity/builds/final2/main.log'
=== TeX engine is 'pdfTeX'
Latexmk: Found bibliography file(s) [references.bib]
Rule 'bibtex /root/autodl-tmp/hilbert-polya-structure/henon_dynamics/research_c419_c423/papers/C420_scattering_commutativity/builds/final2/main': File changes, etc:
   Changed files, or newly in use since previous run(s):
      '/root/autodl-tmp/hilbert-polya-structure/henon_dynamics/research_c419_c423/papers/C420_scattering_commutativity/builds/final2/main.aux'
------------
Run number 2 of rule 'bibtex /root/autodl-tmp/hilbert-polya-structure/henon_dynamics/research_c419_c423/papers/C420_scattering_commutativity/builds/final2/main'
------------
Latexmk: applying rule 'bibtex /root/autodl-tmp/hilbert-polya-structure/henon_dynamics/research_c419_c423/papers/C420_scattering_commutativity/builds/final2/main'...
------------
Running 'bibtex  "main.aux"'
------------
Latexmk: Change directory to '/root/autodl-tmp/hilbert-polya-structure/henon_dynamics/research_c419_c423/papers/C420_scattering_commutativity/builds/final2/'.
To assist finding of files in document
directory, I set
  BIBINPUTS='/root/autodl-tmp/hilbert-polya-structure/henon_dynamics/research_c419_c423/papers/C420_scattering_commutativity/paper:/root/autodl-tmp/hilbert-polya-structure/henon_dynamics/research_c419_c423/papers/C420_scattering_commutativity/builds/final2:'
  BSTINPUTS='/root/autodl-tmp/hilbert-polya-structure/henon_dynamics/research_c419_c423/papers/C420_scattering_commutativity/paper:'.
This is BibTeX, Version 0.99d (TeX Live 2022/dev/Debian)
The top-level auxiliary file: main.aux
The style file: plainnat.bst
Database file #1: references.bib
Rule 'pdflatex': File changes, etc:
   Changed files, or newly in use since previous run(s):
      '/root/autodl-tmp/hilbert-polya-structure/henon_dynamics/research_c419_c423/papers/C420_scattering_commutativity/builds/final2/main.aux'
------------
Run number 3 of rule 'pdflatex'
------------
------------
Running 'pdflatex  -interaction=nonstopmode -halt-on-error -file-line-error -recorder -output-directory="/root/autodl-tmp/hilbert-polya-structure/henon_dynamics/research_c419_c423/papers/C420_scattering_commutativity/builds/final2"  "main.tex"'
------------
Latexmk: Change directory back to '/root/autodl-tmp/hilbert-polya-structure/henon_dynamics/research_c419_c423/papers/C420_scattering_commutativity/paper'
Latexmk: applying rule 'pdflatex'...
This is pdfTeX, Version 3.141592653-2.6-1.40.22 (TeX Live 2022/dev/Debian) (preloaded format=pdflatex)
 restricted \write18 enabled.
entering extended mode
(./main.tex
LaTeX2e <2021-11-15> patch level 1
L3 programming layer <2022-01-21>
(/usr/share/texlive/texmf-dist/tex/latex/base/article.cls
Document Class: article 2021/10/04 v1.4n Standard LaTeX document class
(/usr/share/texlive/texmf-dist/tex/latex/base/size11.clo))
(/usr/share/texlive/texmf-dist/tex/latex/base/fontenc.sty)
(/usr/share/texlive/texmf-dist/tex/latex/base/inputenc.sty)
(/usr/share/texmf/tex/latex/lm/lmodern.sty)
(/usr/share/texlive/texmf-dist/tex/latex/geometry/geometry.sty
(/usr/share/texlive/texmf-dist/tex/latex/graphics/keyval.sty)
(/usr/share/texlive/texmf-dist/tex/generic/iftex/ifvtex.sty
(/usr/share/texlive/texmf-dist/tex/generic/iftex/iftex.sty)))
(/usr/share/texlive/texmf-dist/tex/latex/amsmath/amsmath.sty
For additional information on amsmath, use the `?' option.
(/usr/share/texlive/texmf-dist/tex/latex/amsmath/amstext.sty
(/usr/share/texlive/texmf-dist/tex/latex/amsmath/amsgen.sty))
(/usr/share/texlive/texmf-dist/tex/latex/amsmath/amsbsy.sty)
(/usr/share/texlive/texmf-dist/tex/latex/amsmath/amsopn.sty))
(/usr/share/texlive/texmf-dist/tex/latex/amsfonts/amssymb.sty
(/usr/share/texlive/texmf-dist/tex/latex/amsfonts/amsfonts.sty))
(/usr/share/texlive/texmf-dist/tex/latex/amscls/amsthm.sty)
(/usr/share/texlive/texmf-dist/tex/latex/mathtools/mathtools.sty
(/usr/share/texlive/texmf-dist/tex/latex/tools/calc.sty)
(/usr/share/texlive/texmf-dist/tex/latex/mathtools/mhsetup.sty))
(/usr/share/texlive/texmf-dist/tex/latex/booktabs/booktabs.sty)
(/usr/share/texlive/texmf-dist/tex/latex/tools/tabularx.sty
(/usr/share/texlive/texmf-dist/tex/latex/tools/array.sty))
(/usr/share/texlive/texmf-dist/tex/latex/microtype/microtype.sty
(/usr/share/texlive/texmf-dist/tex/latex/etoolbox/etoolbox.sty)
(/usr/share/texlive/texmf-dist/tex/latex/microtype/microtype-pdftex.def)
(/usr/share/texlive/texmf-dist/tex/latex/microtype/microtype.cfg))
(/usr/share/texlive/texmf-dist/tex/latex/natbib/natbib.sty)
(/usr/share/texlive/texmf-dist/tex/latex/hyperref/hyperref.sty
(/usr/share/texlive/texmf-dist/tex/generic/ltxcmds/ltxcmds.sty)
(/usr/share/texlive/texmf-dist/tex/generic/pdftexcmds/pdftexcmds.sty
(/usr/share/texlive/texmf-dist/tex/generic/infwarerr/infwarerr.sty))
(/usr/share/texlive/texmf-dist/tex/generic/kvsetkeys/kvsetkeys.sty)
(/usr/share/texlive/texmf-dist/tex/generic/kvdefinekeys/kvdefinekeys.sty)
(/usr/share/texlive/texmf-dist/tex/generic/pdfescape/pdfescape.sty)
(/usr/share/texlive/texmf-dist/tex/latex/hycolor/hycolor.sty)
(/usr/share/texlive/texmf-dist/tex/latex/letltxmacro/letltxmacro.sty)
(/usr/share/texlive/texmf-dist/tex/latex/auxhook/auxhook.sty)
(/usr/share/texlive/texmf-dist/tex/latex/kvoptions/kvoptions.sty)
(/usr/share/texlive/texmf-dist/tex/latex/hyperref/pd1enc.def)
(/usr/share/texlive/texmf-dist/tex/latex/hyperref/hyperref-langpatches.def)
(/usr/share/texlive/texmf-dist/tex/generic/intcalc/intcalc.sty)
(/usr/share/texlive/texmf-dist/tex/generic/etexcmds/etexcmds.sty)
(/usr/share/texlive/texmf-dist/tex/latex/hyperref/puenc.def)
(/usr/share/texlive/texmf-dist/tex/latex/url/url.sty)
(/usr/share/texlive/texmf-dist/tex/generic/bitset/bitset.sty
(/usr/share/texlive/texmf-dist/tex/generic/bigintcalc/bigintcalc.sty))
(/usr/share/texlive/texmf-dist/tex/latex/base/atbegshi-ltx.sty))
(/usr/share/texlive/texmf-dist/tex/latex/hyperref/hpdftex.def
(/usr/share/texlive/texmf-dist/tex/latex/base/atveryend-ltx.sty)
(/usr/share/texlive/texmf-dist/tex/latex/rerunfilecheck/rerunfilecheck.sty
(/usr/share/texlive/texmf-dist/tex/generic/uniquecounter/uniquecounter.sty)))
(/usr/share/texlive/texmf-dist/tex/latex/cleveref/cleveref.sty)
(./math_commands.tex) (./figures/latex_includes.tex)
(/usr/share/texmf/tex/latex/lm/t1lmr.fd)
(/usr/share/texlive/texmf-dist/tex/latex/l3backend/l3backend-pdftex.def)
(/root/autodl-tmp/hilbert-polya-structure/henon_dynamics/research_c419_c423/pap
ers/C420_scattering_commutativity/builds/final2/main.aux)
*geometry* driver: auto-detecting
*geometry* detected driver: pdftex
(/usr/share/texlive/texmf-dist/tex/latex/graphics/graphicx.sty
(/usr/share/texlive/texmf-dist/tex/latex/graphics/graphics.sty
(/usr/share/texlive/texmf-dist/tex/latex/graphics/trig.sty)
(/usr/share/texlive/texmf-dist/tex/latex/graphics-cfg/graphics.cfg)
(/usr/share/texlive/texmf-dist/tex/latex/graphics-def/pdftex.def
(/usr/share/texlive/texmf-dist/tex/context/base/mkii/supp-pdf.mkii
[Loading MPS to PDF converter (version 2006.09.02).]
))) (/usr/share/texlive/texmf-dist/tex/latex/epstopdf-pkg/epstopdf-base.sty
(/usr/share/texlive/texmf-dist/tex/latex/latexconfig/epstopdf-sys.cfg)))
(/usr/share/texlive/texmf-dist/tex/latex/microtype/mt-cmr.cfg)
(/usr/share/texlive/texmf-dist/tex/latex/hyperref/nameref.sty
(/usr/share/texlive/texmf-dist/tex/latex/refcount/refcount.sty)
(/usr/share/texlive/texmf-dist/tex/generic/gettitlestring/gettitlestring.sty))
(/root/autodl-tmp/hilbert-polya-structure/henon_dynamics/research_c419_c423/pap
ers/C420_scattering_commutativity/builds/final2/main.out)
(/root/autodl-tmp/hilbert-polya-structure/henon_dynamics/research_c419_c423/pap
ers/C420_scattering_commutativity/builds/final2/main.out)
(/usr/share/texmf/tex/latex/lm/ot1lmr.fd)
(/usr/share/texmf/tex/latex/lm/omllmm.fd)
(/usr/share/texmf/tex/latex/lm/omslmsy.fd)
(/usr/share/texmf/tex/latex/lm/omxlmex.fd)
(/usr/share/texlive/texmf-dist/tex/latex/amsfonts/umsa.fd)
(/usr/share/texlive/texmf-dist/tex/latex/microtype/mt-msa.cfg)
(/usr/share/texlive/texmf-dist/tex/latex/amsfonts/umsb.fd)
(/usr/share/texlive/texmf-dist/tex/latex/microtype/mt-msb.cfg)
(./sections/0_abstract.tex) (./sections/1_introduction.tex [1{/var/lib/texmf/fo
nts/map/pdftex/updmap/pdftex.map}] [2]) (./sections/2_fixed_cusp_blocks.tex
(/usr/share/texlive/texmf-dist/tex/latex/amsfonts/ueuf.fd)
(/usr/share/texlive/texmf-dist/tex/latex/microtype/mt-euf.cfg) [3] [4])
(./sections/3_principal_basis.tex [5] [6] [7]) (./sections/4_nonreal_square.tex
[8] [9] [10]) (./sections/5_phase_parity.tex [11] [12] [13])
(./sections/6_arithmetic.tex [14]) (./sections/7_boundary_levels.tex [15])
(./sections/8_scope.tex [16])
(/root/autodl-tmp/hilbert-polya-structure/henon_dynamics/research_c419_c423/pap
ers/C420_scattering_commutativity/builds/final2/main.bbl
(/usr/share/texmf/tex/latex/lm/t1lmtt.fd) [17]) [18]
(/root/autodl-tmp/hilbert-polya-structure/henon_dynamics/research_c419_c423/pap
ers/C420_scattering_commutativity/builds/final2/main.aux) ){/usr/share/texmf/fo
nts/enc/dvips/lm/lm-ec.enc}{/usr/share/texmf/fonts/enc/dvips/lm/lm-mathit.enc}{
/usr/share/texmf/fonts/enc/dvips/lm/lm-rm.enc}{/usr/share/texmf/fonts/enc/dvips
/lm/lm-mathsy.enc}{/usr/share/texmf/fonts/enc/dvips/lm/lm-mathex.enc}</usr/shar
e/texlive/texmf-dist/fonts/type1/public/amsfonts/euler/eufm10.pfb></usr/share/t
exlive/texmf-dist/fonts/type1/public/amsfonts/euler/eufm7.pfb></usr/share/texmf
/fonts/type1/public/lm/lmbx10.pfb></usr/share/texmf/fonts/type1/public/lm/lmbx1
2.pfb></usr/share/texmf/fonts/type1/public/lm/lmex10.pfb></usr/share/texmf/font
s/type1/public/lm/lmmi10.pfb></usr/share/texmf/fonts/type1/public/lm/lmmi12.pfb
></usr/share/texmf/fonts/type1/public/lm/lmmi6.pfb></usr/share/texmf/fonts/type
1/public/lm/lmmi7.pfb></usr/share/texmf/fonts/type1/public/lm/lmmi8.pfb></usr/s
hare/texmf/fonts/type1/public/lm/lmr10.pfb></usr/share/texmf/fonts/type1/public
/lm/lmr12.pfb></usr/share/texmf/fonts/type1/public/lm/lmr17.pfb></usr/share/tex
mf/fonts/type1/public/lm/lmr6.pfb></usr/share/texmf/fonts/type1/public/lm/lmr7.
pfb></usr/share/texmf/fonts/type1/public/lm/lmr8.pfb></usr/share/texmf/fonts/ty
pe1/public/lm/lmri10.pfb></usr/share/texmf/fonts/type1/public/lm/lmsy10.pfb></u
sr/share/texmf/fonts/type1/public/lm/lmsy6.pfb></usr/share/texmf/fonts/type1/pu
blic/lm/lmsy8.pfb></usr/share/texmf/fonts/type1/public/lm/lmtt10.pfb></usr/shar
e/texlive/texmf-dist/fonts/type1/public/amsfonts/symbols/msam10.pfb></usr/share
/texlive/texmf-dist/fonts/type1/public/amsfonts/symbols/msbm10.pfb>
Output written on /root/autodl-tmp/hilbert-polya-structure/henon_dynamics/resea
rch_c419_c423/papers/C420_scattering_commutativity/builds/final2/main.pdf (18 p
ages, 428401 bytes).
Transcript written on /root/autodl-tmp/hilbert-polya-structure/henon_dynamics/r
esearch_c419_c423/papers/C420_scattering_commutativity/builds/final2/main.log.
Latexmk: Found input bbl file '/root/autodl-tmp/hilbert-polya-structure/henon_dynamics/research_c419_c423/papers/C420_scattering_commutativity/builds/final2/main.bbl'
Latexmk: Log file says output to '/root/autodl-tmp/hilbert-polya-structure/henon_dynamics/research_c419_c423/papers/C420_scattering_commutativity/builds/final2/main.pdf'
Latexmk: Examining '/root/autodl-tmp/hilbert-polya-structure/henon_dynamics/research_c419_c423/papers/C420_scattering_commutativity/builds/final2/main.log'
=== TeX engine is 'pdfTeX'
Latexmk: Found bibliography file(s) [references.bib]
Latexmk: All targets (/root/autodl-tmp/hilbert-polya-structure/henon_dynamics/research_c419_c423/papers/C420_scattering_commutativity/builds/final2/main.pdf) are up-to-date
