	linux-vdso.so.1 (0x00007ffebc333000)
	libpoppler.so.118 => /usr/lib/x86_64-linux-gnu/libpoppler.so.118 (0x00007f09c7618000)
	libstdc++.so.6 => /usr/lib/x86_64-linux-gnu/libstdc++.so.6 (0x00007f09c73ec000)
	libc.so.6 => /usr/lib/x86_64-linux-gnu/libc.so.6 (0x00007f09c71c3000)
	libfreetype.so.6 => /usr/lib/x86_64-linux-gnu/libfreetype.so.6 (0x00007f09c70fb000)
	libfontconfig.so.1 => /usr/lib/x86_64-linux-gnu/libfontconfig.so.1 (0x00007f09c70b1000)
	libjpeg.so.8 => /usr/lib/x86_64-linux-gnu/libjpeg.so.8 (0x00007f09c702e000)
	libz.so.1 => /usr/lib/x86_64-linux-gnu/libz.so.1 (0x00007f09c7012000)
	libopenjp2.so.7 => /usr/lib/x86_64-linux-gnu/libopenjp2.so.7 (0x00007f09c6fba000)
	liblcms2.so.2 => /usr/lib/x86_64-linux-gnu/liblcms2.so.2 (0x00007f09c6f58000)
	libpng16.so.16 => /usr/lib/x86_64-linux-gnu/libpng16.so.16 (0x00007f09c6f1d000)
	libtiff.so.5 => /usr/lib/x86_64-linux-gnu/libtiff.so.5 (0x00007f09c6e95000)
	libnss3.so => /usr/lib/x86_64-linux-gnu/libnss3.so (0x00007f09c6d62000)
	libsmime3.so => /usr/lib/x86_64-linux-gnu/libsmime3.so (0x00007f09c6d38000)
	libplc4.so => /usr/lib/x86_64-linux-gnu/libplc4.so (0x00007f09c6d31000)
	libnspr4.so => /usr/lib/x86_64-linux-gnu/libnspr4.so (0x00007f09c6cf1000)
	libm.so.6 => /usr/lib/x86_64-linux-gnu/libm.so.6 (0x00007f09c6c0a000)
	/lib64/ld-linux-x86-64.so.2 (0x00007f09c798c000)
	libgcc_s.so.1 => /usr/lib/x86_64-linux-gnu/libgcc_s.so.1 (0x00007f09c6bea000)
	libbrotlidec.so.1 => /usr/lib/x86_64-linux-gnu/libbrotlidec.so.1 (0x00007f09c6bda000)
	libexpat.so.1 => /usr/lib/x86_64-linux-gnu/libexpat.so.1 (0x00007f09c6ba9000)
	libuuid.so.1 => /usr/lib/x86_64-linux-gnu/libuuid.so.1 (0x00007f09c6ba0000)
	libwebp.so.7 => /usr/lib/x86_64-linux-gnu/libwebp.so.7 (0x00007f09c6b33000)
	libzstd.so.1 => /usr/lib/x86_64-linux-gnu/libzstd.so.1 (0x00007f09c6a64000)
	liblzma.so.5 => /usr/lib/x86_64-linux-gnu/liblzma.so.5 (0x00007f09c6a37000)
	libjbig.so.0 => /usr/lib/x86_64-linux-gnu/libjbig.so.0 (0x00007f09c6a26000)
	libdeflate.so.0 => /usr/lib/x86_64-linux-gnu/libdeflate.so.0 (0x00007f09c6a02000)
	libnssutil3.so => /usr/lib/x86_64-linux-gnu/libnssutil3.so (0x00007f09c69cf000)
	libplds4.so => /usr/lib/x86_64-linux-gnu/libplds4.so (0x00007f09c69ca000)
	libbrotlicommon.so.1 => /usr/lib/x86_64-linux-gnu/libbrotlicommon.so.1 (0x00007f09c69a5000)
