ARTIFACT_AUDIT.json: OK
CANDIDATE_GATE.md: OK
CANONICAL.json: OK
FAILED_LAUNCH_01.md: OK
FINDINGS.json: OK
INITIAL_CHECKS.json: OK
INPUT_CAPTURE.json: OK
INPUT_PINS.sha256: OK
PRE_AUTHOR_CODE_COMMITMENT.md: OK
REPLAY_LOG.md: OK
SEAL_VALIDATION.json: OK
SOURCE_AND_PROOF.md: OK
SUPPLEMENT_CAPTURE.json: OK
SUPPLEMENT_INPUTS.sha256: OK
VALIDATION_INPUTS.sha256: OK
audit_artifacts.py: OK
bootstrap.py: OK
capture_inputs.py: OK
comparison/RECEIPT.json: OK
comparison/after.json: OK
comparison/before.json: OK
comparison/canonical_01.command.json: OK
comparison/canonical_01.stderr: OK
comparison/canonical_01.stdout: OK
comparison/canonical_02.command.json: OK
comparison/canonical_02.stderr: OK
comparison/canonical_02.stdout: OK
comparison/pair.command.json: OK
comparison/pair.stderr: OK
comparison/pair.stdout: OK
extract_sections.py: OK
final_input_pin_check.stderr: OK
final_input_pin_check.stdout: OK
history_discovery/RECEIPT.json: OK
history_discovery/after.json: OK
history_discovery/before.json: OK
history_discovery/inventory.command.json: OK
history_discovery/inventory.stderr: OK
history_discovery/inventory.stdout: OK
history_discovery/inverse_00.command.json: OK
history_discovery/inverse_00.stderr: OK
history_discovery/inverse_00.stdout: OK
history_discovery/inverse_01.command.json: OK
history_discovery/inverse_01.stderr: OK
history_discovery/inverse_01.stdout: OK
history_discovery/inverse_02.command.json: OK
history_discovery/inverse_02.stderr: OK
history_discovery/inverse_02.stdout: OK
history_discovery/inverse_03.command.json: OK
history_discovery/inverse_03.stderr: OK
history_discovery/inverse_03.stdout: OK
history_discovery/inverse_04.command.json: OK
history_discovery/inverse_04.stderr: OK
history_discovery/inverse_04.stdout: OK
history_discovery/inverse_05.command.json: OK
history_discovery/inverse_05.stderr: OK
history_discovery/inverse_05.stdout: OK
history_discovery/inverse_06.command.json: OK
history_discovery/inverse_06.stderr: OK
history_discovery/inverse_06.stdout: OK
history_discovery/mechanism_00.command.json: OK
history_discovery/mechanism_00.stderr: OK
history_discovery/mechanism_00.stdout: OK
history_discovery/mechanism_01.command.json: OK
history_discovery/mechanism_01.stderr: OK
history_discovery/mechanism_01.stdout: OK
history_discovery/mechanism_02.command.json: OK
history_discovery/mechanism_02.stderr: OK
history_discovery/mechanism_02.stdout: OK
history_discovery/mechanism_03.command.json: OK
history_discovery/mechanism_03.stderr: OK
history_discovery/mechanism_03.stdout: OK
history_discovery/mechanism_04.command.json: OK
history_discovery/mechanism_04.stderr: OK
history_discovery/mechanism_04.stdout: OK
history_discovery/mechanism_05.command.json: OK
history_discovery/mechanism_05.stderr: OK
history_discovery/mechanism_05.stdout: OK
history_discovery/mechanism_06.command.json: OK
history_discovery/mechanism_06.stderr: OK
history_discovery/mechanism_06.stdout: OK
history_discovery/selected.json: OK
history_discovery/threading_00.command.json: OK
history_discovery/threading_00.stderr: OK
history_discovery/threading_00.stdout: OK
history_discovery/threading_01.command.json: OK
history_discovery/threading_01.stderr: OK
history_discovery/threading_01.stdout: OK
history_discovery/threading_02.command.json: OK
history_discovery/threading_02.stderr: OK
history_discovery/threading_02.stdout: OK
history_discovery/threading_03.command.json: OK
history_discovery/threading_03.stderr: OK
history_discovery/threading_03.stdout: OK
history_discovery/threading_04.command.json: OK
history_discovery/threading_04.stderr: OK
history_discovery/threading_04.stdout: OK
history_discovery/threading_05.command.json: OK
history_discovery/threading_05.stderr: OK
history_discovery/threading_05.stdout: OK
history_discovery/threading_06.command.json: OK
history_discovery/threading_06.stderr: OK
history_discovery/threading_06.stdout: OK
input_pin_check.stderr: OK
input_pin_check.stdout: OK
pre_author_code/kernel_v0.py: OK
public_sources/rn_TR2005_25.pdf: OK
public_sources/rn_TR2005_25.txt: OK
public_sources/tree_path_2504.02448v1.html: OK
public_sources/tree_path_selected_sections.txt: OK
record_pair.py: OK
replay_01/RECEIPT.json: OK
replay_01/child.observed.json: OK
replay_01/config.json: OK
replay_01/ldd/link_001.command.json: OK
replay_01/ldd/link_001.stderr: OK
replay_01/ldd/link_001.stdout: OK
replay_01/ldd/link_002.command.json: OK
replay_01/ldd/link_002.stderr: OK
replay_01/ldd/link_002.stdout: OK
replay_01/ldd/link_003.command.json: OK
replay_01/ldd/link_003.stderr: OK
replay_01/ldd/link_003.stdout: OK
replay_01/ldd/link_004.command.json: OK
replay_01/ldd/link_004.stderr: OK
replay_01/ldd/link_004.stdout: OK
replay_01/ldd/link_005.command.json: OK
replay_01/ldd/link_005.stderr: OK
replay_01/ldd/link_005.stdout: OK
replay_01/ldd/link_006.command.json: OK
replay_01/ldd/link_006.stderr: OK
replay_01/ldd/link_006.stdout: OK
replay_01/ldd/link_007.command.json: OK
replay_01/ldd/link_007.stderr: OK
replay_01/ldd/link_007.stdout: OK
replay_01/ldd/link_008.command.json: OK
replay_01/ldd/link_008.stderr: OK
replay_01/ldd/link_008.stdout: OK
replay_01/ldd/link_009.command.json: OK
replay_01/ldd/link_009.stderr: OK
replay_01/ldd/link_009.stdout: OK
replay_01/ldd/link_010.command.json: OK
replay_01/ldd/link_010.stderr: OK
replay_01/ldd/link_010.stdout: OK
replay_01/ldd/link_011.command.json: OK
replay_01/ldd/link_011.stderr: OK
replay_01/ldd/link_011.stdout: OK
replay_01/ldd/link_012.command.json: OK
replay_01/ldd/link_012.stderr: OK
replay_01/ldd/link_012.stdout: OK
replay_01/ldd/link_013.command.json: OK
replay_01/ldd/link_013.stderr: OK
replay_01/ldd/link_013.stdout: OK
replay_01/ldd/link_014.command.json: OK
replay_01/ldd/link_014.stderr: OK
replay_01/ldd/link_014.stdout: OK
replay_01/ldd/link_015.command.json: OK
replay_01/ldd/link_015.stderr: OK
replay_01/ldd/link_015.stdout: OK
replay_01/ldd/link_016.command.json: OK
replay_01/ldd/link_016.stderr: OK
replay_01/ldd/link_016.stdout: OK
replay_01/ldd/link_017.command.json: OK
replay_01/ldd/link_017.stderr: OK
replay_01/ldd/link_017.stdout: OK
replay_01/ldd/link_018.command.json: OK
replay_01/ldd/link_018.stderr: OK
replay_01/ldd/link_018.stdout: OK
replay_01/ldd/link_019.command.json: OK
replay_01/ldd/link_019.stderr: OK
replay_01/ldd/link_019.stdout: OK
replay_01/ldd/link_020.command.json: OK
replay_01/ldd/link_020.stderr: OK
replay_01/ldd/link_020.stdout: OK
replay_01/ldd/link_021.command.json: OK
replay_01/ldd/link_021.stderr: OK
replay_01/ldd/link_021.stdout: OK
replay_01/ldd/link_022.command.json: OK
replay_01/ldd/link_022.stderr: OK
replay_01/ldd/link_022.stdout: OK
replay_01/ldd/link_023.command.json: OK
replay_01/ldd/link_023.stderr: OK
replay_01/ldd/link_023.stdout: OK
replay_01/ldd/link_024.command.json: OK
replay_01/ldd/link_024.stderr: OK
replay_01/ldd/link_024.stdout: OK
replay_01/ldd/link_025.command.json: OK
replay_01/ldd/link_025.stderr: OK
replay_01/ldd/link_025.stdout: OK
replay_01/ldd/link_026.command.json: OK
replay_01/ldd/link_026.stderr: OK
replay_01/ldd/link_026.stdout: OK
replay_01/ldd/link_027.command.json: OK
replay_01/ldd/link_027.stderr: OK
replay_01/ldd/link_027.stdout: OK
replay_01/ldd/link_028.command.json: OK
replay_01/ldd/link_028.stderr: OK
replay_01/ldd/link_028.stdout: OK
replay_01/ldd/link_029.command.json: OK
replay_01/ldd/link_029.stderr: OK
replay_01/ldd/link_029.stdout: OK
replay_01/ldd/link_030.command.json: OK
replay_01/ldd/link_030.stderr: OK
replay_01/ldd/link_030.stdout: OK
replay_01/ldd/link_031.command.json: OK
replay_01/ldd/link_031.stderr: OK
replay_01/ldd/link_031.stdout: OK
replay_01/ldd/link_032.command.json: OK
replay_01/ldd/link_032.stderr: OK
replay_01/ldd/link_032.stdout: OK
replay_01/ldd/link_033.command.json: OK
replay_01/ldd/link_033.stderr: OK
replay_01/ldd/link_033.stdout: OK
replay_01/ldd/link_034.command.json: OK
replay_01/ldd/link_034.stderr: OK
replay_01/ldd/link_034.stdout: OK
replay_01/ldd/link_035.command.json: OK
replay_01/ldd/link_035.stderr: OK
replay_01/ldd/link_035.stdout: OK
replay_01/ldd/link_036.command.json: OK
replay_01/ldd/link_036.stderr: OK
replay_01/ldd/link_036.stdout: OK
replay_01/ldd/link_037.command.json: OK
replay_01/ldd/link_037.stderr: OK
replay_01/ldd/link_037.stdout: OK
replay_01/ldd/link_038.command.json: OK
replay_01/ldd/link_038.stderr: OK
replay_01/ldd/link_038.stdout: OK
replay_01/ldd/link_039.command.json: OK
replay_01/ldd/link_039.stderr: OK
replay_01/ldd/link_039.stdout: OK
replay_01/ldd/link_040.command.json: OK
replay_01/ldd/link_040.stderr: OK
replay_01/ldd/link_040.stdout: OK
replay_01/ldd/link_041.command.json: OK
replay_01/ldd/link_041.stderr: OK
replay_01/ldd/link_041.stdout: OK
replay_01/ldd/link_042.command.json: OK
replay_01/ldd/link_042.stderr: OK
replay_01/ldd/link_042.stdout: OK
replay_01/ldd/link_043.command.json: OK
replay_01/ldd/link_043.stderr: OK
replay_01/ldd/link_043.stdout: OK
replay_01/ldd/link_044.command.json: OK
replay_01/ldd/link_044.stderr: OK
replay_01/ldd/link_044.stdout: OK
replay_01/ldd/link_045.command.json: OK
replay_01/ldd/link_045.stderr: OK
replay_01/ldd/link_045.stdout: OK
replay_01/ldd/link_046.command.json: OK
replay_01/ldd/link_046.stderr: OK
replay_01/ldd/link_046.stdout: OK
replay_01/ldd/link_047.command.json: OK
replay_01/ldd/link_047.stderr: OK
replay_01/ldd/link_047.stdout: OK
replay_01/ldd/link_048.command.json: OK
replay_01/ldd/link_048.stderr: OK
replay_01/ldd/link_048.stdout: OK
replay_01/ldd/link_049.command.json: OK
replay_01/ldd/link_049.stderr: OK
replay_01/ldd/link_049.stdout: OK
replay_01/ldd/link_050.command.json: OK
replay_01/ldd/link_050.stderr: OK
replay_01/ldd/link_050.stdout: OK
replay_01/ldd/link_051.command.json: OK
replay_01/ldd/link_051.stderr: OK
replay_01/ldd/link_051.stdout: OK
replay_01/ldd/link_052.command.json: OK
replay_01/ldd/link_052.stderr: OK
replay_01/ldd/link_052.stdout: OK
replay_01/ldd/link_053.command.json: OK
replay_01/ldd/link_053.stderr: OK
replay_01/ldd/link_053.stdout: OK
replay_01/ldd/link_054.command.json: OK
replay_01/ldd/link_054.stderr: OK
replay_01/ldd/link_054.stdout: OK
replay_01/ldd/link_055.command.json: OK
replay_01/ldd/link_055.stderr: OK
replay_01/ldd/link_055.stdout: OK
replay_01/ldd/link_056.command.json: OK
replay_01/ldd/link_056.stderr: OK
replay_01/ldd/link_056.stdout: OK
replay_01/ldd/link_057.command.json: OK
replay_01/ldd/link_057.stderr: OK
replay_01/ldd/link_057.stdout: OK
replay_01/ldd/link_058.command.json: OK
replay_01/ldd/link_058.stderr: OK
replay_01/ldd/link_058.stdout: OK
replay_01/ldd/link_059.command.json: OK
replay_01/ldd/link_059.stderr: OK
replay_01/ldd/link_059.stdout: OK
replay_01/ldd/link_060.command.json: OK
replay_01/ldd/link_060.stderr: OK
replay_01/ldd/link_060.stdout: OK
replay_01/ldd/link_061.command.json: OK
replay_01/ldd/link_061.stderr: OK
replay_01/ldd/link_061.stdout: OK
replay_01/ldd/link_062.command.json: OK
replay_01/ldd/link_062.stderr: OK
replay_01/ldd/link_062.stdout: OK
replay_01/ldd/link_063.command.json: OK
replay_01/ldd/link_063.stderr: OK
replay_01/ldd/link_063.stdout: OK
replay_01/ldd/link_064.command.json: OK
replay_01/ldd/link_064.stderr: OK
replay_01/ldd/link_064.stdout: OK
replay_01/ldd/link_065.command.json: OK
replay_01/ldd/link_065.stderr: OK
replay_01/ldd/link_065.stdout: OK
replay_01/ldd/link_066.command.json: OK
replay_01/ldd/link_066.stderr: OK
replay_01/ldd/link_066.stdout: OK
replay_01/ldd/link_067.command.json: OK
replay_01/ldd/link_067.stderr: OK
replay_01/ldd/link_067.stdout: OK
replay_01/ldd/link_068.command.json: OK
replay_01/ldd/link_068.stderr: OK
replay_01/ldd/link_068.stdout: OK
replay_01/ldd/link_069.command.json: OK
replay_01/ldd/link_069.stderr: OK
replay_01/ldd/link_069.stdout: OK
replay_01/ldd/link_070.command.json: OK
replay_01/ldd/link_070.stderr: OK
replay_01/ldd/link_070.stdout: OK
replay_01/ldd/link_071.command.json: OK
replay_01/ldd/link_071.stderr: OK
replay_01/ldd/link_071.stdout: OK
replay_01/ldd/link_072.command.json: OK
replay_01/ldd/link_072.stderr: OK
replay_01/ldd/link_072.stdout: OK
replay_01/ldd/link_073.command.json: OK
replay_01/ldd/link_073.stderr: OK
replay_01/ldd/link_073.stdout: OK
replay_01/ldd/link_074.command.json: OK
replay_01/ldd/link_074.stderr: OK
replay_01/ldd/link_074.stdout: OK
replay_01/ldd/link_075.command.json: OK
replay_01/ldd/link_075.stderr: OK
replay_01/ldd/link_075.stdout: OK
replay_01/ldd/link_076.command.json: OK
replay_01/ldd/link_076.stderr: OK
replay_01/ldd/link_076.stdout: OK
replay_01/ldd/link_077.command.json: OK
replay_01/ldd/link_077.stderr: OK
replay_01/ldd/link_077.stdout: OK
replay_01/ldd/link_078.command.json: OK
replay_01/ldd/link_078.stderr: OK
replay_01/ldd/link_078.stdout: OK
replay_01/ldd/link_079.command.json: OK
replay_01/ldd/link_079.stderr: OK
replay_01/ldd/link_079.stdout: OK
replay_01/ldd/link_080.command.json: OK
replay_01/ldd/link_080.stderr: OK
replay_01/ldd/link_080.stdout: OK
replay_01/ldd/link_081.command.json: OK
replay_01/ldd/link_081.stderr: OK
replay_01/ldd/link_081.stdout: OK
replay_01/ldd/link_082.command.json: OK
replay_01/ldd/link_082.stderr: OK
replay_01/ldd/link_082.stdout: OK
replay_01/ldd/link_083.command.json: OK
replay_01/ldd/link_083.stderr: OK
replay_01/ldd/link_083.stdout: OK
replay_01/ldd/link_084.command.json: OK
replay_01/ldd/link_084.stderr: OK
replay_01/ldd/link_084.stdout: OK
replay_01/ldd/link_085.command.json: OK
replay_01/ldd/link_085.stderr: OK
replay_01/ldd/link_085.stdout: OK
replay_01/ldd/link_086.command.json: OK
replay_01/ldd/link_086.stderr: OK
replay_01/ldd/link_086.stdout: OK
replay_01/ldd/link_087.command.json: OK
replay_01/ldd/link_087.stderr: OK
replay_01/ldd/link_087.stdout: OK
replay_01/ldd/link_088.command.json: OK
replay_01/ldd/link_088.stderr: OK
replay_01/ldd/link_088.stdout: OK
replay_01/ldd/link_089.command.json: OK
replay_01/ldd/link_089.stderr: OK
replay_01/ldd/link_089.stdout: OK
replay_01/ldd/link_090.command.json: OK
replay_01/ldd/link_090.stderr: OK
replay_01/ldd/link_090.stdout: OK
replay_01/ldd/link_091.command.json: OK
replay_01/ldd/link_091.stderr: OK
replay_01/ldd/link_091.stdout: OK
replay_01/ldd/link_092.command.json: OK
replay_01/ldd/link_092.stderr: OK
replay_01/ldd/link_092.stdout: OK
replay_01/ldd/link_093.command.json: OK
replay_01/ldd/link_093.stderr: OK
replay_01/ldd/link_093.stdout: OK
replay_01/ldd/link_094.command.json: OK
replay_01/ldd/link_094.stderr: OK
replay_01/ldd/link_094.stdout: OK
replay_01/ldd/link_095.command.json: OK
replay_01/ldd/link_095.stderr: OK
replay_01/ldd/link_095.stdout: OK
replay_01/ldd/link_096.command.json: OK
replay_01/ldd/link_096.stderr: OK
replay_01/ldd/link_096.stdout: OK
replay_01/ldd/link_097.command.json: OK
replay_01/ldd/link_097.stderr: OK
replay_01/ldd/link_097.stdout: OK
replay_01/ldd/link_098.command.json: OK
replay_01/ldd/link_098.stderr: OK
replay_01/ldd/link_098.stdout: OK
replay_01/ldd/link_099.command.json: OK
replay_01/ldd/link_099.stderr: OK
replay_01/ldd/link_099.stdout: OK
replay_01/ldd/link_100.command.json: OK
replay_01/ldd/link_100.stderr: OK
replay_01/ldd/link_100.stdout: OK
replay_01/ldd/link_101.command.json: OK
replay_01/ldd/link_101.stderr: OK
replay_01/ldd/link_101.stdout: OK
replay_01/ldd/link_102.command.json: OK
replay_01/ldd/link_102.stderr: OK
replay_01/ldd/link_102.stdout: OK
replay_01/ldd/link_103.command.json: OK
replay_01/ldd/link_103.stderr: OK
replay_01/ldd/link_103.stdout: OK
replay_01/ldd/link_104.command.json: OK
replay_01/ldd/link_104.stderr: OK
replay_01/ldd/link_104.stdout: OK
replay_01/ldd/link_105.command.json: OK
replay_01/ldd/link_105.stderr: OK
replay_01/ldd/link_105.stdout: OK
replay_01/ldd/link_106.command.json: OK
replay_01/ldd/link_106.stderr: OK
replay_01/ldd/link_106.stdout: OK
replay_01/ldd/link_107.command.json: OK
replay_01/ldd/link_107.stderr: OK
replay_01/ldd/link_107.stdout: OK
replay_01/ldd/link_108.command.json: OK
replay_01/ldd/link_108.stderr: OK
replay_01/ldd/link_108.stdout: OK
replay_01/ldd/link_109.command.json: OK
replay_01/ldd/link_109.stderr: OK
replay_01/ldd/link_109.stdout: OK
replay_01/ldd/link_110.command.json: OK
replay_01/ldd/link_110.stderr: OK
replay_01/ldd/link_110.stdout: OK
replay_01/ldd/link_111.command.json: OK
replay_01/ldd/link_111.stderr: OK
replay_01/ldd/link_111.stdout: OK
replay_01/ldd/link_112.command.json: OK
replay_01/ldd/link_112.stderr: OK
replay_01/ldd/link_112.stdout: OK
replay_01/ldd/link_113.command.json: OK
replay_01/ldd/link_113.stderr: OK
replay_01/ldd/link_113.stdout: OK
replay_01/ldd.bootstrap.after.json: OK
replay_01/ldd.bootstrap.before.json: OK
replay_01/ldd.index.json: OK
replay_01/parent.after.json: OK
replay_01/parent.before.json: OK
replay_01/producer.command.json: OK
replay_01/producer.stderr: OK
replay_01/producer.stdout: OK
replay_01/runtime.after.json: OK
replay_01/runtime.before.json: OK
replay_01/science.after.json: OK
replay_01/science.before.json: OK
replay_01/source_inputs/bootstrap.py: OK
replay_01/source_inputs/kernel_v0.py: OK
replay_02/RECEIPT.json: OK
replay_02/child.observed.json: OK
replay_02/config.json: OK
replay_02/ldd/link_001.command.json: OK
replay_02/ldd/link_001.stderr: OK
replay_02/ldd/link_001.stdout: OK
replay_02/ldd/link_002.command.json: OK
replay_02/ldd/link_002.stderr: OK
replay_02/ldd/link_002.stdout: OK
replay_02/ldd/link_003.command.json: OK
replay_02/ldd/link_003.stderr: OK
replay_02/ldd/link_003.stdout: OK
replay_02/ldd/link_004.command.json: OK
replay_02/ldd/link_004.stderr: OK
replay_02/ldd/link_004.stdout: OK
replay_02/ldd/link_005.command.json: OK
replay_02/ldd/link_005.stderr: OK
replay_02/ldd/link_005.stdout: OK
replay_02/ldd/link_006.command.json: OK
replay_02/ldd/link_006.stderr: OK
replay_02/ldd/link_006.stdout: OK
replay_02/ldd/link_007.command.json: OK
replay_02/ldd/link_007.stderr: OK
replay_02/ldd/link_007.stdout: OK
replay_02/ldd/link_008.command.json: OK
replay_02/ldd/link_008.stderr: OK
replay_02/ldd/link_008.stdout: OK
replay_02/ldd/link_009.command.json: OK
replay_02/ldd/link_009.stderr: OK
replay_02/ldd/link_009.stdout: OK
replay_02/ldd/link_010.command.json: OK
replay_02/ldd/link_010.stderr: OK
replay_02/ldd/link_010.stdout: OK
replay_02/ldd/link_011.command.json: OK
replay_02/ldd/link_011.stderr: OK
replay_02/ldd/link_011.stdout: OK
replay_02/ldd/link_012.command.json: OK
replay_02/ldd/link_012.stderr: OK
replay_02/ldd/link_012.stdout: OK
replay_02/ldd/link_013.command.json: OK
replay_02/ldd/link_013.stderr: OK
replay_02/ldd/link_013.stdout: OK
replay_02/ldd/link_014.command.json: OK
replay_02/ldd/link_014.stderr: OK
replay_02/ldd/link_014.stdout: OK
replay_02/ldd/link_015.command.json: OK
replay_02/ldd/link_015.stderr: OK
replay_02/ldd/link_015.stdout: OK
replay_02/ldd/link_016.command.json: OK
replay_02/ldd/link_016.stderr: OK
replay_02/ldd/link_016.stdout: OK
replay_02/ldd/link_017.command.json: OK
replay_02/ldd/link_017.stderr: OK
replay_02/ldd/link_017.stdout: OK
replay_02/ldd/link_018.command.json: OK
replay_02/ldd/link_018.stderr: OK
replay_02/ldd/link_018.stdout: OK
replay_02/ldd/link_019.command.json: OK
replay_02/ldd/link_019.stderr: OK
replay_02/ldd/link_019.stdout: OK
replay_02/ldd/link_020.command.json: OK
replay_02/ldd/link_020.stderr: OK
replay_02/ldd/link_020.stdout: OK
replay_02/ldd/link_021.command.json: OK
replay_02/ldd/link_021.stderr: OK
replay_02/ldd/link_021.stdout: OK
replay_02/ldd/link_022.command.json: OK
replay_02/ldd/link_022.stderr: OK
replay_02/ldd/link_022.stdout: OK
replay_02/ldd/link_023.command.json: OK
replay_02/ldd/link_023.stderr: OK
replay_02/ldd/link_023.stdout: OK
replay_02/ldd/link_024.command.json: OK
replay_02/ldd/link_024.stderr: OK
replay_02/ldd/link_024.stdout: OK
replay_02/ldd/link_025.command.json: OK
replay_02/ldd/link_025.stderr: OK
replay_02/ldd/link_025.stdout: OK
replay_02/ldd/link_026.command.json: OK
replay_02/ldd/link_026.stderr: OK
replay_02/ldd/link_026.stdout: OK
replay_02/ldd/link_027.command.json: OK
replay_02/ldd/link_027.stderr: OK
replay_02/ldd/link_027.stdout: OK
replay_02/ldd/link_028.command.json: OK
replay_02/ldd/link_028.stderr: OK
replay_02/ldd/link_028.stdout: OK
replay_02/ldd/link_029.command.json: OK
replay_02/ldd/link_029.stderr: OK
replay_02/ldd/link_029.stdout: OK
replay_02/ldd/link_030.command.json: OK
replay_02/ldd/link_030.stderr: OK
replay_02/ldd/link_030.stdout: OK
replay_02/ldd/link_031.command.json: OK
replay_02/ldd/link_031.stderr: OK
replay_02/ldd/link_031.stdout: OK
replay_02/ldd/link_032.command.json: OK
replay_02/ldd/link_032.stderr: OK
replay_02/ldd/link_032.stdout: OK
replay_02/ldd/link_033.command.json: OK
replay_02/ldd/link_033.stderr: OK
replay_02/ldd/link_033.stdout: OK
replay_02/ldd/link_034.command.json: OK
replay_02/ldd/link_034.stderr: OK
replay_02/ldd/link_034.stdout: OK
replay_02/ldd/link_035.command.json: OK
replay_02/ldd/link_035.stderr: OK
replay_02/ldd/link_035.stdout: OK
replay_02/ldd/link_036.command.json: OK
replay_02/ldd/link_036.stderr: OK
replay_02/ldd/link_036.stdout: OK
replay_02/ldd/link_037.command.json: OK
replay_02/ldd/link_037.stderr: OK
replay_02/ldd/link_037.stdout: OK
replay_02/ldd/link_038.command.json: OK
replay_02/ldd/link_038.stderr: OK
replay_02/ldd/link_038.stdout: OK
replay_02/ldd/link_039.command.json: OK
replay_02/ldd/link_039.stderr: OK
replay_02/ldd/link_039.stdout: OK
replay_02/ldd/link_040.command.json: OK
replay_02/ldd/link_040.stderr: OK
replay_02/ldd/link_040.stdout: OK
replay_02/ldd/link_041.command.json: OK
replay_02/ldd/link_041.stderr: OK
replay_02/ldd/link_041.stdout: OK
replay_02/ldd/link_042.command.json: OK
replay_02/ldd/link_042.stderr: OK
replay_02/ldd/link_042.stdout: OK
replay_02/ldd/link_043.command.json: OK
replay_02/ldd/link_043.stderr: OK
replay_02/ldd/link_043.stdout: OK
replay_02/ldd/link_044.command.json: OK
replay_02/ldd/link_044.stderr: OK
replay_02/ldd/link_044.stdout: OK
replay_02/ldd/link_045.command.json: OK
replay_02/ldd/link_045.stderr: OK
replay_02/ldd/link_045.stdout: OK
replay_02/ldd/link_046.command.json: OK
replay_02/ldd/link_046.stderr: OK
replay_02/ldd/link_046.stdout: OK
replay_02/ldd/link_047.command.json: OK
replay_02/ldd/link_047.stderr: OK
replay_02/ldd/link_047.stdout: OK
replay_02/ldd/link_048.command.json: OK
replay_02/ldd/link_048.stderr: OK
replay_02/ldd/link_048.stdout: OK
replay_02/ldd/link_049.command.json: OK
replay_02/ldd/link_049.stderr: OK
replay_02/ldd/link_049.stdout: OK
replay_02/ldd/link_050.command.json: OK
replay_02/ldd/link_050.stderr: OK
replay_02/ldd/link_050.stdout: OK
replay_02/ldd/link_051.command.json: OK
replay_02/ldd/link_051.stderr: OK
replay_02/ldd/link_051.stdout: OK
replay_02/ldd/link_052.command.json: OK
replay_02/ldd/link_052.stderr: OK
replay_02/ldd/link_052.stdout: OK
replay_02/ldd/link_053.command.json: OK
replay_02/ldd/link_053.stderr: OK
replay_02/ldd/link_053.stdout: OK
replay_02/ldd/link_054.command.json: OK
replay_02/ldd/link_054.stderr: OK
replay_02/ldd/link_054.stdout: OK
replay_02/ldd/link_055.command.json: OK
replay_02/ldd/link_055.stderr: OK
replay_02/ldd/link_055.stdout: OK
replay_02/ldd/link_056.command.json: OK
replay_02/ldd/link_056.stderr: OK
replay_02/ldd/link_056.stdout: OK
replay_02/ldd/link_057.command.json: OK
replay_02/ldd/link_057.stderr: OK
replay_02/ldd/link_057.stdout: OK
replay_02/ldd/link_058.command.json: OK
replay_02/ldd/link_058.stderr: OK
replay_02/ldd/link_058.stdout: OK
replay_02/ldd/link_059.command.json: OK
replay_02/ldd/link_059.stderr: OK
replay_02/ldd/link_059.stdout: OK
replay_02/ldd/link_060.command.json: OK
replay_02/ldd/link_060.stderr: OK
replay_02/ldd/link_060.stdout: OK
replay_02/ldd/link_061.command.json: OK
replay_02/ldd/link_061.stderr: OK
replay_02/ldd/link_061.stdout: OK
replay_02/ldd/link_062.command.json: OK
replay_02/ldd/link_062.stderr: OK
replay_02/ldd/link_062.stdout: OK
replay_02/ldd/link_063.command.json: OK
replay_02/ldd/link_063.stderr: OK
replay_02/ldd/link_063.stdout: OK
replay_02/ldd/link_064.command.json: OK
replay_02/ldd/link_064.stderr: OK
replay_02/ldd/link_064.stdout: OK
replay_02/ldd/link_065.command.json: OK
replay_02/ldd/link_065.stderr: OK
replay_02/ldd/link_065.stdout: OK
replay_02/ldd/link_066.command.json: OK
replay_02/ldd/link_066.stderr: OK
replay_02/ldd/link_066.stdout: OK
replay_02/ldd/link_067.command.json: OK
replay_02/ldd/link_067.stderr: OK
replay_02/ldd/link_067.stdout: OK
replay_02/ldd/link_068.command.json: OK
replay_02/ldd/link_068.stderr: OK
replay_02/ldd/link_068.stdout: OK
replay_02/ldd/link_069.command.json: OK
replay_02/ldd/link_069.stderr: OK
replay_02/ldd/link_069.stdout: OK
replay_02/ldd/link_070.command.json: OK
replay_02/ldd/link_070.stderr: OK
replay_02/ldd/link_070.stdout: OK
replay_02/ldd/link_071.command.json: OK
replay_02/ldd/link_071.stderr: OK
replay_02/ldd/link_071.stdout: OK
replay_02/ldd/link_072.command.json: OK
replay_02/ldd/link_072.stderr: OK
replay_02/ldd/link_072.stdout: OK
replay_02/ldd/link_073.command.json: OK
replay_02/ldd/link_073.stderr: OK
replay_02/ldd/link_073.stdout: OK
replay_02/ldd/link_074.command.json: OK
replay_02/ldd/link_074.stderr: OK
replay_02/ldd/link_074.stdout: OK
replay_02/ldd/link_075.command.json: OK
replay_02/ldd/link_075.stderr: OK
replay_02/ldd/link_075.stdout: OK
replay_02/ldd/link_076.command.json: OK
replay_02/ldd/link_076.stderr: OK
replay_02/ldd/link_076.stdout: OK
replay_02/ldd/link_077.command.json: OK
replay_02/ldd/link_077.stderr: OK
replay_02/ldd/link_077.stdout: OK
replay_02/ldd/link_078.command.json: OK
replay_02/ldd/link_078.stderr: OK
replay_02/ldd/link_078.stdout: OK
replay_02/ldd/link_079.command.json: OK
replay_02/ldd/link_079.stderr: OK
replay_02/ldd/link_079.stdout: OK
replay_02/ldd/link_080.command.json: OK
replay_02/ldd/link_080.stderr: OK
replay_02/ldd/link_080.stdout: OK
replay_02/ldd/link_081.command.json: OK
replay_02/ldd/link_081.stderr: OK
replay_02/ldd/link_081.stdout: OK
replay_02/ldd/link_082.command.json: OK
replay_02/ldd/link_082.stderr: OK
replay_02/ldd/link_082.stdout: OK
replay_02/ldd/link_083.command.json: OK
replay_02/ldd/link_083.stderr: OK
replay_02/ldd/link_083.stdout: OK
replay_02/ldd/link_084.command.json: OK
replay_02/ldd/link_084.stderr: OK
replay_02/ldd/link_084.stdout: OK
replay_02/ldd/link_085.command.json: OK
replay_02/ldd/link_085.stderr: OK
replay_02/ldd/link_085.stdout: OK
replay_02/ldd/link_086.command.json: OK
replay_02/ldd/link_086.stderr: OK
replay_02/ldd/link_086.stdout: OK
replay_02/ldd/link_087.command.json: OK
replay_02/ldd/link_087.stderr: OK
replay_02/ldd/link_087.stdout: OK
replay_02/ldd/link_088.command.json: OK
replay_02/ldd/link_088.stderr: OK
replay_02/ldd/link_088.stdout: OK
replay_02/ldd/link_089.command.json: OK
replay_02/ldd/link_089.stderr: OK
replay_02/ldd/link_089.stdout: OK
replay_02/ldd/link_090.command.json: OK
replay_02/ldd/link_090.stderr: OK
replay_02/ldd/link_090.stdout: OK
replay_02/ldd/link_091.command.json: OK
replay_02/ldd/link_091.stderr: OK
replay_02/ldd/link_091.stdout: OK
replay_02/ldd/link_092.command.json: OK
replay_02/ldd/link_092.stderr: OK
replay_02/ldd/link_092.stdout: OK
replay_02/ldd/link_093.command.json: OK
replay_02/ldd/link_093.stderr: OK
replay_02/ldd/link_093.stdout: OK
replay_02/ldd/link_094.command.json: OK
replay_02/ldd/link_094.stderr: OK
replay_02/ldd/link_094.stdout: OK
replay_02/ldd/link_095.command.json: OK
replay_02/ldd/link_095.stderr: OK
replay_02/ldd/link_095.stdout: OK
replay_02/ldd/link_096.command.json: OK
replay_02/ldd/link_096.stderr: OK
replay_02/ldd/link_096.stdout: OK
replay_02/ldd/link_097.command.json: OK
replay_02/ldd/link_097.stderr: OK
replay_02/ldd/link_097.stdout: OK
replay_02/ldd/link_098.command.json: OK
replay_02/ldd/link_098.stderr: OK
replay_02/ldd/link_098.stdout: OK
replay_02/ldd/link_099.command.json: OK
replay_02/ldd/link_099.stderr: OK
replay_02/ldd/link_099.stdout: OK
replay_02/ldd/link_100.command.json: OK
replay_02/ldd/link_100.stderr: OK
replay_02/ldd/link_100.stdout: OK
replay_02/ldd/link_101.command.json: OK
replay_02/ldd/link_101.stderr: OK
replay_02/ldd/link_101.stdout: OK
replay_02/ldd/link_102.command.json: OK
replay_02/ldd/link_102.stderr: OK
replay_02/ldd/link_102.stdout: OK
replay_02/ldd/link_103.command.json: OK
replay_02/ldd/link_103.stderr: OK
replay_02/ldd/link_103.stdout: OK
replay_02/ldd/link_104.command.json: OK
replay_02/ldd/link_104.stderr: OK
replay_02/ldd/link_104.stdout: OK
replay_02/ldd/link_105.command.json: OK
replay_02/ldd/link_105.stderr: OK
replay_02/ldd/link_105.stdout: OK
replay_02/ldd/link_106.command.json: OK
replay_02/ldd/link_106.stderr: OK
replay_02/ldd/link_106.stdout: OK
replay_02/ldd/link_107.command.json: OK
replay_02/ldd/link_107.stderr: OK
replay_02/ldd/link_107.stdout: OK
replay_02/ldd/link_108.command.json: OK
replay_02/ldd/link_108.stderr: OK
replay_02/ldd/link_108.stdout: OK
replay_02/ldd/link_109.command.json: OK
replay_02/ldd/link_109.stderr: OK
replay_02/ldd/link_109.stdout: OK
replay_02/ldd/link_110.command.json: OK
replay_02/ldd/link_110.stderr: OK
replay_02/ldd/link_110.stdout: OK
replay_02/ldd/link_111.command.json: OK
replay_02/ldd/link_111.stderr: OK
replay_02/ldd/link_111.stdout: OK
replay_02/ldd/link_112.command.json: OK
replay_02/ldd/link_112.stderr: OK
replay_02/ldd/link_112.stdout: OK
replay_02/ldd/link_113.command.json: OK
replay_02/ldd/link_113.stderr: OK
replay_02/ldd/link_113.stdout: OK
replay_02/ldd.bootstrap.after.json: OK
replay_02/ldd.bootstrap.before.json: OK
replay_02/ldd.index.json: OK
replay_02/parent.after.json: OK
replay_02/parent.before.json: OK
replay_02/producer.command.json: OK
replay_02/producer.stderr: OK
replay_02/producer.stdout: OK
replay_02/runtime.after.json: OK
replay_02/runtime.before.json: OK
replay_02/science.after.json: OK
replay_02/science.before.json: OK
replay_02/source_inputs/bootstrap.py: OK
replay_02/source_inputs/kernel_v0.py: OK
reviewed_input_snapshot/docs/papers132_136_sequence/replacement_scout/nondivisor_algebra/SCOUT.md: OK
reviewed_input_snapshot/docs/papers132_136_sequence/replacement_scout/stochastic/SCOUT.md: OK
reviewed_input_snapshot/docs/papers162_166_sequence/scouting/degree_feedback_jump/SCOUT.md: OK
reviewed_input_snapshot/docs/papers162_166_sequence/scouting/replacement_matchings_incidence/SCOUT.md: OK
reviewed_input_snapshot/docs/papers172_176_sequence/scouting/fresh_geometry_automata/SCOUT_AND_KILL_LEDGER.md: OK
reviewed_input_snapshot/docs/papers177_181_sequence/scouting/combinatorial_lane/SCOUT_AND_KILL_LEDGER.md: OK
reviewed_input_snapshot/docs/papers204_208_sequence/ARTIFACT_CONTRACT.md: OK
reviewed_input_snapshot/docs/papers204_208_sequence/qa/SCOUT19_ROOT_INSPECTION.actual.json: OK
reviewed_input_snapshot/docs/papers204_208_sequence/scouting/FTH_GATE/INITIAL_CHECKS.json: OK
reviewed_input_snapshot/docs/papers204_208_sequence/scouting/FTH_GATE/PRE_AUTHOR_CODE_COMMITMENT.md: OK
reviewed_input_snapshot/docs/papers204_208_sequence/scouting/FTH_GATE/bootstrap.py: OK
reviewed_input_snapshot/docs/papers204_208_sequence/scouting/FTH_GATE/capture_inputs.py: OK
reviewed_input_snapshot/docs/papers204_208_sequence/scouting/FTH_GATE/extract_sections.py: OK
reviewed_input_snapshot/docs/papers204_208_sequence/scouting/FTH_GATE/pre_author_code/kernel_v0.py: OK
reviewed_input_snapshot/docs/papers204_208_sequence/scouting/FTH_GATE/public_sources/rn_TR2005_25.pdf: OK
reviewed_input_snapshot/docs/papers204_208_sequence/scouting/FTH_GATE/public_sources/rn_TR2005_25.txt: OK
reviewed_input_snapshot/docs/papers204_208_sequence/scouting/FTH_GATE/public_sources/tree_path_2504.02448v1.html: OK
reviewed_input_snapshot/docs/papers204_208_sequence/scouting/FTH_GATE/public_sources/tree_path_selected_sections.txt: OK
reviewed_input_snapshot/docs/papers204_208_sequence/scouting/FTH_GATE/record_pair.py: OK
reviewed_input_snapshot/docs/papers204_208_sequence/scouting/FTH_ROOT_LOCAL_OBSERVATIONS.md: OK
reviewed_input_snapshot/docs/papers204_208_sequence/scouting/NINETEENTH_ROOT_INSPECTION.md: OK
reviewed_input_snapshot/docs/papers204_208_sequence/scouting/combinatorial_second/PROOF_NOTES.md: OK
reviewed_input_snapshot/docs/papers204_208_sequence/scouting/combinatorial_second/SCOUT_REPORT.md: OK
reviewed_input_snapshot/docs/papers204_208_sequence/scouting/finite_systems_eighteenth/INTAKE.md: OK
reviewed_input_snapshot/docs/papers204_208_sequence/scouting/finite_systems_fourteenth/INTAKE.md: OK
reviewed_input_snapshot/docs/papers204_208_sequence/scouting/finite_systems_nineteenth/FTH_PROOF_PACKAGE.md: OK
reviewed_input_snapshot/docs/papers204_208_sequence/scouting/finite_systems_nineteenth/HISTORICAL_INPUTS.sha256: OK
reviewed_input_snapshot/docs/papers204_208_sequence/scouting/finite_systems_nineteenth/HISTORICAL_SUPPLEMENT.sha256: OK
reviewed_input_snapshot/docs/papers204_208_sequence/scouting/finite_systems_nineteenth/INTAKE.md: OK
reviewed_input_snapshot/docs/papers204_208_sequence/scouting/finite_systems_nineteenth/NO_PROMOTION_PROOFS.md: OK
reviewed_input_snapshot/docs/papers204_208_sequence/scouting/finite_systems_nineteenth/SCOUT_REPORT.md: OK
reviewed_input_snapshot/docs/papers204_208_sequence/scouting/finite_systems_nineteenth/SHA256SUMS: OK
reviewed_input_snapshot/docs/papers204_208_sequence/scouting/finite_systems_nineteenth/SOURCE_AND_HISTORY.md: OK
reviewed_input_snapshot/docs/papers204_208_sequence/scouting/finite_systems_nineteenth/SOURCE_SUPPLEMENT.md: OK
reviewed_input_snapshot/docs/papers204_208_sequence/scouting/finite_systems_nineteenth/evidence.py: OK
reviewed_input_snapshot/docs/papers204_208_sequence/scouting/finite_systems_nineteenth/evidence_capture/COMPARISON.json: OK
reviewed_input_snapshot/docs/papers204_208_sequence/scouting/finite_systems_nineteenth/evidence_capture/FAILED_HISTORY_START.md: OK
reviewed_input_snapshot/docs/papers204_208_sequence/scouting/finite_systems_nineteenth/evidence_capture/comparator.after.json: OK
reviewed_input_snapshot/docs/papers204_208_sequence/scouting/finite_systems_nineteenth/evidence_capture/comparator.before.json: OK
reviewed_input_snapshot/docs/papers204_208_sequence/scouting/finite_systems_nineteenth/evidence_capture/history_inventory.stderr: OK
reviewed_input_snapshot/docs/papers204_208_sequence/scouting/finite_systems_nineteenth/evidence_capture/history_inventory.stdout: OK
reviewed_input_snapshot/docs/papers204_208_sequence/scouting/finite_systems_nineteenth/evidence_capture/pilot.cmp.command.json: OK
reviewed_input_snapshot/docs/papers204_208_sequence/scouting/finite_systems_nineteenth/evidence_capture/pilot.cmp.stderr: OK
reviewed_input_snapshot/docs/papers204_208_sequence/scouting/finite_systems_nineteenth/evidence_capture/pilot.cmp.stdout: OK
reviewed_input_snapshot/docs/papers204_208_sequence/scouting/finite_systems_nineteenth/evidence_capture/proof.cmp.command.json: OK
reviewed_input_snapshot/docs/papers204_208_sequence/scouting/finite_systems_nineteenth/evidence_capture/proof.cmp.stderr: OK
reviewed_input_snapshot/docs/papers204_208_sequence/scouting/finite_systems_nineteenth/evidence_capture/proof.cmp.stdout: OK
reviewed_input_snapshot/docs/papers204_208_sequence/scouting/finite_systems_nineteenth/evidence_capture_02/COMPARISON.json: OK
reviewed_input_snapshot/docs/papers204_208_sequence/scouting/finite_systems_nineteenth/evidence_capture_02/HISTORY_SEARCH.json: OK
reviewed_input_snapshot/docs/papers204_208_sequence/scouting/finite_systems_nineteenth/evidence_capture_02/comparator.after.json: OK
reviewed_input_snapshot/docs/papers204_208_sequence/scouting/finite_systems_nineteenth/evidence_capture_02/comparator.before.json: OK
reviewed_input_snapshot/docs/papers204_208_sequence/scouting/finite_systems_nineteenth/evidence_capture_02/history_equality.command.json: OK
reviewed_input_snapshot/docs/papers204_208_sequence/scouting/finite_systems_nineteenth/evidence_capture_02/history_equality.stderr: OK
reviewed_input_snapshot/docs/papers204_208_sequence/scouting/finite_systems_nineteenth/evidence_capture_02/history_equality.stdout: OK
reviewed_input_snapshot/docs/papers204_208_sequence/scouting/finite_systems_nineteenth/evidence_capture_02/history_functional.command.json: OK
reviewed_input_snapshot/docs/papers204_208_sequence/scouting/finite_systems_nineteenth/evidence_capture_02/history_functional.stderr: OK
reviewed_input_snapshot/docs/papers204_208_sequence/scouting/finite_systems_nineteenth/evidence_capture_02/history_functional.stdout: OK
reviewed_input_snapshot/docs/papers204_208_sequence/scouting/finite_systems_nineteenth/evidence_capture_02/history_inventory.command.json: OK
reviewed_input_snapshot/docs/papers204_208_sequence/scouting/finite_systems_nineteenth/evidence_capture_02/history_inventory.stderr: OK
reviewed_input_snapshot/docs/papers204_208_sequence/scouting/finite_systems_nineteenth/evidence_capture_02/history_inventory.stdout: OK
reviewed_input_snapshot/docs/papers204_208_sequence/scouting/finite_systems_nineteenth/evidence_capture_02/history_matching.command.json: OK
reviewed_input_snapshot/docs/papers204_208_sequence/scouting/finite_systems_nineteenth/evidence_capture_02/history_matching.stderr: OK
reviewed_input_snapshot/docs/papers204_208_sequence/scouting/finite_systems_nineteenth/evidence_capture_02/history_matching.stdout: OK
reviewed_input_snapshot/docs/papers204_208_sequence/scouting/finite_systems_nineteenth/evidence_capture_02/history_proof_engine.command.json: OK
reviewed_input_snapshot/docs/papers204_208_sequence/scouting/finite_systems_nineteenth/evidence_capture_02/history_proof_engine.stderr: OK
reviewed_input_snapshot/docs/papers204_208_sequence/scouting/finite_systems_nineteenth/evidence_capture_02/history_proof_engine.stdout: OK
reviewed_input_snapshot/docs/papers204_208_sequence/scouting/finite_systems_nineteenth/evidence_capture_02/history_relational.command.json: OK
reviewed_input_snapshot/docs/papers204_208_sequence/scouting/finite_systems_nineteenth/evidence_capture_02/history_relational.stderr: OK
reviewed_input_snapshot/docs/papers204_208_sequence/scouting/finite_systems_nineteenth/evidence_capture_02/history_relational.stdout: OK
reviewed_input_snapshot/docs/papers204_208_sequence/scouting/finite_systems_nineteenth/evidence_capture_02/history_search.after.json: OK
reviewed_input_snapshot/docs/papers204_208_sequence/scouting/finite_systems_nineteenth/evidence_capture_02/history_search.before.json: OK
reviewed_input_snapshot/docs/papers204_208_sequence/scouting/finite_systems_nineteenth/evidence_capture_02/history_selected.json: OK
reviewed_input_snapshot/docs/papers204_208_sequence/scouting/finite_systems_nineteenth/evidence_capture_02/pilot.cmp.command.json: OK
reviewed_input_snapshot/docs/papers204_208_sequence/scouting/finite_systems_nineteenth/evidence_capture_02/pilot.cmp.stderr: OK
reviewed_input_snapshot/docs/papers204_208_sequence/scouting/finite_systems_nineteenth/evidence_capture_02/pilot.cmp.stdout: OK
reviewed_input_snapshot/docs/papers204_208_sequence/scouting/finite_systems_nineteenth/evidence_capture_02/proof.cmp.command.json: OK
reviewed_input_snapshot/docs/papers204_208_sequence/scouting/finite_systems_nineteenth/evidence_capture_02/proof.cmp.stderr: OK
reviewed_input_snapshot/docs/papers204_208_sequence/scouting/finite_systems_nineteenth/evidence_capture_02/proof.cmp.stdout: OK
reviewed_input_snapshot/docs/papers204_208_sequence/scouting/finite_systems_nineteenth/evidence_capture_02/rg.after.json: OK
reviewed_input_snapshot/docs/papers204_208_sequence/scouting/finite_systems_nineteenth/evidence_capture_02/rg.before.json: OK
reviewed_input_snapshot/docs/papers204_208_sequence/scouting/finite_systems_nineteenth/execution_01/RECEIPT.json: OK
reviewed_input_snapshot/docs/papers204_208_sequence/scouting/finite_systems_nineteenth/execution_01/environment.json: OK
reviewed_input_snapshot/docs/papers204_208_sequence/scouting/finite_systems_nineteenth/execution_01/history.after.json: OK
reviewed_input_snapshot/docs/papers204_208_sequence/scouting/finite_systems_nineteenth/execution_01/history.before.json: OK
reviewed_input_snapshot/docs/papers204_208_sequence/scouting/finite_systems_nineteenth/execution_01/producer.command.json: OK
reviewed_input_snapshot/docs/papers204_208_sequence/scouting/finite_systems_nineteenth/execution_01/producer.stderr: OK
reviewed_input_snapshot/docs/papers204_208_sequence/scouting/finite_systems_nineteenth/execution_01/producer.stdout: OK
reviewed_input_snapshot/docs/papers204_208_sequence/scouting/finite_systems_nineteenth/execution_01/runtime.after.json: OK
reviewed_input_snapshot/docs/papers204_208_sequence/scouting/finite_systems_nineteenth/execution_01/runtime.before.json: OK
reviewed_input_snapshot/docs/papers204_208_sequence/scouting/finite_systems_nineteenth/execution_01/runtime.observed.json: OK
reviewed_input_snapshot/docs/papers204_208_sequence/scouting/finite_systems_nineteenth/execution_01/source.after.json: OK
reviewed_input_snapshot/docs/papers204_208_sequence/scouting/finite_systems_nineteenth/execution_01/source.before.json: OK
reviewed_input_snapshot/docs/papers204_208_sequence/scouting/finite_systems_nineteenth/execution_01/source_inputs/INTAKE.md: OK
reviewed_input_snapshot/docs/papers204_208_sequence/scouting/finite_systems_nineteenth/execution_01/source_inputs/SOURCE_AND_HISTORY.md: OK
reviewed_input_snapshot/docs/papers204_208_sequence/scouting/finite_systems_nineteenth/execution_01/source_inputs/pilot.py: OK
reviewed_input_snapshot/docs/papers204_208_sequence/scouting/finite_systems_nineteenth/execution_01/source_inputs/record_execution.py: OK
reviewed_input_snapshot/docs/papers204_208_sequence/scouting/finite_systems_nineteenth/execution_02/RECEIPT.json: OK
reviewed_input_snapshot/docs/papers204_208_sequence/scouting/finite_systems_nineteenth/execution_02/environment.json: OK
reviewed_input_snapshot/docs/papers204_208_sequence/scouting/finite_systems_nineteenth/execution_02/history.after.json: OK
reviewed_input_snapshot/docs/papers204_208_sequence/scouting/finite_systems_nineteenth/execution_02/history.before.json: OK
reviewed_input_snapshot/docs/papers204_208_sequence/scouting/finite_systems_nineteenth/execution_02/producer.command.json: OK
reviewed_input_snapshot/docs/papers204_208_sequence/scouting/finite_systems_nineteenth/execution_02/producer.stderr: OK
reviewed_input_snapshot/docs/papers204_208_sequence/scouting/finite_systems_nineteenth/execution_02/producer.stdout: OK
reviewed_input_snapshot/docs/papers204_208_sequence/scouting/finite_systems_nineteenth/execution_02/runtime.after.json: OK
reviewed_input_snapshot/docs/papers204_208_sequence/scouting/finite_systems_nineteenth/execution_02/runtime.before.json: OK
reviewed_input_snapshot/docs/papers204_208_sequence/scouting/finite_systems_nineteenth/execution_02/runtime.observed.json: OK
reviewed_input_snapshot/docs/papers204_208_sequence/scouting/finite_systems_nineteenth/execution_02/source.after.json: OK
reviewed_input_snapshot/docs/papers204_208_sequence/scouting/finite_systems_nineteenth/execution_02/source.before.json: OK
reviewed_input_snapshot/docs/papers204_208_sequence/scouting/finite_systems_nineteenth/execution_02/source_inputs/INTAKE.md: OK
reviewed_input_snapshot/docs/papers204_208_sequence/scouting/finite_systems_nineteenth/execution_02/source_inputs/SOURCE_AND_HISTORY.md: OK
reviewed_input_snapshot/docs/papers204_208_sequence/scouting/finite_systems_nineteenth/execution_02/source_inputs/pilot.py: OK
reviewed_input_snapshot/docs/papers204_208_sequence/scouting/finite_systems_nineteenth/execution_02/source_inputs/record_execution.py: OK
reviewed_input_snapshot/docs/papers204_208_sequence/scouting/finite_systems_nineteenth/pilot.py: OK
reviewed_input_snapshot/docs/papers204_208_sequence/scouting/finite_systems_nineteenth/proof_execution_01/RECEIPT.json: OK
reviewed_input_snapshot/docs/papers204_208_sequence/scouting/finite_systems_nineteenth/proof_execution_01/environment.json: OK
reviewed_input_snapshot/docs/papers204_208_sequence/scouting/finite_systems_nineteenth/proof_execution_01/history.after.json: OK
reviewed_input_snapshot/docs/papers204_208_sequence/scouting/finite_systems_nineteenth/proof_execution_01/history.before.json: OK
reviewed_input_snapshot/docs/papers204_208_sequence/scouting/finite_systems_nineteenth/proof_execution_01/producer.command.json: OK
reviewed_input_snapshot/docs/papers204_208_sequence/scouting/finite_systems_nineteenth/proof_execution_01/producer.stderr: OK
reviewed_input_snapshot/docs/papers204_208_sequence/scouting/finite_systems_nineteenth/proof_execution_01/producer.stdout: OK
reviewed_input_snapshot/docs/papers204_208_sequence/scouting/finite_systems_nineteenth/proof_execution_01/runtime.after.json: OK
reviewed_input_snapshot/docs/papers204_208_sequence/scouting/finite_systems_nineteenth/proof_execution_01/runtime.before.json: OK
reviewed_input_snapshot/docs/papers204_208_sequence/scouting/finite_systems_nineteenth/proof_execution_01/runtime.observed.json: OK
reviewed_input_snapshot/docs/papers204_208_sequence/scouting/finite_systems_nineteenth/proof_execution_01/source.after.json: OK
reviewed_input_snapshot/docs/papers204_208_sequence/scouting/finite_systems_nineteenth/proof_execution_01/source.before.json: OK
reviewed_input_snapshot/docs/papers204_208_sequence/scouting/finite_systems_nineteenth/proof_execution_01/source_inputs/FTH_PROOF_PACKAGE.md: OK
reviewed_input_snapshot/docs/papers204_208_sequence/scouting/finite_systems_nineteenth/proof_execution_01/source_inputs/INTAKE.md: OK
reviewed_input_snapshot/docs/papers204_208_sequence/scouting/finite_systems_nineteenth/proof_execution_01/source_inputs/SOURCE_AND_HISTORY.md: OK
reviewed_input_snapshot/docs/papers204_208_sequence/scouting/finite_systems_nineteenth/proof_execution_01/source_inputs/original_pilot.stdout: OK
reviewed_input_snapshot/docs/papers204_208_sequence/scouting/finite_systems_nineteenth/proof_execution_01/source_inputs/record_execution.py: OK
reviewed_input_snapshot/docs/papers204_208_sequence/scouting/finite_systems_nineteenth/proof_execution_01/source_inputs/record_sidecar.py: OK
reviewed_input_snapshot/docs/papers204_208_sequence/scouting/finite_systems_nineteenth/proof_execution_01/source_inputs/verify_fth.py: OK
reviewed_input_snapshot/docs/papers204_208_sequence/scouting/finite_systems_nineteenth/proof_execution_02/RECEIPT.json: OK
reviewed_input_snapshot/docs/papers204_208_sequence/scouting/finite_systems_nineteenth/proof_execution_02/environment.json: OK
reviewed_input_snapshot/docs/papers204_208_sequence/scouting/finite_systems_nineteenth/proof_execution_02/history.after.json: OK
reviewed_input_snapshot/docs/papers204_208_sequence/scouting/finite_systems_nineteenth/proof_execution_02/history.before.json: OK
reviewed_input_snapshot/docs/papers204_208_sequence/scouting/finite_systems_nineteenth/proof_execution_02/producer.command.json: OK
reviewed_input_snapshot/docs/papers204_208_sequence/scouting/finite_systems_nineteenth/proof_execution_02/producer.stderr: OK
reviewed_input_snapshot/docs/papers204_208_sequence/scouting/finite_systems_nineteenth/proof_execution_02/producer.stdout: OK
reviewed_input_snapshot/docs/papers204_208_sequence/scouting/finite_systems_nineteenth/proof_execution_02/runtime.after.json: OK
reviewed_input_snapshot/docs/papers204_208_sequence/scouting/finite_systems_nineteenth/proof_execution_02/runtime.before.json: OK
reviewed_input_snapshot/docs/papers204_208_sequence/scouting/finite_systems_nineteenth/proof_execution_02/runtime.observed.json: OK
reviewed_input_snapshot/docs/papers204_208_sequence/scouting/finite_systems_nineteenth/proof_execution_02/source.after.json: OK
reviewed_input_snapshot/docs/papers204_208_sequence/scouting/finite_systems_nineteenth/proof_execution_02/source.before.json: OK
reviewed_input_snapshot/docs/papers204_208_sequence/scouting/finite_systems_nineteenth/proof_execution_02/source_inputs/FTH_PROOF_PACKAGE.md: OK
reviewed_input_snapshot/docs/papers204_208_sequence/scouting/finite_systems_nineteenth/proof_execution_02/source_inputs/INTAKE.md: OK
reviewed_input_snapshot/docs/papers204_208_sequence/scouting/finite_systems_nineteenth/proof_execution_02/source_inputs/SOURCE_AND_HISTORY.md: OK
reviewed_input_snapshot/docs/papers204_208_sequence/scouting/finite_systems_nineteenth/proof_execution_02/source_inputs/original_pilot.stdout: OK
reviewed_input_snapshot/docs/papers204_208_sequence/scouting/finite_systems_nineteenth/proof_execution_02/source_inputs/record_execution.py: OK
reviewed_input_snapshot/docs/papers204_208_sequence/scouting/finite_systems_nineteenth/proof_execution_02/source_inputs/record_sidecar.py: OK
reviewed_input_snapshot/docs/papers204_208_sequence/scouting/finite_systems_nineteenth/proof_execution_02/source_inputs/verify_fth.py: OK
reviewed_input_snapshot/docs/papers204_208_sequence/scouting/finite_systems_nineteenth/public_sources/isprp_correctness_2005.pdf: OK
reviewed_input_snapshot/docs/papers204_208_sequence/scouting/finite_systems_nineteenth/public_sources/isprp_correctness_2005.txt: OK
reviewed_input_snapshot/docs/papers204_208_sequence/scouting/finite_systems_nineteenth/public_sources/linearization-ALENEX07.pdf: OK
reviewed_input_snapshot/docs/papers204_208_sequence/scouting/finite_systems_nineteenth/public_sources/linearization-ALENEX07.txt: OK
reviewed_input_snapshot/docs/papers204_208_sequence/scouting/finite_systems_nineteenth/record_execution.py: OK
reviewed_input_snapshot/docs/papers204_208_sequence/scouting/finite_systems_nineteenth/record_sidecar.py: OK
reviewed_input_snapshot/docs/papers204_208_sequence/scouting/finite_systems_nineteenth/verify_fth.py: OK
reviewed_input_snapshot/docs/papers204_208_sequence/scouting/finite_systems_seventeenth/INTAKE.md: OK
reviewed_input_snapshot/docs/papers204_208_sequence/scouting/finite_systems_sixteenth/INTAKE.md: OK
reviewed_input_snapshot/docs/papers204_208_sequence/scouting/finite_systems_thirteenth/PROOF_AND_DISPOSITION.md: OK
reviewed_input_snapshot/docs/research_state/HISTORY_AND_CAVEATS.md: OK
reviewed_input_snapshot/docs/research_state/WORKFLOW.md: OK
reviewed_input_snapshot/papers/167-minimum-inverse-position-feedback/main.tex: OK
seal_gate.py: OK
search_history.py: OK
source_search/fthWeb1.json: OK
source_search/fthWeb2.json: OK
source_search/fthWeb3.json: OK
source_search/fthWeb4Recent.json: OK
source_search/fthWeb5PrimaryOpen.json: OK
source_search/fthWeb6Owners.json: OK
source_search/fthWeb7Tree.json: OK
source_search/fthWeb8Ring.json: OK
source_search/fthWeb9Variant.json: OK
supplementary_source_snapshot/docs/papers172_176_sequence/scouting/combinatorial_crossdomain/focused_nonextractive/IDEA_LEDGER.md: OK
supplementary_source_snapshot/docs/papers197_201_sequence/PROBLEM_ANCHOR.md: OK
supplementary_source_snapshot/docs/papers204_208_sequence/PROBLEM_ANCHOR.md: OK
supplementary_source_snapshot/papers/139-lyndon-factor-start-feedback/main.tex: OK
supplementary_source_snapshot/papers/169-successor-transfer-set-partitions/main.tex: OK
supplementary_source_snapshot/papers/188-self-cardinality-truncation/main.tex: OK
