\BOOKMARK [1][-]{section.1}{\376\377\000I\000n\000t\000r\000o\000d\000u\000c\000t\000i\000o\000n\000\040\000a\000n\000d\000\040\000b\000o\000u\000n\000d\000e\000d\000\040\000q\000u\000e\000s\000t\000i\000o\000n}{}% 1
\BOOKMARK [1][-]{section.2}{\376\377\000P\000r\000i\000o\000r\000\040\000a\000r\000t\000\040\000a\000n\000d\000\040\000d\000e\000f\000i\000n\000i\000t\000i\000o\000n\000\040\000b\000o\000u\000n\000d\000a\000r\000y}{}% 2
\BOOKMARK [1][-]{section.3}{\376\377\000F\000i\000n\000i\000t\000e\000\040\000c\000a\000r\000r\000i\000e\000r\000s\000\040\000a\000n\000d\000\040\000a\000d\000d\000i\000t\000i\000v\000e\000\040\000r\000e\000d\000u\000c\000t\000i\000o\000n\000s}{}% 3
\BOOKMARK [1][-]{section.4}{\376\377\000T\000r\000a\000n\000s\000l\000a\000t\000i\000o\000n\000\040\000o\000n\000\040\000a\000\040\000f\000i\000n\000i\000t\000e\000\040\000a\000b\000e\000l\000i\000a\000n\000\040\000C\000-\000s\000e\000t}{}% 4
\BOOKMARK [1][-]{section.5}{\376\377\000E\000f\000f\000e\000c\000t\000i\000v\000i\000t\000y\000,\000\040\000i\000n\000e\000r\000t\000i\000a\000,\000\040\000a\000n\000d\000\040\000r\000i\000g\000i\000d\000i\000f\000i\000c\000a\000t\000i\000o\000n}{}% 5
\BOOKMARK [2][-]{subsection.5.1}{\376\377\000T\000h\000e\000\040\000e\000f\000f\000e\000c\000t\000i\000v\000e\000\040\000C\0006\000\040\000c\000o\000n\000t\000r\000o\000l}{section.5}% 6
\BOOKMARK [1][-]{section.6}{\376\377\000T\000h\000e\000\040\000r\000e\000g\000u\000l\000a\000r\000\040\000c\000a\000t\000-\000m\000a\000p\000\040\000c\000e\000n\000t\000r\000a\000l\000i\000z\000e\000r\000\040\000t\000o\000r\000s\000o\000r}{}% 7
\BOOKMARK [2][-]{subsection.6.1}{\376\377\000L\000a\000b\000e\000l\000l\000e\000d\000\040\000r\000e\000t\000e\000n\000t\000i\000o\000n\000\040\000a\000n\000d\000\040\000c\000o\000e\000f\000f\000i\000c\000i\000e\000n\000t\000\040\000c\000o\000s\000t}{section.6}% 8
\BOOKMARK [1][-]{section.7}{\376\377\000E\000x\000a\000c\000t\000\040\000n\000i\000n\000e\000-\000r\000o\000w\000\040\000r\000e\000t\000e\000n\000t\000i\000o\000n\000\040\000a\000u\000d\000i\000t}{}% 9
\BOOKMARK [2][-]{subsection.7.1}{\376\377\000W\000h\000a\000t\000\040\000t\000h\000e\000\040\000f\000i\000n\000i\000t\000e\000\040\000r\000o\000w\000s\000\040\000s\000h\000o\000w}{section.7}% 10
\BOOKMARK [2][-]{subsection.7.2}{\376\377\000O\000n\000e\000\040\000r\000e\000g\000i\000s\000t\000e\000r\000e\000d\000\040\000r\000u\000n\000\040\000a\000n\000d\000\040\000t\000w\000o\000\040\000s\000c\000i\000e\000n\000t\000i\000f\000i\000c\000\040\000e\000n\000g\000i\000n\000e\000s}{section.7}% 11
\BOOKMARK [2][-]{subsection.7.3}{\376\377\000D\000u\000a\000l\000-\000t\000r\000e\000e\000\040\000c\000l\000o\000s\000u\000r\000e\000\040\000a\000n\000d\000\040\000p\000r\000e\000s\000e\000r\000v\000e\000d\000\040\000f\000a\000i\000l\000u\000r\000e\000\040\000h\000i\000s\000t\000o\000r\000y}{section.7}% 12
\BOOKMARK [1][-]{section.8}{\376\377\000C\000l\000o\000c\000k\000\040\000s\000e\000m\000a\000n\000t\000i\000c\000s\000,\000\040\000l\000i\000m\000i\000t\000a\000t\000i\000o\000n\000s\000,\000\040\000a\000n\000d\000\040\000R\000o\000u\000t\000e\000-\000A\000\040\000d\000i\000s\000p\000o\000s\000i\000t\000i\000o\000n}{}% 13
\BOOKMARK [2][-]{subsection.8.1}{\376\377\000R\000e\000t\000e\000n\000t\000i\000o\000n\000\040\000i\000s\000\040\000n\000o\000t\000\040\000a\000\040\000c\000o\000m\000m\000o\000n\000\040\000r\000e\000t\000u\000r\000n\000\040\000c\000l\000o\000c\000k}{section.8}% 14
\BOOKMARK [2][-]{subsection.8.2}{\376\377\000L\000i\000m\000i\000t\000s\000\040\000o\000f\000\040\000t\000h\000e\000\040\000a\000u\000d\000i\000t}{section.8}% 15
\BOOKMARK [2][-]{subsection.8.3}{\376\377\000F\000o\000r\000m\000a\000l\000\040\000r\000o\000u\000t\000e\000\040\000d\000e\000c\000i\000s\000i\000o\000n}{section.8}% 16
\BOOKMARK [1][-]{section.9}{\376\377\000C\000o\000n\000c\000l\000u\000s\000i\000o\000n}{}% 17
\BOOKMARK [1][-]{appendix.A}{\376\377\000D\000i\000v\000i\000s\000o\000r\000\040\000i\000n\000v\000e\000r\000s\000i\000o\000n\000\040\000a\000n\000d\000\040\000e\000x\000a\000c\000t\000-\000p\000e\000r\000i\000o\000d\000\040\000d\000e\000t\000a\000i\000l\000s}{}% 18
\BOOKMARK [1][-]{appendix.B}{\376\377\000T\000w\000i\000s\000t\000s\000,\000\040\000k\000e\000r\000n\000e\000l\000s\000,\000\040\000a\000n\000d\000\040\000g\000r\000o\000u\000p\000o\000i\000d\000\040\000n\000a\000t\000u\000r\000a\000l\000i\000t\000y}{}% 19
\BOOKMARK [1][-]{appendix.C}{\376\377\000E\000v\000i\000d\000e\000n\000c\000e\000\040\000a\000n\000d\000\040\000l\000i\000f\000e\000c\000y\000c\000l\000e\000\040\000b\000i\000n\000d\000i\000n\000g\000s}{}% 20
\BOOKMARK [1][-]{appendix.D}{\376\377\000B\000i\000b\000l\000i\000o\000g\000r\000a\000p\000h\000i\000c\000\040\000v\000e\000r\000i\000f\000i\000c\000a\000t\000i\000o\000n\000\040\000b\000o\000u\000n\000d\000a\000r\000y}{}% 21
