/root/autodl-tmp/hilbert-polya-structure/symbolic_dynamics/docs/papers157_161_sequence/phase1/rcr/PROOF_PACKAGE.md:156:For `m=1`, all three statements reduce separately to `H_1=0`.
/root/autodl-tmp/hilbert-polya-structure/papers/202-ternary-ordered-reset/main.tex:70:also occur in cyclic, Greenberg--Hastings and firefly automata
/root/autodl-tmp/hilbert-polya-structure/papers/202-ternary-ordered-reset/main.tex:272:Let $P_3$ be the three-colour permutation matrix, with entries one at
/root/autodl-tmp/hilbert-polya-structure/docs/papers204_208_sequence/scouting/finite_systems_fourteenth/INTAKE.md:54:$\mu:X^2\to X$, with no associativity, quasigroup or identity assumption.
/root/autodl-tmp/hilbert-polya-structure/docs/papers204_208_sequence/scouting/algebra/PROOF_NOTES.md:58:orthogonal complement K, and start from (<e>,<f>). Its first three states
/root/autodl-tmp/hilbert-polya-structure/papers/205-conflict-triggered-cyclic-increments/PROOF_PACKAGE.md:16:the presence of a successor colour as in the usual cyclic cellular automaton.
/root/autodl-tmp/hilbert-polya-structure/papers/205-conflict-triggered-cyclic-increments/PROOF_PACKAGE.md:226:claim that CCI is ordinary CCA, Greenberg--Hastings, or a successful graph
/root/autodl-tmp/hilbert-polya-structure/docs/papers204_208_sequence/scouting/word_local/CPC_INTAKE.md:1:# Cyclic-predator count — one new bounded literal
/root/autodl-tmp/hilbert-polya-structure/docs/papers204_208_sequence/scouting/word_local/CPC_INTAKE.md:14:predator-copy rule. No guard or silent change is permitted.
/root/autodl-tmp/hilbert-polya-structure/docs/papers204_208_sequence/scouting/word_local/CPC_INTAKE.md:21:Before this pilot, targeted local searches by predator/prey, cyclic
/root/autodl-tmp/hilbert-polya-structure/docs/papers204_208_sequence/scouting/word_local/CPC_INTAKE.md:25:conjugacies. Equal-colour degree, cyclic cellular automata, contact
/root/autodl-tmp/hilbert-polya-structure/docs/papers197_201_sequence/scouting/word_poset_lane/BREADTH_AND_KILL_LEDGER.md:84:| Binary-projective Steiner cyclic product words | The length-three instance is the retired P160 literal map and the family uses the same quasigroup-product engine. | `KILL_RETIRED_LITERAL_FAMILY` |
/root/autodl-tmp/hilbert-polya-structure/symbolic_dynamics/docs/papers117_121_sequence/proof_spikes/R3_FIBRE_PROOF_REPORT.md:63:three states:
/root/autodl-tmp/hilbert-polya-structure/symbolic_dynamics/docs/papers117_121_sequence/proof_spikes/R3_FIBRE_PROOF_REPORT.md:78:Let `A(sigma)` be the resulting admissible set of three-state assignments and
/root/autodl-tmp/hilbert-polya-structure/symbolic_dynamics/docs/papers117_121_sequence/proof_spikes/R3_FIBRE_PROOF_REPORT.md:95:series also has an explicit three-state transfer-matrix evaluation, component
/root/autodl-tmp/hilbert-polya-structure/symbolic_dynamics/docs/papers117_121_sequence/proof_spikes/R3_FIBRE_PROOF_REPORT.md:105:compares every target fibre with the three-state coefficient formula, checks
/root/autodl-tmp/hilbert-polya-structure/docs/papers204_208_sequence/scouting/graph_relation_second/SCOUT_REPORT.md:30:source/sink clicks, standard chip firing and ordinary cyclic predator automata
/root/autodl-tmp/hilbert-polya-structure/symbolic_dynamics/docs/papers122_126_sequence/scouting/replacement/SCOUT.md:42:| **G04** | On quasigroup laws `*` on `[n]`, take the opposite law `x o y = y*x` if `*` has a left identity; otherwise fix it. | A left-only quasigroup falls in one step to a fixed right-only opposite; a law with both identities lies on a 2-cycle unless commutative. | This is only a selector around the standard `S_3` parastrophe action; modern primary treatment includes Sokhatsky--Lutsenko, [parastrophic directions](https://doi.org/10.14712/1213-7243.2021.002). **KILL_OWNER_THIN.** |
/root/autodl-tmp/hilbert-polya-structure/docs/papers204_208_sequence/scouting/graph_relation_second/CCI_PROOF_PACKAGE.md:13:the presence of a successor colour as in the usual cyclic cellular automaton.
/root/autodl-tmp/hilbert-polya-structure/docs/papers204_208_sequence/scouting/graph_relation_second/CCI_PROOF_PACKAGE.md:223:claim that CCI is ordinary CCA, Greenberg--Hastings, or a successful graph
/root/autodl-tmp/hilbert-polya-structure/symbolic_dynamics/docs/papers132_136_sequence/scouting/algebraic/SCOUT.md:109:| `G03` | `(Z/mZ)^3`; sweep the adjacent pairs by `R(x,y)=(y,2y-x)`. | `3<=m<=10`; 3,016 states; **9,072** assertions.  Bijective braid sweep, maximum period six and exactly `m` fixed triples. | **KILL OWNER.**  Alexander-quandle/Burau linear braid action. |
/root/autodl-tmp/hilbert-polya-structure/docs/papers204_208_sequence/scouting/word_local/CONTRAST_PROOF_WORK/PROOF_PACKAGE.md:289:Suppose $b$ has no zero. Every source is then a proper three-coloring of
/root/autodl-tmp/hilbert-polya-structure/symbolic_dynamics/docs/papers112_116_sequence/scouting/STOCHASTIC_SCOUT.md:28:   The complete finite-time height law reduces exactly to a three-state
/root/autodl-tmp/hilbert-polya-structure/symbolic_dynamics/docs/papers112_116_sequence/scouting/STOCHASTIC_SCOUT.md:48:complete three-state law, and **T4**, an affine cyclic-register cocycle with an
/root/autodl-tmp/hilbert-polya-structure/symbolic_dynamics/docs/papers112_116_sequence/scouting/STOCHASTIC_SCOUT.md:99:| T1 | iid max-plus matrices `A=[[-2,-1],[1,-1]]`, `B=[[-1,1],[-1,-2]]` | two neutral endpoints but explicit positive interior growth; exact three-state law | general max-plus stochastic and reset/coupling theory owns the engine; the four length-three reset words were found during hostile review; no exact-pair hit in bounded search | **GO / HOLD external** |
/root/autodl-tmp/hilbert-polya-structure/symbolic_dynamics/docs/papers112_116_sequence/scouting/STOCHASTIC_SCOUT.md:101:| T3 | iid max-plus matrices `[[1,0],[0,0]]`, `[[0,0],[0,1]]` | exact three-state law; random switching slows growth below both endpoints | same object and proof engine as T1; finite weighted-word matching interpretation is close | **RESERVE SAME ENGINE** |
/root/autodl-tmp/hilbert-polya-structure/symbolic_dynamics/docs/papers112_116_sequence/scouting/STOCHASTIC_SCOUT.md:232:2. **Markov-additive/spectral route.**  Start from the three-state reward
/root/autodl-tmp/hilbert-polya-structure/symbolic_dynamics/docs/papers112_116_sequence/scouting/STOCHASTIC_SCOUT.md:244:action, five-state gap, and three-state reward height.  It reconstructs the
/root/autodl-tmp/hilbert-polya-structure/symbolic_dynamics/docs/papers112_116_sequence/scouting/STOCHASTIC_SCOUT.md:267:  source for this displayed pair, its three-state law, or the neutral-to-
/root/autodl-tmp/hilbert-polya-structure/symbolic_dynamics/docs/papers112_116_sequence/scouting/STOCHASTIC_SCOUT.md:272:  matrix carrier, maximum-entry reward, five-gap/three-state quotient, and
/root/autodl-tmp/hilbert-polya-structure/symbolic_dynamics/docs/papers112_116_sequence/scouting/STOCHASTIC_SCOUT.md:277:  T1 uses full-rank max-plus matrices, a three-state projective reward,
/root/autodl-tmp/hilbert-polya-structure/symbolic_dynamics/docs/papers112_116_sequence/scouting/STOCHASTIC_SCOUT.md:504:complete three-state law through `n=16`, reconstructs biased laws through
/root/autodl-tmp/hilbert-polya-structure/symbolic_dynamics/docs/papers112_116_sequence/scouting/STOCHASTIC_SCOUT.md:762:literal/product/three-state horizon: n <= 15
/root/autodl-tmp/hilbert-polya-structure/symbolic_dynamics/docs/papers112_116_sequence/scouting/STOCHASTIC_SCOUT.md:776:literal/three-state horizon: n <= 16
/root/autodl-tmp/hilbert-polya-structure/papers/190-brandt-sandwich-erosion/main.tex:79:carrier.  Finite cyclic cellular-automaton transformation semigroups are
/root/autodl-tmp/hilbert-polya-structure/papers/205-conflict-triggered-cyclic-increments/sections/01_setup.tex:20:trigger in the cyclic cellular automaton differs from our equality trigger
/root/autodl-tmp/hilbert-polya-structure/symbolic_dynamics/docs/papers132_136_sequence/scouting/algebraic/verify_algebraic_scout.py:1249:        check(stats["max_tail"] == 0, "Alexander-quandle braid sweep is not bijective")
/root/autodl-tmp/hilbert-polya-structure/symbolic_dynamics/docs/papers132_136_sequence/scouting/algebraic/verify_algebraic_scout.py:1256:        "(Z/mZ)^3; two adjacent Alexander-quandle braid generators per sweep",
/root/autodl-tmp/hilbert-polya-structure/symbolic_dynamics/docs/papers132_136_sequence/scouting/algebraic/verify_algebraic_scout.py:1258:        "KILL_OWNER", "Alexander quandles and Burau/linear braid actions own the complete mechanism",
/root/autodl-tmp/hilbert-polya-structure/docs/papers204_208_sequence/scouting/word_local/MNC_GATE/SOURCE_AND_PROOF.md:198:| Jen, *Enumeration of Preimages in Cellular Automata* (1989), introduction, Section 2 through equation (2.1), complete Sections 5.4–5.5, Appendix A conventions and rule-36 entry; [primary journal PDF](https://content.wolfram.com/sites/13/2018/02/03-5-2.pdf) | Arbitrary-alphabet endpoint recurrences, binary run optimization, and forbidden-block modifications are occupied. Section 5.4 is a real optimization precedent, but its prose is not an exact theorem establishing MNC's labeled ternary strict maximum. The binary open-word rule-36 Fibonacci product is not silently substituted for the cyclic three-color count. |
/root/autodl-tmp/hilbert-polya-structure/symbolic_dynamics/docs/papers157_161_sequence/scouting/p160_replacement_alt/SCOUT_AND_KILL_LEDGER.md:35:| `MOORE` | complete binary DFAs; one simultaneous Myhill--Nerode partition refinement | three states: 5,832 automata, tails `0:2808,1:3024` | `KILL_DIRECT_ALGORITHM_OWNER`; classical DFA minimization and shallow at this rank |
/root/autodl-tmp/hilbert-polya-structure/symbolic_dynamics/docs/papers157_161_sequence/scouting/replacement_geometry_mechanism/SCOUT.md:65:  this is the Steiner quasigroup operation of the binary projective triple
/root/autodl-tmp/hilbert-polya-structure/symbolic_dynamics/docs/papers157_161_sequence/scouting/replacement_geometry_mechanism/SCOUT.md:90:  quasigroup and the projective Steiner system themselves receive zero credit.
/root/autodl-tmp/hilbert-polya-structure/symbolic_dynamics/docs/papers157_161_sequence/scouting/replacement_geometry_mechanism/SCOUT.md:362:   quasigroups or binary projective Steiner systems, followed by explicit
/root/autodl-tmp/hilbert-polya-structure/symbolic_dynamics/docs/papers157_161_sequence/scouting/replacement_geometry_mechanism/SCOUT.md:363:   zero-credit subtraction of those standard inputs and of quasigroup cellular
/root/autodl-tmp/hilbert-polya-structure/symbolic_dynamics/docs/papers157_161_sequence/scouting/replacement_probabilistic_geometric/SCOUT.md:23:| `KCI` | Proper colourings of `C_n`; choose a vertex and colour pair, and swap that pair on the selected bichromatic component (or hold). | `C_6`, 3 colours: 66 states in one orbit. | Exact mixing/spectrum versus Kempe-class census. | For three colours this scheduler is the WSK Kempe-component chain. | `KILL_DIRECT_WSK_KEMPE` |
/root/autodl-tmp/hilbert-polya-structure/symbolic_dynamics/docs/papers117_121_sequence/scouting/ROOT_SCOUT.md:68:  409,130 assertions.  One-step fibres admit a three-state orientation model
/root/autodl-tmp/hilbert-polya-structure/symbolic_dynamics/docs/papers112_116_sequence/phase1/CANDIDATE_POOL_AND_KILL_LEDGER.md:37:| P116 | iid products of two explicit tropical `2 x 2` matrices; observe the maximum entry | both generators have zero deterministic growth, but every nondegenerate mixture has positive drift | residual displayed-pair formulas: five gaps/three-state reward table, rational drift/variance, cubic transfer/pressure, exact support/extremes and temperature constants; reset/coupling and generic Markov-additive LLN/CLT/LDP engines are zero-credit |
/root/autodl-tmp/hilbert-polya-structure/symbolic_dynamics/docs/papers112_116_sequence/phase1/CANDIDATE_POOL_AND_KILL_LEDGER.md:51:   tropical three-state cocycle, or a second coefficient-decimation system;
/root/autodl-tmp/hilbert-polya-structure/symbolic_dynamics/docs/papers142_146_sequence/scouting/algebraic/SCOUT.md:87:| `LPS` | On labelled Latin squares, exchange the right input and output, i.e. take the right-division parastrophe. | Exhausted all `2+12+576` labelled squares of orders `2,3,4`; exact fixed/two-cycle counts. | **KILL DIRECT PARASTROPHE.**  A coordinate permutation of a quasigroup law. |
/root/autodl-tmp/hilbert-polya-structure/symbolic_dynamics/docs/papers132_136_sequence/replacement_scout/nondivisor_algebra/SCOUT.md:23:- the genuinely nonassociative seven-point Fano Steiner quasigroup.
/root/autodl-tmp/hilbert-polya-structure/symbolic_dynamics/docs/papers132_136_sequence/replacement_scout/nondivisor_algebra/SCOUT.md:510:Automata*](https://arxiv.org/abs/adap-org/9701001) already places quasigroup
/root/autodl-tmp/hilbert-polya-structure/symbolic_dynamics/docs/papers132_136_sequence/replacement_scout/nondivisor_algebra/SCOUT.md:527:| `FQ1/FQ2` | prior Alexander-quandle braid control | The Fano operation is genuinely nonaffine and is not a group action.  Its fixed seven-point carrier, rather than an internal collision, kills it. |
/root/autodl-tmp/hilbert-polya-structure/symbolic_dynamics/docs/papers132_136_sequence/replacement_scout/nondivisor_algebra/SCOUT.md:545:| `FQ1/FQ2` | `Steiner quasigroup dynamics cyclic product`; exact Fano triple maps | quasigroup/Steiner cellular automata and quasigroup dynamics | fixed-carrier controls only; **kill** |
/root/autodl-tmp/hilbert-polya-structure/symbolic_dynamics/docs/papers142_146_sequence/scouting/algebraic/verify_algebraic_scout.py:732:        "quasigroup parastrophy is a coordinate permutation and the involution is definition-level",
/root/autodl-tmp/hilbert-polya-structure/symbolic_dynamics/papers/38-bass-serre-tree-orbital-collapse/sections/5_tree_fredholm.tex:133:discrete.  The three statements in this section are logically distinct: no
/root/autodl-tmp/hilbert-polya-structure/symbolic_dynamics/papers/116-max-plus-switching-induced-growth/sections/1_introduction.tex:39:three-state chain.  Four words of minimal length three have tropical rank
/root/autodl-tmp/hilbert-polya-structure/symbolic_dynamics/docs/papers162_166_sequence/scouting/open_fresh_p166_round2/SCOUT.md:81:`n=2` all three states have one root; at `n=5` the maximum fibre is `15`.
/root/autodl-tmp/hilbert-polya-structure/symbolic_dynamics/papers/16-equivariant-cycle-index-determinant/sections/5_symmetry_obstruction.tex:112:prime-weighted rank-one operator.  Three statements must be kept separate:
/root/autodl-tmp/hilbert-polya-structure/symbolic_dynamics/papers/33-relation-homology-operator-non-descent/PROOF_PACKAGE.md:66:three-state counterexample to operator descent.
/root/autodl-tmp/hilbert-polya-structure/symbolic_dynamics/docs/papers162_166_sequence/scouting/replacement_fresh_p158/SCOUT.md:15:every-target one-step inverse polynomial given by a three-state weighted path.
/root/autodl-tmp/hilbert-polya-structure/symbolic_dynamics/docs/papers162_166_sequence/scouting/replacement_fresh_p158/SCOUT.md:173:at most `N`.  Equivalently, support is decided by the same three-state path
/root/autodl-tmp/hilbert-polya-structure/symbolic_dynamics/docs/papers162_166_sequence/scouting/replacement_fresh_p158/SCOUT.md:203:  source-length coefficient of the three-state path polynomial, including
/root/autodl-tmp/hilbert-polya-structure/symbolic_dynamics/docs/papers157_161_sequence/phase1/combinatorial_gate/REPLACEMENT_SCOUT.md:251:  involutive quasigroup tables.
/root/autodl-tmp/symbolic_dynamics/docs/papers197_201_sequence/scouting/word_poset_lane/BREADTH_AND_KILL_LEDGER.md:84:| Binary-projective Steiner cyclic product words | The length-three instance is the retired P160 literal map and the family uses the same quasigroup-product engine. | `KILL_RETIRED_LITERAL_FAMILY` |
/root/autodl-tmp/hilbert-polya-structure/symbolic_dynamics/docs/papers162_166_sequence/scouting/replacement_crossclass/SCOUT.md:98:| `M03 DRC` | square binary array; choose a uniform index with unequal row/column degree and complement that row | exact rational kernel; 512 order-three states scanned | order three already has closed SCCs of size six | no absorption or stable all-parameter invariant | **`KILL_UNSTABLE_MARKOV`** |
/root/autodl-tmp/symbolic_dynamics/docs/papers112_116_sequence/phase1/CANDIDATE_POOL_AND_KILL_LEDGER.md:37:| P116 | iid products of two explicit tropical `2 x 2` matrices; observe the maximum entry | both generators have zero deterministic growth, but every nondegenerate mixture has positive drift | residual displayed-pair formulas: five gaps/three-state reward table, rational drift/variance, cubic transfer/pressure, exact support/extremes and temperature constants; reset/coupling and generic Markov-additive LLN/CLT/LDP engines are zero-credit |
/root/autodl-tmp/symbolic_dynamics/docs/papers112_116_sequence/phase1/CANDIDATE_POOL_AND_KILL_LEDGER.md:51:   tropical three-state cocycle, or a second coefficient-decimation system;
/root/autodl-tmp/hilbert-polya-structure/symbolic_dynamics/papers/116-max-plus-switching-induced-growth/sections/0_abstract.tex:16:an exact three-state Markov-additive process.  The reduction gives the full
/root/autodl-tmp/symbolic_dynamics/docs/prior_work/legacy/2-prime_dynamics/paper/main.tex:634:a three-state Markov partition whose Perron--Frobenius eigenvector
/root/autodl-tmp/symbolic_dynamics/docs/prior_work/legacy/2-prime_dynamics/paper/main.tex:765:chain on three states, whose representation theory is exhausted by
/root/autodl-tmp/symbolic_dynamics/docs/papers132_136_sequence/replacement_scout/nondivisor_algebra/SCOUT.md:23:- the genuinely nonassociative seven-point Fano Steiner quasigroup.
/root/autodl-tmp/symbolic_dynamics/docs/papers132_136_sequence/replacement_scout/nondivisor_algebra/SCOUT.md:510:Automata*](https://arxiv.org/abs/adap-org/9701001) already places quasigroup
/root/autodl-tmp/symbolic_dynamics/docs/papers132_136_sequence/replacement_scout/nondivisor_algebra/SCOUT.md:527:| `FQ1/FQ2` | prior Alexander-quandle braid control | The Fano operation is genuinely nonaffine and is not a group action.  Its fixed seven-point carrier, rather than an internal collision, kills it. |
/root/autodl-tmp/symbolic_dynamics/docs/papers132_136_sequence/replacement_scout/nondivisor_algebra/SCOUT.md:545:| `FQ1/FQ2` | `Steiner quasigroup dynamics cyclic product`; exact Fano triple maps | quasigroup/Steiner cellular automata and quasigroup dynamics | fixed-carrier controls only; **kill** |
/root/autodl-tmp/hilbert-polya-structure/symbolic_dynamics/papers/34-positive-recognition-recurrence-quadrilemma/sections/9_exact_audit.tex:42:matrix controls deliberately lie outside the theorem: a signed three-state
/root/autodl-tmp/hilbert-polya-structure/symbolic_dynamics/docs/papers162_166_sequence/scouting/plane_partition_layer_stripping/SCOUT.md:273:All three statements have one definition-level proof engine.
/root/autodl-tmp/hilbert-polya-structure/symbolic_dynamics/papers/134-recomputed-border-array-dynamics/main.tex:55:period two; length one has one fixed point.  An indexed three-state mismatch
/root/autodl-tmp/hilbert-polya-structure/symbolic_dynamics/docs/papers162_166_sequence/scouting/replacement_fresh_p158/verify_scout.py:233:    print("fibre_formula=three-state adjacent-distinct run-letter path polynomial PASS")
/root/autodl-tmp/hilbert-polya-structure/symbolic_dynamics/papers/40-gauss-mayer-projection-firewalls/sections/0_abstract.tex:18:interpretation is rejected for exactly the three stated projections.  The
/root/autodl-tmp/symbolic_dynamics/papers/116-max-plus-switching-induced-growth/sections/7_conclusion.tex:8:three-state finite-time law.  Four shortest length-three products are
/root/autodl-tmp/hilbert-polya-structure/symbolic_dynamics/papers/26-pure-power-selector-atom-collapse/sections/1_introduction.tex:86:checked before the color variables commute.  We exhibit a three-color graded
/root/autodl-tmp/hilbert-polya-structure/symbolic_dynamics/papers/116-max-plus-switching-induced-growth/sections/6_scope_controls.tex:65:its five literal gaps, three-state reward table, rational drift and variance,
/root/autodl-tmp/hilbert-polya-structure/symbolic_dynamics/papers/116-max-plus-switching-induced-growth/sections/6_scope_controls.tex:87:  projective state, additive height reward, and direct three-state-kernel
/root/autodl-tmp/hilbert-polya-structure/symbolic_dynamics/papers/116-max-plus-switching-induced-growth/sections/6_scope_controls.tex:97:  additive global maximum with a three-state reward process.\\
/root/autodl-tmp/symbolic_dynamics/papers/190-brandt-sandwich-erosion/main.tex:79:carrier.  Finite cyclic cellular-automaton transformation semigroups are
/root/autodl-tmp/hilbert-polya-structure/symbolic_dynamics/papers/retired/160-binary-projective-steiner-triangle-collapse/main.tex:36:quasigroup operation $x\star x=x$ and $x\star y=x+y$ for $x\ne y$.
/root/autodl-tmp/hilbert-polya-structure/symbolic_dynamics/papers/retired/160-binary-projective-steiner-triangle-collapse/main.tex:49:fibre multiset.  The Steiner system, its quasigroup operation,
/root/autodl-tmp/hilbert-polya-structure/symbolic_dynamics/papers/retired/160-binary-projective-steiner-triangle-collapse/main.tex:66:The associated Steiner quasigroup is
/root/autodl-tmp/hilbert-polya-structure/symbolic_dynamics/papers/retired/160-binary-projective-steiner-triangle-collapse/main.tex:74:The correspondence between Steiner triple systems and Steiner quasigroups is
/root/autodl-tmp/hilbert-polya-structure/symbolic_dynamics/papers/retired/160-binary-projective-steiner-triangle-collapse/main.tex:75:standard~\cite{DrapalKozlikGriggs2012}.  Quasigroup and Steiner local rules
/root/autodl-tmp/hilbert-polya-structure/symbolic_dynamics/papers/retired/160-binary-projective-steiner-triangle-collapse/main.tex:103:Steiner systems and quasigroups
/root/autodl-tmp/hilbert-polya-structure/symbolic_dynamics/papers/retired/160-binary-projective-steiner-triangle-collapse/main.tex:105:& no carrier or quasigroup claim \\
/root/autodl-tmp/hilbert-polya-structure/symbolic_dynamics/papers/retired/160-binary-projective-steiner-triangle-collapse/main.tex:106:Quasigroup cellular automata
/root/autodl-tmp/hilbert-polya-structure/symbolic_dynamics/papers/retired/160-binary-projective-steiner-triangle-collapse/main.tex:336:The result is specific to the binary projective Steiner quasigroup and to
/root/autodl-tmp/hilbert-polya-structure/symbolic_dynamics/papers/retired/160-binary-projective-steiner-triangle-collapse/main.tex:338:not classify arbitrary Steiner quasigroups or triple systems, assert stability
/root/autodl-tmp/hilbert-polya-structure/symbolic_dynamics/papers/retired/160-binary-projective-steiner-triangle-collapse/main.tex:339:under perturbing the rule, or furnish a general quasigroup-dynamics theorem.
/root/autodl-tmp/symbolic_dynamics/papers/202-ternary-ordered-reset/main.tex:70:also occur in cyclic, Greenberg--Hastings and firefly automata
/root/autodl-tmp/symbolic_dynamics/papers/202-ternary-ordered-reset/main.tex:272:Let $P_3$ be the three-colour permutation matrix, with entries one at
/root/autodl-tmp/symbolic_dynamics/docs/papers204_208_sequence/scouting/word_local/MNC_GATE/SOURCE_AND_PROOF.md:198:| Jen, *Enumeration of Preimages in Cellular Automata* (1989), introduction, Section 2 through equation (2.1), complete Sections 5.4–5.5, Appendix A conventions and rule-36 entry; [primary journal PDF](https://content.wolfram.com/sites/13/2018/02/03-5-2.pdf) | Arbitrary-alphabet endpoint recurrences, binary run optimization, and forbidden-block modifications are occupied. Section 5.4 is a real optimization precedent, but its prose is not an exact theorem establishing MNC's labeled ternary strict maximum. The binary open-word rule-36 Fibonacci product is not silently substituted for the cyclic three-color count. |
/root/autodl-tmp/hilbert-polya-structure/symbolic_dynamics/papers/116-max-plus-switching-induced-growth/sections/7_conclusion.tex:8:three-state finite-time law.  Four shortest length-three products are
/root/autodl-tmp/symbolic_dynamics/docs/papers157_161_sequence/phase1/rcr/PROOF_PACKAGE.md:156:For `m=1`, all three statements reduce separately to `H_1=0`.
/root/autodl-tmp/symbolic_dynamics/docs/papers132_136_sequence/scouting/algebraic/verify_algebraic_scout.py:1249:        check(stats["max_tail"] == 0, "Alexander-quandle braid sweep is not bijective")
/root/autodl-tmp/symbolic_dynamics/docs/papers132_136_sequence/scouting/algebraic/verify_algebraic_scout.py:1256:        "(Z/mZ)^3; two adjacent Alexander-quandle braid generators per sweep",
/root/autodl-tmp/symbolic_dynamics/docs/papers132_136_sequence/scouting/algebraic/verify_algebraic_scout.py:1258:        "KILL_OWNER", "Alexander quandles and Burau/linear braid actions own the complete mechanism",
/root/autodl-tmp/symbolic_dynamics/papers/116-max-plus-switching-induced-growth/sections/6_scope_controls.tex:65:its five literal gaps, three-state reward table, rational drift and variance,
/root/autodl-tmp/symbolic_dynamics/papers/116-max-plus-switching-induced-growth/sections/6_scope_controls.tex:87:  projective state, additive height reward, and direct three-state-kernel
/root/autodl-tmp/symbolic_dynamics/papers/116-max-plus-switching-induced-growth/sections/6_scope_controls.tex:97:  additive global maximum with a three-state reward process.\\
/root/autodl-tmp/symbolic_dynamics/papers/116-max-plus-switching-induced-growth/sections/0_abstract.tex:16:an exact three-state Markov-additive process.  The reduction gives the full
/root/autodl-tmp/symbolic_dynamics/docs/papers162_166_sequence/scouting/plane_partition_layer_stripping/SCOUT.md:273:All three statements have one definition-level proof engine.
/root/autodl-tmp/symbolic_dynamics/docs/papers162_166_sequence/scouting/replacement_fresh_p158/verify_scout.py:233:    print("fibre_formula=three-state adjacent-distinct run-letter path polynomial PASS")
/root/autodl-tmp/symbolic_dynamics/papers/134-recomputed-border-array-dynamics/main.tex:55:period two; length one has one fixed point.  An indexed three-state mismatch
/root/autodl-tmp/hilbert-polya-structure/symbolic_dynamics/papers/29-functorial-chiral-counterterm-no-go/sections/6_local_no_go.tex:94:We therefore distinguish three statements:
/root/autodl-tmp/symbolic_dynamics/papers/38-bass-serre-tree-orbital-collapse/sections/5_tree_fredholm.tex:133:discrete.  The three statements in this section are logically distinct: no
/root/autodl-tmp/symbolic_dynamics/docs/papers157_161_sequence/scouting/p160_replacement_alt/SCOUT_AND_KILL_LEDGER.md:35:| `MOORE` | complete binary DFAs; one simultaneous Myhill--Nerode partition refinement | three states: 5,832 automata, tails `0:2808,1:3024` | `KILL_DIRECT_ALGORITHM_OWNER`; classical DFA minimization and shallow at this rank |
/root/autodl-tmp/symbolic_dynamics/docs/papers142_146_sequence/scouting/algebraic/SCOUT.md:87:| `LPS` | On labelled Latin squares, exchange the right input and output, i.e. take the right-division parastrophe. | Exhausted all `2+12+576` labelled squares of orders `2,3,4`; exact fixed/two-cycle counts. | **KILL DIRECT PARASTROPHE.**  A coordinate permutation of a quasigroup law. |
/root/autodl-tmp/symbolic_dynamics/papers/205-conflict-triggered-cyclic-increments/sections/01_setup.tex:20:trigger in the cyclic cellular automaton differs from our equality trigger
/root/autodl-tmp/hilbert-polya-structure/symbolic_dynamics/papers/33-relation-homology-operator-non-descent/sections/1_introduction.tex:59:  on the three-state block $n=2$;
/root/autodl-tmp/symbolic_dynamics/papers/116-max-plus-switching-induced-growth/sections/1_introduction.tex:39:three-state chain.  Four words of minimal length three have tropical rank
/root/autodl-tmp/symbolic_dynamics/docs/papers204_208_sequence/scouting/finite_systems_fourteenth/INTAKE.md:54:$\mu:X^2\to X$, with no associativity, quasigroup or identity assumption.
/root/autodl-tmp/symbolic_dynamics/papers/retired/160-binary-projective-steiner-triangle-collapse/main.tex:36:quasigroup operation $x\star x=x$ and $x\star y=x+y$ for $x\ne y$.
/root/autodl-tmp/symbolic_dynamics/papers/retired/160-binary-projective-steiner-triangle-collapse/main.tex:49:fibre multiset.  The Steiner system, its quasigroup operation,
/root/autodl-tmp/symbolic_dynamics/papers/retired/160-binary-projective-steiner-triangle-collapse/main.tex:66:The associated Steiner quasigroup is
/root/autodl-tmp/symbolic_dynamics/papers/retired/160-binary-projective-steiner-triangle-collapse/main.tex:74:The correspondence between Steiner triple systems and Steiner quasigroups is
/root/autodl-tmp/symbolic_dynamics/papers/retired/160-binary-projective-steiner-triangle-collapse/main.tex:75:standard~\cite{DrapalKozlikGriggs2012}.  Quasigroup and Steiner local rules
/root/autodl-tmp/symbolic_dynamics/papers/retired/160-binary-projective-steiner-triangle-collapse/main.tex:103:Steiner systems and quasigroups
/root/autodl-tmp/symbolic_dynamics/papers/retired/160-binary-projective-steiner-triangle-collapse/main.tex:105:& no carrier or quasigroup claim \\
/root/autodl-tmp/symbolic_dynamics/papers/retired/160-binary-projective-steiner-triangle-collapse/main.tex:106:Quasigroup cellular automata
/root/autodl-tmp/symbolic_dynamics/papers/retired/160-binary-projective-steiner-triangle-collapse/main.tex:336:The result is specific to the binary projective Steiner quasigroup and to
/root/autodl-tmp/symbolic_dynamics/papers/retired/160-binary-projective-steiner-triangle-collapse/main.tex:338:not classify arbitrary Steiner quasigroups or triple systems, assert stability
/root/autodl-tmp/symbolic_dynamics/papers/retired/160-binary-projective-steiner-triangle-collapse/main.tex:339:under perturbing the rule, or furnish a general quasigroup-dynamics theorem.
/root/autodl-tmp/symbolic_dynamics/papers/40-gauss-mayer-projection-firewalls/sections/0_abstract.tex:18:interpretation is rejected for exactly the three stated projections.  The
/root/autodl-tmp/symbolic_dynamics/docs/papers204_208_sequence/scouting/word_local/CPC_INTAKE.md:1:# Cyclic-predator count — one new bounded literal
/root/autodl-tmp/symbolic_dynamics/docs/papers204_208_sequence/scouting/word_local/CPC_INTAKE.md:14:predator-copy rule. No guard or silent change is permitted.
/root/autodl-tmp/symbolic_dynamics/docs/papers204_208_sequence/scouting/word_local/CPC_INTAKE.md:21:Before this pilot, targeted local searches by predator/prey, cyclic
/root/autodl-tmp/symbolic_dynamics/docs/papers204_208_sequence/scouting/word_local/CPC_INTAKE.md:25:conjugacies. Equal-colour degree, cyclic cellular automata, contact
/root/autodl-tmp/symbolic_dynamics/papers/57-uniform-cylinder-minorization-ca/builds/round0/sections/4_exposed_corner.tex:14:and that $f$ is permutive in coordinate $u_*$.  Thus, after all other local
/root/autodl-tmp/symbolic_dynamics/papers/57-uniform-cylinder-minorization-ca/builds/round0/sections/4_exposed_corner.tex:22:$tN$ and is permutive in the raw coordinate $tu_*$.  Moreover, $tu_*$ is
/root/autodl-tmp/symbolic_dynamics/papers/57-uniform-cylinder-minorization-ca/builds/round0/sections/4_exposed_corner.tex:80:nonpivot inputs are fixed, while the own pivot $p_r$ enters permutively by
/root/autodl-tmp/symbolic_dynamics/papers/57-uniform-cylinder-minorization-ca/builds/round0/sections/4_exposed_corner.tex:87:Let $F$ satisfy \eqref{eq:local-rule}--\eqref{eq:exposed} and be permutive in
/root/autodl-tmp/symbolic_dynamics/papers/57-uniform-cylinder-minorization-ca/builds/round1/sections/4_exposed_corner.tex:14:and that $f$ is permutive in coordinate $u_*$.  Thus, after all other local
/root/autodl-tmp/symbolic_dynamics/papers/57-uniform-cylinder-minorization-ca/builds/round1/sections/4_exposed_corner.tex:22:$tN$ and is permutive in the raw coordinate $tu_*$.  Moreover, $tu_*$ is
/root/autodl-tmp/symbolic_dynamics/papers/57-uniform-cylinder-minorization-ca/builds/round1/sections/4_exposed_corner.tex:80:nonpivot inputs are fixed, while the own pivot $p_r$ enters permutively by
/root/autodl-tmp/symbolic_dynamics/papers/57-uniform-cylinder-minorization-ca/builds/round1/sections/4_exposed_corner.tex:87:Let $F$ satisfy \eqref{eq:local-rule}--\eqref{eq:exposed} and be permutive in
/root/autodl-tmp/symbolic_dynamics/papers/57-uniform-cylinder-minorization-ca/builds/round2/sections/4_exposed_corner.tex:14:and that $f$ is permutive in coordinate $u_*$.  Thus, after all other local
/root/autodl-tmp/symbolic_dynamics/papers/57-uniform-cylinder-minorization-ca/builds/round2/sections/4_exposed_corner.tex:22:$tN$ and is permutive in the raw coordinate $tu_*$.  Moreover, $tu_*$ is
/root/autodl-tmp/symbolic_dynamics/papers/57-uniform-cylinder-minorization-ca/builds/round2/sections/4_exposed_corner.tex:80:nonpivot inputs are fixed, while the own pivot $p_r$ enters permutively by
/root/autodl-tmp/symbolic_dynamics/papers/57-uniform-cylinder-minorization-ca/builds/round2/sections/4_exposed_corner.tex:87:Let $F$ satisfy \eqref{eq:local-rule}--\eqref{eq:exposed} and be permutive in
/root/autodl-tmp/symbolic_dynamics/docs/prior_work/legacy/2-prime_dynamics/paper/paper-iop/main.tex:636:a three-state Markov partition whose Perron--Frobenius eigenvector
/root/autodl-tmp/symbolic_dynamics/docs/prior_work/legacy/2-prime_dynamics/paper/paper-iop/main.tex:767:chain on three states, whose representation theory is exhausted by
/root/autodl-tmp/symbolic_dynamics/papers/57-uniform-cylinder-minorization-ca/sections/4_exposed_corner.tex:14:and that $f$ is permutive in coordinate $u_*$.  Thus, after all other local
/root/autodl-tmp/symbolic_dynamics/papers/57-uniform-cylinder-minorization-ca/sections/4_exposed_corner.tex:22:$tN$ and is permutive in the raw coordinate $tu_*$.  Moreover, $tu_*$ is
/root/autodl-tmp/symbolic_dynamics/papers/57-uniform-cylinder-minorization-ca/sections/4_exposed_corner.tex:80:nonpivot inputs are fixed, while the own pivot $p_r$ enters permutively by
/root/autodl-tmp/symbolic_dynamics/papers/57-uniform-cylinder-minorization-ca/sections/4_exposed_corner.tex:87:Let $F$ satisfy \eqref{eq:local-rule}--\eqref{eq:exposed} and be permutive in
/root/autodl-tmp/symbolic_dynamics/papers/57-uniform-cylinder-minorization-ca/builds/round0/figures/mechanism_scope_table.tex:23:      & One permutive site uniquely exposed by a real functional
/root/autodl-tmp/symbolic_dynamics/papers/57-uniform-cylinder-minorization-ca/builds/round0/figures/mechanism_scope_table.tex:31:      & Surjectivity without an exposed permutive coordinate
/root/autodl-tmp/symbolic_dynamics/docs/papers117_121_sequence/proof_spikes/R3_FIBRE_PROOF_REPORT.md:63:three states:
/root/autodl-tmp/symbolic_dynamics/docs/papers117_121_sequence/proof_spikes/R3_FIBRE_PROOF_REPORT.md:78:Let `A(sigma)` be the resulting admissible set of three-state assignments and
/root/autodl-tmp/symbolic_dynamics/docs/papers117_121_sequence/proof_spikes/R3_FIBRE_PROOF_REPORT.md:95:series also has an explicit three-state transfer-matrix evaluation, component
/root/autodl-tmp/symbolic_dynamics/docs/papers117_121_sequence/proof_spikes/R3_FIBRE_PROOF_REPORT.md:105:compares every target fibre with the three-state coefficient formula, checks
/root/autodl-tmp/symbolic_dynamics/papers/57-uniform-cylinder-minorization-ca/builds/round1/figures/mechanism_scope_table.tex:23:      & One permutive site uniquely exposed by a real functional
/root/autodl-tmp/symbolic_dynamics/papers/57-uniform-cylinder-minorization-ca/builds/round1/figures/mechanism_scope_table.tex:31:      & Surjectivity without an exposed permutive coordinate
/root/autodl-tmp/symbolic_dynamics/papers/57-uniform-cylinder-minorization-ca/builds/round2/figures/mechanism_scope_table.tex:23:      & One permutive site uniquely exposed by a real functional
/root/autodl-tmp/symbolic_dynamics/papers/57-uniform-cylinder-minorization-ca/builds/round2/figures/mechanism_scope_table.tex:31:      & Surjectivity without an exposed permutive coordinate
/root/autodl-tmp/symbolic_dynamics/papers/57-uniform-cylinder-minorization-ca/figures/mechanism_scope_table.tex:23:      & One permutive site uniquely exposed by a real functional
/root/autodl-tmp/symbolic_dynamics/papers/57-uniform-cylinder-minorization-ca/figures/mechanism_scope_table.tex:31:      & Surjectivity without an exposed permutive coordinate
/root/autodl-tmp/symbolic_dynamics/docs/papers122_126_sequence/scouting/replacement/SCOUT.md:42:| **G04** | On quasigroup laws `*` on `[n]`, take the opposite law `x o y = y*x` if `*` has a left identity; otherwise fix it. | A left-only quasigroup falls in one step to a fixed right-only opposite; a law with both identities lies on a 2-cycle unless commutative. | This is only a selector around the standard `S_3` parastrophe action; modern primary treatment includes Sokhatsky--Lutsenko, [parastrophic directions](https://doi.org/10.14712/1213-7243.2021.002). **KILL_OWNER_THIN.** |
/root/autodl-tmp/symbolic_dynamics/papers/57-uniform-cylinder-minorization-ca/builds/round0/sections/5_sharpness_scope_controls.tex:26:probability.  The identity rule is permutive on the radius-zero neighborhood
/root/autodl-tmp/symbolic_dynamics/papers/57-uniform-cylinder-minorization-ca/builds/round0/sections/5_sharpness_scope_controls.tex:74:permutive in any coordinate.
/root/autodl-tmp/symbolic_dynamics/papers/57-uniform-cylinder-minorization-ca/builds/round0/sections/5_sharpness_scope_controls.tex:76:\begin{proposition}[Surjective/nonpermutive firewall]
/root/autodl-tmp/symbolic_dynamics/papers/57-uniform-cylinder-minorization-ca/builds/round0/sections/5_sharpness_scope_controls.tex:87:convention is $7230$, is surjective and is permutive in no input coordinate.
/root/autodl-tmp/symbolic_dynamics/papers/57-uniform-cylinder-minorization-ca/builds/round1/sections/5_sharpness_scope_controls.tex:26:probability.  The identity rule is permutive on the radius-zero neighborhood
/root/autodl-tmp/symbolic_dynamics/papers/57-uniform-cylinder-minorization-ca/builds/round1/sections/5_sharpness_scope_controls.tex:74:permutive in any coordinate.
/root/autodl-tmp/symbolic_dynamics/papers/57-uniform-cylinder-minorization-ca/builds/round1/sections/5_sharpness_scope_controls.tex:76:\begin{proposition}[Surjective/nonpermutive firewall]
/root/autodl-tmp/symbolic_dynamics/papers/57-uniform-cylinder-minorization-ca/builds/round1/sections/5_sharpness_scope_controls.tex:90:It is surjective and is permutive in no input coordinate.
/root/autodl-tmp/symbolic_dynamics/papers/57-uniform-cylinder-minorization-ca/builds/round2/sections/5_sharpness_scope_controls.tex:26:probability.  The identity rule is permutive on the radius-zero neighborhood
/root/autodl-tmp/symbolic_dynamics/papers/57-uniform-cylinder-minorization-ca/builds/round2/sections/5_sharpness_scope_controls.tex:74:permutive in any coordinate.
/root/autodl-tmp/symbolic_dynamics/papers/57-uniform-cylinder-minorization-ca/builds/round2/sections/5_sharpness_scope_controls.tex:76:\begin{proposition}[Surjective/nonpermutive firewall]
/root/autodl-tmp/symbolic_dynamics/papers/57-uniform-cylinder-minorization-ca/builds/round2/sections/5_sharpness_scope_controls.tex:90:It is surjective and is permutive in no input coordinate.
/root/autodl-tmp/symbolic_dynamics/papers/66-hard-core-sofic-entropy-dependence/sections/1_introduction.tex:17:templates, but discretize the active coordinate into three colours.  The
/root/autodl-tmp/symbolic_dynamics/papers/57-uniform-cylinder-minorization-ca/sections/5_sharpness_scope_controls.tex:26:probability.  The identity rule is permutive on the radius-zero neighborhood
/root/autodl-tmp/symbolic_dynamics/papers/57-uniform-cylinder-minorization-ca/sections/5_sharpness_scope_controls.tex:74:permutive in any coordinate.
/root/autodl-tmp/symbolic_dynamics/papers/57-uniform-cylinder-minorization-ca/sections/5_sharpness_scope_controls.tex:76:\begin{proposition}[Surjective/nonpermutive firewall]
/root/autodl-tmp/symbolic_dynamics/papers/57-uniform-cylinder-minorization-ca/sections/5_sharpness_scope_controls.tex:90:It is surjective and is permutive in no input coordinate.
/root/autodl-tmp/symbolic_dynamics/docs/papers204_208_sequence/scouting/graph_relation_second/SCOUT_REPORT.md:30:source/sink clicks, standard chip firing and ordinary cyclic predator automata
/root/autodl-tmp/symbolic_dynamics/docs/prior_work/legacy/2-prime_dynamics/paper/paper-iop/markov_proof.tex:59:itinerary by its parity offset since the last $L$. Define three states
/root/autodl-tmp/symbolic_dynamics/papers/26-pure-power-selector-atom-collapse/sections/1_introduction.tex:86:checked before the color variables commute.  We exhibit a three-color graded
/root/autodl-tmp/symbolic_dynamics/papers/16-equivariant-cycle-index-determinant/sections/5_symmetry_obstruction.tex:112:prime-weighted rank-one operator.  Three statements must be kept separate:
/root/autodl-tmp/symbolic_dynamics/papers/29-functorial-chiral-counterterm-no-go/sections/6_local_no_go.tex:94:We therefore distinguish three statements:
/root/autodl-tmp/symbolic_dynamics/docs/papers162_166_sequence/scouting/replacement_fresh_p158/SCOUT.md:15:every-target one-step inverse polynomial given by a three-state weighted path.
/root/autodl-tmp/symbolic_dynamics/docs/papers162_166_sequence/scouting/replacement_fresh_p158/SCOUT.md:173:at most `N`.  Equivalently, support is decided by the same three-state path
/root/autodl-tmp/symbolic_dynamics/docs/papers162_166_sequence/scouting/replacement_fresh_p158/SCOUT.md:203:  source-length coefficient of the three-state path polynomial, including
/root/autodl-tmp/symbolic_dynamics/docs/papers157_161_sequence/scouting/replacement_geometry_mechanism/SCOUT.md:65:  this is the Steiner quasigroup operation of the binary projective triple
/root/autodl-tmp/symbolic_dynamics/docs/papers157_161_sequence/scouting/replacement_geometry_mechanism/SCOUT.md:90:  quasigroup and the projective Steiner system themselves receive zero credit.
/root/autodl-tmp/symbolic_dynamics/docs/papers157_161_sequence/scouting/replacement_geometry_mechanism/SCOUT.md:362:   quasigroups or binary projective Steiner systems, followed by explicit
/root/autodl-tmp/symbolic_dynamics/docs/papers157_161_sequence/scouting/replacement_geometry_mechanism/SCOUT.md:363:   zero-credit subtraction of those standard inputs and of quasigroup cellular
/root/autodl-tmp/symbolic_dynamics/papers/33-relation-homology-operator-non-descent/sections/1_introduction.tex:59:  on the three-state block $n=2$;
/root/autodl-tmp/symbolic_dynamics/docs/papers157_161_sequence/phase1/combinatorial_gate/REPLACEMENT_SCOUT.md:251:  involutive quasigroup tables.
/root/autodl-tmp/symbolic_dynamics/docs/papers162_166_sequence/scouting/open_fresh_p166_round2/SCOUT.md:81:`n=2` all three states have one root; at `n=5` the maximum fibre is `15`.
/root/autodl-tmp/symbolic_dynamics/docs/papers142_146_sequence/scouting/algebraic/verify_algebraic_scout.py:732:        "quasigroup parastrophy is a coordinate permutation and the involution is definition-level",
/root/autodl-tmp/symbolic_dynamics/docs/papers112_116_sequence/scouting/STOCHASTIC_SCOUT.md:28:   The complete finite-time height law reduces exactly to a three-state
/root/autodl-tmp/symbolic_dynamics/docs/papers112_116_sequence/scouting/STOCHASTIC_SCOUT.md:48:complete three-state law, and **T4**, an affine cyclic-register cocycle with an
/root/autodl-tmp/symbolic_dynamics/docs/papers112_116_sequence/scouting/STOCHASTIC_SCOUT.md:99:| T1 | iid max-plus matrices `A=[[-2,-1],[1,-1]]`, `B=[[-1,1],[-1,-2]]` | two neutral endpoints but explicit positive interior growth; exact three-state law | general max-plus stochastic and reset/coupling theory owns the engine; the four length-three reset words were found during hostile review; no exact-pair hit in bounded search | **GO / HOLD external** |
/root/autodl-tmp/symbolic_dynamics/docs/papers112_116_sequence/scouting/STOCHASTIC_SCOUT.md:101:| T3 | iid max-plus matrices `[[1,0],[0,0]]`, `[[0,0],[0,1]]` | exact three-state law; random switching slows growth below both endpoints | same object and proof engine as T1; finite weighted-word matching interpretation is close | **RESERVE SAME ENGINE** |
/root/autodl-tmp/symbolic_dynamics/docs/papers112_116_sequence/scouting/STOCHASTIC_SCOUT.md:232:2. **Markov-additive/spectral route.**  Start from the three-state reward
/root/autodl-tmp/symbolic_dynamics/docs/papers112_116_sequence/scouting/STOCHASTIC_SCOUT.md:244:action, five-state gap, and three-state reward height.  It reconstructs the
/root/autodl-tmp/symbolic_dynamics/docs/papers112_116_sequence/scouting/STOCHASTIC_SCOUT.md:267:  source for this displayed pair, its three-state law, or the neutral-to-
/root/autodl-tmp/symbolic_dynamics/docs/papers112_116_sequence/scouting/STOCHASTIC_SCOUT.md:272:  matrix carrier, maximum-entry reward, five-gap/three-state quotient, and
/root/autodl-tmp/symbolic_dynamics/docs/papers112_116_sequence/scouting/STOCHASTIC_SCOUT.md:277:  T1 uses full-rank max-plus matrices, a three-state projective reward,
/root/autodl-tmp/symbolic_dynamics/docs/papers112_116_sequence/scouting/STOCHASTIC_SCOUT.md:504:complete three-state law through `n=16`, reconstructs biased laws through
/root/autodl-tmp/symbolic_dynamics/docs/papers112_116_sequence/scouting/STOCHASTIC_SCOUT.md:762:literal/product/three-state horizon: n <= 15
/root/autodl-tmp/symbolic_dynamics/docs/papers112_116_sequence/scouting/STOCHASTIC_SCOUT.md:776:literal/three-state horizon: n <= 16
/root/autodl-tmp/symbolic_dynamics/docs/papers132_136_sequence/scouting/algebraic/SCOUT.md:109:| `G03` | `(Z/mZ)^3`; sweep the adjacent pairs by `R(x,y)=(y,2y-x)`. | `3<=m<=10`; 3,016 states; **9,072** assertions.  Bijective braid sweep, maximum period six and exactly `m` fixed triples. | **KILL OWNER.**  Alexander-quandle/Burau linear braid action. |
/root/autodl-tmp/symbolic_dynamics/papers/57-uniform-cylinder-minorization-ca/builds/round0/sections/6_conclusion.tex:6:uniquely exposed permutive corner provides them through a finite triangular
/root/autodl-tmp/symbolic_dynamics/papers/57-uniform-cylinder-minorization-ca/builds/round0/sections/6_conclusion.tex:13:Surjectivity also does not by itself supply an exposed permutive coordinate.
/root/autodl-tmp/symbolic_dynamics/papers/57-uniform-cylinder-minorization-ca/builds/round1/sections/6_conclusion.tex:6:uniquely exposed permutive corner provides them through a finite triangular
/root/autodl-tmp/symbolic_dynamics/papers/57-uniform-cylinder-minorization-ca/builds/round1/sections/6_conclusion.tex:13:Surjectivity also does not by itself supply an exposed permutive coordinate.
/root/autodl-tmp/symbolic_dynamics/docs/prior_work/legacy/2-prime_dynamics/paper/paper-ets/markov_proof.tex:59:itinerary by its parity offset since the last $L$. Define three states
/root/autodl-tmp/symbolic_dynamics/papers/57-uniform-cylinder-minorization-ca/builds/round2/sections/6_conclusion.tex:6:uniquely exposed permutive corner provides them through a finite triangular
/root/autodl-tmp/symbolic_dynamics/papers/57-uniform-cylinder-minorization-ca/builds/round2/sections/6_conclusion.tex:13:Surjectivity also does not by itself supply an exposed permutive coordinate.
/root/autodl-tmp/symbolic_dynamics/papers/57-uniform-cylinder-minorization-ca/sections/6_conclusion.tex:6:uniquely exposed permutive corner provides them through a finite triangular
/root/autodl-tmp/symbolic_dynamics/papers/57-uniform-cylinder-minorization-ca/sections/6_conclusion.tex:13:Surjectivity also does not by itself supply an exposed permutive coordinate.
/root/autodl-tmp/symbolic_dynamics/docs/papers204_208_sequence/scouting/graph_relation_second/CCI_PROOF_PACKAGE.md:13:the presence of a successor colour as in the usual cyclic cellular automaton.
/root/autodl-tmp/symbolic_dynamics/docs/papers204_208_sequence/scouting/graph_relation_second/CCI_PROOF_PACKAGE.md:223:claim that CCI is ordinary CCA, Greenberg--Hastings, or a successful graph
/root/autodl-tmp/symbolic_dynamics/docs/papers204_208_sequence/scouting/word_local/CONTRAST_PROOF_WORK/PROOF_PACKAGE.md:289:Suppose $b$ has no zero. Every source is then a proper three-coloring of
/root/autodl-tmp/hilbert-polya-structure/symbolic_dynamics/papers/41-knauf-rooted-clock-non-descent/sections/5_inventory_determinant.tex:68:The theorem separates three statements that can otherwise be conflated.
/root/autodl-tmp/symbolic_dynamics/docs/papers162_166_sequence/scouting/replacement_crossclass/SCOUT.md:98:| `M03 DRC` | square binary array; choose a uniform index with unequal row/column degree and complement that row | exact rational kernel; 512 order-three states scanned | order three already has closed SCCs of size six | no absorption or stable all-parameter invariant | **`KILL_UNSTABLE_MARKOV`** |
/root/autodl-tmp/symbolic_dynamics/docs/papers157_161_sequence/scouting/replacement_probabilistic_geometric/SCOUT.md:23:| `KCI` | Proper colourings of `C_n`; choose a vertex and colour pair, and swap that pair on the selected bichromatic component (or hold). | `C_6`, 3 colours: 66 states in one orbit. | Exact mixing/spectrum versus Kempe-class census. | For three colours this scheduler is the WSK Kempe-component chain. | `KILL_DIRECT_WSK_KEMPE` |
/root/autodl-tmp/symbolic_dynamics/docs/papers117_121_sequence/scouting/ROOT_SCOUT.md:68:  409,130 assertions.  One-step fibres admit a three-state orientation model
/root/autodl-tmp/symbolic_dynamics/docs/papers204_208_sequence/scouting/algebra/PROOF_NOTES.md:58:orthogonal complement K, and start from (<e>,<f>). Its first three states
/root/autodl-tmp/symbolic_dynamics/papers/57-uniform-cylinder-minorization-ca/builds/round0/sections/1_introduction.tex:39:  $f\colon A^N\to A$ is permutive in a site $u_*\in N$, and a real linear
/root/autodl-tmp/symbolic_dynamics/papers/57-uniform-cylinder-minorization-ca/builds/round0/sections/1_introduction.tex:71:$t$-fold Minkowski sum $tN$, and the time-$t$ rule remains permutive in the
/root/autodl-tmp/symbolic_dynamics/papers/57-uniform-cylinder-minorization-ca/builds/round0/sections/1_introduction.tex:104:Surjectivity alone also does not imply the exposed-permutive hypothesis;
/root/autodl-tmp/symbolic_dynamics/papers/57-uniform-cylinder-minorization-ca/builds/round0/sections/1_introduction.tex:106:binary rule with no permutive coordinate.  That rule is used only to separate
/root/autodl-tmp/symbolic_dynamics/papers/57-uniform-cylinder-minorization-ca/builds/round1/sections/1_introduction.tex:40:  $f\colon A^N\to A$ is permutive in a site $u_*\in N$, and a real linear
/root/autodl-tmp/symbolic_dynamics/papers/57-uniform-cylinder-minorization-ca/builds/round1/sections/1_introduction.tex:72:$t$-fold Minkowski sum $tN$, and the time-$t$ rule remains permutive in the
/root/autodl-tmp/symbolic_dynamics/papers/57-uniform-cylinder-minorization-ca/builds/round1/sections/1_introduction.tex:111:Surjectivity alone also does not imply the exposed-permutive hypothesis;
/root/autodl-tmp/symbolic_dynamics/papers/57-uniform-cylinder-minorization-ca/builds/round1/sections/1_introduction.tex:113:binary rule with no permutive coordinate.  That rule is used only to separate
/root/autodl-tmp/symbolic_dynamics/papers/57-uniform-cylinder-minorization-ca/builds/round2/sections/1_introduction.tex:40:  $f\colon A^N\to A$ is permutive in a site $u_*\in N$, and a real linear
/root/autodl-tmp/symbolic_dynamics/papers/57-uniform-cylinder-minorization-ca/builds/round2/sections/1_introduction.tex:72:$t$-fold Minkowski sum $tN$, and the time-$t$ rule remains permutive in the
/root/autodl-tmp/symbolic_dynamics/papers/57-uniform-cylinder-minorization-ca/builds/round2/sections/1_introduction.tex:109:Surjectivity alone also does not imply the exposed-permutive hypothesis;
/root/autodl-tmp/symbolic_dynamics/papers/57-uniform-cylinder-minorization-ca/builds/round2/sections/1_introduction.tex:111:binary rule with no permutive coordinate.  That rule is used only to separate
/root/autodl-tmp/symbolic_dynamics/papers/57-uniform-cylinder-minorization-ca/sections/1_introduction.tex:40:  $f\colon A^N\to A$ is permutive in a site $u_*\in N$, and a real linear
/root/autodl-tmp/symbolic_dynamics/papers/57-uniform-cylinder-minorization-ca/sections/1_introduction.tex:72:$t$-fold Minkowski sum $tN$, and the time-$t$ rule remains permutive in the
/root/autodl-tmp/symbolic_dynamics/papers/57-uniform-cylinder-minorization-ca/sections/1_introduction.tex:109:Surjectivity alone also does not imply the exposed-permutive hypothesis;
/root/autodl-tmp/symbolic_dynamics/papers/57-uniform-cylinder-minorization-ca/sections/1_introduction.tex:111:binary rule with no permutive coordinate.  That rule is used only to separate
/root/autodl-tmp/symbolic_dynamics/papers/41-knauf-rooted-clock-non-descent/sections/5_inventory_determinant.tex:68:The theorem separates three statements that can otherwise be conflated.
/root/autodl-tmp/symbolic_dynamics/docs/prior_work/legacy/2-prime_dynamics/paper/markov_proof.tex:59:itinerary by its parity offset since the last $L$. Define three states
/root/autodl-tmp/symbolic_dynamics/papers/57-uniform-cylinder-minorization-ca/builds/round1/sections/0_abstract.tex:5:and finite-alphabet rules permutive at a uniquely exposed neighborhood site.
/root/autodl-tmp/symbolic_dynamics/papers/57-uniform-cylinder-minorization-ca/builds/round1/sections/0_abstract.tex:15:polynomial domain.  In the exposed-corner case, the corner remains permutive
/root/autodl-tmp/symbolic_dynamics/papers/57-uniform-cylinder-minorization-ca/builds/round1/sections/0_abstract.tex:20:nonpermutive rule showing that surjectivity alone does not provide the
/root/autodl-tmp/symbolic_dynamics/papers/57-uniform-cylinder-minorization-ca/builds/round2/sections/0_abstract.tex:5:and finite-alphabet rules permutive at a uniquely exposed neighborhood site.
/root/autodl-tmp/symbolic_dynamics/papers/57-uniform-cylinder-minorization-ca/builds/round2/sections/0_abstract.tex:15:polynomial domain.  In the exposed-corner case, the corner remains permutive
/root/autodl-tmp/symbolic_dynamics/papers/57-uniform-cylinder-minorization-ca/builds/round2/sections/0_abstract.tex:20:nonpermutive rule showing that surjectivity alone does not provide the
/root/autodl-tmp/symbolic_dynamics/papers/57-uniform-cylinder-minorization-ca/sections/0_abstract.tex:5:and finite-alphabet rules permutive at a uniquely exposed neighborhood site.
/root/autodl-tmp/symbolic_dynamics/papers/57-uniform-cylinder-minorization-ca/sections/0_abstract.tex:15:polynomial domain.  In the exposed-corner case, the corner remains permutive
/root/autodl-tmp/symbolic_dynamics/papers/57-uniform-cylinder-minorization-ca/sections/0_abstract.tex:20:nonpermutive rule showing that surjectivity alone does not provide the
/root/autodl-tmp/symbolic_dynamics/papers/57-uniform-cylinder-minorization-ca/builds/round0/sections/0_abstract.tex:5:and finite-alphabet rules permutive at a uniquely exposed neighborhood site.
/root/autodl-tmp/symbolic_dynamics/papers/57-uniform-cylinder-minorization-ca/builds/round0/sections/0_abstract.tex:15:polynomial domain.  In the exposed-corner case, the corner remains permutive
/root/autodl-tmp/symbolic_dynamics/papers/57-uniform-cylinder-minorization-ca/builds/round0/sections/0_abstract.tex:20:nonpermutive rule showing that surjectivity alone does not provide the
/root/autodl-tmp/symbolic_dynamics/docs/prior_work/legacy/2-prime_dynamics/paper/paper-ets/main.tex:659:a three-state Markov partition whose Perron--Frobenius eigenvector
/root/autodl-tmp/symbolic_dynamics/docs/prior_work/legacy/2-prime_dynamics/paper/paper-ets/main.tex:790:chain on three states, whose representation theory is exhausted by
/root/autodl-tmp/symbolic_dynamics/papers/34-positive-recognition-recurrence-quadrilemma/sections/9_exact_audit.tex:42:matrix controls deliberately lie outside the theorem: a signed three-state
/root/autodl-tmp/symbolic_dynamics/papers/205-conflict-triggered-cyclic-increments/PROOF_PACKAGE.md:16:the presence of a successor colour as in the usual cyclic cellular automaton.
/root/autodl-tmp/symbolic_dynamics/papers/205-conflict-triggered-cyclic-increments/PROOF_PACKAGE.md:226:claim that CCI is ordinary CCA, Greenberg--Hastings, or a successful graph
/root/autodl-tmp/symbolic_dynamics/papers/33-relation-homology-operator-non-descent/PROOF_PACKAGE.md:66:three-state counterexample to operator descent.
