/usr/bin/bash:
	linux-vdso.so.1 (0x00007fffcefb1000)
	libtinfo.so.6 => /usr/lib/x86_64-linux-gnu/libtinfo.so.6 (0x00007f60fdc6e000)
	libc.so.6 => /usr/lib/x86_64-linux-gnu/libc.so.6 (0x00007f60fda45000)
	/lib64/ld-linux-x86-64.so.2 (0x00007f60fde14000)
/usr/bin/bibtex.original:
	linux-vdso.so.1 (0x00007ffdc17dd000)
	libkpathsea.so.6 => /usr/lib/x86_64-linux-gnu/libkpathsea.so.6 (0x00007ff42cea4000)
	libc.so.6 => /usr/lib/x86_64-linux-gnu/libc.so.6 (0x00007ff42cc7b000)
	/lib64/ld-linux-x86-64.so.2 (0x00007ff42cef2000)
/usr/bin/cmp:
	linux-vdso.so.1 (0x00007ffe33596000)
	libc.so.6 => /usr/lib/x86_64-linux-gnu/libc.so.6 (0x00007fb4e9fb8000)
	/lib64/ld-linux-x86-64.so.2 (0x00007fb4ea210000)
/usr/bin/dash:
	linux-vdso.so.1 (0x00007fff0a5c4000)
	libc.so.6 => /usr/lib/x86_64-linux-gnu/libc.so.6 (0x00007f89331bc000)
	/lib64/ld-linux-x86-64.so.2 (0x00007f893341a000)
/usr/bin/env:
	linux-vdso.so.1 (0x00007ffe118e8000)
	libc.so.6 => /usr/lib/x86_64-linux-gnu/libc.so.6 (0x00007f1248c67000)
	/lib64/ld-linux-x86-64.so.2 (0x00007f1248eaf000)
/usr/bin/kpsewhich:
	linux-vdso.so.1 (0x00007ffc9cdb2000)
	libkpathsea.so.6 => /usr/lib/x86_64-linux-gnu/libkpathsea.so.6 (0x00007f72de48c000)
	libc.so.6 => /usr/lib/x86_64-linux-gnu/libc.so.6 (0x00007f72de263000)
	/lib64/ld-linux-x86-64.so.2 (0x00007f72de4c3000)
/usr/bin/pdffonts:
	linux-vdso.so.1 (0x00007ffdc65f8000)
	libpoppler.so.118 => /usr/lib/x86_64-linux-gnu/libpoppler.so.118 (0x00007f69b0061000)
	libstdc++.so.6 => /usr/lib/x86_64-linux-gnu/libstdc++.so.6 (0x00007f69afe35000)
	libc.so.6 => /usr/lib/x86_64-linux-gnu/libc.so.6 (0x00007f69afc0c000)
	libfreetype.so.6 => /usr/lib/x86_64-linux-gnu/libfreetype.so.6 (0x00007f69afb44000)
	libfontconfig.so.1 => /usr/lib/x86_64-linux-gnu/libfontconfig.so.1 (0x00007f69afafa000)
	libjpeg.so.8 => /usr/lib/x86_64-linux-gnu/libjpeg.so.8 (0x00007f69afa77000)
	libz.so.1 => /usr/lib/x86_64-linux-gnu/libz.so.1 (0x00007f69afa5b000)
	libopenjp2.so.7 => /usr/lib/x86_64-linux-gnu/libopenjp2.so.7 (0x00007f69afa03000)
	liblcms2.so.2 => /usr/lib/x86_64-linux-gnu/liblcms2.so.2 (0x00007f69af9a1000)
	libpng16.so.16 => /usr/lib/x86_64-linux-gnu/libpng16.so.16 (0x00007f69af966000)
	libtiff.so.5 => /usr/lib/x86_64-linux-gnu/libtiff.so.5 (0x00007f69af8de000)
	libnss3.so => /usr/lib/x86_64-linux-gnu/libnss3.so (0x00007f69af7ab000)
	libsmime3.so => /usr/lib/x86_64-linux-gnu/libsmime3.so (0x00007f69af781000)
	libplc4.so => /usr/lib/x86_64-linux-gnu/libplc4.so (0x00007f69af77a000)
	libnspr4.so => /usr/lib/x86_64-linux-gnu/libnspr4.so (0x00007f69af73a000)
	libm.so.6 => /usr/lib/x86_64-linux-gnu/libm.so.6 (0x00007f69af653000)
	/lib64/ld-linux-x86-64.so.2 (0x00007f69b03d5000)
	libgcc_s.so.1 => /usr/lib/x86_64-linux-gnu/libgcc_s.so.1 (0x00007f69af633000)
	libbrotlidec.so.1 => /usr/lib/x86_64-linux-gnu/libbrotlidec.so.1 (0x00007f69af623000)
	libexpat.so.1 => /usr/lib/x86_64-linux-gnu/libexpat.so.1 (0x00007f69af5f2000)
	libuuid.so.1 => /usr/lib/x86_64-linux-gnu/libuuid.so.1 (0x00007f69af5e9000)
	libwebp.so.7 => /usr/lib/x86_64-linux-gnu/libwebp.so.7 (0x00007f69af57c000)
	libzstd.so.1 => /usr/lib/x86_64-linux-gnu/libzstd.so.1 (0x00007f69af4ad000)
	liblzma.so.5 => /usr/lib/x86_64-linux-gnu/liblzma.so.5 (0x00007f69af480000)
	libjbig.so.0 => /usr/lib/x86_64-linux-gnu/libjbig.so.0 (0x00007f69af46f000)
	libdeflate.so.0 => /usr/lib/x86_64-linux-gnu/libdeflate.so.0 (0x00007f69af44b000)
	libnssutil3.so => /usr/lib/x86_64-linux-gnu/libnssutil3.so (0x00007f69af418000)
	libplds4.so => /usr/lib/x86_64-linux-gnu/libplds4.so (0x00007f69af413000)
	libbrotlicommon.so.1 => /usr/lib/x86_64-linux-gnu/libbrotlicommon.so.1 (0x00007f69af3ee000)
/usr/bin/pdfinfo:
	linux-vdso.so.1 (0x00007ffe41937000)
	libpoppler.so.118 => /usr/lib/x86_64-linux-gnu/libpoppler.so.118 (0x00007fc7d164c000)
	libstdc++.so.6 => /usr/lib/x86_64-linux-gnu/libstdc++.so.6 (0x00007fc7d1420000)
	libc.so.6 => /usr/lib/x86_64-linux-gnu/libc.so.6 (0x00007fc7d11f7000)
	libfreetype.so.6 => /usr/lib/x86_64-linux-gnu/libfreetype.so.6 (0x00007fc7d112f000)
	libfontconfig.so.1 => /usr/lib/x86_64-linux-gnu/libfontconfig.so.1 (0x00007fc7d10e5000)
	libjpeg.so.8 => /usr/lib/x86_64-linux-gnu/libjpeg.so.8 (0x00007fc7d1062000)
	libz.so.1 => /usr/lib/x86_64-linux-gnu/libz.so.1 (0x00007fc7d1046000)
	libopenjp2.so.7 => /usr/lib/x86_64-linux-gnu/libopenjp2.so.7 (0x00007fc7d0fee000)
	liblcms2.so.2 => /usr/lib/x86_64-linux-gnu/liblcms2.so.2 (0x00007fc7d0f8c000)
	libpng16.so.16 => /usr/lib/x86_64-linux-gnu/libpng16.so.16 (0x00007fc7d0f51000)
	libtiff.so.5 => /usr/lib/x86_64-linux-gnu/libtiff.so.5 (0x00007fc7d0ec9000)
	libnss3.so => /usr/lib/x86_64-linux-gnu/libnss3.so (0x00007fc7d0d96000)
	libsmime3.so => /usr/lib/x86_64-linux-gnu/libsmime3.so (0x00007fc7d0d6c000)
	libplc4.so => /usr/lib/x86_64-linux-gnu/libplc4.so (0x00007fc7d0d65000)
	libnspr4.so => /usr/lib/x86_64-linux-gnu/libnspr4.so (0x00007fc7d0d25000)
	libm.so.6 => /usr/lib/x86_64-linux-gnu/libm.so.6 (0x00007fc7d0c3e000)
	/lib64/ld-linux-x86-64.so.2 (0x00007fc7d19c9000)
	libgcc_s.so.1 => /usr/lib/x86_64-linux-gnu/libgcc_s.so.1 (0x00007fc7d0c1e000)
	libbrotlidec.so.1 => /usr/lib/x86_64-linux-gnu/libbrotlidec.so.1 (0x00007fc7d0c0e000)
	libexpat.so.1 => /usr/lib/x86_64-linux-gnu/libexpat.so.1 (0x00007fc7d0bdd000)
	libuuid.so.1 => /usr/lib/x86_64-linux-gnu/libuuid.so.1 (0x00007fc7d0bd4000)
	libwebp.so.7 => /usr/lib/x86_64-linux-gnu/libwebp.so.7 (0x00007fc7d0b67000)
	libzstd.so.1 => /usr/lib/x86_64-linux-gnu/libzstd.so.1 (0x00007fc7d0a98000)
	liblzma.so.5 => /usr/lib/x86_64-linux-gnu/liblzma.so.5 (0x00007fc7d0a6b000)
	libjbig.so.0 => /usr/lib/x86_64-linux-gnu/libjbig.so.0 (0x00007fc7d0a5a000)
	libdeflate.so.0 => /usr/lib/x86_64-linux-gnu/libdeflate.so.0 (0x00007fc7d0a36000)
	libnssutil3.so => /usr/lib/x86_64-linux-gnu/libnssutil3.so (0x00007fc7d0a03000)
	libplds4.so => /usr/lib/x86_64-linux-gnu/libplds4.so (0x00007fc7d09fe000)
	libbrotlicommon.so.1 => /usr/lib/x86_64-linux-gnu/libbrotlicommon.so.1 (0x00007fc7d09d9000)
/usr/bin/pdftex:
	linux-vdso.so.1 (0x00007ffcef939000)
	libpng16.so.16 => /usr/lib/x86_64-linux-gnu/libpng16.so.16 (0x00007f5b62989000)
	libz.so.1 => /usr/lib/x86_64-linux-gnu/libz.so.1 (0x00007f5b6296d000)
	libkpathsea.so.6 => /usr/lib/x86_64-linux-gnu/libkpathsea.so.6 (0x00007f5b62951000)
	libstdc++.so.6 => /usr/lib/x86_64-linux-gnu/libstdc++.so.6 (0x00007f5b62725000)
	libm.so.6 => /usr/lib/x86_64-linux-gnu/libm.so.6 (0x00007f5b6263e000)
	libgcc_s.so.1 => /usr/lib/x86_64-linux-gnu/libgcc_s.so.1 (0x00007f5b6261c000)
	libc.so.6 => /usr/lib/x86_64-linux-gnu/libc.so.6 (0x00007f5b623f3000)
	/lib64/ld-linux-x86-64.so.2 (0x00007f5b62c1e000)
/usr/bin/pdftoppm:
	linux-vdso.so.1 (0x00007ffd05bbd000)
	libpoppler.so.118 => /usr/lib/x86_64-linux-gnu/libpoppler.so.118 (0x00007fcc71d83000)
	liblcms2.so.2 => /usr/lib/x86_64-linux-gnu/liblcms2.so.2 (0x00007fcc71d21000)
	libstdc++.so.6 => /usr/lib/x86_64-linux-gnu/libstdc++.so.6 (0x00007fcc71af5000)
	libm.so.6 => /usr/lib/x86_64-linux-gnu/libm.so.6 (0x00007fcc71a0e000)
	libc.so.6 => /usr/lib/x86_64-linux-gnu/libc.so.6 (0x00007fcc717e5000)
	libfreetype.so.6 => /usr/lib/x86_64-linux-gnu/libfreetype.so.6 (0x00007fcc7171b000)
	libfontconfig.so.1 => /usr/lib/x86_64-linux-gnu/libfontconfig.so.1 (0x00007fcc716d1000)
	libjpeg.so.8 => /usr/lib/x86_64-linux-gnu/libjpeg.so.8 (0x00007fcc71650000)
	libz.so.1 => /usr/lib/x86_64-linux-gnu/libz.so.1 (0x00007fcc71634000)
	libopenjp2.so.7 => /usr/lib/x86_64-linux-gnu/libopenjp2.so.7 (0x00007fcc715dc000)
	libpng16.so.16 => /usr/lib/x86_64-linux-gnu/libpng16.so.16 (0x00007fcc715a1000)
	libtiff.so.5 => /usr/lib/x86_64-linux-gnu/libtiff.so.5 (0x00007fcc71517000)
	libnss3.so => /usr/lib/x86_64-linux-gnu/libnss3.so (0x00007fcc713e6000)
	libsmime3.so => /usr/lib/x86_64-linux-gnu/libsmime3.so (0x00007fcc713bc000)
	libplc4.so => /usr/lib/x86_64-linux-gnu/libplc4.so (0x00007fcc713b5000)
	libnspr4.so => /usr/lib/x86_64-linux-gnu/libnspr4.so (0x00007fcc71375000)
	/lib64/ld-linux-x86-64.so.2 (0x00007fcc720fa000)
	libgcc_s.so.1 => /usr/lib/x86_64-linux-gnu/libgcc_s.so.1 (0x00007fcc71355000)
	libbrotlidec.so.1 => /usr/lib/x86_64-linux-gnu/libbrotlidec.so.1 (0x00007fcc71345000)
	libexpat.so.1 => /usr/lib/x86_64-linux-gnu/libexpat.so.1 (0x00007fcc71314000)
	libuuid.so.1 => /usr/lib/x86_64-linux-gnu/libuuid.so.1 (0x00007fcc7130b000)
	libwebp.so.7 => /usr/lib/x86_64-linux-gnu/libwebp.so.7 (0x00007fcc7129e000)
	libzstd.so.1 => /usr/lib/x86_64-linux-gnu/libzstd.so.1 (0x00007fcc711cf000)
	liblzma.so.5 => /usr/lib/x86_64-linux-gnu/liblzma.so.5 (0x00007fcc711a2000)
	libjbig.so.0 => /usr/lib/x86_64-linux-gnu/libjbig.so.0 (0x00007fcc71191000)
	libdeflate.so.0 => /usr/lib/x86_64-linux-gnu/libdeflate.so.0 (0x00007fcc7116d000)
	libnssutil3.so => /usr/lib/x86_64-linux-gnu/libnssutil3.so (0x00007fcc7113a000)
	libplds4.so => /usr/lib/x86_64-linux-gnu/libplds4.so (0x00007fcc71135000)
	libbrotlicommon.so.1 => /usr/lib/x86_64-linux-gnu/libbrotlicommon.so.1 (0x00007fcc71110000)
/usr/bin/pdftotext:
	linux-vdso.so.1 (0x00007fff0791e000)
	libpoppler.so.118 => /usr/lib/x86_64-linux-gnu/libpoppler.so.118 (0x00007fe1d7c75000)
	libstdc++.so.6 => /usr/lib/x86_64-linux-gnu/libstdc++.so.6 (0x00007fe1d7a49000)
	libc.so.6 => /usr/lib/x86_64-linux-gnu/libc.so.6 (0x00007fe1d7820000)
	libfreetype.so.6 => /usr/lib/x86_64-linux-gnu/libfreetype.so.6 (0x00007fe1d7758000)
	libfontconfig.so.1 => /usr/lib/x86_64-linux-gnu/libfontconfig.so.1 (0x00007fe1d770e000)
	libjpeg.so.8 => /usr/lib/x86_64-linux-gnu/libjpeg.so.8 (0x00007fe1d768b000)
	libz.so.1 => /usr/lib/x86_64-linux-gnu/libz.so.1 (0x00007fe1d766f000)
	libopenjp2.so.7 => /usr/lib/x86_64-linux-gnu/libopenjp2.so.7 (0x00007fe1d7617000)
	liblcms2.so.2 => /usr/lib/x86_64-linux-gnu/liblcms2.so.2 (0x00007fe1d75b5000)
	libpng16.so.16 => /usr/lib/x86_64-linux-gnu/libpng16.so.16 (0x00007fe1d757a000)
	libtiff.so.5 => /usr/lib/x86_64-linux-gnu/libtiff.so.5 (0x00007fe1d74f2000)
	libnss3.so => /usr/lib/x86_64-linux-gnu/libnss3.so (0x00007fe1d73bf000)
	libsmime3.so => /usr/lib/x86_64-linux-gnu/libsmime3.so (0x00007fe1d7395000)
	libplc4.so => /usr/lib/x86_64-linux-gnu/libplc4.so (0x00007fe1d738e000)
	libnspr4.so => /usr/lib/x86_64-linux-gnu/libnspr4.so (0x00007fe1d734e000)
	libm.so.6 => /usr/lib/x86_64-linux-gnu/libm.so.6 (0x00007fe1d7267000)
	/lib64/ld-linux-x86-64.so.2 (0x00007fe1d7fee000)
	libgcc_s.so.1 => /usr/lib/x86_64-linux-gnu/libgcc_s.so.1 (0x00007fe1d7247000)
	libbrotlidec.so.1 => /usr/lib/x86_64-linux-gnu/libbrotlidec.so.1 (0x00007fe1d7237000)
	libexpat.so.1 => /usr/lib/x86_64-linux-gnu/libexpat.so.1 (0x00007fe1d7206000)
	libuuid.so.1 => /usr/lib/x86_64-linux-gnu/libuuid.so.1 (0x00007fe1d71fd000)
	libwebp.so.7 => /usr/lib/x86_64-linux-gnu/libwebp.so.7 (0x00007fe1d7190000)
	libzstd.so.1 => /usr/lib/x86_64-linux-gnu/libzstd.so.1 (0x00007fe1d70c1000)
	liblzma.so.5 => /usr/lib/x86_64-linux-gnu/liblzma.so.5 (0x00007fe1d7094000)
	libjbig.so.0 => /usr/lib/x86_64-linux-gnu/libjbig.so.0 (0x00007fe1d7083000)
	libdeflate.so.0 => /usr/lib/x86_64-linux-gnu/libdeflate.so.0 (0x00007fe1d705f000)
	libnssutil3.so => /usr/lib/x86_64-linux-gnu/libnssutil3.so (0x00007fe1d702c000)
	libplds4.so => /usr/lib/x86_64-linux-gnu/libplds4.so (0x00007fe1d7027000)
	libbrotlicommon.so.1 => /usr/lib/x86_64-linux-gnu/libbrotlicommon.so.1 (0x00007fe1d7002000)
/usr/bin/python3.10:
	linux-vdso.so.1 (0x00007ffe6f5b3000)
	libm.so.6 => /usr/lib/x86_64-linux-gnu/libm.so.6 (0x00007f81f18b7000)
	libexpat.so.1 => /usr/lib/x86_64-linux-gnu/libexpat.so.1 (0x00007f81f1886000)
	libz.so.1 => /usr/lib/x86_64-linux-gnu/libz.so.1 (0x00007f81f186a000)
	libc.so.6 => /usr/lib/x86_64-linux-gnu/libc.so.6 (0x00007f81f1641000)
	/lib64/ld-linux-x86-64.so.2 (0x00007f81f1fa1000)
/usr/lib/python3.10/lib-dynload/_asyncio.cpython-310-x86_64-linux-gnu.so:
	linux-vdso.so.1 (0x00007ffff484c000)
	libc.so.6 => /usr/lib/x86_64-linux-gnu/libc.so.6 (0x00007feb977db000)
	/lib64/ld-linux-x86-64.so.2 (0x00007feb97a2b000)
/usr/lib/python3.10/lib-dynload/_bz2.cpython-310-x86_64-linux-gnu.so:
	linux-vdso.so.1 (0x00007ffc410dd000)
	libbz2.so.1.0 => /usr/lib/x86_64-linux-gnu/libbz2.so.1.0 (0x00007f7636953000)
	libc.so.6 => /usr/lib/x86_64-linux-gnu/libc.so.6 (0x00007f763672a000)
	/lib64/ld-linux-x86-64.so.2 (0x00007f7636982000)
/usr/lib/python3.10/lib-dynload/_codecs_cn.cpython-310-x86_64-linux-gnu.so:
	linux-vdso.so.1 (0x00007ffe22fc3000)
	libc.so.6 => /usr/lib/x86_64-linux-gnu/libc.so.6 (0x00007f6ffd856000)
	/lib64/ld-linux-x86-64.so.2 (0x00007f6ffdab9000)
/usr/lib/python3.10/lib-dynload/_codecs_hk.cpython-310-x86_64-linux-gnu.so:
	linux-vdso.so.1 (0x00007ffdd7721000)
	libc.so.6 => /usr/lib/x86_64-linux-gnu/libc.so.6 (0x00007f0dc7e85000)
	/lib64/ld-linux-x86-64.so.2 (0x00007f0dc80ea000)
/usr/lib/python3.10/lib-dynload/_codecs_iso2022.cpython-310-x86_64-linux-gnu.so:
	linux-vdso.so.1 (0x00007ffec7589000)
	libc.so.6 => /usr/lib/x86_64-linux-gnu/libc.so.6 (0x00007f25c6a88000)
	/lib64/ld-linux-x86-64.so.2 (0x00007f25c6ccd000)
/usr/lib/python3.10/lib-dynload/_codecs_jp.cpython-310-x86_64-linux-gnu.so:
	linux-vdso.so.1 (0x00007ffd26d08000)
	libc.so.6 => /usr/lib/x86_64-linux-gnu/libc.so.6 (0x00007fbbb8154000)
	/lib64/ld-linux-x86-64.so.2 (0x00007fbbb83d4000)
/usr/lib/python3.10/lib-dynload/_codecs_kr.cpython-310-x86_64-linux-gnu.so:
	linux-vdso.so.1 (0x00007ffde03b8000)
	libc.so.6 => /usr/lib/x86_64-linux-gnu/libc.so.6 (0x00007f847d234000)
	/lib64/ld-linux-x86-64.so.2 (0x00007f847d494000)
/usr/lib/python3.10/lib-dynload/_codecs_tw.cpython-310-x86_64-linux-gnu.so:
	linux-vdso.so.1 (0x00007ffd0abbb000)
	libc.so.6 => /usr/lib/x86_64-linux-gnu/libc.so.6 (0x00007fcdf8a8f000)
	/lib64/ld-linux-x86-64.so.2 (0x00007fcdf8ce8000)
/usr/lib/python3.10/lib-dynload/_contextvars.cpython-310-x86_64-linux-gnu.so:
	statically linked
/usr/lib/python3.10/lib-dynload/_crypt.cpython-310-x86_64-linux-gnu.so:
	linux-vdso.so.1 (0x00007ffe03d68000)
	libcrypt.so.1 => /usr/lib/x86_64-linux-gnu/libcrypt.so.1 (0x00007f1944ddf000)
	libc.so.6 => /usr/lib/x86_64-linux-gnu/libc.so.6 (0x00007f1944bb6000)
	/lib64/ld-linux-x86-64.so.2 (0x00007f1944e31000)
/usr/lib/python3.10/lib-dynload/_ctypes.cpython-310-x86_64-linux-gnu.so:
	linux-vdso.so.1 (0x00007ffe5892c000)
	libffi.so.8 => /usr/lib/x86_64-linux-gnu/libffi.so.8 (0x00007fb5211b6000)
	libc.so.6 => /usr/lib/x86_64-linux-gnu/libc.so.6 (0x00007fb520f8d000)
	/lib64/ld-linux-x86-64.so.2 (0x00007fb5211f7000)
/usr/lib/python3.10/lib-dynload/_ctypes_test.cpython-310-x86_64-linux-gnu.so:
	linux-vdso.so.1 (0x00007ffc8056d000)
	libm.so.6 => /usr/lib/x86_64-linux-gnu/libm.so.6 (0x00007f83aca65000)
	libc.so.6 => /usr/lib/x86_64-linux-gnu/libc.so.6 (0x00007f83ac83c000)
	/lib64/ld-linux-x86-64.so.2 (0x00007f83acb66000)
/usr/lib/python3.10/lib-dynload/_curses.cpython-310-x86_64-linux-gnu.so:
	linux-vdso.so.1 (0x00007ffca716b000)
	libncursesw.so.6 => /usr/lib/x86_64-linux-gnu/libncursesw.so.6 (0x00007fdefe09e000)
	libtinfo.so.6 => /usr/lib/x86_64-linux-gnu/libtinfo.so.6 (0x00007fdefe06c000)
	libc.so.6 => /usr/lib/x86_64-linux-gnu/libc.so.6 (0x00007fdefde43000)
	/lib64/ld-linux-x86-64.so.2 (0x00007fdefe10d000)
/usr/lib/python3.10/lib-dynload/_curses_panel.cpython-310-x86_64-linux-gnu.so:
	linux-vdso.so.1 (0x00007fff5e790000)
	libpanelw.so.6 => /usr/lib/x86_64-linux-gnu/libpanelw.so.6 (0x00007f0433bc3000)
	libncursesw.so.6 => /usr/lib/x86_64-linux-gnu/libncursesw.so.6 (0x00007f0433b87000)
	libtinfo.so.6 => /usr/lib/x86_64-linux-gnu/libtinfo.so.6 (0x00007f0433b55000)
	libc.so.6 => /usr/lib/x86_64-linux-gnu/libc.so.6 (0x00007f043392c000)
	/lib64/ld-linux-x86-64.so.2 (0x00007f0433be5000)
/usr/lib/python3.10/lib-dynload/_dbm.cpython-310-x86_64-linux-gnu.so:
	linux-vdso.so.1 (0x00007ffdbe7d9000)
	libdb-5.3.so => /usr/lib/x86_64-linux-gnu/libdb-5.3.so (0x00007ff000d19000)
	libc.so.6 => /usr/lib/x86_64-linux-gnu/libc.so.6 (0x00007ff000af0000)
	/lib64/ld-linux-x86-64.so.2 (0x00007ff000ee2000)
/usr/lib/python3.10/lib-dynload/_decimal.cpython-310-x86_64-linux-gnu.so:
	linux-vdso.so.1 (0x00007ffd369e8000)
	libmpdec.so.3 => /usr/lib/x86_64-linux-gnu/libmpdec.so.3 (0x00007fb3a1d11000)
	libc.so.6 => /usr/lib/x86_64-linux-gnu/libc.so.6 (0x00007fb3a1ae8000)
	libm.so.6 => /usr/lib/x86_64-linux-gnu/libm.so.6 (0x00007fb3a1a01000)
	/lib64/ld-linux-x86-64.so.2 (0x00007fb3a1d80000)
/usr/lib/python3.10/lib-dynload/_hashlib.cpython-310-x86_64-linux-gnu.so:
	linux-vdso.so.1 (0x00007ffdd13cf000)
	libcrypto.so.3 => /usr/lib/x86_64-linux-gnu/libcrypto.so.3 (0x00007f7e9819e000)
	libc.so.6 => /usr/lib/x86_64-linux-gnu/libc.so.6 (0x00007f7e97f75000)
	/lib64/ld-linux-x86-64.so.2 (0x00007f7e98606000)
/usr/lib/python3.10/lib-dynload/_json.cpython-310-x86_64-linux-gnu.so:
	statically linked
/usr/lib/python3.10/lib-dynload/_lsprof.cpython-310-x86_64-linux-gnu.so:
	statically linked
/usr/lib/python3.10/lib-dynload/_lzma.cpython-310-x86_64-linux-gnu.so:
	linux-vdso.so.1 (0x00007ffdf598b000)
	liblzma.so.5 => /usr/lib/x86_64-linux-gnu/liblzma.so.5 (0x00007f9a781c2000)
	libc.so.6 => /usr/lib/x86_64-linux-gnu/libc.so.6 (0x00007f9a77f99000)
	/lib64/ld-linux-x86-64.so.2 (0x00007f9a7820c000)
/usr/lib/python3.10/lib-dynload/_multibytecodec.cpython-310-x86_64-linux-gnu.so:
	linux-vdso.so.1 (0x00007ffd6a1a5000)
	libc.so.6 => /usr/lib/x86_64-linux-gnu/libc.so.6 (0x00007f70239d5000)
	/lib64/ld-linux-x86-64.so.2 (0x00007f7023c1e000)
/usr/lib/python3.10/lib-dynload/_multiprocessing.cpython-310-x86_64-linux-gnu.so:
	linux-vdso.so.1 (0x00007ffcb3ba5000)
	libc.so.6 => /usr/lib/x86_64-linux-gnu/libc.so.6 (0x00007fbb14a6e000)
	/lib64/ld-linux-x86-64.so.2 (0x00007fbb14cb1000)
/usr/lib/python3.10/lib-dynload/_opcode.cpython-310-x86_64-linux-gnu.so:
	statically linked
/usr/lib/python3.10/lib-dynload/_posixshmem.cpython-310-x86_64-linux-gnu.so:
	linux-vdso.so.1 (0x00007ffe47dc3000)
	libc.so.6 => /usr/lib/x86_64-linux-gnu/libc.so.6 (0x00007fe897004000)
	/lib64/ld-linux-x86-64.so.2 (0x00007fe897245000)
/usr/lib/python3.10/lib-dynload/_queue.cpython-310-x86_64-linux-gnu.so:
	statically linked
/usr/lib/python3.10/lib-dynload/_sqlite3.cpython-310-x86_64-linux-gnu.so:
	linux-vdso.so.1 (0x00007ffe56b2c000)
	libsqlite3.so.0 => /usr/lib/x86_64-linux-gnu/libsqlite3.so.0 (0x00007f7bef5c3000)
	libc.so.6 => /usr/lib/x86_64-linux-gnu/libc.so.6 (0x00007f7bef39a000)
	libm.so.6 => /usr/lib/x86_64-linux-gnu/libm.so.6 (0x00007f7bef2b3000)
	/lib64/ld-linux-x86-64.so.2 (0x00007f7bef73f000)
/usr/lib/python3.10/lib-dynload/_ssl.cpython-310-x86_64-linux-gnu.so:
	linux-vdso.so.1 (0x00007fffa5f8a000)
	libssl.so.3 => /usr/lib/x86_64-linux-gnu/libssl.so.3 (0x00007fb48ac38000)
	libcrypto.so.3 => /usr/lib/x86_64-linux-gnu/libcrypto.so.3 (0x00007fb48a7f4000)
	libc.so.6 => /usr/lib/x86_64-linux-gnu/libc.so.6 (0x00007fb48a5cb000)
	/lib64/ld-linux-x86-64.so.2 (0x00007fb48ad27000)
/usr/lib/python3.10/lib-dynload/_testbuffer.cpython-310-x86_64-linux-gnu.so:
	linux-vdso.so.1 (0x00007ffcd797e000)
	libc.so.6 => /usr/lib/x86_64-linux-gnu/libc.so.6 (0x00007f2176deb000)
	/lib64/ld-linux-x86-64.so.2 (0x00007f2177036000)
/usr/lib/python3.10/lib-dynload/_testcapi.cpython-310-x86_64-linux-gnu.so:
	linux-vdso.so.1 (0x00007ffd076d7000)
	libc.so.6 => /usr/lib/x86_64-linux-gnu/libc.so.6 (0x00007f93516bb000)
	/lib64/ld-linux-x86-64.so.2 (0x00007f935191e000)
/usr/lib/python3.10/lib-dynload/_testclinic.cpython-310-x86_64-linux-gnu.so:
	linux-vdso.so.1 (0x00007ffddddcd000)
	libc.so.6 => /usr/lib/x86_64-linux-gnu/libc.so.6 (0x00007f0fe8aba000)
	/lib64/ld-linux-x86-64.so.2 (0x00007f0fe8d05000)
/usr/lib/python3.10/lib-dynload/_testimportmultiple.cpython-310-x86_64-linux-gnu.so:
	statically linked
/usr/lib/python3.10/lib-dynload/_testinternalcapi.cpython-310-x86_64-linux-gnu.so:
	linux-vdso.so.1 (0x00007ffe673cf000)
	libc.so.6 => /usr/lib/x86_64-linux-gnu/libc.so.6 (0x00007efeb14ca000)
	/lib64/ld-linux-x86-64.so.2 (0x00007efeb170c000)
/usr/lib/python3.10/lib-dynload/_testmultiphase.cpython-310-x86_64-linux-gnu.so:
	statically linked
/usr/lib/python3.10/lib-dynload/_uuid.cpython-310-x86_64-linux-gnu.so:
	linux-vdso.so.1 (0x00007ffdac3de000)
	libuuid.so.1 => /usr/lib/x86_64-linux-gnu/libuuid.so.1 (0x00007fc99ede2000)
	libc.so.6 => /usr/lib/x86_64-linux-gnu/libc.so.6 (0x00007fc99ebb9000)
	/lib64/ld-linux-x86-64.so.2 (0x00007fc99ee03000)
/usr/lib/python3.10/lib-dynload/_xxsubinterpreters.cpython-310-x86_64-linux-gnu.so:
	linux-vdso.so.1 (0x00007ffc171d9000)
	libc.so.6 => /usr/lib/x86_64-linux-gnu/libc.so.6 (0x00007f69aad0e000)
	/lib64/ld-linux-x86-64.so.2 (0x00007f69aaf57000)
/usr/lib/python3.10/lib-dynload/_xxtestfuzz.cpython-310-x86_64-linux-gnu.so:
	linux-vdso.so.1 (0x00007ffd01feb000)
	libc.so.6 => /usr/lib/x86_64-linux-gnu/libc.so.6 (0x00007ff27c2d2000)
	/lib64/ld-linux-x86-64.so.2 (0x00007ff27c515000)
/usr/lib/python3.10/lib-dynload/_zoneinfo.cpython-310-x86_64-linux-gnu.so:
	linux-vdso.so.1 (0x00007ffc926a1000)
	libc.so.6 => /usr/lib/x86_64-linux-gnu/libc.so.6 (0x00007f9be3e21000)
	/lib64/ld-linux-x86-64.so.2 (0x00007f9be4069000)
/usr/lib/python3.10/lib-dynload/audioop.cpython-310-x86_64-linux-gnu.so:
	linux-vdso.so.1 (0x00007fff9b5df000)
	libm.so.6 => /usr/lib/x86_64-linux-gnu/libm.so.6 (0x00007f3478737000)
	libc.so.6 => /usr/lib/x86_64-linux-gnu/libc.so.6 (0x00007f347850e000)
	/lib64/ld-linux-x86-64.so.2 (0x00007f3478841000)
/usr/lib/python3.10/lib-dynload/mmap.cpython-310-x86_64-linux-gnu.so:
	linux-vdso.so.1 (0x00007ffe817f1000)
	libc.so.6 => /usr/lib/x86_64-linux-gnu/libc.so.6 (0x00007f428a90b000)
	/lib64/ld-linux-x86-64.so.2 (0x00007f428ab50000)
/usr/lib/python3.10/lib-dynload/nis.cpython-310-x86_64-linux-gnu.so:
	linux-vdso.so.1 (0x00007ffcca7d8000)
	libnsl.so.2 => /usr/lib/x86_64-linux-gnu/libnsl.so.2 (0x00007fbd0a64e000)
	libtirpc.so.3 => /usr/lib/x86_64-linux-gnu/libtirpc.so.3 (0x00007fbd0a620000)
	libc.so.6 => /usr/lib/x86_64-linux-gnu/libc.so.6 (0x00007fbd0a3f7000)
	/lib64/ld-linux-x86-64.so.2 (0x00007fbd0a681000)
	libgssapi_krb5.so.2 => /usr/lib/x86_64-linux-gnu/libgssapi_krb5.so.2 (0x00007fbd0a3a3000)
	libkrb5.so.3 => /usr/lib/x86_64-linux-gnu/libkrb5.so.3 (0x00007fbd0a2d8000)
	libk5crypto.so.3 => /usr/lib/x86_64-linux-gnu/libk5crypto.so.3 (0x00007fbd0a2a7000)
	libcom_err.so.2 => /usr/lib/x86_64-linux-gnu/libcom_err.so.2 (0x00007fbd0a2a1000)
	libkrb5support.so.0 => /usr/lib/x86_64-linux-gnu/libkrb5support.so.0 (0x00007fbd0a293000)
	libkeyutils.so.1 => /usr/lib/x86_64-linux-gnu/libkeyutils.so.1 (0x00007fbd0a28c000)
	libresolv.so.2 => /usr/lib/x86_64-linux-gnu/libresolv.so.2 (0x00007fbd0a278000)
/usr/lib/python3.10/lib-dynload/ossaudiodev.cpython-310-x86_64-linux-gnu.so:
	linux-vdso.so.1 (0x00007ffd01bf9000)
	libc.so.6 => /usr/lib/x86_64-linux-gnu/libc.so.6 (0x00007fa7b2c70000)
	/lib64/ld-linux-x86-64.so.2 (0x00007fa7b2eb5000)
/usr/lib/python3.10/lib-dynload/readline.cpython-310-x86_64-linux-gnu.so:
	linux-vdso.so.1 (0x00007ffc44f38000)
	libreadline.so.8 => /usr/lib/x86_64-linux-gnu/libreadline.so.8 (0x00007f21f5b9c000)
	libc.so.6 => /usr/lib/x86_64-linux-gnu/libc.so.6 (0x00007f21f5973000)
	libtinfo.so.6 => /usr/lib/x86_64-linux-gnu/libtinfo.so.6 (0x00007f21f5941000)
	/lib64/ld-linux-x86-64.so.2 (0x00007f21f5c0e000)
/usr/lib/python3.10/lib-dynload/resource.cpython-310-x86_64-linux-gnu.so:
	linux-vdso.so.1 (0x00007ffe2af3b000)
	libc.so.6 => /usr/lib/x86_64-linux-gnu/libc.so.6 (0x00007ffbb04e9000)
	/lib64/ld-linux-x86-64.so.2 (0x00007ffbb072b000)
/usr/lib/python3.10/lib-dynload/termios.cpython-310-x86_64-linux-gnu.so:
	linux-vdso.so.1 (0x00007ffdb10c0000)
	libc.so.6 => /usr/lib/x86_64-linux-gnu/libc.so.6 (0x00007fe46b6e0000)
	/lib64/ld-linux-x86-64.so.2 (0x00007fe46b925000)
/usr/lib/python3.10/lib-dynload/xxlimited.cpython-310-x86_64-linux-gnu.so:
	statically linked
/usr/lib/python3.10/lib-dynload/xxlimited_35.cpython-310-x86_64-linux-gnu.so:
	statically linked
