Rc files read:
  /etc/LatexMk
Latexmk: This is Latexmk, John Collins, 20 November 2021, version: 4.76.
Rule 'pdflatex': File changes, etc:
   Changed files, or newly in use since previous run(s):
      'main.tex'
------------
Run number 1 of rule 'pdflatex'
------------
------------
Running 'pdflatex  -interaction=nonstopmode -halt-on-error -recorder  "main.tex"'
------------
Latexmk: applying rule 'pdflatex'...
This is pdfTeX, Version 3.141592653-2.6-1.40.22 (TeX Live 2022/dev/Debian) (preloaded format=pdflatex)
 restricted \write18 enabled.
entering extended mode
(./main.tex
LaTeX2e <2021-11-15> patch level 1
L3 programming layer <2022-01-21>
(/usr/share/texlive/texmf-dist/tex/latex/base/article.cls
Document Class: article 2021/10/04 v1.4n Standard LaTeX document class
(/usr/share/texlive/texmf-dist/tex/latex/base/size11.clo))
(/usr/share/texlive/texmf-dist/tex/latex/base/fontenc.sty)
(/usr/share/texmf/tex/latex/lm/lmodern.sty)
(/usr/share/texlive/texmf-dist/tex/latex/geometry/geometry.sty
(/usr/share/texlive/texmf-dist/tex/latex/graphics/keyval.sty)
(/usr/share/texlive/texmf-dist/tex/generic/iftex/ifvtex.sty
(/usr/share/texlive/texmf-dist/tex/generic/iftex/iftex.sty)))
(/usr/share/texlive/texmf-dist/tex/latex/amsmath/amsmath.sty
For additional information on amsmath, use the `?' option.
(/usr/share/texlive/texmf-dist/tex/latex/amsmath/amstext.sty
(/usr/share/texlive/texmf-dist/tex/latex/amsmath/amsgen.sty))
(/usr/share/texlive/texmf-dist/tex/latex/amsmath/amsbsy.sty)
(/usr/share/texlive/texmf-dist/tex/latex/amsmath/amsopn.sty))
(/usr/share/texlive/texmf-dist/tex/latex/amsfonts/amssymb.sty
(/usr/share/texlive/texmf-dist/tex/latex/amsfonts/amsfonts.sty))
(/usr/share/texlive/texmf-dist/tex/latex/amscls/amsthm.sty)
(/usr/share/texlive/texmf-dist/tex/latex/booktabs/booktabs.sty)
(/usr/share/texlive/texmf-dist/tex/latex/tools/array.sty)
(/usr/share/texlive/texmf-dist/tex/latex/tools/longtable.sty)
(/usr/share/texlive/texmf-dist/tex/latex/microtype/microtype.sty
(/usr/share/texlive/texmf-dist/tex/latex/etoolbox/etoolbox.sty)
(/usr/share/texlive/texmf-dist/tex/latex/microtype/microtype-pdftex.def)
(/usr/share/texlive/texmf-dist/tex/latex/microtype/microtype.cfg))
(/usr/share/texlive/texmf-dist/tex/latex/natbib/natbib.sty)
(/usr/share/texlive/texmf-dist/tex/latex/hyperref/hyperref.sty
(/usr/share/texlive/texmf-dist/tex/generic/ltxcmds/ltxcmds.sty)
(/usr/share/texlive/texmf-dist/tex/generic/pdftexcmds/pdftexcmds.sty
(/usr/share/texlive/texmf-dist/tex/generic/infwarerr/infwarerr.sty))
(/usr/share/texlive/texmf-dist/tex/generic/kvsetkeys/kvsetkeys.sty)
(/usr/share/texlive/texmf-dist/tex/generic/kvdefinekeys/kvdefinekeys.sty)
(/usr/share/texlive/texmf-dist/tex/generic/pdfescape/pdfescape.sty)
(/usr/share/texlive/texmf-dist/tex/latex/hycolor/hycolor.sty)
(/usr/share/texlive/texmf-dist/tex/latex/letltxmacro/letltxmacro.sty)
(/usr/share/texlive/texmf-dist/tex/latex/auxhook/auxhook.sty)
(/usr/share/texlive/texmf-dist/tex/latex/kvoptions/kvoptions.sty)
(/usr/share/texlive/texmf-dist/tex/latex/hyperref/pd1enc.def)
(/usr/share/texlive/texmf-dist/tex/latex/hyperref/hyperref-langpatches.def)
(/usr/share/texlive/texmf-dist/tex/generic/intcalc/intcalc.sty)
(/usr/share/texlive/texmf-dist/tex/generic/etexcmds/etexcmds.sty)
(/usr/share/texlive/texmf-dist/tex/latex/hyperref/puenc.def)
(/usr/share/texlive/texmf-dist/tex/latex/url/url.sty)
(/usr/share/texlive/texmf-dist/tex/generic/bitset/bitset.sty
(/usr/share/texlive/texmf-dist/tex/generic/bigintcalc/bigintcalc.sty))
(/usr/share/texlive/texmf-dist/tex/latex/base/atbegshi-ltx.sty))
(/usr/share/texlive/texmf-dist/tex/latex/hyperref/hpdftex.def
(/usr/share/texlive/texmf-dist/tex/latex/base/atveryend-ltx.sty)
(/usr/share/texlive/texmf-dist/tex/latex/rerunfilecheck/rerunfilecheck.sty
(/usr/share/texlive/texmf-dist/tex/generic/uniquecounter/uniquecounter.sty)))
(./math_commands.tex) (/usr/share/texmf/tex/latex/lm/t1lmr.fd)
(/usr/share/texlive/texmf-dist/tex/latex/l3backend/l3backend-pdftex.def)
(./main.aux)
*geometry* driver: auto-detecting
*geometry* detected driver: pdftex
(/usr/share/texlive/texmf-dist/tex/latex/microtype/mt-cmr.cfg)
(/usr/share/texlive/texmf-dist/tex/latex/graphics/color.sty
(/usr/share/texlive/texmf-dist/tex/latex/graphics-cfg/color.cfg)
(/usr/share/texlive/texmf-dist/tex/latex/graphics-def/pdftex.def
(/usr/share/texlive/texmf-dist/tex/context/base/mkii/supp-pdf.mkii
[Loading MPS to PDF converter (version 2006.09.02).]
))) (/usr/share/texlive/texmf-dist/tex/latex/hyperref/nameref.sty
(/usr/share/texlive/texmf-dist/tex/latex/refcount/refcount.sty)
(/usr/share/texlive/texmf-dist/tex/generic/gettitlestring/gettitlestring.sty))
(/usr/share/texmf/tex/latex/lm/ot1lmr.fd)
(/usr/share/texmf/tex/latex/lm/omllmm.fd)
(/usr/share/texmf/tex/latex/lm/omslmsy.fd)
(/usr/share/texmf/tex/latex/lm/omxlmex.fd)
(/usr/share/texlive/texmf-dist/tex/latex/amsfonts/umsa.fd)
(/usr/share/texlive/texmf-dist/tex/latex/microtype/mt-msa.cfg)
(/usr/share/texlive/texmf-dist/tex/latex/amsfonts/umsb.fd)
(/usr/share/texlive/texmf-dist/tex/latex/microtype/mt-msb.cfg)
(./sections/0_abstract.tex) (./sections/1_introduction.tex

LaTeX Warning: Reference `tab:even' on page 1 undefined on input line 43.


LaTeX Warning: Reference `tab:odd' on page 1 undefined on input line 44.

[1{/var/lib/texmf/fonts/map/pdftex/updmap/pdftex.map}]

Package natbib Warning: Citation `silverman1994geometric' on page 2 undefined o
n input line 109.


Package natbib Warning: Citation `ingram2014canonical' on page 2 undefined on i
nput line 111.


Package natbib Warning: Citation `pezda2002cycles' on page 2 undefined on input
 line 114.


Package natbib Warning: Citation `ingram2014canonical' on page 2 undefined on i
nput line 122.


Package natbib Warning: Citation `dehenon2024problems' on page 2 undefined on i
nput line 124.


LaTeX Warning: Reference `thm:classification' on page 2 undefined on input line
 124.


Package natbib Warning: Citation `kim2025many' on page 2 undefined on input lin
e 127.


LaTeX Warning: Reference `eq:family' on page 2 undefined on input line 130.

[2]

Package natbib Warning: Citation `silverman1994geometric' on page 3 undefined o
n input line 134.


Package natbib Warning: Citation `ingram2014canonical' on page 3 undefined on i
nput line 136.


Package natbib Warning: Citation `kim2025many' on page 3 undefined on input lin
e 136.


LaTeX Warning: Reference `sec:normalization' on page 3 undefined on input line 
141.


LaTeX Warning: Reference `sec:six_symbols' on page 3 undefined on input line 14
2.


LaTeX Warning: Reference `sec:local' on page 3 undefined on input line 142.


LaTeX Warning: Reference `sec:finite' on page 3 undefined on input line 143.


LaTeX Warning: Reference `app:certificates' on page 3 undefined on input line 1
44.


LaTeX Warning: Reference `sec:sharp' on page 3 undefined on input line 145.


LaTeX Warning: Reference `sec:returns' on page 3 undefined on input line 146.

) (./sections/2_normalization.tex

LaTeX Warning: Reference `eq:family' on page 3 undefined on input line 4.


LaTeX Warning: Reference `eq:general_recurrence' on page 3 undefined on input l
ine 30.


LaTeX Warning: Reference `thm:classification' on page 3 undefined on input line
 38.


LaTeX Warning: Reference `eq:normalized_word' on page 3 undefined on input line
 60.

[3]

LaTeX Warning: Reference `eq:sum_odd' on page 4 undefined on input line 68.


LaTeX Warning: Reference `eq:sum_odd' on page 4 undefined on input line 89.


LaTeX Warning: Reference `eq:centered_data' on page 4 undefined on input line 9
0.


LaTeX Warning: Reference `eq:centered_recurrence' on page 4 undefined on input 
line 95.

) (./sections/3_six_symbols.tex

LaTeX Warning: Reference `lem:real_bounds' on page 4 undefined on input line 5.



LaTeX Warning: Reference `eq:centered_recurrence' on page 4 undefined on input 
line 12.


LaTeX Warning: Reference `eq:integer_interval' on page 4 undefined on input lin
e 28.


LaTeX Warning: Reference `eq:real_bounds' on page 4 undefined on input line 34.


[4]

LaTeX Warning: Reference `eq:real_bounds' on page 5 undefined on input line 47.



LaTeX Warning: Reference `eq:six_symbols' on page 5 undefined on input line 49.



LaTeX Warning: Reference `eq:centered_data' on page 5 undefined on input line 5
5.


LaTeX Warning: Reference `eq:six_symbols' on page 5 undefined on input line 71.



LaTeX Warning: Reference `eq:half_interval' on page 5 undefined on input line 7
7.


LaTeX Warning: Reference `lem:real_bounds' on page 5 undefined on input line 82
.


LaTeX Warning: Reference `eq:half_interval' on page 5 undefined on input line 8
3.


LaTeX Warning: Reference `eq:real_bounds' on page 5 undefined on input line 95.



LaTeX Warning: Reference `eq:six_symbols' on page 5 undefined on input line 97.



LaTeX Warning: Reference `lem:integer_center' on page 5 undefined on input line
 105.


LaTeX Warning: Reference `lem:half_center' on page 5 undefined on input line 10
6.


LaTeX Warning: Reference `eq:six_symbols' on page 5 undefined on input line 116
.


LaTeX Warning: Reference `eq:separation' on page 5 undefined on input line 126.



LaTeX Warning: Reference `eq:signs' on page 5 undefined on input line 132.


LaTeX Warning: Reference `eq:offsets' on page 5 undefined on input line 132.


LaTeX Warning: Reference `eq:offsets' on page 5 undefined on input line 133.

[5]) (./sections/4_local_classification.tex

LaTeX Warning: Reference `eq:signs' on page 6 undefined on input line 4.


LaTeX Warning: Reference `eq:offsets' on page 6 undefined on input line 4.


LaTeX Warning: Reference `eq:signs' on page 6 undefined on input line 11.


LaTeX Warning: Reference `eq:offsets' on page 6 undefined on input line 11.


LaTeX Warning: Reference `eq:signs' on page 6 undefined on input line 27.


LaTeX Warning: Reference `prop:local_reduction' on page 6 undefined on input li
ne 36.


LaTeX Warning: Reference `eq:offsets' on page 6 undefined on input line 37.


LaTeX Warning: Reference `eq:offsets' on page 6 undefined on input line 40.


LaTeX Warning: Reference `eq:offsets' on page 6 undefined on input line 48.


LaTeX Warning: Reference `eq:signs' on page 6 undefined on input line 50.


LaTeX Warning: Reference `eq:centered_words' on page 6 undefined on input line 
62.

[6]

LaTeX Warning: Reference `eq:offsets' on page 7 undefined on input line 81.


LaTeX Warning: Reference `tab:even' on page 7 undefined on input line 95.


LaTeX Warning: Reference `tab:odd' on page 7 undefined on input line 101.


LaTeX Warning: Reference `tab:even' on page 7 undefined on input line 107.


LaTeX Warning: Reference `tab:odd' on page 7 undefined on input line 107.

[7]) (./sections/5_finite_complement.tex

LaTeX Warning: Reference `lem:real_bounds' on page 8 undefined on input line 37
.


LaTeX Warning: Reference `lem:pruning' on page 8 undefined on input line 39.


LaTeX Warning: Reference `tab:even_certificate' on page 8 undefined on input li
ne 45.


LaTeX Warning: Reference `eq:real_bounds' on page 8 undefined on input line 52.


[8]

LaTeX Warning: Reference `eq:pruning' on page 9 undefined on input line 80.


LaTeX Warning: Reference `tab:odd_certificate' on page 9 undefined on input lin
e 80.

(/usr/share/texmf/tex/latex/lm/t1lmtt.fd)

LaTeX Warning: Reference `eq:word_expansion' on page 9 undefined on input line 
119.


LaTeX Warning: Reference `sec:six_symbols' on page 9 undefined on input line 13
3.


LaTeX Warning: Reference `lem:symbol_classification' on page 9 undefined on inp
ut line 133.


LaTeX Warning: Reference `thm:classification' on page 9 undefined on input line
 136.


LaTeX Warning: Reference `lem:integrality' on page 9 undefined on input line 13
7.


LaTeX Warning: Reference `lem:translation' on page 9 undefined on input line 13
8.


LaTeX Warning: Reference `eq:sum_even' on page 9 undefined on input line 139.


LaTeX Warning: Reference `eq:sum_odd' on page 9 undefined on input line 140.


LaTeX Warning: Reference `lem:symbol_classification' on page 9 undefined on inp
ut line 141.


LaTeX Warning: Reference `tab:even_certificate' on page 9 undefined on input li
ne 144.


LaTeX Warning: Reference `tab:odd_certificate' on page 9 undefined on input lin
e 144.


LaTeX Warning: Reference `tab:even' on page 9 undefined on input line 146.


LaTeX Warning: Reference `tab:odd' on page 9 undefined on input line 146.


LaTeX Warning: Reference `lem:existence' on page 9 undefined on input line 147.


[9]) (./sections/6_sharp_bound.tex

LaTeX Warning: Reference `lem:existence' on page 10 undefined on input line 6.


LaTeX Warning: Reference `tab:even' on page 10 undefined on input line 11.


LaTeX Warning: Reference `tab:odd' on page 10 undefined on input line 49.

[10]

LaTeX Warning: Reference `prop:even_bound' on page 11 undefined on input line 8
3.


LaTeX Warning: Reference `prop:odd_bound' on page 11 undefined on input line 83
.


LaTeX Warning: Reference `eq:translation' on page 11 undefined on input line 84
.


LaTeX Warning: Reference `eq:eight_bound' on page 11 undefined on input line 85
.

) (./sections/7_returns_scope.tex

LaTeX Warning: Reference `eq:return_count' on page 11 undefined on input line 3
3.


LaTeX Warning: Reference `eq:zeta' on page 11 undefined on input line 39.


LaTeX Warning: Reference `thm:classification' on page 11 undefined on input lin
e 42.


Package natbib Warning: Citation `dehenon2024problems' on page 11 undefined on 
input line 64.

[11]

LaTeX Warning: Reference `eq:zeta' on page 12 undefined on input line 68.

) [12] (./sections/A_certificates.tex

LaTeX Warning: Reference `sec:finite' on page 13 undefined on input line 5.


LaTeX Warning: Reference `eq:even_finite_alphabet' on page 13 undefined on inpu
t line 6.


LaTeX Warning: Reference `eq:even_finite_map' on page 13 undefined on input lin
e 6.


LaTeX Warning: Reference `eq:odd_finite_alphabet' on page 13 undefined on input
 line 7.


LaTeX Warning: Reference `eq:odd_finite_map' on page 13 undefined on input line
 7.


LaTeX Warning: Reference `eq:pruning' on page 13 undefined on input line 10.


LaTeX Warning: Reference `eq:word_expansion' on page 13 undefined on input line
 12.


Package longtable Warning: Column widths have changed
(longtable)                in table A.1 on input line 50.


Package longtable Warning: Column widths have changed
(longtable)                in table A.2 on input line 88.

[13])
No file main.bbl.

Package natbib Warning: There were undefined citations.


Package longtable Warning: Table widths have changed. Rerun LaTeX.

[14] (./main.aux)

LaTeX Warning: There were undefined references.


LaTeX Warning: Label(s) may have changed. Rerun to get cross-references right.


Package rerunfilecheck Warning: File `main.out' has changed.
(rerunfilecheck)                Rerun to get outlines right
(rerunfilecheck)                or use package `bookmark'.

 ){/usr/share/texmf/fonts/enc/dvips/lm/lm-rm.enc}{/usr/share/texmf/fonts/enc/dv
ips/lm/lm-ec.enc}{/usr/share/texmf/fonts/enc/dvips/lm/lm-mathsy.enc}{/usr/share
/texmf/fonts/enc/dvips/lm/lm-mathit.enc}{/usr/share/texmf/fonts/enc/dvips/lm/lm
-mathex.enc}</usr/share/texmf/fonts/type1/public/lm/lmbx10.pfb></usr/share/texm
f/fonts/type1/public/lm/lmbx12.pfb></usr/share/texmf/fonts/type1/public/lm/lmex
10.pfb></usr/share/texmf/fonts/type1/public/lm/lmmi10.pfb></usr/share/texmf/fon
ts/type1/public/lm/lmmi6.pfb></usr/share/texmf/fonts/type1/public/lm/lmmi7.pfb>
</usr/share/texmf/fonts/type1/public/lm/lmmi8.pfb></usr/share/texmf/fonts/type1
/public/lm/lmr10.pfb></usr/share/texmf/fonts/type1/public/lm/lmr12.pfb></usr/sh
are/texmf/fonts/type1/public/lm/lmr17.pfb></usr/share/texmf/fonts/type1/public/
lm/lmr6.pfb></usr/share/texmf/fonts/type1/public/lm/lmr7.pfb></usr/share/texmf/
fonts/type1/public/lm/lmr8.pfb></usr/share/texmf/fonts/type1/public/lm/lmri10.p
fb></usr/share/texmf/fonts/type1/public/lm/lmsy10.pfb></usr/share/texmf/fonts/t
ype1/public/lm/lmsy6.pfb></usr/share/texmf/fonts/type1/public/lm/lmsy8.pfb></us
r/share/texmf/fonts/type1/public/lm/lmtt10.pfb></usr/share/texlive/texmf-dist/f
onts/type1/public/amsfonts/symbols/msbm10.pfb>
Output written on main.pdf (14 pages, 356900 bytes).
Transcript written on main.log.
Latexmk: Missing bbl file 'main.bbl' in following:
 No file main.bbl.
Latexmk: References changed.
Latexmk: References changed.
Latexmk: Log file says output to 'main.pdf'
Latexmk: List of undefined refs and citations:
  Citation `dehenon2024problems' on page 11 undefined on input line 64
  Citation `dehenon2024problems' on page 2 undefined on input line 124
  Citation `ingram2014canonical' on page 2 undefined on input line 111
  Citation `ingram2014canonical' on page 2 undefined on input line 122
  Citation `ingram2014canonical' on page 3 undefined on input line 136
  Citation `kim2025many' on page 2 undefined on input line 127
  Citation `kim2025many' on page 3 undefined on input line 136
  Citation `pezda2002cycles' on page 2 undefined on input line 114
  Citation `silverman1994geometric' on page 2 undefined on input line 109
  Citation `silverman1994geometric' on page 3 undefined on input line 134
  Reference `app:certificates' on page 3 undefined on input line 144
  Reference `eq:centered_data' on page 4 undefined on input line 90
  Reference `eq:centered_data' on page 5 undefined on input line 55
  Reference `eq:centered_recurrence' on page 4 undefined on input line 12
  Reference `eq:centered_recurrence' on page 4 undefined on input line 95
  Reference `eq:centered_words' on page 6 undefined on input line 62
  Reference `eq:eight_bound' on page 11 undefined on input line 85
  Reference `eq:even_finite_alphabet' on page 13 undefined on input line 6
  Reference `eq:even_finite_map' on page 13 undefined on input line 6
  Reference `eq:family' on page 2 undefined on input line 130
  Reference `eq:family' on page 3 undefined on input line 4
  Reference `eq:general_recurrence' on page 3 undefined on input line 30
  Reference `eq:half_interval' on page 5 undefined on input line 77
  Reference `eq:half_interval' on page 5 undefined on input line 83
  Reference `eq:integer_interval' on page 4 undefined on input line 28
  Reference `eq:normalized_word' on page 3 undefined on input line 60
  Reference `eq:odd_finite_alphabet' on page 13 undefined on input line 7
  Reference `eq:odd_finite_map' on page 13 undefined on input line 7
  Reference `eq:offsets' on page 5 undefined on input line 132
  Reference `eq:offsets' on page 5 undefined on input line 133
  Reference `eq:offsets' on page 6 undefined on input line 11
  Reference `eq:offsets' on page 6 undefined on input line 37
  Reference `eq:offsets' on page 6 undefined on input line 4
  Reference `eq:offsets' on page 6 undefined on input line 40
  Reference `eq:offsets' on page 6 undefined on input line 48
  Reference `eq:offsets' on page 7 undefined on input line 81
  Reference `eq:pruning' on page 13 undefined on input line 10
  Reference `eq:pruning' on page 9 undefined on input line 80
  Reference `eq:real_bounds' on page 4 undefined on input line 34
  Reference `eq:real_bounds' on page 5 undefined on input line 47
  Reference `eq:real_bounds' on page 5 undefined on input line 95
  Reference `eq:real_bounds' on page 8 undefined on input line 52
  Reference `eq:return_count' on page 11 undefined on input line 33
  Reference `eq:separation' on page 5 undefined on input line 126
  Reference `eq:signs' on page 5 undefined on input line 132
  Reference `eq:signs' on page 6 undefined on input line 11
  Reference `eq:signs' on page 6 undefined on input line 27
  Reference `eq:signs' on page 6 undefined on input line 4
  Reference `eq:signs' on page 6 undefined on input line 50
  Reference `eq:six_symbols' on page 5 undefined on input line 116
  Reference `eq:six_symbols' on page 5 undefined on input line 49
  Reference `eq:six_symbols' on page 5 undefined on input line 71
  Reference `eq:six_symbols' on page 5 undefined on input line 97
  Reference `eq:sum_even' on page 9 undefined on input line 139
  Reference `eq:sum_odd' on page 4 undefined on input line 68
  Reference `eq:sum_odd' on page 4 undefined on input line 89
  Reference `eq:sum_odd' on page 9 undefined on input line 140
  Reference `eq:translation' on page 11 undefined on input line 84
  Reference `eq:word_expansion' on page 13 undefined on input line 12
  Reference `eq:word_expansion' on page 9 undefined on input line 119
  Reference `eq:zeta' on page 11 undefined on input line 39
  Reference `eq:zeta' on page 12 undefined on input line 68
  Reference `lem:existence' on page 10 undefined on input line 6
  Reference `lem:existence' on page 9 undefined on input line 147
  Reference `lem:half_center' on page 5 undefined on input line 106
  Reference `lem:integer_center' on page 5 undefined on input line 105
  Reference `lem:integrality' on page 9 undefined on input line 137
  Reference `lem:pruning' on page 8 undefined on input line 39
  Reference `lem:real_bounds' on page 4 undefined on input line 5
  Reference `lem:real_bounds' on page 5 undefined on input line 82
  Reference `lem:real_bounds' on page 8 undefined on input line 37
  Reference `lem:symbol_classification' on page 9 undefined on input line 133
  Reference `lem:symbol_classification' on page 9 undefined on input line 141
  Reference `lem:translation' on page 9 undefined on input line 138
  Reference `prop:even_bound' on page 11 undefined on input line 83
  Reference `prop:local_reduction' on page 6 undefined on input line 36
  Reference `prop:odd_bound' on page 11 undefined on input line 83
  Reference `sec:finite' on page 13 undefined on input line 5
  Reference `sec:finite' on page 3 undefined on input line 143
  Reference `sec:local' on page 3 undefined on input line 142
  Reference `sec:normalization' on page 3 undefined on input line 141
  Reference `sec:returns' on page 3 undefined on input line 146
  Reference `sec:sharp' on page 3 undefined on input line 145
  Reference `sec:six_symbols' on page 3 undefined on input line 142
  Reference `sec:six_symbols' on page 9 undefined on input line 133
  Reference `tab:even' on page 1 undefined on input line 43
  Reference `tab:even' on page 10 undefined on input line 11
  Reference `tab:even' on page 7 undefined on input line 107
  Reference `tab:even' on page 7 undefined on input line 95
  Reference `tab:even' on page 9 undefined on input line 146
  Reference `tab:even_certificate' on page 8 undefined on input line 45
  Reference `tab:even_certificate' on page 9 undefined on input line 144
  Reference `tab:odd' on page 1 undefined on input line 44
  Reference `tab:odd' on page 10 undefined on input line 49
  Reference `tab:odd' on page 7 undefined on input line 101
  Reference `tab:odd' on page 7 undefined on input line 107
  Reference `tab:odd' on page 9 undefined on input line 146
  Reference `tab:odd_certificate' on page 9 undefined on input line 144
  Reference `tab:odd_certificate' on page 9 undefined on input line 80
  Reference `thm:classification' on page 11 undefined on input line 42
  Reference `thm:classification' on page 2 undefined on input line 124
  Reference `thm:classification' on page 3 undefined on input line 38
  Reference `thm:classification' on page 9 undefined on input line 136
Latexmk: Examining 'main.log'
=== TeX engine is 'pdfTeX'
Latexmk: Found bibliography file(s) [references.bib]
Rule 'bibtex main': File changes, etc:
   Changed files, or newly in use since previous run(s):
      'main.aux'
------------
Run number 1 of rule 'bibtex main'
------------
------------
Running 'bibtex  "main.aux"'
------------
Latexmk: applying rule 'bibtex main'...
This is BibTeX, Version 0.99d (TeX Live 2022/dev/Debian)
The top-level auxiliary file: main.aux
The style file: plainnat.bst
Database file #1: references.bib
Rule 'pdflatex': File changes, etc:
   Changed files, or newly in use since previous run(s):
      'main.aux'
      'main.bbl'
      'main.out'
------------
Run number 2 of rule 'pdflatex'
------------
------------
Running 'pdflatex  -interaction=nonstopmode -halt-on-error -recorder  "main.tex"'
------------
Latexmk: applying rule 'pdflatex'...
This is pdfTeX, Version 3.141592653-2.6-1.40.22 (TeX Live 2022/dev/Debian) (preloaded format=pdflatex)
 restricted \write18 enabled.
entering extended mode
(./main.tex
LaTeX2e <2021-11-15> patch level 1
L3 programming layer <2022-01-21>
(/usr/share/texlive/texmf-dist/tex/latex/base/article.cls
Document Class: article 2021/10/04 v1.4n Standard LaTeX document class
(/usr/share/texlive/texmf-dist/tex/latex/base/size11.clo))
(/usr/share/texlive/texmf-dist/tex/latex/base/fontenc.sty)
(/usr/share/texmf/tex/latex/lm/lmodern.sty)
(/usr/share/texlive/texmf-dist/tex/latex/geometry/geometry.sty
(/usr/share/texlive/texmf-dist/tex/latex/graphics/keyval.sty)
(/usr/share/texlive/texmf-dist/tex/generic/iftex/ifvtex.sty
(/usr/share/texlive/texmf-dist/tex/generic/iftex/iftex.sty)))
(/usr/share/texlive/texmf-dist/tex/latex/amsmath/amsmath.sty
For additional information on amsmath, use the `?' option.
(/usr/share/texlive/texmf-dist/tex/latex/amsmath/amstext.sty
(/usr/share/texlive/texmf-dist/tex/latex/amsmath/amsgen.sty))
(/usr/share/texlive/texmf-dist/tex/latex/amsmath/amsbsy.sty)
(/usr/share/texlive/texmf-dist/tex/latex/amsmath/amsopn.sty))
(/usr/share/texlive/texmf-dist/tex/latex/amsfonts/amssymb.sty
(/usr/share/texlive/texmf-dist/tex/latex/amsfonts/amsfonts.sty))
(/usr/share/texlive/texmf-dist/tex/latex/amscls/amsthm.sty)
(/usr/share/texlive/texmf-dist/tex/latex/booktabs/booktabs.sty)
(/usr/share/texlive/texmf-dist/tex/latex/tools/array.sty)
(/usr/share/texlive/texmf-dist/tex/latex/tools/longtable.sty)
(/usr/share/texlive/texmf-dist/tex/latex/microtype/microtype.sty
(/usr/share/texlive/texmf-dist/tex/latex/etoolbox/etoolbox.sty)
(/usr/share/texlive/texmf-dist/tex/latex/microtype/microtype-pdftex.def)
(/usr/share/texlive/texmf-dist/tex/latex/microtype/microtype.cfg))
(/usr/share/texlive/texmf-dist/tex/latex/natbib/natbib.sty)
(/usr/share/texlive/texmf-dist/tex/latex/hyperref/hyperref.sty
(/usr/share/texlive/texmf-dist/tex/generic/ltxcmds/ltxcmds.sty)
(/usr/share/texlive/texmf-dist/tex/generic/pdftexcmds/pdftexcmds.sty
(/usr/share/texlive/texmf-dist/tex/generic/infwarerr/infwarerr.sty))
(/usr/share/texlive/texmf-dist/tex/generic/kvsetkeys/kvsetkeys.sty)
(/usr/share/texlive/texmf-dist/tex/generic/kvdefinekeys/kvdefinekeys.sty)
(/usr/share/texlive/texmf-dist/tex/generic/pdfescape/pdfescape.sty)
(/usr/share/texlive/texmf-dist/tex/latex/hycolor/hycolor.sty)
(/usr/share/texlive/texmf-dist/tex/latex/letltxmacro/letltxmacro.sty)
(/usr/share/texlive/texmf-dist/tex/latex/auxhook/auxhook.sty)
(/usr/share/texlive/texmf-dist/tex/latex/kvoptions/kvoptions.sty)
(/usr/share/texlive/texmf-dist/tex/latex/hyperref/pd1enc.def)
(/usr/share/texlive/texmf-dist/tex/latex/hyperref/hyperref-langpatches.def)
(/usr/share/texlive/texmf-dist/tex/generic/intcalc/intcalc.sty)
(/usr/share/texlive/texmf-dist/tex/generic/etexcmds/etexcmds.sty)
(/usr/share/texlive/texmf-dist/tex/latex/hyperref/puenc.def)
(/usr/share/texlive/texmf-dist/tex/latex/url/url.sty)
(/usr/share/texlive/texmf-dist/tex/generic/bitset/bitset.sty
(/usr/share/texlive/texmf-dist/tex/generic/bigintcalc/bigintcalc.sty))
(/usr/share/texlive/texmf-dist/tex/latex/base/atbegshi-ltx.sty))
(/usr/share/texlive/texmf-dist/tex/latex/hyperref/hpdftex.def
(/usr/share/texlive/texmf-dist/tex/latex/base/atveryend-ltx.sty)
(/usr/share/texlive/texmf-dist/tex/latex/rerunfilecheck/rerunfilecheck.sty
(/usr/share/texlive/texmf-dist/tex/generic/uniquecounter/uniquecounter.sty)))
(./math_commands.tex) (/usr/share/texmf/tex/latex/lm/t1lmr.fd)
(/usr/share/texlive/texmf-dist/tex/latex/l3backend/l3backend-pdftex.def)
(./main.aux)
*geometry* driver: auto-detecting
*geometry* detected driver: pdftex
(/usr/share/texlive/texmf-dist/tex/latex/microtype/mt-cmr.cfg)
(/usr/share/texlive/texmf-dist/tex/latex/graphics/color.sty
(/usr/share/texlive/texmf-dist/tex/latex/graphics-cfg/color.cfg)
(/usr/share/texlive/texmf-dist/tex/latex/graphics-def/pdftex.def
(/usr/share/texlive/texmf-dist/tex/context/base/mkii/supp-pdf.mkii
[Loading MPS to PDF converter (version 2006.09.02).]
))) (/usr/share/texlive/texmf-dist/tex/latex/hyperref/nameref.sty
(/usr/share/texlive/texmf-dist/tex/latex/refcount/refcount.sty)
(/usr/share/texlive/texmf-dist/tex/generic/gettitlestring/gettitlestring.sty))
(./main.out) (./main.out) (/usr/share/texmf/tex/latex/lm/ot1lmr.fd)
(/usr/share/texmf/tex/latex/lm/omllmm.fd)
(/usr/share/texmf/tex/latex/lm/omslmsy.fd)
(/usr/share/texmf/tex/latex/lm/omxlmex.fd)
(/usr/share/texlive/texmf-dist/tex/latex/amsfonts/umsa.fd)
(/usr/share/texlive/texmf-dist/tex/latex/microtype/mt-msa.cfg)
(/usr/share/texlive/texmf-dist/tex/latex/amsfonts/umsb.fd)
(/usr/share/texlive/texmf-dist/tex/latex/microtype/mt-msb.cfg)
(./sections/0_abstract.tex) (./sections/1_introduction.tex [1{/var/lib/texmf/fo
nts/map/pdftex/updmap/pdftex.map}]

Package natbib Warning: Citation `silverman1994geometric' on page 2 undefined o
n input line 109.


Package natbib Warning: Citation `ingram2014canonical' on page 2 undefined on i
nput line 111.


Package natbib Warning: Citation `pezda2002cycles' on page 2 undefined on input
 line 114.


Package natbib Warning: Citation `ingram2014canonical' on page 2 undefined on i
nput line 122.


Package natbib Warning: Citation `dehenon2024problems' on page 2 undefined on i
nput line 124.


Package natbib Warning: Citation `kim2025many' on page 2 undefined on input lin
e 127.

[2]

Package natbib Warning: Citation `silverman1994geometric' on page 3 undefined o
n input line 134.


Package natbib Warning: Citation `ingram2014canonical' on page 3 undefined on i
nput line 136.


Package natbib Warning: Citation `kim2025many' on page 3 undefined on input lin
e 136.

) (./sections/2_normalization.tex [3]) (./sections/3_six_symbols.tex [4]
[5]) (./sections/4_local_classification.tex [6] [7])
(./sections/5_finite_complement.tex [8]
(/usr/share/texmf/tex/latex/lm/t1lmtt.fd) [9]) (./sections/6_sharp_bound.tex
[10]) (./sections/7_returns_scope.tex

Package natbib Warning: Citation `dehenon2024problems' on page 11 undefined on 
input line 64.

[11]) [12] (./sections/A_certificates.tex [13]) (./main.bbl)

Package natbib Warning: There were undefined citations.

[14] (./main.aux

Package natbib Warning: Citation(s) may have changed.
(natbib)                Rerun to get citations correct.

) ){/usr/share/texmf/fonts/enc/dvips/lm/lm-rm.enc}{/usr/share/texmf/fonts/enc/d
vips/lm/lm-ec.enc}{/usr/share/texmf/fonts/enc/dvips/lm/lm-mathsy.enc}{/usr/shar
e/texmf/fonts/enc/dvips/lm/lm-mathit.enc}{/usr/share/texmf/fonts/enc/dvips/lm/l
m-mathex.enc}</usr/share/texmf/fonts/type1/public/lm/lmbx10.pfb></usr/share/tex
mf/fonts/type1/public/lm/lmbx12.pfb></usr/share/texmf/fonts/type1/public/lm/lme
x10.pfb></usr/share/texmf/fonts/type1/public/lm/lmmi10.pfb></usr/share/texmf/fo
nts/type1/public/lm/lmmi6.pfb></usr/share/texmf/fonts/type1/public/lm/lmmi7.pfb
></usr/share/texmf/fonts/type1/public/lm/lmmi8.pfb></usr/share/texmf/fonts/type
1/public/lm/lmr10.pfb></usr/share/texmf/fonts/type1/public/lm/lmr12.pfb></usr/s
hare/texmf/fonts/type1/public/lm/lmr17.pfb></usr/share/texmf/fonts/type1/public
/lm/lmr6.pfb></usr/share/texmf/fonts/type1/public/lm/lmr7.pfb></usr/share/texmf
/fonts/type1/public/lm/lmr8.pfb></usr/share/texmf/fonts/type1/public/lm/lmri10.
pfb></usr/share/texmf/fonts/type1/public/lm/lmsy10.pfb></usr/share/texmf/fonts/
type1/public/lm/lmsy6.pfb></usr/share/texmf/fonts/type1/public/lm/lmsy8.pfb></u
sr/share/texmf/fonts/type1/public/lm/lmtt10.pfb></usr/share/texlive/texmf-dist/
fonts/type1/public/amsfonts/symbols/msbm10.pfb>
Output written on main.pdf (14 pages, 367435 bytes).
Transcript written on main.log.
Latexmk: Found input bbl file 'main.bbl'
Latexmk: References changed.
Latexmk: Log file says output to 'main.pdf'
Latexmk: List of undefined refs and citations:
  Citation `dehenon2024problems' on page 11 undefined on input line 64
  Citation `dehenon2024problems' on page 2 undefined on input line 124
  Citation `ingram2014canonical' on page 2 undefined on input line 111
  Citation `ingram2014canonical' on page 2 undefined on input line 122
  Citation `ingram2014canonical' on page 3 undefined on input line 136
  Citation `kim2025many' on page 2 undefined on input line 127
  Citation `kim2025many' on page 3 undefined on input line 136
  Citation `pezda2002cycles' on page 2 undefined on input line 114
  Citation `silverman1994geometric' on page 2 undefined on input line 109
  Citation `silverman1994geometric' on page 3 undefined on input line 134
Latexmk: Examining 'main.log'
=== TeX engine is 'pdfTeX'
Latexmk: Found bibliography file(s) [references.bib]
Rule 'bibtex main': File changes, etc:
   Changed files, or newly in use since previous run(s):
      'main.aux'
------------
Run number 2 of rule 'bibtex main'
------------
------------
Running 'bibtex  "main.aux"'
------------
Latexmk: applying rule 'bibtex main'...
This is BibTeX, Version 0.99d (TeX Live 2022/dev/Debian)
The top-level auxiliary file: main.aux
The style file: plainnat.bst
Database file #1: references.bib
Rule 'pdflatex': File changes, etc:
   Changed files, or newly in use since previous run(s):
      'main.aux'
------------
Run number 3 of rule 'pdflatex'
------------
------------
Running 'pdflatex  -interaction=nonstopmode -halt-on-error -recorder  "main.tex"'
------------
Latexmk: applying rule 'pdflatex'...
This is pdfTeX, Version 3.141592653-2.6-1.40.22 (TeX Live 2022/dev/Debian) (preloaded format=pdflatex)
 restricted \write18 enabled.
entering extended mode
(./main.tex
LaTeX2e <2021-11-15> patch level 1
L3 programming layer <2022-01-21>
(/usr/share/texlive/texmf-dist/tex/latex/base/article.cls
Document Class: article 2021/10/04 v1.4n Standard LaTeX document class
(/usr/share/texlive/texmf-dist/tex/latex/base/size11.clo))
(/usr/share/texlive/texmf-dist/tex/latex/base/fontenc.sty)
(/usr/share/texmf/tex/latex/lm/lmodern.sty)
(/usr/share/texlive/texmf-dist/tex/latex/geometry/geometry.sty
(/usr/share/texlive/texmf-dist/tex/latex/graphics/keyval.sty)
(/usr/share/texlive/texmf-dist/tex/generic/iftex/ifvtex.sty
(/usr/share/texlive/texmf-dist/tex/generic/iftex/iftex.sty)))
(/usr/share/texlive/texmf-dist/tex/latex/amsmath/amsmath.sty
For additional information on amsmath, use the `?' option.
(/usr/share/texlive/texmf-dist/tex/latex/amsmath/amstext.sty
(/usr/share/texlive/texmf-dist/tex/latex/amsmath/amsgen.sty))
(/usr/share/texlive/texmf-dist/tex/latex/amsmath/amsbsy.sty)
(/usr/share/texlive/texmf-dist/tex/latex/amsmath/amsopn.sty))
(/usr/share/texlive/texmf-dist/tex/latex/amsfonts/amssymb.sty
(/usr/share/texlive/texmf-dist/tex/latex/amsfonts/amsfonts.sty))
(/usr/share/texlive/texmf-dist/tex/latex/amscls/amsthm.sty)
(/usr/share/texlive/texmf-dist/tex/latex/booktabs/booktabs.sty)
(/usr/share/texlive/texmf-dist/tex/latex/tools/array.sty)
(/usr/share/texlive/texmf-dist/tex/latex/tools/longtable.sty)
(/usr/share/texlive/texmf-dist/tex/latex/microtype/microtype.sty
(/usr/share/texlive/texmf-dist/tex/latex/etoolbox/etoolbox.sty)
(/usr/share/texlive/texmf-dist/tex/latex/microtype/microtype-pdftex.def)
(/usr/share/texlive/texmf-dist/tex/latex/microtype/microtype.cfg))
(/usr/share/texlive/texmf-dist/tex/latex/natbib/natbib.sty)
(/usr/share/texlive/texmf-dist/tex/latex/hyperref/hyperref.sty
(/usr/share/texlive/texmf-dist/tex/generic/ltxcmds/ltxcmds.sty)
(/usr/share/texlive/texmf-dist/tex/generic/pdftexcmds/pdftexcmds.sty
(/usr/share/texlive/texmf-dist/tex/generic/infwarerr/infwarerr.sty))
(/usr/share/texlive/texmf-dist/tex/generic/kvsetkeys/kvsetkeys.sty)
(/usr/share/texlive/texmf-dist/tex/generic/kvdefinekeys/kvdefinekeys.sty)
(/usr/share/texlive/texmf-dist/tex/generic/pdfescape/pdfescape.sty)
(/usr/share/texlive/texmf-dist/tex/latex/hycolor/hycolor.sty)
(/usr/share/texlive/texmf-dist/tex/latex/letltxmacro/letltxmacro.sty)
(/usr/share/texlive/texmf-dist/tex/latex/auxhook/auxhook.sty)
(/usr/share/texlive/texmf-dist/tex/latex/kvoptions/kvoptions.sty)
(/usr/share/texlive/texmf-dist/tex/latex/hyperref/pd1enc.def)
(/usr/share/texlive/texmf-dist/tex/latex/hyperref/hyperref-langpatches.def)
(/usr/share/texlive/texmf-dist/tex/generic/intcalc/intcalc.sty)
(/usr/share/texlive/texmf-dist/tex/generic/etexcmds/etexcmds.sty)
(/usr/share/texlive/texmf-dist/tex/latex/hyperref/puenc.def)
(/usr/share/texlive/texmf-dist/tex/latex/url/url.sty)
(/usr/share/texlive/texmf-dist/tex/generic/bitset/bitset.sty
(/usr/share/texlive/texmf-dist/tex/generic/bigintcalc/bigintcalc.sty))
(/usr/share/texlive/texmf-dist/tex/latex/base/atbegshi-ltx.sty))
(/usr/share/texlive/texmf-dist/tex/latex/hyperref/hpdftex.def
(/usr/share/texlive/texmf-dist/tex/latex/base/atveryend-ltx.sty)
(/usr/share/texlive/texmf-dist/tex/latex/rerunfilecheck/rerunfilecheck.sty
(/usr/share/texlive/texmf-dist/tex/generic/uniquecounter/uniquecounter.sty)))
(./math_commands.tex) (/usr/share/texmf/tex/latex/lm/t1lmr.fd)
(/usr/share/texlive/texmf-dist/tex/latex/l3backend/l3backend-pdftex.def)
(./main.aux)
*geometry* driver: auto-detecting
*geometry* detected driver: pdftex
(/usr/share/texlive/texmf-dist/tex/latex/microtype/mt-cmr.cfg)
(/usr/share/texlive/texmf-dist/tex/latex/graphics/color.sty
(/usr/share/texlive/texmf-dist/tex/latex/graphics-cfg/color.cfg)
(/usr/share/texlive/texmf-dist/tex/latex/graphics-def/pdftex.def
(/usr/share/texlive/texmf-dist/tex/context/base/mkii/supp-pdf.mkii
[Loading MPS to PDF converter (version 2006.09.02).]
))) (/usr/share/texlive/texmf-dist/tex/latex/hyperref/nameref.sty
(/usr/share/texlive/texmf-dist/tex/latex/refcount/refcount.sty)
(/usr/share/texlive/texmf-dist/tex/generic/gettitlestring/gettitlestring.sty))
(./main.out) (./main.out) (/usr/share/texmf/tex/latex/lm/ot1lmr.fd)
(/usr/share/texmf/tex/latex/lm/omllmm.fd)
(/usr/share/texmf/tex/latex/lm/omslmsy.fd)
(/usr/share/texmf/tex/latex/lm/omxlmex.fd)
(/usr/share/texlive/texmf-dist/tex/latex/amsfonts/umsa.fd)
(/usr/share/texlive/texmf-dist/tex/latex/microtype/mt-msa.cfg)
(/usr/share/texlive/texmf-dist/tex/latex/amsfonts/umsb.fd)
(/usr/share/texlive/texmf-dist/tex/latex/microtype/mt-msb.cfg)
(./sections/0_abstract.tex) (./sections/1_introduction.tex [1{/var/lib/texmf/fo
nts/map/pdftex/updmap/pdftex.map}] [2]) (./sections/2_normalization.tex
[3]) (./sections/3_six_symbols.tex [4] [5])
(./sections/4_local_classification.tex [6] [7])
(./sections/5_finite_complement.tex [8]
(/usr/share/texmf/tex/latex/lm/t1lmtt.fd) [9]) (./sections/6_sharp_bound.tex
[10]) (./sections/7_returns_scope.tex [11]) [12] (./sections/A_certificates.tex
[13]) (./main.bbl) [14] (./main.aux) ){/usr/share/texmf/fonts/enc/dvips/lm/lm-r
m.enc}{/usr/share/texmf/fonts/enc/dvips/lm/lm-ec.enc}{/usr/share/texmf/fonts/en
c/dvips/lm/lm-mathsy.enc}{/usr/share/texmf/fonts/enc/dvips/lm/lm-mathit.enc}{/u
sr/share/texmf/fonts/enc/dvips/lm/lm-mathex.enc}</usr/share/texmf/fonts/type1/p
ublic/lm/lmbx10.pfb></usr/share/texmf/fonts/type1/public/lm/lmbx12.pfb></usr/sh
are/texmf/fonts/type1/public/lm/lmex10.pfb></usr/share/texmf/fonts/type1/public
/lm/lmmi10.pfb></usr/share/texmf/fonts/type1/public/lm/lmmi6.pfb></usr/share/te
xmf/fonts/type1/public/lm/lmmi7.pfb></usr/share/texmf/fonts/type1/public/lm/lmm
i8.pfb></usr/share/texmf/fonts/type1/public/lm/lmr10.pfb></usr/share/texmf/font
s/type1/public/lm/lmr12.pfb></usr/share/texmf/fonts/type1/public/lm/lmr17.pfb><
/usr/share/texmf/fonts/type1/public/lm/lmr6.pfb></usr/share/texmf/fonts/type1/p
ublic/lm/lmr7.pfb></usr/share/texmf/fonts/type1/public/lm/lmr8.pfb></usr/share/
texmf/fonts/type1/public/lm/lmri10.pfb></usr/share/texmf/fonts/type1/public/lm/
lmsy10.pfb></usr/share/texmf/fonts/type1/public/lm/lmsy6.pfb></usr/share/texmf/
fonts/type1/public/lm/lmsy8.pfb></usr/share/texmf/fonts/type1/public/lm/lmtt10.
pfb></usr/share/texlive/texmf-dist/fonts/type1/public/amsfonts/symbols/msbm10.p
fb>
Output written on main.pdf (14 pages, 367848 bytes).
Transcript written on main.log.
Latexmk: Found input bbl file 'main.bbl'
Latexmk: Log file says output to 'main.pdf'
Latexmk: Examining 'main.log'
=== TeX engine is 'pdfTeX'
Latexmk: Found bibliography file(s) [references.bib]
Latexmk: All targets (main.pdf) are up-to-date
