{
  "assertion_counts": {
    "activation_threshold": 4265682,
    "all_equality_targets": 379904,
    "all_time_window": 4265682,
    "component_core": 380061,
    "control_cca_separator": 1,
    "control_first_conflict_not_increment": 1,
    "control_increment_next_step": 1,
    "control_nonbinary_product_fibre": 1,
    "control_seed_mask_not_clock": 1,
    "control_total_cover_only_not_decoder": 1,
    "control_weight_orientation": 1,
    "edge_decoder_injective": 404006,
    "exact_entrance": 380061,
    "exact_period": 380061,
    "fibre_mass": 1252,
    "first_conflict": 380061,
    "four_vertex_boundary": 1,
    "global_fibre_attained": 16,
    "global_fibre_bound": 380061,
    "global_height_attained": 16,
    "height_upper": 380061,
    "larger_star_fibres": 12,
    "negative_omit_cover": 1,
    "negative_omit_internal_neighbour": 1,
    "negative_omit_predecessor_closure": 1,
    "p4_independent_set_bound": 1,
    "scc_complete": 1252,
    "sharp_path_distances": 351,
    "sharp_path_literal_activation": 42822,
    "static_cover_bound": 1100,
    "static_equality_graph": 1096,
    "whole_source_set": 380061
  },
  "complete_dynamic_boxes": [
    {
      "cycles": 1,
      "edge_candidates": 1,
      "eventual_period_histogram": {
        "1": 1
      },
      "fibre_histogram": {
        "1": 1
      },
      "full_state_record_sha256": "3c1ba5132dbe68b1a8e343c9ab0614d25ad08924e29c34ad926f2d3f05937a46",
      "graphs": 1,
      "height_histogram": {
        "0": 1
      },
      "n": 0,
      "q": 3,
      "states_and_targets": 1
    },
    {
      "cycles": 1,
      "edge_candidates": 1,
      "eventual_period_histogram": {
        "1": 1
      },
      "fibre_histogram": {
        "1": 1
      },
      "full_state_record_sha256": "3c1ba5132dbe68b1a8e343c9ab0614d25ad08924e29c34ad926f2d3f05937a46",
      "graphs": 1,
      "height_histogram": {
        "0": 1
      },
      "n": 0,
      "q": 5,
      "states_and_targets": 1
    },
    {
      "cycles": 1,
      "edge_candidates": 1,
      "eventual_period_histogram": {
        "1": 1
      },
      "fibre_histogram": {
        "1": 1
      },
      "full_state_record_sha256": "3c1ba5132dbe68b1a8e343c9ab0614d25ad08924e29c34ad926f2d3f05937a46",
      "graphs": 1,
      "height_histogram": {
        "0": 1
      },
      "n": 0,
      "q": 6,
      "states_and_targets": 1
    },
    {
      "cycles": 3,
      "edge_candidates": 3,
      "eventual_period_histogram": {
        "1": 3
      },
      "fibre_histogram": {
        "1": 3
      },
      "full_state_record_sha256": "46889df3c488d01e10aa7a5d89df1b81bd2b9909266c7ca0515aa4311e0f3079",
      "graphs": 1,
      "height_histogram": {
        "0": 3
      },
      "n": 1,
      "q": 3,
      "states_and_targets": 3
    },
    {
      "cycles": 5,
      "edge_candidates": 5,
      "eventual_period_histogram": {
        "1": 5
      },
      "fibre_histogram": {
        "1": 5
      },
      "full_state_record_sha256": "5739958f6adf46792eb0446cdc20d9af44aef9754881020b3cbd52e0b27a589d",
      "graphs": 1,
      "height_histogram": {
        "0": 5
      },
      "n": 1,
      "q": 5,
      "states_and_targets": 5
    },
    {
      "cycles": 6,
      "edge_candidates": 6,
      "eventual_period_histogram": {
        "1": 6
      },
      "fibre_histogram": {
        "1": 6
      },
      "full_state_record_sha256": "2684d50b18bc71be5b6e40a210978593c128a121481bef1f5f6ad0ba2aa694b4",
      "graphs": 1,
      "height_histogram": {
        "0": 6
      },
      "n": 1,
      "q": 6,
      "states_and_targets": 6
    },
    {
      "cycles": 16,
      "edge_candidates": 21,
      "eventual_period_histogram": {
        "1": 15,
        "3": 3
      },
      "fibre_histogram": {
        "1": 18
      },
      "full_state_record_sha256": "748acb1ec26cce19b33a049fb8b1f455070b92a3496d4b3602a36cf15060b1e3",
      "graphs": 2,
      "height_histogram": {
        "0": 18
      },
      "n": 2,
      "q": 3,
      "states_and_targets": 18
    },
    {
      "cycles": 46,
      "edge_candidates": 55,
      "eventual_period_histogram": {
        "1": 45,
        "5": 5
      },
      "fibre_histogram": {
        "1": 50
      },
      "full_state_record_sha256": "70951dfab5a225992d1b7a7d99df64db42df0af78735aab0164f98eb8f63aef7",
      "graphs": 2,
      "height_histogram": {
        "0": 50
      },
      "n": 2,
      "q": 5,
      "states_and_targets": 50
    },
    {
      "cycles": 67,
      "edge_candidates": 78,
      "eventual_period_histogram": {
        "1": 66,
        "6": 6
      },
      "fibre_histogram": {
        "1": 72
      },
      "full_state_record_sha256": "ef6b74d4f91ffe1ed145b7159e52952d1a6b653d06c02dc966638b94b9bfb730",
      "graphs": 2,
      "height_histogram": {
        "0": 72
      },
      "n": 2,
      "q": 6,
      "states_and_targets": 72
    },
    {
      "cycles": 136,
      "edge_candidates": 345,
      "eventual_period_histogram": {
        "1": 123,
        "3": 93
      },
      "fibre_histogram": {
        "0": 27,
        "1": 177,
        "3": 9,
        "4": 3
      },
      "full_state_record_sha256": "160e03b9b626ccd6db923d6bf83a85f36e4bfe968bd90c7ba6eb921195246b25",
      "graphs": 8,
      "height_histogram": {
        "0": 162,
        "1": 27,
        "2": 27
      },
      "n": 3,
      "q": 3,
      "states_and_targets": 216
    },
    {
      "cycles": 744,
      "edge_candidates": 1335,
      "eventual_period_histogram": {
        "1": 725,
        "5": 275
      },
      "fibre_histogram": {
        "0": 45,
        "1": 935,
        "3": 15,
        "4": 5
      },
      "full_state_record_sha256": "76fcb7870be00d9bb117a779b77fa27aab1461bb205fcfbaf29c2a6dfa68cd50",
      "graphs": 8,
      "height_histogram": {
        "0": 820,
        "1": 45,
        "2": 45,
        "3": 45,
        "4": 45
      },
      "n": 3,
      "q": 5,
      "states_and_targets": 1000
    },
    {
      "cycles": 1348,
      "edge_candidates": 2202,
      "eventual_period_histogram": {
        "1": 1326,
        "6": 402
      },
      "fibre_histogram": {
        "0": 54,
        "1": 1650,
        "3": 18,
        "4": 6
      },
      "full_state_record_sha256": "9e498371d0c2f259b99be66a2365a26a17cac4726b703d3c1394d1fdd4cc892a",
      "graphs": 8,
      "height_histogram": {
        "0": 1458,
        "1": 54,
        "2": 54,
        "3": 54,
        "4": 54,
        "5": 54
      },
      "n": 3,
      "q": 6,
      "states_and_targets": 1728
    },
    {
      "cycles": 1910,
      "edge_candidates": 13419,
      "eventual_period_histogram": {
        "1": 1635,
        "3": 3549
      },
      "fibre_histogram": {
        "0": 1578,
        "1": 3012,
        "3": 360,
        "4": 156,
        "5": 12,
        "6": 54,
        "7": 12
      },
      "full_state_record_sha256": "77352d3cbe9255429f90da187494d14091018c37e149e2dafe7b49bea3efc1c3",
      "graphs": 64,
      "height_histogram": {
        "0": 2460,
        "1": 822,
        "2": 1578,
        "3": 216,
        "4": 108
      },
      "n": 4,
      "q": 3,
      "states_and_targets": 5184
    },
    {
      "cycles": 21388,
      "edge_candidates": 71805,
      "eventual_period_histogram": {
        "1": 20805,
        "5": 19195
      },
      "fibre_histogram": {
        "0": 5510,
        "1": 32220,
        "3": 1560,
        "4": 580,
        "5": 20,
        "6": 90,
        "7": 20
      },
      "full_state_record_sha256": "56714d5c7721998f28b5cb600ffe04d84ac614bde90a13e652ce5dfd366aa5b5",
      "graphs": 64,
      "height_histogram": {
        "0": 23720,
        "1": 1730,
        "2": 2990,
        "3": 4250,
        "4": 5510,
        "5": 720,
        "6": 540,
        "7": 360,
        "8": 180
      },
      "n": 4,
      "q": 5,
      "states_and_targets": 40000
    },
    {
      "cycles": 49259,
      "edge_candidates": 135414,
      "eventual_period_histogram": {
        "1": 48486,
        "6": 34458
      },
      "fibre_histogram": {
        "0": 8340,
        "1": 71112,
        "3": 2448,
        "4": 888,
        "5": 24,
        "6": 108,
        "7": 24
      },
      "full_state_record_sha256": "d43820b502078024366bf5744235b3afec835b435f0dd5ec2d9bbe295c17af97",
      "graphs": 64,
      "height_histogram": {
        "0": 53124,
        "1": 2292,
        "2": 3804,
        "3": 5316,
        "4": 6828,
        "5": 8340,
        "6": 1080,
        "7": 864,
        "8": 648,
        "9": 432,
        "10": 216
      },
      "n": 4,
      "q": 6,
      "states_and_targets": 82944
    },
    {
      "cycles": 44816,
      "edge_candidates": 1252827,
      "eventual_period_histogram": {
        "1": 35043,
        "3": 213789
      },
      "fibre_histogram": {
        "0": 120135,
        "1": 87483,
        "2": 3870,
        "3": 18900,
        "4": 9240,
        "5": 1260,
        "6": 4899,
        "7": 1290,
        "8": 1185,
        "9": 210,
        "10": 255,
        "12": 90,
        "15": 15
      },
      "full_state_record_sha256": "da4c943f6f2c7c60e93229b4618ae2820a9906fadae8d04b06ff133d98419d74",
      "graphs": 1024,
      "height_histogram": {
        "0": 64362,
        "1": 49035,
        "2": 97995,
        "3": 23340,
        "4": 11940,
        "5": 1620,
        "6": 540
      },
      "n": 5,
      "q": 3,
      "states_and_targets": 248832
    }
  ],
  "methods": [
    "Boolean total-weight walk layers",
    "Kosaraju SCC and reverse BFS",
    "old conflict EDGE subset source reconstruction"
  ],
  "negative_and_adapter_controls": {
    "cca_constant_edge": {
      "CCA": [
        0,
        0
      ],
      "CCI": [
        1,
        1
      ],
      "source": [
        0,
        0
      ]
    },
    "omitted_condition_counterexamples": [
      {
        "actual_image": [
          1,
          1
        ],
        "edges": [
          [
            0,
            1
          ]
        ],
        "false_source": [
          0,
          0
        ],
        "omission": "omit_cover",
        "selected": [],
        "target": [
          0,
          0
        ]
      },
      {
        "actual_image": [
          2,
          0
        ],
        "edges": [
          [
            0,
            1
          ]
        ],
        "false_source": [
          2,
          0
        ],
        "omission": "omit_internal_neighbour",
        "selected": [
          0
        ],
        "target": [
          0,
          0
        ]
      },
      {
        "actual_image": [
          1,
          1,
          1
        ],
        "edges": [
          [
            0,
            1
          ],
          [
            1,
            2
          ]
        ],
        "false_source": [
          0,
          0,
          0
        ],
        "omission": "omit_predecessor_closure",
        "selected": [
          1,
          2
        ],
        "target": [
          0,
          1,
          1
        ]
      }
    ],
    "same_H_fibre_sizes": [
      0,
      1
    ],
    "same_H_targets": [
      [
        0,
        1,
        1
      ],
      [
        0,
        2,
        2
      ]
    ],
    "same_seed_different_distances": [
      [
        0,
        0,
        1
      ],
      [
        0,
        0,
        2
      ]
    ]
  },
  "review": "P205 manuscript B / frozen_round1",
  "scope": "All listed labelled graphs, all their states and target SOURCE SETS; no all-size inference from cutoffs.",
  "sharp_witness_families": {
    "constant_star_fibres": [
      [
        3,
        3
      ],
      [
        4,
        7
      ],
      [
        5,
        15
      ],
      [
        6,
        31
      ],
      [
        7,
        63
      ],
      [
        8,
        127
      ],
      [
        9,
        255
      ],
      [
        10,
        511
      ],
      [
        11,
        1023
      ],
      [
        12,
        2047
      ],
      [
        13,
        4095
      ],
      [
        14,
        8191
      ]
    ],
    "largest_checked_entrance": 380,
    "path_cases": 351,
    "path_n": [
      2,
      40
    ],
    "path_q": [
      3,
      11
    ],
    "path_record_sha256": "cee8192a5984093f45dc0efa3cc1880c36fd7c35a9054cefd440cc74a279277f"
  },
  "static_audit": {
    "all_labelled_graphs": [
      {
        "count_histogram": {
          "1": 1
        },
        "edge_candidates": 1,
        "graph_count_record_sha256": "4ea437cacd9ae36c26f66a0e6cb928dc583b669a1f1e01ba67a3c45c9929e875",
        "graphs": 1,
        "n": 0
      },
      {
        "count_histogram": {
          "1": 1
        },
        "edge_candidates": 1,
        "graph_count_record_sha256": "4ea437cacd9ae36c26f66a0e6cb928dc583b669a1f1e01ba67a3c45c9929e875",
        "graphs": 1,
        "n": 1
      },
      {
        "count_histogram": {
          "1": 2
        },
        "edge_candidates": 3,
        "graph_count_record_sha256": "398139d9b5940389956a03195e7f0a721670eea30a90682c84247179108f0c32",
        "graphs": 2,
        "n": 2
      },
      {
        "count_histogram": {
          "1": 4,
          "3": 3,
          "4": 1
        },
        "edge_candidates": 27,
        "graph_count_record_sha256": "ddbffa0a07b5de7d768266b7ce14affd45c292590568b29df19fc4968f8ea65c",
        "graphs": 8,
        "n": 3
      },
      {
        "count_histogram": {
          "1": 10,
          "3": 12,
          "4": 16,
          "5": 4,
          "6": 18,
          "7": 4
        },
        "edge_candidates": 729,
        "graph_count_record_sha256": "bd3b69ac16c7caacf74874a44463fecfb00531cddb00dee8970ad395d735d5a3",
        "graphs": 64,
        "n": 4
      },
      {
        "count_histogram": {
          "1": 26,
          "3": 60,
          "4": 80,
          "5": 80,
          "6": 103,
          "7": 90,
          "8": 395,
          "9": 70,
          "10": 85,
          "12": 30,
          "15": 5
        },
        "edge_candidates": 59049,
        "graph_count_record_sha256": "09c6ea4511f7236a32358775c1fe7979c706571170c38a8524c41a40b1ebe806",
        "graphs": 1024,
        "n": 5
      }
    ],
    "connected_four_boundary": {
      "complete": 5,
      "cycle": 5,
      "diamond": 6,
      "path": 4,
      "paw": 6,
      "star": 7
    },
    "p4_independent_sets_containing_vertex": [
      3,
      2,
      2,
      3
    ]
  },
  "status": "PASS_FINITE_CHECKS_NOT_ALL_PARAMETER_PROOF",
  "total_assertions": 12023630
}
