docs/papers204_208_sequence/scouting/algebra_fourth/OTHER_MAP_ADAPTERS.md:11:cyclically ordered sites. Car i starts at preference a_i and parks at the
docs/papers204_208_sequence/scouting/algebra_fourth/OTHER_MAP_ADAPTERS.md:34:parking locations. It is feasible exactly when, for every i, all d_i cyclic
docs/papers204_208_sequence/scouting/algebra_fourth/OTHER_MAP_ADAPTERS.md:110:## MG: discrete cyclic midpoints and conservative half-sharing
docs/papers204_208_sequence/scouting/algebra_fourth/OTHER_MAP_ADAPTERS.md:113:is fixed. For a nonempty S, write its points in positive cyclic order and
docs/papers204_208_sequence/scouting/algebra_fourth/OTHER_MAP_ADAPTERS.md:124:Using a cyclicly tagged ancestral first point makes (MG.1) exact without
docs/papers204_208_sequence/scouting/algebra_fourth/OTHER_MAP_ADAPTERS.md:127:half-sharing on positive cyclic gaps plus an anchor cocycle. The empty and
docs/papers204_208_sequence/scouting/finite_systems_nineteenth/INTAKE.md:88:1. **FRC**: let $c_f$ cyclically rotate each increasingly ordered fibre of
docs/papers204_208_sequence/scouting/finite_systems_nineteenth/INTAKE.md:93:2. **Cycle reversal with trees retained**: on all endofunctions, invert the
docs/papers162_166_sequence/scouting/degree_feedback_jump/SCOUT.md:41:3. every cyclic vertex of `T(f)` was already cyclic for `f`;
docs/papers162_166_sequence/scouting/degree_feedback_jump/SCOUT.md:82:- every depth-one vertex has a number of leaf children divisible by `ell`;
docs/papers162_166_sequence/scouting/degree_feedback_jump/SCOUT.md:83:- all depth-two vertices are leaves.
docs/papers162_166_sequence/scouting/degree_feedback_jump/SCOUT.md:137:have the same rank, sorted indegrees, cycle lengths, vertex-depth multiset,
docs/papers162_166_sequence/scouting/degree_feedback_jump/SCOUT.md:155:the full multiplicative-order spectrum.  The complete depth, image, fibre,
docs/papers162_166_sequence/scouting/degree_feedback_jump/SCOUT.md:156:rank-transition, component-splitting, and cyclic-support-loss histograms are
docs/papers162_166_sequence/scouting/degree_feedback_jump/SCOUT.md:165:- checks image, weak-component, and cyclic-support monotonicity for every
docs/papers132_136_sequence/replacement_scout/inversion_rank/SCOUT.md:172:| S05 | number of distinct prior values strictly lower | `(999,877,3,1)`; Bell fixed set | KILL — support compression; no clean depth/image theorem |
docs/papers132_136_sequence/replacement_scout/inversion_rank/SCOUT.md:177:| S10 | root of `i` in the parent map `i -> e_i` | `(877,877,1,1)`; Bell idempotent image | KILL — ordinary rooted-forest component closure |
docs/papers132_136_sequence/replacement_scout/inversion_rank/SCOUT.md:178:| S11 | depth of `i` in that parent map | `(877,0,9,8)`; cycles appear early | KILL — generic depth re-encoding, no stable theorem package |
docs/papers132_136_sequence/replacement_scout/inversion_rank/SCOUT.md:179:| S12 | grandparent jump `e_i -> e_(e_i)` | `(1487,877,3,1)`; Bell fixed set | KILL — standard pointer jumping / path compression |
docs/papers132_136_sequence/replacement_scout/inversion_rank/SCOUT.md:180:| S13 | number of earlier vertices in the same root component | `(232,0,3,2)` | KILL — S10 followed by S04-type occurrence counting |
docs/papers132_136_sequence/replacement_scout/inversion_rank/SCOUT.md:241:- **P122:** record-block reversal already owns a sharp-depth/image/fibre package.
docs/papers204_208_sequence/scouting/finite_systems_fortieth/PROOF_PACKAGE.md:35:Every changed edge points to a proper old ancestor. Thus parent orbits in
docs/papers204_208_sequence/scouting/finite_systems_fortieth/PROOF_PACKAGE.md:36:the new graph strictly decrease old depth until reaching the root. This
docs/papers204_208_sequence/scouting/finite_systems_fortieth/PROOF_PACKAGE.md:100:ancestor chain, as required at time $t+1$. This proves (4) by induction.
docs/papers204_208_sequence/scouting/finite_systems_fortieth/PROOF_PACKAGE.md:103:moving along the original ancestor paths do not supply a second temporal
docs/papers204_208_sequence/scouting/finite_systems_fortieth/PROOF_PACKAGE.md:148:The set $S$ is ancestor-closed in $Y$ apart from the root, because it
docs/papers204_208_sequence/scouting/finite_systems_fortieth/PROOF_PACKAGE.md:181:Let $\mathcal H_N$ be the rooted labelled trees of height at most two on
docs/papers204_208_sequence/scouting/finite_systems_fortieth/PROOF_PACKAGE.md:183:the star. Choosing its $k$ depth-one labels and then the parent of every
docs/papers204_208_sequence/scouting/finite_systems_fortieth/PROOF_PACKAGE.md:192:height-two parent unchanged. This is an explicit classical count adapter,
docs/papers204_208_sequence/scouting/finite_systems_fortieth/PROOF_PACKAGE.md:217:If $Y\ne S_N$, it has a nonroot leaf $v$ of depth at least two. The
docs/papers204_208_sequence/scouting/finite_systems_fortieth/PROOF_PACKAGE.md:221:contradicting its depth in $Y$. Therefore the injection misses at least
docs/papers204_208_sequence/scouting/finite_systems_fortieth/PROOF_PACKAGE.md:239:vertices $u,v$ are incomparable in the ancestor order, their descendant
docs/papers204_208_sequence/scouting/finite_systems_fortieth/PROOF_PACKAGE.md:240:sets are disjoint. Otherwise assume $u$ is a strict ancestor of $v$.
docs/papers204_208_sequence/scouting/finite_systems_fortieth/PROOF_PACKAGE.md:245:strict ancestor $u$. Taking intersections retains this containment. This
papers/148-even-level-plane-tree-contraction/main.tex:40:steps, precisely the original depths divisible by $2^k$ survive.  Hence a
papers/148-even-level-plane-tree-contraction/main.tex:72:Geometrically, the root and every even-depth vertex are retained.  Each
papers/148-even-level-plane-tree-contraction/main.tex:73:odd-depth child is deleted, its child block is promoted, and the blocks are
papers/148-even-level-plane-tree-contraction/main.tex:97:Indeed, the quotient vertices are indexed by the original even-depth
papers/148-even-level-plane-tree-contraction/main.tex:111:\section{Divisible-depth skeletons and the sharp clock}
papers/148-even-level-plane-tree-contraction/main.tex:113:Write $h(T)$ for the maximum root depth and let $\tau(T)$ be the least
papers/148-even-level-plane-tree-contraction/main.tex:118:exactly the original vertices whose depths are divisible by $2^k$.  Each is
papers/148-even-level-plane-tree-contraction/main.tex:119:joined to its nearest retained ancestor, and the plane order is induced by
papers/148-even-level-plane-tree-contraction/main.tex:134:Assume that at rank $k$ an original vertex of depth $d$ survives precisely
papers/148-even-level-plane-tree-contraction/main.tex:135:when $2^k\mid d$, in which case its current depth is $d/2^k$.  The next
papers/148-even-level-plane-tree-contraction/main.tex:136:contraction retains it precisely when this current depth is even, or
papers/148-even-level-plane-tree-contraction/main.tex:138:level joins nearest retained ancestors.  Since concatenation of ordered
papers/148-even-level-plane-tree-contraction/main.tex:142:A deepest root path contains a vertex at every depth from $0$ through $h(T)$.
papers/148-even-level-plane-tree-contraction/main.tex:146:\eqref{eq:height-clock}.  Every nonsingleton loses at least one depth-one
papers/148-even-level-plane-tree-contraction/main.tex:239:depth divisibility, whereas the second reconstructs ordered child lists; the
papers/148-even-level-plane-tree-contraction/main.tex:288:iterate with the predicted divisible-depth skeleton, and checks the clock.
papers/209-ordered-fibre-threading/sections/01_setup.tex:29:one-step predecessor directly from the target and proves that the cyclic
papers/209-ordered-fibre-threading/sections/01_setup.tex:52:also rewires ordered siblings, but takes a rooted tree with depth-parity
