/root/miniconda3/lib/python3.12/lib-dynload/_asyncio.cpython-312-x86_64-linux-gnu.so:
	linux-vdso.so.1 (0x00007ffeeef34000)
	libc.so.6 => /usr/lib/x86_64-linux-gnu/libc.so.6 (0x00007fb068ef8000)
	/lib64/ld-linux-x86-64.so.2 (0x00007fb069147000)
/root/miniconda3/lib/python3.12/lib-dynload/_bisect.cpython-312-x86_64-linux-gnu.so:
	linux-vdso.so.1 (0x00007fff7cfe1000)
	libc.so.6 => /usr/lib/x86_64-linux-gnu/libc.so.6 (0x00007fc92f48c000)
	/lib64/ld-linux-x86-64.so.2 (0x00007fc92f6d0000)
/root/miniconda3/lib/python3.12/lib-dynload/_blake2.cpython-312-x86_64-linux-gnu.so:
	linux-vdso.so.1 (0x00007ffe566dc000)
	libc.so.6 => /usr/lib/x86_64-linux-gnu/libc.so.6 (0x00007f8695400000)
	/lib64/ld-linux-x86-64.so.2 (0x00007f869564a000)
/root/miniconda3/lib/python3.12/lib-dynload/_bz2.cpython-312-x86_64-linux-gnu.so:
	linux-vdso.so.1 (0x00007ffec53fe000)
	libbz2.so.1.0 => /root/miniconda3/lib/python3.12/lib-dynload/../../libbz2.so.1.0 (0x00007f85847ca000)
	libc.so.6 => /usr/lib/x86_64-linux-gnu/libc.so.6 (0x00007f8584590000)
	/lib64/ld-linux-x86-64.so.2 (0x00007f85847e8000)
/root/miniconda3/lib/python3.12/lib-dynload/_codecs_cn.cpython-312-x86_64-linux-gnu.so:
	linux-vdso.so.1 (0x00007ffea9ceb000)
	libc.so.6 => /usr/lib/x86_64-linux-gnu/libc.so.6 (0x00007f3636514000)
	/lib64/ld-linux-x86-64.so.2 (0x00007f3636778000)
/root/miniconda3/lib/python3.12/lib-dynload/_codecs_hk.cpython-312-x86_64-linux-gnu.so:
	linux-vdso.so.1 (0x00007ffeb8499000)
	libc.so.6 => /usr/lib/x86_64-linux-gnu/libc.so.6 (0x00007fac9d887000)
	/lib64/ld-linux-x86-64.so.2 (0x00007fac9daec000)
/root/miniconda3/lib/python3.12/lib-dynload/_codecs_iso2022.cpython-312-x86_64-linux-gnu.so:
	linux-vdso.so.1 (0x00007ffd8edf0000)
	libc.so.6 => /usr/lib/x86_64-linux-gnu/libc.so.6 (0x00007f5bde8de000)
	/lib64/ld-linux-x86-64.so.2 (0x00007f5bdeb23000)
/root/miniconda3/lib/python3.12/lib-dynload/_codecs_jp.cpython-312-x86_64-linux-gnu.so:
	linux-vdso.so.1 (0x00007ffe7dde7000)
	libc.so.6 => /usr/lib/x86_64-linux-gnu/libc.so.6 (0x00007f1298299000)
	/lib64/ld-linux-x86-64.so.2 (0x00007f1298519000)
/root/miniconda3/lib/python3.12/lib-dynload/_codecs_kr.cpython-312-x86_64-linux-gnu.so:
	linux-vdso.so.1 (0x00007ffc03383000)
	libc.so.6 => /usr/lib/x86_64-linux-gnu/libc.so.6 (0x00007fb05a541000)
	/lib64/ld-linux-x86-64.so.2 (0x00007fb05a7a1000)
/root/miniconda3/lib/python3.12/lib-dynload/_codecs_tw.cpython-312-x86_64-linux-gnu.so:
	linux-vdso.so.1 (0x00007fffd096b000)
	libc.so.6 => /usr/lib/x86_64-linux-gnu/libc.so.6 (0x00007fdf3d755000)
	/lib64/ld-linux-x86-64.so.2 (0x00007fdf3d9af000)
/root/miniconda3/lib/python3.12/lib-dynload/_contextvars.cpython-312-x86_64-linux-gnu.so:
	statically linked
/root/miniconda3/lib/python3.12/lib-dynload/_crypt.cpython-312-x86_64-linux-gnu.so:
	linux-vdso.so.1 (0x00007ffe5abed000)
	libcrypt.so.1 => /usr/lib/x86_64-linux-gnu/libcrypt.so.1 (0x00007f9801e5e000)
	libpthread.so.0 => /usr/lib/x86_64-linux-gnu/libpthread.so.0 (0x00007f9801e59000)
	libc.so.6 => /usr/lib/x86_64-linux-gnu/libc.so.6 (0x00007f9801c30000)
	/lib64/ld-linux-x86-64.so.2 (0x00007f9801eb0000)
/root/miniconda3/lib/python3.12/lib-dynload/_csv.cpython-312-x86_64-linux-gnu.so:
	linux-vdso.so.1 (0x00007fff74ead000)
	libc.so.6 => /usr/lib/x86_64-linux-gnu/libc.so.6 (0x00007f00b3d1b000)
	/lib64/ld-linux-x86-64.so.2 (0x00007f00b3f64000)
/root/miniconda3/lib/python3.12/lib-dynload/_ctypes.cpython-312-x86_64-linux-gnu.so:
	linux-vdso.so.1 (0x00007fffe47c4000)
	libffi.so.8 => /root/miniconda3/lib/python3.12/lib-dynload/../../libffi.so.8 (0x00007f6a7f48d000)
	libdl.so.2 => /usr/lib/x86_64-linux-gnu/libdl.so.2 (0x00007f6a7f477000)
	libpthread.so.0 => /usr/lib/x86_64-linux-gnu/libpthread.so.0 (0x00007f6a7f472000)
	libc.so.6 => /usr/lib/x86_64-linux-gnu/libc.so.6 (0x00007f6a7f249000)
	/lib64/ld-linux-x86-64.so.2 (0x00007f6a7f4c1000)
/root/miniconda3/lib/python3.12/lib-dynload/_ctypes_test.cpython-312-x86_64-linux-gnu.so:
	linux-vdso.so.1 (0x00007ffcdbbf7000)
	libm.so.6 => /usr/lib/x86_64-linux-gnu/libm.so.6 (0x00007f398bd92000)
	libpthread.so.0 => /usr/lib/x86_64-linux-gnu/libpthread.so.0 (0x00007f398bd8d000)
	libc.so.6 => /usr/lib/x86_64-linux-gnu/libc.so.6 (0x00007f398bb64000)
	/lib64/ld-linux-x86-64.so.2 (0x00007f398be95000)
/root/miniconda3/lib/python3.12/lib-dynload/_curses.cpython-312-x86_64-linux-gnu.so:
	linux-vdso.so.1 (0x00007ffc55373000)
	libncursesw.so.6 => /root/miniconda3/lib/python3.12/lib-dynload/../../libncursesw.so.6 (0x00007f345e93f000)
	libtinfow.so.6 => /root/miniconda3/lib/python3.12/lib-dynload/../../libtinfow.so.6 (0x00007f345e8fa000)
	libpthread.so.0 => /usr/lib/x86_64-linux-gnu/libpthread.so.0 (0x00007f345e8e4000)
	libc.so.6 => /usr/lib/x86_64-linux-gnu/libc.so.6 (0x00007f345e6bb000)
	/lib64/ld-linux-x86-64.so.2 (0x00007f345e9a0000)
/root/miniconda3/lib/python3.12/lib-dynload/_curses_panel.cpython-312-x86_64-linux-gnu.so:
	linux-vdso.so.1 (0x00007ffff212f000)
	libpanelw.so.6 => /root/miniconda3/lib/python3.12/lib-dynload/../../libpanelw.so.6 (0x00007f549f787000)
	libc.so.6 => /usr/lib/x86_64-linux-gnu/libc.so.6 (0x00007f549f54d000)
	libncursesw.so.6 => /root/miniconda3/lib/python3.12/lib-dynload/../.././libncursesw.so.6 (0x00007f549f511000)
	libtinfow.so.6 => /root/miniconda3/lib/python3.12/lib-dynload/../.././libtinfow.so.6 (0x00007f549f4cc000)
	/lib64/ld-linux-x86-64.so.2 (0x00007f549f798000)
/root/miniconda3/lib/python3.12/lib-dynload/_datetime.cpython-312-x86_64-linux-gnu.so:
	linux-vdso.so.1 (0x00007ffcd4b15000)
	libm.so.6 => /usr/lib/x86_64-linux-gnu/libm.so.6 (0x00007f0ba2367000)
	libpthread.so.0 => /usr/lib/x86_64-linux-gnu/libpthread.so.0 (0x00007f0ba2362000)
	libc.so.6 => /usr/lib/x86_64-linux-gnu/libc.so.6 (0x00007f0ba2139000)
	/lib64/ld-linux-x86-64.so.2 (0x00007f0ba2481000)
/root/miniconda3/lib/python3.12/lib-dynload/_decimal.cpython-312-x86_64-linux-gnu.so:
	linux-vdso.so.1 (0x00007fff5a7a8000)
	libm.so.6 => /usr/lib/x86_64-linux-gnu/libm.so.6 (0x00007f70d9379000)
	libpthread.so.0 => /usr/lib/x86_64-linux-gnu/libpthread.so.0 (0x00007f70d9374000)
	libc.so.6 => /usr/lib/x86_64-linux-gnu/libc.so.6 (0x00007f70d914b000)
	/lib64/ld-linux-x86-64.so.2 (0x00007f70d94c5000)
/root/miniconda3/lib/python3.12/lib-dynload/_elementtree.cpython-312-x86_64-linux-gnu.so:
	linux-vdso.so.1 (0x00007fff55fad000)
	libc.so.6 => /usr/lib/x86_64-linux-gnu/libc.so.6 (0x00007f34932fe000)
	/lib64/ld-linux-x86-64.so.2 (0x00007f349354f000)
/root/miniconda3/lib/python3.12/lib-dynload/_hashlib.cpython-312-x86_64-linux-gnu.so:
	linux-vdso.so.1 (0x00007ffced9e8000)
	libcrypto.so.3 => /root/miniconda3/lib/python3.12/lib-dynload/../../libcrypto.so.3 (0x00007ff66a584000)
	libc.so.6 => /usr/lib/x86_64-linux-gnu/libc.so.6 (0x00007ff66a34a000)
	libdl.so.2 => /usr/lib/x86_64-linux-gnu/libdl.so.2 (0x00007ff66a345000)
	libpthread.so.0 => /usr/lib/x86_64-linux-gnu/libpthread.so.0 (0x00007ff66a340000)
	/lib64/ld-linux-x86-64.so.2 (0x00007ff66aba8000)
/root/miniconda3/lib/python3.12/lib-dynload/_heapq.cpython-312-x86_64-linux-gnu.so:
	statically linked
/root/miniconda3/lib/python3.12/lib-dynload/_json.cpython-312-x86_64-linux-gnu.so:
	linux-vdso.so.1 (0x00007ffd47746000)
	libc.so.6 => /usr/lib/x86_64-linux-gnu/libc.so.6 (0x00007f0ebc6aa000)
	/lib64/ld-linux-x86-64.so.2 (0x00007f0ebc8f3000)
/root/miniconda3/lib/python3.12/lib-dynload/_lsprof.cpython-312-x86_64-linux-gnu.so:
	linux-vdso.so.1 (0x00007ffcb2b31000)
	libc.so.6 => /usr/lib/x86_64-linux-gnu/libc.so.6 (0x00007f5674405000)
	/lib64/ld-linux-x86-64.so.2 (0x00007f567464a000)
/root/miniconda3/lib/python3.12/lib-dynload/_lzma.cpython-312-x86_64-linux-gnu.so:
	linux-vdso.so.1 (0x00007ffeef378000)
	liblzma.so.5 => /root/miniconda3/lib/python3.12/lib-dynload/../../liblzma.so.5 (0x00007f4c41bf3000)
	libc.so.6 => /usr/lib/x86_64-linux-gnu/libc.so.6 (0x00007f4c419b9000)
	libpthread.so.0 => /usr/lib/x86_64-linux-gnu/libpthread.so.0 (0x00007f4c419b4000)
	/lib64/ld-linux-x86-64.so.2 (0x00007f4c41c31000)
/root/miniconda3/lib/python3.12/lib-dynload/_md5.cpython-312-x86_64-linux-gnu.so:
	linux-vdso.so.1 (0x00007ffeb87e9000)
	libc.so.6 => /usr/lib/x86_64-linux-gnu/libc.so.6 (0x00007f1964305000)
	/lib64/ld-linux-x86-64.so.2 (0x00007f1964549000)
/root/miniconda3/lib/python3.12/lib-dynload/_multibytecodec.cpython-312-x86_64-linux-gnu.so:
	linux-vdso.so.1 (0x00007ffeb758a000)
	libc.so.6 => /usr/lib/x86_64-linux-gnu/libc.so.6 (0x00007fa779ca4000)
	/lib64/ld-linux-x86-64.so.2 (0x00007fa779eee000)
/root/miniconda3/lib/python3.12/lib-dynload/_multiprocessing.cpython-312-x86_64-linux-gnu.so:
	linux-vdso.so.1 (0x00007ffcab2ce000)
	libpthread.so.0 => /usr/lib/x86_64-linux-gnu/libpthread.so.0 (0x00007f495ed74000)
	libc.so.6 => /usr/lib/x86_64-linux-gnu/libc.so.6 (0x00007f495eb4b000)
	/lib64/ld-linux-x86-64.so.2 (0x00007f495ed92000)
/root/miniconda3/lib/python3.12/lib-dynload/_opcode.cpython-312-x86_64-linux-gnu.so:
	linux-vdso.so.1 (0x00007ffeb2eba000)
	libc.so.6 => /usr/lib/x86_64-linux-gnu/libc.so.6 (0x00007fbec24f9000)
	/lib64/ld-linux-x86-64.so.2 (0x00007fbec273a000)
/root/miniconda3/lib/python3.12/lib-dynload/_pickle.cpython-312-x86_64-linux-gnu.so:
	linux-vdso.so.1 (0x00007ffdbdd81000)
	libpthread.so.0 => /usr/lib/x86_64-linux-gnu/libpthread.so.0 (0x00007f468eceb000)
	libc.so.6 => /usr/lib/x86_64-linux-gnu/libc.so.6 (0x00007f468eac2000)
	/lib64/ld-linux-x86-64.so.2 (0x00007f468ed25000)
/root/miniconda3/lib/python3.12/lib-dynload/_posixshmem.cpython-312-x86_64-linux-gnu.so:
	linux-vdso.so.1 (0x00007fff147ed000)
	librt.so.1 => /usr/lib/x86_64-linux-gnu/librt.so.1 (0x00007f89f8941000)
	libpthread.so.0 => /usr/lib/x86_64-linux-gnu/libpthread.so.0 (0x00007f89f893c000)
	libc.so.6 => /usr/lib/x86_64-linux-gnu/libc.so.6 (0x00007f89f8713000)
	/lib64/ld-linux-x86-64.so.2 (0x00007f89f895e000)
/root/miniconda3/lib/python3.12/lib-dynload/_posixsubprocess.cpython-312-x86_64-linux-gnu.so:
	linux-vdso.so.1 (0x00007fffe32a2000)
	libpthread.so.0 => /usr/lib/x86_64-linux-gnu/libpthread.so.0 (0x00007fd204600000)
	libc.so.6 => /usr/lib/x86_64-linux-gnu/libc.so.6 (0x00007fd2043d7000)
	/lib64/ld-linux-x86-64.so.2 (0x00007fd204620000)
/root/miniconda3/lib/python3.12/lib-dynload/_queue.cpython-312-x86_64-linux-gnu.so:
	linux-vdso.so.1 (0x00007ffc85ffc000)
	libc.so.6 => /usr/lib/x86_64-linux-gnu/libc.so.6 (0x00007f31ba171000)
	/lib64/ld-linux-x86-64.so.2 (0x00007f31ba3b3000)
/root/miniconda3/lib/python3.12/lib-dynload/_random.cpython-312-x86_64-linux-gnu.so:
	linux-vdso.so.1 (0x00007fffc05da000)
	libc.so.6 => /usr/lib/x86_64-linux-gnu/libc.so.6 (0x00007fc1d5074000)
	/lib64/ld-linux-x86-64.so.2 (0x00007fc1d52b7000)
/root/miniconda3/lib/python3.12/lib-dynload/_sha1.cpython-312-x86_64-linux-gnu.so:
	linux-vdso.so.1 (0x00007ffef038c000)
	libc.so.6 => /usr/lib/x86_64-linux-gnu/libc.so.6 (0x00007f55bec95000)
	/lib64/ld-linux-x86-64.so.2 (0x00007f55beed8000)
/root/miniconda3/lib/python3.12/lib-dynload/_sha2.cpython-312-x86_64-linux-gnu.so:
	linux-vdso.so.1 (0x00007ffde28bf000)
	libc.so.6 => /usr/lib/x86_64-linux-gnu/libc.so.6 (0x00007f100c8b2000)
	/lib64/ld-linux-x86-64.so.2 (0x00007f100cafd000)
/root/miniconda3/lib/python3.12/lib-dynload/_sha3.cpython-312-x86_64-linux-gnu.so:
	linux-vdso.so.1 (0x00007ffe1617f000)
	libc.so.6 => /usr/lib/x86_64-linux-gnu/libc.so.6 (0x00007f4f7195b000)
	/lib64/ld-linux-x86-64.so.2 (0x00007f4f71ba0000)
/root/miniconda3/lib/python3.12/lib-dynload/_socket.cpython-312-x86_64-linux-gnu.so:
	linux-vdso.so.1 (0x00007fffc5fc3000)
	libpthread.so.0 => /usr/lib/x86_64-linux-gnu/libpthread.so.0 (0x00007f8f94395000)
	libc.so.6 => /usr/lib/x86_64-linux-gnu/libc.so.6 (0x00007f8f9416c000)
	/lib64/ld-linux-x86-64.so.2 (0x00007f8f943c7000)
/root/miniconda3/lib/python3.12/lib-dynload/_sqlite3.cpython-312-x86_64-linux-gnu.so:
	linux-vdso.so.1 (0x00007ffd2f1e1000)
	libsqlite3.so.0 => /root/miniconda3/lib/python3.12/lib-dynload/../../libsqlite3.so.0 (0x00007f9b324ce000)
	libc.so.6 => /usr/lib/x86_64-linux-gnu/libc.so.6 (0x00007f9b32294000)
	libpthread.so.0 => /usr/lib/x86_64-linux-gnu/libpthread.so.0 (0x00007f9b3228f000)
	libm.so.6 => /usr/lib/x86_64-linux-gnu/libm.so.6 (0x00007f9b321a8000)
	libdl.so.2 => /usr/lib/x86_64-linux-gnu/libdl.so.2 (0x00007f9b321a3000)
	/lib64/ld-linux-x86-64.so.2 (0x00007f9b32686000)
/root/miniconda3/lib/python3.12/lib-dynload/_ssl.cpython-312-x86_64-linux-gnu.so:
	linux-vdso.so.1 (0x00007fff9b50d000)
	libssl.so.3 => /root/miniconda3/lib/python3.12/lib-dynload/../../libssl.so.3 (0x00007ff073635000)
	libcrypto.so.3 => /root/miniconda3/lib/python3.12/lib-dynload/../../libcrypto.so.3 (0x00007ff073024000)
	libpthread.so.0 => /usr/lib/x86_64-linux-gnu/libpthread.so.0 (0x00007ff07300e000)
	libc.so.6 => /usr/lib/x86_64-linux-gnu/libc.so.6 (0x00007ff072de5000)
	libdl.so.2 => /usr/lib/x86_64-linux-gnu/libdl.so.2 (0x00007ff072de0000)
	/lib64/ld-linux-x86-64.so.2 (0x00007ff073769000)
/root/miniconda3/lib/python3.12/lib-dynload/_statistics.cpython-312-x86_64-linux-gnu.so:
	linux-vdso.so.1 (0x00007fff13df8000)
	libm.so.6 => /usr/lib/x86_64-linux-gnu/libm.so.6 (0x00007fac459e3000)
	libpthread.so.0 => /usr/lib/x86_64-linux-gnu/libpthread.so.0 (0x00007fac459de000)
	libc.so.6 => /usr/lib/x86_64-linux-gnu/libc.so.6 (0x00007fac457b5000)
	/lib64/ld-linux-x86-64.so.2 (0x00007fac45ae2000)
/root/miniconda3/lib/python3.12/lib-dynload/_struct.cpython-312-x86_64-linux-gnu.so:
	linux-vdso.so.1 (0x00007ffeb4e4a000)
	libc.so.6 => /usr/lib/x86_64-linux-gnu/libc.so.6 (0x00007f28f2574000)
	/lib64/ld-linux-x86-64.so.2 (0x00007f28f27bf000)
/root/miniconda3/lib/python3.12/lib-dynload/_testbuffer.cpython-312-x86_64-linux-gnu.so:
	linux-vdso.so.1 (0x00007ffd9fb4b000)
	libc.so.6 => /usr/lib/x86_64-linux-gnu/libc.so.6 (0x00007f3bad4e5000)
	/lib64/ld-linux-x86-64.so.2 (0x00007f3bad731000)
/root/miniconda3/lib/python3.12/lib-dynload/_testcapi.cpython-312-x86_64-linux-gnu.so:
	linux-vdso.so.1 (0x00007fff6f5eb000)
	libpthread.so.0 => /usr/lib/x86_64-linux-gnu/libpthread.so.0 (0x00007fb6a51b4000)
	libc.so.6 => /usr/lib/x86_64-linux-gnu/libc.so.6 (0x00007fb6a4f8b000)
	/lib64/ld-linux-x86-64.so.2 (0x00007fb6a522a000)
/root/miniconda3/lib/python3.12/lib-dynload/_testclinic.cpython-312-x86_64-linux-gnu.so:
	linux-vdso.so.1 (0x00007ffe3d8f2000)
	libc.so.6 => /usr/lib/x86_64-linux-gnu/libc.so.6 (0x00007f4399a43000)
	/lib64/ld-linux-x86-64.so.2 (0x00007f4399c93000)
/root/miniconda3/lib/python3.12/lib-dynload/_testimportmultiple.cpython-312-x86_64-linux-gnu.so:
	statically linked
/root/miniconda3/lib/python3.12/lib-dynload/_testinternalcapi.cpython-312-x86_64-linux-gnu.so:
	linux-vdso.so.1 (0x00007ffcddfcf000)
	libc.so.6 => /usr/lib/x86_64-linux-gnu/libc.so.6 (0x00007f1fd3949000)
	/lib64/ld-linux-x86-64.so.2 (0x00007f1fd3b90000)
/root/miniconda3/lib/python3.12/lib-dynload/_testmultiphase.cpython-312-x86_64-linux-gnu.so:
	linux-vdso.so.1 (0x00007ffd03bfb000)
	libc.so.6 => /usr/lib/x86_64-linux-gnu/libc.so.6 (0x00007f2bc6808000)
	/lib64/ld-linux-x86-64.so.2 (0x00007f2bc6a4d000)
/root/miniconda3/lib/python3.12/lib-dynload/_testsinglephase.cpython-312-x86_64-linux-gnu.so:
	linux-vdso.so.1 (0x00007ffd6e7eb000)
	libc.so.6 => /usr/lib/x86_64-linux-gnu/libc.so.6 (0x00007f9a650eb000)
	/lib64/ld-linux-x86-64.so.2 (0x00007f9a6532d000)
/root/miniconda3/lib/python3.12/lib-dynload/_tkinter.cpython-312-x86_64-linux-gnu.so:
	linux-vdso.so.1 (0x00007fffc25e4000)
	libtk8.6.so => /root/miniconda3/lib/python3.12/lib-dynload/../../libtk8.6.so (0x00007f53b4b69000)
	libtcl8.6.so => /root/miniconda3/lib/python3.12/lib-dynload/../../libtcl8.6.so (0x00007f53b49a6000)
	libc.so.6 => /usr/lib/x86_64-linux-gnu/libc.so.6 (0x00007f53b476c000)
	libX11.so.6 => /usr/lib/x86_64-linux-gnu/libX11.so.6 (0x00007f53b462c000)
	libm.so.6 => /usr/lib/x86_64-linux-gnu/libm.so.6 (0x00007f53b4543000)
	libdl.so.2 => /usr/lib/x86_64-linux-gnu/libdl.so.2 (0x00007f53b453e000)
	libz.so.1 => /root/miniconda3/lib/libz.so.1 (0x00007f53b4523000)
	libpthread.so.0 => /usr/lib/x86_64-linux-gnu/libpthread.so.0 (0x00007f53b451e000)
	/lib64/ld-linux-x86-64.so.2 (0x00007f53b4ce6000)
	libxcb.so.1 => /usr/lib/x86_64-linux-gnu/libxcb.so.1 (0x00007f53b44f4000)
	libXau.so.6 => /usr/lib/x86_64-linux-gnu/libXau.so.6 (0x00007f53b44ec000)
	libXdmcp.so.6 => /usr/lib/x86_64-linux-gnu/libXdmcp.so.6 (0x00007f53b44e4000)
	libbsd.so.0 => /usr/lib/x86_64-linux-gnu/libbsd.so.0 (0x00007f53b44cc000)
	libmd.so.0 => /usr/lib/x86_64-linux-gnu/libmd.so.0 (0x00007f53b44bf000)
/root/miniconda3/lib/python3.12/lib-dynload/_uuid.cpython-312-x86_64-linux-gnu.so:
	linux-vdso.so.1 (0x00007ffeb938e000)
	libuuid.so.1 => /root/miniconda3/lib/python3.12/lib-dynload/../../libuuid.so.1 (0x00007fc1d91f6000)
	libpthread.so.0 => /usr/lib/x86_64-linux-gnu/libpthread.so.0 (0x00007fc1d91e0000)
	libc.so.6 => /usr/lib/x86_64-linux-gnu/libc.so.6 (0x00007fc1d8fb7000)
	/lib64/ld-linux-x86-64.so.2 (0x00007fc1d9206000)
/root/miniconda3/lib/python3.12/lib-dynload/_xxinterpchannels.cpython-312-x86_64-linux-gnu.so:
	linux-vdso.so.1 (0x00007ffc969f1000)
	libc.so.6 => /usr/lib/x86_64-linux-gnu/libc.so.6 (0x00007fc18a237000)
	/lib64/ld-linux-x86-64.so.2 (0x00007fc18a47e000)
/root/miniconda3/lib/python3.12/lib-dynload/_xxsubinterpreters.cpython-312-x86_64-linux-gnu.so:
	linux-vdso.so.1 (0x00007fff568f6000)
	libc.so.6 => /usr/lib/x86_64-linux-gnu/libc.so.6 (0x00007f5d46504000)
	/lib64/ld-linux-x86-64.so.2 (0x00007f5d46747000)
/root/miniconda3/lib/python3.12/lib-dynload/_xxtestfuzz.cpython-312-x86_64-linux-gnu.so:
	linux-vdso.so.1 (0x00007ffdbef93000)
	libc.so.6 => /usr/lib/x86_64-linux-gnu/libc.so.6 (0x00007f680d99b000)
	/lib64/ld-linux-x86-64.so.2 (0x00007f680dbde000)
/root/miniconda3/lib/python3.12/lib-dynload/_zoneinfo.cpython-312-x86_64-linux-gnu.so:
	linux-vdso.so.1 (0x00007ffc63ee8000)
	libc.so.6 => /usr/lib/x86_64-linux-gnu/libc.so.6 (0x00007f301a5c6000)
	/lib64/ld-linux-x86-64.so.2 (0x00007f301a80e000)
/root/miniconda3/lib/python3.12/lib-dynload/array.cpython-312-x86_64-linux-gnu.so:
	linux-vdso.so.1 (0x00007fff3af7a000)
	libc.so.6 => /usr/lib/x86_64-linux-gnu/libc.so.6 (0x00007f6a513ad000)
	/lib64/ld-linux-x86-64.so.2 (0x00007f6a515fb000)
/root/miniconda3/lib/python3.12/lib-dynload/audioop.cpython-312-x86_64-linux-gnu.so:
	linux-vdso.so.1 (0x00007ffe99cbe000)
	libm.so.6 => /usr/lib/x86_64-linux-gnu/libm.so.6 (0x00007f960732e000)
	libpthread.so.0 => /usr/lib/x86_64-linux-gnu/libpthread.so.0 (0x00007f9607329000)
	libc.so.6 => /usr/lib/x86_64-linux-gnu/libc.so.6 (0x00007f9607100000)
	/lib64/ld-linux-x86-64.so.2 (0x00007f960743b000)
/root/miniconda3/lib/python3.12/lib-dynload/binascii.cpython-312-x86_64-linux-gnu.so:
	linux-vdso.so.1 (0x00007ffff57f5000)
	libz.so.1 => /root/miniconda3/lib/python3.12/lib-dynload/../../libz.so.1 (0x00007f67dbead000)
	libpthread.so.0 => /usr/lib/x86_64-linux-gnu/libpthread.so.0 (0x00007f67dbe97000)
	libc.so.6 => /usr/lib/x86_64-linux-gnu/libc.so.6 (0x00007f67dbc6e000)
	/lib64/ld-linux-x86-64.so.2 (0x00007f67dbed4000)
/root/miniconda3/lib/python3.12/lib-dynload/cmath.cpython-312-x86_64-linux-gnu.so:
	linux-vdso.so.1 (0x00007ffe3e788000)
	libm.so.6 => /usr/lib/x86_64-linux-gnu/libm.so.6 (0x00007fb7be1d6000)
	libpthread.so.0 => /usr/lib/x86_64-linux-gnu/libpthread.so.0 (0x00007fb7be1d1000)
	libc.so.6 => /usr/lib/x86_64-linux-gnu/libc.so.6 (0x00007fb7bdfa8000)
	/lib64/ld-linux-x86-64.so.2 (0x00007fb7be2e1000)
/root/miniconda3/lib/python3.12/lib-dynload/fcntl.cpython-312-x86_64-linux-gnu.so:
	linux-vdso.so.1 (0x00007ffc573bb000)
	libpthread.so.0 => /usr/lib/x86_64-linux-gnu/libpthread.so.0 (0x00007f59fc034000)
	libc.so.6 => /usr/lib/x86_64-linux-gnu/libc.so.6 (0x00007f59fbe0b000)
	/lib64/ld-linux-x86-64.so.2 (0x00007f59fc054000)
/root/miniconda3/lib/python3.12/lib-dynload/grp.cpython-312-x86_64-linux-gnu.so:
	linux-vdso.so.1 (0x00007fffb3786000)
	libc.so.6 => /usr/lib/x86_64-linux-gnu/libc.so.6 (0x00007f2450504000)
	/lib64/ld-linux-x86-64.so.2 (0x00007f2450746000)
/root/miniconda3/lib/python3.12/lib-dynload/math.cpython-312-x86_64-linux-gnu.so:
	linux-vdso.so.1 (0x00007ffd19bef000)
	libm.so.6 => /usr/lib/x86_64-linux-gnu/libm.so.6 (0x00007fe6efb63000)
	libpthread.so.0 => /usr/lib/x86_64-linux-gnu/libpthread.so.0 (0x00007fe6efb5e000)
	libc.so.6 => /usr/lib/x86_64-linux-gnu/libc.so.6 (0x00007fe6ef935000)
	/lib64/ld-linux-x86-64.so.2 (0x00007fe6efc72000)
/root/miniconda3/lib/python3.12/lib-dynload/mmap.cpython-312-x86_64-linux-gnu.so:
	linux-vdso.so.1 (0x00007ffc26ed5000)
	libpthread.so.0 => /usr/lib/x86_64-linux-gnu/libpthread.so.0 (0x00007f348d32e000)
	libc.so.6 => /usr/lib/x86_64-linux-gnu/libc.so.6 (0x00007f348d105000)
	/lib64/ld-linux-x86-64.so.2 (0x00007f348d34f000)
/root/miniconda3/lib/python3.12/lib-dynload/nis.cpython-312-x86_64-linux-gnu.so:
	linux-vdso.so.1 (0x00007ffebfd3a000)
	libnsl.so.1 => /usr/lib/x86_64-linux-gnu/libnsl.so.1 (0x00007f4952f78000)
	libpthread.so.0 => /usr/lib/x86_64-linux-gnu/libpthread.so.0 (0x00007f4952f73000)
	libc.so.6 => /usr/lib/x86_64-linux-gnu/libc.so.6 (0x00007f4952d4a000)
	/lib64/ld-linux-x86-64.so.2 (0x00007f4952fad000)
/root/miniconda3/lib/python3.12/lib-dynload/ossaudiodev.cpython-312-x86_64-linux-gnu.so:
	linux-vdso.so.1 (0x00007ffdd8887000)
	libpthread.so.0 => /usr/lib/x86_64-linux-gnu/libpthread.so.0 (0x00007f34544ab000)
	libc.so.6 => /usr/lib/x86_64-linux-gnu/libc.so.6 (0x00007f3454282000)
	/lib64/ld-linux-x86-64.so.2 (0x00007f34544cc000)
/root/miniconda3/lib/python3.12/lib-dynload/pyexpat.cpython-312-x86_64-linux-gnu.so:
	linux-vdso.so.1 (0x00007ffd379cb000)
	libexpat.so.1 => /root/miniconda3/lib/python3.12/lib-dynload/../../libexpat.so.1 (0x00007f61fb02a000)
	libpthread.so.0 => /usr/lib/x86_64-linux-gnu/libpthread.so.0 (0x00007f61fb014000)
	libc.so.6 => /usr/lib/x86_64-linux-gnu/libc.so.6 (0x00007f61fadeb000)
	libm.so.6 => /usr/lib/x86_64-linux-gnu/libm.so.6 (0x00007f61fad04000)
	/lib64/ld-linux-x86-64.so.2 (0x00007f61fb06e000)
/root/miniconda3/lib/python3.12/lib-dynload/readline.cpython-312-x86_64-linux-gnu.so:
	linux-vdso.so.1 (0x00007ffde4b69000)
	libreadline.so.8 => /root/miniconda3/lib/python3.12/lib-dynload/../../libreadline.so.8 (0x00007fb0dd2e0000)
	libpthread.so.0 => /usr/lib/x86_64-linux-gnu/libpthread.so.0 (0x00007fb0dd2ca000)
	libc.so.6 => /usr/lib/x86_64-linux-gnu/libc.so.6 (0x00007fb0dd0a1000)
	libtinfo.so.6 => /root/miniconda3/lib/python3.12/lib-dynload/../.././libtinfo.so.6 (0x00007fb0dd05c000)
	/lib64/ld-linux-x86-64.so.2 (0x00007fb0dd34b000)
/root/miniconda3/lib/python3.12/lib-dynload/resource.cpython-312-x86_64-linux-gnu.so:
	linux-vdso.so.1 (0x00007ffd121f1000)
	libpthread.so.0 => /usr/lib/x86_64-linux-gnu/libpthread.so.0 (0x00007f48b8c6d000)
	libc.so.6 => /usr/lib/x86_64-linux-gnu/libc.so.6 (0x00007f48b8a44000)
	/lib64/ld-linux-x86-64.so.2 (0x00007f48b8c8b000)
/root/miniconda3/lib/python3.12/lib-dynload/select.cpython-312-x86_64-linux-gnu.so:
	linux-vdso.so.1 (0x00007ffee3487000)
	libpthread.so.0 => /usr/lib/x86_64-linux-gnu/libpthread.so.0 (0x00007f2ade36f000)
	libc.so.6 => /usr/lib/x86_64-linux-gnu/libc.so.6 (0x00007f2ade146000)
	/lib64/ld-linux-x86-64.so.2 (0x00007f2ade392000)
/root/miniconda3/lib/python3.12/lib-dynload/spwd.cpython-312-x86_64-linux-gnu.so:
	linux-vdso.so.1 (0x00007ffcd85c4000)
	libpthread.so.0 => /usr/lib/x86_64-linux-gnu/libpthread.so.0 (0x00007f481df6e000)
	libc.so.6 => /usr/lib/x86_64-linux-gnu/libc.so.6 (0x00007f481dd45000)
	/lib64/ld-linux-x86-64.so.2 (0x00007f481df8c000)
/root/miniconda3/lib/python3.12/lib-dynload/syslog.cpython-312-x86_64-linux-gnu.so:
	linux-vdso.so.1 (0x00007fffd65dd000)
	libc.so.6 => /usr/lib/x86_64-linux-gnu/libc.so.6 (0x00007ff24e21d000)
	/lib64/ld-linux-x86-64.so.2 (0x00007ff24e45f000)
/root/miniconda3/lib/python3.12/lib-dynload/termios.cpython-312-x86_64-linux-gnu.so:
	linux-vdso.so.1 (0x00007fffa17e8000)
	libpthread.so.0 => /usr/lib/x86_64-linux-gnu/libpthread.so.0 (0x00007f1001ac3000)
	libc.so.6 => /usr/lib/x86_64-linux-gnu/libc.so.6 (0x00007f100189a000)
	/lib64/ld-linux-x86-64.so.2 (0x00007f1001ae5000)
/root/miniconda3/lib/python3.12/lib-dynload/unicodedata.cpython-312-x86_64-linux-gnu.so:
	linux-vdso.so.1 (0x00007ffe1cfde000)
	libc.so.6 => /usr/lib/x86_64-linux-gnu/libc.so.6 (0x00007f934140c000)
	/lib64/ld-linux-x86-64.so.2 (0x00007f934175d000)
/root/miniconda3/lib/python3.12/lib-dynload/xxlimited.cpython-312-x86_64-linux-gnu.so:
	linux-vdso.so.1 (0x00007ffee33cb000)
	libc.so.6 => /usr/lib/x86_64-linux-gnu/libc.so.6 (0x00007fdecfdda000)
	/lib64/ld-linux-x86-64.so.2 (0x00007fded001c000)
/root/miniconda3/lib/python3.12/lib-dynload/xxlimited_35.cpython-312-x86_64-linux-gnu.so:
	linux-vdso.so.1 (0x00007ffd3f7b4000)
	libc.so.6 => /usr/lib/x86_64-linux-gnu/libc.so.6 (0x00007f7dfe3f0000)
	/lib64/ld-linux-x86-64.so.2 (0x00007f7dfe632000)
/root/miniconda3/lib/python3.12/lib-dynload/xxsubtype.cpython-312-x86_64-linux-gnu.so:
	linux-vdso.so.1 (0x00007ffdc5764000)
	libc.so.6 => /usr/lib/x86_64-linux-gnu/libc.so.6 (0x00007f5fb25f1000)
	/lib64/ld-linux-x86-64.so.2 (0x00007f5fb2832000)
/root/miniconda3/lib/python3.12/lib-dynload/zlib.cpython-312-x86_64-linux-gnu.so:
	linux-vdso.so.1 (0x00007ffca61e1000)
	libz.so.1 => /root/miniconda3/lib/python3.12/lib-dynload/../../libz.so.1 (0x00007f51feb75000)
	libpthread.so.0 => /usr/lib/x86_64-linux-gnu/libpthread.so.0 (0x00007f51feb5f000)
	libc.so.6 => /usr/lib/x86_64-linux-gnu/libc.so.6 (0x00007f51fe936000)
	/lib64/ld-linux-x86-64.so.2 (0x00007f51feb9f000)
/root/miniconda3/lib/python3.12/lib-dynload/math.cpython-312-x86_64-linux-gnu.so:
	linux-vdso.so.1 (0x00007ffd2fffd000)
	libm.so.6 => /usr/lib/x86_64-linux-gnu/libm.so.6 (0x00007f3d5a7ec000)
	libpthread.so.0 => /usr/lib/x86_64-linux-gnu/libpthread.so.0 (0x00007f3d5a7e7000)
	libc.so.6 => /usr/lib/x86_64-linux-gnu/libc.so.6 (0x00007f3d5a5be000)
	/lib64/ld-linux-x86-64.so.2 (0x00007f3d5a8fb000)
/root/miniconda3/lib/python3.12/lib-dynload/_hashlib.cpython-312-x86_64-linux-gnu.so:
	linux-vdso.so.1 (0x00007fff6b18b000)
	libcrypto.so.3 => /root/miniconda3/lib/python3.12/lib-dynload/../../libcrypto.so.3 (0x00007f01dc186000)
	libc.so.6 => /usr/lib/x86_64-linux-gnu/libc.so.6 (0x00007f01dbf4c000)
	libdl.so.2 => /usr/lib/x86_64-linux-gnu/libdl.so.2 (0x00007f01dbf47000)
	libpthread.so.0 => /usr/lib/x86_64-linux-gnu/libpthread.so.0 (0x00007f01dbf42000)
	/lib64/ld-linux-x86-64.so.2 (0x00007f01dc7aa000)
/root/miniconda3/lib/python3.12/lib-dynload/_blake2.cpython-312-x86_64-linux-gnu.so:
	linux-vdso.so.1 (0x00007ffe3659d000)
	libc.so.6 => /usr/lib/x86_64-linux-gnu/libc.so.6 (0x00007f797d41a000)
	/lib64/ld-linux-x86-64.so.2 (0x00007f797d664000)
/root/miniconda3/lib/python3.12/lib-dynload/_json.cpython-312-x86_64-linux-gnu.so:
	linux-vdso.so.1 (0x00007ffe9ddbb000)
	libc.so.6 => /usr/lib/x86_64-linux-gnu/libc.so.6 (0x00007ff84f43f000)
	/lib64/ld-linux-x86-64.so.2 (0x00007ff84f688000)
/root/miniconda3/lib/python3.12/lib-dynload/fcntl.cpython-312-x86_64-linux-gnu.so:
	linux-vdso.so.1 (0x00007fffde931000)
	libpthread.so.0 => /usr/lib/x86_64-linux-gnu/libpthread.so.0 (0x00007fc3c631b000)
	libc.so.6 => /usr/lib/x86_64-linux-gnu/libc.so.6 (0x00007fc3c60f2000)
	/lib64/ld-linux-x86-64.so.2 (0x00007fc3c633b000)
/root/miniconda3/lib/python3.12/lib-dynload/_posixsubprocess.cpython-312-x86_64-linux-gnu.so:
	linux-vdso.so.1 (0x00007ffef31fa000)
	libpthread.so.0 => /usr/lib/x86_64-linux-gnu/libpthread.so.0 (0x00007ff881f83000)
	libc.so.6 => /usr/lib/x86_64-linux-gnu/libc.so.6 (0x00007ff881d5a000)
	/lib64/ld-linux-x86-64.so.2 (0x00007ff881fa3000)
/root/miniconda3/lib/python3.12/lib-dynload/select.cpython-312-x86_64-linux-gnu.so:
	linux-vdso.so.1 (0x00007ffc59ad2000)
	libpthread.so.0 => /usr/lib/x86_64-linux-gnu/libpthread.so.0 (0x00007fc5838b2000)
	libc.so.6 => /usr/lib/x86_64-linux-gnu/libc.so.6 (0x00007fc583689000)
	/lib64/ld-linux-x86-64.so.2 (0x00007fc5838d5000)
/root/miniconda3/lib/python3.12/lib-dynload/zlib.cpython-312-x86_64-linux-gnu.so:
	linux-vdso.so.1 (0x00007ffef5f13000)
	libz.so.1 => /root/miniconda3/lib/python3.12/lib-dynload/../../libz.so.1 (0x00007f651913f000)
	libpthread.so.0 => /usr/lib/x86_64-linux-gnu/libpthread.so.0 (0x00007f6519129000)
	libc.so.6 => /usr/lib/x86_64-linux-gnu/libc.so.6 (0x00007f6518f00000)
	/lib64/ld-linux-x86-64.so.2 (0x00007f6519169000)
/root/miniconda3/lib/python3.12/lib-dynload/_bz2.cpython-312-x86_64-linux-gnu.so:
	linux-vdso.so.1 (0x00007fff89901000)
	libbz2.so.1.0 => /root/miniconda3/lib/python3.12/lib-dynload/../../libbz2.so.1.0 (0x00007f31bb46a000)
	libc.so.6 => /usr/lib/x86_64-linux-gnu/libc.so.6 (0x00007f31bb230000)
	/lib64/ld-linux-x86-64.so.2 (0x00007f31bb488000)
/root/miniconda3/lib/python3.12/lib-dynload/_lzma.cpython-312-x86_64-linux-gnu.so:
	linux-vdso.so.1 (0x00007ffd96fdf000)
	liblzma.so.5 => /root/miniconda3/lib/python3.12/lib-dynload/../../liblzma.so.5 (0x00007ff638bbe000)
	libc.so.6 => /usr/lib/x86_64-linux-gnu/libc.so.6 (0x00007ff638984000)
	libpthread.so.0 => /usr/lib/x86_64-linux-gnu/libpthread.so.0 (0x00007ff63897f000)
	/lib64/ld-linux-x86-64.so.2 (0x00007ff638bfc000)
