This is pdfTeX, Version 3.141592653-2.6-1.40.22 (TeX Live 2022/dev/Debian) (preloaded format=pdflatex)
entering extended mode
(./main.tex
LaTeX2e <2021-11-15> patch level 1
L3 programming layer <2022-01-21>
(/usr/share/texlive/texmf-dist/tex/latex/base/article.cls
Document Class: article 2021/10/04 v1.4n Standard LaTeX document class
(/usr/share/texlive/texmf-dist/tex/latex/base/size11.clo))
(/usr/share/texlive/texmf-dist/tex/latex/amsmath/amsmath.sty
For additional information on amsmath, use the `?' option.
(/usr/share/texlive/texmf-dist/tex/latex/amsmath/amstext.sty
(/usr/share/texlive/texmf-dist/tex/latex/amsmath/amsgen.sty))
(/usr/share/texlive/texmf-dist/tex/latex/amsmath/amsbsy.sty)
(/usr/share/texlive/texmf-dist/tex/latex/amsmath/amsopn.sty))
(/usr/share/texlive/texmf-dist/tex/latex/amsfonts/amssymb.sty
(/usr/share/texlive/texmf-dist/tex/latex/amsfonts/amsfonts.sty))
(/usr/share/texlive/texmf-dist/tex/latex/amscls/amsthm.sty)
(/usr/share/texlive/texmf-dist/tex/latex/mathtools/mathtools.sty
(/usr/share/texlive/texmf-dist/tex/latex/graphics/keyval.sty)
(/usr/share/texlive/texmf-dist/tex/latex/tools/calc.sty)
(/usr/share/texlive/texmf-dist/tex/latex/mathtools/mhsetup.sty))
(/usr/share/texlive/texmf-dist/tex/latex/booktabs/booktabs.sty)
(/usr/share/texlive/texmf-dist/tex/latex/tools/array.sty)
(/usr/share/texlive/texmf-dist/tex/latex/tools/longtable.sty)
(/usr/share/texlive/texmf-dist/tex/latex/enumitem/enumitem.sty)
(./math_commands.tex)
(/usr/share/texlive/texmf-dist/tex/latex/l3backend/l3backend-pdftex.def)
(./main.aux) (/usr/share/texlive/texmf-dist/tex/latex/graphics/graphicx.sty
(/usr/share/texlive/texmf-dist/tex/latex/graphics/graphics.sty
(/usr/share/texlive/texmf-dist/tex/latex/graphics/trig.sty)
(/usr/share/texlive/texmf-dist/tex/latex/graphics-cfg/graphics.cfg)
(/usr/share/texlive/texmf-dist/tex/latex/graphics-def/pdftex.def
(/usr/share/texlive/texmf-dist/tex/context/base/mkii/supp-pdf.mkii
[Loading MPS to PDF converter (version 2006.09.02).]
)))) (/usr/share/texlive/texmf-dist/tex/latex/amsfonts/umsa.fd)
(/usr/share/texlive/texmf-dist/tex/latex/amsfonts/umsb.fd) [1{/var/lib/texmf/fo
nts/map/pdftex/updmap/pdftex.map}] [2]

LaTeX Warning: Citation `gomez_meiss_2004' on page 3 undefined on input line 14
4.


LaTeX Warning: Citation `shafikov_wolf_2003' on page 3 undefined on input line 
145.


LaTeX Warning: Citation `janeczko_jelonek_2008' on page 3 undefined on input li
ne 147.


LaTeX Warning: Citation `deserti_2018' on page 3 undefined on input line 148.


LaTeX Warning: Citation `cheng_wang_yu_1994' on page 3 undefined on input line 
149.


LaTeX Warning: Citation `hasselblatt_propp_2007' on page 3 undefined on input l
ine 155.


LaTeX Warning: Citation `bedford_kim_2008' on page 3 undefined on input line 15
6.


LaTeX Warning: Citation `favre_wulcan_2012' on page 3 undefined on input line 1
57.


LaTeX Warning: Citation `el_hilany_2024' on page 3 undefined on input line 159.



LaTeX Warning: Citation `grigoriev_containment' on page 3 undefined on input li
ne 159.


LaTeX Warning: Citation `nisse_2026' on page 3 undefined on input line 159.


LaTeX Warning: Citation `takenawa_2026' on page 3 undefined on input line 161.


Underfull \hbox (badness 1253) in paragraph at lines 153--165
\OT1/cmr/m/n/10.95 polyhedron and trop-i-cal tech-niques pro-vide fur-ther near
by ge-o-met-ric
[3]

LaTeX Warning: Citation `fordy_hone_2011' on page 4 undefined on input line 168
.


LaTeX Warning: Citation `koch_lomeli_2014' on page 4 undefined on input line 16
9.


LaTeX Warning: Citation `berger_turaev_2025' on page 4 undefined on input line 
170.


LaTeX Warning: Citation `blanc_van_santen_2022' on page 4 undefined on input li
ne 172.


LaTeX Warning: Citation `dang_favre_2021' on page 4 undefined on input line 173
.


LaTeX Warning: Citation `bianchi_dinh_rakhimov_2024' on page 4 undefined on inp
ut line 174.


LaTeX Warning: Citation `shao_sun_2025' on page 4 undefined on input line 175.


LaTeX Warning: Citation `abboud_xie_2026' on page 4 undefined on input line 176
.

[4] [5] [6] [7] [8] [9] [10] [11] [12] [13] [14] [15] [16] [17] [18] [19]
[20] [21] [22] [23] [24] [25]
Underfull \hbox (badness 10000) in paragraph at lines 1609--1609
[]|\OT1/cmr/m/n/10.95 Characteristic

Underfull \hbox (badness 7504) in paragraph at lines 1610--1612
[]|\OT1/cmr/m/n/10.95 In char-ac-ter-is-tic $\OML/cmm/m/it/10.95 p$\OT1/cmr/m/n
/10.95 , $\OML/cmm/m/it/10.95 P \OT1/cmr/m/n/10.95 =

Underfull \hbox (badness 6078) in paragraph at lines 1613--1614
\OT1/cmr/m/n/10.95 es-tab-lish fresh sur-

Underfull \hbox (badness 4859) in paragraph at lines 1615--1615
[]|\OT1/cmr/m/n/10.95 Positive co-or-

Underfull \hbox (badness 10000) in paragraph at lines 1620--1620
[]|\OT1/cmr/m/n/10.95 Coordinate

Underfull \hbox (badness 10000) in paragraph at lines 1620--1620
\OT1/cmr/m/n/10.95 lower bound

Underfull \hbox (badness 10000) in paragraph at lines 1623--1624
[]|\OT1/cmr/m/n/10.95 Selector unique-

Underfull \hbox (badness 10000) in paragraph at lines 1623--1624
\OT1/cmr/m/n/10.95 ness and fresh/old

Underfull \hbox (badness 1546) in paragraph at lines 1623--1624
\OT1/cmr/m/n/10.95 sep-a-ra-tion fail in-de-

Underfull \hbox (badness 2521) in paragraph at lines 1625--1625
[]|\OT1/cmr/m/n/10.95 Complete row

Underfull \hbox (badness 10000) in paragraph at lines 1637--1637
[]|\OT1/cmr/m/n/10.95 Literal re-

Underfull \hbox (badness 2042) in paragraph at lines 1638--1639
\OT1/cmr/m/n/10.95 (57\OML/cmm/m/it/10.95 ; \OT1/cmr/m/n/10.95 48\OML/cmm/m/it/
10.95 ; \OT1/cmr/m/n/10.95 57) \OMS/cmsy/m/n/10.95 6\OT1/cmr/m/n/10.95 = (83\OM
L/cmm/m/it/10.95 ; \OT1/cmr/m/n/10.95 74\OML/cmm/m/it/10.95 ; \OT1/cmr/m/n/10.9
5 83)$ in

Underfull \hbox (badness 3439) in paragraph at lines 1640--1641
[]|\OT1/cmr/m/n/10.95 Reflected reci-procity

Underfull \hbox (badness 10000) in paragraph at lines 1642--1642
[]|\OT1/cmr/m/n/10.95 Positive-

Underfull \hbox (badness 10000) in paragraph at lines 1642--1642
\OT1/cmr/m/n/10.95 support can-

Underfull \hbox (badness 10000) in paragraph at lines 1642--1642
\OT1/cmr/m/n/10.95 cel-la-tion

Underfull \hbox (badness 2005) in paragraph at lines 1646--1647
[]|\OT1/cmr/m/n/10.95 Zero and unit sup-
[26] [27]
BATCH07_REFERENCE_START_PAGE=28
(./main.bbl [28]) [29] (./main.aux)

LaTeX Warning: There were undefined references.


LaTeX Warning: Label(s) may have changed. Rerun to get cross-references right.

 )
(see the transcript file for additional information)</usr/share/texlive/texmf-d
ist/fonts/type1/public/amsfonts/cm/cmbx10.pfb></usr/share/texlive/texmf-dist/fo
nts/type1/public/amsfonts/cm/cmbx12.pfb></usr/share/texlive/texmf-dist/fonts/ty
pe1/public/amsfonts/cm/cmbx8.pfb></usr/share/texlive/texmf-dist/fonts/type1/pub
lic/amsfonts/cm/cmex10.pfb></usr/share/texlive/texmf-dist/fonts/type1/public/am
sfonts/cmextra/cmex8.pfb></usr/share/texlive/texmf-dist/fonts/type1/public/amsf
onts/cm/cmmi10.pfb></usr/share/texlive/texmf-dist/fonts/type1/public/amsfonts/c
m/cmmi6.pfb></usr/share/texlive/texmf-dist/fonts/type1/public/amsfonts/cm/cmmi7
.pfb></usr/share/texlive/texmf-dist/fonts/type1/public/amsfonts/cm/cmmi8.pfb></
usr/share/texlive/texmf-dist/fonts/type1/public/amsfonts/cm/cmr10.pfb></usr/sha
re/texlive/texmf-dist/fonts/type1/public/amsfonts/cm/cmr12.pfb></usr/share/texl
ive/texmf-dist/fonts/type1/public/amsfonts/cm/cmr17.pfb></usr/share/texlive/tex
mf-dist/fonts/type1/public/amsfonts/cm/cmr6.pfb></usr/share/texlive/texmf-dist/
fonts/type1/public/amsfonts/cm/cmr7.pfb></usr/share/texlive/texmf-dist/fonts/ty
pe1/public/amsfonts/cm/cmr8.pfb></usr/share/texlive/texmf-dist/fonts/type1/publ
ic/amsfonts/cm/cmss8.pfb></usr/share/texlive/texmf-dist/fonts/type1/public/amsf
onts/cm/cmsy10.pfb></usr/share/texlive/texmf-dist/fonts/type1/public/amsfonts/c
m/cmsy6.pfb></usr/share/texlive/texmf-dist/fonts/type1/public/amsfonts/cm/cmsy7
.pfb></usr/share/texlive/texmf-dist/fonts/type1/public/amsfonts/cm/cmsy8.pfb></
usr/share/texlive/texmf-dist/fonts/type1/public/amsfonts/cm/cmti10.pfb></usr/sh
are/texlive/texmf-dist/fonts/type1/public/amsfonts/symbols/msbm10.pfb>
Output written on main.pdf (29 pages, 337353 bytes).
Transcript written on main.log.
