	linux-vdso.so.1 (0x00007ffd117e8000)
	libpoppler.so.118 => /usr/lib/x86_64-linux-gnu/libpoppler.so.118 (0x00007f308baac000)
	libstdc++.so.6 => /usr/lib/x86_64-linux-gnu/libstdc++.so.6 (0x00007f308b880000)
	libc.so.6 => /usr/lib/x86_64-linux-gnu/libc.so.6 (0x00007f308b657000)
	libfreetype.so.6 => /usr/lib/x86_64-linux-gnu/libfreetype.so.6 (0x00007f308b58f000)
	libfontconfig.so.1 => /usr/lib/x86_64-linux-gnu/libfontconfig.so.1 (0x00007f308b545000)
	libjpeg.so.8 => /usr/lib/x86_64-linux-gnu/libjpeg.so.8 (0x00007f308b4c2000)
	libz.so.1 => /usr/lib/x86_64-linux-gnu/libz.so.1 (0x00007f308b4a6000)
	libopenjp2.so.7 => /usr/lib/x86_64-linux-gnu/libopenjp2.so.7 (0x00007f308b44e000)
	liblcms2.so.2 => /usr/lib/x86_64-linux-gnu/liblcms2.so.2 (0x00007f308b3ec000)
	libpng16.so.16 => /usr/lib/x86_64-linux-gnu/libpng16.so.16 (0x00007f308b3b1000)
	libtiff.so.5 => /usr/lib/x86_64-linux-gnu/libtiff.so.5 (0x00007f308b329000)
	libnss3.so => /usr/lib/x86_64-linux-gnu/libnss3.so (0x00007f308b1f6000)
	libsmime3.so => /usr/lib/x86_64-linux-gnu/libsmime3.so (0x00007f308b1cc000)
	libplc4.so => /usr/lib/x86_64-linux-gnu/libplc4.so (0x00007f308b1c5000)
	libnspr4.so => /usr/lib/x86_64-linux-gnu/libnspr4.so (0x00007f308b185000)
	libm.so.6 => /usr/lib/x86_64-linux-gnu/libm.so.6 (0x00007f308b09e000)
	/lib64/ld-linux-x86-64.so.2 (0x00007f308be25000)
	libgcc_s.so.1 => /usr/lib/x86_64-linux-gnu/libgcc_s.so.1 (0x00007f308b07e000)
	libbrotlidec.so.1 => /usr/lib/x86_64-linux-gnu/libbrotlidec.so.1 (0x00007f308b06e000)
	libexpat.so.1 => /usr/lib/x86_64-linux-gnu/libexpat.so.1 (0x00007f308b03d000)
	libuuid.so.1 => /usr/lib/x86_64-linux-gnu/libuuid.so.1 (0x00007f308b034000)
	libwebp.so.7 => /usr/lib/x86_64-linux-gnu/libwebp.so.7 (0x00007f308afc7000)
	libzstd.so.1 => /usr/lib/x86_64-linux-gnu/libzstd.so.1 (0x00007f308aef8000)
	liblzma.so.5 => /usr/lib/x86_64-linux-gnu/liblzma.so.5 (0x00007f308aecb000)
	libjbig.so.0 => /usr/lib/x86_64-linux-gnu/libjbig.so.0 (0x00007f308aeba000)
	libdeflate.so.0 => /usr/lib/x86_64-linux-gnu/libdeflate.so.0 (0x00007f308ae96000)
	libnssutil3.so => /usr/lib/x86_64-linux-gnu/libnssutil3.so (0x00007f308ae63000)
	libplds4.so => /usr/lib/x86_64-linux-gnu/libplds4.so (0x00007f308ae5e000)
	libbrotlicommon.so.1 => /usr/lib/x86_64-linux-gnu/libbrotlicommon.so.1 (0x00007f308ae39000)
