/root/autodl-tmp/hilbert-polya-structure/docs/papers204_208_sequence/scouting/finite_systems_eighteenth/SCOUT_REPORT.md:16:| D3 arbitrary-family blocker | $b^3=b$; complete target fibres; unique maximum empty target for $n\ge1$ | Exact old HBN; temporal statement is double blocker, inverse is optional redundant-superset counting |
/root/autodl-tmp/hilbert-polya-structure/symbolic_dynamics/docs/papers152_156_sequence/scouting/algebraic_replacement2/SCOUT.md:282:## 9. `GCM`: Gram cube
/root/autodl-tmp/hilbert-polya-structure/symbolic_dynamics/docs/papers157_161_sequence/scouting/algebraic/SCOUT.md:32:| A16 | transpose-commutator on `2 x 2` matrices | two-step collapse and an exact quadric fibre law | `KILL_RECOMBINATION_SHALLOW` |
/root/autodl-tmp/hilbert-polya-structure/symbolic_dynamics/docs/papers157_161_sequence/scouting/algebraic/SCOUT.md:193:### A16 — transpose-commutator descent (`TCD`)
/root/autodl-tmp/hilbert-polya-structure/docs/papers204_208_sequence/scouting/finite_systems_eighteenth/PROOF_AND_ADAPTERS.md:30:3. D3: elementary transversal separation gives double blocker; redundant
/root/autodl-tmp/hilbert-polya-structure/docs/papers204_208_sequence/scouting/finite_systems_eighteenth/PROOF_AND_ADAPTERS.md:130:### 3.1 Double blocker and the entire temporal statement
/root/autodl-tmp/hilbert-polya-structure/docs/papers204_208_sequence/scouting/finite_systems_eighteenth/PROOF_AND_ADAPTERS.md:159:put $\mathcal K=b(\mathcal C)$. Double blocker gives
/root/autodl-tmp/hilbert-polya-structure/symbolic_dynamics/docs/papers117_121_sequence/scouting/ALGEBRAIC_PHASE2B_SCOUT.md:317:### B2B-08: transpose-commutator collapse
/root/autodl-tmp/hilbert-polya-structure/symbolic_dynamics/docs/papers162_166_sequence/scouting/open_fresh_p166_round8/IDEA_LEDGER.md:35:| `QDP` | ordered DAGs; delete every arrow admitting an alternate directed path | one-step image is precisely transitively reduced DAGs; a target `H` has fibre `2^(|TC(H)|-|E(H)|)` | the literal operation is the classical transitive reduction of Aho--Garey--Ullman | `KILL_DIRECT_TRANSITIVE_REDUCTION_OWNER` |
/root/autodl-tmp/hilbert-polya-structure/symbolic_dynamics/docs/papers162_166_sequence/scouting/arithmetic_algebra/SCOUT.md:61:nilpotent subspace Fibonacci, transpose commutators, or triangular-factorial
/root/autodl-tmp/hilbert-polya-structure/symbolic_dynamics/docs/papers142_146_sequence/scouting/combinatorial/SCOUT.md:62:| **S02** | Clutters on `[n]`; replace a clutter by its family of inclusion-minimal transversals. | `1<=n<=4`; 197 clutters; periods `1,2`; tail `0`; last `I/F=168/12`; double blocker checked on every state. | **PERMANENT KILL -- CLASSICAL BLOCKER DUALITY.**  A named involution with no transient axis. |
/root/autodl-tmp/hilbert-polya-structure/symbolic_dynamics/docs/papers162_166_sequence/scouting/open_fresh_p166_round8/SCOUT.md:99:For a DAG this is its unique transitive reduction, so the map is idempotent.
/root/autodl-tmp/hilbert-polya-structure/symbolic_dynamics/docs/papers162_166_sequence/scouting/open_fresh_p166_round8/SCOUT.md:115:`KILL_DIRECT_TRANSITIVE_REDUCTION_OWNER`.**
/root/autodl-tmp/hilbert-polya-structure/symbolic_dynamics/docs/papers182_186_sequence/scouting/algebra_lane/SCOUT_AND_KILL_LEDGER.md:14:| A03 / TCC | `M_2(F_q)`, odd `q`; `A -> AA^t-A^tA` | At `q=7`: 2,401 states, image 49, unique fixed point, depths `1,384,2016`; zero fibre 385 and every nonzero image fibre 42; `T^2=0` | all odd `q`: factorization and full fibres | **KILL**: exact but the square-zero diagonal/transpose commutator mechanism transfers too directly from P175 |
/root/autodl-tmp/hilbert-polya-structure/symbolic_dynamics/docs/papers127_131_sequence/scouting/algebraic/verify_algebraic_scout.py:569:        "KILL", "relation powers/transitive reduction are direct semigroup background",
/root/autodl-tmp/hilbert-polya-structure/symbolic_dynamics/docs/papers147_151_sequence/scouting/combinatorial/SCOUT.md:269:### 4.2 `C01`: adjacent-equal cancellation
/root/autodl-tmp/hilbert-polya-structure/symbolic_dynamics/docs/papers147_151_sequence/scouting/combinatorial/verify_combinatorial_scout.py:329:# C01: leftmost adjacent-equal cancellation on bounded words (firewall kill).
/root/autodl-tmp/hilbert-polya-structure/symbolic_dynamics/docs/papers157_161_sequence/scouting/algebraic/verify_algebraic_scout.py:536:# A16: transpose-commutator descent on 2x2 matrices.
/root/autodl-tmp/hilbert-polya-structure/symbolic_dynamics/docs/papers162_166_sequence/phase1/CANDIDATE_POOL_AND_KILL_LEDGER.md:176:| `QDP` | literal classical transitive reduction; no independent temporal contribution. |
/root/autodl-tmp/symbolic_dynamics/docs/papers162_166_sequence/scouting/open_fresh_p166_round8/IDEA_LEDGER.md:35:| `QDP` | ordered DAGs; delete every arrow admitting an alternate directed path | one-step image is precisely transitively reduced DAGs; a target `H` has fibre `2^(|TC(H)|-|E(H)|)` | the literal operation is the classical transitive reduction of Aho--Garey--Ullman | `KILL_DIRECT_TRANSITIVE_REDUCTION_OWNER` |
/root/autodl-tmp/symbolic_dynamics/docs/papers182_186_sequence/scouting/algebra_lane/SCOUT_AND_KILL_LEDGER.md:14:| A03 / TCC | `M_2(F_q)`, odd `q`; `A -> AA^t-A^tA` | At `q=7`: 2,401 states, image 49, unique fixed point, depths `1,384,2016`; zero fibre 385 and every nonzero image fibre 42; `T^2=0` | all odd `q`: factorization and full fibres | **KILL**: exact but the square-zero diagonal/transpose commutator mechanism transfers too directly from P175 |
/root/autodl-tmp/symbolic_dynamics/docs/papers142_146_sequence/scouting/combinatorial/SCOUT.md:62:| **S02** | Clutters on `[n]`; replace a clutter by its family of inclusion-minimal transversals. | `1<=n<=4`; 197 clutters; periods `1,2`; tail `0`; last `I/F=168/12`; double blocker checked on every state. | **PERMANENT KILL -- CLASSICAL BLOCKER DUALITY.**  A named involution with no transient axis. |
/root/autodl-tmp/symbolic_dynamics/docs/papers162_166_sequence/phase1/CANDIDATE_POOL_AND_KILL_LEDGER.md:176:| `QDP` | literal classical transitive reduction; no independent temporal contribution. |
/root/autodl-tmp/symbolic_dynamics/docs/papers147_151_sequence/scouting/combinatorial/SCOUT.md:269:### 4.2 `C01`: adjacent-equal cancellation
/root/autodl-tmp/symbolic_dynamics/docs/papers157_161_sequence/scouting/algebraic/SCOUT.md:32:| A16 | transpose-commutator on `2 x 2` matrices | two-step collapse and an exact quadric fibre law | `KILL_RECOMBINATION_SHALLOW` |
/root/autodl-tmp/symbolic_dynamics/docs/papers157_161_sequence/scouting/algebraic/SCOUT.md:193:### A16 — transpose-commutator descent (`TCD`)
/root/autodl-tmp/symbolic_dynamics/docs/papers117_121_sequence/scouting/ALGEBRAIC_PHASE2B_SCOUT.md:317:### B2B-08: transpose-commutator collapse
/root/autodl-tmp/symbolic_dynamics/docs/papers147_151_sequence/scouting/combinatorial/verify_combinatorial_scout.py:329:# C01: leftmost adjacent-equal cancellation on bounded words (firewall kill).
/root/autodl-tmp/symbolic_dynamics/docs/papers157_161_sequence/scouting/algebraic/verify_algebraic_scout.py:536:# A16: transpose-commutator descent on 2x2 matrices.
/root/autodl-tmp/symbolic_dynamics/docs/papers204_208_sequence/scouting/finite_systems_eighteenth/SCOUT_REPORT.md:16:| D3 arbitrary-family blocker | $b^3=b$; complete target fibres; unique maximum empty target for $n\ge1$ | Exact old HBN; temporal statement is double blocker, inverse is optional redundant-superset counting |
/root/autodl-tmp/symbolic_dynamics/docs/papers162_166_sequence/scouting/open_fresh_p166_round8/SCOUT.md:99:For a DAG this is its unique transitive reduction, so the map is idempotent.
/root/autodl-tmp/symbolic_dynamics/docs/papers162_166_sequence/scouting/open_fresh_p166_round8/SCOUT.md:115:`KILL_DIRECT_TRANSITIVE_REDUCTION_OWNER`.**
/root/autodl-tmp/symbolic_dynamics/docs/papers162_166_sequence/scouting/arithmetic_algebra/SCOUT.md:61:nilpotent subspace Fibonacci, transpose commutators, or triangular-factorial
/root/autodl-tmp/symbolic_dynamics/docs/papers127_131_sequence/scouting/algebraic/verify_algebraic_scout.py:569:        "KILL", "relation powers/transitive reduction are direct semigroup background",
/root/autodl-tmp/symbolic_dynamics/docs/papers152_156_sequence/scouting/algebraic_replacement2/SCOUT.md:282:## 9. `GCM`: Gram cube
/root/autodl-tmp/symbolic_dynamics/docs/papers204_208_sequence/scouting/finite_systems_eighteenth/PROOF_AND_ADAPTERS.md:30:3. D3: elementary transversal separation gives double blocker; redundant
/root/autodl-tmp/symbolic_dynamics/docs/papers204_208_sequence/scouting/finite_systems_eighteenth/PROOF_AND_ADAPTERS.md:130:### 3.1 Double blocker and the entire temporal statement
/root/autodl-tmp/symbolic_dynamics/docs/papers204_208_sequence/scouting/finite_systems_eighteenth/PROOF_AND_ADAPTERS.md:159:put $\mathcal K=b(\mathcal C)$. Double blocker gives
