/root/autodl-tmp/hilbert-polya-structure/symbolic_dynamics/docs/papers107_111_sequence/scouting/COMBINATORIAL_SCOUT.md:73:- repeated leaf, core, or dominated-vertex stripping is too close in proof
/root/autodl-tmp/hilbert-polya-structure/symbolic_dynamics/papers/26-pure-power-selector-atom-collapse/sections/1_introduction.tex:37:supplied label.  This distinction lets us state a strong collapse theorem
/root/autodl-tmp/hilbert-polya-structure/symbolic_dynamics/docs/papers122_126_sequence/scouting/stochastic/SCOUT.md:34:| D01 | **Dominated-vertex deletion**：图上均匀选择满足 `N[v] subseteq N[w]`（某 `w!=v`）的顶点 `v` 删除，直到无 dominated vertex。 | stiff core 与删除历史 | KILL_INTERNAL_FIREWALL；落回 strong-collapse/dismantling 旧通道 |
/root/autodl-tmp/hilbert-polya-structure/symbolic_dynamics/docs/papers117_121_sequence/scouting/COMBINATORIAL_SCOUT.md:9:Grundy colouring, Lyndon factorization, rotor routing, strong collapse,
/root/autodl-tmp/hilbert-polya-structure/symbolic_dynamics/docs/papers117_121_sequence/scouting/COMBINATORIAL_SCOUT.md:22:| C06 | facet-nerve iteration | finite simplicial complexes up to isomorphism | direct strong-core owner is too close | **KILL** |
/root/autodl-tmp/hilbert-polya-structure/symbolic_dynamics/docs/papers117_121_sequence/scouting/COMBINATORIAL_SCOUT.md:336:## C06. Facet-nerve iteration
/root/autodl-tmp/hilbert-polya-structure/symbolic_dynamics/docs/papers117_121_sequence/scouting/COMBINATORIAL_SCOUT.md:343:- **Early anomaly:** nerve iteration approaches the strong core, which is the
/root/autodl-tmp/hilbert-polya-structure/symbolic_dynamics/docs/papers117_121_sequence/scouting/COMBINATORIAL_SCOUT.md:345:- **Owner subtraction:** Barmak--Minian connect nerves, strong collapses, and
/root/autodl-tmp/hilbert-polya-structure/symbolic_dynamics/docs/papers117_121_sequence/scouting/COMBINATORIAL_SCOUT.md:348:- **Proof routes:** incidence Galois/Dowker duality; dominated-vertex strong
/root/autodl-tmp/hilbert-polya-structure/symbolic_dynamics/docs/papers117_121_sequence/phase1/CANDIDATE_POOL_AND_KILL_LEDGER.md:69:| C06 | facet-nerve iteration | approaches strong core | kill: direct owner/P114 |
/root/autodl-tmp/symbolic_dynamics/docs/papers107_111_sequence/scouting/COMBINATORIAL_SCOUT.md:73:- repeated leaf, core, or dominated-vertex stripping is too close in proof
/root/autodl-tmp/symbolic_dynamics/docs/papers117_121_sequence/phase1/CANDIDATE_POOL_AND_KILL_LEDGER.md:69:| C06 | facet-nerve iteration | approaches strong core | kill: direct owner/P114 |
/root/autodl-tmp/symbolic_dynamics/docs/papers117_121_sequence/scouting/COMBINATORIAL_SCOUT.md:9:Grundy colouring, Lyndon factorization, rotor routing, strong collapse,
/root/autodl-tmp/symbolic_dynamics/docs/papers117_121_sequence/scouting/COMBINATORIAL_SCOUT.md:22:| C06 | facet-nerve iteration | finite simplicial complexes up to isomorphism | direct strong-core owner is too close | **KILL** |
/root/autodl-tmp/symbolic_dynamics/docs/papers117_121_sequence/scouting/COMBINATORIAL_SCOUT.md:336:## C06. Facet-nerve iteration
/root/autodl-tmp/symbolic_dynamics/docs/papers117_121_sequence/scouting/COMBINATORIAL_SCOUT.md:343:- **Early anomaly:** nerve iteration approaches the strong core, which is the
/root/autodl-tmp/symbolic_dynamics/docs/papers117_121_sequence/scouting/COMBINATORIAL_SCOUT.md:345:- **Owner subtraction:** Barmak--Minian connect nerves, strong collapses, and
/root/autodl-tmp/symbolic_dynamics/docs/papers117_121_sequence/scouting/COMBINATORIAL_SCOUT.md:348:- **Proof routes:** incidence Galois/Dowker duality; dominated-vertex strong
/root/autodl-tmp/symbolic_dynamics/docs/papers122_126_sequence/scouting/stochastic/SCOUT.md:34:| D01 | **Dominated-vertex deletion**：图上均匀选择满足 `N[v] subseteq N[w]`（某 `w!=v`）的顶点 `v` 删除，直到无 dominated vertex。 | stiff core 与删除历史 | KILL_INTERNAL_FIREWALL；落回 strong-collapse/dismantling 旧通道 |
/root/autodl-tmp/symbolic_dynamics/papers/26-pure-power-selector-atom-collapse/sections/1_introduction.tex:37:supplied label.  This distinction lets us state a strong collapse theorem
