/root/autodl-tmp/hilbert-polya-structure/docs/papers204_208_sequence/scouting/algebra_second/SCOUT_REPORT.md:19:| SP | F_p^2; (x,y)->(x+y,xy) | p=2,3,5,7,11,13; last H18, core17. | Every fibre is the ordered root pairs of T²-sT+t, so the inverse axis is classical Viète/discriminant algebra. No uniform temporal theorem; reject. |
/root/autodl-tmp/hilbert-polya-structure/symbolic_dynamics/docs/papers152_156_sequence/scouting/algebraic_replacement2/SCOUT.md:46:| `ESP` | `F_p^2`, `(x,y)->(xy,x+y)` | complete Vieta fibres; temporal graph jumps with `p` | `KILL_WEAK_TEMPORAL` |
/root/autodl-tmp/hilbert-polya-structure/symbolic_dynamics/docs/papers152_156_sequence/scouting/algebraic_replacement2/SCOUT.md:50:| `MRK` | Markoff surface over `F_p`, `(x,y,z)->(y,z,3yz-x)` | rich Vieta-rotor periods; fibre identically one | `KILL_DIRECT_ACTION_OWNER` |
/root/autodl-tmp/hilbert-polya-structure/symbolic_dynamics/docs/papers152_156_sequence/scouting/algebraic_replacement2/SCOUT.md:153:This is precisely the degree-two symmetric quotient/Vieta calculation.  It is
/root/autodl-tmp/hilbert-polya-structure/symbolic_dynamics/docs/papers152_156_sequence/scouting/algebraic_replacement2/SCOUT.md:221:## 6. `MRK`: Markoff Vieta rotor
/root/autodl-tmp/hilbert-polya-structure/symbolic_dynamics/docs/papers152_156_sequence/scouting/algebraic_replacement2/SCOUT.md:232:Sarnak directly study the group of morphisms generated by these Vieta
/root/autodl-tmp/hilbert-polya-structure/symbolic_dynamics/docs/papers177_181_sequence/scouting/algebra_lane/SCOUT_AND_KILL_LEDGER.md:52:| `C04/VTM` | \(\mathbb F_p^2\); \((x,y)\mapsto(x+y,xy)\). | Discriminant gives every fibre \(0/1/2\); periods and heights vary with \(p\). | Exact earlier `F01` literal in the P170 replacement lane. | **`REDISCOVERY_SENTINEL / EXCLUDED`.** |
/root/autodl-tmp/hilbert-polya-structure/symbolic_dynamics/docs/papers107_111_sequence/phase1/CANDIDATE_POOL_AND_KILL_LEDGER.md:23:| order-three matrix Möbius action | exact phase/fixed/3-cycle formulas | KILL INTERNAL | full finite matrix phase immediately repeats P103's object class; quadratic matrix-equation and q-derangement owners are close |
/root/autodl-tmp/hilbert-polya-structure/symbolic_dynamics/docs/papers107_111_sequence/scouting/ALGEBRAIC_SCOUT.md:130:Quadratic matrix-equation solution counts also have a direct literature; see
/root/autodl-tmp/hilbert-polya-structure/symbolic_dynamics/docs/papers107_111_sequence/scouting/ALGEBRAIC_SCOUT.md:131:Y. Chen and X. Zhang, *A Class of Quadratic Matrix Equations over Finite
/root/autodl-tmp/hilbert-polya-structure/symbolic_dynamics/docs/papers107_111_sequence/scouting/ALGEBRAIC_SCOUT.md:454:matrix theory, q-derangements, and quadratic-matrix-equation counts.  External
/root/autodl-tmp/hilbert-polya-structure/docs/papers197_201_sequence/scouting/word_poset_lane/BREADTH_AND_KILL_LEDGER.md:19:| 9 / `C09_BES` | For `R=(F_2)^r`, map `(x_1,...,x_k)` to its full elementary-symmetric tuple `(e_1,...,e_k)`. | `k=5,r=2`: 1,024 states, image 36, fixed 9, depth `0:9,1:247,2:768`, max fibre 100. | Each atom of `R` reduces to `w -> (binom(w,j) mod 2)_j`; the next weight is `2^popcount(w)-1`. | **`KILL_VIETA_NORMAL_FORM_COMPRESSION`.** Coordinatewise canonical invariant extraction, tail at most two. |
/root/autodl-tmp/hilbert-polya-structure/symbolic_dynamics/docs/papers157_161_sequence/scouting/replacement_probabilistic_geometric/SCOUT.md:28:| `VMD` | Sorted positive Markoff triples; apply the unique sum-decreasing Vieta mutation. | Levels 0--8: `1,1,1,2,4,8,16,32,64`. | Exact depth versus parent/child component census. | This is the classical Markoff tree itself. | `KILL_DIRECT_MARKOFF_TREE` |
/root/autodl-tmp/hilbert-polya-structure/symbolic_dynamics/docs/papers157_161_sequence/scouting/replacement_geometry_mechanism/SCOUT.md:48:| 9 | `VIE` | `F_p^3`; one Vieta mutation | exactly `p^2` fixed points and all other points in 2-cycles | **`KILL_CLASSICAL_VIETA_INVOLUTION`** |
/root/autodl-tmp/hilbert-polya-structure/symbolic_dynamics/docs/papers157_161_sequence/scouting/replacement_geometry_mechanism/SCOUT.md:212:### `VIE` -- one-coordinate Vieta mutation
/root/autodl-tmp/hilbert-polya-structure/symbolic_dynamics/docs/papers157_161_sequence/scouting/replacement_geometry_mechanism/SCOUT.md:222:- **Verdict.**  **`KILL_CLASSICAL_VIETA_INVOLUTION`**.
/root/autodl-tmp/hilbert-polya-structure/symbolic_dynamics/docs/papers157_161_sequence/scouting/replacement_geometry_mechanism/SCOUT.md:337:| `VIE` | finite-field triples near P125/P150 | Vieta mutation is a named classical involution | fixed hypergraph plus 2-cycles | all fibres singleton | `z -> xy-z` twice; fatal thinness/owner |
/root/autodl-tmp/hilbert-polya-structure/symbolic_dynamics/papers/31-wilson-semiring-verifier-trichotomy/PROOF_PACKAGE.md:77:the alphabet-sum/product skeleton of finite full shifts.
/root/autodl-tmp/hilbert-polya-structure/symbolic_dynamics/papers/31-wilson-semiring-verifier-trichotomy/sections/3_semiring_clones.tex:27:The map $n\mapsto[F_n]$ identifies the alphabet-sum/product skeleton of finite
/root/autodl-tmp/hilbert-polya-structure/docs/papers197_201_sequence/scouting/algebra_lane/BREADTH_AND_KILL_LEDGER.md:145:### Rank 4: least-nonsquare Vieta scheduler (`LNV`)
/root/autodl-tmp/hilbert-polya-structure/docs/papers197_201_sequence/scouting/algebra_lane/BREADTH_AND_KILL_LEDGER.md:168:  hold region; a selected Vieta involution can itself fix a point.
/root/autodl-tmp/hilbert-polya-structure/docs/papers197_201_sequence/scouting/algebra_lane/BREADTH_AND_KILL_LEDGER.md:169:- **Collision:** literal Markoff/Vieta involutions and invariant, already
/root/autodl-tmp/hilbert-polya-structure/docs/papers197_201_sequence/scouting/algebra_lane/BREADTH_AND_KILL_LEDGER.md:171:- **Disposition:** `KILL_DIRECT_MARKOFF_VIETA_OWNER`.
/root/autodl-tmp/hilbert-polya-structure/docs/papers197_201_sequence/scouting/algebra_lane/BREADTH_AND_KILL_LEDGER.md:300:- **Collision:** pure Vieta/symmetric-data normal-form compression.
/root/autodl-tmp/hilbert-polya-structure/docs/papers197_201_sequence/scouting/algebra_lane/BREADTH_AND_KILL_LEDGER.md:301:- **Disposition:** `KILL_VIETA_NORMAL_FORM_COMPRESSION`.
/root/autodl-tmp/hilbert-polya-structure/docs/papers204_208_sequence/scouting/finite_systems_eleventh/SCOUT_REPORT.md:19:| ACP | All monic coefficient vectors at `(degree,prime)=(2,3),(2,5),(2,7),(2,11),(3,5),(3,7),(4,5)`; 1,297 states | Genuine four-cycles already at quadratic prime 11, including an off-anchor-zero cycle; cubic prime 7 and quartic prime 5 have tail 10. Quadratic every-target inverse and sharp fibre maximum are completely derived, but are elementary Vieta/square-character content. No full-carrier all-parameter temporal proof. **NO_PROMOTION**. |
/root/autodl-tmp/hilbert-polya-structure/docs/papers204_208_sequence/scouting/finite_systems_eleventh/PROOF_AND_DISPOSITION.md:131:only Vieta and the elementary square-root count in a prime field.
/root/autodl-tmp/hilbert-polya-structure/symbolic_dynamics/docs/papers112_116_sequence/scouting/ALGEBRAIC_SCOUT.md:35:nilpotent-image action, sum/product squaring closure, generic affine/linear
/root/autodl-tmp/hilbert-polya-structure/symbolic_dynamics/docs/papers162_166_sequence/scouting/replacement_arithmetic_hybrid/verify_scout.py:414:    line("AH07_markoff_vieta", f5trip, lambda v: (v[0], v[1], (v[0] * v[1] - v[2]) % 5))
/root/autodl-tmp/hilbert-polya-structure/symbolic_dynamics/docs/papers162_166_sequence/scouting/replacement_arithmetic_hybrid/verify_scout.py:430:    line("AH12_sum_product_compressor", f5pair,
/root/autodl-tmp/hilbert-polya-structure/symbolic_dynamics/docs/papers122_126_sequence/scouting/algebraic/SCOUT.md:60:| C8 | Vieta fold on (\mathbb F_q^2): (T(a,b)=(a+b,ab)). | For odd (q), image size (q(q+1)/2), (q) singleton fibres and (q(q-1)/2) double fibres; exactly (q) fixed states. | **RESERVE.** First-step quotient is elementary-symmetric/S2 ownership; observed periods and depths do not yet have a clean parameter law. |
/root/autodl-tmp/hilbert-polya-structure/symbolic_dynamics/docs/papers122_126_sequence/scouting/algebraic/SCOUT.md:61:| C9 | Cubic Vieta fold on (\mathbb F_q^3): (T(a,b,c)=(a+b+c,ab+ac+bc,abc)). | Static fibres are controlled by root multiplicity and the (S_3)-stabilizer, with characteristic 2 and 3 ramification. | **KILL/PARK:** the signal is a standard symmetric quotient, not a temporal theorem. |
/root/autodl-tmp/hilbert-polya-structure/symbolic_dynamics/docs/papers122_126_sequence/scouting/algebraic/SCOUT.md:174:### 5. C8 — Vieta-fold reserve
/root/autodl-tmp/hilbert-polya-structure/symbolic_dynamics/docs/papers122_126_sequence/scouting/algebraic/SCOUT.md:190:| C8/C9 | `BOUNDED_NO_DIRECT_HIT` for iteration of the Vieta coefficient tuple. | [Bergelson and Moreira, *Ergodic Theorem involving additive and multiplicative groups of a field and \(\{x+y,xy\}\) patterns*](https://arxiv.org/abs/1307.6242) owns an additive/multiplicative pattern, not this iteration. Elementary-symmetric quotient fibres are classical and fully subtracted. |
/root/autodl-tmp/hilbert-polya-structure/symbolic_dynamics/docs/papers122_126_sequence/scouting/algebraic/SCOUT.md:196:Queries included exact strings and algebraically equivalent phrases such as `"AA^T-A^TA" finite field map`, `transpose self-commutator dynamics`, `"x(I:y)+y(I:x)"`, `cross colon monomial ideal dynamics`, `subspace lattice Fibonacci nilpotent recurrence`, `"(x+y,xy)" finite field dynamics`, `Heisenberg Nielsen transformation cycles`, `Hurwitz action pairs`, and `"(AB,BA)" matrix dynamics`. Searches were also made in arXiv and official publisher indexes. No secondary survey or search-result snippet is being treated as ownership evidence.
/root/autodl-tmp/hilbert-polya-structure/symbolic_dynamics/docs/papers132_136_sequence/scouting/algebraic/verify_algebraic_scout.py:1220:              "Vieta move is not involutory")
/root/autodl-tmp/hilbert-polya-structure/symbolic_dynamics/docs/papers132_136_sequence/scouting/algebraic/verify_algebraic_scout.py:1225:        "F_p^3; one Vieta move (x,y,z)->(x,y,xy-z)",
/root/autodl-tmp/hilbert-polya-structure/symbolic_dynamics/docs/papers132_136_sequence/scouting/algebraic/verify_algebraic_scout.py:1227:        "KILL_DIRECT_OWNER", "one Markoff Vieta involution is definition-level background",
/root/autodl-tmp/hilbert-polya-structure/symbolic_dynamics/docs/papers162_166_sequence/scouting/replacement_nonlinear_algebra/SCOUT.md:53:| `NL15/MDQ` | On `F_p^2`, `T(x,y)=(xy,x-y)`. | heights for `p=3,5,7` are `3,6,6`; cycle types vary. | No uniform temporal reduction survived the prime scan. | A target `(u,v)` has `1+chi(v^2+4u)` sources.  This is the unordered-root/Vieta quotient under a linear sign swap. | Static discriminant fibres collide with the P122–P126 Vieta-fold scout and P125; temporal axis is weak. **`KILL_VIETA_QUOTIENT`.** |
/root/autodl-tmp/hilbert-polya-structure/symbolic_dynamics/docs/papers162_166_sequence/scouting/replacement_nonlinear_algebra/SCOUT.md:116:| `NL13`–`NL15` | P108 Fibonacci absorption; P121 product-plus-one; P125 quadratic shear; P150 Lyness; P122–P126 Vieta-fold scout | `NL13` is a scalar skew product; `NL14` has no period theorem; `NL15` is a static Vieta quotient.  None may re-enter through a renamed quadratic map. |
/root/autodl-tmp/hilbert-polya-structure/symbolic_dynamics/docs/papers157_161_sequence/phase1/combinatorial_gate/verify_replacement_scout.py:226:# MVT: Markoff-surface Vieta rotor over finite prime fields.
/root/autodl-tmp/hilbert-polya-structure/symbolic_dynamics/docs/papers157_161_sequence/phase1/combinatorial_gate/REPLACEMENT_SCOUT.md:43:| 3 | `MVT` | Markoff triples over `F_p` | `(x,y,z)->(y,z,3yz-x)` | rich prime-dependent cycle spectra | `KILL_DIRECT_VIETA_ACTION` |
/root/autodl-tmp/hilbert-polya-structure/symbolic_dynamics/docs/papers157_161_sequence/phase1/combinatorial_gate/REPLACEMENT_SCOUT.md:132:## 3. `MVT`: Markoff--Vieta rotor over finite fields
/root/autodl-tmp/hilbert-polya-structure/symbolic_dynamics/docs/papers157_161_sequence/phase1/combinatorial_gate/REPLACEMENT_SCOUT.md:139:- **Candidate theorem.** Resolve the cycle lengths of this fixed Vieta word,
/root/autodl-tmp/hilbert-polya-structure/symbolic_dynamics/docs/papers157_161_sequence/phase1/combinatorial_gate/REPLACEMENT_SCOUT.md:143:  Vieta involution.  Markoff-surface modular-group actions, their finite-field
/root/autodl-tmp/hilbert-polya-structure/symbolic_dynamics/docs/papers157_161_sequence/phase1/combinatorial_gate/REPLACEMENT_SCOUT.md:147:  **Verdict: `KILL_DIRECT_VIETA_ACTION`.**
/root/autodl-tmp/hilbert-polya-structure/symbolic_dynamics/docs/papers132_136_sequence/scouting/algebraic/SCOUT.md:108:| `G02` | `F_p^3`; `(x,y,z)->(x,y,xy-z)`. | 1,826 states; **5,482** assertions.  Involution with `p^2` fixed states. | **KILL DIRECT OWNER.**  A single Vieta move. |
/root/autodl-tmp/hilbert-polya-structure/symbolic_dynamics/docs/papers157_161_sequence/scouting/replacement_probabilistic_geometric/verify_replacement_scout.py:722:# 10. VMD: positive Markov-triple Vieta descent
/root/autodl-tmp/hilbert-polya-structure/symbolic_dynamics/docs/papers157_161_sequence/scouting/replacement_probabilistic_geometric/verify_replacement_scout.py:764:        "Markov-triple Vieta descent",
/root/autodl-tmp/hilbert-polya-structure/symbolic_dynamics/docs/papers162_166_sequence/scouting/geometry_group/SCOUT.md:42:  pairs, harmonic conjugation, projective polarity, Vieta replacement,
/root/autodl-tmp/hilbert-polya-structure/symbolic_dynamics/docs/papers162_166_sequence/scouting/geometry_group/SCOUT.md:50:  Lyness/Vieta/orthocenter systems.
/root/autodl-tmp/hilbert-polya-structure/symbolic_dynamics/docs/papers162_166_sequence/scouting/replacement_arithmetic_hybrid/SCOUT.md:71:| `AH07/MVI` | `F_p^3`, with `T(x,y,z)=(x,y,xy-z)`. | `p=5`: `125/125/25/0`, `C=1:25,2:50`, all fibres one. | Exact involution and fixed hyperplanes. | This is the standard Vieta involution on Markoff-type cubics, directly owned in the finite-field Markoff literature. **`KILL_DIRECT_VIETA_OWNER`.** |
/root/autodl-tmp/hilbert-polya-structure/symbolic_dynamics/docs/papers162_166_sequence/scouting/replacement_arithmetic_hybrid/SCOUT.md:72:| `AH08/HCM` | `F_p^3`, with cyclic Vieta update `T(x,y,z)=(y,z,yz-x)`. | `p=5`: bijective on 125 states with cycle lengths `1,2,3,4,6,7,10,12,21,30`. | A polynomial automorphism preserving Markoff-type level sets. | The dense cycle spectrum is not a sharp uniform clock; Markoff automorphism orbits over finite fields are a direct research object. **`KILL_DIRECT_MARKOFF_ACTION`.** |
/root/autodl-tmp/hilbert-polya-structure/symbolic_dynamics/docs/papers162_166_sequence/scouting/replacement_arithmetic_hybrid/SCOUT.md:76:| `AH12/SPC` | `F_p^2`, with symmetric sum--product compression `T(x,y)=(x+y+xy,xy)`. | `p=5`: `25/15/5/2`, `C=1:5,2:2,3:1`; 10 targets have two sources. | One-step fibres are the roots of `X^2-(u-v)X+v`. | The discriminant gives a static `0/1/2` fibre law, but cycle data already vary at `p=3,5,7`; this is the previously rejected Vieta/unordered-root quotient engine, not a temporal theorem. **`KILL_STATIC_DISCRIMINANT_ONLY`.** |
/root/autodl-tmp/hilbert-polya-structure/symbolic_dynamics/docs/papers162_166_sequence/scouting/replacement_arithmetic_hybrid/SCOUT.md:159:| `AH07`--`AH12` | P125 quadratic shear, P150 Lyness, current nonlinear-algebra Vieta controls | Markoff/Vieta/Henon actions are externally owner-dense; `AH12` leaves only a discriminant fibre after its temporal failure. |
/root/autodl-tmp/hilbert-polya-structure/symbolic_dynamics/docs/papers167_171_sequence/scouting/p170_replacement_lane/SCOUT.md:74:| `F01` | `(x,y)->(x+y,xy)` | every fibre at most two, but periods vary among `1,4,6,8,10`; maximum tails `2,4,4,8,13,18,14,26` | inverse is the classical quadratic discriminant; temporal graph is arithmetically irregular and has no uniform theorem spine |
/root/autodl-tmp/hilbert-polya-structure/symbolic_dynamics/papers/31-wilson-semiring-verifier-trichotomy/sections/B_scope_declarations.tex:15:Alphabet sum/product, zero, unit, successor order, source equality, quotient/remainder, congruence, and entropy
/root/autodl-tmp/symbolic_dynamics/docs/papers204_208_sequence/scouting/finite_systems_eleventh/PROOF_AND_DISPOSITION.md:131:only Vieta and the elementary square-root count in a prime field.
/root/autodl-tmp/hilbert-polya-structure/symbolic_dynamics/papers/47-harmonic-egyptian-mordell-tornheim/preauthority/PROOF_PACKAGE.md:43:or \(a+b\mid gab\). Since \((a+b,ab)=1\), this is equivalent to
/root/autodl-tmp/hilbert-polya-structure/symbolic_dynamics/papers/46-dyadic-sum-hankel-cycle-calculus/appendices/B_determinant_products.tex:8:\begin{lemma}[Square-summable direct-sum product]
/root/autodl-tmp/hilbert-polya-structure/symbolic_dynamics/papers/47-harmonic-egyptian-mordell-tornheim/sections/03_graph_coordinates.tex:71:$(a+b,ab)=1$, it is equivalent to $a+b\mid g$; writing $g=t(a+b)$ gives
/root/autodl-tmp/symbolic_dynamics/docs/papers132_136_sequence/scouting/algebraic/verify_algebraic_scout.py:1220:              "Vieta move is not involutory")
/root/autodl-tmp/symbolic_dynamics/docs/papers132_136_sequence/scouting/algebraic/verify_algebraic_scout.py:1225:        "F_p^3; one Vieta move (x,y,z)->(x,y,xy-z)",
/root/autodl-tmp/symbolic_dynamics/docs/papers132_136_sequence/scouting/algebraic/verify_algebraic_scout.py:1227:        "KILL_DIRECT_OWNER", "one Markoff Vieta involution is definition-level background",
/root/autodl-tmp/symbolic_dynamics/docs/papers107_111_sequence/scouting/ALGEBRAIC_SCOUT.md:130:Quadratic matrix-equation solution counts also have a direct literature; see
/root/autodl-tmp/symbolic_dynamics/docs/papers107_111_sequence/scouting/ALGEBRAIC_SCOUT.md:131:Y. Chen and X. Zhang, *A Class of Quadratic Matrix Equations over Finite
/root/autodl-tmp/symbolic_dynamics/docs/papers107_111_sequence/scouting/ALGEBRAIC_SCOUT.md:454:matrix theory, q-derangements, and quadratic-matrix-equation counts.  External
/root/autodl-tmp/symbolic_dynamics/docs/papers162_166_sequence/scouting/geometry_group/SCOUT.md:42:  pairs, harmonic conjugation, projective polarity, Vieta replacement,
/root/autodl-tmp/symbolic_dynamics/docs/papers162_166_sequence/scouting/geometry_group/SCOUT.md:50:  Lyness/Vieta/orthocenter systems.
/root/autodl-tmp/symbolic_dynamics/docs/papers107_111_sequence/phase1/CANDIDATE_POOL_AND_KILL_LEDGER.md:23:| order-three matrix Möbius action | exact phase/fixed/3-cycle formulas | KILL INTERNAL | full finite matrix phase immediately repeats P103's object class; quadratic matrix-equation and q-derangement owners are close |
/root/autodl-tmp/symbolic_dynamics/docs/papers162_166_sequence/scouting/replacement_nonlinear_algebra/SCOUT.md:53:| `NL15/MDQ` | On `F_p^2`, `T(x,y)=(xy,x-y)`. | heights for `p=3,5,7` are `3,6,6`; cycle types vary. | No uniform temporal reduction survived the prime scan. | A target `(u,v)` has `1+chi(v^2+4u)` sources.  This is the unordered-root/Vieta quotient under a linear sign swap. | Static discriminant fibres collide with the P122–P126 Vieta-fold scout and P125; temporal axis is weak. **`KILL_VIETA_QUOTIENT`.** |
/root/autodl-tmp/symbolic_dynamics/docs/papers162_166_sequence/scouting/replacement_nonlinear_algebra/SCOUT.md:116:| `NL13`–`NL15` | P108 Fibonacci absorption; P121 product-plus-one; P125 quadratic shear; P150 Lyness; P122–P126 Vieta-fold scout | `NL13` is a scalar skew product; `NL14` has no period theorem; `NL15` is a static Vieta quotient.  None may re-enter through a renamed quadratic map. |
/root/autodl-tmp/hilbert-polya-structure/symbolic_dynamics/papers/47-harmonic-egyptian-mordell-tornheim/appendices/A_arithmetic_details.tex:13: (a+b,ab)=1.
/root/autodl-tmp/symbolic_dynamics/docs/papers197_201_sequence/scouting/word_poset_lane/BREADTH_AND_KILL_LEDGER.md:19:| 9 / `C09_BES` | For `R=(F_2)^r`, map `(x_1,...,x_k)` to its full elementary-symmetric tuple `(e_1,...,e_k)`. | `k=5,r=2`: 1,024 states, image 36, fixed 9, depth `0:9,1:247,2:768`, max fibre 100. | Each atom of `R` reduces to `w -> (binom(w,j) mod 2)_j`; the next weight is `2^popcount(w)-1`. | **`KILL_VIETA_NORMAL_FORM_COMPRESSION`.** Coordinatewise canonical invariant extraction, tail at most two. |
/root/autodl-tmp/symbolic_dynamics/docs/papers112_116_sequence/scouting/ALGEBRAIC_SCOUT.md:35:nilpotent-image action, sum/product squaring closure, generic affine/linear
/root/autodl-tmp/symbolic_dynamics/docs/papers204_208_sequence/scouting/algebra_second/SCOUT_REPORT.md:19:| SP | F_p^2; (x,y)->(x+y,xy) | p=2,3,5,7,11,13; last H18, core17. | Every fibre is the ordered root pairs of T²-sT+t, so the inverse axis is classical Viète/discriminant algebra. No uniform temporal theorem; reject. |
/root/autodl-tmp/symbolic_dynamics/docs/papers122_126_sequence/scouting/algebraic/SCOUT.md:60:| C8 | Vieta fold on (\mathbb F_q^2): (T(a,b)=(a+b,ab)). | For odd (q), image size (q(q+1)/2), (q) singleton fibres and (q(q-1)/2) double fibres; exactly (q) fixed states. | **RESERVE.** First-step quotient is elementary-symmetric/S2 ownership; observed periods and depths do not yet have a clean parameter law. |
/root/autodl-tmp/symbolic_dynamics/docs/papers122_126_sequence/scouting/algebraic/SCOUT.md:61:| C9 | Cubic Vieta fold on (\mathbb F_q^3): (T(a,b,c)=(a+b+c,ab+ac+bc,abc)). | Static fibres are controlled by root multiplicity and the (S_3)-stabilizer, with characteristic 2 and 3 ramification. | **KILL/PARK:** the signal is a standard symmetric quotient, not a temporal theorem. |
/root/autodl-tmp/symbolic_dynamics/docs/papers122_126_sequence/scouting/algebraic/SCOUT.md:174:### 5. C8 — Vieta-fold reserve
/root/autodl-tmp/symbolic_dynamics/docs/papers122_126_sequence/scouting/algebraic/SCOUT.md:190:| C8/C9 | `BOUNDED_NO_DIRECT_HIT` for iteration of the Vieta coefficient tuple. | [Bergelson and Moreira, *Ergodic Theorem involving additive and multiplicative groups of a field and \(\{x+y,xy\}\) patterns*](https://arxiv.org/abs/1307.6242) owns an additive/multiplicative pattern, not this iteration. Elementary-symmetric quotient fibres are classical and fully subtracted. |
/root/autodl-tmp/symbolic_dynamics/docs/papers122_126_sequence/scouting/algebraic/SCOUT.md:196:Queries included exact strings and algebraically equivalent phrases such as `"AA^T-A^TA" finite field map`, `transpose self-commutator dynamics`, `"x(I:y)+y(I:x)"`, `cross colon monomial ideal dynamics`, `subspace lattice Fibonacci nilpotent recurrence`, `"(x+y,xy)" finite field dynamics`, `Heisenberg Nielsen transformation cycles`, `Hurwitz action pairs`, and `"(AB,BA)" matrix dynamics`. Searches were also made in arXiv and official publisher indexes. No secondary survey or search-result snippet is being treated as ownership evidence.
/root/autodl-tmp/symbolic_dynamics/docs/papers157_161_sequence/phase1/combinatorial_gate/verify_replacement_scout.py:226:# MVT: Markoff-surface Vieta rotor over finite prime fields.
/root/autodl-tmp/symbolic_dynamics/docs/papers132_136_sequence/scouting/algebraic/SCOUT.md:108:| `G02` | `F_p^3`; `(x,y,z)->(x,y,xy-z)`. | 1,826 states; **5,482** assertions.  Involution with `p^2` fixed states. | **KILL DIRECT OWNER.**  A single Vieta move. |
/root/autodl-tmp/symbolic_dynamics/docs/papers157_161_sequence/scouting/replacement_probabilistic_geometric/SCOUT.md:28:| `VMD` | Sorted positive Markoff triples; apply the unique sum-decreasing Vieta mutation. | Levels 0--8: `1,1,1,2,4,8,16,32,64`. | Exact depth versus parent/child component census. | This is the classical Markoff tree itself. | `KILL_DIRECT_MARKOFF_TREE` |
/root/autodl-tmp/symbolic_dynamics/docs/papers162_166_sequence/scouting/replacement_arithmetic_hybrid/verify_scout.py:414:    line("AH07_markoff_vieta", f5trip, lambda v: (v[0], v[1], (v[0] * v[1] - v[2]) % 5))
/root/autodl-tmp/symbolic_dynamics/docs/papers162_166_sequence/scouting/replacement_arithmetic_hybrid/verify_scout.py:430:    line("AH12_sum_product_compressor", f5pair,
/root/autodl-tmp/symbolic_dynamics/docs/papers157_161_sequence/phase1/combinatorial_gate/REPLACEMENT_SCOUT.md:43:| 3 | `MVT` | Markoff triples over `F_p` | `(x,y,z)->(y,z,3yz-x)` | rich prime-dependent cycle spectra | `KILL_DIRECT_VIETA_ACTION` |
/root/autodl-tmp/symbolic_dynamics/docs/papers157_161_sequence/phase1/combinatorial_gate/REPLACEMENT_SCOUT.md:132:## 3. `MVT`: Markoff--Vieta rotor over finite fields
/root/autodl-tmp/symbolic_dynamics/docs/papers157_161_sequence/phase1/combinatorial_gate/REPLACEMENT_SCOUT.md:139:- **Candidate theorem.** Resolve the cycle lengths of this fixed Vieta word,
/root/autodl-tmp/symbolic_dynamics/docs/papers157_161_sequence/phase1/combinatorial_gate/REPLACEMENT_SCOUT.md:143:  Vieta involution.  Markoff-surface modular-group actions, their finite-field
/root/autodl-tmp/symbolic_dynamics/docs/papers157_161_sequence/phase1/combinatorial_gate/REPLACEMENT_SCOUT.md:147:  **Verdict: `KILL_DIRECT_VIETA_ACTION`.**
/root/autodl-tmp/symbolic_dynamics/docs/papers167_171_sequence/scouting/p170_replacement_lane/SCOUT.md:74:| `F01` | `(x,y)->(x+y,xy)` | every fibre at most two, but periods vary among `1,4,6,8,10`; maximum tails `2,4,4,8,13,18,14,26` | inverse is the classical quadratic discriminant; temporal graph is arithmetically irregular and has no uniform theorem spine |
/root/autodl-tmp/symbolic_dynamics/docs/papers152_156_sequence/scouting/algebraic_replacement2/SCOUT.md:46:| `ESP` | `F_p^2`, `(x,y)->(xy,x+y)` | complete Vieta fibres; temporal graph jumps with `p` | `KILL_WEAK_TEMPORAL` |
/root/autodl-tmp/symbolic_dynamics/docs/papers152_156_sequence/scouting/algebraic_replacement2/SCOUT.md:50:| `MRK` | Markoff surface over `F_p`, `(x,y,z)->(y,z,3yz-x)` | rich Vieta-rotor periods; fibre identically one | `KILL_DIRECT_ACTION_OWNER` |
/root/autodl-tmp/symbolic_dynamics/docs/papers152_156_sequence/scouting/algebraic_replacement2/SCOUT.md:153:This is precisely the degree-two symmetric quotient/Vieta calculation.  It is
/root/autodl-tmp/symbolic_dynamics/docs/papers152_156_sequence/scouting/algebraic_replacement2/SCOUT.md:221:## 6. `MRK`: Markoff Vieta rotor
/root/autodl-tmp/symbolic_dynamics/docs/papers152_156_sequence/scouting/algebraic_replacement2/SCOUT.md:232:Sarnak directly study the group of morphisms generated by these Vieta
/root/autodl-tmp/symbolic_dynamics/papers/46-dyadic-sum-hankel-cycle-calculus/appendices/B_determinant_products.tex:8:\begin{lemma}[Square-summable direct-sum product]
/root/autodl-tmp/symbolic_dynamics/docs/papers157_161_sequence/scouting/replacement_geometry_mechanism/SCOUT.md:48:| 9 | `VIE` | `F_p^3`; one Vieta mutation | exactly `p^2` fixed points and all other points in 2-cycles | **`KILL_CLASSICAL_VIETA_INVOLUTION`** |
/root/autodl-tmp/symbolic_dynamics/docs/papers157_161_sequence/scouting/replacement_geometry_mechanism/SCOUT.md:212:### `VIE` -- one-coordinate Vieta mutation
/root/autodl-tmp/symbolic_dynamics/docs/papers157_161_sequence/scouting/replacement_geometry_mechanism/SCOUT.md:222:- **Verdict.**  **`KILL_CLASSICAL_VIETA_INVOLUTION`**.
/root/autodl-tmp/symbolic_dynamics/docs/papers157_161_sequence/scouting/replacement_geometry_mechanism/SCOUT.md:337:| `VIE` | finite-field triples near P125/P150 | Vieta mutation is a named classical involution | fixed hypergraph plus 2-cycles | all fibres singleton | `z -> xy-z` twice; fatal thinness/owner |
/root/autodl-tmp/symbolic_dynamics/papers/47-harmonic-egyptian-mordell-tornheim/sections/03_graph_coordinates.tex:71:$(a+b,ab)=1$, it is equivalent to $a+b\mid g$; writing $g=t(a+b)$ gives
/root/autodl-tmp/symbolic_dynamics/docs/papers157_161_sequence/scouting/replacement_probabilistic_geometric/verify_replacement_scout.py:722:# 10. VMD: positive Markov-triple Vieta descent
/root/autodl-tmp/symbolic_dynamics/docs/papers157_161_sequence/scouting/replacement_probabilistic_geometric/verify_replacement_scout.py:764:        "Markov-triple Vieta descent",
/root/autodl-tmp/symbolic_dynamics/papers/47-harmonic-egyptian-mordell-tornheim/appendices/A_arithmetic_details.tex:13: (a+b,ab)=1.
/root/autodl-tmp/symbolic_dynamics/papers/31-wilson-semiring-verifier-trichotomy/PROOF_PACKAGE.md:77:the alphabet-sum/product skeleton of finite full shifts.
/root/autodl-tmp/symbolic_dynamics/docs/papers162_166_sequence/scouting/replacement_arithmetic_hybrid/SCOUT.md:71:| `AH07/MVI` | `F_p^3`, with `T(x,y,z)=(x,y,xy-z)`. | `p=5`: `125/125/25/0`, `C=1:25,2:50`, all fibres one. | Exact involution and fixed hyperplanes. | This is the standard Vieta involution on Markoff-type cubics, directly owned in the finite-field Markoff literature. **`KILL_DIRECT_VIETA_OWNER`.** |
/root/autodl-tmp/symbolic_dynamics/docs/papers162_166_sequence/scouting/replacement_arithmetic_hybrid/SCOUT.md:72:| `AH08/HCM` | `F_p^3`, with cyclic Vieta update `T(x,y,z)=(y,z,yz-x)`. | `p=5`: bijective on 125 states with cycle lengths `1,2,3,4,6,7,10,12,21,30`. | A polynomial automorphism preserving Markoff-type level sets. | The dense cycle spectrum is not a sharp uniform clock; Markoff automorphism orbits over finite fields are a direct research object. **`KILL_DIRECT_MARKOFF_ACTION`.** |
/root/autodl-tmp/symbolic_dynamics/docs/papers162_166_sequence/scouting/replacement_arithmetic_hybrid/SCOUT.md:76:| `AH12/SPC` | `F_p^2`, with symmetric sum--product compression `T(x,y)=(x+y+xy,xy)`. | `p=5`: `25/15/5/2`, `C=1:5,2:2,3:1`; 10 targets have two sources. | One-step fibres are the roots of `X^2-(u-v)X+v`. | The discriminant gives a static `0/1/2` fibre law, but cycle data already vary at `p=3,5,7`; this is the previously rejected Vieta/unordered-root quotient engine, not a temporal theorem. **`KILL_STATIC_DISCRIMINANT_ONLY`.** |
/root/autodl-tmp/symbolic_dynamics/docs/papers162_166_sequence/scouting/replacement_arithmetic_hybrid/SCOUT.md:159:| `AH07`--`AH12` | P125 quadratic shear, P150 Lyness, current nonlinear-algebra Vieta controls | Markoff/Vieta/Henon actions are externally owner-dense; `AH12` leaves only a discriminant fibre after its temporal failure. |
/root/autodl-tmp/symbolic_dynamics/papers/31-wilson-semiring-verifier-trichotomy/sections/3_semiring_clones.tex:27:The map $n\mapsto[F_n]$ identifies the alphabet-sum/product skeleton of finite
/root/autodl-tmp/symbolic_dynamics/docs/papers197_201_sequence/scouting/algebra_lane/BREADTH_AND_KILL_LEDGER.md:145:### Rank 4: least-nonsquare Vieta scheduler (`LNV`)
/root/autodl-tmp/symbolic_dynamics/docs/papers197_201_sequence/scouting/algebra_lane/BREADTH_AND_KILL_LEDGER.md:168:  hold region; a selected Vieta involution can itself fix a point.
/root/autodl-tmp/symbolic_dynamics/docs/papers197_201_sequence/scouting/algebra_lane/BREADTH_AND_KILL_LEDGER.md:169:- **Collision:** literal Markoff/Vieta involutions and invariant, already
/root/autodl-tmp/symbolic_dynamics/docs/papers197_201_sequence/scouting/algebra_lane/BREADTH_AND_KILL_LEDGER.md:171:- **Disposition:** `KILL_DIRECT_MARKOFF_VIETA_OWNER`.
/root/autodl-tmp/symbolic_dynamics/docs/papers197_201_sequence/scouting/algebra_lane/BREADTH_AND_KILL_LEDGER.md:300:- **Collision:** pure Vieta/symmetric-data normal-form compression.
/root/autodl-tmp/symbolic_dynamics/docs/papers197_201_sequence/scouting/algebra_lane/BREADTH_AND_KILL_LEDGER.md:301:- **Disposition:** `KILL_VIETA_NORMAL_FORM_COMPRESSION`.
/root/autodl-tmp/symbolic_dynamics/docs/papers177_181_sequence/scouting/algebra_lane/SCOUT_AND_KILL_LEDGER.md:52:| `C04/VTM` | \(\mathbb F_p^2\); \((x,y)\mapsto(x+y,xy)\). | Discriminant gives every fibre \(0/1/2\); periods and heights vary with \(p\). | Exact earlier `F01` literal in the P170 replacement lane. | **`REDISCOVERY_SENTINEL / EXCLUDED`.** |
/root/autodl-tmp/symbolic_dynamics/docs/papers204_208_sequence/scouting/finite_systems_eleventh/SCOUT_REPORT.md:19:| ACP | All monic coefficient vectors at `(degree,prime)=(2,3),(2,5),(2,7),(2,11),(3,5),(3,7),(4,5)`; 1,297 states | Genuine four-cycles already at quadratic prime 11, including an off-anchor-zero cycle; cubic prime 7 and quartic prime 5 have tail 10. Quadratic every-target inverse and sharp fibre maximum are completely derived, but are elementary Vieta/square-character content. No full-carrier all-parameter temporal proof. **NO_PROMOTION**. |
/root/autodl-tmp/symbolic_dynamics/papers/47-harmonic-egyptian-mordell-tornheim/preauthority/PROOF_PACKAGE.md:43:or \(a+b\mid gab\). Since \((a+b,ab)=1\), this is equivalent to
/root/autodl-tmp/symbolic_dynamics/papers/31-wilson-semiring-verifier-trichotomy/sections/B_scope_declarations.tex:15:Alphabet sum/product, zero, unit, successor order, source equality, quotient/remainder, congruence, and entropy
