/root/miniconda3/lib/python3.12/lib-dynload/_asyncio.cpython-312-x86_64-linux-gnu.so:
	linux-vdso.so.1 (0x00007ffd98708000)
	libc.so.6 => /usr/lib/x86_64-linux-gnu/libc.so.6 (0x00007f330ec0d000)
	/lib64/ld-linux-x86-64.so.2 (0x00007f330ee5c000)
/root/miniconda3/lib/python3.12/lib-dynload/_bisect.cpython-312-x86_64-linux-gnu.so:
	linux-vdso.so.1 (0x00007ffed9797000)
	libc.so.6 => /usr/lib/x86_64-linux-gnu/libc.so.6 (0x00007fc0dad71000)
	/lib64/ld-linux-x86-64.so.2 (0x00007fc0dafb5000)
/root/miniconda3/lib/python3.12/lib-dynload/_blake2.cpython-312-x86_64-linux-gnu.so:
	linux-vdso.so.1 (0x00007ffcbc3e7000)
	libc.so.6 => /usr/lib/x86_64-linux-gnu/libc.so.6 (0x00007fe58c484000)
	/lib64/ld-linux-x86-64.so.2 (0x00007fe58c6ce000)
/root/miniconda3/lib/python3.12/lib-dynload/_bz2.cpython-312-x86_64-linux-gnu.so:
	linux-vdso.so.1 (0x00007ffc873b8000)
	libbz2.so.1.0 => /root/miniconda3/lib/python3.12/lib-dynload/../../libbz2.so.1.0 (0x00007f26b52a2000)
	libc.so.6 => /usr/lib/x86_64-linux-gnu/libc.so.6 (0x00007f26b5068000)
	/lib64/ld-linux-x86-64.so.2 (0x00007f26b52c0000)
/root/miniconda3/lib/python3.12/lib-dynload/_codecs_cn.cpython-312-x86_64-linux-gnu.so:
	linux-vdso.so.1 (0x00007fff9433f000)
	libc.so.6 => /usr/lib/x86_64-linux-gnu/libc.so.6 (0x00007f871e02d000)
	/lib64/ld-linux-x86-64.so.2 (0x00007f871e291000)
/root/miniconda3/lib/python3.12/lib-dynload/_codecs_hk.cpython-312-x86_64-linux-gnu.so:
	linux-vdso.so.1 (0x00007ffe06372000)
	libc.so.6 => /usr/lib/x86_64-linux-gnu/libc.so.6 (0x00007f3b67096000)
	/lib64/ld-linux-x86-64.so.2 (0x00007f3b672fb000)
/root/miniconda3/lib/python3.12/lib-dynload/_codecs_iso2022.cpython-312-x86_64-linux-gnu.so:
	linux-vdso.so.1 (0x00007ffd585d2000)
	libc.so.6 => /usr/lib/x86_64-linux-gnu/libc.so.6 (0x00007ff45e4e8000)
	/lib64/ld-linux-x86-64.so.2 (0x00007ff45e72d000)
/root/miniconda3/lib/python3.12/lib-dynload/_codecs_jp.cpython-312-x86_64-linux-gnu.so:
	linux-vdso.so.1 (0x00007ffddb9ca000)
	libc.so.6 => /usr/lib/x86_64-linux-gnu/libc.so.6 (0x00007f8763526000)
	/lib64/ld-linux-x86-64.so.2 (0x00007f87637a6000)
/root/miniconda3/lib/python3.12/lib-dynload/_codecs_kr.cpython-312-x86_64-linux-gnu.so:
	linux-vdso.so.1 (0x00007ffd12dfd000)
	libc.so.6 => /usr/lib/x86_64-linux-gnu/libc.so.6 (0x00007f11c889d000)
	/lib64/ld-linux-x86-64.so.2 (0x00007f11c8afd000)
/root/miniconda3/lib/python3.12/lib-dynload/_codecs_tw.cpython-312-x86_64-linux-gnu.so:
	linux-vdso.so.1 (0x00007fff045de000)
	libc.so.6 => /usr/lib/x86_64-linux-gnu/libc.so.6 (0x00007fc82f5ec000)
	/lib64/ld-linux-x86-64.so.2 (0x00007fc82f846000)
/root/miniconda3/lib/python3.12/lib-dynload/_contextvars.cpython-312-x86_64-linux-gnu.so:
	statically linked
/root/miniconda3/lib/python3.12/lib-dynload/_crypt.cpython-312-x86_64-linux-gnu.so:
	linux-vdso.so.1 (0x00007fff3d785000)
	libcrypt.so.1 => /usr/lib/x86_64-linux-gnu/libcrypt.so.1 (0x00007f31963c5000)
	libpthread.so.0 => /usr/lib/x86_64-linux-gnu/libpthread.so.0 (0x00007f31963c0000)
	libc.so.6 => /usr/lib/x86_64-linux-gnu/libc.so.6 (0x00007f3196197000)
	/lib64/ld-linux-x86-64.so.2 (0x00007f3196417000)
/root/miniconda3/lib/python3.12/lib-dynload/_csv.cpython-312-x86_64-linux-gnu.so:
	linux-vdso.so.1 (0x00007fff545fb000)
	libc.so.6 => /usr/lib/x86_64-linux-gnu/libc.so.6 (0x00007f2a45ab4000)
	/lib64/ld-linux-x86-64.so.2 (0x00007f2a45cfd000)
/root/miniconda3/lib/python3.12/lib-dynload/_ctypes.cpython-312-x86_64-linux-gnu.so:
	linux-vdso.so.1 (0x00007ffe53f53000)
	libffi.so.8 => /root/miniconda3/lib/python3.12/lib-dynload/../../libffi.so.8 (0x00007f6342116000)
	libdl.so.2 => /usr/lib/x86_64-linux-gnu/libdl.so.2 (0x00007f6342100000)
	libpthread.so.0 => /usr/lib/x86_64-linux-gnu/libpthread.so.0 (0x00007f63420fb000)
	libc.so.6 => /usr/lib/x86_64-linux-gnu/libc.so.6 (0x00007f6341ed2000)
	/lib64/ld-linux-x86-64.so.2 (0x00007f634214a000)
/root/miniconda3/lib/python3.12/lib-dynload/_ctypes_test.cpython-312-x86_64-linux-gnu.so:
	linux-vdso.so.1 (0x00007ffd4f1bf000)
	libm.so.6 => /usr/lib/x86_64-linux-gnu/libm.so.6 (0x00007f58e8791000)
	libpthread.so.0 => /usr/lib/x86_64-linux-gnu/libpthread.so.0 (0x00007f58e878c000)
	libc.so.6 => /usr/lib/x86_64-linux-gnu/libc.so.6 (0x00007f58e8563000)
	/lib64/ld-linux-x86-64.so.2 (0x00007f58e8894000)
/root/miniconda3/lib/python3.12/lib-dynload/_curses.cpython-312-x86_64-linux-gnu.so:
	linux-vdso.so.1 (0x00007ffca0ff4000)
	libncursesw.so.6 => /root/miniconda3/lib/python3.12/lib-dynload/../../libncursesw.so.6 (0x00007fb9b117d000)
	libtinfow.so.6 => /root/miniconda3/lib/python3.12/lib-dynload/../../libtinfow.so.6 (0x00007fb9b1138000)
	libpthread.so.0 => /usr/lib/x86_64-linux-gnu/libpthread.so.0 (0x00007fb9b1122000)
	libc.so.6 => /usr/lib/x86_64-linux-gnu/libc.so.6 (0x00007fb9b0ef9000)
	/lib64/ld-linux-x86-64.so.2 (0x00007fb9b11de000)
/root/miniconda3/lib/python3.12/lib-dynload/_curses_panel.cpython-312-x86_64-linux-gnu.so:
	linux-vdso.so.1 (0x00007ffc0d35c000)
	libpanelw.so.6 => /root/miniconda3/lib/python3.12/lib-dynload/../../libpanelw.so.6 (0x00007fe8ce2c7000)
	libc.so.6 => /usr/lib/x86_64-linux-gnu/libc.so.6 (0x00007fe8ce08d000)
	libncursesw.so.6 => /root/miniconda3/lib/python3.12/lib-dynload/../.././libncursesw.so.6 (0x00007fe8ce051000)
	libtinfow.so.6 => /root/miniconda3/lib/python3.12/lib-dynload/../.././libtinfow.so.6 (0x00007fe8ce00c000)
	/lib64/ld-linux-x86-64.so.2 (0x00007fe8ce2d8000)
/root/miniconda3/lib/python3.12/lib-dynload/_datetime.cpython-312-x86_64-linux-gnu.so:
	linux-vdso.so.1 (0x00007ffe64bf7000)
	libm.so.6 => /usr/lib/x86_64-linux-gnu/libm.so.6 (0x00007fb4c668d000)
	libpthread.so.0 => /usr/lib/x86_64-linux-gnu/libpthread.so.0 (0x00007fb4c6688000)
	libc.so.6 => /usr/lib/x86_64-linux-gnu/libc.so.6 (0x00007fb4c645f000)
	/lib64/ld-linux-x86-64.so.2 (0x00007fb4c67a7000)
/root/miniconda3/lib/python3.12/lib-dynload/_decimal.cpython-312-x86_64-linux-gnu.so:
	linux-vdso.so.1 (0x00007ffdc7374000)
	libm.so.6 => /usr/lib/x86_64-linux-gnu/libm.so.6 (0x00007ff8facef000)
	libpthread.so.0 => /usr/lib/x86_64-linux-gnu/libpthread.so.0 (0x00007ff8facea000)
	libc.so.6 => /usr/lib/x86_64-linux-gnu/libc.so.6 (0x00007ff8faac1000)
	/lib64/ld-linux-x86-64.so.2 (0x00007ff8fae3b000)
/root/miniconda3/lib/python3.12/lib-dynload/_elementtree.cpython-312-x86_64-linux-gnu.so:
	linux-vdso.so.1 (0x00007ffccd703000)
	libc.so.6 => /usr/lib/x86_64-linux-gnu/libc.so.6 (0x00007f8e7f385000)
	/lib64/ld-linux-x86-64.so.2 (0x00007f8e7f5d6000)
/root/miniconda3/lib/python3.12/lib-dynload/_hashlib.cpython-312-x86_64-linux-gnu.so:
	linux-vdso.so.1 (0x00007fffbbdc3000)
	libcrypto.so.3 => /root/miniconda3/lib/python3.12/lib-dynload/../../libcrypto.so.3 (0x00007fb5ed24b000)
	libc.so.6 => /usr/lib/x86_64-linux-gnu/libc.so.6 (0x00007fb5ed011000)
	libdl.so.2 => /usr/lib/x86_64-linux-gnu/libdl.so.2 (0x00007fb5ed00c000)
	libpthread.so.0 => /usr/lib/x86_64-linux-gnu/libpthread.so.0 (0x00007fb5ed007000)
	/lib64/ld-linux-x86-64.so.2 (0x00007fb5ed86f000)
/root/miniconda3/lib/python3.12/lib-dynload/_heapq.cpython-312-x86_64-linux-gnu.so:
	statically linked
/root/miniconda3/lib/python3.12/lib-dynload/_json.cpython-312-x86_64-linux-gnu.so:
	linux-vdso.so.1 (0x00007fff875c4000)
	libc.so.6 => /usr/lib/x86_64-linux-gnu/libc.so.6 (0x00007fc68c910000)
	/lib64/ld-linux-x86-64.so.2 (0x00007fc68cb59000)
/root/miniconda3/lib/python3.12/lib-dynload/_lsprof.cpython-312-x86_64-linux-gnu.so:
	linux-vdso.so.1 (0x00007fff1edf6000)
	libc.so.6 => /usr/lib/x86_64-linux-gnu/libc.so.6 (0x00007f8c84b04000)
	/lib64/ld-linux-x86-64.so.2 (0x00007f8c84d49000)
/root/miniconda3/lib/python3.12/lib-dynload/_lzma.cpython-312-x86_64-linux-gnu.so:
	linux-vdso.so.1 (0x00007fff5b546000)
	liblzma.so.5 => /root/miniconda3/lib/python3.12/lib-dynload/../../liblzma.so.5 (0x00007f8128a9d000)
	libc.so.6 => /usr/lib/x86_64-linux-gnu/libc.so.6 (0x00007f8128863000)
	libpthread.so.0 => /usr/lib/x86_64-linux-gnu/libpthread.so.0 (0x00007f812885e000)
	/lib64/ld-linux-x86-64.so.2 (0x00007f8128adb000)
/root/miniconda3/lib/python3.12/lib-dynload/_md5.cpython-312-x86_64-linux-gnu.so:
	linux-vdso.so.1 (0x00007ffdadff3000)
	libc.so.6 => /usr/lib/x86_64-linux-gnu/libc.so.6 (0x00007f183fdd0000)
	/lib64/ld-linux-x86-64.so.2 (0x00007f1840014000)
/root/miniconda3/lib/python3.12/lib-dynload/_multibytecodec.cpython-312-x86_64-linux-gnu.so:
	linux-vdso.so.1 (0x00007ffde24bc000)
	libc.so.6 => /usr/lib/x86_64-linux-gnu/libc.so.6 (0x00007fd2a5b41000)
	/lib64/ld-linux-x86-64.so.2 (0x00007fd2a5d8b000)
/root/miniconda3/lib/python3.12/lib-dynload/_multiprocessing.cpython-312-x86_64-linux-gnu.so:
	linux-vdso.so.1 (0x00007ffd0d5e9000)
	libpthread.so.0 => /usr/lib/x86_64-linux-gnu/libpthread.so.0 (0x00007f389a598000)
	libc.so.6 => /usr/lib/x86_64-linux-gnu/libc.so.6 (0x00007f389a36f000)
	/lib64/ld-linux-x86-64.so.2 (0x00007f389a5b6000)
/root/miniconda3/lib/python3.12/lib-dynload/_opcode.cpython-312-x86_64-linux-gnu.so:
	linux-vdso.so.1 (0x00007ffe27561000)
	libc.so.6 => /usr/lib/x86_64-linux-gnu/libc.so.6 (0x00007f33b3589000)
	/lib64/ld-linux-x86-64.so.2 (0x00007f33b37ca000)
/root/miniconda3/lib/python3.12/lib-dynload/_pickle.cpython-312-x86_64-linux-gnu.so:
	linux-vdso.so.1 (0x00007fff371f6000)
	libpthread.so.0 => /usr/lib/x86_64-linux-gnu/libpthread.so.0 (0x00007f494ab26000)
	libc.so.6 => /usr/lib/x86_64-linux-gnu/libc.so.6 (0x00007f494a8fd000)
	/lib64/ld-linux-x86-64.so.2 (0x00007f494ab60000)
/root/miniconda3/lib/python3.12/lib-dynload/_posixshmem.cpython-312-x86_64-linux-gnu.so:
	linux-vdso.so.1 (0x00007fff02f37000)
	librt.so.1 => /usr/lib/x86_64-linux-gnu/librt.so.1 (0x00007fdd07dc4000)
	libpthread.so.0 => /usr/lib/x86_64-linux-gnu/libpthread.so.0 (0x00007fdd07dbf000)
	libc.so.6 => /usr/lib/x86_64-linux-gnu/libc.so.6 (0x00007fdd07b96000)
	/lib64/ld-linux-x86-64.so.2 (0x00007fdd07de1000)
/root/miniconda3/lib/python3.12/lib-dynload/_posixsubprocess.cpython-312-x86_64-linux-gnu.so:
	linux-vdso.so.1 (0x00007ffd80fb1000)
	libpthread.so.0 => /usr/lib/x86_64-linux-gnu/libpthread.so.0 (0x00007fb7e45e4000)
	libc.so.6 => /usr/lib/x86_64-linux-gnu/libc.so.6 (0x00007fb7e43bb000)
	/lib64/ld-linux-x86-64.so.2 (0x00007fb7e4604000)
/root/miniconda3/lib/python3.12/lib-dynload/_queue.cpython-312-x86_64-linux-gnu.so:
	linux-vdso.so.1 (0x00007ffd389b5000)
	libc.so.6 => /usr/lib/x86_64-linux-gnu/libc.so.6 (0x00007ff59aa72000)
	/lib64/ld-linux-x86-64.so.2 (0x00007ff59acb4000)
/root/miniconda3/lib/python3.12/lib-dynload/_random.cpython-312-x86_64-linux-gnu.so:
	linux-vdso.so.1 (0x00007ffcaae5e000)
	libc.so.6 => /usr/lib/x86_64-linux-gnu/libc.so.6 (0x00007fcd1c4fd000)
	/lib64/ld-linux-x86-64.so.2 (0x00007fcd1c740000)
/root/miniconda3/lib/python3.12/lib-dynload/_sha1.cpython-312-x86_64-linux-gnu.so:
	linux-vdso.so.1 (0x00007ffd0fc3a000)
	libc.so.6 => /usr/lib/x86_64-linux-gnu/libc.so.6 (0x00007fe9eb7ee000)
	/lib64/ld-linux-x86-64.so.2 (0x00007fe9eba31000)
/root/miniconda3/lib/python3.12/lib-dynload/_sha2.cpython-312-x86_64-linux-gnu.so:
	linux-vdso.so.1 (0x00007ffcf9bfd000)
	libc.so.6 => /usr/lib/x86_64-linux-gnu/libc.so.6 (0x00007f0ee9887000)
	/lib64/ld-linux-x86-64.so.2 (0x00007f0ee9ad2000)
/root/miniconda3/lib/python3.12/lib-dynload/_sha3.cpython-312-x86_64-linux-gnu.so:
	linux-vdso.so.1 (0x00007ffd7e3ea000)
	libc.so.6 => /usr/lib/x86_64-linux-gnu/libc.so.6 (0x00007f06036c5000)
	/lib64/ld-linux-x86-64.so.2 (0x00007f060390a000)
/root/miniconda3/lib/python3.12/lib-dynload/_socket.cpython-312-x86_64-linux-gnu.so:
	linux-vdso.so.1 (0x00007ffe7bd80000)
	libpthread.so.0 => /usr/lib/x86_64-linux-gnu/libpthread.so.0 (0x00007f0625071000)
	libc.so.6 => /usr/lib/x86_64-linux-gnu/libc.so.6 (0x00007f0624e48000)
	/lib64/ld-linux-x86-64.so.2 (0x00007f06250a3000)
/root/miniconda3/lib/python3.12/lib-dynload/_sqlite3.cpython-312-x86_64-linux-gnu.so:
	linux-vdso.so.1 (0x00007ffc1a37f000)
	libsqlite3.so.0 => /root/miniconda3/lib/python3.12/lib-dynload/../../libsqlite3.so.0 (0x00007f523947e000)
	libc.so.6 => /usr/lib/x86_64-linux-gnu/libc.so.6 (0x00007f5239244000)
	libpthread.so.0 => /usr/lib/x86_64-linux-gnu/libpthread.so.0 (0x00007f523923f000)
	libm.so.6 => /usr/lib/x86_64-linux-gnu/libm.so.6 (0x00007f5239158000)
	libdl.so.2 => /usr/lib/x86_64-linux-gnu/libdl.so.2 (0x00007f5239153000)
	/lib64/ld-linux-x86-64.so.2 (0x00007f5239636000)
/root/miniconda3/lib/python3.12/lib-dynload/_ssl.cpython-312-x86_64-linux-gnu.so:
	linux-vdso.so.1 (0x00007ffd79980000)
	libssl.so.3 => /root/miniconda3/lib/python3.12/lib-dynload/../../libssl.so.3 (0x00007f7cfe69c000)
	libcrypto.so.3 => /root/miniconda3/lib/python3.12/lib-dynload/../../libcrypto.so.3 (0x00007f7cfe08b000)
	libpthread.so.0 => /usr/lib/x86_64-linux-gnu/libpthread.so.0 (0x00007f7cfe075000)
	libc.so.6 => /usr/lib/x86_64-linux-gnu/libc.so.6 (0x00007f7cfde4c000)
	libdl.so.2 => /usr/lib/x86_64-linux-gnu/libdl.so.2 (0x00007f7cfde47000)
	/lib64/ld-linux-x86-64.so.2 (0x00007f7cfe7d0000)
/root/miniconda3/lib/python3.12/lib-dynload/_statistics.cpython-312-x86_64-linux-gnu.so:
	linux-vdso.so.1 (0x00007fff8c9f0000)
	libm.so.6 => /usr/lib/x86_64-linux-gnu/libm.so.6 (0x00007fb90a939000)
	libpthread.so.0 => /usr/lib/x86_64-linux-gnu/libpthread.so.0 (0x00007fb90a934000)
	libc.so.6 => /usr/lib/x86_64-linux-gnu/libc.so.6 (0x00007fb90a70b000)
	/lib64/ld-linux-x86-64.so.2 (0x00007fb90aa38000)
/root/miniconda3/lib/python3.12/lib-dynload/_struct.cpython-312-x86_64-linux-gnu.so:
	linux-vdso.so.1 (0x00007ffdc87fc000)
	libc.so.6 => /usr/lib/x86_64-linux-gnu/libc.so.6 (0x00007f351dd33000)
	/lib64/ld-linux-x86-64.so.2 (0x00007f351df7e000)
/root/miniconda3/lib/python3.12/lib-dynload/_testbuffer.cpython-312-x86_64-linux-gnu.so:
	linux-vdso.so.1 (0x00007ffdf9ad1000)
	libc.so.6 => /usr/lib/x86_64-linux-gnu/libc.so.6 (0x00007f766b5e4000)
	/lib64/ld-linux-x86-64.so.2 (0x00007f766b830000)
/root/miniconda3/lib/python3.12/lib-dynload/_testcapi.cpython-312-x86_64-linux-gnu.so:
	linux-vdso.so.1 (0x00007ffc6af1a000)
	libpthread.so.0 => /usr/lib/x86_64-linux-gnu/libpthread.so.0 (0x00007fd13ba6c000)
	libc.so.6 => /usr/lib/x86_64-linux-gnu/libc.so.6 (0x00007fd13b843000)
	/lib64/ld-linux-x86-64.so.2 (0x00007fd13bae2000)
/root/miniconda3/lib/python3.12/lib-dynload/_testclinic.cpython-312-x86_64-linux-gnu.so:
	linux-vdso.so.1 (0x00007fff47fb6000)
	libc.so.6 => /usr/lib/x86_64-linux-gnu/libc.so.6 (0x00007f67df38d000)
	/lib64/ld-linux-x86-64.so.2 (0x00007f67df5dd000)
/root/miniconda3/lib/python3.12/lib-dynload/_testimportmultiple.cpython-312-x86_64-linux-gnu.so:
	statically linked
/root/miniconda3/lib/python3.12/lib-dynload/_testinternalcapi.cpython-312-x86_64-linux-gnu.so:
	linux-vdso.so.1 (0x00007ffc95916000)
	libc.so.6 => /usr/lib/x86_64-linux-gnu/libc.so.6 (0x00007fcc7176e000)
	/lib64/ld-linux-x86-64.so.2 (0x00007fcc719b5000)
/root/miniconda3/lib/python3.12/lib-dynload/_testmultiphase.cpython-312-x86_64-linux-gnu.so:
	linux-vdso.so.1 (0x00007fffe47eb000)
	libc.so.6 => /usr/lib/x86_64-linux-gnu/libc.so.6 (0x00007fd0cbdaa000)
	/lib64/ld-linux-x86-64.so.2 (0x00007fd0cbfef000)
/root/miniconda3/lib/python3.12/lib-dynload/_testsinglephase.cpython-312-x86_64-linux-gnu.so:
	linux-vdso.so.1 (0x00007fff8b14a000)
	libc.so.6 => /usr/lib/x86_64-linux-gnu/libc.so.6 (0x00007fe40415a000)
	/lib64/ld-linux-x86-64.so.2 (0x00007fe40439c000)
/root/miniconda3/lib/python3.12/lib-dynload/_tkinter.cpython-312-x86_64-linux-gnu.so:
	linux-vdso.so.1 (0x00007fff6cdb9000)
	libtk8.6.so => /root/miniconda3/lib/python3.12/lib-dynload/../../libtk8.6.so (0x00007f0c1522d000)
	libtcl8.6.so => /root/miniconda3/lib/python3.12/lib-dynload/../../libtcl8.6.so (0x00007f0c1506a000)
	libc.so.6 => /usr/lib/x86_64-linux-gnu/libc.so.6 (0x00007f0c14e30000)
	libX11.so.6 => /usr/lib/x86_64-linux-gnu/libX11.so.6 (0x00007f0c14cf0000)
	libm.so.6 => /usr/lib/x86_64-linux-gnu/libm.so.6 (0x00007f0c14c07000)
	libdl.so.2 => /usr/lib/x86_64-linux-gnu/libdl.so.2 (0x00007f0c14c02000)
	libz.so.1 => /root/miniconda3/lib/libz.so.1 (0x00007f0c14be7000)
	libpthread.so.0 => /usr/lib/x86_64-linux-gnu/libpthread.so.0 (0x00007f0c14be2000)
	/lib64/ld-linux-x86-64.so.2 (0x00007f0c153aa000)
	libxcb.so.1 => /usr/lib/x86_64-linux-gnu/libxcb.so.1 (0x00007f0c14bb8000)
	libXau.so.6 => /usr/lib/x86_64-linux-gnu/libXau.so.6 (0x00007f0c14bb0000)
	libXdmcp.so.6 => /usr/lib/x86_64-linux-gnu/libXdmcp.so.6 (0x00007f0c14ba8000)
	libbsd.so.0 => /usr/lib/x86_64-linux-gnu/libbsd.so.0 (0x00007f0c14b90000)
	libmd.so.0 => /usr/lib/x86_64-linux-gnu/libmd.so.0 (0x00007f0c14b83000)
/root/miniconda3/lib/python3.12/lib-dynload/_uuid.cpython-312-x86_64-linux-gnu.so:
	linux-vdso.so.1 (0x00007ffe567e2000)
	libuuid.so.1 => /root/miniconda3/lib/python3.12/lib-dynload/../../libuuid.so.1 (0x00007f4955ba0000)
	libpthread.so.0 => /usr/lib/x86_64-linux-gnu/libpthread.so.0 (0x00007f4955b8a000)
	libc.so.6 => /usr/lib/x86_64-linux-gnu/libc.so.6 (0x00007f4955961000)
	/lib64/ld-linux-x86-64.so.2 (0x00007f4955bb0000)
/root/miniconda3/lib/python3.12/lib-dynload/_xxinterpchannels.cpython-312-x86_64-linux-gnu.so:
	linux-vdso.so.1 (0x00007ffc6c9fa000)
	libc.so.6 => /usr/lib/x86_64-linux-gnu/libc.so.6 (0x00007fa22594d000)
	/lib64/ld-linux-x86-64.so.2 (0x00007fa225b94000)
/root/miniconda3/lib/python3.12/lib-dynload/_xxsubinterpreters.cpython-312-x86_64-linux-gnu.so:
	linux-vdso.so.1 (0x00007ffc87db4000)
	libc.so.6 => /usr/lib/x86_64-linux-gnu/libc.so.6 (0x00007f6dc446e000)
	/lib64/ld-linux-x86-64.so.2 (0x00007f6dc46b1000)
/root/miniconda3/lib/python3.12/lib-dynload/_xxtestfuzz.cpython-312-x86_64-linux-gnu.so:
	linux-vdso.so.1 (0x00007ffca69e6000)
	libc.so.6 => /usr/lib/x86_64-linux-gnu/libc.so.6 (0x00007f4b8cbb5000)
	/lib64/ld-linux-x86-64.so.2 (0x00007f4b8cdf8000)
/root/miniconda3/lib/python3.12/lib-dynload/_zoneinfo.cpython-312-x86_64-linux-gnu.so:
	linux-vdso.so.1 (0x00007ffd791fa000)
	libc.so.6 => /usr/lib/x86_64-linux-gnu/libc.so.6 (0x00007ffae720b000)
	/lib64/ld-linux-x86-64.so.2 (0x00007ffae7453000)
/root/miniconda3/lib/python3.12/lib-dynload/array.cpython-312-x86_64-linux-gnu.so:
	linux-vdso.so.1 (0x00007fff92a20000)
	libc.so.6 => /usr/lib/x86_64-linux-gnu/libc.so.6 (0x00007f0bedb35000)
	/lib64/ld-linux-x86-64.so.2 (0x00007f0bedd83000)
/root/miniconda3/lib/python3.12/lib-dynload/audioop.cpython-312-x86_64-linux-gnu.so:
	linux-vdso.so.1 (0x00007ffea81db000)
	libm.so.6 => /usr/lib/x86_64-linux-gnu/libm.so.6 (0x00007fc4d07f3000)
	libpthread.so.0 => /usr/lib/x86_64-linux-gnu/libpthread.so.0 (0x00007fc4d07ee000)
	libc.so.6 => /usr/lib/x86_64-linux-gnu/libc.so.6 (0x00007fc4d05c5000)
	/lib64/ld-linux-x86-64.so.2 (0x00007fc4d0900000)
/root/miniconda3/lib/python3.12/lib-dynload/binascii.cpython-312-x86_64-linux-gnu.so:
	linux-vdso.so.1 (0x00007ffd00709000)
	libz.so.1 => /root/miniconda3/lib/python3.12/lib-dynload/../../libz.so.1 (0x00007f4a55d33000)
	libpthread.so.0 => /usr/lib/x86_64-linux-gnu/libpthread.so.0 (0x00007f4a55d1d000)
	libc.so.6 => /usr/lib/x86_64-linux-gnu/libc.so.6 (0x00007f4a55af4000)
	/lib64/ld-linux-x86-64.so.2 (0x00007f4a55d5a000)
/root/miniconda3/lib/python3.12/lib-dynload/cmath.cpython-312-x86_64-linux-gnu.so:
	linux-vdso.so.1 (0x00007fff9c276000)
	libm.so.6 => /usr/lib/x86_64-linux-gnu/libm.so.6 (0x00007fad2d9dc000)
	libpthread.so.0 => /usr/lib/x86_64-linux-gnu/libpthread.so.0 (0x00007fad2d9d7000)
	libc.so.6 => /usr/lib/x86_64-linux-gnu/libc.so.6 (0x00007fad2d7ae000)
	/lib64/ld-linux-x86-64.so.2 (0x00007fad2dae7000)
/root/miniconda3/lib/python3.12/lib-dynload/fcntl.cpython-312-x86_64-linux-gnu.so:
	linux-vdso.so.1 (0x00007fff131cb000)
	libpthread.so.0 => /usr/lib/x86_64-linux-gnu/libpthread.so.0 (0x00007f68a2e6d000)
	libc.so.6 => /usr/lib/x86_64-linux-gnu/libc.so.6 (0x00007f68a2c44000)
	/lib64/ld-linux-x86-64.so.2 (0x00007f68a2e8d000)
/root/miniconda3/lib/python3.12/lib-dynload/grp.cpython-312-x86_64-linux-gnu.so:
	linux-vdso.so.1 (0x00007ffde33d0000)
	libc.so.6 => /usr/lib/x86_64-linux-gnu/libc.so.6 (0x00007f5068aa2000)
	/lib64/ld-linux-x86-64.so.2 (0x00007f5068ce4000)
/root/miniconda3/lib/python3.12/lib-dynload/math.cpython-312-x86_64-linux-gnu.so:
	linux-vdso.so.1 (0x00007fffe39c6000)
	libm.so.6 => /usr/lib/x86_64-linux-gnu/libm.so.6 (0x00007f48e9a71000)
	libpthread.so.0 => /usr/lib/x86_64-linux-gnu/libpthread.so.0 (0x00007f48e9a6c000)
	libc.so.6 => /usr/lib/x86_64-linux-gnu/libc.so.6 (0x00007f48e9843000)
	/lib64/ld-linux-x86-64.so.2 (0x00007f48e9b80000)
/root/miniconda3/lib/python3.12/lib-dynload/mmap.cpython-312-x86_64-linux-gnu.so:
	linux-vdso.so.1 (0x00007ffc52df6000)
	libpthread.so.0 => /usr/lib/x86_64-linux-gnu/libpthread.so.0 (0x00007f316dc85000)
	libc.so.6 => /usr/lib/x86_64-linux-gnu/libc.so.6 (0x00007f316da5c000)
	/lib64/ld-linux-x86-64.so.2 (0x00007f316dca6000)
/root/miniconda3/lib/python3.12/lib-dynload/nis.cpython-312-x86_64-linux-gnu.so:
	linux-vdso.so.1 (0x00007fffeb9a1000)
	libnsl.so.1 => /usr/lib/x86_64-linux-gnu/libnsl.so.1 (0x00007f41804ea000)
	libpthread.so.0 => /usr/lib/x86_64-linux-gnu/libpthread.so.0 (0x00007f41804e5000)
	libc.so.6 => /usr/lib/x86_64-linux-gnu/libc.so.6 (0x00007f41802bc000)
	/lib64/ld-linux-x86-64.so.2 (0x00007f418051f000)
/root/miniconda3/lib/python3.12/lib-dynload/ossaudiodev.cpython-312-x86_64-linux-gnu.so:
	linux-vdso.so.1 (0x00007fffc1f06000)
	libpthread.so.0 => /usr/lib/x86_64-linux-gnu/libpthread.so.0 (0x00007f211273c000)
	libc.so.6 => /usr/lib/x86_64-linux-gnu/libc.so.6 (0x00007f2112513000)
	/lib64/ld-linux-x86-64.so.2 (0x00007f211275d000)
/root/miniconda3/lib/python3.12/lib-dynload/pyexpat.cpython-312-x86_64-linux-gnu.so:
	linux-vdso.so.1 (0x00007ffc985b6000)
	libexpat.so.1 => /root/miniconda3/lib/python3.12/lib-dynload/../../libexpat.so.1 (0x00007f4d08104000)
	libpthread.so.0 => /usr/lib/x86_64-linux-gnu/libpthread.so.0 (0x00007f4d080ee000)
	libc.so.6 => /usr/lib/x86_64-linux-gnu/libc.so.6 (0x00007f4d07ec5000)
	libm.so.6 => /usr/lib/x86_64-linux-gnu/libm.so.6 (0x00007f4d07dde000)
	/lib64/ld-linux-x86-64.so.2 (0x00007f4d08148000)
/root/miniconda3/lib/python3.12/lib-dynload/readline.cpython-312-x86_64-linux-gnu.so:
	linux-vdso.so.1 (0x00007ffd47de6000)
	libreadline.so.8 => /root/miniconda3/lib/python3.12/lib-dynload/../../libreadline.so.8 (0x00007fdefe96c000)
	libpthread.so.0 => /usr/lib/x86_64-linux-gnu/libpthread.so.0 (0x00007fdefe956000)
	libc.so.6 => /usr/lib/x86_64-linux-gnu/libc.so.6 (0x00007fdefe72d000)
	libtinfo.so.6 => /root/miniconda3/lib/python3.12/lib-dynload/../.././libtinfo.so.6 (0x00007fdefe6e8000)
	/lib64/ld-linux-x86-64.so.2 (0x00007fdefe9d7000)
/root/miniconda3/lib/python3.12/lib-dynload/resource.cpython-312-x86_64-linux-gnu.so:
	linux-vdso.so.1 (0x00007fff35760000)
	libpthread.so.0 => /usr/lib/x86_64-linux-gnu/libpthread.so.0 (0x00007f5c6940e000)
	libc.so.6 => /usr/lib/x86_64-linux-gnu/libc.so.6 (0x00007f5c691e5000)
	/lib64/ld-linux-x86-64.so.2 (0x00007f5c6942c000)
/root/miniconda3/lib/python3.12/lib-dynload/select.cpython-312-x86_64-linux-gnu.so:
	linux-vdso.so.1 (0x00007fff5277d000)
	libpthread.so.0 => /usr/lib/x86_64-linux-gnu/libpthread.so.0 (0x00007f4c1e979000)
	libc.so.6 => /usr/lib/x86_64-linux-gnu/libc.so.6 (0x00007f4c1e750000)
	/lib64/ld-linux-x86-64.so.2 (0x00007f4c1e99c000)
/root/miniconda3/lib/python3.12/lib-dynload/spwd.cpython-312-x86_64-linux-gnu.so:
	linux-vdso.so.1 (0x00007ffc2b193000)
	libpthread.so.0 => /usr/lib/x86_64-linux-gnu/libpthread.so.0 (0x00007f2e56f02000)
	libc.so.6 => /usr/lib/x86_64-linux-gnu/libc.so.6 (0x00007f2e56cd9000)
	/lib64/ld-linux-x86-64.so.2 (0x00007f2e56f20000)
/root/miniconda3/lib/python3.12/lib-dynload/syslog.cpython-312-x86_64-linux-gnu.so:
	linux-vdso.so.1 (0x00007fff613cd000)
	libc.so.6 => /usr/lib/x86_64-linux-gnu/libc.so.6 (0x00007f6184a4e000)
	/lib64/ld-linux-x86-64.so.2 (0x00007f6184c90000)
/root/miniconda3/lib/python3.12/lib-dynload/termios.cpython-312-x86_64-linux-gnu.so:
	linux-vdso.so.1 (0x00007ffef4b36000)
	libpthread.so.0 => /usr/lib/x86_64-linux-gnu/libpthread.so.0 (0x00007fc2459b3000)
	libc.so.6 => /usr/lib/x86_64-linux-gnu/libc.so.6 (0x00007fc24578a000)
	/lib64/ld-linux-x86-64.so.2 (0x00007fc2459d5000)
/root/miniconda3/lib/python3.12/lib-dynload/unicodedata.cpython-312-x86_64-linux-gnu.so:
	linux-vdso.so.1 (0x00007fffdfff6000)
	libc.so.6 => /usr/lib/x86_64-linux-gnu/libc.so.6 (0x00007f9ef3c0d000)
	/lib64/ld-linux-x86-64.so.2 (0x00007f9ef3f5e000)
/root/miniconda3/lib/python3.12/lib-dynload/xxlimited.cpython-312-x86_64-linux-gnu.so:
	linux-vdso.so.1 (0x00007fff59665000)
	libc.so.6 => /usr/lib/x86_64-linux-gnu/libc.so.6 (0x00007fa8e1ced000)
	/lib64/ld-linux-x86-64.so.2 (0x00007fa8e1f2f000)
/root/miniconda3/lib/python3.12/lib-dynload/xxlimited_35.cpython-312-x86_64-linux-gnu.so:
	linux-vdso.so.1 (0x00007ffd935cd000)
	libc.so.6 => /usr/lib/x86_64-linux-gnu/libc.so.6 (0x00007fdbca1c2000)
	/lib64/ld-linux-x86-64.so.2 (0x00007fdbca404000)
/root/miniconda3/lib/python3.12/lib-dynload/xxsubtype.cpython-312-x86_64-linux-gnu.so:
	linux-vdso.so.1 (0x00007ffcb22fd000)
	libc.so.6 => /usr/lib/x86_64-linux-gnu/libc.so.6 (0x00007f7dbbac7000)
	/lib64/ld-linux-x86-64.so.2 (0x00007f7dbbd08000)
/root/miniconda3/lib/python3.12/lib-dynload/zlib.cpython-312-x86_64-linux-gnu.so:
	linux-vdso.so.1 (0x00007ffeca9c6000)
	libz.so.1 => /root/miniconda3/lib/python3.12/lib-dynload/../../libz.so.1 (0x00007fc213b74000)
	libpthread.so.0 => /usr/lib/x86_64-linux-gnu/libpthread.so.0 (0x00007fc213b5e000)
	libc.so.6 => /usr/lib/x86_64-linux-gnu/libc.so.6 (0x00007fc213935000)
	/lib64/ld-linux-x86-64.so.2 (0x00007fc213b9e000)
/root/miniconda3/lib/python3.12/lib-dynload/math.cpython-312-x86_64-linux-gnu.so:
	linux-vdso.so.1 (0x00007ffd183cf000)
	libm.so.6 => /usr/lib/x86_64-linux-gnu/libm.so.6 (0x00007f0895013000)
	libpthread.so.0 => /usr/lib/x86_64-linux-gnu/libpthread.so.0 (0x00007f089500e000)
	libc.so.6 => /usr/lib/x86_64-linux-gnu/libc.so.6 (0x00007f0894de5000)
	/lib64/ld-linux-x86-64.so.2 (0x00007f0895122000)
/root/miniconda3/lib/python3.12/lib-dynload/_hashlib.cpython-312-x86_64-linux-gnu.so:
	linux-vdso.so.1 (0x00007fff537fe000)
	libcrypto.so.3 => /root/miniconda3/lib/python3.12/lib-dynload/../../libcrypto.so.3 (0x00007f6d10ee0000)
	libc.so.6 => /usr/lib/x86_64-linux-gnu/libc.so.6 (0x00007f6d10ca6000)
	libdl.so.2 => /usr/lib/x86_64-linux-gnu/libdl.so.2 (0x00007f6d10ca1000)
	libpthread.so.0 => /usr/lib/x86_64-linux-gnu/libpthread.so.0 (0x00007f6d10c9c000)
	/lib64/ld-linux-x86-64.so.2 (0x00007f6d11504000)
/root/miniconda3/lib/python3.12/lib-dynload/_blake2.cpython-312-x86_64-linux-gnu.so:
	linux-vdso.so.1 (0x00007ffe175cf000)
	libc.so.6 => /usr/lib/x86_64-linux-gnu/libc.so.6 (0x00007f375c0fe000)
	/lib64/ld-linux-x86-64.so.2 (0x00007f375c348000)
/root/miniconda3/lib/python3.12/lib-dynload/_json.cpython-312-x86_64-linux-gnu.so:
	linux-vdso.so.1 (0x00007ffc2bfdf000)
	libc.so.6 => /usr/lib/x86_64-linux-gnu/libc.so.6 (0x00007f3bbc9b4000)
	/lib64/ld-linux-x86-64.so.2 (0x00007f3bbcbfd000)
/root/miniconda3/lib/python3.12/lib-dynload/fcntl.cpython-312-x86_64-linux-gnu.so:
	linux-vdso.so.1 (0x00007ffd31ff7000)
	libpthread.so.0 => /usr/lib/x86_64-linux-gnu/libpthread.so.0 (0x00007f91b69d2000)
	libc.so.6 => /usr/lib/x86_64-linux-gnu/libc.so.6 (0x00007f91b67a9000)
	/lib64/ld-linux-x86-64.so.2 (0x00007f91b69f2000)
/root/miniconda3/lib/python3.12/lib-dynload/_posixsubprocess.cpython-312-x86_64-linux-gnu.so:
	linux-vdso.so.1 (0x00007ffee470d000)
	libpthread.so.0 => /usr/lib/x86_64-linux-gnu/libpthread.so.0 (0x00007f11c6fab000)
	libc.so.6 => /usr/lib/x86_64-linux-gnu/libc.so.6 (0x00007f11c6d82000)
	/lib64/ld-linux-x86-64.so.2 (0x00007f11c6fcb000)
/root/miniconda3/lib/python3.12/lib-dynload/select.cpython-312-x86_64-linux-gnu.so:
	linux-vdso.so.1 (0x00007ffe83486000)
	libpthread.so.0 => /usr/lib/x86_64-linux-gnu/libpthread.so.0 (0x00007f4b258b8000)
	libc.so.6 => /usr/lib/x86_64-linux-gnu/libc.so.6 (0x00007f4b2568f000)
	/lib64/ld-linux-x86-64.so.2 (0x00007f4b258db000)
/root/miniconda3/lib/python3.12/lib-dynload/zlib.cpython-312-x86_64-linux-gnu.so:
	linux-vdso.so.1 (0x00007fff9b7ea000)
	libz.so.1 => /root/miniconda3/lib/python3.12/lib-dynload/../../libz.so.1 (0x00007f8b9a599000)
	libpthread.so.0 => /usr/lib/x86_64-linux-gnu/libpthread.so.0 (0x00007f8b9a583000)
	libc.so.6 => /usr/lib/x86_64-linux-gnu/libc.so.6 (0x00007f8b9a35a000)
	/lib64/ld-linux-x86-64.so.2 (0x00007f8b9a5c3000)
/root/miniconda3/lib/python3.12/lib-dynload/_bz2.cpython-312-x86_64-linux-gnu.so:
	linux-vdso.so.1 (0x00007ffcfef20000)
	libbz2.so.1.0 => /root/miniconda3/lib/python3.12/lib-dynload/../../libbz2.so.1.0 (0x00007f639a0c2000)
	libc.so.6 => /usr/lib/x86_64-linux-gnu/libc.so.6 (0x00007f6399e88000)
	/lib64/ld-linux-x86-64.so.2 (0x00007f639a0e0000)
/root/miniconda3/lib/python3.12/lib-dynload/_lzma.cpython-312-x86_64-linux-gnu.so:
	linux-vdso.so.1 (0x00007ffff4d98000)
	liblzma.so.5 => /root/miniconda3/lib/python3.12/lib-dynload/../../liblzma.so.5 (0x00007f9fec928000)
	libc.so.6 => /usr/lib/x86_64-linux-gnu/libc.so.6 (0x00007f9fec6ee000)
	libpthread.so.0 => /usr/lib/x86_64-linux-gnu/libpthread.so.0 (0x00007f9fec6e9000)
	/lib64/ld-linux-x86-64.so.2 (0x00007f9fec966000)
