/root/miniconda3/lib/python3.12/lib-dynload/_asyncio.cpython-312-x86_64-linux-gnu.so:
	linux-vdso.so.1 (0x00007ffd9e3f9000)
	libc.so.6 => /usr/lib/x86_64-linux-gnu/libc.so.6 (0x00007fe221f27000)
	/lib64/ld-linux-x86-64.so.2 (0x00007fe222176000)
/root/miniconda3/lib/python3.12/lib-dynload/_bisect.cpython-312-x86_64-linux-gnu.so:
	linux-vdso.so.1 (0x00007fff1f556000)
	libc.so.6 => /usr/lib/x86_64-linux-gnu/libc.so.6 (0x00007f53f78c6000)
	/lib64/ld-linux-x86-64.so.2 (0x00007f53f7b0a000)
/root/miniconda3/lib/python3.12/lib-dynload/_blake2.cpython-312-x86_64-linux-gnu.so:
	linux-vdso.so.1 (0x00007ffcf1b8e000)
	libc.so.6 => /usr/lib/x86_64-linux-gnu/libc.so.6 (0x00007f3bcddba000)
	/lib64/ld-linux-x86-64.so.2 (0x00007f3bce004000)
/root/miniconda3/lib/python3.12/lib-dynload/_bz2.cpython-312-x86_64-linux-gnu.so:
	linux-vdso.so.1 (0x00007ffc29bde000)
	libbz2.so.1.0 => /root/miniconda3/lib/python3.12/lib-dynload/../../libbz2.so.1.0 (0x00007f659e955000)
	libc.so.6 => /usr/lib/x86_64-linux-gnu/libc.so.6 (0x00007f659e71b000)
	/lib64/ld-linux-x86-64.so.2 (0x00007f659e973000)
/root/miniconda3/lib/python3.12/lib-dynload/_codecs_cn.cpython-312-x86_64-linux-gnu.so:
	linux-vdso.so.1 (0x00007fffc31a0000)
	libc.so.6 => /usr/lib/x86_64-linux-gnu/libc.so.6 (0x00007f984e436000)
	/lib64/ld-linux-x86-64.so.2 (0x00007f984e69a000)
/root/miniconda3/lib/python3.12/lib-dynload/_codecs_hk.cpython-312-x86_64-linux-gnu.so:
	linux-vdso.so.1 (0x00007ffd4dfbf000)
	libc.so.6 => /usr/lib/x86_64-linux-gnu/libc.so.6 (0x00007f386b0f7000)
	/lib64/ld-linux-x86-64.so.2 (0x00007f386b35c000)
/root/miniconda3/lib/python3.12/lib-dynload/_codecs_iso2022.cpython-312-x86_64-linux-gnu.so:
	linux-vdso.so.1 (0x00007ffe39d6c000)
	libc.so.6 => /usr/lib/x86_64-linux-gnu/libc.so.6 (0x00007efc40928000)
	/lib64/ld-linux-x86-64.so.2 (0x00007efc40b6d000)
/root/miniconda3/lib/python3.12/lib-dynload/_codecs_jp.cpython-312-x86_64-linux-gnu.so:
	linux-vdso.so.1 (0x00007ffcfa3b4000)
	libc.so.6 => /usr/lib/x86_64-linux-gnu/libc.so.6 (0x00007fb06d566000)
	/lib64/ld-linux-x86-64.so.2 (0x00007fb06d7e6000)
/root/miniconda3/lib/python3.12/lib-dynload/_codecs_kr.cpython-312-x86_64-linux-gnu.so:
	linux-vdso.so.1 (0x00007fff169c5000)
	libc.so.6 => /usr/lib/x86_64-linux-gnu/libc.so.6 (0x00007ff355263000)
	/lib64/ld-linux-x86-64.so.2 (0x00007ff3554c3000)
/root/miniconda3/lib/python3.12/lib-dynload/_codecs_tw.cpython-312-x86_64-linux-gnu.so:
	linux-vdso.so.1 (0x00007ffce99bf000)
	libc.so.6 => /usr/lib/x86_64-linux-gnu/libc.so.6 (0x00007f9f4048e000)
	/lib64/ld-linux-x86-64.so.2 (0x00007f9f406e8000)
/root/miniconda3/lib/python3.12/lib-dynload/_contextvars.cpython-312-x86_64-linux-gnu.so:
	statically linked
/root/miniconda3/lib/python3.12/lib-dynload/_crypt.cpython-312-x86_64-linux-gnu.so:
	linux-vdso.so.1 (0x00007ffc6d3cd000)
	libcrypt.so.1 => /usr/lib/x86_64-linux-gnu/libcrypt.so.1 (0x00007fa5669c5000)
	libpthread.so.0 => /usr/lib/x86_64-linux-gnu/libpthread.so.0 (0x00007fa5669c0000)
	libc.so.6 => /usr/lib/x86_64-linux-gnu/libc.so.6 (0x00007fa566797000)
	/lib64/ld-linux-x86-64.so.2 (0x00007fa566a17000)
/root/miniconda3/lib/python3.12/lib-dynload/_csv.cpython-312-x86_64-linux-gnu.so:
	linux-vdso.so.1 (0x00007ffda7f9f000)
	libc.so.6 => /usr/lib/x86_64-linux-gnu/libc.so.6 (0x00007fb7da192000)
	/lib64/ld-linux-x86-64.so.2 (0x00007fb7da3db000)
/root/miniconda3/lib/python3.12/lib-dynload/_ctypes.cpython-312-x86_64-linux-gnu.so:
	linux-vdso.so.1 (0x00007ffc3873a000)
	libffi.so.8 => /root/miniconda3/lib/python3.12/lib-dynload/../../libffi.so.8 (0x00007fbbcdf14000)
	libdl.so.2 => /usr/lib/x86_64-linux-gnu/libdl.so.2 (0x00007fbbcdefe000)
	libpthread.so.0 => /usr/lib/x86_64-linux-gnu/libpthread.so.0 (0x00007fbbcdef9000)
	libc.so.6 => /usr/lib/x86_64-linux-gnu/libc.so.6 (0x00007fbbcdcd0000)
	/lib64/ld-linux-x86-64.so.2 (0x00007fbbcdf48000)
/root/miniconda3/lib/python3.12/lib-dynload/_ctypes_test.cpython-312-x86_64-linux-gnu.so:
	linux-vdso.so.1 (0x00007ffc61761000)
	libm.so.6 => /usr/lib/x86_64-linux-gnu/libm.so.6 (0x00007fd77ae3e000)
	libpthread.so.0 => /usr/lib/x86_64-linux-gnu/libpthread.so.0 (0x00007fd77ae39000)
	libc.so.6 => /usr/lib/x86_64-linux-gnu/libc.so.6 (0x00007fd77ac10000)
	/lib64/ld-linux-x86-64.so.2 (0x00007fd77af41000)
/root/miniconda3/lib/python3.12/lib-dynload/_curses.cpython-312-x86_64-linux-gnu.so:
	linux-vdso.so.1 (0x00007fff1b131000)
	libncursesw.so.6 => /root/miniconda3/lib/python3.12/lib-dynload/../../libncursesw.so.6 (0x00007f56c5df8000)
	libtinfow.so.6 => /root/miniconda3/lib/python3.12/lib-dynload/../../libtinfow.so.6 (0x00007f56c5db3000)
	libpthread.so.0 => /usr/lib/x86_64-linux-gnu/libpthread.so.0 (0x00007f56c5d9d000)
	libc.so.6 => /usr/lib/x86_64-linux-gnu/libc.so.6 (0x00007f56c5b74000)
	/lib64/ld-linux-x86-64.so.2 (0x00007f56c5e59000)
/root/miniconda3/lib/python3.12/lib-dynload/_curses_panel.cpython-312-x86_64-linux-gnu.so:
	linux-vdso.so.1 (0x00007ffee47e9000)
	libpanelw.so.6 => /root/miniconda3/lib/python3.12/lib-dynload/../../libpanelw.so.6 (0x00007ff2f7bb5000)
	libc.so.6 => /usr/lib/x86_64-linux-gnu/libc.so.6 (0x00007ff2f797b000)
	libncursesw.so.6 => /root/miniconda3/lib/python3.12/lib-dynload/../.././libncursesw.so.6 (0x00007ff2f793f000)
	libtinfow.so.6 => /root/miniconda3/lib/python3.12/lib-dynload/../.././libtinfow.so.6 (0x00007ff2f78fa000)
	/lib64/ld-linux-x86-64.so.2 (0x00007ff2f7bc6000)
/root/miniconda3/lib/python3.12/lib-dynload/_datetime.cpython-312-x86_64-linux-gnu.so:
	linux-vdso.so.1 (0x00007ffd31bf6000)
	libm.so.6 => /usr/lib/x86_64-linux-gnu/libm.so.6 (0x00007f9a199cd000)
	libpthread.so.0 => /usr/lib/x86_64-linux-gnu/libpthread.so.0 (0x00007f9a199c8000)
	libc.so.6 => /usr/lib/x86_64-linux-gnu/libc.so.6 (0x00007f9a1979f000)
	/lib64/ld-linux-x86-64.so.2 (0x00007f9a19ae7000)
/root/miniconda3/lib/python3.12/lib-dynload/_decimal.cpython-312-x86_64-linux-gnu.so:
	linux-vdso.so.1 (0x00007ffd44a55000)
	libm.so.6 => /usr/lib/x86_64-linux-gnu/libm.so.6 (0x00007f2be95f5000)
	libpthread.so.0 => /usr/lib/x86_64-linux-gnu/libpthread.so.0 (0x00007f2be95f0000)
	libc.so.6 => /usr/lib/x86_64-linux-gnu/libc.so.6 (0x00007f2be93c7000)
	/lib64/ld-linux-x86-64.so.2 (0x00007f2be9741000)
/root/miniconda3/lib/python3.12/lib-dynload/_elementtree.cpython-312-x86_64-linux-gnu.so:
	linux-vdso.so.1 (0x00007ffc4075b000)
	libc.so.6 => /usr/lib/x86_64-linux-gnu/libc.so.6 (0x00007f03fa58a000)
	/lib64/ld-linux-x86-64.so.2 (0x00007f03fa7db000)
/root/miniconda3/lib/python3.12/lib-dynload/_hashlib.cpython-312-x86_64-linux-gnu.so:
	linux-vdso.so.1 (0x00007ffc18d98000)
	libcrypto.so.3 => /root/miniconda3/lib/python3.12/lib-dynload/../../libcrypto.so.3 (0x00007f0a4023a000)
	libc.so.6 => /usr/lib/x86_64-linux-gnu/libc.so.6 (0x00007f0a40000000)
	libdl.so.2 => /usr/lib/x86_64-linux-gnu/libdl.so.2 (0x00007f0a3fffb000)
	libpthread.so.0 => /usr/lib/x86_64-linux-gnu/libpthread.so.0 (0x00007f0a3fff6000)
	/lib64/ld-linux-x86-64.so.2 (0x00007f0a4085e000)
/root/miniconda3/lib/python3.12/lib-dynload/_heapq.cpython-312-x86_64-linux-gnu.so:
	statically linked
/root/miniconda3/lib/python3.12/lib-dynload/_json.cpython-312-x86_64-linux-gnu.so:
	linux-vdso.so.1 (0x00007ffd831e9000)
	libc.so.6 => /usr/lib/x86_64-linux-gnu/libc.so.6 (0x00007f56d2ed7000)
	/lib64/ld-linux-x86-64.so.2 (0x00007f56d3120000)
/root/miniconda3/lib/python3.12/lib-dynload/_lsprof.cpython-312-x86_64-linux-gnu.so:
	linux-vdso.so.1 (0x00007fff0d0fa000)
	libc.so.6 => /usr/lib/x86_64-linux-gnu/libc.so.6 (0x00007fd84bedf000)
	/lib64/ld-linux-x86-64.so.2 (0x00007fd84c124000)
/root/miniconda3/lib/python3.12/lib-dynload/_lzma.cpython-312-x86_64-linux-gnu.so:
	linux-vdso.so.1 (0x00007ffebadcc000)
	liblzma.so.5 => /root/miniconda3/lib/python3.12/lib-dynload/../../liblzma.so.5 (0x00007f55e952c000)
	libc.so.6 => /usr/lib/x86_64-linux-gnu/libc.so.6 (0x00007f55e92f2000)
	libpthread.so.0 => /usr/lib/x86_64-linux-gnu/libpthread.so.0 (0x00007f55e92ed000)
	/lib64/ld-linux-x86-64.so.2 (0x00007f55e956a000)
/root/miniconda3/lib/python3.12/lib-dynload/_md5.cpython-312-x86_64-linux-gnu.so:
	linux-vdso.so.1 (0x00007ffc5c369000)
	libc.so.6 => /usr/lib/x86_64-linux-gnu/libc.so.6 (0x00007fe81eb73000)
	/lib64/ld-linux-x86-64.so.2 (0x00007fe81edb7000)
/root/miniconda3/lib/python3.12/lib-dynload/_multibytecodec.cpython-312-x86_64-linux-gnu.so:
	linux-vdso.so.1 (0x00007ffdb718b000)
	libc.so.6 => /usr/lib/x86_64-linux-gnu/libc.so.6 (0x00007fd70c026000)
	/lib64/ld-linux-x86-64.so.2 (0x00007fd70c270000)
/root/miniconda3/lib/python3.12/lib-dynload/_multiprocessing.cpython-312-x86_64-linux-gnu.so:
	linux-vdso.so.1 (0x00007fff76544000)
	libpthread.so.0 => /usr/lib/x86_64-linux-gnu/libpthread.so.0 (0x00007fe222d29000)
	libc.so.6 => /usr/lib/x86_64-linux-gnu/libc.so.6 (0x00007fe222b00000)
	/lib64/ld-linux-x86-64.so.2 (0x00007fe222d47000)
/root/miniconda3/lib/python3.12/lib-dynload/_opcode.cpython-312-x86_64-linux-gnu.so:
	linux-vdso.so.1 (0x00007fff87b01000)
	libc.so.6 => /usr/lib/x86_64-linux-gnu/libc.so.6 (0x00007ff0f3ce0000)
	/lib64/ld-linux-x86-64.so.2 (0x00007ff0f3f21000)
/root/miniconda3/lib/python3.12/lib-dynload/_pickle.cpython-312-x86_64-linux-gnu.so:
	linux-vdso.so.1 (0x00007fff89fd0000)
	libpthread.so.0 => /usr/lib/x86_64-linux-gnu/libpthread.so.0 (0x00007fe5fe965000)
	libc.so.6 => /usr/lib/x86_64-linux-gnu/libc.so.6 (0x00007fe5fe73c000)
	/lib64/ld-linux-x86-64.so.2 (0x00007fe5fe99f000)
/root/miniconda3/lib/python3.12/lib-dynload/_posixshmem.cpython-312-x86_64-linux-gnu.so:
	linux-vdso.so.1 (0x00007fff7e551000)
	librt.so.1 => /usr/lib/x86_64-linux-gnu/librt.so.1 (0x00007f2f73eab000)
	libpthread.so.0 => /usr/lib/x86_64-linux-gnu/libpthread.so.0 (0x00007f2f73ea6000)
	libc.so.6 => /usr/lib/x86_64-linux-gnu/libc.so.6 (0x00007f2f73c7d000)
	/lib64/ld-linux-x86-64.so.2 (0x00007f2f73ec8000)
/root/miniconda3/lib/python3.12/lib-dynload/_posixsubprocess.cpython-312-x86_64-linux-gnu.so:
	linux-vdso.so.1 (0x00007ffd01dfa000)
	libpthread.so.0 => /usr/lib/x86_64-linux-gnu/libpthread.so.0 (0x00007ff3036af000)
	libc.so.6 => /usr/lib/x86_64-linux-gnu/libc.so.6 (0x00007ff303486000)
	/lib64/ld-linux-x86-64.so.2 (0x00007ff3036cf000)
/root/miniconda3/lib/python3.12/lib-dynload/_queue.cpython-312-x86_64-linux-gnu.so:
	linux-vdso.so.1 (0x00007ffd544c2000)
	libc.so.6 => /usr/lib/x86_64-linux-gnu/libc.so.6 (0x00007fb69a78f000)
	/lib64/ld-linux-x86-64.so.2 (0x00007fb69a9d1000)
/root/miniconda3/lib/python3.12/lib-dynload/_random.cpython-312-x86_64-linux-gnu.so:
	linux-vdso.so.1 (0x00007fffa9cf8000)
	libc.so.6 => /usr/lib/x86_64-linux-gnu/libc.so.6 (0x00007f114945f000)
	/lib64/ld-linux-x86-64.so.2 (0x00007f11496a2000)
/root/miniconda3/lib/python3.12/lib-dynload/_sha1.cpython-312-x86_64-linux-gnu.so:
	linux-vdso.so.1 (0x00007ffdf0b18000)
	libc.so.6 => /usr/lib/x86_64-linux-gnu/libc.so.6 (0x00007fb9d2d41000)
	/lib64/ld-linux-x86-64.so.2 (0x00007fb9d2f84000)
/root/miniconda3/lib/python3.12/lib-dynload/_sha2.cpython-312-x86_64-linux-gnu.so:
	linux-vdso.so.1 (0x00007ffd14d5f000)
	libc.so.6 => /usr/lib/x86_64-linux-gnu/libc.so.6 (0x00007f1eae089000)
	/lib64/ld-linux-x86-64.so.2 (0x00007f1eae2d4000)
/root/miniconda3/lib/python3.12/lib-dynload/_sha3.cpython-312-x86_64-linux-gnu.so:
	linux-vdso.so.1 (0x00007ffc819ac000)
	libc.so.6 => /usr/lib/x86_64-linux-gnu/libc.so.6 (0x00007ff09f840000)
	/lib64/ld-linux-x86-64.so.2 (0x00007ff09fa85000)
/root/miniconda3/lib/python3.12/lib-dynload/_socket.cpython-312-x86_64-linux-gnu.so:
	linux-vdso.so.1 (0x00007ffd7a9ef000)
	libpthread.so.0 => /usr/lib/x86_64-linux-gnu/libpthread.so.0 (0x00007ff01e6fb000)
	libc.so.6 => /usr/lib/x86_64-linux-gnu/libc.so.6 (0x00007ff01e4d2000)
	/lib64/ld-linux-x86-64.so.2 (0x00007ff01e72d000)
/root/miniconda3/lib/python3.12/lib-dynload/_sqlite3.cpython-312-x86_64-linux-gnu.so:
	linux-vdso.so.1 (0x00007ffd1255d000)
	libsqlite3.so.0 => /root/miniconda3/lib/python3.12/lib-dynload/../../libsqlite3.so.0 (0x00007f0dbb4ac000)
	libc.so.6 => /usr/lib/x86_64-linux-gnu/libc.so.6 (0x00007f0dbb272000)
	libpthread.so.0 => /usr/lib/x86_64-linux-gnu/libpthread.so.0 (0x00007f0dbb26d000)
	libm.so.6 => /usr/lib/x86_64-linux-gnu/libm.so.6 (0x00007f0dbb186000)
	libdl.so.2 => /usr/lib/x86_64-linux-gnu/libdl.so.2 (0x00007f0dbb181000)
	/lib64/ld-linux-x86-64.so.2 (0x00007f0dbb664000)
/root/miniconda3/lib/python3.12/lib-dynload/_ssl.cpython-312-x86_64-linux-gnu.so:
	linux-vdso.so.1 (0x00007ffd0b9d7000)
	libssl.so.3 => /root/miniconda3/lib/python3.12/lib-dynload/../../libssl.so.3 (0x00007f2f48737000)
	libcrypto.so.3 => /root/miniconda3/lib/python3.12/lib-dynload/../../libcrypto.so.3 (0x00007f2f48126000)
	libpthread.so.0 => /usr/lib/x86_64-linux-gnu/libpthread.so.0 (0x00007f2f48110000)
	libc.so.6 => /usr/lib/x86_64-linux-gnu/libc.so.6 (0x00007f2f47ee7000)
	libdl.so.2 => /usr/lib/x86_64-linux-gnu/libdl.so.2 (0x00007f2f47ee2000)
	/lib64/ld-linux-x86-64.so.2 (0x00007f2f4886b000)
/root/miniconda3/lib/python3.12/lib-dynload/_statistics.cpython-312-x86_64-linux-gnu.so:
	linux-vdso.so.1 (0x00007fff129ef000)
	libm.so.6 => /usr/lib/x86_64-linux-gnu/libm.so.6 (0x00007f0365f86000)
	libpthread.so.0 => /usr/lib/x86_64-linux-gnu/libpthread.so.0 (0x00007f0365f81000)
	libc.so.6 => /usr/lib/x86_64-linux-gnu/libc.so.6 (0x00007f0365d58000)
	/lib64/ld-linux-x86-64.so.2 (0x00007f0366085000)
/root/miniconda3/lib/python3.12/lib-dynload/_struct.cpython-312-x86_64-linux-gnu.so:
	linux-vdso.so.1 (0x00007ffe57175000)
	libc.so.6 => /usr/lib/x86_64-linux-gnu/libc.so.6 (0x00007f79b6f0b000)
	/lib64/ld-linux-x86-64.so.2 (0x00007f79b7156000)
/root/miniconda3/lib/python3.12/lib-dynload/_testbuffer.cpython-312-x86_64-linux-gnu.so:
	linux-vdso.so.1 (0x00007ffeef1ec000)
	libc.so.6 => /usr/lib/x86_64-linux-gnu/libc.so.6 (0x00007fcc1abb7000)
	/lib64/ld-linux-x86-64.so.2 (0x00007fcc1ae03000)
/root/miniconda3/lib/python3.12/lib-dynload/_testcapi.cpython-312-x86_64-linux-gnu.so:
	linux-vdso.so.1 (0x00007ffcf95fa000)
	libpthread.so.0 => /usr/lib/x86_64-linux-gnu/libpthread.so.0 (0x00007fbbd7b00000)
	libc.so.6 => /usr/lib/x86_64-linux-gnu/libc.so.6 (0x00007fbbd78d7000)
	/lib64/ld-linux-x86-64.so.2 (0x00007fbbd7b76000)
/root/miniconda3/lib/python3.12/lib-dynload/_testclinic.cpython-312-x86_64-linux-gnu.so:
	linux-vdso.so.1 (0x00007ffdbd132000)
	libc.so.6 => /usr/lib/x86_64-linux-gnu/libc.so.6 (0x00007f100d68f000)
	/lib64/ld-linux-x86-64.so.2 (0x00007f100d8df000)
/root/miniconda3/lib/python3.12/lib-dynload/_testimportmultiple.cpython-312-x86_64-linux-gnu.so:
	statically linked
/root/miniconda3/lib/python3.12/lib-dynload/_testinternalcapi.cpython-312-x86_64-linux-gnu.so:
	linux-vdso.so.1 (0x00007ffc6b6c8000)
	libc.so.6 => /usr/lib/x86_64-linux-gnu/libc.so.6 (0x00007f2b930f5000)
	/lib64/ld-linux-x86-64.so.2 (0x00007f2b9333c000)
/root/miniconda3/lib/python3.12/lib-dynload/_testmultiphase.cpython-312-x86_64-linux-gnu.so:
	linux-vdso.so.1 (0x00007fff96fbc000)
	libc.so.6 => /usr/lib/x86_64-linux-gnu/libc.so.6 (0x00007f5352c86000)
	/lib64/ld-linux-x86-64.so.2 (0x00007f5352ecb000)
/root/miniconda3/lib/python3.12/lib-dynload/_testsinglephase.cpython-312-x86_64-linux-gnu.so:
	linux-vdso.so.1 (0x00007ffcb2123000)
	libc.so.6 => /usr/lib/x86_64-linux-gnu/libc.so.6 (0x00007f1c8d195000)
	/lib64/ld-linux-x86-64.so.2 (0x00007f1c8d3d7000)
/root/miniconda3/lib/python3.12/lib-dynload/_tkinter.cpython-312-x86_64-linux-gnu.so:
	linux-vdso.so.1 (0x00007fff499ee000)
	libtk8.6.so => /root/miniconda3/lib/python3.12/lib-dynload/../../libtk8.6.so (0x00007f702fbd9000)
	libtcl8.6.so => /root/miniconda3/lib/python3.12/lib-dynload/../../libtcl8.6.so (0x00007f702fa16000)
	libc.so.6 => /usr/lib/x86_64-linux-gnu/libc.so.6 (0x00007f702f7dc000)
	libX11.so.6 => /usr/lib/x86_64-linux-gnu/libX11.so.6 (0x00007f702f69c000)
	libm.so.6 => /usr/lib/x86_64-linux-gnu/libm.so.6 (0x00007f702f5b3000)
	libdl.so.2 => /usr/lib/x86_64-linux-gnu/libdl.so.2 (0x00007f702f5ae000)
	libz.so.1 => /root/miniconda3/lib/libz.so.1 (0x00007f702f593000)
	libpthread.so.0 => /usr/lib/x86_64-linux-gnu/libpthread.so.0 (0x00007f702f58e000)
	/lib64/ld-linux-x86-64.so.2 (0x00007f702fd56000)
	libxcb.so.1 => /usr/lib/x86_64-linux-gnu/libxcb.so.1 (0x00007f702f564000)
	libXau.so.6 => /usr/lib/x86_64-linux-gnu/libXau.so.6 (0x00007f702f55c000)
	libXdmcp.so.6 => /usr/lib/x86_64-linux-gnu/libXdmcp.so.6 (0x00007f702f554000)
	libbsd.so.0 => /usr/lib/x86_64-linux-gnu/libbsd.so.0 (0x00007f702f53c000)
	libmd.so.0 => /usr/lib/x86_64-linux-gnu/libmd.so.0 (0x00007f702f52f000)
/root/miniconda3/lib/python3.12/lib-dynload/_uuid.cpython-312-x86_64-linux-gnu.so:
	linux-vdso.so.1 (0x00007fffb4572000)
	libuuid.so.1 => /root/miniconda3/lib/python3.12/lib-dynload/../../libuuid.so.1 (0x00007fd545d5e000)
	libpthread.so.0 => /usr/lib/x86_64-linux-gnu/libpthread.so.0 (0x00007fd545d48000)
	libc.so.6 => /usr/lib/x86_64-linux-gnu/libc.so.6 (0x00007fd545b1f000)
	/lib64/ld-linux-x86-64.so.2 (0x00007fd545d6e000)
/root/miniconda3/lib/python3.12/lib-dynload/_xxinterpchannels.cpython-312-x86_64-linux-gnu.so:
	linux-vdso.so.1 (0x00007ffdcc499000)
	libc.so.6 => /usr/lib/x86_64-linux-gnu/libc.so.6 (0x00007f8d762f5000)
	/lib64/ld-linux-x86-64.so.2 (0x00007f8d7653c000)
/root/miniconda3/lib/python3.12/lib-dynload/_xxsubinterpreters.cpython-312-x86_64-linux-gnu.so:
	linux-vdso.so.1 (0x00007ffcd5ee4000)
	libc.so.6 => /usr/lib/x86_64-linux-gnu/libc.so.6 (0x00007f13ff994000)
	/lib64/ld-linux-x86-64.so.2 (0x00007f13ffbd7000)
/root/miniconda3/lib/python3.12/lib-dynload/_xxtestfuzz.cpython-312-x86_64-linux-gnu.so:
	linux-vdso.so.1 (0x00007ffcc5d76000)
	libc.so.6 => /usr/lib/x86_64-linux-gnu/libc.so.6 (0x00007f805022f000)
	/lib64/ld-linux-x86-64.so.2 (0x00007f8050472000)
/root/miniconda3/lib/python3.12/lib-dynload/_zoneinfo.cpython-312-x86_64-linux-gnu.so:
	linux-vdso.so.1 (0x00007ffc181da000)
	libc.so.6 => /usr/lib/x86_64-linux-gnu/libc.so.6 (0x00007f8e4e75f000)
	/lib64/ld-linux-x86-64.so.2 (0x00007f8e4e9a7000)
/root/miniconda3/lib/python3.12/lib-dynload/array.cpython-312-x86_64-linux-gnu.so:
	linux-vdso.so.1 (0x00007ffd2b5f3000)
	libc.so.6 => /usr/lib/x86_64-linux-gnu/libc.so.6 (0x00007fbe5ed2a000)
	/lib64/ld-linux-x86-64.so.2 (0x00007fbe5ef78000)
/root/miniconda3/lib/python3.12/lib-dynload/audioop.cpython-312-x86_64-linux-gnu.so:
	linux-vdso.so.1 (0x00007ffcec9dc000)
	libm.so.6 => /usr/lib/x86_64-linux-gnu/libm.so.6 (0x00007f75242b3000)
	libpthread.so.0 => /usr/lib/x86_64-linux-gnu/libpthread.so.0 (0x00007f75242ae000)
	libc.so.6 => /usr/lib/x86_64-linux-gnu/libc.so.6 (0x00007f7524085000)
	/lib64/ld-linux-x86-64.so.2 (0x00007f75243c0000)
/root/miniconda3/lib/python3.12/lib-dynload/binascii.cpython-312-x86_64-linux-gnu.so:
	linux-vdso.so.1 (0x00007fff89a55000)
	libz.so.1 => /root/miniconda3/lib/python3.12/lib-dynload/../../libz.so.1 (0x00007f2a60b63000)
	libpthread.so.0 => /usr/lib/x86_64-linux-gnu/libpthread.so.0 (0x00007f2a60b4d000)
	libc.so.6 => /usr/lib/x86_64-linux-gnu/libc.so.6 (0x00007f2a60924000)
	/lib64/ld-linux-x86-64.so.2 (0x00007f2a60b8a000)
/root/miniconda3/lib/python3.12/lib-dynload/cmath.cpython-312-x86_64-linux-gnu.so:
	linux-vdso.so.1 (0x00007ffee59c7000)
	libm.so.6 => /usr/lib/x86_64-linux-gnu/libm.so.6 (0x00007fda10acc000)
	libpthread.so.0 => /usr/lib/x86_64-linux-gnu/libpthread.so.0 (0x00007fda10ac7000)
	libc.so.6 => /usr/lib/x86_64-linux-gnu/libc.so.6 (0x00007fda1089e000)
	/lib64/ld-linux-x86-64.so.2 (0x00007fda10bd7000)
/root/miniconda3/lib/python3.12/lib-dynload/fcntl.cpython-312-x86_64-linux-gnu.so:
	linux-vdso.so.1 (0x00007fff863f8000)
	libpthread.so.0 => /usr/lib/x86_64-linux-gnu/libpthread.so.0 (0x00007f765156d000)
	libc.so.6 => /usr/lib/x86_64-linux-gnu/libc.so.6 (0x00007f7651344000)
	/lib64/ld-linux-x86-64.so.2 (0x00007f765158d000)
/root/miniconda3/lib/python3.12/lib-dynload/grp.cpython-312-x86_64-linux-gnu.so:
	linux-vdso.so.1 (0x00007fff35b27000)
	libc.so.6 => /usr/lib/x86_64-linux-gnu/libc.so.6 (0x00007f1bfdec7000)
	/lib64/ld-linux-x86-64.so.2 (0x00007f1bfe109000)
/root/miniconda3/lib/python3.12/lib-dynload/math.cpython-312-x86_64-linux-gnu.so:
	linux-vdso.so.1 (0x00007ffc825eb000)
	libm.so.6 => /usr/lib/x86_64-linux-gnu/libm.so.6 (0x00007f8940f20000)
	libpthread.so.0 => /usr/lib/x86_64-linux-gnu/libpthread.so.0 (0x00007f8940f1b000)
	libc.so.6 => /usr/lib/x86_64-linux-gnu/libc.so.6 (0x00007f8940cf2000)
	/lib64/ld-linux-x86-64.so.2 (0x00007f894102f000)
/root/miniconda3/lib/python3.12/lib-dynload/mmap.cpython-312-x86_64-linux-gnu.so:
	linux-vdso.so.1 (0x00007ffd04f9d000)
	libpthread.so.0 => /usr/lib/x86_64-linux-gnu/libpthread.so.0 (0x00007f4d85852000)
	libc.so.6 => /usr/lib/x86_64-linux-gnu/libc.so.6 (0x00007f4d85629000)
	/lib64/ld-linux-x86-64.so.2 (0x00007f4d85873000)
/root/miniconda3/lib/python3.12/lib-dynload/nis.cpython-312-x86_64-linux-gnu.so:
	linux-vdso.so.1 (0x00007ffdb61f6000)
	libnsl.so.1 => /usr/lib/x86_64-linux-gnu/libnsl.so.1 (0x00007f736f579000)
	libpthread.so.0 => /usr/lib/x86_64-linux-gnu/libpthread.so.0 (0x00007f736f574000)
	libc.so.6 => /usr/lib/x86_64-linux-gnu/libc.so.6 (0x00007f736f34b000)
	/lib64/ld-linux-x86-64.so.2 (0x00007f736f5ae000)
/root/miniconda3/lib/python3.12/lib-dynload/ossaudiodev.cpython-312-x86_64-linux-gnu.so:
	linux-vdso.so.1 (0x00007ffc145f5000)
	libpthread.so.0 => /usr/lib/x86_64-linux-gnu/libpthread.so.0 (0x00007f5e69659000)
	libc.so.6 => /usr/lib/x86_64-linux-gnu/libc.so.6 (0x00007f5e69430000)
	/lib64/ld-linux-x86-64.so.2 (0x00007f5e6967a000)
/root/miniconda3/lib/python3.12/lib-dynload/pyexpat.cpython-312-x86_64-linux-gnu.so:
	linux-vdso.so.1 (0x00007ffd637f6000)
	libexpat.so.1 => /root/miniconda3/lib/python3.12/lib-dynload/../../libexpat.so.1 (0x00007f9d3891c000)
	libpthread.so.0 => /usr/lib/x86_64-linux-gnu/libpthread.so.0 (0x00007f9d38906000)
	libc.so.6 => /usr/lib/x86_64-linux-gnu/libc.so.6 (0x00007f9d386dd000)
	libm.so.6 => /usr/lib/x86_64-linux-gnu/libm.so.6 (0x00007f9d385f6000)
	/lib64/ld-linux-x86-64.so.2 (0x00007f9d38960000)
/root/miniconda3/lib/python3.12/lib-dynload/readline.cpython-312-x86_64-linux-gnu.so:
	linux-vdso.so.1 (0x00007ffef5dbe000)
	libreadline.so.8 => /root/miniconda3/lib/python3.12/lib-dynload/../../libreadline.so.8 (0x00007ff97f0f3000)
	libpthread.so.0 => /usr/lib/x86_64-linux-gnu/libpthread.so.0 (0x00007ff97f0dd000)
	libc.so.6 => /usr/lib/x86_64-linux-gnu/libc.so.6 (0x00007ff97eeb4000)
	libtinfo.so.6 => /root/miniconda3/lib/python3.12/lib-dynload/../.././libtinfo.so.6 (0x00007ff97ee6f000)
	/lib64/ld-linux-x86-64.so.2 (0x00007ff97f15e000)
/root/miniconda3/lib/python3.12/lib-dynload/resource.cpython-312-x86_64-linux-gnu.so:
	linux-vdso.so.1 (0x00007ffd8998e000)
	libpthread.so.0 => /usr/lib/x86_64-linux-gnu/libpthread.so.0 (0x00007f395d83b000)
	libc.so.6 => /usr/lib/x86_64-linux-gnu/libc.so.6 (0x00007f395d612000)
	/lib64/ld-linux-x86-64.so.2 (0x00007f395d859000)
/root/miniconda3/lib/python3.12/lib-dynload/select.cpython-312-x86_64-linux-gnu.so:
	linux-vdso.so.1 (0x00007ffff192d000)
	libpthread.so.0 => /usr/lib/x86_64-linux-gnu/libpthread.so.0 (0x00007f66d0136000)
	libc.so.6 => /usr/lib/x86_64-linux-gnu/libc.so.6 (0x00007f66cff0d000)
	/lib64/ld-linux-x86-64.so.2 (0x00007f66d0159000)
/root/miniconda3/lib/python3.12/lib-dynload/spwd.cpython-312-x86_64-linux-gnu.so:
	linux-vdso.so.1 (0x00007ffcf4958000)
	libpthread.so.0 => /usr/lib/x86_64-linux-gnu/libpthread.so.0 (0x00007fdbec711000)
	libc.so.6 => /usr/lib/x86_64-linux-gnu/libc.so.6 (0x00007fdbec4e8000)
	/lib64/ld-linux-x86-64.so.2 (0x00007fdbec72f000)
/root/miniconda3/lib/python3.12/lib-dynload/syslog.cpython-312-x86_64-linux-gnu.so:
	linux-vdso.so.1 (0x00007ffe0f971000)
	libc.so.6 => /usr/lib/x86_64-linux-gnu/libc.so.6 (0x00007fe5b6d75000)
	/lib64/ld-linux-x86-64.so.2 (0x00007fe5b6fb7000)
/root/miniconda3/lib/python3.12/lib-dynload/termios.cpython-312-x86_64-linux-gnu.so:
	linux-vdso.so.1 (0x00007ffc0b1bb000)
	libpthread.so.0 => /usr/lib/x86_64-linux-gnu/libpthread.so.0 (0x00007fed549e5000)
	libc.so.6 => /usr/lib/x86_64-linux-gnu/libc.so.6 (0x00007fed547bc000)
	/lib64/ld-linux-x86-64.so.2 (0x00007fed54a07000)
/root/miniconda3/lib/python3.12/lib-dynload/unicodedata.cpython-312-x86_64-linux-gnu.so:
	linux-vdso.so.1 (0x00007ffcb14ca000)
	libc.so.6 => /usr/lib/x86_64-linux-gnu/libc.so.6 (0x00007efed501e000)
	/lib64/ld-linux-x86-64.so.2 (0x00007efed536f000)
/root/miniconda3/lib/python3.12/lib-dynload/xxlimited.cpython-312-x86_64-linux-gnu.so:
	linux-vdso.so.1 (0x00007ffd5ef4b000)
	libc.so.6 => /usr/lib/x86_64-linux-gnu/libc.so.6 (0x00007fb826b74000)
	/lib64/ld-linux-x86-64.so.2 (0x00007fb826db6000)
/root/miniconda3/lib/python3.12/lib-dynload/xxlimited_35.cpython-312-x86_64-linux-gnu.so:
	linux-vdso.so.1 (0x00007ffcb8fc0000)
	libc.so.6 => /usr/lib/x86_64-linux-gnu/libc.so.6 (0x00007f5895e85000)
	/lib64/ld-linux-x86-64.so.2 (0x00007f58960c7000)
/root/miniconda3/lib/python3.12/lib-dynload/xxsubtype.cpython-312-x86_64-linux-gnu.so:
	linux-vdso.so.1 (0x00007fffcb1c8000)
	libc.so.6 => /usr/lib/x86_64-linux-gnu/libc.so.6 (0x00007fedce661000)
	/lib64/ld-linux-x86-64.so.2 (0x00007fedce8a2000)
/root/miniconda3/lib/python3.12/lib-dynload/zlib.cpython-312-x86_64-linux-gnu.so:
	linux-vdso.so.1 (0x00007ffde3369000)
	libz.so.1 => /root/miniconda3/lib/python3.12/lib-dynload/../../libz.so.1 (0x00007f1ac2ee1000)
	libpthread.so.0 => /usr/lib/x86_64-linux-gnu/libpthread.so.0 (0x00007f1ac2ecb000)
	libc.so.6 => /usr/lib/x86_64-linux-gnu/libc.so.6 (0x00007f1ac2ca2000)
	/lib64/ld-linux-x86-64.so.2 (0x00007f1ac2f0b000)
/root/miniconda3/lib/python3.12/lib-dynload/math.cpython-312-x86_64-linux-gnu.so:
	linux-vdso.so.1 (0x00007fff3f542000)
	libm.so.6 => /usr/lib/x86_64-linux-gnu/libm.so.6 (0x00007f8394dc4000)
	libpthread.so.0 => /usr/lib/x86_64-linux-gnu/libpthread.so.0 (0x00007f8394dbf000)
	libc.so.6 => /usr/lib/x86_64-linux-gnu/libc.so.6 (0x00007f8394b96000)
	/lib64/ld-linux-x86-64.so.2 (0x00007f8394ed3000)
/root/miniconda3/lib/python3.12/lib-dynload/_hashlib.cpython-312-x86_64-linux-gnu.so:
	linux-vdso.so.1 (0x00007ffddd4b3000)
	libcrypto.so.3 => /root/miniconda3/lib/python3.12/lib-dynload/../../libcrypto.so.3 (0x00007fa8a6b3f000)
	libc.so.6 => /usr/lib/x86_64-linux-gnu/libc.so.6 (0x00007fa8a6905000)
	libdl.so.2 => /usr/lib/x86_64-linux-gnu/libdl.so.2 (0x00007fa8a6900000)
	libpthread.so.0 => /usr/lib/x86_64-linux-gnu/libpthread.so.0 (0x00007fa8a68fb000)
	/lib64/ld-linux-x86-64.so.2 (0x00007fa8a7163000)
/root/miniconda3/lib/python3.12/lib-dynload/_blake2.cpython-312-x86_64-linux-gnu.so:
	linux-vdso.so.1 (0x00007ffc1c1fb000)
	libc.so.6 => /usr/lib/x86_64-linux-gnu/libc.so.6 (0x00007f2b8d12a000)
	/lib64/ld-linux-x86-64.so.2 (0x00007f2b8d374000)
/root/miniconda3/lib/python3.12/lib-dynload/_json.cpython-312-x86_64-linux-gnu.so:
	linux-vdso.so.1 (0x00007ffc14df6000)
	libc.so.6 => /usr/lib/x86_64-linux-gnu/libc.so.6 (0x00007f8444b2c000)
	/lib64/ld-linux-x86-64.so.2 (0x00007f8444d75000)
/root/miniconda3/lib/python3.12/lib-dynload/fcntl.cpython-312-x86_64-linux-gnu.so:
	linux-vdso.so.1 (0x00007ffd4f6db000)
	libpthread.so.0 => /usr/lib/x86_64-linux-gnu/libpthread.so.0 (0x00007f84f9431000)
	libc.so.6 => /usr/lib/x86_64-linux-gnu/libc.so.6 (0x00007f84f9208000)
	/lib64/ld-linux-x86-64.so.2 (0x00007f84f9451000)
/root/miniconda3/lib/python3.12/lib-dynload/_posixsubprocess.cpython-312-x86_64-linux-gnu.so:
	linux-vdso.so.1 (0x00007fffe0dfc000)
	libpthread.so.0 => /usr/lib/x86_64-linux-gnu/libpthread.so.0 (0x00007fed633b0000)
	libc.so.6 => /usr/lib/x86_64-linux-gnu/libc.so.6 (0x00007fed63187000)
	/lib64/ld-linux-x86-64.so.2 (0x00007fed633d0000)
/root/miniconda3/lib/python3.12/lib-dynload/select.cpython-312-x86_64-linux-gnu.so:
	linux-vdso.so.1 (0x00007ffca2de4000)
	libpthread.so.0 => /usr/lib/x86_64-linux-gnu/libpthread.so.0 (0x00007fcb69b0a000)
	libc.so.6 => /usr/lib/x86_64-linux-gnu/libc.so.6 (0x00007fcb698e1000)
	/lib64/ld-linux-x86-64.so.2 (0x00007fcb69b2d000)
/root/miniconda3/lib/python3.12/lib-dynload/zlib.cpython-312-x86_64-linux-gnu.so:
	linux-vdso.so.1 (0x00007ffd101b6000)
	libz.so.1 => /root/miniconda3/lib/python3.12/lib-dynload/../../libz.so.1 (0x00007fde79935000)
	libpthread.so.0 => /usr/lib/x86_64-linux-gnu/libpthread.so.0 (0x00007fde7991f000)
	libc.so.6 => /usr/lib/x86_64-linux-gnu/libc.so.6 (0x00007fde796f6000)
	/lib64/ld-linux-x86-64.so.2 (0x00007fde7995f000)
/root/miniconda3/lib/python3.12/lib-dynload/_bz2.cpython-312-x86_64-linux-gnu.so:
	linux-vdso.so.1 (0x00007ffc08d7b000)
	libbz2.so.1.0 => /root/miniconda3/lib/python3.12/lib-dynload/../../libbz2.so.1.0 (0x00007f8c82db1000)
	libc.so.6 => /usr/lib/x86_64-linux-gnu/libc.so.6 (0x00007f8c82b77000)
	/lib64/ld-linux-x86-64.so.2 (0x00007f8c82dcf000)
/root/miniconda3/lib/python3.12/lib-dynload/_lzma.cpython-312-x86_64-linux-gnu.so:
	linux-vdso.so.1 (0x00007fff0e7b6000)
	liblzma.so.5 => /root/miniconda3/lib/python3.12/lib-dynload/../../liblzma.so.5 (0x00007fe40444e000)
	libc.so.6 => /usr/lib/x86_64-linux-gnu/libc.so.6 (0x00007fe404214000)
	libpthread.so.0 => /usr/lib/x86_64-linux-gnu/libpthread.so.0 (0x00007fe40420f000)
	/lib64/ld-linux-x86-64.so.2 (0x00007fe40448c000)
