	linux-vdso.so.1 (0x00007ffc797f9000)
	libpoppler.so.118 => /usr/lib/x86_64-linux-gnu/libpoppler.so.118 (0x00007f3c502bd000)
	libstdc++.so.6 => /usr/lib/x86_64-linux-gnu/libstdc++.so.6 (0x00007f3c50091000)
	libc.so.6 => /usr/lib/x86_64-linux-gnu/libc.so.6 (0x00007f3c4fe68000)
	libfreetype.so.6 => /usr/lib/x86_64-linux-gnu/libfreetype.so.6 (0x00007f3c4fda0000)
	libfontconfig.so.1 => /usr/lib/x86_64-linux-gnu/libfontconfig.so.1 (0x00007f3c4fd56000)
	libjpeg.so.8 => /usr/lib/x86_64-linux-gnu/libjpeg.so.8 (0x00007f3c4fcd3000)
	libz.so.1 => /usr/lib/x86_64-linux-gnu/libz.so.1 (0x00007f3c4fcb7000)
	libopenjp2.so.7 => /usr/lib/x86_64-linux-gnu/libopenjp2.so.7 (0x00007f3c4fc5f000)
	liblcms2.so.2 => /usr/lib/x86_64-linux-gnu/liblcms2.so.2 (0x00007f3c4fbfd000)
	libpng16.so.16 => /usr/lib/x86_64-linux-gnu/libpng16.so.16 (0x00007f3c4fbc2000)
	libtiff.so.5 => /usr/lib/x86_64-linux-gnu/libtiff.so.5 (0x00007f3c4fb3a000)
	libnss3.so => /usr/lib/x86_64-linux-gnu/libnss3.so (0x00007f3c4fa07000)
	libsmime3.so => /usr/lib/x86_64-linux-gnu/libsmime3.so (0x00007f3c4f9dd000)
	libplc4.so => /usr/lib/x86_64-linux-gnu/libplc4.so (0x00007f3c4f9d6000)
	libnspr4.so => /usr/lib/x86_64-linux-gnu/libnspr4.so (0x00007f3c4f996000)
	libm.so.6 => /usr/lib/x86_64-linux-gnu/libm.so.6 (0x00007f3c4f8af000)
	/lib64/ld-linux-x86-64.so.2 (0x00007f3c50631000)
	libgcc_s.so.1 => /usr/lib/x86_64-linux-gnu/libgcc_s.so.1 (0x00007f3c4f88f000)
	libbrotlidec.so.1 => /usr/lib/x86_64-linux-gnu/libbrotlidec.so.1 (0x00007f3c4f87f000)
	libexpat.so.1 => /usr/lib/x86_64-linux-gnu/libexpat.so.1 (0x00007f3c4f84e000)
	libuuid.so.1 => /usr/lib/x86_64-linux-gnu/libuuid.so.1 (0x00007f3c4f845000)
	libwebp.so.7 => /usr/lib/x86_64-linux-gnu/libwebp.so.7 (0x00007f3c4f7d8000)
	libzstd.so.1 => /usr/lib/x86_64-linux-gnu/libzstd.so.1 (0x00007f3c4f709000)
	liblzma.so.5 => /usr/lib/x86_64-linux-gnu/liblzma.so.5 (0x00007f3c4f6dc000)
	libjbig.so.0 => /usr/lib/x86_64-linux-gnu/libjbig.so.0 (0x00007f3c4f6cb000)
	libdeflate.so.0 => /usr/lib/x86_64-linux-gnu/libdeflate.so.0 (0x00007f3c4f6a7000)
	libnssutil3.so => /usr/lib/x86_64-linux-gnu/libnssutil3.so (0x00007f3c4f674000)
	libplds4.so => /usr/lib/x86_64-linux-gnu/libplds4.so (0x00007f3c4f66f000)
	libbrotlicommon.so.1 => /usr/lib/x86_64-linux-gnu/libbrotlicommon.so.1 (0x00007f3c4f64a000)
