This is LuaHBTeX, Version 1.14.0 (TeX Live 2022/dev/Debian) 
 restricted system commands enabled.
(./manuscript.tex
LaTeX2e <2021-11-15> patch level 1
 L3 programming layer <2022-01-21>
(/usr/share/texlive/texmf-dist/tex/latex/base/article.cls
Document Class: article 2021/10/04 v1.4n Standard LaTeX document class
(/usr/share/texlive/texmf-dist/tex/latex/base/size11.clo))
(/usr/share/texlive/texmf-dist/tex/latex/geometry/geometry.sty
(/usr/share/texlive/texmf-dist/tex/latex/graphics/keyval.sty)
(/usr/share/texlive/texmf-dist/tex/generic/iftex/ifvtex.sty
(/usr/share/texlive/texmf-dist/tex/generic/iftex/iftex.sty)))
(/usr/share/texlive/texmf-dist/tex/latex/fontspec/fontspec.sty
(/usr/share/texlive/texmf-dist/tex/latex/l3packages/xparse/xparse.sty
(/usr/share/texlive/texmf-dist/tex/latex/l3kernel/expl3.sty
(/usr/share/texlive/texmf-dist/tex/latex/l3backend/l3backend-luatex.def)))
(/usr/share/texlive/texmf-dist/tex/latex/fontspec/fontspec-luatex.sty
(/usr/share/texlive/texmf-dist/tex/latex/base/fontenc.sty)
(/usr/share/texlive/texmf-dist/tex/latex/fontspec/fontspec.cfg)))
(/usr/share/texlive/texmf-dist/tex/latex/amsmath/amsmath.sty
For additional information on amsmath, use the `?' option.
(/usr/share/texlive/texmf-dist/tex/latex/amsmath/amstext.sty
(/usr/share/texlive/texmf-dist/tex/latex/amsmath/amsgen.sty))
(/usr/share/texlive/texmf-dist/tex/latex/amsmath/amsbsy.sty)
(/usr/share/texlive/texmf-dist/tex/latex/amsmath/amsopn.sty))
(/usr/share/texlive/texmf-dist/tex/latex/amsfonts/amssymb.sty
(/usr/share/texlive/texmf-dist/tex/latex/amsfonts/amsfonts.sty))
(/usr/share/texlive/texmf-dist/tex/latex/mathtools/mathtools.sty
(/usr/share/texlive/texmf-dist/tex/latex/tools/calc.sty)
(/usr/share/texlive/texmf-dist/tex/latex/mathtools/mhsetup.sty))
(/usr/share/texlive/texmf-dist/tex/latex/booktabs/booktabs.sty)
(/usr/share/texlive/texmf-dist/tex/latex/enumitem/enumitem.sty)
(/usr/share/texlive/texmf-dist/tex/latex/microtype/microtype.sty
(/usr/share/texlive/texmf-dist/tex/latex/etoolbox/etoolbox.sty)
(/usr/share/texlive/texmf-dist/tex/latex/microtype/microtype-luatex.def)
(/usr/share/texlive/texmf-dist/tex/latex/microtype/microtype.cfg))
(/usr/share/texlive/texmf-dist/tex/latex/xcolor/xcolor.sty
(/usr/share/texlive/texmf-dist/tex/latex/graphics-cfg/color.cfg)
(/usr/share/texlive/texmf-dist/tex/latex/graphics-def/luatex.def))
(/usr/share/texlive/texmf-dist/tex/latex/natbib/natbib.sty)
(/usr/share/texlive/texmf-dist/tex/latex/hyperref/hyperref.sty
(/usr/share/texlive/texmf-dist/tex/generic/ltxcmds/ltxcmds.sty)
(/usr/share/texlive/texmf-dist/tex/generic/pdftexcmds/pdftexcmds.sty
(/usr/share/texlive/texmf-dist/tex/generic/infwarerr/infwarerr.sty))
(/usr/share/texlive/texmf-dist/tex/generic/kvsetkeys/kvsetkeys.sty)
(/usr/share/texlive/texmf-dist/tex/generic/kvdefinekeys/kvdefinekeys.sty)
(/usr/share/texlive/texmf-dist/tex/generic/pdfescape/pdfescape.sty)
(/usr/share/texlive/texmf-dist/tex/latex/hycolor/hycolor.sty)
(/usr/share/texlive/texmf-dist/tex/latex/letltxmacro/letltxmacro.sty)
(/usr/share/texlive/texmf-dist/tex/latex/auxhook/auxhook.sty)
(/usr/share/texlive/texmf-dist/tex/latex/kvoptions/kvoptions.sty)
(/usr/share/texlive/texmf-dist/tex/latex/hyperref/pd1enc.def)
(/usr/share/texlive/texmf-dist/tex/latex/hyperref/hyperref-langpatches.def)
(/usr/share/texlive/texmf-dist/tex/generic/intcalc/intcalc.sty)
(/usr/share/texlive/texmf-dist/tex/generic/etexcmds/etexcmds.sty)
(/usr/share/texlive/texmf-dist/tex/latex/hyperref/puenc.def)
(/usr/share/texlive/texmf-dist/tex/latex/url/url.sty)
(/usr/share/texlive/texmf-dist/tex/generic/bitset/bitset.sty
(/usr/share/texlive/texmf-dist/tex/generic/bigintcalc/bigintcalc.sty))
(/usr/share/texlive/texmf-dist/tex/latex/base/atbegshi-ltx.sty))
(/usr/share/texlive/texmf-dist/tex/latex/hyperref/hluatex.def
(/usr/share/texlive/texmf-dist/tex/generic/stringenc/stringenc.sty)
(/usr/share/texlive/texmf-dist/tex/latex/base/atveryend-ltx.sty)
(/usr/share/texlive/texmf-dist/tex/latex/rerunfilecheck/rerunfilecheck.sty
(/usr/share/texlive/texmf-dist/tex/generic/uniquecounter/uniquecounter.sty)))
(./manuscript.aux) (/usr/share/texlive/texmf-dist/tex/latex/base/ts1cmr.fd)
*geometry* driver: auto-detecting
*geometry* detected driver: luatex
(/usr/share/texlive/texmf-dist/tex/latex/graphics/graphicx.sty
(/usr/share/texlive/texmf-dist/tex/latex/graphics/graphics.sty
(/usr/share/texlive/texmf-dist/tex/latex/graphics/trig.sty)
(/usr/share/texlive/texmf-dist/tex/latex/graphics-cfg/graphics.cfg)))
(/usr/share/texlive/texmf-dist/tex/context/base/mkii/supp-pdf.mkii
[Loading MPS to PDF converter (version 2006.09.02).]
) (/usr/share/texlive/texmf-dist/tex/latex/epstopdf-pkg/epstopdf-base.sty
(/usr/share/texlive/texmf-dist/tex/latex/latexconfig/epstopdf-sys.cfg))
(/usr/share/texlive/texmf-dist/tex/latex/hyperref/nameref.sty
(/usr/share/texlive/texmf-dist/tex/latex/refcount/refcount.sty)
(/usr/share/texlive/texmf-dist/tex/generic/gettitlestring/gettitlestring.sty))
(./manuscript.out) (./manuscript.out)
(/usr/share/texlive/texmf-dist/tex/latex/amsfonts/umsa.fd)
(/usr/share/texlive/texmf-dist/tex/latex/microtype/mt-msa.cfg)
(/usr/share/texlive/texmf-dist/tex/latex/amsfonts/umsb.fd)
(/usr/share/texlive/texmf-dist/tex/latex/microtype/mt-msb.cfg)
(/usr/share/texlive/texmf-dist/tex/latex/microtype/mt-cmr.cfg) [1{/var/lib/texm
f/fonts/map/pdftex/updmap/pdftex.map}]

Package natbib Warning: Citation `P32-CW01' on page 2 undefined on input line 1
23.


Package natbib Warning: Citation `P32-CW02' on page 2 undefined on input line 1
25.


Package natbib Warning: Citation `P32-CW03' on page 2 undefined on input line 1
27.


Package natbib Warning: Citation `P32-CW04' on page 2 undefined on input line 1
28.


Underfull \hbox (badness 1527) in paragraph at lines 139--139
[]\TU/TeXGyreTermes(0)/m/n/8 finite-set sur-face au-to-mor-

Underfull \hbox (badness 1062) in paragraph at lines 140--140
[]\TU/TeXGyreTermes(0)/m/n/8 Fuch-sian set-ting only; no

Underfull \hbox (badness 1466) in paragraph at lines 140--140
[]\TU/TeXGyreTermes(0)/m/n/8 finite-index zeta fac-tor-iza-

Underfull \hbox (badness 2951) in paragraph at lines 140--140
\TU/TeXGyreTermes(0)/m/n/8 tion; no own-er-wise mul-

Underfull \hbox (badness 3568) in paragraph at lines 140--140
\TU/TeXGyreTermes(0)/m/n/8 ti-plic-ity, zero branch, or

Underfull \hbox (badness 1910) in paragraph at lines 140--141
[]\TU/TeXGyreTermes(0)/m/n/8 an-a-lytic con-text only; no

Underfull \hbox (badness 10000) in paragraph at lines 141--141
[]\TU/TeXGyreTermes(0)/m/n/8 ordered-monoid/finitary-

Underfull \hbox (badness 10000) in paragraph at lines 142--142
[]\TU/TeXGyreTermes(0)/m/n/8 periodic-orbit pop-u-la-tion
[2]

Package natbib Warning: Citation `P32-S01' on page 3 undefined on input line 18
7.


Package natbib Warning: Citation `P32-S02' on page 3 undefined on input line 18
7.


Package natbib Warning: Citation `P32-S03' on page 3 undefined on input line 18
7.


Package natbib Warning: Citation `P32-S04' on page 3 undefined on input line 18
7.


Package natbib Warning: Citation `P32-S05' on page 3 undefined on input line 18
7.


Package natbib Warning: Citation `P32-S06' on page 3 undefined on input line 19
2.


Package natbib Warning: Citation `P32-S07' on page 3 undefined on input line 21
8.


Package natbib Warning: Citation `P32-S08' on page 3 undefined on input line 21
8.


Package natbib Warning: Citation `P32-S09' on page 3 undefined on input line 21
8.


Package natbib Warning: Citation `P32-S10' on page 3 undefined on input line 21
8.


Package natbib Warning: Citation `P32-S11' on page 3 undefined on input line 21
8.


Package natbib Warning: Citation `P32-S12' on page 3 undefined on input line 21
8.

[3]

Package natbib Warning: Citation `P32-S13' on page 4 undefined on input line 24
3.


Package natbib Warning: Citation `P32-S14' on page 4 undefined on input line 24
8.


Package natbib Warning: Citation `P32-S15' on page 4 undefined on input line 24
8.


Package natbib Warning: Citation `P32-S16' on page 4 undefined on input line 24
8.


Package natbib Warning: Citation `P32-S17' on page 4 undefined on input line 25
6.


Package natbib Warning: Citation `P32-S18' on page 4 undefined on input line 25
6.


Package natbib Warning: Citation `P32-S19' on page 4 undefined on input line 27
0.


Package natbib Warning: Citation `P32-S20' on page 4 undefined on input line 27
0.


Package natbib Warning: Citation `P32-S21' on page 4 undefined on input line 27
0.


Package natbib Warning: Citation `P32-S22' on page 4 undefined on input line 27
0.


Package natbib Warning: Citation `P32-S23' on page 4 undefined on input line 28
7.


Package natbib Warning: Citation `P32-S24' on page 4 undefined on input line 28
7.


Package natbib Warning: Citation `P32-S25' on page 4 undefined on input line 28
7.


Package natbib Warning: Citation `P32-S26' on page 4 undefined on input line 28
7.

[4]
Overfull \hbox (13.62825pt too wide) in paragraph at lines 325--334
[]\TU/TeXGyreTermes(0)/m/n/10.95 The raw re-play is $\TU/lmtt/m/n/10.95 notes/s
tage4_prime_literature_replay_round2.raw.json$ \TU/TeXGyreTermes(0)/m/n/10.95 (
SHA-256 \TU/lmtt/m/n/10.95 e9f37743

Overfull \hbox (3.73402pt too wide) in paragraph at lines 350--361
\TU/lmtt/m/n/10.95 passage_matrix_round2.json$ \TU/TeXGyreTermes(0)/m/n/10.95 (
SHA-256 \TU/lmtt/m/n/10.95 b4c759e35e894f80e601d12601f5d84b8635a4f78e1e9cca
[5]
Overfull \hbox (32.47777pt too wide) in paragraph at lines 438--444
\TU/lmtt/m/n/10.95 lemma_audit_round2.json$ \TU/TeXGyreTermes(0)/m/n/10.95 (SHA
-256 \TU/lmtt/m/n/10.95 41759b42a0a4b329be15541a4cdb9a4f3cf4fdb30b80ecaea402d03
5
[6] [7] (/usr/share/texlive/texmf-dist/tex/latex/amsfonts/ueuf.fd)
(/usr/share/texlive/texmf-dist/tex/latex/microtype/mt-euf.cfg)
Underfull \hbox (badness 7221) in paragraph at lines 615--616
[]\TU/lmtt/m/n/10 DEFINED\TU/TeXGyreTermes(0)/m/n/10 ; car-rier com-pat-i-bil-i
ty

Underfull \hbox (badness 3386) in paragraph at lines 617--618
[]\TU/lmtt/m/n/10 DEFINED\TU/TeXGyreTermes(0)/m/n/10 ; no mul-ti-vari-ate zero

Underfull \hbox (badness 10000) in paragraph at lines 620--621
[]\TU/lmtt/m/n/10 NOT_EVALUABLE\TU/TeXGyreTermes(0)/m/n/10 ; cover deriva-
[8] [9]
Overfull \hbox (18.95088pt too wide) detected at line 738
\OML/cmm/m/it/10.95 a[]\OT1/cmr/m/n/10.95 (\OML/cmm/m/it/10.95 s\OT1/cmr/m/n/10
.95 ) = \OMS/cmsy/m/n/10.95 ^^@\OML/cmm/m/it/10.95 q[]\OT1/cmr/m/n/10.95 (\OML/
cmm/m/it/10.95 g[]\OT1/cmr/m/n/10.95 ) [][]  [] = \OML/cmm/m/it/10.95 q[]\OT1/c
mr/m/n/10.95 (\OML/cmm/m/it/10.95 g[]\OT1/cmr/m/n/10.95 ) [] []\OML/cmm/m/it/10
.95 ;  L\OT1/cmr/m/n/10.95 (\OML/cmm/m/it/10.95 m; N\OT1/cmr/m/n/10.95 ; \OML/c
mm/m/it/10.95 s\OT1/cmr/m/n/10.95 ) = [] \OML/cmm/m/it/10.95 a[]\OT1/cmr/m/n/10
.95 (\OML/cmm/m/it/10.95 s\OT1/cmr/m/n/10.95 )\OML/cmm/m/it/10.95 :

Underfull \hbox (badness 4634) in paragraph at lines 756--757
[]\TU/TeXGyreTermes(0)/m/n/8 fac-tor, branch, co-fi-nal

Underfull \hbox (badness 10000) in paragraph at lines 757--757
[]$[][] [][] \OML/cmm/m/it/8 a[] \OT1/cmr/m/n/8 =

Underfull \hbox (badness 10000) in paragraph at lines 757--757
[]\TU/TeXGyreTermes(0)/m/n/8 for $\OML/cmm/m/it/8 j \OMS/cmsy/m/n/8 ^^T \OML/cm
m/m/it/8 m$\TU/TeXGyreTermes(0)/m/n/8 ,

Underfull \hbox (badness 10000) in paragraph at lines 757--757
[][] \OMS/cmsy/m/n/8 j\OML/cmm/m/it/8 a[]\OT1/cmr/m/n/8 (\OML/cmm/m/it/8 s\OT1/
cmr/m/n/8 )\OMS/cmsy/m/n/8 j ^^T

Underfull \hbox (badness 10000) in paragraph at lines 758--758
[]\TU/TeXGyreTermes(0)/m/n/8 one $\OML/cmm/m/it/8 k$\TU/TeXGyreTermes(0)/m/n/8 
-independent

Underfull \hbox (badness 3838) in paragraph at lines 760--760
[]\TU/TeXGyreTermes(0)/m/n/8 iden-tify $[][] \OML/cmm/m/it/8 L\OT1/cmr/m/n/8 (2
[]\OML/cmm/m/it/8 ; S[]\OT1/cmr/m/n/8 )$ \TU/TeXGyreTermes(0)/m/n/8 with the

Underfull \hbox (badness 10000) in paragraph at lines 760--760
[]$[][] \OML/cmm/m/it/8 M[]\OT1/cmr/m/n/8 (\OML/cmm/m/it/8 K\OT1/cmr/m/n/8 ) \O
ML/cmm/m/it/8 < \OMS/cmsy/m/n/8 1$ \TU/TeXGyreTermes(0)/m/n/8 and

Underfull \hbox (badness 10000) in paragraph at lines 760--761
[]\TU/TeXGyreTermes(0)/m/n/8 co-fi-nal di-ag-o-nal and

Underfull \hbox (badness 2435) in paragraph at lines 760--761
\TU/TeXGyreTermes(0)/m/n/8 com-mon it-er-ated limit;

Overfull \hbox (3.71687pt too wide) in paragraph at lines 764--767
\TU/TeXGyreTermes(0)/m/n/10.95 The machine-readable reg-istry au-dit is $\TU/lm
tt/m/n/10.95 notes/stage4_prime_analytic_registry_audit_round2.json$
[10]
Overfull \hbox (15.23152pt too wide) in paragraph at lines 819--831
\TU/lmtt/m/n/10.95 manifest_round2.json$ \TU/TeXGyreTermes(0)/m/n/10.95 (SHA-25
6 \TU/lmtt/m/n/10.95 16f08bccd16d70e2d4403b0f4a2e59d1e54e7e0e09a5987a229bf519

Overfull \hbox (58.39977pt too wide) in paragraph at lines 819--831
\TU/lmtt/m/n/10.95 //github.com/maris205/hilbert-[]polya-[]structure/tree/d29a8
29b4acac29ff8429724467409e9820a8fa2/

Overfull \hbox (6.80943pt too wide) in paragraph at lines 819--831
\TU/lmtt/m/n/10.95 flow_systems/papers/32-[]homology-[]cover-[]renormalization-
[]uniformity$[]\TU/TeXGyreTermes(0)/m/n/10.95 . The man-i-fest gives path,
[11] [12] [13]
Underfull \hbox (badness 10000) in paragraph at lines 1020--1034
[]\TU/TeXGyreTermes(0)/b/n/10.95 Data and ma-te-ri-als avail-abil-ity.[] \TU/Te
XGyreTermes(0)/m/n/10.95 The ex-act in-ven-tory is $\TU/lmtt/m/n/10.95 notes/st
age4_prime_reader_

Underfull \hbox (badness 10000) in paragraph at lines 1020--1034
\TU/lmtt/m/n/10.95 artifact_manifest_round2.json$ \TU/TeXGyreTermes(0)/m/n/10.9
5 (SHA-256 \TU/lmtt/m/n/10.95 16f08bccd16d70e2d4403b0f4a2e59d1

Underfull \hbox (badness 10000) in paragraph at lines 1020--1034
\TU/lmtt/m/n/10.95 e54e7e0e09a5987a229bf519ca00b3ef\TU/TeXGyreTermes(0)/m/n/10.
95 ; 17,968 bytes). It records a schema or ex-

Underfull \hbox (badness 6725) in paragraph at lines 1020--1034
\TU/TeXGyreTermes(0)/m/n/10.95 plicit me-dia type, byte count, full di-gest, ac
-cess state, and bounded role for ev-ery listed

Underfull \hbox (badness 10000) in paragraph at lines 1020--1034
\TU/TeXGyreTermes(0)/m/n/10.95 file. The 11 ar-ti-facts claimed cur-rent in Sec
-tion 6 are byte-identical at pub-lic com-mit

Underfull \hbox (badness 10000) in paragraph at lines 1020--1034
\TU/lmtt/m/n/10.95 d29a829b4acac29ff8429724467409e9820a8fa2\TU/TeXGyreTermes(0)
/m/n/10.95 ; its re-solv-ing base is []$\TU/lmtt/m/n/10.95 https://github.com/

Underfull \hbox (badness 10000) in paragraph at lines 1020--1034
\TU/lmtt/m/n/10.95 maris205/hilbert-[]polya-[]structure/tree/d29a829b4acac29ff8
429724467409e9820a8fa2/
[14] (./manuscript.bbl [15] [16])

Package natbib Warning: There were undefined citations.

[17] (./manuscript.aux

Package natbib Warning: Citation(s) may have changed.
(natbib)                Rerun to get citations correct.

))
(see the transcript file for additional information)
 664 words of node memory still in use:
   7 hlist, 2 vlist, 2 rule, 1 local_par, 4 glue, 4 kern, 1 penalty, 3 glyph, 2
6 attribute, 58 glue_spec, 26 attribute_list, 1 write, 4 pdf_action nodes
   avail lists: 1:1,2:724,3:434,4:146,5:945,6:79,7:10155,8:169,9:748,10:29,11:9
07
</usr/share/texmf/fonts/opentype/public/lm/lmmono8-regular.otf></usr/share/texm
f/fonts/opentype/public/tex-gyre/texgyretermes-italic.otf></usr/share/texmf/fon
ts/opentype/public/lm/lmmonolt10-bold.otf></usr/share/texlive/texmf-dist/fonts/
truetype/public/arphic-ttf/bsmi00lp.ttf></usr/share/texmf/fonts/opentype/public
/tex-gyre/texgyretermes-bold.otf></usr/share/texmf/fonts/opentype/public/lm/lmm
ono10-regular.otf></usr/share/texmf/fonts/opentype/public/tex-gyre/texgyreterme
s-regular.otf></usr/share/texlive/texmf-dist/fonts/type1/public/amsfonts/cm/cme
x10.pfb></usr/share/texlive/texmf-dist/fonts/type1/public/amsfonts/cmextra/cmex
8.pfb></usr/share/texlive/texmf-dist/fonts/type1/public/amsfonts/cm/cmmi10.pfb>
</usr/share/texlive/texmf-dist/fonts/type1/public/amsfonts/cm/cmmi5.pfb></usr/s
hare/texlive/texmf-dist/fonts/type1/public/amsfonts/cm/cmmi6.pfb></usr/share/te
xlive/texmf-dist/fonts/type1/public/amsfonts/cm/cmmi7.pfb></usr/share/texlive/t
exmf-dist/fonts/type1/public/amsfonts/cm/cmmi8.pfb></usr/share/texlive/texmf-di
st/fonts/type1/public/amsfonts/cm/cmr10.pfb></usr/share/texlive/texmf-dist/font
s/type1/public/amsfonts/cm/cmr6.pfb></usr/share/texlive/texmf-dist/fonts/type1/
public/amsfonts/cm/cmr7.pfb></usr/share/texlive/texmf-dist/fonts/type1/public/a
msfonts/cm/cmr8.pfb></usr/share/texlive/texmf-dist/fonts/type1/public/amsfonts/
cm/cmsy10.pfb></usr/share/texlive/texmf-dist/fonts/type1/public/amsfonts/cm/cms
y6.pfb></usr/share/texlive/texmf-dist/fonts/type1/public/amsfonts/cm/cmsy8.pfb>
</usr/share/texlive/texmf-dist/fonts/type1/public/amsfonts/euler/eufm10.pfb></u
sr/share/texlive/texmf-dist/fonts/type1/public/amsfonts/symbols/msbm10.pfb>
Output written on manuscript.pdf (17 pages, 370256 bytes).
Transcript written on manuscript.log.
