$ lualatex -interaction=nonstopmode -halt-on-error manuscript.tex
This is LuaHBTeX, Version 1.14.0 (TeX Live 2022/dev/Debian) 
 restricted system commands enabled.
(./manuscript.tex
LaTeX2e <2021-11-15> patch level 1
 L3 programming layer <2022-01-21>
(/usr/share/texlive/texmf-dist/tex/latex/base/article.cls
Document Class: article 2021/10/04 v1.4n Standard LaTeX document class
(/usr/share/texlive/texmf-dist/tex/latex/base/size11.clo))
(/usr/share/texlive/texmf-dist/tex/latex/geometry/geometry.sty
(/usr/share/texlive/texmf-dist/tex/latex/graphics/keyval.sty)
(/usr/share/texlive/texmf-dist/tex/generic/iftex/ifvtex.sty
(/usr/share/texlive/texmf-dist/tex/generic/iftex/iftex.sty)))
(/usr/share/texlive/texmf-dist/tex/latex/fontspec/fontspec.sty
(/usr/share/texlive/texmf-dist/tex/latex/l3packages/xparse/xparse.sty
(/usr/share/texlive/texmf-dist/tex/latex/l3kernel/expl3.sty
(/usr/share/texlive/texmf-dist/tex/latex/l3backend/l3backend-luatex.def)))
(/usr/share/texlive/texmf-dist/tex/latex/fontspec/fontspec-luatex.sty
(/usr/share/texlive/texmf-dist/tex/latex/base/fontenc.sty)
(/usr/share/texlive/texmf-dist/tex/latex/fontspec/fontspec.cfg)))
(/usr/share/texlive/texmf-dist/tex/latex/amsmath/amsmath.sty
For additional information on amsmath, use the `?' option.
(/usr/share/texlive/texmf-dist/tex/latex/amsmath/amstext.sty
(/usr/share/texlive/texmf-dist/tex/latex/amsmath/amsgen.sty))
(/usr/share/texlive/texmf-dist/tex/latex/amsmath/amsbsy.sty)
(/usr/share/texlive/texmf-dist/tex/latex/amsmath/amsopn.sty))
(/usr/share/texlive/texmf-dist/tex/latex/amsfonts/amssymb.sty
(/usr/share/texlive/texmf-dist/tex/latex/amsfonts/amsfonts.sty))
(/usr/share/texlive/texmf-dist/tex/latex/mathtools/mathtools.sty
(/usr/share/texlive/texmf-dist/tex/latex/tools/calc.sty)
(/usr/share/texlive/texmf-dist/tex/latex/mathtools/mhsetup.sty))
(/usr/share/texlive/texmf-dist/tex/latex/booktabs/booktabs.sty)
(/usr/share/texlive/texmf-dist/tex/latex/enumitem/enumitem.sty)
(/usr/share/texlive/texmf-dist/tex/latex/microtype/microtype.sty
(/usr/share/texlive/texmf-dist/tex/latex/etoolbox/etoolbox.sty)
(/usr/share/texlive/texmf-dist/tex/latex/microtype/microtype-luatex.def)
(/usr/share/texlive/texmf-dist/tex/latex/microtype/microtype.cfg))
(/usr/share/texlive/texmf-dist/tex/latex/xcolor/xcolor.sty
(/usr/share/texlive/texmf-dist/tex/latex/graphics-cfg/color.cfg)
(/usr/share/texlive/texmf-dist/tex/latex/graphics-def/luatex.def))
(/usr/share/texlive/texmf-dist/tex/latex/natbib/natbib.sty)
(/usr/share/texlive/texmf-dist/tex/latex/hyperref/hyperref.sty
(/usr/share/texlive/texmf-dist/tex/generic/ltxcmds/ltxcmds.sty)
(/usr/share/texlive/texmf-dist/tex/generic/pdftexcmds/pdftexcmds.sty
(/usr/share/texlive/texmf-dist/tex/generic/infwarerr/infwarerr.sty))
(/usr/share/texlive/texmf-dist/tex/generic/kvsetkeys/kvsetkeys.sty)
(/usr/share/texlive/texmf-dist/tex/generic/kvdefinekeys/kvdefinekeys.sty)
(/usr/share/texlive/texmf-dist/tex/generic/pdfescape/pdfescape.sty)
(/usr/share/texlive/texmf-dist/tex/latex/hycolor/hycolor.sty)
(/usr/share/texlive/texmf-dist/tex/latex/letltxmacro/letltxmacro.sty)
(/usr/share/texlive/texmf-dist/tex/latex/auxhook/auxhook.sty)
(/usr/share/texlive/texmf-dist/tex/latex/kvoptions/kvoptions.sty)
(/usr/share/texlive/texmf-dist/tex/latex/hyperref/pd1enc.def)
(/usr/share/texlive/texmf-dist/tex/latex/hyperref/hyperref-langpatches.def)
(/usr/share/texlive/texmf-dist/tex/generic/intcalc/intcalc.sty)
(/usr/share/texlive/texmf-dist/tex/generic/etexcmds/etexcmds.sty)
(/usr/share/texlive/texmf-dist/tex/latex/hyperref/puenc.def)
(/usr/share/texlive/texmf-dist/tex/latex/url/url.sty)
(/usr/share/texlive/texmf-dist/tex/generic/bitset/bitset.sty
(/usr/share/texlive/texmf-dist/tex/generic/bigintcalc/bigintcalc.sty))
(/usr/share/texlive/texmf-dist/tex/latex/base/atbegshi-ltx.sty))
(/usr/share/texlive/texmf-dist/tex/latex/hyperref/hluatex.def
(/usr/share/texlive/texmf-dist/tex/generic/stringenc/stringenc.sty)
(/usr/share/texlive/texmf-dist/tex/latex/base/atveryend-ltx.sty)
(/usr/share/texlive/texmf-dist/tex/latex/rerunfilecheck/rerunfilecheck.sty
(/usr/share/texlive/texmf-dist/tex/generic/uniquecounter/uniquecounter.sty)))
No file manuscript.aux.
(/usr/share/texlive/texmf-dist/tex/latex/base/ts1cmr.fd)
*geometry* driver: auto-detecting
*geometry* detected driver: luatex
(/usr/share/texlive/texmf-dist/tex/latex/graphics/graphicx.sty
(/usr/share/texlive/texmf-dist/tex/latex/graphics/graphics.sty
(/usr/share/texlive/texmf-dist/tex/latex/graphics/trig.sty)
(/usr/share/texlive/texmf-dist/tex/latex/graphics-cfg/graphics.cfg)))
(/usr/share/texlive/texmf-dist/tex/context/base/mkii/supp-pdf.mkii
[Loading MPS to PDF converter (version 2006.09.02).]
) (/usr/share/texlive/texmf-dist/tex/latex/epstopdf-pkg/epstopdf-base.sty
(/usr/share/texlive/texmf-dist/tex/latex/latexconfig/epstopdf-sys.cfg))
(/usr/share/texlive/texmf-dist/tex/latex/hyperref/nameref.sty
(/usr/share/texlive/texmf-dist/tex/latex/refcount/refcount.sty)
(/usr/share/texlive/texmf-dist/tex/generic/gettitlestring/gettitlestring.sty))
(/usr/share/texlive/texmf-dist/tex/latex/amsfonts/umsa.fd)
(/usr/share/texlive/texmf-dist/tex/latex/microtype/mt-msa.cfg)
(/usr/share/texlive/texmf-dist/tex/latex/amsfonts/umsb.fd)
(/usr/share/texlive/texmf-dist/tex/latex/microtype/mt-msb.cfg)
(/usr/share/texlive/texmf-dist/tex/latex/microtype/mt-cmr.cfg) [1{/var/lib/texm
f/fonts/map/pdftex/updmap/pdftex.map}]

Package natbib Warning: Citation `P31-S23' on page 2 undefined on input line 12
1.


Package natbib Warning: Citation `P31-S24' on page 2 undefined on input line 12
3.


Package natbib Warning: Citation `P31-S01' on page 2 undefined on input line 16
4.


Package natbib Warning: Citation `P31-S02' on page 2 undefined on input line 16
4.


Package natbib Warning: Citation `P31-S03' on page 2 undefined on input line 16
4.


Package natbib Warning: Citation `P31-S04' on page 2 undefined on input line 16
4.


Package natbib Warning: Citation `P31-S05' on page 2 undefined on input line 16
4.


Package natbib Warning: Citation `P31-S06' on page 2 undefined on input line 16
8.

[2]

Package natbib Warning: Citation `P31-S07' on page 3 undefined on input line 19
5.


Package natbib Warning: Citation `P31-S08' on page 3 undefined on input line 19
5.


Package natbib Warning: Citation `P31-S09' on page 3 undefined on input line 19
5.


Package natbib Warning: Citation `P31-S10' on page 3 undefined on input line 19
9.


Package natbib Warning: Citation `P31-S11' on page 3 undefined on input line 19
9.


Package natbib Warning: Citation `P31-S12' on page 3 undefined on input line 19
9.


Package natbib Warning: Citation `P31-S13' on page 3 undefined on input line 19
9.


Package natbib Warning: Citation `P31-S15' on page 3 undefined on input line 22
5.


Package natbib Warning: Citation `P31-S16' on page 3 undefined on input line 22
9.


Package natbib Warning: Citation `P31-S17' on page 3 undefined on input line 22
9.


Package natbib Warning: Citation `P31-S18' on page 3 undefined on input line 23
3.


Package natbib Warning: Citation `P31-S19' on page 3 undefined on input line 23
7.


Package natbib Warning: Citation `P31-S20' on page 3 undefined on input line 23
7.


Package natbib Warning: Citation `P31-S14' on page 3 undefined on input line 25
4.


Package natbib Warning: Citation `P31-S21' on page 3 undefined on input line 25
9.


Package natbib Warning: Citation `P31-S22' on page 3 undefined on input line 25
9.

[3]

Package natbib Warning: Citation `P31-S23' on page 4 undefined on input line 27
0.


Package natbib Warning: Citation `P31-S24' on page 4 undefined on input line 27
2.

[4] [5] [6] [7]
Underfull \hbox (badness 10000) in paragraph at lines 591--591
[]\TU/TeXGyreTermes(0)/m/n/8 Closed car-di-

Underfull \hbox (badness 10000) in paragraph at lines 593--593
[]\TU/TeXGyreTermes(0)/m/n/8 dis-tinct re-

Underfull \hbox (badness 10000) in paragraph at lines 595--595
[]\TU/TeXGyreTermes(0)/m/n/8 dis-tinct

Underfull \hbox (badness 10000) in paragraph at lines 595--595
\TU/TeXGyreTermes(0)/m/n/8 complete-\TU/lmtt/m/n/8 I

Underfull \hbox (badness 10000) in paragraph at lines 595--595
\TU/TeXGyreTermes(0)/m/n/8 cell-owner
[8]
Underfull \hbox (badness 1490) in paragraph at lines 645--654
\TU/TeXGyreTermes(0)/m/n/10.95 Reader-accessible Stage-4-prime ma-te-ri-als are
 ex-actly the en-tries listed in $\TU/lmtt/m/n/10.95 notes/stage4_prime_

Underfull \hbox (badness 10000) in paragraph at lines 645--654
\TU/lmtt/m/n/10.95 reader_artifact_manifest_round2.json$ \TU/TeXGyreTermes(0)/m
/n/10.95 (SHA-256 \TU/lmtt/m/n/10.95 0b2d2692f93eccd104183aa45381ac46

Underfull \hbox (badness 3302) in paragraph at lines 645--654
\TU/lmtt/m/n/10.95 1f310c3fdc912906b225ed26cc16be00\TU/TeXGyreTermes(0)/m/n/10.
95 ). Each row names its schema or for-mat ver-sion, byte

Underfull \hbox (badness 4013) in paragraph at lines 645--654
\TU/TeXGyreTermes(0)/m/n/10.95 length, full SHA-256 di-gest, and repository-rel
ative ac-cess state. The branch-relative lo-ca-tor

Underfull \hbox (badness 10000) in paragraph at lines 645--654
\TU/TeXGyreTermes(0)/m/n/10.95 is []$\TU/lmtt/m/n/10.95 https://github.com/mari
s205/hilbert-[]polya-[]structure/tree/main/flow_systems/
[9] [10]
Underfull \hbox (badness 10000) in paragraph at lines 842--852
[]\TU/TeXGyreTermes(0)/b/n/10.95 Data and ma-te-ri-als avail-abil-ity.[] \TU/Te
XGyreTermes(0)/m/n/10.95 The bounded reader-accessible files are enu-mer-ated i
n

Underfull \hbox (badness 5077) in paragraph at lines 842--852
\TU/lmtt/m/n/10.95 notes/stage4_prime_reader_artifact_manifest_round2.json$ \TU
/TeXGyreTermes(0)/m/n/10.95 (SHA-256 \TU/lmtt/m/n/10.95 0b2d2692f93eccd1
[11]
No file manuscript.bbl.

Package natbib Warning: There were undefined citations.

[12] (./manuscript.aux)

LaTeX Warning: Label(s) may have changed. Rerun to get cross-references right.


Package rerunfilecheck Warning: File `manuscript.out' has changed.
(rerunfilecheck)                Rerun to get outlines right
(rerunfilecheck)                or use package `bookmark'.

)
(see the transcript file for additional information)
 582 words of node memory still in use:
   7 hlist, 2 vlist, 2 rule, 1 local_par, 4 glue, 4 kern, 1 penalty, 3 glyph, 1
0 attribute, 58 glue_spec, 10 attribute_list, 1 write, 1 pdf_action nodes
   avail lists: 2:538,3:245,4:92,5:894,6:66,7:10872,8:118,9:415,10:32,11:1030
</usr/share/texmf/fonts/opentype/public/lm/lmmono8-regular.otf></usr/share/texm
f/fonts/opentype/public/lm/lmmonolt10-bold.otf></usr/share/texlive/texmf-dist/f
onts/truetype/public/arphic-ttf/bsmi00lp.ttf></usr/share/texmf/fonts/opentype/p
ublic/tex-gyre/texgyretermes-bold.otf></usr/share/texmf/fonts/opentype/public/l
m/lmmono10-regular.otf></usr/share/texmf/fonts/opentype/public/tex-gyre/texgyre
termes-regular.otf></usr/share/texlive/texmf-dist/fonts/type1/public/amsfonts/c
m/cmmi10.pfb></usr/share/texlive/texmf-dist/fonts/type1/public/amsfonts/cm/cmr1
0.pfb></usr/share/texlive/texmf-dist/fonts/type1/public/amsfonts/cm/cmr7.pfb></
usr/share/texlive/texmf-dist/fonts/type1/public/amsfonts/cm/cmr8.pfb></usr/shar
e/texlive/texmf-dist/fonts/type1/public/amsfonts/cm/cmsy10.pfb>
Output written on manuscript.pdf (12 pages, 225373 bytes).
Transcript written on manuscript.log.


$ bibtex manuscript
This is BibTeX, Version 0.99d (TeX Live 2022/dev/Debian)
The top-level auxiliary file: manuscript.aux
The style file: plainnat.bst
Database file #1: references.bib


$ lualatex -interaction=nonstopmode -halt-on-error manuscript.tex
This is LuaHBTeX, Version 1.14.0 (TeX Live 2022/dev/Debian) 
 restricted system commands enabled.
(./manuscript.tex
LaTeX2e <2021-11-15> patch level 1
 L3 programming layer <2022-01-21>
(/usr/share/texlive/texmf-dist/tex/latex/base/article.cls
Document Class: article 2021/10/04 v1.4n Standard LaTeX document class
(/usr/share/texlive/texmf-dist/tex/latex/base/size11.clo))
(/usr/share/texlive/texmf-dist/tex/latex/geometry/geometry.sty
(/usr/share/texlive/texmf-dist/tex/latex/graphics/keyval.sty)
(/usr/share/texlive/texmf-dist/tex/generic/iftex/ifvtex.sty
(/usr/share/texlive/texmf-dist/tex/generic/iftex/iftex.sty)))
(/usr/share/texlive/texmf-dist/tex/latex/fontspec/fontspec.sty
(/usr/share/texlive/texmf-dist/tex/latex/l3packages/xparse/xparse.sty
(/usr/share/texlive/texmf-dist/tex/latex/l3kernel/expl3.sty
(/usr/share/texlive/texmf-dist/tex/latex/l3backend/l3backend-luatex.def)))
(/usr/share/texlive/texmf-dist/tex/latex/fontspec/fontspec-luatex.sty
(/usr/share/texlive/texmf-dist/tex/latex/base/fontenc.sty)
(/usr/share/texlive/texmf-dist/tex/latex/fontspec/fontspec.cfg)))
(/usr/share/texlive/texmf-dist/tex/latex/amsmath/amsmath.sty
For additional information on amsmath, use the `?' option.
(/usr/share/texlive/texmf-dist/tex/latex/amsmath/amstext.sty
(/usr/share/texlive/texmf-dist/tex/latex/amsmath/amsgen.sty))
(/usr/share/texlive/texmf-dist/tex/latex/amsmath/amsbsy.sty)
(/usr/share/texlive/texmf-dist/tex/latex/amsmath/amsopn.sty))
(/usr/share/texlive/texmf-dist/tex/latex/amsfonts/amssymb.sty
(/usr/share/texlive/texmf-dist/tex/latex/amsfonts/amsfonts.sty))
(/usr/share/texlive/texmf-dist/tex/latex/mathtools/mathtools.sty
(/usr/share/texlive/texmf-dist/tex/latex/tools/calc.sty)
(/usr/share/texlive/texmf-dist/tex/latex/mathtools/mhsetup.sty))
(/usr/share/texlive/texmf-dist/tex/latex/booktabs/booktabs.sty)
(/usr/share/texlive/texmf-dist/tex/latex/enumitem/enumitem.sty)
(/usr/share/texlive/texmf-dist/tex/latex/microtype/microtype.sty
(/usr/share/texlive/texmf-dist/tex/latex/etoolbox/etoolbox.sty)
(/usr/share/texlive/texmf-dist/tex/latex/microtype/microtype-luatex.def)
(/usr/share/texlive/texmf-dist/tex/latex/microtype/microtype.cfg))
(/usr/share/texlive/texmf-dist/tex/latex/xcolor/xcolor.sty
(/usr/share/texlive/texmf-dist/tex/latex/graphics-cfg/color.cfg)
(/usr/share/texlive/texmf-dist/tex/latex/graphics-def/luatex.def))
(/usr/share/texlive/texmf-dist/tex/latex/natbib/natbib.sty)
(/usr/share/texlive/texmf-dist/tex/latex/hyperref/hyperref.sty
(/usr/share/texlive/texmf-dist/tex/generic/ltxcmds/ltxcmds.sty)
(/usr/share/texlive/texmf-dist/tex/generic/pdftexcmds/pdftexcmds.sty
(/usr/share/texlive/texmf-dist/tex/generic/infwarerr/infwarerr.sty))
(/usr/share/texlive/texmf-dist/tex/generic/kvsetkeys/kvsetkeys.sty)
(/usr/share/texlive/texmf-dist/tex/generic/kvdefinekeys/kvdefinekeys.sty)
(/usr/share/texlive/texmf-dist/tex/generic/pdfescape/pdfescape.sty)
(/usr/share/texlive/texmf-dist/tex/latex/hycolor/hycolor.sty)
(/usr/share/texlive/texmf-dist/tex/latex/letltxmacro/letltxmacro.sty)
(/usr/share/texlive/texmf-dist/tex/latex/auxhook/auxhook.sty)
(/usr/share/texlive/texmf-dist/tex/latex/kvoptions/kvoptions.sty)
(/usr/share/texlive/texmf-dist/tex/latex/hyperref/pd1enc.def)
(/usr/share/texlive/texmf-dist/tex/latex/hyperref/hyperref-langpatches.def)
(/usr/share/texlive/texmf-dist/tex/generic/intcalc/intcalc.sty)
(/usr/share/texlive/texmf-dist/tex/generic/etexcmds/etexcmds.sty)
(/usr/share/texlive/texmf-dist/tex/latex/hyperref/puenc.def)
(/usr/share/texlive/texmf-dist/tex/latex/url/url.sty)
(/usr/share/texlive/texmf-dist/tex/generic/bitset/bitset.sty
(/usr/share/texlive/texmf-dist/tex/generic/bigintcalc/bigintcalc.sty))
(/usr/share/texlive/texmf-dist/tex/latex/base/atbegshi-ltx.sty))
(/usr/share/texlive/texmf-dist/tex/latex/hyperref/hluatex.def
(/usr/share/texlive/texmf-dist/tex/generic/stringenc/stringenc.sty)
(/usr/share/texlive/texmf-dist/tex/latex/base/atveryend-ltx.sty)
(/usr/share/texlive/texmf-dist/tex/latex/rerunfilecheck/rerunfilecheck.sty
(/usr/share/texlive/texmf-dist/tex/generic/uniquecounter/uniquecounter.sty)))
(./manuscript.aux) (/usr/share/texlive/texmf-dist/tex/latex/base/ts1cmr.fd)
*geometry* driver: auto-detecting
*geometry* detected driver: luatex
(/usr/share/texlive/texmf-dist/tex/latex/graphics/graphicx.sty
(/usr/share/texlive/texmf-dist/tex/latex/graphics/graphics.sty
(/usr/share/texlive/texmf-dist/tex/latex/graphics/trig.sty)
(/usr/share/texlive/texmf-dist/tex/latex/graphics-cfg/graphics.cfg)))
(/usr/share/texlive/texmf-dist/tex/context/base/mkii/supp-pdf.mkii
[Loading MPS to PDF converter (version 2006.09.02).]
) (/usr/share/texlive/texmf-dist/tex/latex/epstopdf-pkg/epstopdf-base.sty
(/usr/share/texlive/texmf-dist/tex/latex/latexconfig/epstopdf-sys.cfg))
(/usr/share/texlive/texmf-dist/tex/latex/hyperref/nameref.sty
(/usr/share/texlive/texmf-dist/tex/latex/refcount/refcount.sty)
(/usr/share/texlive/texmf-dist/tex/generic/gettitlestring/gettitlestring.sty))
(./manuscript.out) (./manuscript.out)
(/usr/share/texlive/texmf-dist/tex/latex/amsfonts/umsa.fd)
(/usr/share/texlive/texmf-dist/tex/latex/microtype/mt-msa.cfg)
(/usr/share/texlive/texmf-dist/tex/latex/amsfonts/umsb.fd)
(/usr/share/texlive/texmf-dist/tex/latex/microtype/mt-msb.cfg)
(/usr/share/texlive/texmf-dist/tex/latex/microtype/mt-cmr.cfg) [1{/var/lib/texm
f/fonts/map/pdftex/updmap/pdftex.map}]

Package natbib Warning: Citation `P31-S23' on page 2 undefined on input line 12
1.


Package natbib Warning: Citation `P31-S24' on page 2 undefined on input line 12
3.


Package natbib Warning: Citation `P31-S01' on page 2 undefined on input line 16
4.


Package natbib Warning: Citation `P31-S02' on page 2 undefined on input line 16
4.


Package natbib Warning: Citation `P31-S03' on page 2 undefined on input line 16
4.


Package natbib Warning: Citation `P31-S04' on page 2 undefined on input line 16
4.


Package natbib Warning: Citation `P31-S05' on page 2 undefined on input line 16
4.


Package natbib Warning: Citation `P31-S06' on page 2 undefined on input line 16
8.

[2]

Package natbib Warning: Citation `P31-S07' on page 3 undefined on input line 19
5.


Package natbib Warning: Citation `P31-S08' on page 3 undefined on input line 19
5.


Package natbib Warning: Citation `P31-S09' on page 3 undefined on input line 19
5.


Package natbib Warning: Citation `P31-S10' on page 3 undefined on input line 19
9.


Package natbib Warning: Citation `P31-S11' on page 3 undefined on input line 19
9.


Package natbib Warning: Citation `P31-S12' on page 3 undefined on input line 19
9.


Package natbib Warning: Citation `P31-S13' on page 3 undefined on input line 19
9.


Package natbib Warning: Citation `P31-S15' on page 3 undefined on input line 22
5.


Package natbib Warning: Citation `P31-S16' on page 3 undefined on input line 22
9.


Package natbib Warning: Citation `P31-S17' on page 3 undefined on input line 22
9.


Package natbib Warning: Citation `P31-S18' on page 3 undefined on input line 23
3.


Package natbib Warning: Citation `P31-S19' on page 3 undefined on input line 23
7.


Package natbib Warning: Citation `P31-S20' on page 3 undefined on input line 23
7.


Package natbib Warning: Citation `P31-S14' on page 3 undefined on input line 25
4.


Package natbib Warning: Citation `P31-S21' on page 3 undefined on input line 25
9.


Package natbib Warning: Citation `P31-S22' on page 3 undefined on input line 25
9.

[3]

Package natbib Warning: Citation `P31-S23' on page 4 undefined on input line 27
0.


Package natbib Warning: Citation `P31-S24' on page 4 undefined on input line 27
2.

[4] [5] [6] [7]
Underfull \hbox (badness 10000) in paragraph at lines 591--591
[]\TU/TeXGyreTermes(0)/m/n/8 Closed car-di-

Underfull \hbox (badness 10000) in paragraph at lines 593--593
[]\TU/TeXGyreTermes(0)/m/n/8 dis-tinct re-

Underfull \hbox (badness 10000) in paragraph at lines 595--595
[]\TU/TeXGyreTermes(0)/m/n/8 dis-tinct

Underfull \hbox (badness 10000) in paragraph at lines 595--595
\TU/TeXGyreTermes(0)/m/n/8 complete-\TU/lmtt/m/n/8 I

Underfull \hbox (badness 10000) in paragraph at lines 595--595
\TU/TeXGyreTermes(0)/m/n/8 cell-owner
[8]
Underfull \hbox (badness 1490) in paragraph at lines 645--654
\TU/TeXGyreTermes(0)/m/n/10.95 Reader-accessible Stage-4-prime ma-te-ri-als are
 ex-actly the en-tries listed in $\TU/lmtt/m/n/10.95 notes/stage4_prime_

Underfull \hbox (badness 10000) in paragraph at lines 645--654
\TU/lmtt/m/n/10.95 reader_artifact_manifest_round2.json$ \TU/TeXGyreTermes(0)/m
/n/10.95 (SHA-256 \TU/lmtt/m/n/10.95 0b2d2692f93eccd104183aa45381ac46

Underfull \hbox (badness 3302) in paragraph at lines 645--654
\TU/lmtt/m/n/10.95 1f310c3fdc912906b225ed26cc16be00\TU/TeXGyreTermes(0)/m/n/10.
95 ). Each row names its schema or for-mat ver-sion, byte

Underfull \hbox (badness 4013) in paragraph at lines 645--654
\TU/TeXGyreTermes(0)/m/n/10.95 length, full SHA-256 di-gest, and repository-rel
ative ac-cess state. The branch-relative lo-ca-tor

Underfull \hbox (badness 10000) in paragraph at lines 645--654
\TU/TeXGyreTermes(0)/m/n/10.95 is []$\TU/lmtt/m/n/10.95 https://github.com/mari
s205/hilbert-[]polya-[]structure/tree/main/flow_systems/
[9] [10]
Underfull \hbox (badness 10000) in paragraph at lines 842--852
[]\TU/TeXGyreTermes(0)/b/n/10.95 Data and ma-te-ri-als avail-abil-ity.[] \TU/Te
XGyreTermes(0)/m/n/10.95 The bounded reader-accessible files are enu-mer-ated i
n

Underfull \hbox (badness 5077) in paragraph at lines 842--852
\TU/lmtt/m/n/10.95 notes/stage4_prime_reader_artifact_manifest_round2.json$ \TU
/TeXGyreTermes(0)/m/n/10.95 (SHA-256 \TU/lmtt/m/n/10.95 0b2d2692f93eccd1
[11] (./manuscript.bbl
Underfull \hbox (badness 3919) in paragraph at lines 45--51
[]\TU/TeXGyreTermes(0)/m/n/10.95 Scott A. Crosby and Dan S. Wal-lach.  Ef-fi-ci
ent data struc-tures for tamper-evident log-

Underfull \hbox (badness 3713) in paragraph at lines 45--51
\TU/TeXGyreTermes(0)/m/n/10.95 USENIX As-so-ci-a-tion.  URL []$\TU/lmtt/m/n/10.
95 https://www.usenix.org/conference/usenixsecurity09/
[12])

Package natbib Warning: There were undefined citations.

[13] (./manuscript.aux

Package natbib Warning: Citation(s) may have changed.
(natbib)                Rerun to get citations correct.

))
(see the transcript file for additional information)
 592 words of node memory still in use:
   7 hlist, 2 vlist, 2 rule, 1 local_par, 4 glue, 4 kern, 1 penalty, 3 glyph, 1
1 attribute, 58 glue_spec, 11 attribute_list, 1 write, 2 pdf_action nodes
   avail lists: 2:568,3:338,4:120,5:895,6:65,7:10872,8:131,9:415,10:32,11:1030
</usr/share/texmf/fonts/opentype/public/tex-gyre/texgyretermes-italic.otf></usr
/share/texmf/fonts/opentype/public/lm/lmmono8-regular.otf></usr/share/texmf/fon
ts/opentype/public/lm/lmmonolt10-bold.otf></usr/share/texlive/texmf-dist/fonts/
truetype/public/arphic-ttf/bsmi00lp.ttf></usr/share/texmf/fonts/opentype/public
/tex-gyre/texgyretermes-bold.otf></usr/share/texmf/fonts/opentype/public/lm/lmm
ono10-regular.otf></usr/share/texmf/fonts/opentype/public/tex-gyre/texgyreterme
s-regular.otf></usr/share/texlive/texmf-dist/fonts/type1/public/amsfonts/cm/cmm
i10.pfb></usr/share/texlive/texmf-dist/fonts/type1/public/amsfonts/cm/cmr10.pfb
></usr/share/texlive/texmf-dist/fonts/type1/public/amsfonts/cm/cmr7.pfb></usr/s
hare/texlive/texmf-dist/fonts/type1/public/amsfonts/cm/cmr8.pfb></usr/share/tex
live/texmf-dist/fonts/type1/public/amsfonts/cm/cmsy10.pfb></usr/share/texlive/t
exmf-dist/fonts/type1/public/amsfonts/symbols/msbm10.pfb>
Output written on manuscript.pdf (13 pages, 245366 bytes).
Transcript written on manuscript.log.


$ lualatex -interaction=nonstopmode -halt-on-error manuscript.tex
This is LuaHBTeX, Version 1.14.0 (TeX Live 2022/dev/Debian) 
 restricted system commands enabled.
(./manuscript.tex
LaTeX2e <2021-11-15> patch level 1
 L3 programming layer <2022-01-21>
(/usr/share/texlive/texmf-dist/tex/latex/base/article.cls
Document Class: article 2021/10/04 v1.4n Standard LaTeX document class
(/usr/share/texlive/texmf-dist/tex/latex/base/size11.clo))
(/usr/share/texlive/texmf-dist/tex/latex/geometry/geometry.sty
(/usr/share/texlive/texmf-dist/tex/latex/graphics/keyval.sty)
(/usr/share/texlive/texmf-dist/tex/generic/iftex/ifvtex.sty
(/usr/share/texlive/texmf-dist/tex/generic/iftex/iftex.sty)))
(/usr/share/texlive/texmf-dist/tex/latex/fontspec/fontspec.sty
(/usr/share/texlive/texmf-dist/tex/latex/l3packages/xparse/xparse.sty
(/usr/share/texlive/texmf-dist/tex/latex/l3kernel/expl3.sty
(/usr/share/texlive/texmf-dist/tex/latex/l3backend/l3backend-luatex.def)))
(/usr/share/texlive/texmf-dist/tex/latex/fontspec/fontspec-luatex.sty
(/usr/share/texlive/texmf-dist/tex/latex/base/fontenc.sty)
(/usr/share/texlive/texmf-dist/tex/latex/fontspec/fontspec.cfg)))
(/usr/share/texlive/texmf-dist/tex/latex/amsmath/amsmath.sty
For additional information on amsmath, use the `?' option.
(/usr/share/texlive/texmf-dist/tex/latex/amsmath/amstext.sty
(/usr/share/texlive/texmf-dist/tex/latex/amsmath/amsgen.sty))
(/usr/share/texlive/texmf-dist/tex/latex/amsmath/amsbsy.sty)
(/usr/share/texlive/texmf-dist/tex/latex/amsmath/amsopn.sty))
(/usr/share/texlive/texmf-dist/tex/latex/amsfonts/amssymb.sty
(/usr/share/texlive/texmf-dist/tex/latex/amsfonts/amsfonts.sty))
(/usr/share/texlive/texmf-dist/tex/latex/mathtools/mathtools.sty
(/usr/share/texlive/texmf-dist/tex/latex/tools/calc.sty)
(/usr/share/texlive/texmf-dist/tex/latex/mathtools/mhsetup.sty))
(/usr/share/texlive/texmf-dist/tex/latex/booktabs/booktabs.sty)
(/usr/share/texlive/texmf-dist/tex/latex/enumitem/enumitem.sty)
(/usr/share/texlive/texmf-dist/tex/latex/microtype/microtype.sty
(/usr/share/texlive/texmf-dist/tex/latex/etoolbox/etoolbox.sty)
(/usr/share/texlive/texmf-dist/tex/latex/microtype/microtype-luatex.def)
(/usr/share/texlive/texmf-dist/tex/latex/microtype/microtype.cfg))
(/usr/share/texlive/texmf-dist/tex/latex/xcolor/xcolor.sty
(/usr/share/texlive/texmf-dist/tex/latex/graphics-cfg/color.cfg)
(/usr/share/texlive/texmf-dist/tex/latex/graphics-def/luatex.def))
(/usr/share/texlive/texmf-dist/tex/latex/natbib/natbib.sty)
(/usr/share/texlive/texmf-dist/tex/latex/hyperref/hyperref.sty
(/usr/share/texlive/texmf-dist/tex/generic/ltxcmds/ltxcmds.sty)
(/usr/share/texlive/texmf-dist/tex/generic/pdftexcmds/pdftexcmds.sty
(/usr/share/texlive/texmf-dist/tex/generic/infwarerr/infwarerr.sty))
(/usr/share/texlive/texmf-dist/tex/generic/kvsetkeys/kvsetkeys.sty)
(/usr/share/texlive/texmf-dist/tex/generic/kvdefinekeys/kvdefinekeys.sty)
(/usr/share/texlive/texmf-dist/tex/generic/pdfescape/pdfescape.sty)
(/usr/share/texlive/texmf-dist/tex/latex/hycolor/hycolor.sty)
(/usr/share/texlive/texmf-dist/tex/latex/letltxmacro/letltxmacro.sty)
(/usr/share/texlive/texmf-dist/tex/latex/auxhook/auxhook.sty)
(/usr/share/texlive/texmf-dist/tex/latex/kvoptions/kvoptions.sty)
(/usr/share/texlive/texmf-dist/tex/latex/hyperref/pd1enc.def)
(/usr/share/texlive/texmf-dist/tex/latex/hyperref/hyperref-langpatches.def)
(/usr/share/texlive/texmf-dist/tex/generic/intcalc/intcalc.sty)
(/usr/share/texlive/texmf-dist/tex/generic/etexcmds/etexcmds.sty)
(/usr/share/texlive/texmf-dist/tex/latex/hyperref/puenc.def)
(/usr/share/texlive/texmf-dist/tex/latex/url/url.sty)
(/usr/share/texlive/texmf-dist/tex/generic/bitset/bitset.sty
(/usr/share/texlive/texmf-dist/tex/generic/bigintcalc/bigintcalc.sty))
(/usr/share/texlive/texmf-dist/tex/latex/base/atbegshi-ltx.sty))
(/usr/share/texlive/texmf-dist/tex/latex/hyperref/hluatex.def
(/usr/share/texlive/texmf-dist/tex/generic/stringenc/stringenc.sty)
(/usr/share/texlive/texmf-dist/tex/latex/base/atveryend-ltx.sty)
(/usr/share/texlive/texmf-dist/tex/latex/rerunfilecheck/rerunfilecheck.sty
(/usr/share/texlive/texmf-dist/tex/generic/uniquecounter/uniquecounter.sty)))
(./manuscript.aux) (/usr/share/texlive/texmf-dist/tex/latex/base/ts1cmr.fd)
*geometry* driver: auto-detecting
*geometry* detected driver: luatex
(/usr/share/texlive/texmf-dist/tex/latex/graphics/graphicx.sty
(/usr/share/texlive/texmf-dist/tex/latex/graphics/graphics.sty
(/usr/share/texlive/texmf-dist/tex/latex/graphics/trig.sty)
(/usr/share/texlive/texmf-dist/tex/latex/graphics-cfg/graphics.cfg)))
(/usr/share/texlive/texmf-dist/tex/context/base/mkii/supp-pdf.mkii
[Loading MPS to PDF converter (version 2006.09.02).]
) (/usr/share/texlive/texmf-dist/tex/latex/epstopdf-pkg/epstopdf-base.sty
(/usr/share/texlive/texmf-dist/tex/latex/latexconfig/epstopdf-sys.cfg))
(/usr/share/texlive/texmf-dist/tex/latex/hyperref/nameref.sty
(/usr/share/texlive/texmf-dist/tex/latex/refcount/refcount.sty)
(/usr/share/texlive/texmf-dist/tex/generic/gettitlestring/gettitlestring.sty))
(./manuscript.out) (./manuscript.out)
(/usr/share/texlive/texmf-dist/tex/latex/amsfonts/umsa.fd)
(/usr/share/texlive/texmf-dist/tex/latex/microtype/mt-msa.cfg)
(/usr/share/texlive/texmf-dist/tex/latex/amsfonts/umsb.fd)
(/usr/share/texlive/texmf-dist/tex/latex/microtype/mt-msb.cfg)
(/usr/share/texlive/texmf-dist/tex/latex/microtype/mt-cmr.cfg) [1{/var/lib/texm
f/fonts/map/pdftex/updmap/pdftex.map}] [2] [3] [4] [5] [6] [7]
Underfull \hbox (badness 10000) in paragraph at lines 591--591
[]\TU/TeXGyreTermes(0)/m/n/8 Closed car-di-

Underfull \hbox (badness 10000) in paragraph at lines 593--593
[]\TU/TeXGyreTermes(0)/m/n/8 dis-tinct re-

Underfull \hbox (badness 10000) in paragraph at lines 595--595
[]\TU/TeXGyreTermes(0)/m/n/8 dis-tinct

Underfull \hbox (badness 10000) in paragraph at lines 595--595
\TU/TeXGyreTermes(0)/m/n/8 complete-\TU/lmtt/m/n/8 I

Underfull \hbox (badness 10000) in paragraph at lines 595--595
\TU/TeXGyreTermes(0)/m/n/8 cell-owner
[8]
Underfull \hbox (badness 1490) in paragraph at lines 645--654
\TU/TeXGyreTermes(0)/m/n/10.95 Reader-accessible Stage-4-prime ma-te-ri-als are
 ex-actly the en-tries listed in $\TU/lmtt/m/n/10.95 notes/stage4_prime_

Underfull \hbox (badness 10000) in paragraph at lines 645--654
\TU/lmtt/m/n/10.95 reader_artifact_manifest_round2.json$ \TU/TeXGyreTermes(0)/m
/n/10.95 (SHA-256 \TU/lmtt/m/n/10.95 0b2d2692f93eccd104183aa45381ac46

Underfull \hbox (badness 3302) in paragraph at lines 645--654
\TU/lmtt/m/n/10.95 1f310c3fdc912906b225ed26cc16be00\TU/TeXGyreTermes(0)/m/n/10.
95 ). Each row names its schema or for-mat ver-sion, byte

Underfull \hbox (badness 4013) in paragraph at lines 645--654
\TU/TeXGyreTermes(0)/m/n/10.95 length, full SHA-256 di-gest, and repository-rel
ative ac-cess state. The branch-relative lo-ca-tor

Underfull \hbox (badness 10000) in paragraph at lines 645--654
\TU/TeXGyreTermes(0)/m/n/10.95 is []$\TU/lmtt/m/n/10.95 https://github.com/mari
s205/hilbert-[]polya-[]structure/tree/main/flow_systems/
[9] [10]
Underfull \hbox (badness 10000) in paragraph at lines 842--852
[]\TU/TeXGyreTermes(0)/b/n/10.95 Data and ma-te-ri-als avail-abil-ity.[] \TU/Te
XGyreTermes(0)/m/n/10.95 The bounded reader-accessible files are enu-mer-ated i
n

Underfull \hbox (badness 5077) in paragraph at lines 842--852
\TU/lmtt/m/n/10.95 notes/stage4_prime_reader_artifact_manifest_round2.json$ \TU
/TeXGyreTermes(0)/m/n/10.95 (SHA-256 \TU/lmtt/m/n/10.95 0b2d2692f93eccd1
[11] (./manuscript.bbl
Underfull \hbox (badness 3919) in paragraph at lines 45--51
[]\TU/TeXGyreTermes(0)/m/n/10.95 Scott A. Crosby and Dan S. Wal-lach.  Ef-fi-ci
ent data struc-tures for tamper-evident log-

Underfull \hbox (badness 3713) in paragraph at lines 45--51
\TU/TeXGyreTermes(0)/m/n/10.95 USENIX As-so-ci-a-tion.  URL []$\TU/lmtt/m/n/10.
95 https://www.usenix.org/conference/usenixsecurity09/
[12]) [13] (./manuscript.aux))
(see the transcript file for additional information)
 592 words of node memory still in use:
   7 hlist, 2 vlist, 2 rule, 1 local_par, 4 glue, 4 kern, 1 penalty, 3 glyph, 1
1 attribute, 58 glue_spec, 11 attribute_list, 1 write, 2 pdf_action nodes
   avail lists: 2:567,3:338,4:120,5:895,6:65,7:10880,8:131,9:415,10:32,11:1030
</usr/share/texmf/fonts/opentype/public/tex-gyre/texgyretermes-italic.otf></usr
/share/texmf/fonts/opentype/public/lm/lmmono8-regular.otf></usr/share/texmf/fon
ts/opentype/public/lm/lmmonolt10-bold.otf></usr/share/texlive/texmf-dist/fonts/
truetype/public/arphic-ttf/bsmi00lp.ttf></usr/share/texmf/fonts/opentype/public
/tex-gyre/texgyretermes-bold.otf></usr/share/texmf/fonts/opentype/public/lm/lmm
ono10-regular.otf></usr/share/texmf/fonts/opentype/public/tex-gyre/texgyreterme
s-regular.otf></usr/share/texlive/texmf-dist/fonts/type1/public/amsfonts/cm/cmm
i10.pfb></usr/share/texlive/texmf-dist/fonts/type1/public/amsfonts/cm/cmr10.pfb
></usr/share/texlive/texmf-dist/fonts/type1/public/amsfonts/cm/cmr7.pfb></usr/s
hare/texlive/texmf-dist/fonts/type1/public/amsfonts/cm/cmr8.pfb></usr/share/tex
live/texmf-dist/fonts/type1/public/amsfonts/cm/cmsy10.pfb></usr/share/texlive/t
exmf-dist/fonts/type1/public/amsfonts/symbols/msbm10.pfb>
Output written on manuscript.pdf (13 pages, 246107 bytes).
Transcript written on manuscript.log.

