{
  "assertions": 1234850,
  "boxes": [
    {
      "divisor_return_denominator": [
        1,
        -1
      ],
      "full_inverse_sets_checked": true,
      "height_histogram": {
        "0": 1
      },
      "image": 1,
      "m": 1,
      "maximum_fibre": 1,
      "n": 2,
      "states": 1,
      "unique_maximum_target": [
        1,
        1
      ]
    },
    {
      "divisor_return_denominator": [
        1,
        -1,
        -1
      ],
      "full_inverse_sets_checked": true,
      "height_histogram": {
        "0": 2,
        "1": 2
      },
      "image": 2,
      "m": 2,
      "maximum_fibre": 3,
      "n": 2,
      "states": 4,
      "unique_maximum_target": [
        1,
        1
      ]
    },
    {
      "divisor_return_denominator": [
        1,
        -1,
        -2,
        -1
      ],
      "full_inverse_sets_checked": true,
      "height_histogram": {
        "0": 3,
        "1": 4,
        "2": 2
      },
      "image": 5,
      "m": 3,
      "maximum_fibre": 5,
      "n": 2,
      "states": 9,
      "unique_maximum_target": [
        1,
        1
      ]
    },
    {
      "divisor_return_denominator": [
        1,
        -1,
        -3,
        -2,
        -1
      ],
      "full_inverse_sets_checked": true,
      "height_histogram": {
        "0": 4,
        "1": 8,
        "2": 4
      },
      "image": 8,
      "m": 4,
      "maximum_fibre": 7,
      "n": 2,
      "states": 16,
      "unique_maximum_target": [
        1,
        1
      ]
    },
    {
      "divisor_return_denominator": [
        1,
        -1,
        -4,
        -4,
        -2,
        -1
      ],
      "full_inverse_sets_checked": false,
      "height_histogram": {
        "0": 5,
        "1": 10,
        "2": 8,
        "3": 2
      },
      "image": 13,
      "m": 5,
      "maximum_fibre": 9,
      "n": 2,
      "states": 25,
      "unique_maximum_target": [
        1,
        1
      ]
    },
    {
      "divisor_return_denominator": [
        1,
        -1,
        -5,
        -5,
        -4,
        -2,
        -1
      ],
      "full_inverse_sets_checked": false,
      "height_histogram": {
        "0": 6,
        "1": 16,
        "2": 12,
        "3": 2
      },
      "image": 18,
      "m": 6,
      "maximum_fibre": 11,
      "n": 2,
      "states": 36,
      "unique_maximum_target": [
        1,
        1
      ]
    },
    {
      "divisor_return_denominator": [
        1,
        -1
      ],
      "full_inverse_sets_checked": true,
      "height_histogram": {
        "0": 1
      },
      "image": 1,
      "m": 1,
      "maximum_fibre": 1,
      "n": 3,
      "states": 1,
      "unique_maximum_target": [
        1,
        1,
        1
      ]
    },
    {
      "divisor_return_denominator": [
        1,
        -1,
        -1
      ],
      "full_inverse_sets_checked": true,
      "height_histogram": {
        "0": 2,
        "1": 3,
        "2": 3
      },
      "image": 5,
      "m": 2,
      "maximum_fibre": 4,
      "n": 3,
      "states": 8,
      "unique_maximum_target": [
        1,
        1,
        1
      ]
    },
    {
      "divisor_return_denominator": [
        1,
        -1,
        -2,
        -1
      ],
      "full_inverse_sets_checked": true,
      "height_histogram": {
        "0": 3,
        "1": 9,
        "2": 9,
        "3": 6
      },
      "image": 15,
      "m": 3,
      "maximum_fibre": 10,
      "n": 3,
      "states": 27,
      "unique_maximum_target": [
        1,
        1,
        1
      ]
    },
    {
      "divisor_return_denominator": [
        1,
        -1,
        -3,
        -2,
        -1
      ],
      "full_inverse_sets_checked": true,
      "height_histogram": {
        "0": 4,
        "1": 18,
        "2": 27,
        "3": 12,
        "4": 3
      },
      "image": 31,
      "m": 4,
      "maximum_fibre": 16,
      "n": 3,
      "states": 64,
      "unique_maximum_target": [
        1,
        1,
        1
      ]
    },
    {
      "divisor_return_denominator": [
        1,
        -1,
        -4,
        -4,
        -2,
        -1
      ],
      "full_inverse_sets_checked": false,
      "height_histogram": {
        "0": 5,
        "1": 27,
        "2": 45,
        "3": 36,
        "4": 9,
        "5": 3
      },
      "image": 56,
      "m": 5,
      "maximum_fibre": 25,
      "n": 3,
      "states": 125,
      "unique_maximum_target": [
        1,
        1,
        1
      ]
    },
    {
      "divisor_return_denominator": [
        1,
        -1,
        -5,
        -5,
        -4,
        -2,
        -1
      ],
      "full_inverse_sets_checked": false,
      "height_histogram": {
        "0": 6,
        "1": 42,
        "2": 87,
        "3": 54,
        "4": 21,
        "5": 6
      },
      "image": 93,
      "m": 6,
      "maximum_fibre": 31,
      "n": 3,
      "states": 216,
      "unique_maximum_target": [
        1,
        1,
        1
      ]
    },
    {
      "divisor_return_denominator": [
        1,
        -1
      ],
      "full_inverse_sets_checked": true,
      "height_histogram": {
        "0": 1
      },
      "image": 1,
      "m": 1,
      "maximum_fibre": 1,
      "n": 4,
      "states": 1,
      "unique_maximum_target": [
        1,
        1,
        1,
        1
      ]
    },
    {
      "divisor_return_denominator": [
        1,
        -1,
        -1
      ],
      "full_inverse_sets_checked": true,
      "height_histogram": {
        "0": 2,
        "1": 6,
        "2": 4,
        "3": 4
      },
      "image": 10,
      "m": 2,
      "maximum_fibre": 7,
      "n": 4,
      "states": 16,
      "unique_maximum_target": [
        1,
        1,
        1,
        1
      ]
    },
    {
      "divisor_return_denominator": [
        1,
        -1,
        -2,
        -1
      ],
      "full_inverse_sets_checked": true,
      "height_histogram": {
        "0": 3,
        "1": 20,
        "2": 30,
        "3": 16,
        "4": 12
      },
      "image": 37,
      "m": 3,
      "maximum_fibre": 21,
      "n": 4,
      "states": 81,
      "unique_maximum_target": [
        1,
        1,
        1,
        1
      ]
    },
    {
      "divisor_return_denominator": [
        1,
        -1,
        -3,
        -2,
        -1
      ],
      "full_inverse_sets_checked": true,
      "height_histogram": {
        "0": 4,
        "1": 48,
        "2": 84,
        "3": 80,
        "4": 28,
        "5": 8,
        "6": 4
      },
      "image": 104,
      "m": 4,
      "maximum_fibre": 43,
      "n": 4,
      "states": 256,
      "unique_maximum_target": [
        1,
        1,
        1,
        1
      ]
    },
    {
      "divisor_return_denominator": [
        1,
        -1,
        -4,
        -4,
        -2,
        -1
      ],
      "full_inverse_sets_checked": false,
      "height_histogram": {
        "0": 5,
        "1": 78,
        "2": 208,
        "3": 170,
        "4": 124,
        "5": 28,
        "6": 8,
        "7": 4
      },
      "image": 229,
      "m": 5,
      "maximum_fibre": 73,
      "n": 4,
      "states": 625,
      "unique_maximum_target": [
        1,
        1,
        1,
        1
      ]
    },
    {
      "divisor_return_denominator": [
        1,
        -1,
        -5,
        -5,
        -4,
        -2,
        -1
      ],
      "full_inverse_sets_checked": false,
      "height_histogram": {
        "0": 6,
        "1": 132,
        "2": 364,
        "3": 434,
        "4": 216,
        "5": 96,
        "6": 36,
        "7": 12
      },
      "image": 458,
      "m": 6,
      "maximum_fibre": 107,
      "n": 4,
      "states": 1296,
      "unique_maximum_target": [
        1,
        1,
        1,
        1
      ]
    },
    {
      "divisor_return_denominator": [
        1,
        -1
      ],
      "full_inverse_sets_checked": false,
      "height_histogram": {
        "0": 1
      },
      "image": 1,
      "m": 1,
      "maximum_fibre": 1,
      "n": 5,
      "states": 1,
      "unique_maximum_target": [
        1,
        1,
        1,
        1,
        1
      ]
    },
    {
      "divisor_return_denominator": [
        1,
        -1,
        -1
      ],
      "full_inverse_sets_checked": false,
      "height_histogram": {
        "0": 2,
        "1": 10,
        "2": 10,
        "3": 5,
        "4": 5
      },
      "image": 17,
      "m": 2,
      "maximum_fibre": 11,
      "n": 5,
      "states": 32,
      "unique_maximum_target": [
        1,
        1,
        1,
        1,
        1
      ]
    },
    {
      "divisor_return_denominator": [
        1,
        -1,
        -2,
        -1
      ],
      "full_inverse_sets_checked": false,
      "height_histogram": {
        "0": 3,
        "1": 45,
        "2": 90,
        "3": 60,
        "4": 25,
        "5": 20
      },
      "image": 88,
      "m": 3,
      "maximum_fibre": 46,
      "n": 5,
      "states": 243,
      "unique_maximum_target": [
        1,
        1,
        1,
        1,
        1
      ]
    },
    {
      "divisor_return_denominator": [
        1,
        -1,
        -3,
        -2,
        -1
      ],
      "full_inverse_sets_checked": false,
      "height_histogram": {
        "0": 4,
        "1": 115,
        "2": 330,
        "3": 265,
        "4": 215,
        "5": 60,
        "6": 20,
        "7": 10,
        "8": 5
      },
      "image": 329,
      "m": 4,
      "maximum_fibre": 106,
      "n": 5,
      "states": 1024,
      "unique_maximum_target": [
        1,
        1,
        1,
        1,
        1
      ]
    },
    {
      "divisor_return_denominator": [
        1,
        -1,
        -4,
        -4,
        -2,
        -1
      ],
      "full_inverse_sets_checked": false,
      "height_histogram": {
        "0": 5,
        "1": 225,
        "2": 920,
        "3": 955,
        "4": 540,
        "5": 375,
        "6": 70,
        "7": 20,
        "8": 10,
        "9": 5
      },
      "image": 880,
      "m": 5,
      "maximum_fibre": 216,
      "n": 5,
      "states": 3125,
      "unique_maximum_target": [
        1,
        1,
        1,
        1,
        1
      ]
    },
    {
      "divisor_return_denominator": [
        1,
        -1,
        -5,
        -5,
        -4,
        -2,
        -1
      ],
      "full_inverse_sets_checked": false,
      "height_histogram": {
        "0": 6,
        "1": 385,
        "2": 1865,
        "3": 2175,
        "4": 1910,
        "5": 820,
        "6": 380,
        "7": 160,
        "8": 55,
        "9": 20
      },
      "image": 2096,
      "m": 6,
      "maximum_fibre": 331,
      "n": 5,
      "states": 7776,
      "unique_maximum_target": [
        1,
        1,
        1,
        1,
        1
      ]
    },
    {
      "divisor_return_denominator": [
        1,
        -1
      ],
      "full_inverse_sets_checked": false,
      "height_histogram": {
        "0": 1
      },
      "image": 1,
      "m": 1,
      "maximum_fibre": 1,
      "n": 6,
      "states": 1,
      "unique_maximum_target": [
        1,
        1,
        1,
        1,
        1,
        1
      ]
    },
    {
      "divisor_return_denominator": [
        1,
        -1,
        -1
      ],
      "full_inverse_sets_checked": false,
      "height_histogram": {
        "0": 2,
        "1": 17,
        "2": 21,
        "3": 12,
        "4": 6,
        "5": 6
      },
      "image": 29,
      "m": 2,
      "maximum_fibre": 18,
      "n": 6,
      "states": 64,
      "unique_maximum_target": [
        1,
        1,
        1,
        1,
        1,
        1
      ]
    },
    {
      "divisor_return_denominator": [
        1,
        -1,
        -2,
        -1
      ],
      "full_inverse_sets_checked": false,
      "height_histogram": {
        "0": 3,
        "1": 97,
        "2": 263,
        "3": 204,
        "4": 96,
        "5": 36,
        "6": 30
      },
      "image": 215,
      "m": 3,
      "maximum_fibre": 98,
      "n": 6,
      "states": 729,
      "unique_maximum_target": [
        1,
        1,
        1,
        1,
        1,
        1
      ]
    },
    {
      "divisor_return_denominator": [
        1,
        -1,
        -3,
        -2,
        -1
      ],
      "full_inverse_sets_checked": false,
      "height_histogram": {
        "0": 4,
        "1": 290,
        "2": 1183,
        "3": 1164,
        "4": 699,
        "5": 540,
        "6": 126,
        "7": 48,
        "8": 24,
        "9": 12,
        "10": 6
      },
      "image": 1031,
      "m": 4,
      "maximum_fibre": 274,
      "n": 6,
      "states": 4096,
      "unique_maximum_target": [
        1,
        1,
        1,
        1,
        1,
        1
      ]
    },
    {
      "divisor_return_denominator": [
        1,
        -1,
        -4,
        -4,
        -2,
        -1
      ],
      "full_inverse_sets_checked": false,
      "height_histogram": {
        "0": 5,
        "1": 643,
        "2": 3971,
        "3": 5024,
        "4": 3195,
        "5": 1509,
        "6": 1032,
        "7": 156,
        "8": 48,
        "9": 24,
        "10": 12,
        "11": 6
      },
      "image": 3376,
      "m": 5,
      "maximum_fibre": 627,
      "n": 6,
      "states": 15625,
      "unique_maximum_target": [
        1,
        1,
        1,
        1,
        1,
        1
      ]
    },
    {
      "divisor_return_denominator": [
        1,
        -1,
        -5,
        -5,
        -4,
        -2,
        -1
      ],
      "full_inverse_sets_checked": false,
      "height_histogram": {
        "0": 6,
        "1": 1186,
        "2": 8883,
        "3": 13358,
        "4": 10239,
        "5": 7620,
        "6": 2982,
        "7": 1422,
        "8": 612,
        "9": 240,
        "10": 78,
        "11": 30
      },
      "image": 9549,
      "m": 6,
      "maximum_fibre": 1073,
      "n": 6,
      "states": 46656,
      "unique_maximum_target": [
        1,
        1,
        1,
        1,
        1,
        1
      ]
    }
  ],
  "disposition": "AUTHOR_NO_PROMOTION_NOT_A_GATE",
  "ordered_record_sha256": "dd1dc7c1e262cbb9fbe3e24864e155c6aec93331a62bf2fc8fce8f8436795aa7",
  "runtime_repository_imports_or_data_reads": false,
  "status": "PASS"
}
