study the group of morphisms generated by Vieta involutions on congruence
solutions of the Markoff equation and related affine cubic surfaces.

The audited carrier is that congruence surface, and the rotor is a coordinate
rotation composed with its Vieta involution.

**Effect:** direct family/action ownership.  Since the map is bijective, the
inverse/fibre axis contributes only the explicit inverse and fibre one.
`KILL_DIRECT_ACTION_OWNER`.

### `CLU`: rank-two cluster recurrence and permanent matrix-power engine

Primary cluster sources checked were:

- Sergey Fomin and Andrei Zelevinsky,
  [*Cluster algebras I: Foundations*](https://arxiv.org/abs/math/0104151);
- Paul Sherman and Andrei Zelevinsky,
  [*Positivity and canonical bases in rank 2 cluster algebras of finite and
  affine types*](https://arxiv.org/abs/math/0307082);
- Sergey Fomin and Andrei Zelevinsky,
  [*Cluster algebras II: Finite type classification*](https://arxiv.org/abs/math/0208229).

The regular-locus recurrence `x_{m+2}x_m=1+x_{m+1}^2` is the affine rank-two
exchange recurrence.  Independently, its invariant `K` turns it into
`x_{m+2}=Kx_{m+1}-x_m`, so the temporal proof is a two-by-two matrix power.

**Effect:** even if the exact `inv0` boundary has no literal owner in this
bounded search, both dominant engines are already owned or permanently
excluded.  `KILL_OWNED_ENGINE`.

### `SFE`: direct squarefree-factorization operator

David Y. Y. Yun,
[*On square-free decomposition algorithms*](https://doi.org/10.1145/800205.806320),
is the classical primary algorithm source.  Martin von zur Gathen,
[*On square-free factorization of multivariate polynomials over a finite
field*](https://doi.org/10.1016/S0304-3975(97)00059-5), gives a finite-field
squarefree-decomposition algorithm based on derivative and GCD mechanisms.

The single `gcd(f,f')` update is the standard repeated-factor extraction step;
iteration merely subtracts one from every irreducible-factor multiplicity.

**Effect:** the entire theorem engine is algorithmic factor-multiplicity
erosion, also colliding with the portfolio's valuation/erasure firewall.
`KILL_ALGORITHM_ENGINE`.

### `GCM`: bounded exact-map non-hit; permanent matrix engine suffices

Exact queries for `AA^T A`, “Gram cube,” and finite-field matrix dynamics did
not locate a primary source for this literal functional graph.  General
finite-field functional-graph sources such as Konyagin et al.,
[*Functional Graphs of Polynomials over Finite Fields*](https://arxiv.org/abs/1307.2718),
and Oliveira--Brochero,
[*Dynamics of polynomial maps over finite fields*](https://arxiv.org/abs/2201.00954),
do not directly cover this multivariate matrix map and are not cited as direct
owners.
