\BOOKMARK [1][-]{section.1}{\376\377\000I\000n\000t\000r\000o\000d\000u\000c\000t\000i\000o\000n\000\040\000a\000n\000d\000\040\000m\000a\000i\000n\000\040\000r\000e\000s\000u\000l\000t\000s}{}% 1
\BOOKMARK [2][-]{subsection.1.1}{\376\377\000T\000h\000e\000\040\000o\000r\000i\000g\000i\000n\000a\000l\000\040\000i\000n\000v\000a\000r\000i\000a\000n\000t\000\040\000a\000n\000d\000\040\000i\000t\000s\000\040\000m\000o\000d\000e\000l}{section.1}% 2
\BOOKMARK [2][-]{subsection.1.2}{\376\377\000C\000y\000c\000l\000o\000t\000o\000m\000i\000c\000\040\000p\000a\000r\000a\000m\000e\000t\000e\000r\000s\000\040\000a\000n\000d\000\040\000t\000h\000e\000\040\000t\000h\000r\000e\000e\000\040\000r\000e\000s\000u\000l\000t\000s}{section.1}% 3
\BOOKMARK [2][-]{subsection.1.3}{\376\377\000R\000e\000l\000a\000t\000i\000o\000n\000\040\000t\000o\000\040\000e\000x\000i\000s\000t\000i\000n\000g\000\040\000m\000e\000c\000h\000a\000n\000i\000s\000m\000s\000\040\000a\000n\000d\000\040\000s\000c\000o\000p\000e}{section.1}% 4
\BOOKMARK [1][-]{section.2}{\376\377\000T\000h\000e\000\040\000o\000r\000i\000g\000i\000n\000a\000l\000\040\000s\000u\000r\000f\000a\000c\000e\000\040\000a\000n\000d\000\040\000p\000r\000i\000m\000i\000t\000i\000v\000e\000\040\000p\000e\000n\000c\000i\000l}{}% 5
\BOOKMARK [2][-]{subsection.2.1}{\376\377\000T\000h\000e\000\040\000e\000x\000a\000c\000t\000\040\000p\000o\000l\000a\000r\000\040\000d\000i\000v\000i\000s\000o\000r}{section.2}% 6
\BOOKMARK [2][-]{subsection.2.2}{\376\377\000I\000n\000t\000e\000g\000r\000a\000l\000\040\000n\000o\000d\000e\000\040\000f\000r\000a\000m\000e\000s\000\040\000a\000n\000d\000\040\000g\000e\000n\000u\000i\000n\000e\000\040\000c\000o\000n\000s\000t\000a\000n\000t\000s}{section.2}% 7
\BOOKMARK [2][-]{subsection.2.3}{\376\377\000C\000o\000m\000p\000l\000e\000t\000e\000n\000e\000s\000s\000,\000\040\000c\000o\000n\000n\000e\000c\000t\000e\000d\000n\000e\000s\000s\000,\000\040\000a\000n\000d\000\040\000g\000e\000n\000e\000r\000i\000c\000\040\000s\000m\000o\000o\000t\000h\000n\000e\000s\000s}{section.2}% 8
\BOOKMARK [1][-]{section.3}{\376\377\000T\000h\000e\000\040\000a\000c\000t\000u\000a\000l\000\040\000s\000p\000e\000c\000t\000r\000a\000l\000\040\000J\000a\000c\000o\000b\000i\000a\000n}{}% 9
\BOOKMARK [2][-]{subsection.3.1}{\376\377\000A\000\040\000f\000i\000n\000i\000t\000e\000\040\000c\000r\000i\000t\000i\000c\000a\000l\000\040\000a\000l\000g\000e\000b\000r\000a\000\040\000b\000e\000f\000o\000r\000e\000\040\000t\000h\000e\000\040\000s\000p\000e\000c\000t\000r\000a\000l\000\040\000c\000o\000n\000s\000t\000r\000u\000c\000t\000i\000o\000n}{section.3}% 10
\BOOKMARK [2][-]{subsection.3.2}{\376\377\000T\000h\000e\000\040\000t\000w\000o\000\040\000s\000p\000e\000c\000t\000r\000a\000l\000\040\000c\000h\000a\000r\000t\000s\000\040\000a\000n\000d\000\040\000t\000h\000e\000i\000r\000\040\000f\000o\000u\000r\000\040\000e\000n\000d\000p\000o\000i\000n\000t\000s}{section.3}% 11
\BOOKMARK [1][-]{section.4}{\376\377\000C\000o\000m\000p\000l\000e\000t\000e\000\040\000s\000m\000o\000o\000t\000h\000\040\000f\000i\000b\000e\000r\000s\000\040\000a\000n\000d\000\040\000t\000h\000e\000\040\000H\000a\000s\000s\000e\000\040\000p\000o\000l\000y\000n\000o\000m\000i\000a\000l}{}% 12
\BOOKMARK [1][-]{section.5}{\376\377\000I\000n\000t\000e\000g\000r\000a\000l\000\040\000t\000r\000a\000c\000e\000\040\000c\000a\000l\000c\000u\000l\000u\000s\000\040\000a\000n\000d\000\040\000g\000l\000o\000b\000a\000l\000\040\000d\000i\000v\000i\000d\000e\000d\000\040\000f\000o\000r\000m\000s}{}% 13
\BOOKMARK [2][-]{subsection.5.1}{\376\377\000C\000y\000c\000l\000i\000c\000\040\000i\000n\000s\000e\000r\000t\000i\000o\000n\000\040\000b\000e\000f\000o\000r\000e\000\040\000r\000e\000d\000u\000c\000t\000i\000o\000n}{section.5}% 14
\BOOKMARK [2][-]{subsection.5.2}{\376\377\000T\000h\000e\000\040\000r\000a\000n\000k\000-\000t\000w\000o\000\040\000r\000e\000c\000u\000r\000r\000e\000n\000c\000e\000\040\000a\000n\000d\000\040\000i\000t\000s\000\040\000c\000o\000e\000f\000f\000i\000c\000i\000e\000n\000t}{section.5}% 15
\BOOKMARK [2][-]{subsection.5.3}{\376\377\000E\000x\000t\000e\000n\000s\000i\000o\000n\000\040\000t\000o\000\040\000t\000h\000e\000\040\000f\000u\000l\000l\000\040\000o\000p\000e\000n\000\040\000s\000u\000r\000f\000a\000c\000e}{section.5}% 16
\BOOKMARK [1][-]{section.6}{\376\377\000T\000h\000e\000\040\000c\000o\000m\000p\000l\000e\000t\000e\000\040\000f\000i\000r\000s\000t\000-\000l\000a\000y\000e\000r\000\040\000c\000r\000i\000t\000i\000c\000a\000l\000\040\000i\000d\000e\000a\000l}{}% 17
\BOOKMARK [2][-]{subsection.6.1}{\376\377\000T\000h\000e\000\040\000a\000c\000t\000u\000a\000l\000\040\000b\000o\000u\000n\000d\000a\000r\000y\000\040\000B\000o\000c\000k\000s\000t\000e\000i\000n}{section.6}% 18
\BOOKMARK [2][-]{subsection.6.2}{\376\377\000T\000h\000e\000\040\000o\000r\000i\000g\000i\000n\000a\000l\000\040\000p\000r\000i\000m\000e\000\040\000t\000r\000a\000c\000e\000\040\000c\000o\000n\000g\000r\000u\000e\000n\000c\000e}{section.6}% 19
\BOOKMARK [2][-]{subsection.6.3}{\376\377\000T\000h\000e\000\040\000i\000m\000a\000g\000e\000-\000s\000h\000e\000a\000f\000\040\000c\000l\000a\000s\000s\000\040\000a\000n\000d\000\040\000t\000h\000e\000\040\000t\000w\000o\000\040\000c\000o\000e\000f\000f\000i\000c\000i\000e\000n\000t\000s}{section.6}% 20
\BOOKMARK [1][-]{section.7}{\376\377\000O\000d\000d\000-\000p\000r\000i\000m\000e\000\040\000f\000i\000r\000s\000t\000\040\000j\000e\000t\000s\000\040\000a\000t\000\040\000a\000l\000l\000\040\000h\000i\000g\000h\000e\000r\000\040\000l\000e\000v\000e\000l\000s}{}% 21
\BOOKMARK [2][-]{subsection.7.1}{\376\377\000T\000h\000e\000\040\000c\000o\000m\000m\000o\000n\000\040\000t\000h\000i\000c\000k\000e\000n\000i\000n\000g\000\040\000a\000n\000d\000\040\000t\000h\000e\000\040\000s\000t\000a\000t\000e\000m\000e\000n\000t}{section.7}% 22
\BOOKMARK [2][-]{subsection.7.2}{\376\377\000I\000n\000t\000e\000g\000r\000a\000l\000\040\000b\000l\000o\000c\000k\000s\000\040\000a\000n\000d\000\040\000t\000h\000e\000\040\000f\000u\000l\000l\000\040\000i\000n\000t\000e\000r\000n\000a\000l\000\040\000d\000e\000f\000o\000r\000m\000a\000t\000i\000o\000n}{section.7}% 23
\BOOKMARK [2][-]{subsection.7.3}{\376\377\000T\000h\000e\000\040\000w\000e\000i\000g\000h\000t\000e\000d\000\040\000c\000o\000m\000m\000u\000t\000a\000t\000o\000r\000\040\000a\000n\000d\000\040\000t\000h\000e\000\040\000e\000x\000t\000e\000r\000n\000a\000l\000\040\000t\000e\000r\000m\000s}{section.7}% 24
\BOOKMARK [2][-]{subsection.7.4}{\376\377\000G\000l\000o\000b\000a\000l\000\040\000i\000d\000e\000n\000t\000i\000t\000y\000\040\000a\000n\000d\000\040\000t\000h\000e\000\040\000t\000w\000o\000-\000c\000o\000e\000f\000f\000i\000c\000i\000e\000n\000t\000\040\000i\000d\000e\000a\000l}{section.7}% 25
\BOOKMARK [1][-]{section.8}{\376\377\000C\000h\000a\000r\000a\000c\000t\000e\000r\000i\000s\000t\000i\000c\000-\000t\000w\000o\000\040\000j\000e\000t\000s\000\040\000a\000n\000d\000\040\000m\000i\000x\000e\000d\000\040\000c\000r\000i\000t\000i\000c\000a\000l\000\040\000i\000d\000e\000a\000l\000s}{}% 26
\BOOKMARK [2][-]{subsection.8.1}{\376\377\000T\000h\000e\000\040\000f\000o\000u\000r\000-\000b\000l\000o\000c\000k\000\040\000b\000a\000s\000e\000\040\000a\000n\000d\000\040\000a\000l\000l\000\040\000h\000i\000g\000h\000e\000r\000\040\000b\000l\000o\000c\000k\000\040\000c\000o\000u\000n\000t\000s}{section.8}% 27
\BOOKMARK [2][-]{subsection.8.2}{\376\377\000I\000d\000e\000n\000t\000i\000f\000i\000c\000a\000t\000i\000o\000n\000\040\000w\000i\000t\000h\000\040\000t\000h\000e\000\040\000a\000c\000t\000u\000a\000l\000\040\000f\000i\000r\000s\000t\000-\000l\000a\000y\000e\000r\000\040\000t\000a\000n\000g\000e\000n\000t\000\040\000f\000o\000r\000m}{section.8}% 28
\BOOKMARK [2][-]{subsection.8.3}{\376\377\000L\000o\000c\000a\000l\000\040\000d\000i\000f\000f\000e\000r\000e\000n\000c\000e\000\040\000q\000u\000o\000t\000i\000e\000n\000t\000s\000\040\000a\000n\000d\000\040\000t\000h\000e\000\040\000t\000w\000o\000\040\000d\000i\000v\000i\000s\000i\000b\000i\000l\000i\000t\000y\000\040\000s\000t\000e\000p\000s}{section.8}% 29
\BOOKMARK [2][-]{subsection.8.4}{\376\377\000T\000h\000e\000\040\000b\000a\000s\000e\000\040\000p\000a\000r\000a\000m\000e\000t\000e\000r\000,\000\040\000t\000r\000a\000n\000s\000v\000e\000r\000s\000e\000\040\000l\000e\000n\000g\000t\000h\000,\000\040\000a\000n\000d\000\040\000s\000t\000a\000t\000e\000\040\000o\000r\000d\000e\000r\000s}{section.8}% 30
