/root/autodl-tmp/hilbert-polya-structure/symbolic_dynamics/docs/papers112_116_sequence/scouting/ALGEBRAIC_SCOUT.md:31:| prior algebra scout reserves/kills | matrix Möbius, Drazin inverse, Newton--Schulz, nilpotent squaring, translation on irreducibles, Euclidean remainder, Hurwitz pairs, subspace-product squaring, centralizer polarity, and meet/join lattice sorting |
/root/autodl-tmp/hilbert-polya-structure/symbolic_dynamics/docs/papers162_166_sequence/scouting/replacement_matchings_incidence/verify_scout.py:352:def hurwitz_system(n=3):
/root/autodl-tmp/hilbert-polya-structure/symbolic_dynamics/docs/papers162_166_sequence/scouting/replacement_matchings_incidence/verify_scout.py:736:    systems.append(("M02 HUR",) + hurwitz_system())
/root/autodl-tmp/hilbert-polya-structure/symbolic_dynamics/docs/papers162_166_sequence/scouting/replacement_matchings_incidence/SCOUT.md:44:anomaly would be quota padding.  The remaining systems are direct Hurwitz
/root/autodl-tmp/hilbert-polya-structure/symbolic_dynamics/docs/papers162_166_sequence/scouting/replacement_matchings_incidence/SCOUT.md:86:| `M02 HUR` | ordered matchings `(A,B)->(B,BAB)` | `225 / 225 / 1 / {1,2,3} / 0` | complete temporal action | **`KILL_DIRECT_HURWITZ_ACTION`** |
/root/autodl-tmp/hilbert-polya-structure/symbolic_dynamics/docs/papers107_111_sequence/phase1/CANDIDATE_POOL_AND_KILL_LEDGER.md:31:| Hurwitz map on finite-group pairs | braid/Hurwitz orbits | KILL DIRECT | mature exact action literature |
/root/autodl-tmp/hilbert-polya-structure/symbolic_dynamics/docs/papers127_131_sequence/scouting/algebraic/verify_algebraic_scout.py:620:        "KILL", "Nielsen/Hurwitz-style group actions create high owner risk without a closed census",
/root/autodl-tmp/hilbert-polya-structure/symbolic_dynamics/docs/papers107_111_sequence/scouting/ALGEBRAIC_SCOUT.md:44:| 9 | Hurwitz map on finite-group pairs | KILL DIRECT OWNER | HOLD | the action and its finite-orbit problem are directly owned |
/root/autodl-tmp/hilbert-polya-structure/symbolic_dynamics/docs/papers107_111_sequence/scouting/ALGEBRAIC_SCOUT.md:377:### A9. Hurwitz map on finite-group pairs -- KILL DIRECT OWNER
/root/autodl-tmp/hilbert-polya-structure/symbolic_dynamics/docs/papers107_111_sequence/scouting/ALGEBRAIC_SCOUT.md:387:Finite Hurwitz orbit problems are directly owned; see T. Ito, *Finite orbits
/root/autodl-tmp/hilbert-polya-structure/symbolic_dynamics/docs/papers107_111_sequence/scouting/ALGEBRAIC_SCOUT.md:388:of Hurwitz actions on braid systems* ([arXiv](https://arxiv.org/abs/0912.0405))
/root/autodl-tmp/hilbert-polya-structure/symbolic_dynamics/docs/papers107_111_sequence/scouting/ALGEBRAIC_SCOUT.md:389:and S. P. Humphries, *Finite Hurwitz braid group actions for Artin groups*
/root/autodl-tmp/hilbert-polya-structure/symbolic_dynamics/docs/papers127_131_sequence/scouting/algebraic/SCOUT.md:98:| `S05` | `(x,y)->(xy,yx)` on `S_3 x S_3`. | all 36 pairs; **108** | tails through three, periods one/two; the two coordinates remain conjugate. | **KILL.**  Nielsen/Hurwitz-style group-action owner risk and no closed large-family census. |
/root/autodl-tmp/hilbert-polya-structure/symbolic_dynamics/papers/26-pure-power-selector-atom-collapse/PROOF_PACKAGE.md:160:Brauer–Nesbitt argument, then cancel common simple multiplicities.  ∎
/root/autodl-tmp/hilbert-polya-structure/symbolic_dynamics/papers/26-pure-power-selector-atom-collapse/sections/10_route_evaluation.tex:53:Brauer--Nesbitt theorem.  Radical extensions remain possible, aggregate
/root/autodl-tmp/hilbert-polya-structure/symbolic_dynamics/docs/papers157_161_sequence/phase1/combinatorial_gate/REPLACEMENT_SCOUT.md:44:| 4 | `HWT` | reduced transposition factorizations of an `n`-cycle | full Hurwitz braid sweep | `n^(n-2)` states; max periods `n(n-1)` at `n=4,5,6` | `KILL_DIRECT_HURWITZ` |
/root/autodl-tmp/hilbert-polya-structure/symbolic_dynamics/docs/papers157_161_sequence/phase1/combinatorial_gate/REPLACEMENT_SCOUT.md:149:## 4. `HWT`: Hurwitz sweep on reduced transposition factorizations
/root/autodl-tmp/hilbert-polya-structure/symbolic_dynamics/docs/papers157_161_sequence/phase1/combinatorial_gate/REPLACEMENT_SCOUT.md:152:- **Update.** Apply the Hurwitz moves at adjacent positions from left to right.
/root/autodl-tmp/hilbert-polya-structure/symbolic_dynamics/docs/papers157_161_sequence/phase1/combinatorial_gate/REPLACEMENT_SCOUT.md:161:  factorization count all belong directly to Hurwitz-action theory.  The power
/root/autodl-tmp/hilbert-polya-structure/symbolic_dynamics/docs/papers157_161_sequence/phase1/combinatorial_gate/REPLACEMENT_SCOUT.md:163:  `KILL_DIRECT_HURWITZ`.**
/root/autodl-tmp/hilbert-polya-structure/symbolic_dynamics/papers/26-pure-power-selector-atom-collapse/sections/B_scope_declarations.tex:21:Finite / countable theorem & finite character rigidity plus explicit countable projectors & universal infinite Brauer--Nesbitt claim \\
/root/autodl-tmp/hilbert-polya-structure/symbolic_dynamics/docs/papers122_126_sequence/phase1/CANDIDATE_POOL_AND_KILL_LEDGER.md:50:- Hurwitz pairs and Nielsen maps: standard braid/group actions;
/root/autodl-tmp/hilbert-polya-structure/symbolic_dynamics/docs/papers152_156_sequence/scouting/algebraic_replacement2/SCOUT.md:201:## 5. `HUR`: two-strand Hurwitz move
/root/autodl-tmp/hilbert-polya-structure/symbolic_dynamics/docs/papers152_156_sequence/scouting/algebraic_replacement2/SCOUT.md:216:recurrent and every fibre is one.  This is literally a Hurwitz braid action;
/root/autodl-tmp/hilbert-polya-structure/symbolic_dynamics/docs/papers162_166_sequence/scouting/open_fresh_p166/SCOUT.md:204:If `n=2r+1`, the union also has one alternating path.  If that path uses `s`
/root/autodl-tmp/hilbert-polya-structure/symbolic_dynamics/docs/papers132_136_sequence/replacement_scout/nondivisor_algebra/SCOUT.md:461:joined by an alternating path of length at most `3^t`.  Its endpoint is the
/root/autodl-tmp/hilbert-polya-structure/symbolic_dynamics/docs/papers167_171_sequence/scouting/algebra_arithmetic/SCOUT_AND_KILL_LEDGER.md:19:Möbius--Drazin--Newton variants, and Euclidean/Hurwitz repackagings.
/root/autodl-tmp/hilbert-polya-structure/symbolic_dynamics/docs/papers162_166_sequence/scouting/replacement_arithmetic_hybrid/SCOUT.md:88:| `AH24/DMR` | Perfect matchings of `{0,...,5}`.  Rank edges by determinant label `j-i mod 7`; split each ranked edge into its smaller and larger endpoint and cyclically rematch the two endpoint lists. | `15/10/0/3`, with two 2-cycles and one 3-cycle; fibre sizes `0,1,2,3`. | A small nonlinear functional graph exists. | There is no natural all-`n` closure of the smaller/larger endpoint rule, and already at six vertices there is neither absorption nor a stable period law.  The current matching/Hurwitz scout also occupies the nearest action interface. **`KILL_FIXED_SIZE_MATCHING_GADGET`.** |
/root/autodl-tmp/hilbert-polya-structure/symbolic_dynamics/docs/papers162_166_sequence/scouting/replacement_arithmetic_hybrid/SCOUT.md:163:| `AH24` | current matching/Hurwitz scout | A single 15-state gadget has no all-parameter theorem spine and cannot be padded into a family. |
/root/autodl-tmp/hilbert-polya-structure/symbolic_dynamics/papers/26-pure-power-selector-atom-collapse/sections/2_literature_boundary.tex:78:Brauer--Nesbitt principle & characters determine semisimplification & dormant,
/root/autodl-tmp/hilbert-polya-structure/docs/papers204_208_sequence/reviews/p205_a/SOURCE_AND_PROOF.md:147:| Molinero, Riquelme and Serna, *Satisfaction and Power in Unanimous Majority Influence Decision Models*, ENDM 68, 197–202 (2018), DOI [10.1016/j.endm.2018.06.034](https://doi.org/10.1016/j.endm.2018.06.034); [UPC author final draft](https://upcommons.upc.edu/bitstreams/331d37a2-b15a-44a0-9de1-85a36f5f6d7b/download) | The matching local source snapshot was independently reread: cover/title and Section 2, PDF pp. 5–6, Theorem 2.4 sketch and Corollary 2.5. The corollary establishes total-vertex-cover counting #P-completeness. The draft cites that result and does not promote its earlier open-problem prelude. |
/root/autodl-tmp/hilbert-polya-structure/symbolic_dynamics/docs/papers122_126_sequence/scouting/algebraic/SCOUT.md:63:| C11 | Hurwitz map on (G^2), tested on (H_p^2): (T(x,y)=(y,y^{-1}xy)). | (xy) is invariant, (T^2) is simultaneous conjugation by (xy), and cycles in (H_p^2) divide (2p). | **KILL:** this is the standard two-strand Hurwitz action. |
/root/autodl-tmp/hilbert-polya-structure/symbolic_dynamics/docs/papers122_126_sequence/scouting/algebraic/SCOUT.md:192:| C11 | **DIRECT MECHANISM OWNER.** | The formula is the standard braid/Hurwitz generator; the inspected primary owner record is [Baumeister et al., *On the Hurwitz action in finite Coxeter groups*](https://doi.org/10.1515/jgth-2016-0025). The Heisenberg restriction cannot support a fresh mechanism claim. |
/root/autodl-tmp/hilbert-polya-structure/symbolic_dynamics/docs/papers122_126_sequence/scouting/algebraic/SCOUT.md:196:Queries included exact strings and algebraically equivalent phrases such as `"AA^T-A^TA" finite field map`, `transpose self-commutator dynamics`, `"x(I:y)+y(I:x)"`, `cross colon monomial ideal dynamics`, `subspace lattice Fibonacci nilpotent recurrence`, `"(x+y,xy)" finite field dynamics`, `Heisenberg Nielsen transformation cycles`, `Hurwitz action pairs`, and `"(AB,BA)" matrix dynamics`. Searches were also made in arXiv and official publisher indexes. No secondary survey or search-result snippet is being treated as ownership evidence.
/root/autodl-tmp/hilbert-polya-structure/symbolic_dynamics/docs/papers162_166_sequence/scouting/replacement_arithmetic_hybrid/verify_scout.py:415:    line("AH08_hurwitz_cyclic", f5trip, lambda v: (v[1], v[2], (v[1] * v[2] - v[0]) % 5))
/root/autodl-tmp/hilbert-polya-structure/symbolic_dynamics/docs/papers172_176_sequence/scouting/fresh_nonlinear_algebra/SCOUT_AND_KILL_LEDGER.md:37:| `G03/HUR` | (S_n^2); ((x,y)\mapsto(y,y^{-1}xy)) | At (S_3,S_4): a bijection with product (xy) invariant; periods range through (1,2,3,4,6,8), and every fibre is one. | **`KILL_LITERAL_HURWITZ_OWNER`**.  This is exactly the standard two-strand Hurwitz generator, already rejected repeatedly in P107--P157 owner gates. |
/root/autodl-tmp/hilbert-polya-structure/symbolic_dynamics/docs/papers117_121_sequence/scouting/ALGEBRAIC_PHASE2B_SCOUT.md:41:| B2B-10 | On $G^2$, $H(x,y)=(y,y^{-1}xy)$ | $xy$ is invariant; this is a Hurwitz move | **KILL: direct owner** |
/root/autodl-tmp/hilbert-polya-structure/symbolic_dynamics/docs/papers117_121_sequence/scouting/ALGEBRAIC_PHASE2B_SCOUT.md:346:### B2B-10: Hurwitz self-map
/root/autodl-tmp/hilbert-polya-structure/symbolic_dynamics/docs/papers117_121_sequence/scouting/ALGEBRAIC_PHASE2B_SCOUT.md:350:generator acting on factorizations. This is the classical Hurwitz action,
/root/autodl-tmp/hilbert-polya-structure/symbolic_dynamics/docs/papers117_121_sequence/scouting/ALGEBRAIC_PHASE2B_SCOUT.md:352:Hurwitz action is
/root/autodl-tmp/hilbert-polya-structure/symbolic_dynamics/docs/papers117_121_sequence/scouting/ALGEBRAIC_PHASE2B_SCOUT.md:445:| 12 | B2B-10 | 1.0 | KILL | Classical Hurwitz action |
/root/autodl-tmp/hilbert-polya-structure/symbolic_dynamics/docs/papers157_161_sequence/phase1/combinatorial_gate/verify_replacement_scout.py:282:# HWT: a full Hurwitz sweep on reduced transposition factorizations.
/root/autodl-tmp/hilbert-polya-structure/symbolic_dynamics/docs/papers157_161_sequence/phase1/combinatorial_gate/verify_replacement_scout.py:308:def hurwitz_sweep(word: tuple[tuple[int, ...], ...]) -> tuple[tuple[int, ...], ...]:
/root/autodl-tmp/hilbert-polya-structure/symbolic_dynamics/docs/papers157_161_sequence/phase1/combinatorial_gate/verify_replacement_scout.py:332:            A.check(factorization_product(hurwitz_sweep(state), degree) == long_cycle)
/root/autodl-tmp/hilbert-polya-structure/symbolic_dynamics/docs/papers157_161_sequence/phase1/combinatorial_gate/verify_replacement_scout.py:333:        A.check(len({hurwitz_sweep(state) for state in states}) == len(states))
/root/autodl-tmp/hilbert-polya-structure/symbolic_dynamics/docs/papers157_161_sequence/phase1/combinatorial_gate/verify_replacement_scout.py:334:        _, tail, period = cycle_profile(states, hurwitz_sweep)
/root/autodl-tmp/hilbert-polya-structure/symbolic_dynamics/docs/papers162_166_sequence/scouting/geometry_group/SCOUT.md:41:  Cremona reciprocation, conic reflection, quadratic inversion, Hurwitz
/root/autodl-tmp/hilbert-polya-structure/symbolic_dynamics/docs/papers117_121_sequence/scouting/COMBINATORIAL_PHASE2C_SCOUT.md:431:  composition; alternatively, alternating-path defects between the current
/root/autodl-tmp/hilbert-polya-structure/symbolic_dynamics/docs/papers132_136_sequence/replacement_scout/combinatorial/SCOUT.md:188:  Abel--Cayley--Hurwitz multinomial expansions*](https://www.mat.univie.ac.at/~slc/wpapers/s46pitman.pdf).
/root/autodl-tmp/hilbert-polya-structure/symbolic_dynamics/papers/26-pure-power-selector-atom-collapse/sections/5_character_rigidity.tex:53:The proof is a finite-image form of the Brauer--Nesbitt principle.  It uses
/root/autodl-tmp/hilbert-polya-structure/symbolic_dynamics/docs/papers172_176_sequence/scouting/fresh_nonlinear_algebra/verify_scout.py:564:def verify_g03_hurwitz_pair() -> None:
/root/autodl-tmp/hilbert-polya-structure/symbolic_dynamics/docs/papers172_176_sequence/scouting/fresh_nonlinear_algebra/verify_scout.py:565:    print("\n[G03_HUR_Hurwitz_pair_action]")
/root/autodl-tmp/hilbert-polya-structure/symbolic_dynamics/docs/papers172_176_sequence/scouting/fresh_nonlinear_algebra/verify_scout.py:637:    verify_g03_hurwitz_pair()
/root/autodl-tmp/hilbert-polya-structure/papers/198-cyclic-monomer-matching/main.tex:53:needed below is proved directly: an alternating path with unmatched
/root/autodl-tmp/symbolic_dynamics/docs/papers204_208_sequence/reviews/p205_a/SOURCE_AND_PROOF.md:147:| Molinero, Riquelme and Serna, *Satisfaction and Power in Unanimous Majority Influence Decision Models*, ENDM 68, 197–202 (2018), DOI [10.1016/j.endm.2018.06.034](https://doi.org/10.1016/j.endm.2018.06.034); [UPC author final draft](https://upcommons.upc.edu/bitstreams/331d37a2-b15a-44a0-9de1-85a36f5f6d7b/download) | The matching local source snapshot was independently reread: cover/title and Section 2, PDF pp. 5–6, Theorem 2.4 sketch and Corollary 2.5. The corollary establishes total-vertex-cover counting #P-completeness. The draft cites that result and does not promote its earlier open-problem prelude. |
/root/autodl-tmp/symbolic_dynamics/docs/papers132_136_sequence/replacement_scout/nondivisor_algebra/SCOUT.md:461:joined by an alternating path of length at most `3^t`.  Its endpoint is the
/root/autodl-tmp/hilbert-polya-structure/papers/192-first-collision-hurwitz/qa_final/cold_build_2/main.tex:30:\title[First-collision Hurwitz dynamics]{First-Collision Hurwitz Dynamics on
/root/autodl-tmp/hilbert-polya-structure/papers/192-first-collision-hurwitz/qa_final/cold_build_2/main.tex:34:\keywords{Hurwitz action, transposition factorization, parking function,
/root/autodl-tmp/hilbert-polya-structure/papers/192-first-collision-hurwitz/qa_final/cold_build_2/main.tex:42:transpositions having the same lower endpoint and apply the right Hurwitz
/root/autodl-tmp/hilbert-polya-structure/papers/192-first-collision-hurwitz/qa_final/cold_build_2/main.tex:49:labelled target by one inverse Hurwitz test.  The maximum one-step fibre is
/root/autodl-tmp/hilbert-polya-structure/papers/192-first-collision-hurwitz/qa_final/cold_build_2/main.tex:54:Hurwitz actions, factorization--parking correspondences, and ordinary
/root/autodl-tmp/hilbert-polya-structure/papers/192-first-collision-hurwitz/qa_final/cold_build_2/main.tex:71:The right Hurwitz move at $i$ is
/root/autodl-tmp/hilbert-polya-structure/papers/192-first-collision-hurwitz/qa_final/cold_build_2/main.tex:72:\begin{equation}\label{eq:hurwitz}
/root/autodl-tmp/hilbert-polya-structure/papers/192-first-collision-hurwitz/qa_final/cold_build_2/main.tex:84:Hurwitz orientation, numeric endpoint order, and least-index convention are
/root/autodl-tmp/hilbert-polya-structure/papers/192-first-collision-hurwitz/qa_final/cold_build_2/main.tex:88:Minimal long-cycle factorizations, their Cayley-tree count, and Hurwitz
/root/autodl-tmp/hilbert-polya-structure/papers/192-first-collision-hurwitz/qa_final/cold_build_2/main.tex:101:strings of conditional Hurwitz moves in their study of star and monotone
/root/autodl-tmp/hilbert-polya-structure/papers/192-first-collision-hurwitz/qa_final/cold_build_2/main.tex:104:Hurwitz-string machinery also receives zero contribution credit here.  Its
/root/autodl-tmp/hilbert-polya-structure/papers/192-first-collision-hurwitz/qa_final/cold_build_2/main.tex:111:Internally, direct Hurwitz actions have repeatedly been owner-killed, and P181
/root/autodl-tmp/hilbert-polya-structure/papers/192-first-collision-hurwitz/qa_final/cold_build_2/main.tex:158:factor $(j,n)$ meets $(j,j+1)$, and the Hurwitz move replaces them by
/root/autodl-tmp/hilbert-polya-structure/papers/192-first-collision-hurwitz/qa_final/cold_build_2/main.tex:193:\section{Every-target inverse Hurwitz atlas}
/root/autodl-tmp/hilbert-polya-structure/papers/192-first-collision-hurwitz/qa_final/cold_build_2/main.tex:229:$i<j(y)$.  Inverting \eqref{eq:hurwitz} gives the pair
/root/autodl-tmp/hilbert-polya-structure/papers/192-first-collision-hurwitz/qa_final/cold_build_2/main.tex:281:The paper-local standard-library verifier generates the full Hurwitz orbit
/root/autodl-tmp/hilbert-polya-structure/papers/192-first-collision-hurwitz/qa_final/cold_build_2/main.tex:288:The paper does not claim a new Hurwitz action, conditional Hurwitz-string
/root/autodl-tmp/hilbert-polya-structure/docs/papers204_208_sequence/scouting/finite_systems_thirteenth/SCOUT_REPORT.md:24:| EIM: intersection of maximum matchings | Exact idempotent image, all matching states fixed | Consensus projection; desk only |
/root/autodl-tmp/symbolic_dynamics/docs/papers122_126_sequence/phase1/CANDIDATE_POOL_AND_KILL_LEDGER.md:50:- Hurwitz pairs and Nielsen maps: standard braid/group actions;
/root/autodl-tmp/symbolic_dynamics/docs/papers152_156_sequence/scouting/algebraic_replacement2/SCOUT.md:201:## 5. `HUR`: two-strand Hurwitz move
/root/autodl-tmp/symbolic_dynamics/docs/papers152_156_sequence/scouting/algebraic_replacement2/SCOUT.md:216:recurrent and every fibre is one.  This is literally a Hurwitz braid action;
/root/autodl-tmp/symbolic_dynamics/docs/papers127_131_sequence/scouting/algebraic/SCOUT.md:98:| `S05` | `(x,y)->(xy,yx)` on `S_3 x S_3`. | all 36 pairs; **108** | tails through three, periods one/two; the two coordinates remain conjugate. | **KILL.**  Nielsen/Hurwitz-style group-action owner risk and no closed large-family census. |
/root/autodl-tmp/hilbert-polya-structure/papers/192-first-collision-hurwitz/main.tex:30:\title[First-collision Hurwitz dynamics]{First-Collision Hurwitz Dynamics on
/root/autodl-tmp/hilbert-polya-structure/papers/192-first-collision-hurwitz/main.tex:34:\keywords{Hurwitz action, transposition factorization, parking function,
/root/autodl-tmp/hilbert-polya-structure/papers/192-first-collision-hurwitz/main.tex:42:transpositions having the same lower endpoint and apply the right Hurwitz
/root/autodl-tmp/hilbert-polya-structure/papers/192-first-collision-hurwitz/main.tex:49:labelled target by one inverse Hurwitz test.  The maximum one-step fibre is
/root/autodl-tmp/hilbert-polya-structure/papers/192-first-collision-hurwitz/main.tex:54:Hurwitz actions, factorization--parking correspondences, and ordinary
/root/autodl-tmp/hilbert-polya-structure/papers/192-first-collision-hurwitz/main.tex:71:The right Hurwitz move at $i$ is
/root/autodl-tmp/hilbert-polya-structure/papers/192-first-collision-hurwitz/main.tex:72:\begin{equation}\label{eq:hurwitz}
/root/autodl-tmp/hilbert-polya-structure/papers/192-first-collision-hurwitz/main.tex:84:Hurwitz orientation, numeric endpoint order, and least-index convention are
/root/autodl-tmp/hilbert-polya-structure/papers/192-first-collision-hurwitz/main.tex:88:Minimal long-cycle factorizations, their Cayley-tree count, and Hurwitz
/root/autodl-tmp/hilbert-polya-structure/papers/192-first-collision-hurwitz/main.tex:101:strings of conditional Hurwitz moves in their study of star and monotone
/root/autodl-tmp/hilbert-polya-structure/papers/192-first-collision-hurwitz/main.tex:104:Hurwitz-string machinery also receives zero contribution credit here.  Its
/root/autodl-tmp/hilbert-polya-structure/papers/192-first-collision-hurwitz/main.tex:111:Internally, direct Hurwitz actions have repeatedly been owner-killed, and P181
/root/autodl-tmp/hilbert-polya-structure/papers/192-first-collision-hurwitz/main.tex:158:factor $(j,n)$ meets $(j,j+1)$, and the Hurwitz move replaces them by
/root/autodl-tmp/hilbert-polya-structure/papers/192-first-collision-hurwitz/main.tex:193:\section{Every-target inverse Hurwitz atlas}
/root/autodl-tmp/hilbert-polya-structure/papers/192-first-collision-hurwitz/main.tex:229:$i<j(y)$.  Inverting \eqref{eq:hurwitz} gives the pair
/root/autodl-tmp/hilbert-polya-structure/papers/192-first-collision-hurwitz/main.tex:281:The paper-local standard-library verifier generates the full Hurwitz orbit
/root/autodl-tmp/hilbert-polya-structure/papers/192-first-collision-hurwitz/main.tex:288:The paper does not claim a new Hurwitz action, conditional Hurwitz-string
/root/autodl-tmp/hilbert-polya-structure/papers/192-first-collision-hurwitz/qa_final/cold_build_1/main.tex:30:\title[First-collision Hurwitz dynamics]{First-Collision Hurwitz Dynamics on
/root/autodl-tmp/hilbert-polya-structure/papers/192-first-collision-hurwitz/qa_final/cold_build_1/main.tex:34:\keywords{Hurwitz action, transposition factorization, parking function,
/root/autodl-tmp/hilbert-polya-structure/papers/192-first-collision-hurwitz/qa_final/cold_build_1/main.tex:42:transpositions having the same lower endpoint and apply the right Hurwitz
/root/autodl-tmp/hilbert-polya-structure/papers/192-first-collision-hurwitz/qa_final/cold_build_1/main.tex:49:labelled target by one inverse Hurwitz test.  The maximum one-step fibre is
/root/autodl-tmp/hilbert-polya-structure/papers/192-first-collision-hurwitz/qa_final/cold_build_1/main.tex:54:Hurwitz actions, factorization--parking correspondences, and ordinary
/root/autodl-tmp/hilbert-polya-structure/papers/192-first-collision-hurwitz/qa_final/cold_build_1/main.tex:71:The right Hurwitz move at $i$ is
/root/autodl-tmp/hilbert-polya-structure/papers/192-first-collision-hurwitz/qa_final/cold_build_1/main.tex:72:\begin{equation}\label{eq:hurwitz}
/root/autodl-tmp/hilbert-polya-structure/papers/192-first-collision-hurwitz/qa_final/cold_build_1/main.tex:84:Hurwitz orientation, numeric endpoint order, and least-index convention are
/root/autodl-tmp/hilbert-polya-structure/papers/192-first-collision-hurwitz/qa_final/cold_build_1/main.tex:88:Minimal long-cycle factorizations, their Cayley-tree count, and Hurwitz
/root/autodl-tmp/hilbert-polya-structure/papers/192-first-collision-hurwitz/qa_final/cold_build_1/main.tex:101:strings of conditional Hurwitz moves in their study of star and monotone
/root/autodl-tmp/hilbert-polya-structure/papers/192-first-collision-hurwitz/qa_final/cold_build_1/main.tex:104:Hurwitz-string machinery also receives zero contribution credit here.  Its
/root/autodl-tmp/hilbert-polya-structure/papers/192-first-collision-hurwitz/qa_final/cold_build_1/main.tex:111:Internally, direct Hurwitz actions have repeatedly been owner-killed, and P181
/root/autodl-tmp/hilbert-polya-structure/papers/192-first-collision-hurwitz/qa_final/cold_build_1/main.tex:158:factor $(j,n)$ meets $(j,j+1)$, and the Hurwitz move replaces them by
/root/autodl-tmp/hilbert-polya-structure/papers/192-first-collision-hurwitz/qa_final/cold_build_1/main.tex:193:\section{Every-target inverse Hurwitz atlas}
/root/autodl-tmp/hilbert-polya-structure/papers/192-first-collision-hurwitz/qa_final/cold_build_1/main.tex:229:$i<j(y)$.  Inverting \eqref{eq:hurwitz} gives the pair
/root/autodl-tmp/hilbert-polya-structure/papers/192-first-collision-hurwitz/qa_final/cold_build_1/main.tex:281:The paper-local standard-library verifier generates the full Hurwitz orbit
/root/autodl-tmp/hilbert-polya-structure/papers/192-first-collision-hurwitz/qa_final/cold_build_1/main.tex:288:The paper does not claim a new Hurwitz action, conditional Hurwitz-string
/root/autodl-tmp/hilbert-polya-structure/symbolic_dynamics/docs/papers157_161_sequence/scouting/replacement_geometry_mechanism/SCOUT.md:45:| 6 | `HUR` | ordered transposition pairs; one Hurwitz move | support union `2/3/4` gives exact periods `1/3/2` | **`KILL_LITERAL_HURWITZ_OWNER`** |
/root/autodl-tmp/hilbert-polya-structure/symbolic_dynamics/docs/papers157_161_sequence/scouting/replacement_geometry_mechanism/SCOUT.md:175:### `HUR` -- Hurwitz move on transposition pairs
/root/autodl-tmp/hilbert-polya-structure/symbolic_dynamics/docs/papers157_161_sequence/scouting/replacement_geometry_mechanism/SCOUT.md:186:- **Verdict.**  **`KILL_LITERAL_HURWITZ_OWNER`**.
/root/autodl-tmp/hilbert-polya-structure/symbolic_dynamics/docs/papers157_161_sequence/scouting/replacement_geometry_mechanism/SCOUT.md:334:| `HUR` | symmetric-group carrier near P105/P135/P154/P155 | literal Hurwitz generator is externally named | support types yield only periods 1--3 | all fibres singleton | braid/Hurwitz action owns the update; fatal |
/root/autodl-tmp/hilbert-polya-structure/papers/198-cyclic-monomer-matching/qa_round0/attempt1/build2/main.tex:53:needed below is proved directly: an alternating path with unmatched
/root/autodl-tmp/hilbert-polya-structure/papers/192-first-collision-hurwitz/PROOF_PACKAGE.md:15:- The right Hurwitz move is
/root/autodl-tmp/hilbert-polya-structure/papers/192-first-collision-hurwitz/PROOF_PACKAGE.md:22:The orientation of (c_n), the right-Hurwitz convention, numeric endpoint ordering, and least-index scheduler are structural assumptions, not cosmetic choices.
/root/autodl-tmp/hilbert-polya-structure/papers/192-first-collision-hurwitz/PROOF_PACKAGE.md:28:| Hurwitz move preserves the product | Proved directly/classical | conjugation identity |
/root/autodl-tmp/hilbert-polya-structure/papers/192-first-collision-hurwitz/PROOF_PACKAGE.md:33:| Every-target one-step fibre formula | Proved | inverse Hurwitz lemma + scheduler test |
/root/autodl-tmp/hilbert-polya-structure/papers/192-first-collision-hurwitz/PROOF_PACKAGE.md:41:### Lemma 3.1: Hurwitz preservation
/root/autodl-tmp/hilbert-polya-structure/papers/192-first-collision-hurwitz/PROOF_PACKAGE.md:113:The canonical chain (q_n) has product (c_n); Hurwitz moves preserve product, so the backwards-related witness (w_n) also lies in \(\mathcal F_n\). Therefore the upper bound (n-2) is attained.
/root/autodl-tmp/hilbert-polya-structure/papers/192-first-collision-hurwitz/PROOF_PACKAGE.md:145:### Lemma 6.1: inverse Hurwitz pair
/root/autodl-tmp/hilbert-polya-structure/papers/192-first-collision-hurwitz/PROOF_PACKAGE.md:233:- The inverse atlas is orientation-sensitive; using the inverse cycle or inverse Hurwitz convention requires a new proof and may fail.
/root/autodl-tmp/hilbert-polya-structure/papers/198-cyclic-monomer-matching/qa_round0/attempt1/build1/main.tex:53:needed below is proved directly: an alternating path with unmatched
/root/autodl-tmp/symbolic_dynamics/docs/papers192_196_sequence/reviews/PROCESS_SEPARATION_LEDGER.md:9:| P192 | Hurwitz-orbit carrier plus separate Prüfer `n=9` stream | Cartesian transposition-sequence product filter plus circular parking control | residual-cycle splitting plus parking-content dynamic program |
/root/autodl-tmp/symbolic_dynamics/docs/papers167_171_sequence/scouting/algebra_arithmetic/SCOUT_AND_KILL_LEDGER.md:19:Möbius--Drazin--Newton variants, and Euclidean/Hurwitz repackagings.
/root/autodl-tmp/symbolic_dynamics/docs/papers157_161_sequence/phase1/combinatorial_gate/REPLACEMENT_SCOUT.md:44:| 4 | `HWT` | reduced transposition factorizations of an `n`-cycle | full Hurwitz braid sweep | `n^(n-2)` states; max periods `n(n-1)` at `n=4,5,6` | `KILL_DIRECT_HURWITZ` |
/root/autodl-tmp/symbolic_dynamics/docs/papers157_161_sequence/phase1/combinatorial_gate/REPLACEMENT_SCOUT.md:149:## 4. `HWT`: Hurwitz sweep on reduced transposition factorizations
/root/autodl-tmp/symbolic_dynamics/docs/papers157_161_sequence/phase1/combinatorial_gate/REPLACEMENT_SCOUT.md:152:- **Update.** Apply the Hurwitz moves at adjacent positions from left to right.
/root/autodl-tmp/symbolic_dynamics/docs/papers157_161_sequence/phase1/combinatorial_gate/REPLACEMENT_SCOUT.md:161:  factorization count all belong directly to Hurwitz-action theory.  The power
/root/autodl-tmp/symbolic_dynamics/docs/papers157_161_sequence/phase1/combinatorial_gate/REPLACEMENT_SCOUT.md:163:  `KILL_DIRECT_HURWITZ`.**
/root/autodl-tmp/symbolic_dynamics/docs/papers192_196_sequence/reviews/p192_b/PROOF_REDERIVATION.md:19:Hurwitz orbit or testing arbitrary transposition words.
/root/autodl-tmp/symbolic_dynamics/docs/papers192_196_sequence/reviews/p192_b/PROOF_REDERIVATION.md:34:`n`-cycle in fewer than `n-1` transpositions.  The right Hurwitz move gives
/root/autodl-tmp/symbolic_dynamics/docs/papers192_196_sequence/reviews/p192_b/PROOF_REDERIVATION.md:80:For a target adjacent pair `(u,v)`, the unique inverse Hurwitz pair is
/root/autodl-tmp/symbolic_dynamics/docs/papers197_201_sequence/reviews/p198_a/cold_build/main.tex:53:needed below is proved directly: an alternating path with unmatched
/root/autodl-tmp/symbolic_dynamics/docs/papers127_131_sequence/scouting/algebraic/verify_algebraic_scout.py:620:        "KILL", "Nielsen/Hurwitz-style group actions create high owner risk without a closed census",
/root/autodl-tmp/symbolic_dynamics/docs/papers112_116_sequence/scouting/ALGEBRAIC_SCOUT.md:31:| prior algebra scout reserves/kills | matrix Möbius, Drazin inverse, Newton--Schulz, nilpotent squaring, translation on irreducibles, Euclidean remainder, Hurwitz pairs, subspace-product squaring, centralizer polarity, and meet/join lattice sorting |
/root/autodl-tmp/symbolic_dynamics/docs/papers117_121_sequence/scouting/COMBINATORIAL_PHASE2C_SCOUT.md:431:  composition; alternatively, alternating-path defects between the current
/root/autodl-tmp/symbolic_dynamics/docs/papers107_111_sequence/scouting/ALGEBRAIC_SCOUT.md:44:| 9 | Hurwitz map on finite-group pairs | KILL DIRECT OWNER | HOLD | the action and its finite-orbit problem are directly owned |
/root/autodl-tmp/symbolic_dynamics/docs/papers107_111_sequence/scouting/ALGEBRAIC_SCOUT.md:377:### A9. Hurwitz map on finite-group pairs -- KILL DIRECT OWNER
/root/autodl-tmp/symbolic_dynamics/docs/papers107_111_sequence/scouting/ALGEBRAIC_SCOUT.md:387:Finite Hurwitz orbit problems are directly owned; see T. Ito, *Finite orbits
/root/autodl-tmp/symbolic_dynamics/docs/papers107_111_sequence/scouting/ALGEBRAIC_SCOUT.md:388:of Hurwitz actions on braid systems* ([arXiv](https://arxiv.org/abs/0912.0405))
/root/autodl-tmp/symbolic_dynamics/docs/papers107_111_sequence/scouting/ALGEBRAIC_SCOUT.md:389:and S. P. Humphries, *Finite Hurwitz braid group actions for Artin groups*
/root/autodl-tmp/symbolic_dynamics/docs/papers192_196_sequence/scouting/SOURCE_QUERY_LEDGER.md:11:| P192 | first/equal lower-endpoint Hurwitz scheduler; deterministic conditional Hurwitz strings; parking functions and cycle factorizations; braid action on parking functions | Dénes on minimal transposition factorizations; Stanley and Irving--Rattan on parking functions/factorizations; Gorsky--Gorsky on braid actions; Campion Loth--Rattan (2025) on a reversible monotone/star-factorization bijection built from conditional Hurwitz strings, including an equal-lower-endpoint case | closest deterministic neighbour added and zero-credited after hostile Review A; its convention, scheduler, objective, and theorem output are not literal P192, but the dense surface forces `OWNER_RED_AMBER` and no release clearance |
/root/autodl-tmp/symbolic_dynamics/docs/papers122_126_sequence/scouting/algebraic/SCOUT.md:63:| C11 | Hurwitz map on (G^2), tested on (H_p^2): (T(x,y)=(y,y^{-1}xy)). | (xy) is invariant, (T^2) is simultaneous conjugation by (xy), and cycles in (H_p^2) divide (2p). | **KILL:** this is the standard two-strand Hurwitz action. |
/root/autodl-tmp/symbolic_dynamics/docs/papers122_126_sequence/scouting/algebraic/SCOUT.md:192:| C11 | **DIRECT MECHANISM OWNER.** | The formula is the standard braid/Hurwitz generator; the inspected primary owner record is [Baumeister et al., *On the Hurwitz action in finite Coxeter groups*](https://doi.org/10.1515/jgth-2016-0025). The Heisenberg restriction cannot support a fresh mechanism claim. |
/root/autodl-tmp/symbolic_dynamics/docs/papers122_126_sequence/scouting/algebraic/SCOUT.md:196:Queries included exact strings and algebraically equivalent phrases such as `"AA^T-A^TA" finite field map`, `transpose self-commutator dynamics`, `"x(I:y)+y(I:x)"`, `cross colon monomial ideal dynamics`, `subspace lattice Fibonacci nilpotent recurrence`, `"(x+y,xy)" finite field dynamics`, `Heisenberg Nielsen transformation cycles`, `Hurwitz action pairs`, and `"(AB,BA)" matrix dynamics`. Searches were also made in arXiv and official publisher indexes. No secondary survey or search-result snippet is being treated as ownership evidence.
/root/autodl-tmp/symbolic_dynamics/papers/26-pure-power-selector-atom-collapse/sections/B_scope_declarations.tex:21:Finite / countable theorem & finite character rigidity plus explicit countable projectors & universal infinite Brauer--Nesbitt claim \\
/root/autodl-tmp/hilbert-polya-structure/docs/papers204_208_sequence/scouting/finite_systems_thirteenth/INTAKE.md:28:| EIM | On the same incidence carrier, output the intersection of all maximum-cardinality matchings contained in $A$. The maximum-matching family is never empty because it contains the empty matching when rank is zero. | Desk kill: output is already a matching, hence an idempotent consensus projection. No pilot. |
/root/autodl-tmp/symbolic_dynamics/papers/26-pure-power-selector-atom-collapse/sections/2_literature_boundary.tex:78:Brauer--Nesbitt principle & characters determine semisimplification & dormant,
/root/autodl-tmp/symbolic_dynamics/papers/198-cyclic-monomer-matching/round0_frozen/main.tex:53:needed below is proved directly: an alternating path with unmatched
/root/autodl-tmp/hilbert-polya-structure/docs/papers197_201_sequence/reviews/p198_a/cold_build/main.tex:53:needed below is proved directly: an alternating path with unmatched
/root/autodl-tmp/symbolic_dynamics/docs/papers162_166_sequence/scouting/open_fresh_p166/SCOUT.md:204:If `n=2r+1`, the union also has one alternating path.  If that path uses `s`
/root/autodl-tmp/symbolic_dynamics/docs/papers187_191_sequence/scouting/algebra_lane/replacement/KILL_LEDGER.md:14:| `R04/HUR` | Every state is recurrent; periods reach four on both `S_3` and `D_8`; all fibres have size one. | `KILL_DIRECT_HURWITZ_ACTION` | The literal update is a standard Hurwitz generator.  Finite-group specialization cannot claim its action or orbit language, and singleton fibres supply no independent axis. |
/root/autodl-tmp/symbolic_dynamics/papers/198-cyclic-monomer-matching/qa_round0/attempt1/build2/main.tex:53:needed below is proved directly: an alternating path with unmatched
/root/autodl-tmp/hilbert-polya-structure/docs/papers192_196_sequence/scouting/SOURCE_QUERY_LEDGER.md:11:| P192 | first/equal lower-endpoint Hurwitz scheduler; deterministic conditional Hurwitz strings; parking functions and cycle factorizations; braid action on parking functions | Dénes on minimal transposition factorizations; Stanley and Irving--Rattan on parking functions/factorizations; Gorsky--Gorsky on braid actions; Campion Loth--Rattan (2025) on a reversible monotone/star-factorization bijection built from conditional Hurwitz strings, including an equal-lower-endpoint case | closest deterministic neighbour added and zero-credited after hostile Review A; its convention, scheduler, objective, and theorem output are not literal P192, but the dense surface forces `OWNER_RED_AMBER` and no release clearance |
/root/autodl-tmp/hilbert-polya-structure/docs/papers192_196_sequence/reviews/PROCESS_SEPARATION_LEDGER.md:9:| P192 | Hurwitz-orbit carrier plus separate Prüfer `n=9` stream | Cartesian transposition-sequence product filter plus circular parking control | residual-cycle splitting plus parking-content dynamic program |
/root/autodl-tmp/symbolic_dynamics/docs/papers172_176_sequence/scouting/fresh_nonlinear_algebra/verify_scout.py:564:def verify_g03_hurwitz_pair() -> None:
/root/autodl-tmp/symbolic_dynamics/docs/papers172_176_sequence/scouting/fresh_nonlinear_algebra/verify_scout.py:565:    print("\n[G03_HUR_Hurwitz_pair_action]")
/root/autodl-tmp/symbolic_dynamics/docs/papers172_176_sequence/scouting/fresh_nonlinear_algebra/verify_scout.py:637:    verify_g03_hurwitz_pair()
/root/autodl-tmp/symbolic_dynamics/docs/papers204_208_sequence/scouting/finite_systems_thirteenth/SCOUT_REPORT.md:24:| EIM: intersection of maximum matchings | Exact idempotent image, all matching states fixed | Consensus projection; desk only |
/root/autodl-tmp/symbolic_dynamics/papers/26-pure-power-selector-atom-collapse/sections/5_character_rigidity.tex:53:The proof is a finite-image form of the Brauer--Nesbitt principle.  It uses
/root/autodl-tmp/symbolic_dynamics/papers/192-first-collision-hurwitz/qa_final/cold_build_1/main.tex:30:\title[First-collision Hurwitz dynamics]{First-Collision Hurwitz Dynamics on
/root/autodl-tmp/symbolic_dynamics/papers/192-first-collision-hurwitz/qa_final/cold_build_1/main.tex:34:\keywords{Hurwitz action, transposition factorization, parking function,
/root/autodl-tmp/symbolic_dynamics/papers/192-first-collision-hurwitz/qa_final/cold_build_1/main.tex:42:transpositions having the same lower endpoint and apply the right Hurwitz
/root/autodl-tmp/symbolic_dynamics/papers/192-first-collision-hurwitz/qa_final/cold_build_1/main.tex:49:labelled target by one inverse Hurwitz test.  The maximum one-step fibre is
/root/autodl-tmp/symbolic_dynamics/papers/192-first-collision-hurwitz/qa_final/cold_build_1/main.tex:54:Hurwitz actions, factorization--parking correspondences, and ordinary
/root/autodl-tmp/symbolic_dynamics/papers/192-first-collision-hurwitz/qa_final/cold_build_1/main.tex:71:The right Hurwitz move at $i$ is
/root/autodl-tmp/symbolic_dynamics/papers/192-first-collision-hurwitz/qa_final/cold_build_1/main.tex:72:\begin{equation}\label{eq:hurwitz}
/root/autodl-tmp/symbolic_dynamics/papers/192-first-collision-hurwitz/qa_final/cold_build_1/main.tex:84:Hurwitz orientation, numeric endpoint order, and least-index convention are
/root/autodl-tmp/symbolic_dynamics/papers/192-first-collision-hurwitz/qa_final/cold_build_1/main.tex:88:Minimal long-cycle factorizations, their Cayley-tree count, and Hurwitz
/root/autodl-tmp/symbolic_dynamics/papers/192-first-collision-hurwitz/qa_final/cold_build_1/main.tex:101:strings of conditional Hurwitz moves in their study of star and monotone
/root/autodl-tmp/symbolic_dynamics/papers/192-first-collision-hurwitz/qa_final/cold_build_1/main.tex:104:Hurwitz-string machinery also receives zero contribution credit here.  Its
/root/autodl-tmp/symbolic_dynamics/papers/192-first-collision-hurwitz/qa_final/cold_build_1/main.tex:111:Internally, direct Hurwitz actions have repeatedly been owner-killed, and P181
/root/autodl-tmp/symbolic_dynamics/papers/192-first-collision-hurwitz/qa_final/cold_build_1/main.tex:158:factor $(j,n)$ meets $(j,j+1)$, and the Hurwitz move replaces them by
/root/autodl-tmp/symbolic_dynamics/papers/192-first-collision-hurwitz/qa_final/cold_build_1/main.tex:193:\section{Every-target inverse Hurwitz atlas}
/root/autodl-tmp/symbolic_dynamics/papers/192-first-collision-hurwitz/qa_final/cold_build_1/main.tex:229:$i<j(y)$.  Inverting \eqref{eq:hurwitz} gives the pair
/root/autodl-tmp/symbolic_dynamics/papers/192-first-collision-hurwitz/qa_final/cold_build_1/main.tex:281:The paper-local standard-library verifier generates the full Hurwitz orbit
/root/autodl-tmp/symbolic_dynamics/papers/192-first-collision-hurwitz/qa_final/cold_build_1/main.tex:288:The paper does not claim a new Hurwitz action, conditional Hurwitz-string
/root/autodl-tmp/symbolic_dynamics/docs/papers157_161_sequence/phase1/combinatorial_gate/verify_replacement_scout.py:282:# HWT: a full Hurwitz sweep on reduced transposition factorizations.
/root/autodl-tmp/symbolic_dynamics/docs/papers157_161_sequence/phase1/combinatorial_gate/verify_replacement_scout.py:308:def hurwitz_sweep(word: tuple[tuple[int, ...], ...]) -> tuple[tuple[int, ...], ...]:
/root/autodl-tmp/symbolic_dynamics/docs/papers157_161_sequence/phase1/combinatorial_gate/verify_replacement_scout.py:332:            A.check(factorization_product(hurwitz_sweep(state), degree) == long_cycle)
/root/autodl-tmp/symbolic_dynamics/docs/papers157_161_sequence/phase1/combinatorial_gate/verify_replacement_scout.py:333:        A.check(len({hurwitz_sweep(state) for state in states}) == len(states))
/root/autodl-tmp/symbolic_dynamics/docs/papers157_161_sequence/phase1/combinatorial_gate/verify_replacement_scout.py:334:        _, tail, period = cycle_profile(states, hurwitz_sweep)
/root/autodl-tmp/symbolic_dynamics/docs/papers157_161_sequence/scouting/replacement_geometry_mechanism/SCOUT.md:45:| 6 | `HUR` | ordered transposition pairs; one Hurwitz move | support union `2/3/4` gives exact periods `1/3/2` | **`KILL_LITERAL_HURWITZ_OWNER`** |
/root/autodl-tmp/symbolic_dynamics/docs/papers157_161_sequence/scouting/replacement_geometry_mechanism/SCOUT.md:175:### `HUR` -- Hurwitz move on transposition pairs
/root/autodl-tmp/symbolic_dynamics/docs/papers157_161_sequence/scouting/replacement_geometry_mechanism/SCOUT.md:186:- **Verdict.**  **`KILL_LITERAL_HURWITZ_OWNER`**.
/root/autodl-tmp/symbolic_dynamics/docs/papers157_161_sequence/scouting/replacement_geometry_mechanism/SCOUT.md:334:| `HUR` | symmetric-group carrier near P105/P135/P154/P155 | literal Hurwitz generator is externally named | support types yield only periods 1--3 | all fibres singleton | braid/Hurwitz action owns the update; fatal |
/root/autodl-tmp/symbolic_dynamics/papers/192-first-collision-hurwitz/PROOF_PACKAGE.md:15:- The right Hurwitz move is
/root/autodl-tmp/symbolic_dynamics/papers/192-first-collision-hurwitz/PROOF_PACKAGE.md:22:The orientation of (c_n), the right-Hurwitz convention, numeric endpoint ordering, and least-index scheduler are structural assumptions, not cosmetic choices.
/root/autodl-tmp/symbolic_dynamics/papers/192-first-collision-hurwitz/PROOF_PACKAGE.md:28:| Hurwitz move preserves the product | Proved directly/classical | conjugation identity |
/root/autodl-tmp/symbolic_dynamics/papers/192-first-collision-hurwitz/PROOF_PACKAGE.md:33:| Every-target one-step fibre formula | Proved | inverse Hurwitz lemma + scheduler test |
/root/autodl-tmp/symbolic_dynamics/papers/192-first-collision-hurwitz/PROOF_PACKAGE.md:41:### Lemma 3.1: Hurwitz preservation
/root/autodl-tmp/symbolic_dynamics/papers/192-first-collision-hurwitz/PROOF_PACKAGE.md:113:The canonical chain (q_n) has product (c_n); Hurwitz moves preserve product, so the backwards-related witness (w_n) also lies in \(\mathcal F_n\). Therefore the upper bound (n-2) is attained.
/root/autodl-tmp/symbolic_dynamics/papers/192-first-collision-hurwitz/PROOF_PACKAGE.md:145:### Lemma 6.1: inverse Hurwitz pair
/root/autodl-tmp/symbolic_dynamics/papers/192-first-collision-hurwitz/PROOF_PACKAGE.md:233:- The inverse atlas is orientation-sensitive; using the inverse cycle or inverse Hurwitz convention requires a new proof and may fail.
/root/autodl-tmp/symbolic_dynamics/docs/papers162_166_sequence/scouting/replacement_matchings_incidence/verify_scout.py:352:def hurwitz_system(n=3):
/root/autodl-tmp/symbolic_dynamics/docs/papers162_166_sequence/scouting/replacement_matchings_incidence/verify_scout.py:736:    systems.append(("M02 HUR",) + hurwitz_system())
/root/autodl-tmp/symbolic_dynamics/docs/papers162_166_sequence/scouting/replacement_arithmetic_hybrid/SCOUT.md:88:| `AH24/DMR` | Perfect matchings of `{0,...,5}`.  Rank edges by determinant label `j-i mod 7`; split each ranked edge into its smaller and larger endpoint and cyclically rematch the two endpoint lists. | `15/10/0/3`, with two 2-cycles and one 3-cycle; fibre sizes `0,1,2,3`. | A small nonlinear functional graph exists. | There is no natural all-`n` closure of the smaller/larger endpoint rule, and already at six vertices there is neither absorption nor a stable period law.  The current matching/Hurwitz scout also occupies the nearest action interface. **`KILL_FIXED_SIZE_MATCHING_GADGET`.** |
/root/autodl-tmp/symbolic_dynamics/docs/papers162_166_sequence/scouting/replacement_arithmetic_hybrid/SCOUT.md:163:| `AH24` | current matching/Hurwitz scout | A single 15-state gadget has no all-parameter theorem spine and cannot be padded into a family. |
/root/autodl-tmp/symbolic_dynamics/docs/papers132_136_sequence/replacement_scout/combinatorial/SCOUT.md:188:  Abel--Cayley--Hurwitz multinomial expansions*](https://www.mat.univie.ac.at/~slc/wpapers/s46pitman.pdf).
/root/autodl-tmp/symbolic_dynamics/docs/papers107_111_sequence/phase1/CANDIDATE_POOL_AND_KILL_LEDGER.md:31:| Hurwitz map on finite-group pairs | braid/Hurwitz orbits | KILL DIRECT | mature exact action literature |
/root/autodl-tmp/symbolic_dynamics/docs/papers192_196_sequence/reviews/p192_a/PROOF_REDERIVATION.md:6:## 1. Product order and local Hurwitz algebra
/root/autodl-tmp/symbolic_dynamics/docs/papers192_196_sequence/reviews/p192_a/PROOF_REDERIVATION.md:59:has product `c_n` and Hurwitz moves preserve product, the witness lies in the
/root/autodl-tmp/symbolic_dynamics/docs/papers192_196_sequence/reviews/p192_a/PROOF_REDERIVATION.md:119:Hurwitz update could equal its source only with coincident adjacent factors,
/root/autodl-tmp/symbolic_dynamics/docs/papers192_196_sequence/reviews/p192_a/PROOF_REDERIVATION.md:157:does not generate a Hurwitz orbit or invoke a tree code.  Separately it
/root/autodl-tmp/symbolic_dynamics/papers/198-cyclic-monomer-matching/qa_round0/attempt1/build1/main.tex:53:needed below is proved directly: an alternating path with unmatched
/root/autodl-tmp/symbolic_dynamics/docs/papers162_166_sequence/scouting/replacement_arithmetic_hybrid/verify_scout.py:415:    line("AH08_hurwitz_cyclic", f5trip, lambda v: (v[1], v[2], (v[1] * v[2] - v[0]) % 5))
/root/autodl-tmp/symbolic_dynamics/papers/26-pure-power-selector-atom-collapse/PROOF_PACKAGE.md:160:Brauer–Nesbitt argument, then cancel common simple multiplicities.  ∎
/root/autodl-tmp/hilbert-polya-structure/papers/198-cyclic-monomer-matching/round0_frozen/main.tex:53:needed below is proved directly: an alternating path with unmatched
/root/autodl-tmp/symbolic_dynamics/papers/192-first-collision-hurwitz/main.tex:30:\title[First-collision Hurwitz dynamics]{First-Collision Hurwitz Dynamics on
/root/autodl-tmp/symbolic_dynamics/papers/192-first-collision-hurwitz/main.tex:34:\keywords{Hurwitz action, transposition factorization, parking function,
/root/autodl-tmp/symbolic_dynamics/papers/192-first-collision-hurwitz/main.tex:42:transpositions having the same lower endpoint and apply the right Hurwitz
/root/autodl-tmp/symbolic_dynamics/papers/192-first-collision-hurwitz/main.tex:49:labelled target by one inverse Hurwitz test.  The maximum one-step fibre is
/root/autodl-tmp/symbolic_dynamics/papers/192-first-collision-hurwitz/main.tex:54:Hurwitz actions, factorization--parking correspondences, and ordinary
/root/autodl-tmp/symbolic_dynamics/papers/192-first-collision-hurwitz/main.tex:71:The right Hurwitz move at $i$ is
/root/autodl-tmp/symbolic_dynamics/papers/192-first-collision-hurwitz/main.tex:72:\begin{equation}\label{eq:hurwitz}
/root/autodl-tmp/symbolic_dynamics/papers/192-first-collision-hurwitz/main.tex:84:Hurwitz orientation, numeric endpoint order, and least-index convention are
/root/autodl-tmp/symbolic_dynamics/papers/192-first-collision-hurwitz/main.tex:88:Minimal long-cycle factorizations, their Cayley-tree count, and Hurwitz
/root/autodl-tmp/symbolic_dynamics/papers/192-first-collision-hurwitz/main.tex:101:strings of conditional Hurwitz moves in their study of star and monotone
/root/autodl-tmp/symbolic_dynamics/papers/192-first-collision-hurwitz/main.tex:104:Hurwitz-string machinery also receives zero contribution credit here.  Its
/root/autodl-tmp/symbolic_dynamics/papers/192-first-collision-hurwitz/main.tex:111:Internally, direct Hurwitz actions have repeatedly been owner-killed, and P181
/root/autodl-tmp/symbolic_dynamics/papers/192-first-collision-hurwitz/main.tex:158:factor $(j,n)$ meets $(j,j+1)$, and the Hurwitz move replaces them by
/root/autodl-tmp/symbolic_dynamics/papers/192-first-collision-hurwitz/main.tex:193:\section{Every-target inverse Hurwitz atlas}
/root/autodl-tmp/symbolic_dynamics/papers/192-first-collision-hurwitz/main.tex:229:$i<j(y)$.  Inverting \eqref{eq:hurwitz} gives the pair
/root/autodl-tmp/symbolic_dynamics/papers/192-first-collision-hurwitz/main.tex:281:The paper-local standard-library verifier generates the full Hurwitz orbit
/root/autodl-tmp/symbolic_dynamics/papers/192-first-collision-hurwitz/main.tex:288:The paper does not claim a new Hurwitz action, conditional Hurwitz-string
/root/autodl-tmp/symbolic_dynamics/papers/26-pure-power-selector-atom-collapse/sections/10_route_evaluation.tex:53:Brauer--Nesbitt theorem.  Radical extensions remain possible, aggregate
/root/autodl-tmp/symbolic_dynamics/docs/papers162_166_sequence/scouting/replacement_matchings_incidence/SCOUT.md:44:anomaly would be quota padding.  The remaining systems are direct Hurwitz
/root/autodl-tmp/symbolic_dynamics/docs/papers162_166_sequence/scouting/replacement_matchings_incidence/SCOUT.md:86:| `M02 HUR` | ordered matchings `(A,B)->(B,BAB)` | `225 / 225 / 1 / {1,2,3} / 0` | complete temporal action | **`KILL_DIRECT_HURWITZ_ACTION`** |
/root/autodl-tmp/hilbert-polya-structure/docs/papers187_191_sequence/scouting/algebra_lane/replacement/KILL_LEDGER.md:14:| `R04/HUR` | Every state is recurrent; periods reach four on both `S_3` and `D_8`; all fibres have size one. | `KILL_DIRECT_HURWITZ_ACTION` | The literal update is a standard Hurwitz generator.  Finite-group specialization cannot claim its action or orbit language, and singleton fibres supply no independent axis. |
/root/autodl-tmp/symbolic_dynamics/papers/198-cyclic-monomer-matching/main.tex:53:needed below is proved directly: an alternating path with unmatched
/root/autodl-tmp/symbolic_dynamics/docs/papers172_176_sequence/scouting/fresh_nonlinear_algebra/SCOUT_AND_KILL_LEDGER.md:37:| `G03/HUR` | (S_n^2); ((x,y)\mapsto(y,y^{-1}xy)) | At (S_3,S_4): a bijection with product (xy) invariant; periods range through (1,2,3,4,6,8), and every fibre is one. | **`KILL_LITERAL_HURWITZ_OWNER`**.  This is exactly the standard two-strand Hurwitz generator, already rejected repeatedly in P107--P157 owner gates. |
/root/autodl-tmp/symbolic_dynamics/docs/papers204_208_sequence/scouting/finite_systems_thirteenth/INTAKE.md:28:| EIM | On the same incidence carrier, output the intersection of all maximum-cardinality matchings contained in $A$. The maximum-matching family is never empty because it contains the empty matching when rank is zero. | Desk kill: output is already a matching, hence an idempotent consensus projection. No pilot. |
/root/autodl-tmp/symbolic_dynamics/papers/192-first-collision-hurwitz/qa_final/cold_build_2/main.tex:30:\title[First-collision Hurwitz dynamics]{First-Collision Hurwitz Dynamics on
/root/autodl-tmp/symbolic_dynamics/papers/192-first-collision-hurwitz/qa_final/cold_build_2/main.tex:34:\keywords{Hurwitz action, transposition factorization, parking function,
/root/autodl-tmp/symbolic_dynamics/papers/192-first-collision-hurwitz/qa_final/cold_build_2/main.tex:42:transpositions having the same lower endpoint and apply the right Hurwitz
/root/autodl-tmp/symbolic_dynamics/papers/192-first-collision-hurwitz/qa_final/cold_build_2/main.tex:49:labelled target by one inverse Hurwitz test.  The maximum one-step fibre is
/root/autodl-tmp/symbolic_dynamics/papers/192-first-collision-hurwitz/qa_final/cold_build_2/main.tex:54:Hurwitz actions, factorization--parking correspondences, and ordinary
/root/autodl-tmp/symbolic_dynamics/papers/192-first-collision-hurwitz/qa_final/cold_build_2/main.tex:71:The right Hurwitz move at $i$ is
/root/autodl-tmp/symbolic_dynamics/papers/192-first-collision-hurwitz/qa_final/cold_build_2/main.tex:72:\begin{equation}\label{eq:hurwitz}
/root/autodl-tmp/symbolic_dynamics/papers/192-first-collision-hurwitz/qa_final/cold_build_2/main.tex:84:Hurwitz orientation, numeric endpoint order, and least-index convention are
/root/autodl-tmp/symbolic_dynamics/papers/192-first-collision-hurwitz/qa_final/cold_build_2/main.tex:88:Minimal long-cycle factorizations, their Cayley-tree count, and Hurwitz
/root/autodl-tmp/symbolic_dynamics/papers/192-first-collision-hurwitz/qa_final/cold_build_2/main.tex:101:strings of conditional Hurwitz moves in their study of star and monotone
/root/autodl-tmp/symbolic_dynamics/papers/192-first-collision-hurwitz/qa_final/cold_build_2/main.tex:104:Hurwitz-string machinery also receives zero contribution credit here.  Its
/root/autodl-tmp/symbolic_dynamics/papers/192-first-collision-hurwitz/qa_final/cold_build_2/main.tex:111:Internally, direct Hurwitz actions have repeatedly been owner-killed, and P181
/root/autodl-tmp/symbolic_dynamics/papers/192-first-collision-hurwitz/qa_final/cold_build_2/main.tex:158:factor $(j,n)$ meets $(j,j+1)$, and the Hurwitz move replaces them by
/root/autodl-tmp/symbolic_dynamics/papers/192-first-collision-hurwitz/qa_final/cold_build_2/main.tex:193:\section{Every-target inverse Hurwitz atlas}
/root/autodl-tmp/symbolic_dynamics/papers/192-first-collision-hurwitz/qa_final/cold_build_2/main.tex:229:$i<j(y)$.  Inverting \eqref{eq:hurwitz} gives the pair
/root/autodl-tmp/symbolic_dynamics/papers/192-first-collision-hurwitz/qa_final/cold_build_2/main.tex:281:The paper-local standard-library verifier generates the full Hurwitz orbit
/root/autodl-tmp/symbolic_dynamics/papers/192-first-collision-hurwitz/qa_final/cold_build_2/main.tex:288:The paper does not claim a new Hurwitz action, conditional Hurwitz-string
/root/autodl-tmp/hilbert-polya-structure/docs/papers192_196_sequence/reviews/p192_a/PROOF_REDERIVATION.md:6:## 1. Product order and local Hurwitz algebra
/root/autodl-tmp/hilbert-polya-structure/docs/papers192_196_sequence/reviews/p192_a/PROOF_REDERIVATION.md:59:has product `c_n` and Hurwitz moves preserve product, the witness lies in the
/root/autodl-tmp/hilbert-polya-structure/docs/papers192_196_sequence/reviews/p192_a/PROOF_REDERIVATION.md:119:Hurwitz update could equal its source only with coincident adjacent factors,
/root/autodl-tmp/hilbert-polya-structure/docs/papers192_196_sequence/reviews/p192_a/PROOF_REDERIVATION.md:157:does not generate a Hurwitz orbit or invoke a tree code.  Separately it
/root/autodl-tmp/symbolic_dynamics/docs/papers162_166_sequence/scouting/geometry_group/SCOUT.md:41:  Cremona reciprocation, conic reflection, quadratic inversion, Hurwitz
/root/autodl-tmp/symbolic_dynamics/docs/papers117_121_sequence/scouting/ALGEBRAIC_PHASE2B_SCOUT.md:41:| B2B-10 | On $G^2$, $H(x,y)=(y,y^{-1}xy)$ | $xy$ is invariant; this is a Hurwitz move | **KILL: direct owner** |
/root/autodl-tmp/symbolic_dynamics/docs/papers117_121_sequence/scouting/ALGEBRAIC_PHASE2B_SCOUT.md:346:### B2B-10: Hurwitz self-map
/root/autodl-tmp/symbolic_dynamics/docs/papers117_121_sequence/scouting/ALGEBRAIC_PHASE2B_SCOUT.md:350:generator acting on factorizations. This is the classical Hurwitz action,
/root/autodl-tmp/symbolic_dynamics/docs/papers117_121_sequence/scouting/ALGEBRAIC_PHASE2B_SCOUT.md:352:Hurwitz action is
/root/autodl-tmp/symbolic_dynamics/docs/papers117_121_sequence/scouting/ALGEBRAIC_PHASE2B_SCOUT.md:445:| 12 | B2B-10 | 1.0 | KILL | Classical Hurwitz action |
/root/autodl-tmp/hilbert-polya-structure/docs/papers192_196_sequence/reviews/p192_b/PROOF_REDERIVATION.md:19:Hurwitz orbit or testing arbitrary transposition words.
/root/autodl-tmp/hilbert-polya-structure/docs/papers192_196_sequence/reviews/p192_b/PROOF_REDERIVATION.md:34:`n`-cycle in fewer than `n-1` transpositions.  The right Hurwitz move gives
/root/autodl-tmp/hilbert-polya-structure/docs/papers192_196_sequence/reviews/p192_b/PROOF_REDERIVATION.md:80:For a target adjacent pair `(u,v)`, the unique inverse Hurwitz pair is
