/root/miniconda3/bin/python3.12:
	linux-vdso.so.1 (0x00007ffe5fffe000)
	libpthread.so.0 => /usr/lib/x86_64-linux-gnu/libpthread.so.0 (0x00007f0c069f1000)
	libdl.so.2 => /usr/lib/x86_64-linux-gnu/libdl.so.2 (0x00007f0c069ec000)
	libutil.so.1 => /usr/lib/x86_64-linux-gnu/libutil.so.1 (0x00007f0c069e7000)
	libm.so.6 => /usr/lib/x86_64-linux-gnu/libm.so.6 (0x00007f0c06900000)
	libc.so.6 => /usr/lib/x86_64-linux-gnu/libc.so.6 (0x00007f0c066d7000)
	/lib64/ld-linux-x86-64.so.2 (0x00007f0c06a09000)
/usr/bin/cmp:
	linux-vdso.so.1 (0x00007fffb2b85000)
	libc.so.6 => /usr/lib/x86_64-linux-gnu/libc.so.6 (0x00007fb6d8d31000)
	/lib64/ld-linux-x86-64.so.2 (0x00007fb6d8f89000)
/bin/bash:
	linux-vdso.so.1 (0x00007fff86fea000)
	libtinfo.so.6 => /usr/lib/x86_64-linux-gnu/libtinfo.so.6 (0x00007f381136c000)
	libc.so.6 => /usr/lib/x86_64-linux-gnu/libc.so.6 (0x00007f3811143000)
	/lib64/ld-linux-x86-64.so.2 (0x00007f3811512000)
/root/miniconda3/lib/python3.12/lib-dynload/_asyncio.cpython-312-x86_64-linux-gnu.so:
	linux-vdso.so.1 (0x00007ffede0df000)
	libc.so.6 => /usr/lib/x86_64-linux-gnu/libc.so.6 (0x00007f9101914000)
	/lib64/ld-linux-x86-64.so.2 (0x00007f9101b63000)
/root/miniconda3/lib/python3.12/lib-dynload/_bisect.cpython-312-x86_64-linux-gnu.so:
	linux-vdso.so.1 (0x00007ffc859dc000)
	libc.so.6 => /usr/lib/x86_64-linux-gnu/libc.so.6 (0x00007f20aceea000)
	/lib64/ld-linux-x86-64.so.2 (0x00007f20ad12e000)
/root/miniconda3/lib/python3.12/lib-dynload/_blake2.cpython-312-x86_64-linux-gnu.so:
	linux-vdso.so.1 (0x00007ffdbc943000)
	libc.so.6 => /usr/lib/x86_64-linux-gnu/libc.so.6 (0x00007f161d718000)
	/lib64/ld-linux-x86-64.so.2 (0x00007f161d962000)
/root/miniconda3/lib/python3.12/lib-dynload/_bz2.cpython-312-x86_64-linux-gnu.so:
	linux-vdso.so.1 (0x00007ffd37feb000)
	libbz2.so.1.0 => /root/miniconda3/lib/python3.12/lib-dynload/../../libbz2.so.1.0 (0x00007f0ca1dd7000)
	libc.so.6 => /usr/lib/x86_64-linux-gnu/libc.so.6 (0x00007f0ca1b9d000)
	/lib64/ld-linux-x86-64.so.2 (0x00007f0ca1df5000)
/root/miniconda3/lib/python3.12/lib-dynload/_codecs_cn.cpython-312-x86_64-linux-gnu.so:
	linux-vdso.so.1 (0x00007ffd5b9f7000)
	libc.so.6 => /usr/lib/x86_64-linux-gnu/libc.so.6 (0x00007fedfe3b4000)
	/lib64/ld-linux-x86-64.so.2 (0x00007fedfe618000)
/root/miniconda3/lib/python3.12/lib-dynload/_codecs_hk.cpython-312-x86_64-linux-gnu.so:
	linux-vdso.so.1 (0x00007ffe155e2000)
	libc.so.6 => /usr/lib/x86_64-linux-gnu/libc.so.6 (0x00007f035539e000)
	/lib64/ld-linux-x86-64.so.2 (0x00007f0355603000)
/root/miniconda3/lib/python3.12/lib-dynload/_codecs_iso2022.cpython-312-x86_64-linux-gnu.so:
	linux-vdso.so.1 (0x00007ffec89f5000)
	libc.so.6 => /usr/lib/x86_64-linux-gnu/libc.so.6 (0x00007f6112e70000)
	/lib64/ld-linux-x86-64.so.2 (0x00007f61130b5000)
/root/miniconda3/lib/python3.12/lib-dynload/_codecs_jp.cpython-312-x86_64-linux-gnu.so:
	linux-vdso.so.1 (0x00007fff865c5000)
	libc.so.6 => /usr/lib/x86_64-linux-gnu/libc.so.6 (0x00007f487bd83000)
	/lib64/ld-linux-x86-64.so.2 (0x00007f487c003000)
/root/miniconda3/lib/python3.12/lib-dynload/_codecs_kr.cpython-312-x86_64-linux-gnu.so:
	linux-vdso.so.1 (0x00007ffdf43c2000)
	libc.so.6 => /usr/lib/x86_64-linux-gnu/libc.so.6 (0x00007fdd23d8c000)
	/lib64/ld-linux-x86-64.so.2 (0x00007fdd23fec000)
/root/miniconda3/lib/python3.12/lib-dynload/_codecs_tw.cpython-312-x86_64-linux-gnu.so:
	linux-vdso.so.1 (0x00007fff319d5000)
	libc.so.6 => /usr/lib/x86_64-linux-gnu/libc.so.6 (0x00007fe2b68d0000)
	/lib64/ld-linux-x86-64.so.2 (0x00007fe2b6b2a000)
/root/miniconda3/lib/python3.12/lib-dynload/_contextvars.cpython-312-x86_64-linux-gnu.so:
	statically linked
/root/miniconda3/lib/python3.12/lib-dynload/_crypt.cpython-312-x86_64-linux-gnu.so:
	linux-vdso.so.1 (0x00007fffac992000)
	libcrypt.so.1 => /usr/lib/x86_64-linux-gnu/libcrypt.so.1 (0x00007fc2d64c3000)
	libpthread.so.0 => /usr/lib/x86_64-linux-gnu/libpthread.so.0 (0x00007fc2d64be000)
	libc.so.6 => /usr/lib/x86_64-linux-gnu/libc.so.6 (0x00007fc2d6295000)
	/lib64/ld-linux-x86-64.so.2 (0x00007fc2d6515000)
/root/miniconda3/lib/python3.12/lib-dynload/_csv.cpython-312-x86_64-linux-gnu.so:
	linux-vdso.so.1 (0x00007ffd0288f000)
	libc.so.6 => /usr/lib/x86_64-linux-gnu/libc.so.6 (0x00007f4d9345a000)
	/lib64/ld-linux-x86-64.so.2 (0x00007f4d936a3000)
/root/miniconda3/lib/python3.12/lib-dynload/_ctypes.cpython-312-x86_64-linux-gnu.so:
	linux-vdso.so.1 (0x00007ffe74916000)
	libffi.so.8 => /root/miniconda3/lib/python3.12/lib-dynload/../../libffi.so.8 (0x00007fb990ce4000)
	libdl.so.2 => /usr/lib/x86_64-linux-gnu/libdl.so.2 (0x00007fb990cce000)
	libpthread.so.0 => /usr/lib/x86_64-linux-gnu/libpthread.so.0 (0x00007fb990cc9000)
	libc.so.6 => /usr/lib/x86_64-linux-gnu/libc.so.6 (0x00007fb990aa0000)
	/lib64/ld-linux-x86-64.so.2 (0x00007fb990d18000)
/root/miniconda3/lib/python3.12/lib-dynload/_ctypes_test.cpython-312-x86_64-linux-gnu.so:
	linux-vdso.so.1 (0x00007ffc21187000)
	libm.so.6 => /usr/lib/x86_64-linux-gnu/libm.so.6 (0x00007f9bbec41000)
	libpthread.so.0 => /usr/lib/x86_64-linux-gnu/libpthread.so.0 (0x00007f9bbec3c000)
	libc.so.6 => /usr/lib/x86_64-linux-gnu/libc.so.6 (0x00007f9bbea13000)
	/lib64/ld-linux-x86-64.so.2 (0x00007f9bbed44000)
/root/miniconda3/lib/python3.12/lib-dynload/_curses.cpython-312-x86_64-linux-gnu.so:
	linux-vdso.so.1 (0x00007ffec71c0000)
	libncursesw.so.6 => /root/miniconda3/lib/python3.12/lib-dynload/../../libncursesw.so.6 (0x00007f9759941000)
	libtinfow.so.6 => /root/miniconda3/lib/python3.12/lib-dynload/../../libtinfow.so.6 (0x00007f97598fc000)
	libpthread.so.0 => /usr/lib/x86_64-linux-gnu/libpthread.so.0 (0x00007f97598e6000)
	libc.so.6 => /usr/lib/x86_64-linux-gnu/libc.so.6 (0x00007f97596bd000)
	/lib64/ld-linux-x86-64.so.2 (0x00007f97599a2000)
/root/miniconda3/lib/python3.12/lib-dynload/_curses_panel.cpython-312-x86_64-linux-gnu.so:
	linux-vdso.so.1 (0x00007ffd39416000)
	libpanelw.so.6 => /root/miniconda3/lib/python3.12/lib-dynload/../../libpanelw.so.6 (0x00007ff3938f9000)
	libc.so.6 => /usr/lib/x86_64-linux-gnu/libc.so.6 (0x00007ff3936bf000)
	libncursesw.so.6 => /root/miniconda3/lib/python3.12/lib-dynload/../.././libncursesw.so.6 (0x00007ff393683000)
	libtinfow.so.6 => /root/miniconda3/lib/python3.12/lib-dynload/../.././libtinfow.so.6 (0x00007ff39363e000)
	/lib64/ld-linux-x86-64.so.2 (0x00007ff39390a000)
/root/miniconda3/lib/python3.12/lib-dynload/_datetime.cpython-312-x86_64-linux-gnu.so:
	linux-vdso.so.1 (0x00007ffe51dfd000)
	libm.so.6 => /usr/lib/x86_64-linux-gnu/libm.so.6 (0x00007fe76b764000)
	libpthread.so.0 => /usr/lib/x86_64-linux-gnu/libpthread.so.0 (0x00007fe76b75f000)
	libc.so.6 => /usr/lib/x86_64-linux-gnu/libc.so.6 (0x00007fe76b536000)
	/lib64/ld-linux-x86-64.so.2 (0x00007fe76b87e000)
/root/miniconda3/lib/python3.12/lib-dynload/_decimal.cpython-312-x86_64-linux-gnu.so:
	linux-vdso.so.1 (0x00007fffd9ef8000)
	libm.so.6 => /usr/lib/x86_64-linux-gnu/libm.so.6 (0x00007fca55c42000)
	libpthread.so.0 => /usr/lib/x86_64-linux-gnu/libpthread.so.0 (0x00007fca55c3d000)
	libc.so.6 => /usr/lib/x86_64-linux-gnu/libc.so.6 (0x00007fca55a14000)
	/lib64/ld-linux-x86-64.so.2 (0x00007fca55d8e000)
/root/miniconda3/lib/python3.12/lib-dynload/_elementtree.cpython-312-x86_64-linux-gnu.so:
	linux-vdso.so.1 (0x00007ffc1a701000)
	libc.so.6 => /usr/lib/x86_64-linux-gnu/libc.so.6 (0x00007f2af8acb000)
	/lib64/ld-linux-x86-64.so.2 (0x00007f2af8d1c000)
/root/miniconda3/lib/python3.12/lib-dynload/_hashlib.cpython-312-x86_64-linux-gnu.so:
	linux-vdso.so.1 (0x00007ffd7f7d0000)
	libcrypto.so.3 => /root/miniconda3/lib/python3.12/lib-dynload/../../libcrypto.so.3 (0x00007f76e13f3000)
	libc.so.6 => /usr/lib/x86_64-linux-gnu/libc.so.6 (0x00007f76e11b9000)
	libdl.so.2 => /usr/lib/x86_64-linux-gnu/libdl.so.2 (0x00007f76e11b4000)
	libpthread.so.0 => /usr/lib/x86_64-linux-gnu/libpthread.so.0 (0x00007f76e11af000)
	/lib64/ld-linux-x86-64.so.2 (0x00007f76e1a17000)
/root/miniconda3/lib/python3.12/lib-dynload/_heapq.cpython-312-x86_64-linux-gnu.so:
	statically linked
/root/miniconda3/lib/python3.12/lib-dynload/_json.cpython-312-x86_64-linux-gnu.so:
	linux-vdso.so.1 (0x00007ffe75d4c000)
	libc.so.6 => /usr/lib/x86_64-linux-gnu/libc.so.6 (0x00007fa175091000)
	/lib64/ld-linux-x86-64.so.2 (0x00007fa1752da000)
/root/miniconda3/lib/python3.12/lib-dynload/_lsprof.cpython-312-x86_64-linux-gnu.so:
	linux-vdso.so.1 (0x00007ffe7df48000)
	libc.so.6 => /usr/lib/x86_64-linux-gnu/libc.so.6 (0x00007fc4e5f39000)
	/lib64/ld-linux-x86-64.so.2 (0x00007fc4e617e000)
/root/miniconda3/lib/python3.12/lib-dynload/_lzma.cpython-312-x86_64-linux-gnu.so:
	linux-vdso.so.1 (0x00007ffffeb45000)
	liblzma.so.5 => /root/miniconda3/lib/python3.12/lib-dynload/../../liblzma.so.5 (0x00007fa5c1b29000)
	libc.so.6 => /usr/lib/x86_64-linux-gnu/libc.so.6 (0x00007fa5c18ef000)
	libpthread.so.0 => /usr/lib/x86_64-linux-gnu/libpthread.so.0 (0x00007fa5c18ea000)
	/lib64/ld-linux-x86-64.so.2 (0x00007fa5c1b67000)
/root/miniconda3/lib/python3.12/lib-dynload/_md5.cpython-312-x86_64-linux-gnu.so:
	linux-vdso.so.1 (0x00007ffe2c5cb000)
	libc.so.6 => /usr/lib/x86_64-linux-gnu/libc.so.6 (0x00007ff3e5d84000)
	/lib64/ld-linux-x86-64.so.2 (0x00007ff3e5fc8000)
/root/miniconda3/lib/python3.12/lib-dynload/_multibytecodec.cpython-312-x86_64-linux-gnu.so:
	linux-vdso.so.1 (0x00007ffddb2d3000)
	libc.so.6 => /usr/lib/x86_64-linux-gnu/libc.so.6 (0x00007f4b1243a000)
	/lib64/ld-linux-x86-64.so.2 (0x00007f4b12684000)
/root/miniconda3/lib/python3.12/lib-dynload/_multiprocessing.cpython-312-x86_64-linux-gnu.so:
	linux-vdso.so.1 (0x00007ffcc0fd8000)
	libpthread.so.0 => /usr/lib/x86_64-linux-gnu/libpthread.so.0 (0x00007f8f85e83000)
	libc.so.6 => /usr/lib/x86_64-linux-gnu/libc.so.6 (0x00007f8f85c5a000)
	/lib64/ld-linux-x86-64.so.2 (0x00007f8f85ea1000)
/root/miniconda3/lib/python3.12/lib-dynload/_opcode.cpython-312-x86_64-linux-gnu.so:
	linux-vdso.so.1 (0x00007ffd51930000)
	libc.so.6 => /usr/lib/x86_64-linux-gnu/libc.so.6 (0x00007fc0860b8000)
	/lib64/ld-linux-x86-64.so.2 (0x00007fc0862f9000)
/root/miniconda3/lib/python3.12/lib-dynload/_pickle.cpython-312-x86_64-linux-gnu.so:
	linux-vdso.so.1 (0x00007fff03573000)
	libpthread.so.0 => /usr/lib/x86_64-linux-gnu/libpthread.so.0 (0x00007f04f22fe000)
	libc.so.6 => /usr/lib/x86_64-linux-gnu/libc.so.6 (0x00007f04f20d5000)
	/lib64/ld-linux-x86-64.so.2 (0x00007f04f2338000)
/root/miniconda3/lib/python3.12/lib-dynload/_posixshmem.cpython-312-x86_64-linux-gnu.so:
	linux-vdso.so.1 (0x00007ffec61e7000)
	librt.so.1 => /usr/lib/x86_64-linux-gnu/librt.so.1 (0x00007f92c0093000)
	libpthread.so.0 => /usr/lib/x86_64-linux-gnu/libpthread.so.0 (0x00007f92c008e000)
	libc.so.6 => /usr/lib/x86_64-linux-gnu/libc.so.6 (0x00007f92bfe65000)
	/lib64/ld-linux-x86-64.so.2 (0x00007f92c00b0000)
/root/miniconda3/lib/python3.12/lib-dynload/_posixsubprocess.cpython-312-x86_64-linux-gnu.so:
	linux-vdso.so.1 (0x00007ffebffbe000)
	libpthread.so.0 => /usr/lib/x86_64-linux-gnu/libpthread.so.0 (0x00007f6efa98a000)
	libc.so.6 => /usr/lib/x86_64-linux-gnu/libc.so.6 (0x00007f6efa761000)
	/lib64/ld-linux-x86-64.so.2 (0x00007f6efa9aa000)
/root/miniconda3/lib/python3.12/lib-dynload/_queue.cpython-312-x86_64-linux-gnu.so:
	linux-vdso.so.1 (0x00007fffd2695000)
	libc.so.6 => /usr/lib/x86_64-linux-gnu/libc.so.6 (0x00007f37ecb44000)
	/lib64/ld-linux-x86-64.so.2 (0x00007f37ecd86000)
/root/miniconda3/lib/python3.12/lib-dynload/_random.cpython-312-x86_64-linux-gnu.so:
	linux-vdso.so.1 (0x00007ffc4d1a8000)
	libc.so.6 => /usr/lib/x86_64-linux-gnu/libc.so.6 (0x00007f97efec2000)
	/lib64/ld-linux-x86-64.so.2 (0x00007f97f0105000)
/root/miniconda3/lib/python3.12/lib-dynload/_sha1.cpython-312-x86_64-linux-gnu.so:
	linux-vdso.so.1 (0x00007fffc69c0000)
	libc.so.6 => /usr/lib/x86_64-linux-gnu/libc.so.6 (0x00007fa920250000)
	/lib64/ld-linux-x86-64.so.2 (0x00007fa920493000)
/root/miniconda3/lib/python3.12/lib-dynload/_sha2.cpython-312-x86_64-linux-gnu.so:
	linux-vdso.so.1 (0x00007ffd8b78d000)
	libc.so.6 => /usr/lib/x86_64-linux-gnu/libc.so.6 (0x00007ffbb1841000)
	/lib64/ld-linux-x86-64.so.2 (0x00007ffbb1a8c000)
/root/miniconda3/lib/python3.12/lib-dynload/_sha3.cpython-312-x86_64-linux-gnu.so:
	linux-vdso.so.1 (0x00007fffcf70b000)
	libc.so.6 => /usr/lib/x86_64-linux-gnu/libc.so.6 (0x00007fdcbc8be000)
	/lib64/ld-linux-x86-64.so.2 (0x00007fdcbcb03000)
/root/miniconda3/lib/python3.12/lib-dynload/_socket.cpython-312-x86_64-linux-gnu.so:
	linux-vdso.so.1 (0x00007ffc03f60000)
	libpthread.so.0 => /usr/lib/x86_64-linux-gnu/libpthread.so.0 (0x00007fe2b9e91000)
	libc.so.6 => /usr/lib/x86_64-linux-gnu/libc.so.6 (0x00007fe2b9c68000)
	/lib64/ld-linux-x86-64.so.2 (0x00007fe2b9ec3000)
/root/miniconda3/lib/python3.12/lib-dynload/_sqlite3.cpython-312-x86_64-linux-gnu.so:
	linux-vdso.so.1 (0x00007ffede4b6000)
	libsqlite3.so.0 => /root/miniconda3/lib/python3.12/lib-dynload/../../libsqlite3.so.0 (0x00007fa452b66000)
	libc.so.6 => /usr/lib/x86_64-linux-gnu/libc.so.6 (0x00007fa45292c000)
	libpthread.so.0 => /usr/lib/x86_64-linux-gnu/libpthread.so.0 (0x00007fa452927000)
	libm.so.6 => /usr/lib/x86_64-linux-gnu/libm.so.6 (0x00007fa452840000)
	libdl.so.2 => /usr/lib/x86_64-linux-gnu/libdl.so.2 (0x00007fa45283b000)
	/lib64/ld-linux-x86-64.so.2 (0x00007fa452d1e000)
/root/miniconda3/lib/python3.12/lib-dynload/_ssl.cpython-312-x86_64-linux-gnu.so:
	linux-vdso.so.1 (0x00007ffce9b89000)
	libssl.so.3 => /root/miniconda3/lib/python3.12/lib-dynload/../../libssl.so.3 (0x00007f31e0eb9000)
	libcrypto.so.3 => /root/miniconda3/lib/python3.12/lib-dynload/../../libcrypto.so.3 (0x00007f31e08a8000)
	libpthread.so.0 => /usr/lib/x86_64-linux-gnu/libpthread.so.0 (0x00007f31e0892000)
	libc.so.6 => /usr/lib/x86_64-linux-gnu/libc.so.6 (0x00007f31e0669000)
	libdl.so.2 => /usr/lib/x86_64-linux-gnu/libdl.so.2 (0x00007f31e0664000)
	/lib64/ld-linux-x86-64.so.2 (0x00007f31e0fed000)
/root/miniconda3/lib/python3.12/lib-dynload/_statistics.cpython-312-x86_64-linux-gnu.so:
	linux-vdso.so.1 (0x00007ffe63d69000)
	libm.so.6 => /usr/lib/x86_64-linux-gnu/libm.so.6 (0x00007ffbbc090000)
	libpthread.so.0 => /usr/lib/x86_64-linux-gnu/libpthread.so.0 (0x00007ffbbc08b000)
	libc.so.6 => /usr/lib/x86_64-linux-gnu/libc.so.6 (0x00007ffbbbe62000)
	/lib64/ld-linux-x86-64.so.2 (0x00007ffbbc18f000)
/root/miniconda3/lib/python3.12/lib-dynload/_struct.cpython-312-x86_64-linux-gnu.so:
	linux-vdso.so.1 (0x00007ffd66de9000)
	libc.so.6 => /usr/lib/x86_64-linux-gnu/libc.so.6 (0x00007fc0b1307000)
	/lib64/ld-linux-x86-64.so.2 (0x00007fc0b1552000)
/root/miniconda3/lib/python3.12/lib-dynload/_testbuffer.cpython-312-x86_64-linux-gnu.so:
	linux-vdso.so.1 (0x00007ffdeeffa000)
	libc.so.6 => /usr/lib/x86_64-linux-gnu/libc.so.6 (0x00007fd6f0300000)
	/lib64/ld-linux-x86-64.so.2 (0x00007fd6f054c000)
/root/miniconda3/lib/python3.12/lib-dynload/_testcapi.cpython-312-x86_64-linux-gnu.so:
	linux-vdso.so.1 (0x00007fffd8b8e000)
	libpthread.so.0 => /usr/lib/x86_64-linux-gnu/libpthread.so.0 (0x00007f44ea528000)
	libc.so.6 => /usr/lib/x86_64-linux-gnu/libc.so.6 (0x00007f44ea2ff000)
	/lib64/ld-linux-x86-64.so.2 (0x00007f44ea59e000)
/root/miniconda3/lib/python3.12/lib-dynload/_testclinic.cpython-312-x86_64-linux-gnu.so:
	linux-vdso.so.1 (0x00007ffc08351000)
	libc.so.6 => /usr/lib/x86_64-linux-gnu/libc.so.6 (0x00007f6e1ec40000)
	/lib64/ld-linux-x86-64.so.2 (0x00007f6e1ee90000)
/root/miniconda3/lib/python3.12/lib-dynload/_testimportmultiple.cpython-312-x86_64-linux-gnu.so:
	statically linked
/root/miniconda3/lib/python3.12/lib-dynload/_testinternalcapi.cpython-312-x86_64-linux-gnu.so:
	linux-vdso.so.1 (0x00007ffd42bf0000)
	libc.so.6 => /usr/lib/x86_64-linux-gnu/libc.so.6 (0x00007fad42cdc000)
	/lib64/ld-linux-x86-64.so.2 (0x00007fad42f23000)
/root/miniconda3/lib/python3.12/lib-dynload/_testmultiphase.cpython-312-x86_64-linux-gnu.so:
	linux-vdso.so.1 (0x00007ffef19cb000)
	libc.so.6 => /usr/lib/x86_64-linux-gnu/libc.so.6 (0x00007fc0e6aea000)
	/lib64/ld-linux-x86-64.so.2 (0x00007fc0e6d2f000)
/root/miniconda3/lib/python3.12/lib-dynload/_testsinglephase.cpython-312-x86_64-linux-gnu.so:
	linux-vdso.so.1 (0x00007ffc41bc8000)
	libc.so.6 => /usr/lib/x86_64-linux-gnu/libc.so.6 (0x00007f2a57a52000)
	/lib64/ld-linux-x86-64.so.2 (0x00007f2a57c94000)
/root/miniconda3/lib/python3.12/lib-dynload/_tkinter.cpython-312-x86_64-linux-gnu.so:
	linux-vdso.so.1 (0x00007ffce9df6000)
	libtk8.6.so => /root/miniconda3/lib/python3.12/lib-dynload/../../libtk8.6.so (0x00007fdf702d0000)
	libtcl8.6.so => /root/miniconda3/lib/python3.12/lib-dynload/../../libtcl8.6.so (0x00007fdf7010d000)
	libc.so.6 => /usr/lib/x86_64-linux-gnu/libc.so.6 (0x00007fdf6fed3000)
	libX11.so.6 => /usr/lib/x86_64-linux-gnu/libX11.so.6 (0x00007fdf6fd93000)
	libm.so.6 => /usr/lib/x86_64-linux-gnu/libm.so.6 (0x00007fdf6fcaa000)
	libdl.so.2 => /usr/lib/x86_64-linux-gnu/libdl.so.2 (0x00007fdf6fca5000)
	libz.so.1 => /root/miniconda3/lib/libz.so.1 (0x00007fdf6fc8a000)
	libpthread.so.0 => /usr/lib/x86_64-linux-gnu/libpthread.so.0 (0x00007fdf6fc85000)
	/lib64/ld-linux-x86-64.so.2 (0x00007fdf7044d000)
	libxcb.so.1 => /usr/lib/x86_64-linux-gnu/libxcb.so.1 (0x00007fdf6fc5b000)
	libXau.so.6 => /usr/lib/x86_64-linux-gnu/libXau.so.6 (0x00007fdf6fc53000)
	libXdmcp.so.6 => /usr/lib/x86_64-linux-gnu/libXdmcp.so.6 (0x00007fdf6fc4b000)
	libbsd.so.0 => /usr/lib/x86_64-linux-gnu/libbsd.so.0 (0x00007fdf6fc33000)
	libmd.so.0 => /usr/lib/x86_64-linux-gnu/libmd.so.0 (0x00007fdf6fc26000)
/root/miniconda3/lib/python3.12/lib-dynload/_uuid.cpython-312-x86_64-linux-gnu.so:
	linux-vdso.so.1 (0x00007ffc581eb000)
	libuuid.so.1 => /root/miniconda3/lib/python3.12/lib-dynload/../../libuuid.so.1 (0x00007f5d85e91000)
	libpthread.so.0 => /usr/lib/x86_64-linux-gnu/libpthread.so.0 (0x00007f5d85e7b000)
	libc.so.6 => /usr/lib/x86_64-linux-gnu/libc.so.6 (0x00007f5d85c52000)
	/lib64/ld-linux-x86-64.so.2 (0x00007f5d85ea1000)
/root/miniconda3/lib/python3.12/lib-dynload/_xxinterpchannels.cpython-312-x86_64-linux-gnu.so:
	linux-vdso.so.1 (0x00007ffc73b79000)
	libc.so.6 => /usr/lib/x86_64-linux-gnu/libc.so.6 (0x00007f8be7c26000)
	/lib64/ld-linux-x86-64.so.2 (0x00007f8be7e6d000)
/root/miniconda3/lib/python3.12/lib-dynload/_xxsubinterpreters.cpython-312-x86_64-linux-gnu.so:
	linux-vdso.so.1 (0x00007ffed428b000)
	libc.so.6 => /usr/lib/x86_64-linux-gnu/libc.so.6 (0x00007f0ecedfb000)
	/lib64/ld-linux-x86-64.so.2 (0x00007f0ecf03e000)
/root/miniconda3/lib/python3.12/lib-dynload/_xxtestfuzz.cpython-312-x86_64-linux-gnu.so:
	linux-vdso.so.1 (0x00007ffeac6e8000)
	libc.so.6 => /usr/lib/x86_64-linux-gnu/libc.so.6 (0x00007f036c09b000)
	/lib64/ld-linux-x86-64.so.2 (0x00007f036c2de000)
/root/miniconda3/lib/python3.12/lib-dynload/_zoneinfo.cpython-312-x86_64-linux-gnu.so:
	linux-vdso.so.1 (0x00007ffefddf7000)
	libc.so.6 => /usr/lib/x86_64-linux-gnu/libc.so.6 (0x00007f7a578f3000)
	/lib64/ld-linux-x86-64.so.2 (0x00007f7a57b3b000)
/root/miniconda3/lib/python3.12/lib-dynload/array.cpython-312-x86_64-linux-gnu.so:
	linux-vdso.so.1 (0x00007ffd81ead000)
	libc.so.6 => /usr/lib/x86_64-linux-gnu/libc.so.6 (0x00007fa72b3f0000)
	/lib64/ld-linux-x86-64.so.2 (0x00007fa72b63e000)
/root/miniconda3/lib/python3.12/lib-dynload/audioop.cpython-312-x86_64-linux-gnu.so:
	linux-vdso.so.1 (0x00007ffc471f3000)
	libm.so.6 => /usr/lib/x86_64-linux-gnu/libm.so.6 (0x00007fc099d4a000)
	libpthread.so.0 => /usr/lib/x86_64-linux-gnu/libpthread.so.0 (0x00007fc099d45000)
	libc.so.6 => /usr/lib/x86_64-linux-gnu/libc.so.6 (0x00007fc099b1c000)
	/lib64/ld-linux-x86-64.so.2 (0x00007fc099e57000)
/root/miniconda3/lib/python3.12/lib-dynload/binascii.cpython-312-x86_64-linux-gnu.so:
	linux-vdso.so.1 (0x00007fff859a1000)
	libz.so.1 => /root/miniconda3/lib/python3.12/lib-dynload/../../libz.so.1 (0x00007f2c22c27000)
	libpthread.so.0 => /usr/lib/x86_64-linux-gnu/libpthread.so.0 (0x00007f2c22c11000)
	libc.so.6 => /usr/lib/x86_64-linux-gnu/libc.so.6 (0x00007f2c229e8000)
	/lib64/ld-linux-x86-64.so.2 (0x00007f2c22c4e000)
/root/miniconda3/lib/python3.12/lib-dynload/cmath.cpython-312-x86_64-linux-gnu.so:
	linux-vdso.so.1 (0x00007ffd3aedb000)
	libm.so.6 => /usr/lib/x86_64-linux-gnu/libm.so.6 (0x00007f3f6bb0c000)
	libpthread.so.0 => /usr/lib/x86_64-linux-gnu/libpthread.so.0 (0x00007f3f6bb07000)
	libc.so.6 => /usr/lib/x86_64-linux-gnu/libc.so.6 (0x00007f3f6b8de000)
	/lib64/ld-linux-x86-64.so.2 (0x00007f3f6bc17000)
/root/miniconda3/lib/python3.12/lib-dynload/fcntl.cpython-312-x86_64-linux-gnu.so:
	linux-vdso.so.1 (0x00007ffc490c9000)
	libpthread.so.0 => /usr/lib/x86_64-linux-gnu/libpthread.so.0 (0x00007fdb77a2d000)
	libc.so.6 => /usr/lib/x86_64-linux-gnu/libc.so.6 (0x00007fdb77804000)
	/lib64/ld-linux-x86-64.so.2 (0x00007fdb77a4d000)
/root/miniconda3/lib/python3.12/lib-dynload/grp.cpython-312-x86_64-linux-gnu.so:
	linux-vdso.so.1 (0x00007ffc3c3d7000)
	libc.so.6 => /usr/lib/x86_64-linux-gnu/libc.so.6 (0x00007f9d01203000)
	/lib64/ld-linux-x86-64.so.2 (0x00007f9d01445000)
/root/miniconda3/lib/python3.12/lib-dynload/math.cpython-312-x86_64-linux-gnu.so:
	linux-vdso.so.1 (0x00007ffe7f7e0000)
	libm.so.6 => /usr/lib/x86_64-linux-gnu/libm.so.6 (0x00007f47dea0c000)
	libpthread.so.0 => /usr/lib/x86_64-linux-gnu/libpthread.so.0 (0x00007f47dea07000)
	libc.so.6 => /usr/lib/x86_64-linux-gnu/libc.so.6 (0x00007f47de7de000)
	/lib64/ld-linux-x86-64.so.2 (0x00007f47deb1b000)
/root/miniconda3/lib/python3.12/lib-dynload/mmap.cpython-312-x86_64-linux-gnu.so:
	linux-vdso.so.1 (0x00007fff77fce000)
	libpthread.so.0 => /usr/lib/x86_64-linux-gnu/libpthread.so.0 (0x00007ff668136000)
	libc.so.6 => /usr/lib/x86_64-linux-gnu/libc.so.6 (0x00007ff667f0d000)
	/lib64/ld-linux-x86-64.so.2 (0x00007ff668157000)
/root/miniconda3/lib/python3.12/lib-dynload/nis.cpython-312-x86_64-linux-gnu.so:
	linux-vdso.so.1 (0x00007ffe310bf000)
	libnsl.so.1 => /usr/lib/x86_64-linux-gnu/libnsl.so.1 (0x00007fd63de01000)
	libpthread.so.0 => /usr/lib/x86_64-linux-gnu/libpthread.so.0 (0x00007fd63ddfc000)
	libc.so.6 => /usr/lib/x86_64-linux-gnu/libc.so.6 (0x00007fd63dbd3000)
	/lib64/ld-linux-x86-64.so.2 (0x00007fd63de36000)
/root/miniconda3/lib/python3.12/lib-dynload/ossaudiodev.cpython-312-x86_64-linux-gnu.so:
	linux-vdso.so.1 (0x00007ffcc55fc000)
	libpthread.so.0 => /usr/lib/x86_64-linux-gnu/libpthread.so.0 (0x00007f7ade6e2000)
	libc.so.6 => /usr/lib/x86_64-linux-gnu/libc.so.6 (0x00007f7ade4b9000)
	/lib64/ld-linux-x86-64.so.2 (0x00007f7ade703000)
/root/miniconda3/lib/python3.12/lib-dynload/pyexpat.cpython-312-x86_64-linux-gnu.so:
	linux-vdso.so.1 (0x00007ffcd9d89000)
	libexpat.so.1 => /root/miniconda3/lib/python3.12/lib-dynload/../../libexpat.so.1 (0x00007f6bcf479000)
	libpthread.so.0 => /usr/lib/x86_64-linux-gnu/libpthread.so.0 (0x00007f6bcf463000)
	libc.so.6 => /usr/lib/x86_64-linux-gnu/libc.so.6 (0x00007f6bcf23a000)
	libm.so.6 => /usr/lib/x86_64-linux-gnu/libm.so.6 (0x00007f6bcf153000)
	/lib64/ld-linux-x86-64.so.2 (0x00007f6bcf4bd000)
/root/miniconda3/lib/python3.12/lib-dynload/readline.cpython-312-x86_64-linux-gnu.so:
	linux-vdso.so.1 (0x00007ffe07f45000)
	libreadline.so.8 => /root/miniconda3/lib/python3.12/lib-dynload/../../libreadline.so.8 (0x00007fe038739000)
	libpthread.so.0 => /usr/lib/x86_64-linux-gnu/libpthread.so.0 (0x00007fe038723000)
	libc.so.6 => /usr/lib/x86_64-linux-gnu/libc.so.6 (0x00007fe0384fa000)
	libtinfo.so.6 => /root/miniconda3/lib/python3.12/lib-dynload/../.././libtinfo.so.6 (0x00007fe0384b5000)
	/lib64/ld-linux-x86-64.so.2 (0x00007fe0387a4000)
/root/miniconda3/lib/python3.12/lib-dynload/resource.cpython-312-x86_64-linux-gnu.so:
	linux-vdso.so.1 (0x00007ffe735a7000)
	libpthread.so.0 => /usr/lib/x86_64-linux-gnu/libpthread.so.0 (0x00007f5956fc5000)
	libc.so.6 => /usr/lib/x86_64-linux-gnu/libc.so.6 (0x00007f5956d9c000)
	/lib64/ld-linux-x86-64.so.2 (0x00007f5956fe3000)
/root/miniconda3/lib/python3.12/lib-dynload/select.cpython-312-x86_64-linux-gnu.so:
	linux-vdso.so.1 (0x00007ffdaabf1000)
	libpthread.so.0 => /usr/lib/x86_64-linux-gnu/libpthread.so.0 (0x00007f4198042000)
	libc.so.6 => /usr/lib/x86_64-linux-gnu/libc.so.6 (0x00007f4197e19000)
	/lib64/ld-linux-x86-64.so.2 (0x00007f4198065000)
/root/miniconda3/lib/python3.12/lib-dynload/spwd.cpython-312-x86_64-linux-gnu.so:
	linux-vdso.so.1 (0x00007ffd97ffe000)
	libpthread.so.0 => /usr/lib/x86_64-linux-gnu/libpthread.so.0 (0x00007fa437db6000)
	libc.so.6 => /usr/lib/x86_64-linux-gnu/libc.so.6 (0x00007fa437b8d000)
	/lib64/ld-linux-x86-64.so.2 (0x00007fa437dd4000)
/root/miniconda3/lib/python3.12/lib-dynload/syslog.cpython-312-x86_64-linux-gnu.so:
	linux-vdso.so.1 (0x00007fffe0f37000)
	libc.so.6 => /usr/lib/x86_64-linux-gnu/libc.so.6 (0x00007f43f83f4000)
	/lib64/ld-linux-x86-64.so.2 (0x00007f43f8636000)
/root/miniconda3/lib/python3.12/lib-dynload/termios.cpython-312-x86_64-linux-gnu.so:
	linux-vdso.so.1 (0x00007ffd2edfe000)
	libpthread.so.0 => /usr/lib/x86_64-linux-gnu/libpthread.so.0 (0x00007f1b50dd9000)
	libc.so.6 => /usr/lib/x86_64-linux-gnu/libc.so.6 (0x00007f1b50bb0000)
	/lib64/ld-linux-x86-64.so.2 (0x00007f1b50dfb000)
/root/miniconda3/lib/python3.12/lib-dynload/unicodedata.cpython-312-x86_64-linux-gnu.so:
	linux-vdso.so.1 (0x00007ffffe5a0000)
	libc.so.6 => /usr/lib/x86_64-linux-gnu/libc.so.6 (0x00007f329b82f000)
	/lib64/ld-linux-x86-64.so.2 (0x00007f329bb80000)
/root/miniconda3/lib/python3.12/lib-dynload/xxlimited.cpython-312-x86_64-linux-gnu.so:
	linux-vdso.so.1 (0x00007ffd45d41000)
	libc.so.6 => /usr/lib/x86_64-linux-gnu/libc.so.6 (0x00007fb1e00a4000)
	/lib64/ld-linux-x86-64.so.2 (0x00007fb1e02e6000)
/root/miniconda3/lib/python3.12/lib-dynload/xxlimited_35.cpython-312-x86_64-linux-gnu.so:
	linux-vdso.so.1 (0x00007ffe987d7000)
	libc.so.6 => /usr/lib/x86_64-linux-gnu/libc.so.6 (0x00007f80e53a9000)
	/lib64/ld-linux-x86-64.so.2 (0x00007f80e55eb000)
/root/miniconda3/lib/python3.12/lib-dynload/xxsubtype.cpython-312-x86_64-linux-gnu.so:
	linux-vdso.so.1 (0x00007fff393b5000)
	libc.so.6 => /usr/lib/x86_64-linux-gnu/libc.so.6 (0x00007f3a5a3ff000)
	/lib64/ld-linux-x86-64.so.2 (0x00007f3a5a640000)
/root/miniconda3/lib/python3.12/lib-dynload/zlib.cpython-312-x86_64-linux-gnu.so:
	linux-vdso.so.1 (0x00007ffc8398c000)
	libz.so.1 => /root/miniconda3/lib/python3.12/lib-dynload/../../libz.so.1 (0x00007f927a037000)
	libpthread.so.0 => /usr/lib/x86_64-linux-gnu/libpthread.so.0 (0x00007f927a021000)
	libc.so.6 => /usr/lib/x86_64-linux-gnu/libc.so.6 (0x00007f9279df8000)
	/lib64/ld-linux-x86-64.so.2 (0x00007f927a061000)
