\BOOKMARK [1][-]{section.1}{Introduction\040and\040bounded\040positioning}{}% 1
\BOOKMARK [2][-]{subsection.1.1}{Question\040and\040contribution}{section.1}% 2
\BOOKMARK [2][-]{subsection.1.2}{Main\040theorem}{section.1}% 3
\BOOKMARK [2][-]{subsection.1.3}{Established\040neighbors\040and\040roadmap}{section.1}% 4
\BOOKMARK [1][-]{section.2}{Symplectic\040family\040and\040exact\040weighted-degree\040transport}{}% 5
\BOOKMARK [2][-]{subsection.2.1}{Inputs,\040supports,\040and\040notation}{section.2}% 6
\BOOKMARK [2][-]{subsection.2.2}{Symplectic\040shears\040and\040inverse}{section.2}% 7
\BOOKMARK [2][-]{subsection.2.3}{Selected\040gradient\040matrices}{section.2}% 8
\BOOKMARK [2][-]{subsection.2.4}{Formal-versus-actual\040degree\040boundary}{section.2}% 9
\BOOKMARK [1][-]{section.3}{Normal-fan\040iff}{}% 10
\BOOKMARK [2][-]{subsection.3.1}{Equal-total\040residual\040reduction}{section.3}% 11
\BOOKMARK [2][-]{subsection.3.2}{Pulled-back\040V-max/W-min\040criterion}{section.3}% 12
\BOOKMARK [2][-]{subsection.3.3}{Rationality,\040walls,\040and\040singleton\040supports}{section.3}% 13
\BOOKMARK [2][-]{subsection.3.4}{Selector/carry\040separation}{section.3}% 14
\BOOKMARK [1][-]{section.4}{Incidence\040realization\040of\040primitive\040words}{}% 15
\BOOKMARK [2][-]{subsection.4.1}{Moving\040cycle,\040fixed\040star,\040and\040supports}{section.4}% 16
\BOOKMARK [2][-]{subsection.4.2}{Exact\040score\040table}{section.4}% 17
\BOOKMARK [2][-]{subsection.4.3}{Endogenous\040every-word\040realization}{section.4}% 18
\BOOKMARK [2][-]{subsection.4.4}{Hand-derived\040audit\040fixture\040and\040sharp\040incidence\040boundaries}{section.4}% 19
\BOOKMARK [1][-]{section.5}{Strict\040carries\040and\040leading\040forms}{}% 20
\BOOKMARK [2][-]{subsection.5.1}{Strict\040growth\040in\040positive\040dimension}{section.5}% 21
\BOOKMARK [2][-]{subsection.5.2}{Exact\040first-carry\040chamber\040and\040induction}{section.5}% 22
\BOOKMARK [2][-]{subsection.5.3}{Coefficient-uniform\040survival}{section.5}% 23
\BOOKMARK [2][-]{subsection.5.4}{Cancellation\040and\040support-boundary\040counterexamples}{section.5}% 24
\BOOKMARK [1][-]{section.6}{Ordered\040monodromy\040and\040decoding}{}% 25
\BOOKMARK [2][-]{subsection.6.1}{Constant\040scalar\040forcing}{section.6}% 26
\BOOKMARK [2][-]{subsection.6.2}{Ordered\040prefixes\040and\040period\040monodromy}{section.6}% 27
\BOOKMARK [2][-]{subsection.6.3}{Digit\040bounds\040and\040pair\040injectivity}{section.6}% 28
\BOOKMARK [2][-]{subsection.6.4}{Three-level\040decoder}{section.6}% 29
\BOOKMARK [2][-]{subsection.6.5}{Missing-data\040boundary}{section.6}% 30
\BOOKMARK [1][-]{section.7}{Least\040periods,\040scalar\040boundaries,\040and\040counterexamples}{}% 31
\BOOKMARK [2][-]{subsection.7.1}{Two\040least\040periods}{section.7}% 32
\BOOKMARK [2][-]{subsection.7.2}{Position\040maximum}{section.7}% 33
\BOOKMARK [2][-]{subsection.7.3}{Moving,\040star,\040and\040phase\040subsequences}{section.7}% 34
\BOOKMARK [2][-]{subsection.7.4}{Complete-state\040start\040index\040and\040residual}{section.7}% 35
\BOOKMARK [2][-]{subsection.7.5}{Remaining\040structural\040boundaries\040and\040planar\040obstruction}{section.7}% 36
\BOOKMARK [1][-]{section.8}{Limitations\040and\040conclusion}{}% 37
\BOOKMARK [2][-]{subsection.8.1}{Scope\040and\040anti-claims}{section.8}% 38
\BOOKMARK [2][-]{subsection.8.2}{Conjunctive\040contribution}{section.8}% 39
\BOOKMARK [2][-]{subsection.8.3}{Proof-only\040evidence\040statement}{section.8}% 40
