	linux-vdso.so.1 (0x00007ffcbe3e1000)
	libpoppler.so.118 => /usr/lib/x86_64-linux-gnu/libpoppler.so.118 (0x00007fc2ab943000)
	libstdc++.so.6 => /usr/lib/x86_64-linux-gnu/libstdc++.so.6 (0x00007fc2ab717000)
	libc.so.6 => /usr/lib/x86_64-linux-gnu/libc.so.6 (0x00007fc2ab4ee000)
	libfreetype.so.6 => /usr/lib/x86_64-linux-gnu/libfreetype.so.6 (0x00007fc2ab426000)
	libfontconfig.so.1 => /usr/lib/x86_64-linux-gnu/libfontconfig.so.1 (0x00007fc2ab3dc000)
	libjpeg.so.8 => /usr/lib/x86_64-linux-gnu/libjpeg.so.8 (0x00007fc2ab359000)
	libz.so.1 => /usr/lib/x86_64-linux-gnu/libz.so.1 (0x00007fc2ab33d000)
	libopenjp2.so.7 => /usr/lib/x86_64-linux-gnu/libopenjp2.so.7 (0x00007fc2ab2e5000)
	liblcms2.so.2 => /usr/lib/x86_64-linux-gnu/liblcms2.so.2 (0x00007fc2ab283000)
	libpng16.so.16 => /usr/lib/x86_64-linux-gnu/libpng16.so.16 (0x00007fc2ab248000)
	libtiff.so.5 => /usr/lib/x86_64-linux-gnu/libtiff.so.5 (0x00007fc2ab1c0000)
	libnss3.so => /usr/lib/x86_64-linux-gnu/libnss3.so (0x00007fc2ab08d000)
	libsmime3.so => /usr/lib/x86_64-linux-gnu/libsmime3.so (0x00007fc2ab063000)
	libplc4.so => /usr/lib/x86_64-linux-gnu/libplc4.so (0x00007fc2ab05c000)
	libnspr4.so => /usr/lib/x86_64-linux-gnu/libnspr4.so (0x00007fc2ab01c000)
	libm.so.6 => /usr/lib/x86_64-linux-gnu/libm.so.6 (0x00007fc2aaf35000)
	/lib64/ld-linux-x86-64.so.2 (0x00007fc2abcbc000)
	libgcc_s.so.1 => /usr/lib/x86_64-linux-gnu/libgcc_s.so.1 (0x00007fc2aaf15000)
	libbrotlidec.so.1 => /usr/lib/x86_64-linux-gnu/libbrotlidec.so.1 (0x00007fc2aaf05000)
	libexpat.so.1 => /usr/lib/x86_64-linux-gnu/libexpat.so.1 (0x00007fc2aaed4000)
	libuuid.so.1 => /usr/lib/x86_64-linux-gnu/libuuid.so.1 (0x00007fc2aaecb000)
	libwebp.so.7 => /usr/lib/x86_64-linux-gnu/libwebp.so.7 (0x00007fc2aae5e000)
	libzstd.so.1 => /usr/lib/x86_64-linux-gnu/libzstd.so.1 (0x00007fc2aad8f000)
	liblzma.so.5 => /usr/lib/x86_64-linux-gnu/liblzma.so.5 (0x00007fc2aad62000)
	libjbig.so.0 => /usr/lib/x86_64-linux-gnu/libjbig.so.0 (0x00007fc2aad51000)
	libdeflate.so.0 => /usr/lib/x86_64-linux-gnu/libdeflate.so.0 (0x00007fc2aad2d000)
	libnssutil3.so => /usr/lib/x86_64-linux-gnu/libnssutil3.so (0x00007fc2aacfa000)
	libplds4.so => /usr/lib/x86_64-linux-gnu/libplds4.so (0x00007fc2aacf5000)
	libbrotlicommon.so.1 => /usr/lib/x86_64-linux-gnu/libbrotlicommon.so.1 (0x00007fc2aacd0000)
