Rc files read:
  /etc/LatexMk
Latexmk: This is Latexmk, John Collins, 20 November 2021, version: 4.76.
Rule 'pdflatex': File changes, etc:
   Changed files, or newly in use since previous run(s):
      'main.tex'
------------
Run number 1 of rule 'pdflatex'
------------
------------
Running 'pdflatex  -interaction=nonstopmode -halt-on-error -recorder  "main.tex"'
------------
Latexmk: applying rule 'pdflatex'...
This is pdfTeX, Version 3.141592653-2.6-1.40.22 (TeX Live 2022/dev/Debian) (preloaded format=pdflatex)
 restricted \write18 enabled.
entering extended mode
(./main.tex
LaTeX2e <2021-11-15> patch level 1
L3 programming layer <2022-01-21>
(/usr/share/texlive/texmf-dist/tex/latex/base/article.cls
Document Class: article 2021/10/04 v1.4n Standard LaTeX document class
(/usr/share/texlive/texmf-dist/tex/latex/base/size11.clo))
(/usr/share/texlive/texmf-dist/tex/latex/base/fontenc.sty)
(/usr/share/texlive/texmf-dist/tex/latex/base/inputenc.sty)
(/usr/share/texmf/tex/latex/lm/lmodern.sty)
(/usr/share/texlive/texmf-dist/tex/latex/geometry/geometry.sty
(/usr/share/texlive/texmf-dist/tex/latex/graphics/keyval.sty)
(/usr/share/texlive/texmf-dist/tex/generic/iftex/ifvtex.sty
(/usr/share/texlive/texmf-dist/tex/generic/iftex/iftex.sty)))
(/usr/share/texlive/texmf-dist/tex/latex/amsmath/amsmath.sty
For additional information on amsmath, use the `?' option.
(/usr/share/texlive/texmf-dist/tex/latex/amsmath/amstext.sty
(/usr/share/texlive/texmf-dist/tex/latex/amsmath/amsgen.sty))
(/usr/share/texlive/texmf-dist/tex/latex/amsmath/amsbsy.sty)
(/usr/share/texlive/texmf-dist/tex/latex/amsmath/amsopn.sty))
(/usr/share/texlive/texmf-dist/tex/latex/amsfonts/amssymb.sty
(/usr/share/texlive/texmf-dist/tex/latex/amsfonts/amsfonts.sty))
(/usr/share/texlive/texmf-dist/tex/latex/amscls/amsthm.sty)
(/usr/share/texlive/texmf-dist/tex/latex/mathtools/mathtools.sty
(/usr/share/texlive/texmf-dist/tex/latex/tools/calc.sty)
(/usr/share/texlive/texmf-dist/tex/latex/mathtools/mhsetup.sty))
(/usr/share/texlive/texmf-dist/tex/latex/microtype/microtype.sty
(/usr/share/texlive/texmf-dist/tex/latex/etoolbox/etoolbox.sty)
(/usr/share/texlive/texmf-dist/tex/latex/microtype/microtype-pdftex.def)
(/usr/share/texlive/texmf-dist/tex/latex/microtype/microtype.cfg))
(/usr/share/texlive/texmf-dist/tex/latex/booktabs/booktabs.sty)
(/usr/share/texlive/texmf-dist/tex/latex/tools/array.sty)
(/usr/share/texlive/texmf-dist/tex/latex/natbib/natbib.sty)
(/usr/share/texlive/texmf-dist/tex/latex/hyperref/hyperref.sty
(/usr/share/texlive/texmf-dist/tex/generic/ltxcmds/ltxcmds.sty)
(/usr/share/texlive/texmf-dist/tex/generic/pdftexcmds/pdftexcmds.sty
(/usr/share/texlive/texmf-dist/tex/generic/infwarerr/infwarerr.sty))
(/usr/share/texlive/texmf-dist/tex/generic/kvsetkeys/kvsetkeys.sty)
(/usr/share/texlive/texmf-dist/tex/generic/kvdefinekeys/kvdefinekeys.sty)
(/usr/share/texlive/texmf-dist/tex/generic/pdfescape/pdfescape.sty)
(/usr/share/texlive/texmf-dist/tex/latex/hycolor/hycolor.sty)
(/usr/share/texlive/texmf-dist/tex/latex/letltxmacro/letltxmacro.sty)
(/usr/share/texlive/texmf-dist/tex/latex/auxhook/auxhook.sty)
(/usr/share/texlive/texmf-dist/tex/latex/kvoptions/kvoptions.sty)
(/usr/share/texlive/texmf-dist/tex/latex/hyperref/pd1enc.def)
(/usr/share/texlive/texmf-dist/tex/latex/hyperref/hyperref-langpatches.def)
(/usr/share/texlive/texmf-dist/tex/generic/intcalc/intcalc.sty)
(/usr/share/texlive/texmf-dist/tex/generic/etexcmds/etexcmds.sty)
(/usr/share/texlive/texmf-dist/tex/latex/hyperref/puenc.def)
(/usr/share/texlive/texmf-dist/tex/latex/url/url.sty)
(/usr/share/texlive/texmf-dist/tex/generic/bitset/bitset.sty
(/usr/share/texlive/texmf-dist/tex/generic/bigintcalc/bigintcalc.sty))
(/usr/share/texlive/texmf-dist/tex/latex/base/atbegshi-ltx.sty))
(/usr/share/texlive/texmf-dist/tex/latex/hyperref/hpdftex.def
(/usr/share/texlive/texmf-dist/tex/latex/base/atveryend-ltx.sty)
(/usr/share/texlive/texmf-dist/tex/latex/rerunfilecheck/rerunfilecheck.sty
(/usr/share/texlive/texmf-dist/tex/generic/uniquecounter/uniquecounter.sty)))
(/usr/share/texmf/tex/latex/lm/t1lmr.fd)
(/usr/share/texlive/texmf-dist/tex/latex/l3backend/l3backend-pdftex.def)
(./main.aux)
*geometry* driver: auto-detecting
*geometry* detected driver: pdftex
(/usr/share/texlive/texmf-dist/tex/latex/graphics/graphicx.sty
(/usr/share/texlive/texmf-dist/tex/latex/graphics/graphics.sty
(/usr/share/texlive/texmf-dist/tex/latex/graphics/trig.sty)
(/usr/share/texlive/texmf-dist/tex/latex/graphics-cfg/graphics.cfg)
(/usr/share/texlive/texmf-dist/tex/latex/graphics-def/pdftex.def
(/usr/share/texlive/texmf-dist/tex/context/base/mkii/supp-pdf.mkii
[Loading MPS to PDF converter (version 2006.09.02).]
))) (/usr/share/texlive/texmf-dist/tex/latex/epstopdf-pkg/epstopdf-base.sty
(/usr/share/texlive/texmf-dist/tex/latex/latexconfig/epstopdf-sys.cfg)))
(/usr/share/texlive/texmf-dist/tex/latex/microtype/mt-cmr.cfg)
(/usr/share/texlive/texmf-dist/tex/latex/hyperref/nameref.sty
(/usr/share/texlive/texmf-dist/tex/latex/refcount/refcount.sty)
(/usr/share/texlive/texmf-dist/tex/generic/gettitlestring/gettitlestring.sty))
(/usr/share/texmf/tex/latex/lm/ot1lmr.fd)
(/usr/share/texmf/tex/latex/lm/omllmm.fd)
(/usr/share/texmf/tex/latex/lm/omslmsy.fd)
(/usr/share/texmf/tex/latex/lm/omxlmex.fd)
(/usr/share/texlive/texmf-dist/tex/latex/amsfonts/umsa.fd)
(/usr/share/texlive/texmf-dist/tex/latex/microtype/mt-msa.cfg)
(/usr/share/texlive/texmf-dist/tex/latex/amsfonts/umsb.fd)
(/usr/share/texlive/texmf-dist/tex/latex/microtype/mt-msb.cfg)
(./sections/01_introduction.tex

LaTeX Warning: Reference `thm:main' on page 1 undefined on input line 21.

[1{/var/lib/texmf/fonts/map/pdftex/updmap/pdftex.map}]

Package natbib Warning: Citation `bmw2014' on page 2 undefined on input line 43
.


Package natbib Warning: Citation `bc2018' on page 2 undefined on input line 45.



Package natbib Warning: Citation `bch2024' on page 2 undefined on input line 47
.


Package natbib Warning: Citation `bhn2025' on page 2 undefined on input line 55
.


LaTeX Warning: Reference `sec:dynamics' on page 2 undefined on input line 57.


LaTeX Warning: Reference `sec:example' on page 2 undefined on input line 58.


Package natbib Warning: Citation `bgns2023' on page 2 undefined on input line 6
1.


Package natbib Warning: Citation `bch2024' on page 2 undefined on input line 74
.


Package natbib Warning: Citation `bhn2025' on page 2 undefined on input line 77
.


LaTeX Warning: Reference `thm:main' on page 2 undefined on input line 81.


Package natbib Warning: Citation `kl2012' on page 2 undefined on input line 96.



Package natbib Warning: Citation `cp2026' on page 2 undefined on input line 99.



Package natbib Warning: Citation `bch2024' on page 2 undefined on input line 10
5.


Package natbib Warning: Citation `bhn2025' on page 2 undefined on input line 10
6.

) (./sections/02_criterion.tex [2]

LaTeX Warning: Reference `eq:intro-coeff' on page 3 undefined on input line 17.


[3]) (./sections/03_fourier.tex

LaTeX Warning: Reference `eq:group' on page 4 undefined on input line 19.


LaTeX Warning: Reference `eq:balls' on page 4 undefined on input line 70.


LaTeX Warning: Reference `eq:ball-fourier' on page 4 undefined on input line 70
.

[4]

LaTeX Warning: Reference `eq:q' on page 5 undefined on input line 74.


LaTeX Warning: Reference `eq:q-fourier' on page 5 undefined on input line 78.

) (./sections/04_boundary.tex

LaTeX Warning: Reference `eq:af' on page 5 undefined on input line 4.


LaTeX Warning: Reference `eq:q' on page 5 undefined on input line 15.


LaTeX Warning: Reference `eq:q-fourier' on page 5 undefined on input line 23.


LaTeX Warning: Reference `lem:conductor' on page 5 undefined on input line 40.


LaTeX Warning: Reference `eq:group' on page 5 undefined on input line 50.


LaTeX Warning: Reference `lem:conductor' on page 5 undefined on input line 58.

[5]

LaTeX Warning: Reference `eq:unit-invariance' on page 6 undefined on input line
 66.


LaTeX Warning: Reference `eq:grid' on page 6 undefined on input line 74.


LaTeX Warning: Reference `thm:main' on page 6 undefined on input line 76.


LaTeX Warning: Reference `lem:fourier' on page 6 undefined on input line 88.


LaTeX Warning: Reference `eq:injective' on page 6 undefined on input line 90.


LaTeX Warning: Reference `eq:actual-measure' on page 6 undefined on input line 
94.


LaTeX Warning: Reference `eq:moments' on page 6 undefined on input line 96.


LaTeX Warning: Reference `lem:grids' on page 6 undefined on input line 97.


LaTeX Warning: Reference `eq:radial' on page 6 undefined on input line 112.


LaTeX Warning: Reference `eq:radial' on page 6 undefined on input line 114.

[6]) (./sections/05_dynamics.tex

Package natbib Warning: Citation `bch2024' on page 7 undefined on input line 14
.


Package natbib Warning: Citation `bch2024' on page 7 undefined on input line 32
.


LaTeX Warning: Reference `eq:fad' on page 7 undefined on input line 38.


Package natbib Warning: Citation `bch2024' on page 7 undefined on input line 60
.


LaTeX Warning: Reference `sec:criterion' on page 7 undefined on input line 76.

[7]

LaTeX Warning: Reference `thm:main' on page 8 undefined on input line 89.


LaTeX Warning: Reference `eq:leading' on page 8 undefined on input line 90.


LaTeX Warning: Reference `eq:leading' on page 8 undefined on input line 94.


LaTeX Warning: Reference `eq:log-derivative' on page 8 undefined on input line 
108.


Package natbib Warning: Citation `bch2024' on page 8 undefined on input line 12
9.


Package natbib Warning: Citation `bch2024' on page 8 undefined on input line 13
1.


Package natbib Warning: Citation `bhn2025' on page 8 undefined on input line 14
4.


LaTeX Warning: Reference `eq:leading' on page 8 undefined on input line 149.


Package natbib Warning: Citation `bhn2025' on page 8 undefined on input line 15
1.


Package natbib Warning: Citation `bch2024' on page 8 undefined on input line 15
4.


Package natbib Warning: Citation `bhn2025' on page 8 undefined on input line 15
7.

[8]

Package natbib Warning: Citation `bch2024' on page 9 undefined on input line 16
1.


LaTeX Warning: Reference `thm:main' on page 9 undefined on input line 162.

) (./sections/06_example.tex

LaTeX Warning: Reference `eq:toral-example' on page 9 undefined on input line 6
5.


LaTeX Warning: Reference `eq:additive-example' on page 9 undefined on input lin
e 65.

[9]

Package natbib Warning: Citation `bch2024' on page 10 undefined on input line 8
3.


LaTeX Warning: Reference `cor:fad' on page 10 undefined on input line 84.


Package natbib Warning: Citation `bhn2025' on page 10 undefined on input line 1
00.


Package natbib Warning: Citation `bgns2023' on page 10 undefined on input line 
107.


LaTeX Warning: Reference `eq:toral-example' on page 10 undefined on input line 
115.

) (./sections/07_scope.tex

LaTeX Warning: Reference `eq:intro-coeff' on page 10 undefined on input line 3.



LaTeX Warning: Reference `sec:example' on page 10 undefined on input line 23.

)
No file main.bbl.
[10]

Package natbib Warning: There were undefined citations.

[11] (./main.aux)

LaTeX Warning: There were undefined references.


LaTeX Warning: Label(s) may have changed. Rerun to get cross-references right.


Package rerunfilecheck Warning: File `main.out' has changed.
(rerunfilecheck)                Rerun to get outlines right
(rerunfilecheck)                or use package `bookmark'.

 ){/usr/share/texmf/fonts/enc/dvips/lm/lm-rm.enc}{/usr/share/texmf/fonts/enc/dv
ips/lm/lm-mathsy.enc}{/usr/share/texmf/fonts/enc/dvips/lm/lm-ec.enc}{/usr/share
/texmf/fonts/enc/dvips/lm/lm-mathit.enc}{/usr/share/texmf/fonts/enc/dvips/lm/lm
-mathex.enc}</usr/share/texmf/fonts/type1/public/lm/lmbx10.pfb></usr/share/texm
f/fonts/type1/public/lm/lmbx12.pfb></usr/share/texmf/fonts/type1/public/lm/lmex
10.pfb></usr/share/texmf/fonts/type1/public/lm/lmmi10.pfb></usr/share/texmf/fon
ts/type1/public/lm/lmmi6.pfb></usr/share/texmf/fonts/type1/public/lm/lmmi8.pfb>
</usr/share/texmf/fonts/type1/public/lm/lmr10.pfb></usr/share/texmf/fonts/type1
/public/lm/lmr17.pfb></usr/share/texmf/fonts/type1/public/lm/lmr6.pfb></usr/sha
re/texmf/fonts/type1/public/lm/lmr8.pfb></usr/share/texmf/fonts/type1/public/lm
/lmri10.pfb></usr/share/texmf/fonts/type1/public/lm/lmsy10.pfb></usr/share/texm
f/fonts/type1/public/lm/lmsy6.pfb></usr/share/texmf/fonts/type1/public/lm/lmsy8
.pfb></usr/share/texlive/texmf-dist/fonts/type1/public/amsfonts/symbols/msbm10.
pfb>
Output written on main.pdf (11 pages, 292825 bytes).
Transcript written on main.log.
Latexmk: Missing bbl file 'main.bbl' in following:
 No file main.bbl.
Latexmk: References changed.
Latexmk: References changed.
Latexmk: Log file says output to 'main.pdf'
Latexmk: List of undefined refs and citations:
  Citation `bc2018' on page 2 undefined on input line 45
  Citation `bch2024' on page 10 undefined on input line 83
  Citation `bch2024' on page 2 undefined on input line 105
  Citation `bch2024' on page 2 undefined on input line 47
  Citation `bch2024' on page 2 undefined on input line 74
  Citation `bch2024' on page 7 undefined on input line 14
  Citation `bch2024' on page 7 undefined on input line 32
  Citation `bch2024' on page 7 undefined on input line 60
  Citation `bch2024' on page 8 undefined on input line 129
  Citation `bch2024' on page 8 undefined on input line 131
  Citation `bch2024' on page 8 undefined on input line 154
  Citation `bch2024' on page 9 undefined on input line 161
  Citation `bgns2023' on page 10 undefined on input line 107
  Citation `bgns2023' on page 2 undefined on input line 61
  Citation `bhn2025' on page 10 undefined on input line 100
  Citation `bhn2025' on page 2 undefined on input line 106
  Citation `bhn2025' on page 2 undefined on input line 55
  Citation `bhn2025' on page 2 undefined on input line 77
  Citation `bhn2025' on page 8 undefined on input line 144
  Citation `bhn2025' on page 8 undefined on input line 151
  Citation `bhn2025' on page 8 undefined on input line 157
  Citation `bmw2014' on page 2 undefined on input line 43
  Citation `cp2026' on page 2 undefined on input line 99
  Citation `kl2012' on page 2 undefined on input line 96
  Reference `cor:fad' on page 10 undefined on input line 84
  Reference `eq:actual-measure' on page 6 undefined on input line 94
  Reference `eq:additive-example' on page 9 undefined on input line 65
  Reference `eq:af' on page 5 undefined on input line 4
  Reference `eq:ball-fourier' on page 4 undefined on input line 70
  Reference `eq:balls' on page 4 undefined on input line 70
  Reference `eq:fad' on page 7 undefined on input line 38
  Reference `eq:grid' on page 6 undefined on input line 74
  Reference `eq:group' on page 4 undefined on input line 19
  Reference `eq:group' on page 5 undefined on input line 50
  Reference `eq:injective' on page 6 undefined on input line 90
  Reference `eq:intro-coeff' on page 10 undefined on input line 3
  Reference `eq:intro-coeff' on page 3 undefined on input line 17
  Reference `eq:leading' on page 8 undefined on input line 149
  Reference `eq:leading' on page 8 undefined on input line 90
  Reference `eq:leading' on page 8 undefined on input line 94
  Reference `eq:log-derivative' on page 8 undefined on input line 108
  Reference `eq:moments' on page 6 undefined on input line 96
  Reference `eq:q' on page 5 undefined on input line 15
  Reference `eq:q' on page 5 undefined on input line 74
  Reference `eq:q-fourier' on page 5 undefined on input line 23
  Reference `eq:q-fourier' on page 5 undefined on input line 78
  Reference `eq:radial' on page 6 undefined on input line 112
  Reference `eq:radial' on page 6 undefined on input line 114
  Reference `eq:toral-example' on page 10 undefined on input line 115
  Reference `eq:toral-example' on page 9 undefined on input line 65
  Reference `eq:unit-invariance' on page 6 undefined on input line 66
  Reference `lem:conductor' on page 5 undefined on input line 40
  Reference `lem:conductor' on page 5 undefined on input line 58
  Reference `lem:fourier' on page 6 undefined on input line 88
  Reference `lem:grids' on page 6 undefined on input line 97
  Reference `sec:criterion' on page 7 undefined on input line 76
  Reference `sec:dynamics' on page 2 undefined on input line 57
  Reference `sec:example' on page 10 undefined on input line 23
  Reference `sec:example' on page 2 undefined on input line 58
  Reference `thm:main' on page 1 undefined on input line 21
  Reference `thm:main' on page 2 undefined on input line 81
  Reference `thm:main' on page 6 undefined on input line 76
  Reference `thm:main' on page 8 undefined on input line 89
  Reference `thm:main' on page 9 undefined on input line 162
Latexmk: Examining 'main.log'
=== TeX engine is 'pdfTeX'
Latexmk: Found bibliography file(s) [references.bib]
Rule 'bibtex main': File changes, etc:
   Changed files, or newly in use since previous run(s):
      'main.aux'
------------
Run number 1 of rule 'bibtex main'
------------
------------
Running 'bibtex  "main.aux"'
------------
Latexmk: applying rule 'bibtex main'...
This is BibTeX, Version 0.99d (TeX Live 2022/dev/Debian)
The top-level auxiliary file: main.aux
The style file: plainnat.bst
Database file #1: references.bib
Rule 'pdflatex': File changes, etc:
   Changed files, or newly in use since previous run(s):
      'main.aux'
      'main.bbl'
      'main.out'
------------
Run number 2 of rule 'pdflatex'
------------
------------
Running 'pdflatex  -interaction=nonstopmode -halt-on-error -recorder  "main.tex"'
------------
Latexmk: applying rule 'pdflatex'...
This is pdfTeX, Version 3.141592653-2.6-1.40.22 (TeX Live 2022/dev/Debian) (preloaded format=pdflatex)
 restricted \write18 enabled.
entering extended mode
(./main.tex
LaTeX2e <2021-11-15> patch level 1
L3 programming layer <2022-01-21>
(/usr/share/texlive/texmf-dist/tex/latex/base/article.cls
Document Class: article 2021/10/04 v1.4n Standard LaTeX document class
(/usr/share/texlive/texmf-dist/tex/latex/base/size11.clo))
(/usr/share/texlive/texmf-dist/tex/latex/base/fontenc.sty)
(/usr/share/texlive/texmf-dist/tex/latex/base/inputenc.sty)
(/usr/share/texmf/tex/latex/lm/lmodern.sty)
(/usr/share/texlive/texmf-dist/tex/latex/geometry/geometry.sty
(/usr/share/texlive/texmf-dist/tex/latex/graphics/keyval.sty)
(/usr/share/texlive/texmf-dist/tex/generic/iftex/ifvtex.sty
(/usr/share/texlive/texmf-dist/tex/generic/iftex/iftex.sty)))
(/usr/share/texlive/texmf-dist/tex/latex/amsmath/amsmath.sty
For additional information on amsmath, use the `?' option.
(/usr/share/texlive/texmf-dist/tex/latex/amsmath/amstext.sty
(/usr/share/texlive/texmf-dist/tex/latex/amsmath/amsgen.sty))
(/usr/share/texlive/texmf-dist/tex/latex/amsmath/amsbsy.sty)
(/usr/share/texlive/texmf-dist/tex/latex/amsmath/amsopn.sty))
(/usr/share/texlive/texmf-dist/tex/latex/amsfonts/amssymb.sty
(/usr/share/texlive/texmf-dist/tex/latex/amsfonts/amsfonts.sty))
(/usr/share/texlive/texmf-dist/tex/latex/amscls/amsthm.sty)
(/usr/share/texlive/texmf-dist/tex/latex/mathtools/mathtools.sty
(/usr/share/texlive/texmf-dist/tex/latex/tools/calc.sty)
(/usr/share/texlive/texmf-dist/tex/latex/mathtools/mhsetup.sty))
(/usr/share/texlive/texmf-dist/tex/latex/microtype/microtype.sty
(/usr/share/texlive/texmf-dist/tex/latex/etoolbox/etoolbox.sty)
(/usr/share/texlive/texmf-dist/tex/latex/microtype/microtype-pdftex.def)
(/usr/share/texlive/texmf-dist/tex/latex/microtype/microtype.cfg))
(/usr/share/texlive/texmf-dist/tex/latex/booktabs/booktabs.sty)
(/usr/share/texlive/texmf-dist/tex/latex/tools/array.sty)
(/usr/share/texlive/texmf-dist/tex/latex/natbib/natbib.sty)
(/usr/share/texlive/texmf-dist/tex/latex/hyperref/hyperref.sty
(/usr/share/texlive/texmf-dist/tex/generic/ltxcmds/ltxcmds.sty)
(/usr/share/texlive/texmf-dist/tex/generic/pdftexcmds/pdftexcmds.sty
(/usr/share/texlive/texmf-dist/tex/generic/infwarerr/infwarerr.sty))
(/usr/share/texlive/texmf-dist/tex/generic/kvsetkeys/kvsetkeys.sty)
(/usr/share/texlive/texmf-dist/tex/generic/kvdefinekeys/kvdefinekeys.sty)
(/usr/share/texlive/texmf-dist/tex/generic/pdfescape/pdfescape.sty)
(/usr/share/texlive/texmf-dist/tex/latex/hycolor/hycolor.sty)
(/usr/share/texlive/texmf-dist/tex/latex/letltxmacro/letltxmacro.sty)
(/usr/share/texlive/texmf-dist/tex/latex/auxhook/auxhook.sty)
(/usr/share/texlive/texmf-dist/tex/latex/kvoptions/kvoptions.sty)
(/usr/share/texlive/texmf-dist/tex/latex/hyperref/pd1enc.def)
(/usr/share/texlive/texmf-dist/tex/latex/hyperref/hyperref-langpatches.def)
(/usr/share/texlive/texmf-dist/tex/generic/intcalc/intcalc.sty)
(/usr/share/texlive/texmf-dist/tex/generic/etexcmds/etexcmds.sty)
(/usr/share/texlive/texmf-dist/tex/latex/hyperref/puenc.def)
(/usr/share/texlive/texmf-dist/tex/latex/url/url.sty)
(/usr/share/texlive/texmf-dist/tex/generic/bitset/bitset.sty
(/usr/share/texlive/texmf-dist/tex/generic/bigintcalc/bigintcalc.sty))
(/usr/share/texlive/texmf-dist/tex/latex/base/atbegshi-ltx.sty))
(/usr/share/texlive/texmf-dist/tex/latex/hyperref/hpdftex.def
(/usr/share/texlive/texmf-dist/tex/latex/base/atveryend-ltx.sty)
(/usr/share/texlive/texmf-dist/tex/latex/rerunfilecheck/rerunfilecheck.sty
(/usr/share/texlive/texmf-dist/tex/generic/uniquecounter/uniquecounter.sty)))
(/usr/share/texmf/tex/latex/lm/t1lmr.fd)
(/usr/share/texlive/texmf-dist/tex/latex/l3backend/l3backend-pdftex.def)
(./main.aux)
*geometry* driver: auto-detecting
*geometry* detected driver: pdftex
(/usr/share/texlive/texmf-dist/tex/latex/graphics/graphicx.sty
(/usr/share/texlive/texmf-dist/tex/latex/graphics/graphics.sty
(/usr/share/texlive/texmf-dist/tex/latex/graphics/trig.sty)
(/usr/share/texlive/texmf-dist/tex/latex/graphics-cfg/graphics.cfg)
(/usr/share/texlive/texmf-dist/tex/latex/graphics-def/pdftex.def
(/usr/share/texlive/texmf-dist/tex/context/base/mkii/supp-pdf.mkii
[Loading MPS to PDF converter (version 2006.09.02).]
))) (/usr/share/texlive/texmf-dist/tex/latex/epstopdf-pkg/epstopdf-base.sty
(/usr/share/texlive/texmf-dist/tex/latex/latexconfig/epstopdf-sys.cfg)))
(/usr/share/texlive/texmf-dist/tex/latex/microtype/mt-cmr.cfg)
(/usr/share/texlive/texmf-dist/tex/latex/hyperref/nameref.sty
(/usr/share/texlive/texmf-dist/tex/latex/refcount/refcount.sty)
(/usr/share/texlive/texmf-dist/tex/generic/gettitlestring/gettitlestring.sty))
(./main.out) (./main.out) (/usr/share/texmf/tex/latex/lm/ot1lmr.fd)
(/usr/share/texmf/tex/latex/lm/omllmm.fd)
(/usr/share/texmf/tex/latex/lm/omslmsy.fd)
(/usr/share/texmf/tex/latex/lm/omxlmex.fd)
(/usr/share/texlive/texmf-dist/tex/latex/amsfonts/umsa.fd)
(/usr/share/texlive/texmf-dist/tex/latex/microtype/mt-msa.cfg)
(/usr/share/texlive/texmf-dist/tex/latex/amsfonts/umsb.fd)
(/usr/share/texlive/texmf-dist/tex/latex/microtype/mt-msb.cfg)
(./sections/01_introduction.tex [1{/var/lib/texmf/fonts/map/pdftex/updmap/pdfte
x.map}]

Package natbib Warning: Citation `bmw2014' on page 2 undefined on input line 43
.


Package natbib Warning: Citation `bc2018' on page 2 undefined on input line 45.



Package natbib Warning: Citation `bch2024' on page 2 undefined on input line 47
.


Package natbib Warning: Citation `bhn2025' on page 2 undefined on input line 55
.


Package natbib Warning: Citation `bgns2023' on page 2 undefined on input line 6
1.


Package natbib Warning: Citation `bch2024' on page 2 undefined on input line 74
.


Package natbib Warning: Citation `bhn2025' on page 2 undefined on input line 77
.


Package natbib Warning: Citation `kl2012' on page 2 undefined on input line 96.



Package natbib Warning: Citation `cp2026' on page 2 undefined on input line 99.



Package natbib Warning: Citation `bch2024' on page 2 undefined on input line 10
5.


Package natbib Warning: Citation `bhn2025' on page 2 undefined on input line 10
6.

) (./sections/02_criterion.tex [2] [3]) (./sections/03_fourier.tex [4])
(./sections/04_boundary.tex [5] [6]) (./sections/05_dynamics.tex

Package natbib Warning: Citation `bch2024' on page 7 undefined on input line 14
.


Package natbib Warning: Citation `bch2024' on page 7 undefined on input line 32
.


Package natbib Warning: Citation `bch2024' on page 7 undefined on input line 60
.

[7]

Package natbib Warning: Citation `bch2024' on page 8 undefined on input line 12
9.


Package natbib Warning: Citation `bch2024' on page 8 undefined on input line 13
1.


Package natbib Warning: Citation `bhn2025' on page 8 undefined on input line 14
4.


Package natbib Warning: Citation `bhn2025' on page 8 undefined on input line 15
1.


Package natbib Warning: Citation `bch2024' on page 8 undefined on input line 15
4.


Package natbib Warning: Citation `bhn2025' on page 8 undefined on input line 15
7.

[8]

Package natbib Warning: Citation `bch2024' on page 9 undefined on input line 16
1.

) (./sections/06_example.tex [9]

Package natbib Warning: Citation `bch2024' on page 10 undefined on input line 8
3.


Package natbib Warning: Citation `bhn2025' on page 10 undefined on input line 1
00.


Package natbib Warning: Citation `bgns2023' on page 10 undefined on input line 
107.

) (./sections/07_scope.tex) (./main.bbl [10]
(/usr/share/texmf/tex/latex/lm/t1lmtt.fd))

Package natbib Warning: There were undefined citations.

[11] (./main.aux

Package natbib Warning: Citation(s) may have changed.
(natbib)                Rerun to get citations correct.

) ){/usr/share/texmf/fonts/enc/dvips/lm/lm-ec.enc}{/usr/share/texmf/fonts/enc/d
vips/lm/lm-rm.enc}{/usr/share/texmf/fonts/enc/dvips/lm/lm-mathsy.enc}{/usr/shar
e/texmf/fonts/enc/dvips/lm/lm-mathit.enc}{/usr/share/texmf/fonts/enc/dvips/lm/l
m-mathex.enc}</usr/share/texmf/fonts/type1/public/lm/lmbx10.pfb></usr/share/tex
mf/fonts/type1/public/lm/lmbx12.pfb></usr/share/texmf/fonts/type1/public/lm/lme
x10.pfb></usr/share/texmf/fonts/type1/public/lm/lmmi10.pfb></usr/share/texmf/fo
nts/type1/public/lm/lmmi6.pfb></usr/share/texmf/fonts/type1/public/lm/lmmi8.pfb
></usr/share/texmf/fonts/type1/public/lm/lmr10.pfb></usr/share/texmf/fonts/type
1/public/lm/lmr17.pfb></usr/share/texmf/fonts/type1/public/lm/lmr6.pfb></usr/sh
are/texmf/fonts/type1/public/lm/lmr8.pfb></usr/share/texmf/fonts/type1/public/l
m/lmri10.pfb></usr/share/texmf/fonts/type1/public/lm/lmsy10.pfb></usr/share/tex
mf/fonts/type1/public/lm/lmsy6.pfb></usr/share/texmf/fonts/type1/public/lm/lmsy
8.pfb></usr/share/texmf/fonts/type1/public/lm/lmtt10.pfb></usr/share/texlive/te
xmf-dist/fonts/type1/public/amsfonts/symbols/msbm10.pfb>
Output written on main.pdf (11 pages, 326126 bytes).
Transcript written on main.log.
Latexmk: Found input bbl file 'main.bbl'
Latexmk: References changed.
Latexmk: Log file says output to 'main.pdf'
Latexmk: List of undefined refs and citations:
  Citation `bc2018' on page 2 undefined on input line 45
  Citation `bch2024' on page 10 undefined on input line 83
  Citation `bch2024' on page 2 undefined on input line 105
  Citation `bch2024' on page 2 undefined on input line 47
  Citation `bch2024' on page 2 undefined on input line 74
  Citation `bch2024' on page 7 undefined on input line 14
  Citation `bch2024' on page 7 undefined on input line 32
  Citation `bch2024' on page 7 undefined on input line 60
  Citation `bch2024' on page 8 undefined on input line 129
  Citation `bch2024' on page 8 undefined on input line 131
  Citation `bch2024' on page 8 undefined on input line 154
  Citation `bch2024' on page 9 undefined on input line 161
  Citation `bgns2023' on page 10 undefined on input line 107
  Citation `bgns2023' on page 2 undefined on input line 61
  Citation `bhn2025' on page 10 undefined on input line 100
  Citation `bhn2025' on page 2 undefined on input line 106
  Citation `bhn2025' on page 2 undefined on input line 55
  Citation `bhn2025' on page 2 undefined on input line 77
  Citation `bhn2025' on page 8 undefined on input line 144
  Citation `bhn2025' on page 8 undefined on input line 151
  Citation `bhn2025' on page 8 undefined on input line 157
  Citation `bmw2014' on page 2 undefined on input line 43
  Citation `cp2026' on page 2 undefined on input line 99
  Citation `kl2012' on page 2 undefined on input line 96
Latexmk: Examining 'main.log'
=== TeX engine is 'pdfTeX'
Latexmk: Found bibliography file(s) [references.bib]
Rule 'bibtex main': File changes, etc:
   Changed files, or newly in use since previous run(s):
      'main.aux'
------------
Run number 2 of rule 'bibtex main'
------------
------------
Running 'bibtex  "main.aux"'
------------
Latexmk: applying rule 'bibtex main'...
This is BibTeX, Version 0.99d (TeX Live 2022/dev/Debian)
The top-level auxiliary file: main.aux
The style file: plainnat.bst
Database file #1: references.bib
Rule 'pdflatex': File changes, etc:
   Changed files, or newly in use since previous run(s):
      'main.aux'
------------
Run number 3 of rule 'pdflatex'
------------
------------
Running 'pdflatex  -interaction=nonstopmode -halt-on-error -recorder  "main.tex"'
------------
Latexmk: applying rule 'pdflatex'...
This is pdfTeX, Version 3.141592653-2.6-1.40.22 (TeX Live 2022/dev/Debian) (preloaded format=pdflatex)
 restricted \write18 enabled.
entering extended mode
(./main.tex
LaTeX2e <2021-11-15> patch level 1
L3 programming layer <2022-01-21>
(/usr/share/texlive/texmf-dist/tex/latex/base/article.cls
Document Class: article 2021/10/04 v1.4n Standard LaTeX document class
(/usr/share/texlive/texmf-dist/tex/latex/base/size11.clo))
(/usr/share/texlive/texmf-dist/tex/latex/base/fontenc.sty)
(/usr/share/texlive/texmf-dist/tex/latex/base/inputenc.sty)
(/usr/share/texmf/tex/latex/lm/lmodern.sty)
(/usr/share/texlive/texmf-dist/tex/latex/geometry/geometry.sty
(/usr/share/texlive/texmf-dist/tex/latex/graphics/keyval.sty)
(/usr/share/texlive/texmf-dist/tex/generic/iftex/ifvtex.sty
(/usr/share/texlive/texmf-dist/tex/generic/iftex/iftex.sty)))
(/usr/share/texlive/texmf-dist/tex/latex/amsmath/amsmath.sty
For additional information on amsmath, use the `?' option.
(/usr/share/texlive/texmf-dist/tex/latex/amsmath/amstext.sty
(/usr/share/texlive/texmf-dist/tex/latex/amsmath/amsgen.sty))
(/usr/share/texlive/texmf-dist/tex/latex/amsmath/amsbsy.sty)
(/usr/share/texlive/texmf-dist/tex/latex/amsmath/amsopn.sty))
(/usr/share/texlive/texmf-dist/tex/latex/amsfonts/amssymb.sty
(/usr/share/texlive/texmf-dist/tex/latex/amsfonts/amsfonts.sty))
(/usr/share/texlive/texmf-dist/tex/latex/amscls/amsthm.sty)
(/usr/share/texlive/texmf-dist/tex/latex/mathtools/mathtools.sty
(/usr/share/texlive/texmf-dist/tex/latex/tools/calc.sty)
(/usr/share/texlive/texmf-dist/tex/latex/mathtools/mhsetup.sty))
(/usr/share/texlive/texmf-dist/tex/latex/microtype/microtype.sty
(/usr/share/texlive/texmf-dist/tex/latex/etoolbox/etoolbox.sty)
(/usr/share/texlive/texmf-dist/tex/latex/microtype/microtype-pdftex.def)
(/usr/share/texlive/texmf-dist/tex/latex/microtype/microtype.cfg))
(/usr/share/texlive/texmf-dist/tex/latex/booktabs/booktabs.sty)
(/usr/share/texlive/texmf-dist/tex/latex/tools/array.sty)
(/usr/share/texlive/texmf-dist/tex/latex/natbib/natbib.sty)
(/usr/share/texlive/texmf-dist/tex/latex/hyperref/hyperref.sty
(/usr/share/texlive/texmf-dist/tex/generic/ltxcmds/ltxcmds.sty)
(/usr/share/texlive/texmf-dist/tex/generic/pdftexcmds/pdftexcmds.sty
(/usr/share/texlive/texmf-dist/tex/generic/infwarerr/infwarerr.sty))
(/usr/share/texlive/texmf-dist/tex/generic/kvsetkeys/kvsetkeys.sty)
(/usr/share/texlive/texmf-dist/tex/generic/kvdefinekeys/kvdefinekeys.sty)
(/usr/share/texlive/texmf-dist/tex/generic/pdfescape/pdfescape.sty)
(/usr/share/texlive/texmf-dist/tex/latex/hycolor/hycolor.sty)
(/usr/share/texlive/texmf-dist/tex/latex/letltxmacro/letltxmacro.sty)
(/usr/share/texlive/texmf-dist/tex/latex/auxhook/auxhook.sty)
(/usr/share/texlive/texmf-dist/tex/latex/kvoptions/kvoptions.sty)
(/usr/share/texlive/texmf-dist/tex/latex/hyperref/pd1enc.def)
(/usr/share/texlive/texmf-dist/tex/latex/hyperref/hyperref-langpatches.def)
(/usr/share/texlive/texmf-dist/tex/generic/intcalc/intcalc.sty)
(/usr/share/texlive/texmf-dist/tex/generic/etexcmds/etexcmds.sty)
(/usr/share/texlive/texmf-dist/tex/latex/hyperref/puenc.def)
(/usr/share/texlive/texmf-dist/tex/latex/url/url.sty)
(/usr/share/texlive/texmf-dist/tex/generic/bitset/bitset.sty
(/usr/share/texlive/texmf-dist/tex/generic/bigintcalc/bigintcalc.sty))
(/usr/share/texlive/texmf-dist/tex/latex/base/atbegshi-ltx.sty))
(/usr/share/texlive/texmf-dist/tex/latex/hyperref/hpdftex.def
(/usr/share/texlive/texmf-dist/tex/latex/base/atveryend-ltx.sty)
(/usr/share/texlive/texmf-dist/tex/latex/rerunfilecheck/rerunfilecheck.sty
(/usr/share/texlive/texmf-dist/tex/generic/uniquecounter/uniquecounter.sty)))
(/usr/share/texmf/tex/latex/lm/t1lmr.fd)
(/usr/share/texlive/texmf-dist/tex/latex/l3backend/l3backend-pdftex.def)
(./main.aux)
*geometry* driver: auto-detecting
*geometry* detected driver: pdftex
(/usr/share/texlive/texmf-dist/tex/latex/graphics/graphicx.sty
(/usr/share/texlive/texmf-dist/tex/latex/graphics/graphics.sty
(/usr/share/texlive/texmf-dist/tex/latex/graphics/trig.sty)
(/usr/share/texlive/texmf-dist/tex/latex/graphics-cfg/graphics.cfg)
(/usr/share/texlive/texmf-dist/tex/latex/graphics-def/pdftex.def
(/usr/share/texlive/texmf-dist/tex/context/base/mkii/supp-pdf.mkii
[Loading MPS to PDF converter (version 2006.09.02).]
))) (/usr/share/texlive/texmf-dist/tex/latex/epstopdf-pkg/epstopdf-base.sty
(/usr/share/texlive/texmf-dist/tex/latex/latexconfig/epstopdf-sys.cfg)))
(/usr/share/texlive/texmf-dist/tex/latex/microtype/mt-cmr.cfg)
(/usr/share/texlive/texmf-dist/tex/latex/hyperref/nameref.sty
(/usr/share/texlive/texmf-dist/tex/latex/refcount/refcount.sty)
(/usr/share/texlive/texmf-dist/tex/generic/gettitlestring/gettitlestring.sty))
(./main.out) (./main.out) (/usr/share/texmf/tex/latex/lm/ot1lmr.fd)
(/usr/share/texmf/tex/latex/lm/omllmm.fd)
(/usr/share/texmf/tex/latex/lm/omslmsy.fd)
(/usr/share/texmf/tex/latex/lm/omxlmex.fd)
(/usr/share/texlive/texmf-dist/tex/latex/amsfonts/umsa.fd)
(/usr/share/texlive/texmf-dist/tex/latex/microtype/mt-msa.cfg)
(/usr/share/texlive/texmf-dist/tex/latex/amsfonts/umsb.fd)
(/usr/share/texlive/texmf-dist/tex/latex/microtype/mt-msb.cfg)
(./sections/01_introduction.tex [1{/var/lib/texmf/fonts/map/pdftex/updmap/pdfte
x.map}]) (./sections/02_criterion.tex [2] [3]) (./sections/03_fourier.tex
[4]) (./sections/04_boundary.tex [5] [6]) (./sections/05_dynamics.tex [7]
[8]) (./sections/06_example.tex [9]) (./sections/07_scope.tex) (./main.bbl
[10] (/usr/share/texmf/tex/latex/lm/t1lmtt.fd)) [11] (./main.aux) ){/usr/share/
texmf/fonts/enc/dvips/lm/lm-ec.enc}{/usr/share/texmf/fonts/enc/dvips/lm/lm-rm.e
nc}{/usr/share/texmf/fonts/enc/dvips/lm/lm-mathsy.enc}{/usr/share/texmf/fonts/e
nc/dvips/lm/lm-mathit.enc}{/usr/share/texmf/fonts/enc/dvips/lm/lm-mathex.enc}</
usr/share/texmf/fonts/type1/public/lm/lmbx10.pfb></usr/share/texmf/fonts/type1/
public/lm/lmbx12.pfb></usr/share/texmf/fonts/type1/public/lm/lmex10.pfb></usr/s
hare/texmf/fonts/type1/public/lm/lmmi10.pfb></usr/share/texmf/fonts/type1/publi
c/lm/lmmi6.pfb></usr/share/texmf/fonts/type1/public/lm/lmmi8.pfb></usr/share/te
xmf/fonts/type1/public/lm/lmr10.pfb></usr/share/texmf/fonts/type1/public/lm/lmr
17.pfb></usr/share/texmf/fonts/type1/public/lm/lmr6.pfb></usr/share/texmf/fonts
/type1/public/lm/lmr8.pfb></usr/share/texmf/fonts/type1/public/lm/lmri10.pfb></
usr/share/texmf/fonts/type1/public/lm/lmsy10.pfb></usr/share/texmf/fonts/type1/
public/lm/lmsy6.pfb></usr/share/texmf/fonts/type1/public/lm/lmsy8.pfb></usr/sha
re/texmf/fonts/type1/public/lm/lmtt10.pfb></usr/share/texlive/texmf-dist/fonts/
type1/public/amsfonts/symbols/msbm10.pfb>
Output written on main.pdf (11 pages, 326878 bytes).
Transcript written on main.log.
Latexmk: Found input bbl file 'main.bbl'
Latexmk: Log file says output to 'main.pdf'
Latexmk: Examining 'main.log'
=== TeX engine is 'pdfTeX'
Latexmk: Found bibliography file(s) [references.bib]
Latexmk: All targets (main.pdf) are up-to-date
