{
  "assertions": 371638,
  "boxes": [
    {
      "all_target_formula_checks": 15626,
      "mapping_sha256": "d7b0822485bc92f1b048470ba0463feb7681e8fda6f29e32646b92e52be6739e",
      "maximum_fibre": 10426,
      "params": {
        "cols": 3,
        "p": 5,
        "rows": 2
      },
      "rule": "SNC",
      "states": 15626,
      "unique_maximum_target": 15625
    },
    {
      "all_target_formula_checks": 117650,
      "mapping_sha256": "6ed4ae1be11947ed082368ea63d9f94d2952d73f77d98b29555f74bed8128003",
      "maximum_fibre": 62966,
      "params": {
        "cols": 3,
        "p": 7,
        "rows": 2
      },
      "rule": "SNC",
      "states": 117650,
      "unique_maximum_target": 117649
    },
    {
      "all_target_formula_checks": 2,
      "mapping_sha256": "3d5812abc84c11768aa73a732c85d75dbed439188f5bb3239e9b762ea31d9862",
      "maximum_fibre": 2,
      "params": {
        "d": 0,
        "p": 3
      },
      "rule": "RCI",
      "states": 2,
      "unique_maximum_target": 0
    },
    {
      "all_target_formula_checks": 8,
      "mapping_sha256": "5c138574d10164ee0460622922e55f1ca51ac554e6b3619b17312e678ff274a4",
      "maximum_fibre": 5,
      "params": {
        "d": 1,
        "p": 3
      },
      "rule": "RCI",
      "states": 8,
      "unique_maximum_target": 0
    },
    {
      "all_target_formula_checks": 512,
      "mapping_sha256": "54c6e65b106c52c49b5eb3434d5cfb7428d017313c955daf97f36816addc145c",
      "maximum_fibre": 179,
      "params": {
        "d": 2,
        "p": 3
      },
      "rule": "RCI",
      "states": 512,
      "unique_maximum_target": 0
    },
    {
      "all_target_formula_checks": 32,
      "mapping_sha256": "fbf7c9124ab8129849de42fce4649fd08fee5eb1fcdc6f4219a0f3cccfef2336",
      "maximum_fibre": 7,
      "params": {
        "d": 1,
        "p": 5
      },
      "rule": "RCI",
      "states": 32,
      "unique_maximum_target": 0
    },
    {
      "all_target_formula_checks": 128,
      "mapping_sha256": "2e1b7dd19568aa2f58fdb1908ab3ee02143a3c034fa2fa1b3cf5638c0d4882b9",
      "maximum_fibre": 9,
      "params": {
        "d": 1,
        "p": 7
      },
      "rule": "RCI",
      "states": 128,
      "unique_maximum_target": 0
    },
    {
      "all_target_formula_checks": 2048,
      "mapping_sha256": "817e609507e1b4224c4fb55226f28e0e7ec70a927ba3a83120bf72f5b96cc94a",
      "maximum_fibre": 13,
      "params": {
        "d": 1,
        "p": 11
      },
      "rule": "RCI",
      "states": 2048,
      "unique_maximum_target": 0
    }
  ],
  "schema": "fourteenth-inverse-author-check-v1"
}
