/root/miniconda3/bin/python3.12:
	linux-vdso.so.1 (0x00007ffd1dacb000)
	libpthread.so.0 => /usr/lib/x86_64-linux-gnu/libpthread.so.0 (0x00007f685d21c000)
	libdl.so.2 => /usr/lib/x86_64-linux-gnu/libdl.so.2 (0x00007f685d217000)
	libutil.so.1 => /usr/lib/x86_64-linux-gnu/libutil.so.1 (0x00007f685d212000)
	libm.so.6 => /usr/lib/x86_64-linux-gnu/libm.so.6 (0x00007f685d12b000)
	libc.so.6 => /usr/lib/x86_64-linux-gnu/libc.so.6 (0x00007f685cf02000)
	/lib64/ld-linux-x86-64.so.2 (0x00007f685d234000)
/usr/bin/cmp:
	linux-vdso.so.1 (0x00007fffdf152000)
	libc.so.6 => /usr/lib/x86_64-linux-gnu/libc.so.6 (0x00007fe8ba099000)
	/lib64/ld-linux-x86-64.so.2 (0x00007fe8ba2f1000)
/bin/bash:
	linux-vdso.so.1 (0x00007ffce85dc000)
	libtinfo.so.6 => /usr/lib/x86_64-linux-gnu/libtinfo.so.6 (0x00007efd10a81000)
	libc.so.6 => /usr/lib/x86_64-linux-gnu/libc.so.6 (0x00007efd10858000)
	/lib64/ld-linux-x86-64.so.2 (0x00007efd10c27000)
/root/miniconda3/lib/python3.12/lib-dynload/_asyncio.cpython-312-x86_64-linux-gnu.so:
	linux-vdso.so.1 (0x00007ffe0f7a3000)
	libc.so.6 => /usr/lib/x86_64-linux-gnu/libc.so.6 (0x00007f15dc68c000)
	/lib64/ld-linux-x86-64.so.2 (0x00007f15dc8db000)
/root/miniconda3/lib/python3.12/lib-dynload/_bisect.cpython-312-x86_64-linux-gnu.so:
	linux-vdso.so.1 (0x00007fff80d80000)
	libc.so.6 => /usr/lib/x86_64-linux-gnu/libc.so.6 (0x00007f06ccbe2000)
	/lib64/ld-linux-x86-64.so.2 (0x00007f06cce26000)
/root/miniconda3/lib/python3.12/lib-dynload/_blake2.cpython-312-x86_64-linux-gnu.so:
	linux-vdso.so.1 (0x00007ffc9a1e4000)
	libc.so.6 => /usr/lib/x86_64-linux-gnu/libc.so.6 (0x00007fe1a1fdc000)
	/lib64/ld-linux-x86-64.so.2 (0x00007fe1a2226000)
/root/miniconda3/lib/python3.12/lib-dynload/_bz2.cpython-312-x86_64-linux-gnu.so:
	linux-vdso.so.1 (0x00007ffcdfde4000)
	libbz2.so.1.0 => /root/miniconda3/lib/python3.12/lib-dynload/../../libbz2.so.1.0 (0x00007f1728ad3000)
	libc.so.6 => /usr/lib/x86_64-linux-gnu/libc.so.6 (0x00007f1728899000)
	/lib64/ld-linux-x86-64.so.2 (0x00007f1728af1000)
/root/miniconda3/lib/python3.12/lib-dynload/_codecs_cn.cpython-312-x86_64-linux-gnu.so:
	linux-vdso.so.1 (0x00007ffddcd70000)
	libc.so.6 => /usr/lib/x86_64-linux-gnu/libc.so.6 (0x00007fa253f42000)
	/lib64/ld-linux-x86-64.so.2 (0x00007fa2541a6000)
/root/miniconda3/lib/python3.12/lib-dynload/_codecs_hk.cpython-312-x86_64-linux-gnu.so:
	linux-vdso.so.1 (0x00007fff2bfdb000)
	libc.so.6 => /usr/lib/x86_64-linux-gnu/libc.so.6 (0x00007f5d2dde5000)
	/lib64/ld-linux-x86-64.so.2 (0x00007f5d2e04a000)
/root/miniconda3/lib/python3.12/lib-dynload/_codecs_iso2022.cpython-312-x86_64-linux-gnu.so:
	linux-vdso.so.1 (0x00007ffd12fa7000)
	libc.so.6 => /usr/lib/x86_64-linux-gnu/libc.so.6 (0x00007f310fcc1000)
	/lib64/ld-linux-x86-64.so.2 (0x00007f310ff06000)
/root/miniconda3/lib/python3.12/lib-dynload/_codecs_jp.cpython-312-x86_64-linux-gnu.so:
	linux-vdso.so.1 (0x00007fff90fac000)
	libc.so.6 => /usr/lib/x86_64-linux-gnu/libc.so.6 (0x00007fdc2d96b000)
	/lib64/ld-linux-x86-64.so.2 (0x00007fdc2dbeb000)
/root/miniconda3/lib/python3.12/lib-dynload/_codecs_kr.cpython-312-x86_64-linux-gnu.so:
	linux-vdso.so.1 (0x00007ffc905f3000)
	libc.so.6 => /usr/lib/x86_64-linux-gnu/libc.so.6 (0x00007fd025e78000)
	/lib64/ld-linux-x86-64.so.2 (0x00007fd0260d8000)
/root/miniconda3/lib/python3.12/lib-dynload/_codecs_tw.cpython-312-x86_64-linux-gnu.so:
	linux-vdso.so.1 (0x00007ffe448c0000)
	libc.so.6 => /usr/lib/x86_64-linux-gnu/libc.so.6 (0x00007f9cbeb90000)
	/lib64/ld-linux-x86-64.so.2 (0x00007f9cbedea000)
/root/miniconda3/lib/python3.12/lib-dynload/_contextvars.cpython-312-x86_64-linux-gnu.so:
	statically linked
/root/miniconda3/lib/python3.12/lib-dynload/_crypt.cpython-312-x86_64-linux-gnu.so:
	linux-vdso.so.1 (0x00007ffe70b95000)
	libcrypt.so.1 => /usr/lib/x86_64-linux-gnu/libcrypt.so.1 (0x00007fcb76c5e000)
	libpthread.so.0 => /usr/lib/x86_64-linux-gnu/libpthread.so.0 (0x00007fcb76c59000)
	libc.so.6 => /usr/lib/x86_64-linux-gnu/libc.so.6 (0x00007fcb76a30000)
	/lib64/ld-linux-x86-64.so.2 (0x00007fcb76cb0000)
/root/miniconda3/lib/python3.12/lib-dynload/_csv.cpython-312-x86_64-linux-gnu.so:
	linux-vdso.so.1 (0x00007ffdf5ca0000)
	libc.so.6 => /usr/lib/x86_64-linux-gnu/libc.so.6 (0x00007fe4f8ee1000)
	/lib64/ld-linux-x86-64.so.2 (0x00007fe4f912a000)
/root/miniconda3/lib/python3.12/lib-dynload/_ctypes.cpython-312-x86_64-linux-gnu.so:
	linux-vdso.so.1 (0x00007fffc471b000)
	libffi.so.8 => /root/miniconda3/lib/python3.12/lib-dynload/../../libffi.so.8 (0x00007fe281a9a000)
	libdl.so.2 => /usr/lib/x86_64-linux-gnu/libdl.so.2 (0x00007fe281a84000)
	libpthread.so.0 => /usr/lib/x86_64-linux-gnu/libpthread.so.0 (0x00007fe281a7f000)
	libc.so.6 => /usr/lib/x86_64-linux-gnu/libc.so.6 (0x00007fe281856000)
	/lib64/ld-linux-x86-64.so.2 (0x00007fe281ace000)
/root/miniconda3/lib/python3.12/lib-dynload/_ctypes_test.cpython-312-x86_64-linux-gnu.so:
	linux-vdso.so.1 (0x00007ffc965b1000)
	libm.so.6 => /usr/lib/x86_64-linux-gnu/libm.so.6 (0x00007efcde37c000)
	libpthread.so.0 => /usr/lib/x86_64-linux-gnu/libpthread.so.0 (0x00007efcde377000)
	libc.so.6 => /usr/lib/x86_64-linux-gnu/libc.so.6 (0x00007efcde14e000)
	/lib64/ld-linux-x86-64.so.2 (0x00007efcde47f000)
/root/miniconda3/lib/python3.12/lib-dynload/_curses.cpython-312-x86_64-linux-gnu.so:
	linux-vdso.so.1 (0x00007ffea2e9f000)
	libncursesw.so.6 => /root/miniconda3/lib/python3.12/lib-dynload/../../libncursesw.so.6 (0x00007fd2b14da000)
	libtinfow.so.6 => /root/miniconda3/lib/python3.12/lib-dynload/../../libtinfow.so.6 (0x00007fd2b1495000)
	libpthread.so.0 => /usr/lib/x86_64-linux-gnu/libpthread.so.0 (0x00007fd2b147f000)
	libc.so.6 => /usr/lib/x86_64-linux-gnu/libc.so.6 (0x00007fd2b1256000)
	/lib64/ld-linux-x86-64.so.2 (0x00007fd2b153b000)
/root/miniconda3/lib/python3.12/lib-dynload/_curses_panel.cpython-312-x86_64-linux-gnu.so:
	linux-vdso.so.1 (0x00007ffc213e1000)
	libpanelw.so.6 => /root/miniconda3/lib/python3.12/lib-dynload/../../libpanelw.so.6 (0x00007fab88034000)
	libc.so.6 => /usr/lib/x86_64-linux-gnu/libc.so.6 (0x00007fab87dfa000)
	libncursesw.so.6 => /root/miniconda3/lib/python3.12/lib-dynload/../.././libncursesw.so.6 (0x00007fab87dbe000)
	libtinfow.so.6 => /root/miniconda3/lib/python3.12/lib-dynload/../.././libtinfow.so.6 (0x00007fab87d79000)
	/lib64/ld-linux-x86-64.so.2 (0x00007fab88045000)
/root/miniconda3/lib/python3.12/lib-dynload/_datetime.cpython-312-x86_64-linux-gnu.so:
	linux-vdso.so.1 (0x00007ffe637f1000)
	libm.so.6 => /usr/lib/x86_64-linux-gnu/libm.so.6 (0x00007fbdef845000)
	libpthread.so.0 => /usr/lib/x86_64-linux-gnu/libpthread.so.0 (0x00007fbdef840000)
	libc.so.6 => /usr/lib/x86_64-linux-gnu/libc.so.6 (0x00007fbdef617000)
	/lib64/ld-linux-x86-64.so.2 (0x00007fbdef95f000)
/root/miniconda3/lib/python3.12/lib-dynload/_decimal.cpython-312-x86_64-linux-gnu.so:
	linux-vdso.so.1 (0x00007ffe689d3000)
	libm.so.6 => /usr/lib/x86_64-linux-gnu/libm.so.6 (0x00007fc69c884000)
	libpthread.so.0 => /usr/lib/x86_64-linux-gnu/libpthread.so.0 (0x00007fc69c87f000)
	libc.so.6 => /usr/lib/x86_64-linux-gnu/libc.so.6 (0x00007fc69c656000)
	/lib64/ld-linux-x86-64.so.2 (0x00007fc69c9d0000)
/root/miniconda3/lib/python3.12/lib-dynload/_elementtree.cpython-312-x86_64-linux-gnu.so:
	linux-vdso.so.1 (0x00007ffefbdf9000)
	libc.so.6 => /usr/lib/x86_64-linux-gnu/libc.so.6 (0x00007f9acedbd000)
	/lib64/ld-linux-x86-64.so.2 (0x00007f9acf00e000)
/root/miniconda3/lib/python3.12/lib-dynload/_hashlib.cpython-312-x86_64-linux-gnu.so:
	linux-vdso.so.1 (0x00007ffd7ef97000)
	libcrypto.so.3 => /root/miniconda3/lib/python3.12/lib-dynload/../../libcrypto.so.3 (0x00007fd7fc586000)
	libc.so.6 => /usr/lib/x86_64-linux-gnu/libc.so.6 (0x00007fd7fc34c000)
	libdl.so.2 => /usr/lib/x86_64-linux-gnu/libdl.so.2 (0x00007fd7fc347000)
	libpthread.so.0 => /usr/lib/x86_64-linux-gnu/libpthread.so.0 (0x00007fd7fc342000)
	/lib64/ld-linux-x86-64.so.2 (0x00007fd7fcbaa000)
/root/miniconda3/lib/python3.12/lib-dynload/_heapq.cpython-312-x86_64-linux-gnu.so:
	statically linked
/root/miniconda3/lib/python3.12/lib-dynload/_json.cpython-312-x86_64-linux-gnu.so:
	linux-vdso.so.1 (0x00007ffdbf7fe000)
	libc.so.6 => /usr/lib/x86_64-linux-gnu/libc.so.6 (0x00007fc974de4000)
	/lib64/ld-linux-x86-64.so.2 (0x00007fc97502d000)
/root/miniconda3/lib/python3.12/lib-dynload/_lsprof.cpython-312-x86_64-linux-gnu.so:
	linux-vdso.so.1 (0x00007fff1492b000)
	libc.so.6 => /usr/lib/x86_64-linux-gnu/libc.so.6 (0x00007fb66d963000)
	/lib64/ld-linux-x86-64.so.2 (0x00007fb66dba8000)
/root/miniconda3/lib/python3.12/lib-dynload/_lzma.cpython-312-x86_64-linux-gnu.so:
	linux-vdso.so.1 (0x00007ffefc380000)
	liblzma.so.5 => /root/miniconda3/lib/python3.12/lib-dynload/../../liblzma.so.5 (0x00007f05face9000)
	libc.so.6 => /usr/lib/x86_64-linux-gnu/libc.so.6 (0x00007f05faaaf000)
	libpthread.so.0 => /usr/lib/x86_64-linux-gnu/libpthread.so.0 (0x00007f05faaaa000)
	/lib64/ld-linux-x86-64.so.2 (0x00007f05fad27000)
/root/miniconda3/lib/python3.12/lib-dynload/_md5.cpython-312-x86_64-linux-gnu.so:
	linux-vdso.so.1 (0x00007fff9f2b1000)
	libc.so.6 => /usr/lib/x86_64-linux-gnu/libc.so.6 (0x00007f827690e000)
	/lib64/ld-linux-x86-64.so.2 (0x00007f8276b52000)
/root/miniconda3/lib/python3.12/lib-dynload/_multibytecodec.cpython-312-x86_64-linux-gnu.so:
	linux-vdso.so.1 (0x00007ffe40014000)
	libc.so.6 => /usr/lib/x86_64-linux-gnu/libc.so.6 (0x00007f26c1ddb000)
	/lib64/ld-linux-x86-64.so.2 (0x00007f26c2025000)
/root/miniconda3/lib/python3.12/lib-dynload/_multiprocessing.cpython-312-x86_64-linux-gnu.so:
	linux-vdso.so.1 (0x00007ffe667dc000)
	libpthread.so.0 => /usr/lib/x86_64-linux-gnu/libpthread.so.0 (0x00007f670b554000)
	libc.so.6 => /usr/lib/x86_64-linux-gnu/libc.so.6 (0x00007f670b32b000)
	/lib64/ld-linux-x86-64.so.2 (0x00007f670b572000)
/root/miniconda3/lib/python3.12/lib-dynload/_opcode.cpython-312-x86_64-linux-gnu.so:
	linux-vdso.so.1 (0x00007ffcfc7f8000)
	libc.so.6 => /usr/lib/x86_64-linux-gnu/libc.so.6 (0x00007f7ebfb52000)
	/lib64/ld-linux-x86-64.so.2 (0x00007f7ebfd93000)
/root/miniconda3/lib/python3.12/lib-dynload/_pickle.cpython-312-x86_64-linux-gnu.so:
	linux-vdso.so.1 (0x00007fffb069e000)
	libpthread.so.0 => /usr/lib/x86_64-linux-gnu/libpthread.so.0 (0x00007ff7dab42000)
	libc.so.6 => /usr/lib/x86_64-linux-gnu/libc.so.6 (0x00007ff7da919000)
	/lib64/ld-linux-x86-64.so.2 (0x00007ff7dab7c000)
/root/miniconda3/lib/python3.12/lib-dynload/_posixshmem.cpython-312-x86_64-linux-gnu.so:
	linux-vdso.so.1 (0x00007ffced533000)
	librt.so.1 => /usr/lib/x86_64-linux-gnu/librt.so.1 (0x00007f7c8aec7000)
	libpthread.so.0 => /usr/lib/x86_64-linux-gnu/libpthread.so.0 (0x00007f7c8aec2000)
	libc.so.6 => /usr/lib/x86_64-linux-gnu/libc.so.6 (0x00007f7c8ac99000)
	/lib64/ld-linux-x86-64.so.2 (0x00007f7c8aee4000)
/root/miniconda3/lib/python3.12/lib-dynload/_posixsubprocess.cpython-312-x86_64-linux-gnu.so:
	linux-vdso.so.1 (0x00007ffcd968c000)
	libpthread.so.0 => /usr/lib/x86_64-linux-gnu/libpthread.so.0 (0x00007f0c752b4000)
	libc.so.6 => /usr/lib/x86_64-linux-gnu/libc.so.6 (0x00007f0c7508b000)
	/lib64/ld-linux-x86-64.so.2 (0x00007f0c752d4000)
/root/miniconda3/lib/python3.12/lib-dynload/_queue.cpython-312-x86_64-linux-gnu.so:
	linux-vdso.so.1 (0x00007ffd51f4b000)
	libc.so.6 => /usr/lib/x86_64-linux-gnu/libc.so.6 (0x00007f96a0d50000)
	/lib64/ld-linux-x86-64.so.2 (0x00007f96a0f92000)
/root/miniconda3/lib/python3.12/lib-dynload/_random.cpython-312-x86_64-linux-gnu.so:
	linux-vdso.so.1 (0x00007fff26fc4000)
	libc.so.6 => /usr/lib/x86_64-linux-gnu/libc.so.6 (0x00007f985911d000)
	/lib64/ld-linux-x86-64.so.2 (0x00007f9859360000)
/root/miniconda3/lib/python3.12/lib-dynload/_sha1.cpython-312-x86_64-linux-gnu.so:
	linux-vdso.so.1 (0x00007ffccb0ff000)
	libc.so.6 => /usr/lib/x86_64-linux-gnu/libc.so.6 (0x00007f9259831000)
	/lib64/ld-linux-x86-64.so.2 (0x00007f9259a74000)
/root/miniconda3/lib/python3.12/lib-dynload/_sha2.cpython-312-x86_64-linux-gnu.so:
	linux-vdso.so.1 (0x00007ffc6af63000)
	libc.so.6 => /usr/lib/x86_64-linux-gnu/libc.so.6 (0x00007fa698842000)
	/lib64/ld-linux-x86-64.so.2 (0x00007fa698a8d000)
/root/miniconda3/lib/python3.12/lib-dynload/_sha3.cpython-312-x86_64-linux-gnu.so:
	linux-vdso.so.1 (0x00007ffdd451a000)
	libc.so.6 => /usr/lib/x86_64-linux-gnu/libc.so.6 (0x00007f81e08b7000)
	/lib64/ld-linux-x86-64.so.2 (0x00007f81e0afc000)
/root/miniconda3/lib/python3.12/lib-dynload/_socket.cpython-312-x86_64-linux-gnu.so:
	linux-vdso.so.1 (0x00007ffe61bed000)
	libpthread.so.0 => /usr/lib/x86_64-linux-gnu/libpthread.so.0 (0x00007fbdd984f000)
	libc.so.6 => /usr/lib/x86_64-linux-gnu/libc.so.6 (0x00007fbdd9626000)
	/lib64/ld-linux-x86-64.so.2 (0x00007fbdd9881000)
/root/miniconda3/lib/python3.12/lib-dynload/_sqlite3.cpython-312-x86_64-linux-gnu.so:
	linux-vdso.so.1 (0x00007ffc0738e000)
	libsqlite3.so.0 => /root/miniconda3/lib/python3.12/lib-dynload/../../libsqlite3.so.0 (0x00007f030ccfb000)
	libc.so.6 => /usr/lib/x86_64-linux-gnu/libc.so.6 (0x00007f030cac1000)
	libpthread.so.0 => /usr/lib/x86_64-linux-gnu/libpthread.so.0 (0x00007f030cabc000)
	libm.so.6 => /usr/lib/x86_64-linux-gnu/libm.so.6 (0x00007f030c9d5000)
	libdl.so.2 => /usr/lib/x86_64-linux-gnu/libdl.so.2 (0x00007f030c9d0000)
	/lib64/ld-linux-x86-64.so.2 (0x00007f030ceb3000)
/root/miniconda3/lib/python3.12/lib-dynload/_ssl.cpython-312-x86_64-linux-gnu.so:
	linux-vdso.so.1 (0x00007fff8fbaf000)
	libssl.so.3 => /root/miniconda3/lib/python3.12/lib-dynload/../../libssl.so.3 (0x00007fa7a5702000)
	libcrypto.so.3 => /root/miniconda3/lib/python3.12/lib-dynload/../../libcrypto.so.3 (0x00007fa7a50f1000)
	libpthread.so.0 => /usr/lib/x86_64-linux-gnu/libpthread.so.0 (0x00007fa7a50db000)
	libc.so.6 => /usr/lib/x86_64-linux-gnu/libc.so.6 (0x00007fa7a4eb2000)
	libdl.so.2 => /usr/lib/x86_64-linux-gnu/libdl.so.2 (0x00007fa7a4ead000)
	/lib64/ld-linux-x86-64.so.2 (0x00007fa7a5836000)
/root/miniconda3/lib/python3.12/lib-dynload/_statistics.cpython-312-x86_64-linux-gnu.so:
	linux-vdso.so.1 (0x00007ffcdadb3000)
	libm.so.6 => /usr/lib/x86_64-linux-gnu/libm.so.6 (0x00007f62788ef000)
	libpthread.so.0 => /usr/lib/x86_64-linux-gnu/libpthread.so.0 (0x00007f62788ea000)
	libc.so.6 => /usr/lib/x86_64-linux-gnu/libc.so.6 (0x00007f62786c1000)
	/lib64/ld-linux-x86-64.so.2 (0x00007f62789ee000)
/root/miniconda3/lib/python3.12/lib-dynload/_struct.cpython-312-x86_64-linux-gnu.so:
	linux-vdso.so.1 (0x00007ffd485bb000)
	libc.so.6 => /usr/lib/x86_64-linux-gnu/libc.so.6 (0x00007f5cab097000)
	/lib64/ld-linux-x86-64.so.2 (0x00007f5cab2e2000)
/root/miniconda3/lib/python3.12/lib-dynload/_testbuffer.cpython-312-x86_64-linux-gnu.so:
	linux-vdso.so.1 (0x00007ffc78161000)
	libc.so.6 => /usr/lib/x86_64-linux-gnu/libc.so.6 (0x00007f3a5556c000)
	/lib64/ld-linux-x86-64.so.2 (0x00007f3a557b8000)
/root/miniconda3/lib/python3.12/lib-dynload/_testcapi.cpython-312-x86_64-linux-gnu.so:
	linux-vdso.so.1 (0x00007ffecfff1000)
	libpthread.so.0 => /usr/lib/x86_64-linux-gnu/libpthread.so.0 (0x00007f1038fbf000)
	libc.so.6 => /usr/lib/x86_64-linux-gnu/libc.so.6 (0x00007f1038d96000)
	/lib64/ld-linux-x86-64.so.2 (0x00007f1039035000)
/root/miniconda3/lib/python3.12/lib-dynload/_testclinic.cpython-312-x86_64-linux-gnu.so:
	linux-vdso.so.1 (0x00007ffd71cbf000)
	libc.so.6 => /usr/lib/x86_64-linux-gnu/libc.so.6 (0x00007fde7e328000)
	/lib64/ld-linux-x86-64.so.2 (0x00007fde7e578000)
/root/miniconda3/lib/python3.12/lib-dynload/_testimportmultiple.cpython-312-x86_64-linux-gnu.so:
	statically linked
/root/miniconda3/lib/python3.12/lib-dynload/_testinternalcapi.cpython-312-x86_64-linux-gnu.so:
	linux-vdso.so.1 (0x00007ffdad5d6000)
	libc.so.6 => /usr/lib/x86_64-linux-gnu/libc.so.6 (0x00007f5453f41000)
	/lib64/ld-linux-x86-64.so.2 (0x00007f5454188000)
/root/miniconda3/lib/python3.12/lib-dynload/_testmultiphase.cpython-312-x86_64-linux-gnu.so:
	linux-vdso.so.1 (0x00007ffc25fcc000)
	libc.so.6 => /usr/lib/x86_64-linux-gnu/libc.so.6 (0x00007f228bcf9000)
	/lib64/ld-linux-x86-64.so.2 (0x00007f228bf3e000)
/root/miniconda3/lib/python3.12/lib-dynload/_testsinglephase.cpython-312-x86_64-linux-gnu.so:
	linux-vdso.so.1 (0x00007ffeff9d2000)
	libc.so.6 => /usr/lib/x86_64-linux-gnu/libc.so.6 (0x00007fdf96b67000)
	/lib64/ld-linux-x86-64.so.2 (0x00007fdf96da9000)
/root/miniconda3/lib/python3.12/lib-dynload/_tkinter.cpython-312-x86_64-linux-gnu.so:
	linux-vdso.so.1 (0x00007ffe836ee000)
	libtk8.6.so => /root/miniconda3/lib/python3.12/lib-dynload/../../libtk8.6.so (0x00007fe540c35000)
	libtcl8.6.so => /root/miniconda3/lib/python3.12/lib-dynload/../../libtcl8.6.so (0x00007fe540a72000)
	libc.so.6 => /usr/lib/x86_64-linux-gnu/libc.so.6 (0x00007fe540838000)
	libX11.so.6 => /usr/lib/x86_64-linux-gnu/libX11.so.6 (0x00007fe5406f8000)
	libm.so.6 => /usr/lib/x86_64-linux-gnu/libm.so.6 (0x00007fe54060f000)
	libdl.so.2 => /usr/lib/x86_64-linux-gnu/libdl.so.2 (0x00007fe54060a000)
	libz.so.1 => /root/miniconda3/lib/libz.so.1 (0x00007fe5405ef000)
	libpthread.so.0 => /usr/lib/x86_64-linux-gnu/libpthread.so.0 (0x00007fe5405ea000)
	/lib64/ld-linux-x86-64.so.2 (0x00007fe540db2000)
	libxcb.so.1 => /usr/lib/x86_64-linux-gnu/libxcb.so.1 (0x00007fe5405c0000)
	libXau.so.6 => /usr/lib/x86_64-linux-gnu/libXau.so.6 (0x00007fe5405b8000)
	libXdmcp.so.6 => /usr/lib/x86_64-linux-gnu/libXdmcp.so.6 (0x00007fe5405b0000)
	libbsd.so.0 => /usr/lib/x86_64-linux-gnu/libbsd.so.0 (0x00007fe540598000)
	libmd.so.0 => /usr/lib/x86_64-linux-gnu/libmd.so.0 (0x00007fe54058b000)
/root/miniconda3/lib/python3.12/lib-dynload/_uuid.cpython-312-x86_64-linux-gnu.so:
	linux-vdso.so.1 (0x00007ffc6faac000)
	libuuid.so.1 => /root/miniconda3/lib/python3.12/lib-dynload/../../libuuid.so.1 (0x00007efdbbe71000)
	libpthread.so.0 => /usr/lib/x86_64-linux-gnu/libpthread.so.0 (0x00007efdbbe5b000)
	libc.so.6 => /usr/lib/x86_64-linux-gnu/libc.so.6 (0x00007efdbbc32000)
	/lib64/ld-linux-x86-64.so.2 (0x00007efdbbe81000)
/root/miniconda3/lib/python3.12/lib-dynload/_xxinterpchannels.cpython-312-x86_64-linux-gnu.so:
	linux-vdso.so.1 (0x00007ffcee7fa000)
	libc.so.6 => /usr/lib/x86_64-linux-gnu/libc.so.6 (0x00007fd4656fc000)
	/lib64/ld-linux-x86-64.so.2 (0x00007fd465943000)
/root/miniconda3/lib/python3.12/lib-dynload/_xxsubinterpreters.cpython-312-x86_64-linux-gnu.so:
	linux-vdso.so.1 (0x00007ffe719db000)
	libc.so.6 => /usr/lib/x86_64-linux-gnu/libc.so.6 (0x00007f1284bba000)
	/lib64/ld-linux-x86-64.so.2 (0x00007f1284dfd000)
/root/miniconda3/lib/python3.12/lib-dynload/_xxtestfuzz.cpython-312-x86_64-linux-gnu.so:
	linux-vdso.so.1 (0x00007fffe07ce000)
	libc.so.6 => /usr/lib/x86_64-linux-gnu/libc.so.6 (0x00007f09de95f000)
	/lib64/ld-linux-x86-64.so.2 (0x00007f09deba2000)
/root/miniconda3/lib/python3.12/lib-dynload/_zoneinfo.cpython-312-x86_64-linux-gnu.so:
	linux-vdso.so.1 (0x00007ffe44dcf000)
	libc.so.6 => /usr/lib/x86_64-linux-gnu/libc.so.6 (0x00007fcb3494c000)
	/lib64/ld-linux-x86-64.so.2 (0x00007fcb34b94000)
/root/miniconda3/lib/python3.12/lib-dynload/array.cpython-312-x86_64-linux-gnu.so:
	linux-vdso.so.1 (0x00007ffc1afea000)
	libc.so.6 => /usr/lib/x86_64-linux-gnu/libc.so.6 (0x00007fc3d6d45000)
	/lib64/ld-linux-x86-64.so.2 (0x00007fc3d6f93000)
/root/miniconda3/lib/python3.12/lib-dynload/audioop.cpython-312-x86_64-linux-gnu.so:
	linux-vdso.so.1 (0x00007ffd788a9000)
	libm.so.6 => /usr/lib/x86_64-linux-gnu/libm.so.6 (0x00007fdbbd2d2000)
	libpthread.so.0 => /usr/lib/x86_64-linux-gnu/libpthread.so.0 (0x00007fdbbd2cd000)
	libc.so.6 => /usr/lib/x86_64-linux-gnu/libc.so.6 (0x00007fdbbd0a4000)
	/lib64/ld-linux-x86-64.so.2 (0x00007fdbbd3df000)
/root/miniconda3/lib/python3.12/lib-dynload/binascii.cpython-312-x86_64-linux-gnu.so:
	linux-vdso.so.1 (0x00007fff6fbd7000)
	libz.so.1 => /root/miniconda3/lib/python3.12/lib-dynload/../../libz.so.1 (0x00007ff6ec948000)
	libpthread.so.0 => /usr/lib/x86_64-linux-gnu/libpthread.so.0 (0x00007ff6ec932000)
	libc.so.6 => /usr/lib/x86_64-linux-gnu/libc.so.6 (0x00007ff6ec709000)
	/lib64/ld-linux-x86-64.so.2 (0x00007ff6ec96f000)
/root/miniconda3/lib/python3.12/lib-dynload/cmath.cpython-312-x86_64-linux-gnu.so:
	linux-vdso.so.1 (0x00007fff602f9000)
	libm.so.6 => /usr/lib/x86_64-linux-gnu/libm.so.6 (0x00007fa11f4d4000)
	libpthread.so.0 => /usr/lib/x86_64-linux-gnu/libpthread.so.0 (0x00007fa11f4cf000)
	libc.so.6 => /usr/lib/x86_64-linux-gnu/libc.so.6 (0x00007fa11f2a6000)
	/lib64/ld-linux-x86-64.so.2 (0x00007fa11f5df000)
/root/miniconda3/lib/python3.12/lib-dynload/fcntl.cpython-312-x86_64-linux-gnu.so:
	linux-vdso.so.1 (0x00007fff633d7000)
	libpthread.so.0 => /usr/lib/x86_64-linux-gnu/libpthread.so.0 (0x00007f59888c2000)
	libc.so.6 => /usr/lib/x86_64-linux-gnu/libc.so.6 (0x00007f5988699000)
	/lib64/ld-linux-x86-64.so.2 (0x00007f59888e2000)
/root/miniconda3/lib/python3.12/lib-dynload/grp.cpython-312-x86_64-linux-gnu.so:
	linux-vdso.so.1 (0x00007ffca28a1000)
	libc.so.6 => /usr/lib/x86_64-linux-gnu/libc.so.6 (0x00007fafd9f12000)
	/lib64/ld-linux-x86-64.so.2 (0x00007fafda154000)
/root/miniconda3/lib/python3.12/lib-dynload/math.cpython-312-x86_64-linux-gnu.so:
	linux-vdso.so.1 (0x00007ffd01588000)
	libm.so.6 => /usr/lib/x86_64-linux-gnu/libm.so.6 (0x00007f52d2f0c000)
	libpthread.so.0 => /usr/lib/x86_64-linux-gnu/libpthread.so.0 (0x00007f52d2f07000)
	libc.so.6 => /usr/lib/x86_64-linux-gnu/libc.so.6 (0x00007f52d2cde000)
	/lib64/ld-linux-x86-64.so.2 (0x00007f52d301b000)
/root/miniconda3/lib/python3.12/lib-dynload/mmap.cpython-312-x86_64-linux-gnu.so:
	linux-vdso.so.1 (0x00007ffc76bfc000)
	libpthread.so.0 => /usr/lib/x86_64-linux-gnu/libpthread.so.0 (0x00007f4166138000)
	libc.so.6 => /usr/lib/x86_64-linux-gnu/libc.so.6 (0x00007f4165f0f000)
	/lib64/ld-linux-x86-64.so.2 (0x00007f4166159000)
/root/miniconda3/lib/python3.12/lib-dynload/nis.cpython-312-x86_64-linux-gnu.so:
	linux-vdso.so.1 (0x00007ffc9f3a3000)
	libnsl.so.1 => /usr/lib/x86_64-linux-gnu/libnsl.so.1 (0x00007fb5bc9a6000)
	libpthread.so.0 => /usr/lib/x86_64-linux-gnu/libpthread.so.0 (0x00007fb5bc9a1000)
	libc.so.6 => /usr/lib/x86_64-linux-gnu/libc.so.6 (0x00007fb5bc778000)
	/lib64/ld-linux-x86-64.so.2 (0x00007fb5bc9db000)
/root/miniconda3/lib/python3.12/lib-dynload/ossaudiodev.cpython-312-x86_64-linux-gnu.so:
	linux-vdso.so.1 (0x00007fff26b2a000)
	libpthread.so.0 => /usr/lib/x86_64-linux-gnu/libpthread.so.0 (0x00007fd28668f000)
	libc.so.6 => /usr/lib/x86_64-linux-gnu/libc.so.6 (0x00007fd286466000)
	/lib64/ld-linux-x86-64.so.2 (0x00007fd2866b0000)
/root/miniconda3/lib/python3.12/lib-dynload/pyexpat.cpython-312-x86_64-linux-gnu.so:
	linux-vdso.so.1 (0x00007ffd84de3000)
	libexpat.so.1 => /root/miniconda3/lib/python3.12/lib-dynload/../../libexpat.so.1 (0x00007fa0958eb000)
	libpthread.so.0 => /usr/lib/x86_64-linux-gnu/libpthread.so.0 (0x00007fa0958d5000)
	libc.so.6 => /usr/lib/x86_64-linux-gnu/libc.so.6 (0x00007fa0956ac000)
	libm.so.6 => /usr/lib/x86_64-linux-gnu/libm.so.6 (0x00007fa0955c5000)
	/lib64/ld-linux-x86-64.so.2 (0x00007fa09592f000)
/root/miniconda3/lib/python3.12/lib-dynload/readline.cpython-312-x86_64-linux-gnu.so:
	linux-vdso.so.1 (0x00007fffa31e9000)
	libreadline.so.8 => /root/miniconda3/lib/python3.12/lib-dynload/../../libreadline.so.8 (0x00007f2460729000)
	libpthread.so.0 => /usr/lib/x86_64-linux-gnu/libpthread.so.0 (0x00007f2460713000)
	libc.so.6 => /usr/lib/x86_64-linux-gnu/libc.so.6 (0x00007f24604ea000)
	libtinfo.so.6 => /root/miniconda3/lib/python3.12/lib-dynload/../.././libtinfo.so.6 (0x00007f24604a5000)
	/lib64/ld-linux-x86-64.so.2 (0x00007f2460794000)
/root/miniconda3/lib/python3.12/lib-dynload/resource.cpython-312-x86_64-linux-gnu.so:
	linux-vdso.so.1 (0x00007ffeb3534000)
	libpthread.so.0 => /usr/lib/x86_64-linux-gnu/libpthread.so.0 (0x00007efe44b77000)
	libc.so.6 => /usr/lib/x86_64-linux-gnu/libc.so.6 (0x00007efe4494e000)
	/lib64/ld-linux-x86-64.so.2 (0x00007efe44b95000)
/root/miniconda3/lib/python3.12/lib-dynload/select.cpython-312-x86_64-linux-gnu.so:
	linux-vdso.so.1 (0x00007ffce4da7000)
	libpthread.so.0 => /usr/lib/x86_64-linux-gnu/libpthread.so.0 (0x00007f3b324d7000)
	libc.so.6 => /usr/lib/x86_64-linux-gnu/libc.so.6 (0x00007f3b322ae000)
	/lib64/ld-linux-x86-64.so.2 (0x00007f3b324fa000)
/root/miniconda3/lib/python3.12/lib-dynload/spwd.cpython-312-x86_64-linux-gnu.so:
	linux-vdso.so.1 (0x00007fff21f25000)
	libpthread.so.0 => /usr/lib/x86_64-linux-gnu/libpthread.so.0 (0x00007f52dc00d000)
	libc.so.6 => /usr/lib/x86_64-linux-gnu/libc.so.6 (0x00007f52dbde4000)
	/lib64/ld-linux-x86-64.so.2 (0x00007f52dc02b000)
/root/miniconda3/lib/python3.12/lib-dynload/syslog.cpython-312-x86_64-linux-gnu.so:
	linux-vdso.so.1 (0x00007ffcfa7fb000)
	libc.so.6 => /usr/lib/x86_64-linux-gnu/libc.so.6 (0x00007f79ceb5c000)
	/lib64/ld-linux-x86-64.so.2 (0x00007f79ced9e000)
/root/miniconda3/lib/python3.12/lib-dynload/termios.cpython-312-x86_64-linux-gnu.so:
	linux-vdso.so.1 (0x00007ffc70151000)
	libpthread.so.0 => /usr/lib/x86_64-linux-gnu/libpthread.so.0 (0x00007fe500a3e000)
	libc.so.6 => /usr/lib/x86_64-linux-gnu/libc.so.6 (0x00007fe500815000)
	/lib64/ld-linux-x86-64.so.2 (0x00007fe500a60000)
/root/miniconda3/lib/python3.12/lib-dynload/unicodedata.cpython-312-x86_64-linux-gnu.so:
	linux-vdso.so.1 (0x00007fff8e1f9000)
	libc.so.6 => /usr/lib/x86_64-linux-gnu/libc.so.6 (0x00007fa1d2989000)
	/lib64/ld-linux-x86-64.so.2 (0x00007fa1d2cda000)
/root/miniconda3/lib/python3.12/lib-dynload/xxlimited.cpython-312-x86_64-linux-gnu.so:
	linux-vdso.so.1 (0x00007ffd16db3000)
	libc.so.6 => /usr/lib/x86_64-linux-gnu/libc.so.6 (0x00007f2eafa28000)
	/lib64/ld-linux-x86-64.so.2 (0x00007f2eafc6a000)
/root/miniconda3/lib/python3.12/lib-dynload/xxlimited_35.cpython-312-x86_64-linux-gnu.so:
	linux-vdso.so.1 (0x00007ffc7a46d000)
	libc.so.6 => /usr/lib/x86_64-linux-gnu/libc.so.6 (0x00007f135c512000)
	/lib64/ld-linux-x86-64.so.2 (0x00007f135c754000)
/root/miniconda3/lib/python3.12/lib-dynload/xxsubtype.cpython-312-x86_64-linux-gnu.so:
	linux-vdso.so.1 (0x00007ffedbfdf000)
	libc.so.6 => /usr/lib/x86_64-linux-gnu/libc.so.6 (0x00007f9f27dda000)
	/lib64/ld-linux-x86-64.so.2 (0x00007f9f2801b000)
/root/miniconda3/lib/python3.12/lib-dynload/zlib.cpython-312-x86_64-linux-gnu.so:
	linux-vdso.so.1 (0x00007ffe107fe000)
	libz.so.1 => /root/miniconda3/lib/python3.12/lib-dynload/../../libz.so.1 (0x00007fd965c24000)
	libpthread.so.0 => /usr/lib/x86_64-linux-gnu/libpthread.so.0 (0x00007fd965c0e000)
	libc.so.6 => /usr/lib/x86_64-linux-gnu/libc.so.6 (0x00007fd9659e5000)
	/lib64/ld-linux-x86-64.so.2 (0x00007fd965c4e000)
