docs/papers204_208_sequence/scouting/finite_systems_thirty_sixth/PROOF_PACKAGE.md-12-position $i$. Define the literal autonomous map
docs/papers204_208_sequence/scouting/finite_systems_thirty_sixth/PROOF_PACKAGE.md-13-
docs/papers204_208_sequence/scouting/finite_systems_thirty_sixth/PROOF_PACKAGE.md:14:$$F_n(x)_i=|I_x(i)|\qquad(1\leq i\leq n).$$
docs/papers204_208_sequence/scouting/finite_systems_thirty_sixth/PROOF_PACKAGE.md-15-
docs/papers204_208_sequence/scouting/finite_systems_thirty_sixth/PROOF_PACKAGE.md-16-All positions are updated simultaneously from the old word. The entire
docs/papers204_208_sequence/scouting/finite_systems_thirty_sixth/PROOF_PACKAGE.md-17-run length is used, not the suffix length, not length minus one, and not
docs/papers204_208_sequence/scouting/finite_systems_thirty_sixth/PROOF_PACKAGE.md-18-a variable-length run-length encoding. The carrier includes every word;
docs/papers204_208_sequence/scouting/finite_systems_thirty_sixth/PROOF_PACKAGE.md-19-there is no alphabet or endpoint repair. Run lengths lie in $[n]$, so the
--
docs/papers204_208_sequence/scouting/finite_systems_thirty_sixth/PROOF_PACKAGE.md-250-logarithmic bound and all-size sharpness, but its mechanism is the
docs/papers204_208_sequence/scouting/finite_systems_thirty_sixth/PROOF_PACKAGE.md-251-immediate-parent mass-doubling argument. The proposed static/inverse axis
docs/papers204_208_sequence/scouting/finite_systems_thirty_sixth/PROOF_PACKAGE.md:252:is fully evaluated and reduces without residue to unique run segmentation
docs/papers204_208_sequence/scouting/finite_systems_thirty_sixth/PROOF_PACKAGE.md-253-and elementary proper colouring of a path; the image is the ordinary
docs/papers204_208_sequence/scouting/finite_systems_thirty_sixth/PROOF_PACKAGE.md-254-composition set and fixed enumeration is the existing Carlitz class.
docs/papers204_208_sequence/scouting/finite_systems_thirty_sixth/PROOF_PACKAGE.md-255-This is not a claim that the exact temporal literal has been found in a
docs/papers204_208_sequence/scouting/finite_systems_thirty_sixth/PROOF_PACKAGE.md-256-primary source. It is a value rejection because no materially independent
docs/papers204_208_sequence/scouting/finite_systems_thirty_sixth/PROOF_PACKAGE.md-257-second theorem remains after these deductions.
--
docs/papers187_191_sequence/scouting/algebra_lane/replacement/THEOREM_SPIKES.md-19-
docs/papers187_191_sequence/scouting/algebra_lane/replacement/THEOREM_SPIKES.md-20-```text
docs/papers187_191_sequence/scouting/algebra_lane/replacement/THEOREM_SPIKES.md:21:T(x)_i = x_i x_(i+1) x_i.
docs/papers187_191_sequence/scouting/algebra_lane/replacement/THEOREM_SPIKES.md-22-```
docs/papers187_191_sequence/scouting/algebra_lane/replacement/THEOREM_SPIKES.md-23-
docs/papers187_191_sequence/scouting/algebra_lane/replacement/THEOREM_SPIKES.md-24-### Temporal theorem contract
docs/papers187_191_sequence/scouting/algebra_lane/replacement/THEOREM_SPIKES.md-25-
docs/papers187_191_sequence/scouting/algebra_lane/replacement/THEOREM_SPIKES.md-26-Put `g_i=1[x_i!=0 and x_(i+1)=x_i*]`. For every `n,m>=1`, every source,
--
docs/papers187_191_sequence/scouting/algebra_lane/replacement/THEOREM_SPIKES.md-141-## Rejected near-miss: R03/CSA
docs/papers187_191_sequence/scouting/algebra_lane/replacement/THEOREM_SPIKES.md-142-
docs/papers187_191_sequence/scouting/algebra_lane/replacement/THEOREM_SPIKES.md:143:For `T(x)_i=min(a,x_i+x_(i+1))`, Pascal induction yields capped cyclic
docs/papers187_191_sequence/scouting/algebra_lane/replacement/THEOREM_SPIKES.md-144-binomial convolution. This is too close to P108's capped Fibonacci engine,
docs/papers187_191_sequence/scouting/algebra_lane/replacement/THEOREM_SPIKES.md-145-and the inverse side did not exceed a generic local-rule transfer. It remains
docs/papers187_191_sequence/scouting/algebra_lane/replacement/THEOREM_SPIKES.md-146-killed despite its clean bounded signals.
docs/papers187_191_sequence/scouting/algebra_lane/replacement/THEOREM_SPIKES.md-147-
docs/papers187_191_sequence/scouting/algebra_lane/replacement/THEOREM_SPIKES.md-148-`R04`, `R05`, `R06`, and `R09` are action-only permutations or involutions;
--
docs/papers187_191_sequence/scouting/algebra_lane/replacement/KILL_LEDGER.md-16-| `R06/MGR` | `T^3=1`; `F_2^3` gives 344 fixed states and 56 three-cycles, while `F_3^3` gives 8,451 fixed states and 3,744 three-cycles; all fibres are one. | `KILL_RANK_GATE_ACTION_ONLY` | Rank merely gates identity versus cyclic coordinate rotation.  Gaussian full-rank counting plus a permutation action is below the value floor. |
docs/papers187_191_sequence/scouting/algebra_lane/replacement/KILL_LEDGER.md-17-| `R07/IAV` | Four constant fixed states; maximum tails `4,6,7,8` for lengths `3..6` at cap three; fibre histograms vary irregularly. | `KILL_CONSENSUS_OWNER_NO_INVERSE` | Integer floor averaging is in the consensus/quantized-averaging surface.  The sum Lyapunov function is not an exact all-parameter clock, and no independent labelled inverse law survived. |
docs/papers187_191_sequence/scouting/algebra_lane/replacement/KILL_LEDGER.md:18:| `R08/PFR` | All 5,461 words reach their ordinary reduced word; maximum parallel depth three; 1,457 fixed reduced words. | `KILL_DIRECT_FREE_REDUCTION` | Parallel deletion changes only the reduction schedule.  The normal form and inverse-word enumeration remain standard free-group rewriting, so the clock cannot support a paper. |
docs/papers187_191_sequence/scouting/algebra_lane/replacement/KILL_LEDGER.md-19-| `R09/RPX` | Rectangular bands `2x2` and `2x3` give only fixed points and two-cycles, with singleton fibres. | `KILL_PRODUCT_EXCHANGE_INVOLUTION` | The identity `(xy,yx)^2=(x,y)` is an immediate rectangular-band calculation.  This is thinner than already rejected group product-exchange systems. |
docs/papers187_191_sequence/scouting/algebra_lane/replacement/KILL_LEDGER.md-20-| `R10/BPA` | On `B_2^m`, recurrent count is always three, maximum tail is `m`, and the zero target dominates the fibre histogram. | `KILL_ZERO_PROPAGATION_NO_ATLAS` | Matrix-unit index mismatch merely propagates zero through local products.  Beyond the fixed diagonal words, no uniform target theorem independent of the compatibility-path engine emerged. |
docs/papers187_191_sequence/scouting/algebra_lane/replacement/KILL_LEDGER.md-21-
docs/papers187_191_sequence/scouting/algebra_lane/replacement/KILL_LEDGER.md-22-## Final disposition
docs/papers187_191_sequence/scouting/algebra_lane/replacement/KILL_LEDGER.md-23-
--
docs/papers187_191_sequence/scouting/algebra_lane/replacement/pilot.py-449-
docs/papers187_191_sequence/scouting/algebra_lane/replacement/pilot.py-450-
docs/papers187_191_sequence/scouting/algebra_lane/replacement/pilot.py:451:def parallel_free_reduce(word):
docs/papers187_191_sequence/scouting/algebra_lane/replacement/pilot.py-452-    out = []
docs/papers187_191_sequence/scouting/algebra_lane/replacement/pilot.py-453-    i = 0
docs/papers187_191_sequence/scouting/algebra_lane/replacement/pilot.py-454-    while i < len(word):
docs/papers187_191_sequence/scouting/algebra_lane/replacement/pilot.py-455-        if i + 1 < len(word) and INVERSE[word[i]] == word[i + 1]:
docs/papers187_191_sequence/scouting/algebra_lane/replacement/pilot.py-456-            i += 2
--
docs/papers187_191_sequence/scouting/algebra_lane/replacement/pilot.py-479-        check(endpoint == stack_reduce(word), "R08 free normal form")
docs/papers187_191_sequence/scouting/algebra_lane/replacement/pilot.py-480-        check(tail <= len(word) // 2, "R08 deletion clock bound")
docs/papers187_191_sequence/scouting/algebra_lane/replacement/pilot.py:481:    return [analyze("R08/PFR", "rank2,length<=6", states, parallel_free_reduce)]
docs/papers187_191_sequence/scouting/algebra_lane/replacement/pilot.py-482-
docs/papers187_191_sequence/scouting/algebra_lane/replacement/pilot.py-483-
docs/papers187_191_sequence/scouting/algebra_lane/replacement/pilot.py-484-def orbit_state(step, start):
docs/papers187_191_sequence/scouting/algebra_lane/replacement/pilot.py-485-    seen = {}
docs/papers187_191_sequence/scouting/algebra_lane/replacement/pilot.py-486-    x = start
--
docs/papers187_191_sequence/scouting/algebra_lane/replacement/CANDIDATES.md-20-| `R06/MGR` | ordered vector triples in `F_q^3` | cyclically rotate the triple iff it has rank three, otherwise hold | `q=2,3` | rank-gated recurrent strata and orbit census |
docs/papers187_191_sequence/scouting/algebra_lane/replacement/CANDIDATES.md-21-| `R07/IAV` | cyclic integer arrays in `{0,...,a}^m` | `x_i <- floor((x_i+x_(i+1))/2)` | `a=3`, lengths `3..6` | finite integer consensus clock and basin census |
docs/papers187_191_sequence/scouting/algebra_lane/replacement/CANDIDATES.md:22:| `R08/PFR` | words of length at most six in two generators and formal inverses | simultaneously delete a left-to-right maximal set of disjoint adjacent inverse pairs | all `4^0+...+4^6` words | parallel free reduction depth versus normal-form fibres |
docs/papers187_191_sequence/scouting/algebra_lane/replacement/CANDIDATES.md-23-| `R09/RPX` | ordered pairs over a rectangular band | `(x,y) <- (xy,yx)` | rectangular bands `2x2`, `2x3` | product-exchange involution and fixed-pair census |
docs/papers187_191_sequence/scouting/algebra_lane/replacement/CANDIDATES.md-24-| `R10/BPA` | cyclic words over `B_n` | `x_i <- x_i x_(i+1)` in parallel | `n=2`, lengths `3,4,5` | zero propagation, recurrent matrix-unit patterns, target fibres |
docs/papers187_191_sequence/scouting/algebra_lane/replacement/CANDIDATES.md-25-
docs/papers187_191_sequence/scouting/algebra_lane/replacement/CANDIDATES.md-26-The denominator was fixed before reading the final kill summary.  Candidate
docs/papers187_191_sequence/scouting/algebra_lane/replacement/CANDIDATES.md-27-IDs are replacement-lane labels only and are not paper numbers.  After the
