Rc files read:
  /etc/LatexMk
Latexmk: This is Latexmk, John Collins, 20 November 2021, version: 4.76.
Rule 'pdflatex': File changes, etc:
   Changed files, or newly in use since previous run(s):
      'main.tex'
------------
Run number 1 of rule 'pdflatex'
------------
------------
Running 'pdflatex  -interaction=nonstopmode -halt-on-error -file-line-error -recorder  "main.tex"'
------------
Latexmk: applying rule 'pdflatex'...
This is pdfTeX, Version 3.141592653-2.6-1.40.22 (TeX Live 2022/dev/Debian) (preloaded format=pdflatex)
 restricted \write18 enabled.
entering extended mode
(./main.tex
LaTeX2e <2021-11-15> patch level 1
L3 programming layer <2022-01-21>
(/usr/share/texlive/texmf-dist/tex/latex/base/article.cls
Document Class: article 2021/10/04 v1.4n Standard LaTeX document class
(/usr/share/texlive/texmf-dist/tex/latex/base/size11.clo))
(/usr/share/texlive/texmf-dist/tex/latex/base/fontenc.sty)
(/usr/share/texmf/tex/latex/lm/lmodern.sty)
(/usr/share/texlive/texmf-dist/tex/latex/geometry/geometry.sty
(/usr/share/texlive/texmf-dist/tex/latex/graphics/keyval.sty)
(/usr/share/texlive/texmf-dist/tex/generic/iftex/ifvtex.sty
(/usr/share/texlive/texmf-dist/tex/generic/iftex/iftex.sty)))
(/usr/share/texlive/texmf-dist/tex/latex/amsmath/amsmath.sty
For additional information on amsmath, use the `?' option.
(/usr/share/texlive/texmf-dist/tex/latex/amsmath/amstext.sty
(/usr/share/texlive/texmf-dist/tex/latex/amsmath/amsgen.sty))
(/usr/share/texlive/texmf-dist/tex/latex/amsmath/amsbsy.sty)
(/usr/share/texlive/texmf-dist/tex/latex/amsmath/amsopn.sty))
(/usr/share/texlive/texmf-dist/tex/latex/amsfonts/amssymb.sty
(/usr/share/texlive/texmf-dist/tex/latex/amsfonts/amsfonts.sty))
(/usr/share/texlive/texmf-dist/tex/latex/amscls/amsthm.sty)
(/usr/share/texlive/texmf-dist/tex/latex/mathtools/mathtools.sty
(/usr/share/texlive/texmf-dist/tex/latex/tools/calc.sty)
(/usr/share/texlive/texmf-dist/tex/latex/mathtools/mhsetup.sty))
(/usr/share/texlive/texmf-dist/tex/latex/microtype/microtype.sty
(/usr/share/texlive/texmf-dist/tex/latex/etoolbox/etoolbox.sty)
(/usr/share/texlive/texmf-dist/tex/latex/microtype/microtype-pdftex.def)
(/usr/share/texlive/texmf-dist/tex/latex/microtype/microtype.cfg))
(/usr/share/texlive/texmf-dist/tex/latex/booktabs/booktabs.sty)
(/usr/share/texlive/texmf-dist/tex/latex/tools/tabularx.sty
(/usr/share/texlive/texmf-dist/tex/latex/tools/array.sty))
(/usr/share/texlive/texmf-dist/tex/latex/natbib/natbib.sty)
(/usr/share/texlive/texmf-dist/tex/latex/hyperref/hyperref.sty
(/usr/share/texlive/texmf-dist/tex/generic/ltxcmds/ltxcmds.sty)
(/usr/share/texlive/texmf-dist/tex/generic/pdftexcmds/pdftexcmds.sty
(/usr/share/texlive/texmf-dist/tex/generic/infwarerr/infwarerr.sty))
(/usr/share/texlive/texmf-dist/tex/generic/kvsetkeys/kvsetkeys.sty)
(/usr/share/texlive/texmf-dist/tex/generic/kvdefinekeys/kvdefinekeys.sty)
(/usr/share/texlive/texmf-dist/tex/generic/pdfescape/pdfescape.sty)
(/usr/share/texlive/texmf-dist/tex/latex/hycolor/hycolor.sty)
(/usr/share/texlive/texmf-dist/tex/latex/letltxmacro/letltxmacro.sty)
(/usr/share/texlive/texmf-dist/tex/latex/auxhook/auxhook.sty)
(/usr/share/texlive/texmf-dist/tex/latex/kvoptions/kvoptions.sty)
(/usr/share/texlive/texmf-dist/tex/latex/hyperref/pd1enc.def)
(/usr/share/texlive/texmf-dist/tex/latex/hyperref/hyperref-langpatches.def)
(/usr/share/texlive/texmf-dist/tex/generic/intcalc/intcalc.sty)
(/usr/share/texlive/texmf-dist/tex/generic/etexcmds/etexcmds.sty)
(/usr/share/texlive/texmf-dist/tex/latex/hyperref/puenc.def)
(/usr/share/texlive/texmf-dist/tex/latex/url/url.sty)
(/usr/share/texlive/texmf-dist/tex/generic/bitset/bitset.sty
(/usr/share/texlive/texmf-dist/tex/generic/bigintcalc/bigintcalc.sty))
(/usr/share/texlive/texmf-dist/tex/latex/base/atbegshi-ltx.sty))
(/usr/share/texlive/texmf-dist/tex/latex/hyperref/hpdftex.def
(/usr/share/texlive/texmf-dist/tex/latex/base/atveryend-ltx.sty)
(/usr/share/texlive/texmf-dist/tex/latex/rerunfilecheck/rerunfilecheck.sty
(/usr/share/texlive/texmf-dist/tex/generic/uniquecounter/uniquecounter.sty)))
(./math_commands.tex) (/usr/share/texmf/tex/latex/lm/t1lmr.fd)
(/usr/share/texlive/texmf-dist/tex/latex/l3backend/l3backend-pdftex.def)
(./main.aux)
*geometry* driver: auto-detecting
*geometry* detected driver: pdftex
(/usr/share/texlive/texmf-dist/tex/latex/graphics/graphicx.sty
(/usr/share/texlive/texmf-dist/tex/latex/graphics/graphics.sty
(/usr/share/texlive/texmf-dist/tex/latex/graphics/trig.sty)
(/usr/share/texlive/texmf-dist/tex/latex/graphics-cfg/graphics.cfg)
(/usr/share/texlive/texmf-dist/tex/latex/graphics-def/pdftex.def
(/usr/share/texlive/texmf-dist/tex/context/base/mkii/supp-pdf.mkii
[Loading MPS to PDF converter (version 2006.09.02).]
))) (/usr/share/texlive/texmf-dist/tex/latex/epstopdf-pkg/epstopdf-base.sty
(/usr/share/texlive/texmf-dist/tex/latex/latexconfig/epstopdf-sys.cfg)))
(/usr/share/texlive/texmf-dist/tex/latex/microtype/mt-cmr.cfg)
(/usr/share/texlive/texmf-dist/tex/latex/hyperref/nameref.sty
(/usr/share/texlive/texmf-dist/tex/latex/refcount/refcount.sty)
(/usr/share/texlive/texmf-dist/tex/generic/gettitlestring/gettitlestring.sty))
(/usr/share/texmf/tex/latex/lm/ot1lmr.fd)
(/usr/share/texmf/tex/latex/lm/omllmm.fd)
(/usr/share/texmf/tex/latex/lm/omslmsy.fd)
(/usr/share/texmf/tex/latex/lm/omxlmex.fd)
(/usr/share/texlive/texmf-dist/tex/latex/amsfonts/umsa.fd)
(/usr/share/texlive/texmf-dist/tex/latex/microtype/mt-msa.cfg)
(/usr/share/texlive/texmf-dist/tex/latex/amsfonts/umsb.fd)
(/usr/share/texlive/texmf-dist/tex/latex/microtype/mt-msb.cfg)
(./sections/0_abstract.tex) (./sections/1_introduction.tex

LaTeX Warning: Reference `thm:classical' on page 1 undefined on input line 35.

[1{/var/lib/texmf/fonts/map/pdftex/updmap/pdftex.map}]

LaTeX Warning: Reference `eq:main-tail' on page 2 undefined on input line 70.


Package natbib Warning: Citation `Hilberdink2017' on page 2 undefined on input 
line 76.


LaTeX Warning: Reference `eq:kernel' on page 2 undefined on input line 87.


Package natbib Warning: Citation `HilberdinkPushnitski2023' on page 2 undefined
 on input line 89.


LaTeX Warning: Reference `thm:main' on page 2 undefined on input line 92.


LaTeX Warning: Reference `thm:main' on page 2 undefined on input line 121.


Package natbib Warning: Citation `BinghamGoldieTeugels1987' on page 2 undefined
 on input line 125.


Package natbib Warning: Citation `Simon2005' on page 2 undefined on input line 
126.

[2]

LaTeX Warning: Reference `sec:framework' on page 3 undefined on input line 133.



LaTeX Warning: Reference `sec:gram' on page 3 undefined on input line 133.


LaTeX Warning: Reference `sec:tails' on page 3 undefined on input line 135.


LaTeX Warning: Reference `sec:ideal' on page 3 undefined on input line 136.


LaTeX Warning: Reference `sec:consequences' on page 3 undefined on input line 1
37.

) (./sections/2_framework.tex

Package natbib Warning: Citation `BinghamGoldieTeugels1987' on page 3 undefined
 on input line 30.


LaTeX Warning: Reference `eq:potter' on page 3 undefined on input line 31.


Package natbib Warning: Citation `Hilberdink2017' on page 3 undefined on input 
line 32.


LaTeX Warning: Reference `eq:potter' on page 3 undefined on input line 43.


Package natbib Warning: Citation `HilberdinkPushnitski2023' on page 3 undefined
 on input line 72.


LaTeX Warning: Reference `eq:classical-threshold' on page 3 undefined on input 
line 76.


LaTeX Warning: Reference `eq:classical-asymptotic' on page 3 undefined on input
 line 77.

[3]

Package natbib Warning: Citation `Simon2005' on page 4 undefined on input line 
91.


LaTeX Warning: Reference `eq:sv-sum' on page 4 undefined on input line 110.

) (./sections/3_gram_limit.tex

LaTeX Warning: Reference `eq:operators' on page 4 undefined on input line 7.


Package natbib Warning: Citation `Hilberdink2017' on page 4 undefined on input 
line 21.

[4]

LaTeX Warning: Reference `eq:potter' on page 5 undefined on input line 59.


LaTeX Warning: Reference `eq:gram' on page 5 undefined on input line 67.


LaTeX Warning: Reference `lem:powers' on page 5 undefined on input line 67.


LaTeX Warning: Reference `eq:entry-bound' on page 5 undefined on input line 80.



LaTeX Warning: Reference `eq:gram' on page 5 undefined on input line 103.


LaTeX Warning: Reference `eq:riemann' on page 5 undefined on input line 114.


LaTeX Warning: Reference `eq:uct' on page 5 undefined on input line 115.

[5]

LaTeX Warning: Reference `eq:two-potter' on page 6 undefined on input line 126.



LaTeX Warning: Reference `eq:riemann' on page 6 undefined on input line 127.


LaTeX Warning: Reference `lem:powers' on page 6 undefined on input line 130.


LaTeX Warning: Reference `eq:riemann' on page 6 undefined on input line 142.


LaTeX Warning: Reference `eq:energy' on page 6 undefined on input line 150.


LaTeX Warning: Reference `eq:energy' on page 6 undefined on input line 153.

) (./sections/4_uniform_tails.tex

LaTeX Warning: Reference `prop:entry-bound' on page 6 undefined on input line 4
5.


LaTeX Warning: Reference `thm:classical' on page 6 undefined on input line 56.

[6]

LaTeX Warning: Reference `prop:entry-limit' on page 7 undefined on input line 6
2.


LaTeX Warning: Reference `eq:operator-majorant' on page 7 undefined on input li
ne 71.


LaTeX Warning: Reference `eq:main-tail' on page 7 undefined on input line 76.


LaTeX Warning: Reference `eq:operator-majorant' on page 7 undefined on input li
ne 82.


LaTeX Warning: Reference `eq:bilinear' on page 7 undefined on input line 87.


LaTeX Warning: Reference `eq:operator-majorant' on page 7 undefined on input li
ne 90.


LaTeX Warning: Reference `prop:congruence' on page 7 undefined on input line 10
5.


LaTeX Warning: Reference `thm:classical' on page 7 undefined on input line 124.



LaTeX Warning: Reference `eq:uniform-operator-tail' on page 7 undefined on inpu
t line 140.


LaTeX Warning: Reference `eq:operator-limit' on page 7 undefined on input line 
146.

) (./sections/5_ideal_convergence.tex

LaTeX Warning: Reference `thm:main' on page 7 undefined on input line 4.


LaTeX Warning: Reference `cor:tails' on page 7 undefined on input line 5.


LaTeX Warning: Reference `prop:operator-convergence' on page 7 undefined on inp
ut line 6.

[7]

LaTeX Warning: Reference `cor:tails' on page 8 undefined on input line 15.


LaTeX Warning: Reference `lem:sv-sum' on page 8 undefined on input line 16.


LaTeX Warning: Reference `prop:operator-convergence' on page 8 undefined on inp
ut line 34.


LaTeX Warning: Reference `eq:difference-tail' on page 8 undefined on input line
 35.


LaTeX Warning: Reference `thm:classical' on page 8 undefined on input line 46.


LaTeX Warning: Reference `lem:sv-sum' on page 8 undefined on input line 49.


LaTeX Warning: Reference `eq:eta-choice' on page 8 undefined on input line 59.

) (./sections/6_consequences.tex

LaTeX Warning: Reference `prop:entry-limit' on page 8 undefined on input line 2
5.


LaTeX Warning: Reference `thm:main' on page 8 undefined on input line 32.


LaTeX Warning: Reference `eq:scalar-normalization' on page 8 undefined on input
 line 41.


LaTeX Warning: Reference `cor:tails' on page 8 undefined on input line 41.


LaTeX Warning: Reference `eq:eta-choice' on page 8 undefined on input line 42.


LaTeX Warning: Reference `sec:ideal' on page 8 undefined on input line 44.


LaTeX Warning: Reference `eq:cumulative-ideal' on page 8 undefined on input lin
e 45.


LaTeX Warning: Reference `thm:classical' on page 8 undefined on input line 46.

[8]

LaTeX Warning: Reference `eq:eigen-lipschitz' on page 9 undefined on input line
 76.


LaTeX Warning: Reference `cor:cumulative' on page 9 undefined on input line 77.



LaTeX Warning: Reference `eq:absolute-uniform' on page 9 undefined on input lin
e 78.


LaTeX Warning: Reference `eq:fixed-index' on page 9 undefined on input line 78.



LaTeX Warning: Reference `thm:classical' on page 9 undefined on input line 82.


LaTeX Warning: Reference `cor:cumulative' on page 9 undefined on input line 85.



LaTeX Warning: Reference `cor:tails' on page 9 undefined on input line 87.


LaTeX Warning: Reference `eq:moments' on page 9 undefined on input line 90.


LaTeX Warning: Reference `eq:absolute-uniform' on page 9 undefined on input lin
e 93.


LaTeX Warning: Reference `eq:fixed-index' on page 9 undefined on input line 97.



LaTeX Warning: Reference `eq:energy' on page 9 undefined on input line 98.

[9]

LaTeX Warning: Reference `thm:main' on page 10 undefined on input line 148.

) (./sections/7_scope.tex

LaTeX Warning: Reference `sec:consequences' on page 10 undefined on input line 
10.


Package natbib Warning: Citation `Hilberdink2017' on page 10 undefined on input
 line 18.


Package natbib Warning: Citation `HilberdinkPushnitski2023' on page 10 undefine
d on input line 27.

) (./sections/8_declarations.tex)
No file main.bbl.
[10]

Package natbib Warning: There were undefined citations.

[11] (./main.aux)

LaTeX Warning: There were undefined references.


LaTeX Warning: Label(s) may have changed. Rerun to get cross-references right.


Package rerunfilecheck Warning: File `main.out' has changed.
(rerunfilecheck)                Rerun to get outlines right
(rerunfilecheck)                or use package `bookmark'.

 ){/usr/share/texmf/fonts/enc/dvips/lm/lm-ec.enc}{/usr/share/texmf/fonts/enc/dv
ips/lm/lm-mathit.enc}{/usr/share/texmf/fonts/enc/dvips/lm/lm-mathex.enc}{/usr/s
hare/texmf/fonts/enc/dvips/lm/lm-rm.enc}{/usr/share/texmf/fonts/enc/dvips/lm/lm
-mathsy.enc}</usr/share/texmf/fonts/type1/public/lm/lmbx10.pfb></usr/share/texm
f/fonts/type1/public/lm/lmbx12.pfb></usr/share/texmf/fonts/type1/public/lm/lmex
10.pfb></usr/share/texmf/fonts/type1/public/lm/lmmi10.pfb></usr/share/texmf/fon
ts/type1/public/lm/lmmi12.pfb></usr/share/texmf/fonts/type1/public/lm/lmmi6.pfb
></usr/share/texmf/fonts/type1/public/lm/lmmi7.pfb></usr/share/texmf/fonts/type
1/public/lm/lmmi8.pfb></usr/share/texmf/fonts/type1/public/lm/lmr10.pfb></usr/s
hare/texmf/fonts/type1/public/lm/lmr12.pfb></usr/share/texmf/fonts/type1/public
/lm/lmr17.pfb></usr/share/texmf/fonts/type1/public/lm/lmr7.pfb></usr/share/texm
f/fonts/type1/public/lm/lmr8.pfb></usr/share/texmf/fonts/type1/public/lm/lmri10
.pfb></usr/share/texmf/fonts/type1/public/lm/lmsy10.pfb></usr/share/texmf/fonts
/type1/public/lm/lmsy7.pfb></usr/share/texmf/fonts/type1/public/lm/lmsy8.pfb></
usr/share/texlive/texmf-dist/fonts/type1/public/amsfonts/symbols/msbm10.pfb>
Output written on main.pdf (11 pages, 317042 bytes).
Transcript written on main.log.
Latexmk: Missing bbl file 'main.bbl' in following:
 No file main.bbl.
Latexmk: References changed.
Latexmk: References changed.
Latexmk: Log file says output to 'main.pdf'
Latexmk: List of undefined refs and citations:
  Citation `BinghamGoldieTeugels1987' on page 2 undefined on input line 125
  Citation `BinghamGoldieTeugels1987' on page 3 undefined on input line 30
  Citation `Hilberdink2017' on page 10 undefined on input line 18
  Citation `Hilberdink2017' on page 2 undefined on input line 76
  Citation `Hilberdink2017' on page 3 undefined on input line 32
  Citation `Hilberdink2017' on page 4 undefined on input line 21
  Citation `HilberdinkPushnitski2023' on page 10 undefined on input line 27
  Citation `HilberdinkPushnitski2023' on page 2 undefined on input line 89
  Citation `HilberdinkPushnitski2023' on page 3 undefined on input line 72
  Citation `Simon2005' on page 2 undefined on input line 126
  Citation `Simon2005' on page 4 undefined on input line 91
  Reference `cor:cumulative' on page 9 undefined on input line 77
  Reference `cor:cumulative' on page 9 undefined on input line 85
  Reference `cor:tails' on page 7 undefined on input line 5
  Reference `cor:tails' on page 8 undefined on input line 15
  Reference `cor:tails' on page 8 undefined on input line 41
  Reference `cor:tails' on page 9 undefined on input line 87
  Reference `eq:absolute-uniform' on page 9 undefined on input line 78
  Reference `eq:absolute-uniform' on page 9 undefined on input line 93
  Reference `eq:bilinear' on page 7 undefined on input line 87
  Reference `eq:classical-asymptotic' on page 3 undefined on input line 77
  Reference `eq:classical-threshold' on page 3 undefined on input line 76
  Reference `eq:cumulative-ideal' on page 8 undefined on input line 45
  Reference `eq:difference-tail' on page 8 undefined on input line 35
  Reference `eq:eigen-lipschitz' on page 9 undefined on input line 76
  Reference `eq:energy' on page 6 undefined on input line 150
  Reference `eq:energy' on page 6 undefined on input line 153
  Reference `eq:energy' on page 9 undefined on input line 98
  Reference `eq:entry-bound' on page 5 undefined on input line 80
  Reference `eq:eta-choice' on page 8 undefined on input line 42
  Reference `eq:eta-choice' on page 8 undefined on input line 59
  Reference `eq:fixed-index' on page 9 undefined on input line 78
  Reference `eq:fixed-index' on page 9 undefined on input line 97
  Reference `eq:gram' on page 5 undefined on input line 103
  Reference `eq:gram' on page 5 undefined on input line 67
  Reference `eq:kernel' on page 2 undefined on input line 87
  Reference `eq:main-tail' on page 2 undefined on input line 70
  Reference `eq:main-tail' on page 7 undefined on input line 76
  Reference `eq:moments' on page 9 undefined on input line 90
  Reference `eq:operator-limit' on page 7 undefined on input line 146
  Reference `eq:operator-majorant' on page 7 undefined on input line 71
  Reference `eq:operator-majorant' on page 7 undefined on input line 82
  Reference `eq:operator-majorant' on page 7 undefined on input line 90
  Reference `eq:operators' on page 4 undefined on input line 7
  Reference `eq:potter' on page 3 undefined on input line 31
  Reference `eq:potter' on page 3 undefined on input line 43
  Reference `eq:potter' on page 5 undefined on input line 59
  Reference `eq:riemann' on page 5 undefined on input line 114
  Reference `eq:riemann' on page 6 undefined on input line 127
  Reference `eq:riemann' on page 6 undefined on input line 142
  Reference `eq:scalar-normalization' on page 8 undefined on input line 41
  Reference `eq:sv-sum' on page 4 undefined on input line 110
  Reference `eq:two-potter' on page 6 undefined on input line 126
  Reference `eq:uct' on page 5 undefined on input line 115
  Reference `eq:uniform-operator-tail' on page 7 undefined on input line 140
  Reference `lem:powers' on page 5 undefined on input line 67
  Reference `lem:powers' on page 6 undefined on input line 130
  Reference `lem:sv-sum' on page 8 undefined on input line 16
  Reference `lem:sv-sum' on page 8 undefined on input line 49
  Reference `prop:congruence' on page 7 undefined on input line 105
  Reference `prop:entry-bound' on page 6 undefined on input line 45
  Reference `prop:entry-limit' on page 7 undefined on input line 62
  Reference `prop:entry-limit' on page 8 undefined on input line 25
  Reference `prop:operator-convergence' on page 7 undefined on input line 6
  Reference `prop:operator-convergence' on page 8 undefined on input line 34
  Reference `sec:consequences' on page 10 undefined on input line 10
  Reference `sec:consequences' on page 3 undefined on input line 137
  Reference `sec:framework' on page 3 undefined on input line 133
  Reference `sec:gram' on page 3 undefined on input line 133
  Reference `sec:ideal' on page 3 undefined on input line 136
  Reference `sec:ideal' on page 8 undefined on input line 44
  Reference `sec:tails' on page 3 undefined on input line 135
  Reference `thm:classical' on page 1 undefined on input line 35
  Reference `thm:classical' on page 6 undefined on input line 56
  Reference `thm:classical' on page 7 undefined on input line 124
  Reference `thm:classical' on page 8 undefined on input line 46
  Reference `thm:classical' on page 9 undefined on input line 82
  Reference `thm:main' on page 10 undefined on input line 148
  Reference `thm:main' on page 2 undefined on input line 121
  Reference `thm:main' on page 2 undefined on input line 92
  Reference `thm:main' on page 7 undefined on input line 4
  Reference `thm:main' on page 8 undefined on input line 32
Latexmk: Examining 'main.log'
=== TeX engine is 'pdfTeX'
Latexmk: Found bibliography file(s) [references.bib]
Rule 'bibtex main': File changes, etc:
   Changed files, or newly in use since previous run(s):
      'main.aux'
------------
Run number 1 of rule 'bibtex main'
------------
------------
Running 'bibtex  "main.aux"'
------------
Latexmk: applying rule 'bibtex main'...
This is BibTeX, Version 0.99d (TeX Live 2022/dev/Debian)
The top-level auxiliary file: main.aux
The style file: plainnat.bst
Database file #1: references.bib
Rule 'pdflatex': File changes, etc:
   Changed files, or newly in use since previous run(s):
      'main.aux'
      'main.bbl'
      'main.out'
------------
Run number 2 of rule 'pdflatex'
------------
------------
Running 'pdflatex  -interaction=nonstopmode -halt-on-error -file-line-error -recorder  "main.tex"'
------------
Latexmk: applying rule 'pdflatex'...
This is pdfTeX, Version 3.141592653-2.6-1.40.22 (TeX Live 2022/dev/Debian) (preloaded format=pdflatex)
 restricted \write18 enabled.
entering extended mode
(./main.tex
LaTeX2e <2021-11-15> patch level 1
L3 programming layer <2022-01-21>
(/usr/share/texlive/texmf-dist/tex/latex/base/article.cls
Document Class: article 2021/10/04 v1.4n Standard LaTeX document class
(/usr/share/texlive/texmf-dist/tex/latex/base/size11.clo))
(/usr/share/texlive/texmf-dist/tex/latex/base/fontenc.sty)
(/usr/share/texmf/tex/latex/lm/lmodern.sty)
(/usr/share/texlive/texmf-dist/tex/latex/geometry/geometry.sty
(/usr/share/texlive/texmf-dist/tex/latex/graphics/keyval.sty)
(/usr/share/texlive/texmf-dist/tex/generic/iftex/ifvtex.sty
(/usr/share/texlive/texmf-dist/tex/generic/iftex/iftex.sty)))
(/usr/share/texlive/texmf-dist/tex/latex/amsmath/amsmath.sty
For additional information on amsmath, use the `?' option.
(/usr/share/texlive/texmf-dist/tex/latex/amsmath/amstext.sty
(/usr/share/texlive/texmf-dist/tex/latex/amsmath/amsgen.sty))
(/usr/share/texlive/texmf-dist/tex/latex/amsmath/amsbsy.sty)
(/usr/share/texlive/texmf-dist/tex/latex/amsmath/amsopn.sty))
(/usr/share/texlive/texmf-dist/tex/latex/amsfonts/amssymb.sty
(/usr/share/texlive/texmf-dist/tex/latex/amsfonts/amsfonts.sty))
(/usr/share/texlive/texmf-dist/tex/latex/amscls/amsthm.sty)
(/usr/share/texlive/texmf-dist/tex/latex/mathtools/mathtools.sty
(/usr/share/texlive/texmf-dist/tex/latex/tools/calc.sty)
(/usr/share/texlive/texmf-dist/tex/latex/mathtools/mhsetup.sty))
(/usr/share/texlive/texmf-dist/tex/latex/microtype/microtype.sty
(/usr/share/texlive/texmf-dist/tex/latex/etoolbox/etoolbox.sty)
(/usr/share/texlive/texmf-dist/tex/latex/microtype/microtype-pdftex.def)
(/usr/share/texlive/texmf-dist/tex/latex/microtype/microtype.cfg))
(/usr/share/texlive/texmf-dist/tex/latex/booktabs/booktabs.sty)
(/usr/share/texlive/texmf-dist/tex/latex/tools/tabularx.sty
(/usr/share/texlive/texmf-dist/tex/latex/tools/array.sty))
(/usr/share/texlive/texmf-dist/tex/latex/natbib/natbib.sty)
(/usr/share/texlive/texmf-dist/tex/latex/hyperref/hyperref.sty
(/usr/share/texlive/texmf-dist/tex/generic/ltxcmds/ltxcmds.sty)
(/usr/share/texlive/texmf-dist/tex/generic/pdftexcmds/pdftexcmds.sty
(/usr/share/texlive/texmf-dist/tex/generic/infwarerr/infwarerr.sty))
(/usr/share/texlive/texmf-dist/tex/generic/kvsetkeys/kvsetkeys.sty)
(/usr/share/texlive/texmf-dist/tex/generic/kvdefinekeys/kvdefinekeys.sty)
(/usr/share/texlive/texmf-dist/tex/generic/pdfescape/pdfescape.sty)
(/usr/share/texlive/texmf-dist/tex/latex/hycolor/hycolor.sty)
(/usr/share/texlive/texmf-dist/tex/latex/letltxmacro/letltxmacro.sty)
(/usr/share/texlive/texmf-dist/tex/latex/auxhook/auxhook.sty)
(/usr/share/texlive/texmf-dist/tex/latex/kvoptions/kvoptions.sty)
(/usr/share/texlive/texmf-dist/tex/latex/hyperref/pd1enc.def)
(/usr/share/texlive/texmf-dist/tex/latex/hyperref/hyperref-langpatches.def)
(/usr/share/texlive/texmf-dist/tex/generic/intcalc/intcalc.sty)
(/usr/share/texlive/texmf-dist/tex/generic/etexcmds/etexcmds.sty)
(/usr/share/texlive/texmf-dist/tex/latex/hyperref/puenc.def)
(/usr/share/texlive/texmf-dist/tex/latex/url/url.sty)
(/usr/share/texlive/texmf-dist/tex/generic/bitset/bitset.sty
(/usr/share/texlive/texmf-dist/tex/generic/bigintcalc/bigintcalc.sty))
(/usr/share/texlive/texmf-dist/tex/latex/base/atbegshi-ltx.sty))
(/usr/share/texlive/texmf-dist/tex/latex/hyperref/hpdftex.def
(/usr/share/texlive/texmf-dist/tex/latex/base/atveryend-ltx.sty)
(/usr/share/texlive/texmf-dist/tex/latex/rerunfilecheck/rerunfilecheck.sty
(/usr/share/texlive/texmf-dist/tex/generic/uniquecounter/uniquecounter.sty)))
(./math_commands.tex) (/usr/share/texmf/tex/latex/lm/t1lmr.fd)
(/usr/share/texlive/texmf-dist/tex/latex/l3backend/l3backend-pdftex.def)
(./main.aux)
*geometry* driver: auto-detecting
*geometry* detected driver: pdftex
(/usr/share/texlive/texmf-dist/tex/latex/graphics/graphicx.sty
(/usr/share/texlive/texmf-dist/tex/latex/graphics/graphics.sty
(/usr/share/texlive/texmf-dist/tex/latex/graphics/trig.sty)
(/usr/share/texlive/texmf-dist/tex/latex/graphics-cfg/graphics.cfg)
(/usr/share/texlive/texmf-dist/tex/latex/graphics-def/pdftex.def
(/usr/share/texlive/texmf-dist/tex/context/base/mkii/supp-pdf.mkii
[Loading MPS to PDF converter (version 2006.09.02).]
))) (/usr/share/texlive/texmf-dist/tex/latex/epstopdf-pkg/epstopdf-base.sty
(/usr/share/texlive/texmf-dist/tex/latex/latexconfig/epstopdf-sys.cfg)))
(/usr/share/texlive/texmf-dist/tex/latex/microtype/mt-cmr.cfg)
(/usr/share/texlive/texmf-dist/tex/latex/hyperref/nameref.sty
(/usr/share/texlive/texmf-dist/tex/latex/refcount/refcount.sty)
(/usr/share/texlive/texmf-dist/tex/generic/gettitlestring/gettitlestring.sty))
(./main.out) (./main.out) (/usr/share/texmf/tex/latex/lm/ot1lmr.fd)
(/usr/share/texmf/tex/latex/lm/omllmm.fd)
(/usr/share/texmf/tex/latex/lm/omslmsy.fd)
(/usr/share/texmf/tex/latex/lm/omxlmex.fd)
(/usr/share/texlive/texmf-dist/tex/latex/amsfonts/umsa.fd)
(/usr/share/texlive/texmf-dist/tex/latex/microtype/mt-msa.cfg)
(/usr/share/texlive/texmf-dist/tex/latex/amsfonts/umsb.fd)
(/usr/share/texlive/texmf-dist/tex/latex/microtype/mt-msb.cfg)
(./sections/0_abstract.tex) (./sections/1_introduction.tex [1{/var/lib/texmf/fo
nts/map/pdftex/updmap/pdftex.map}]

Package natbib Warning: Citation `Hilberdink2017' on page 2 undefined on input 
line 76.


Package natbib Warning: Citation `HilberdinkPushnitski2023' on page 2 undefined
 on input line 89.


Package natbib Warning: Citation `BinghamGoldieTeugels1987' on page 2 undefined
 on input line 125.


Package natbib Warning: Citation `Simon2005' on page 2 undefined on input line 
126.

[2]) (./sections/2_framework.tex

Package natbib Warning: Citation `BinghamGoldieTeugels1987' on page 3 undefined
 on input line 30.


Package natbib Warning: Citation `Hilberdink2017' on page 3 undefined on input 
line 32.


Package natbib Warning: Citation `HilberdinkPushnitski2023' on page 3 undefined
 on input line 72.

[3]

Package natbib Warning: Citation `Simon2005' on page 4 undefined on input line 
91.

) (./sections/3_gram_limit.tex

Package natbib Warning: Citation `Hilberdink2017' on page 4 undefined on input 
line 21.

[4] [5]) (./sections/4_uniform_tails.tex [6])
(./sections/5_ideal_convergence.tex [7]) (./sections/6_consequences.tex
[8] [9]) (./sections/7_scope.tex

Package natbib Warning: Citation `Hilberdink2017' on page 10 undefined on input
 line 18.


Package natbib Warning: Citation `HilberdinkPushnitski2023' on page 10 undefine
d on input line 27.

) (./sections/8_declarations.tex) (./main.bbl [10]
(/usr/share/texmf/tex/latex/lm/t1lmtt.fd))

Package natbib Warning: There were undefined citations.

[11] (./main.aux

Package natbib Warning: Citation(s) may have changed.
(natbib)                Rerun to get citations correct.

) ){/usr/share/texmf/fonts/enc/dvips/lm/lm-ec.enc}{/usr/share/texmf/fonts/enc/d
vips/lm/lm-mathit.enc}{/usr/share/texmf/fonts/enc/dvips/lm/lm-mathex.enc}{/usr/
share/texmf/fonts/enc/dvips/lm/lm-rm.enc}{/usr/share/texmf/fonts/enc/dvips/lm/l
m-mathsy.enc}</usr/share/texmf/fonts/type1/public/lm/lmbx10.pfb></usr/share/tex
mf/fonts/type1/public/lm/lmbx12.pfb></usr/share/texmf/fonts/type1/public/lm/lme
x10.pfb></usr/share/texmf/fonts/type1/public/lm/lmmi10.pfb></usr/share/texmf/fo
nts/type1/public/lm/lmmi12.pfb></usr/share/texmf/fonts/type1/public/lm/lmmi6.pf
b></usr/share/texmf/fonts/type1/public/lm/lmmi7.pfb></usr/share/texmf/fonts/typ
e1/public/lm/lmmi8.pfb></usr/share/texmf/fonts/type1/public/lm/lmr10.pfb></usr/
share/texmf/fonts/type1/public/lm/lmr12.pfb></usr/share/texmf/fonts/type1/publi
c/lm/lmr17.pfb></usr/share/texmf/fonts/type1/public/lm/lmr7.pfb></usr/share/tex
mf/fonts/type1/public/lm/lmr8.pfb></usr/share/texmf/fonts/type1/public/lm/lmri1
0.pfb></usr/share/texmf/fonts/type1/public/lm/lmsy10.pfb></usr/share/texmf/font
s/type1/public/lm/lmsy7.pfb></usr/share/texmf/fonts/type1/public/lm/lmsy8.pfb><
/usr/share/texmf/fonts/type1/public/lm/lmtt10.pfb></usr/share/texlive/texmf-dis
t/fonts/type1/public/amsfonts/symbols/msbm10.pfb>
Output written on main.pdf (11 pages, 350198 bytes).
Transcript written on main.log.
Latexmk: Found input bbl file 'main.bbl'
Latexmk: References changed.
Latexmk: Log file says output to 'main.pdf'
Latexmk: List of undefined refs and citations:
  Citation `BinghamGoldieTeugels1987' on page 2 undefined on input line 125
  Citation `BinghamGoldieTeugels1987' on page 3 undefined on input line 30
  Citation `Hilberdink2017' on page 10 undefined on input line 18
  Citation `Hilberdink2017' on page 2 undefined on input line 76
  Citation `Hilberdink2017' on page 3 undefined on input line 32
  Citation `Hilberdink2017' on page 4 undefined on input line 21
  Citation `HilberdinkPushnitski2023' on page 10 undefined on input line 27
  Citation `HilberdinkPushnitski2023' on page 2 undefined on input line 89
  Citation `HilberdinkPushnitski2023' on page 3 undefined on input line 72
  Citation `Simon2005' on page 2 undefined on input line 126
  Citation `Simon2005' on page 4 undefined on input line 91
Latexmk: Examining 'main.log'
=== TeX engine is 'pdfTeX'
Latexmk: Found bibliography file(s) [references.bib]
Rule 'bibtex main': File changes, etc:
   Changed files, or newly in use since previous run(s):
      'main.aux'
------------
Run number 2 of rule 'bibtex main'
------------
------------
Running 'bibtex  "main.aux"'
------------
Latexmk: applying rule 'bibtex main'...
This is BibTeX, Version 0.99d (TeX Live 2022/dev/Debian)
The top-level auxiliary file: main.aux
The style file: plainnat.bst
Database file #1: references.bib
Rule 'pdflatex': File changes, etc:
   Changed files, or newly in use since previous run(s):
      'main.aux'
------------
Run number 3 of rule 'pdflatex'
------------
------------
Running 'pdflatex  -interaction=nonstopmode -halt-on-error -file-line-error -recorder  "main.tex"'
------------
Latexmk: applying rule 'pdflatex'...
This is pdfTeX, Version 3.141592653-2.6-1.40.22 (TeX Live 2022/dev/Debian) (preloaded format=pdflatex)
 restricted \write18 enabled.
entering extended mode
(./main.tex
LaTeX2e <2021-11-15> patch level 1
L3 programming layer <2022-01-21>
(/usr/share/texlive/texmf-dist/tex/latex/base/article.cls
Document Class: article 2021/10/04 v1.4n Standard LaTeX document class
(/usr/share/texlive/texmf-dist/tex/latex/base/size11.clo))
(/usr/share/texlive/texmf-dist/tex/latex/base/fontenc.sty)
(/usr/share/texmf/tex/latex/lm/lmodern.sty)
(/usr/share/texlive/texmf-dist/tex/latex/geometry/geometry.sty
(/usr/share/texlive/texmf-dist/tex/latex/graphics/keyval.sty)
(/usr/share/texlive/texmf-dist/tex/generic/iftex/ifvtex.sty
(/usr/share/texlive/texmf-dist/tex/generic/iftex/iftex.sty)))
(/usr/share/texlive/texmf-dist/tex/latex/amsmath/amsmath.sty
For additional information on amsmath, use the `?' option.
(/usr/share/texlive/texmf-dist/tex/latex/amsmath/amstext.sty
(/usr/share/texlive/texmf-dist/tex/latex/amsmath/amsgen.sty))
(/usr/share/texlive/texmf-dist/tex/latex/amsmath/amsbsy.sty)
(/usr/share/texlive/texmf-dist/tex/latex/amsmath/amsopn.sty))
(/usr/share/texlive/texmf-dist/tex/latex/amsfonts/amssymb.sty
(/usr/share/texlive/texmf-dist/tex/latex/amsfonts/amsfonts.sty))
(/usr/share/texlive/texmf-dist/tex/latex/amscls/amsthm.sty)
(/usr/share/texlive/texmf-dist/tex/latex/mathtools/mathtools.sty
(/usr/share/texlive/texmf-dist/tex/latex/tools/calc.sty)
(/usr/share/texlive/texmf-dist/tex/latex/mathtools/mhsetup.sty))
(/usr/share/texlive/texmf-dist/tex/latex/microtype/microtype.sty
(/usr/share/texlive/texmf-dist/tex/latex/etoolbox/etoolbox.sty)
(/usr/share/texlive/texmf-dist/tex/latex/microtype/microtype-pdftex.def)
(/usr/share/texlive/texmf-dist/tex/latex/microtype/microtype.cfg))
(/usr/share/texlive/texmf-dist/tex/latex/booktabs/booktabs.sty)
(/usr/share/texlive/texmf-dist/tex/latex/tools/tabularx.sty
(/usr/share/texlive/texmf-dist/tex/latex/tools/array.sty))
(/usr/share/texlive/texmf-dist/tex/latex/natbib/natbib.sty)
(/usr/share/texlive/texmf-dist/tex/latex/hyperref/hyperref.sty
(/usr/share/texlive/texmf-dist/tex/generic/ltxcmds/ltxcmds.sty)
(/usr/share/texlive/texmf-dist/tex/generic/pdftexcmds/pdftexcmds.sty
(/usr/share/texlive/texmf-dist/tex/generic/infwarerr/infwarerr.sty))
(/usr/share/texlive/texmf-dist/tex/generic/kvsetkeys/kvsetkeys.sty)
(/usr/share/texlive/texmf-dist/tex/generic/kvdefinekeys/kvdefinekeys.sty)
(/usr/share/texlive/texmf-dist/tex/generic/pdfescape/pdfescape.sty)
(/usr/share/texlive/texmf-dist/tex/latex/hycolor/hycolor.sty)
(/usr/share/texlive/texmf-dist/tex/latex/letltxmacro/letltxmacro.sty)
(/usr/share/texlive/texmf-dist/tex/latex/auxhook/auxhook.sty)
(/usr/share/texlive/texmf-dist/tex/latex/kvoptions/kvoptions.sty)
(/usr/share/texlive/texmf-dist/tex/latex/hyperref/pd1enc.def)
(/usr/share/texlive/texmf-dist/tex/latex/hyperref/hyperref-langpatches.def)
(/usr/share/texlive/texmf-dist/tex/generic/intcalc/intcalc.sty)
(/usr/share/texlive/texmf-dist/tex/generic/etexcmds/etexcmds.sty)
(/usr/share/texlive/texmf-dist/tex/latex/hyperref/puenc.def)
(/usr/share/texlive/texmf-dist/tex/latex/url/url.sty)
(/usr/share/texlive/texmf-dist/tex/generic/bitset/bitset.sty
(/usr/share/texlive/texmf-dist/tex/generic/bigintcalc/bigintcalc.sty))
(/usr/share/texlive/texmf-dist/tex/latex/base/atbegshi-ltx.sty))
(/usr/share/texlive/texmf-dist/tex/latex/hyperref/hpdftex.def
(/usr/share/texlive/texmf-dist/tex/latex/base/atveryend-ltx.sty)
(/usr/share/texlive/texmf-dist/tex/latex/rerunfilecheck/rerunfilecheck.sty
(/usr/share/texlive/texmf-dist/tex/generic/uniquecounter/uniquecounter.sty)))
(./math_commands.tex) (/usr/share/texmf/tex/latex/lm/t1lmr.fd)
(/usr/share/texlive/texmf-dist/tex/latex/l3backend/l3backend-pdftex.def)
(./main.aux)
*geometry* driver: auto-detecting
*geometry* detected driver: pdftex
(/usr/share/texlive/texmf-dist/tex/latex/graphics/graphicx.sty
(/usr/share/texlive/texmf-dist/tex/latex/graphics/graphics.sty
(/usr/share/texlive/texmf-dist/tex/latex/graphics/trig.sty)
(/usr/share/texlive/texmf-dist/tex/latex/graphics-cfg/graphics.cfg)
(/usr/share/texlive/texmf-dist/tex/latex/graphics-def/pdftex.def
(/usr/share/texlive/texmf-dist/tex/context/base/mkii/supp-pdf.mkii
[Loading MPS to PDF converter (version 2006.09.02).]
))) (/usr/share/texlive/texmf-dist/tex/latex/epstopdf-pkg/epstopdf-base.sty
(/usr/share/texlive/texmf-dist/tex/latex/latexconfig/epstopdf-sys.cfg)))
(/usr/share/texlive/texmf-dist/tex/latex/microtype/mt-cmr.cfg)
(/usr/share/texlive/texmf-dist/tex/latex/hyperref/nameref.sty
(/usr/share/texlive/texmf-dist/tex/latex/refcount/refcount.sty)
(/usr/share/texlive/texmf-dist/tex/generic/gettitlestring/gettitlestring.sty))
(./main.out) (./main.out) (/usr/share/texmf/tex/latex/lm/ot1lmr.fd)
(/usr/share/texmf/tex/latex/lm/omllmm.fd)
(/usr/share/texmf/tex/latex/lm/omslmsy.fd)
(/usr/share/texmf/tex/latex/lm/omxlmex.fd)
(/usr/share/texlive/texmf-dist/tex/latex/amsfonts/umsa.fd)
(/usr/share/texlive/texmf-dist/tex/latex/microtype/mt-msa.cfg)
(/usr/share/texlive/texmf-dist/tex/latex/amsfonts/umsb.fd)
(/usr/share/texlive/texmf-dist/tex/latex/microtype/mt-msb.cfg)
(./sections/0_abstract.tex) (./sections/1_introduction.tex [1{/var/lib/texmf/fo
nts/map/pdftex/updmap/pdftex.map}] [2]) (./sections/2_framework.tex [3])
(./sections/3_gram_limit.tex [4] [5]) (./sections/4_uniform_tails.tex [6])
(./sections/5_ideal_convergence.tex [7]) (./sections/6_consequences.tex
[8] [9]) (./sections/7_scope.tex) (./sections/8_declarations.tex) (./main.bbl
[10] (/usr/share/texmf/tex/latex/lm/t1lmtt.fd)) [11] (./main.aux) ){/usr/share/
texmf/fonts/enc/dvips/lm/lm-ec.enc}{/usr/share/texmf/fonts/enc/dvips/lm/lm-math
it.enc}{/usr/share/texmf/fonts/enc/dvips/lm/lm-mathex.enc}{/usr/share/texmf/fon
ts/enc/dvips/lm/lm-rm.enc}{/usr/share/texmf/fonts/enc/dvips/lm/lm-mathsy.enc}</
usr/share/texmf/fonts/type1/public/lm/lmbx10.pfb></usr/share/texmf/fonts/type1/
public/lm/lmbx12.pfb></usr/share/texmf/fonts/type1/public/lm/lmex10.pfb></usr/s
hare/texmf/fonts/type1/public/lm/lmmi10.pfb></usr/share/texmf/fonts/type1/publi
c/lm/lmmi12.pfb></usr/share/texmf/fonts/type1/public/lm/lmmi6.pfb></usr/share/t
exmf/fonts/type1/public/lm/lmmi7.pfb></usr/share/texmf/fonts/type1/public/lm/lm
mi8.pfb></usr/share/texmf/fonts/type1/public/lm/lmr10.pfb></usr/share/texmf/fon
ts/type1/public/lm/lmr12.pfb></usr/share/texmf/fonts/type1/public/lm/lmr17.pfb>
</usr/share/texmf/fonts/type1/public/lm/lmr7.pfb></usr/share/texmf/fonts/type1/
public/lm/lmr8.pfb></usr/share/texmf/fonts/type1/public/lm/lmri10.pfb></usr/sha
re/texmf/fonts/type1/public/lm/lmsy10.pfb></usr/share/texmf/fonts/type1/public/
lm/lmsy7.pfb></usr/share/texmf/fonts/type1/public/lm/lmsy8.pfb></usr/share/texm
f/fonts/type1/public/lm/lmtt10.pfb></usr/share/texlive/texmf-dist/fonts/type1/p
ublic/amsfonts/symbols/msbm10.pfb>
Output written on main.pdf (11 pages, 350553 bytes).
Transcript written on main.log.
Latexmk: Found input bbl file 'main.bbl'
Latexmk: Log file says output to 'main.pdf'
Latexmk: Examining 'main.log'
=== TeX engine is 'pdfTeX'
Latexmk: Found bibliography file(s) [references.bib]
Latexmk: All targets (main.pdf) are up-to-date
