Rc files read:
  /etc/LatexMk
Latexmk: This is Latexmk, John Collins, 20 November 2021, version: 4.76.
Rule 'pdflatex': File changes, etc:
   Changed files, or newly in use since previous run(s):
      'main.tex'
------------
Run number 1 of rule 'pdflatex'
------------
------------
Running 'pdflatex  -interaction=nonstopmode -halt-on-error -file-line-error -recorder -output-directory="builds/round1_revised"  "main.tex"'
------------
Latexmk: applying rule 'pdflatex'...
This is pdfTeX, Version 3.141592653-2.6-1.40.22 (TeX Live 2022/dev/Debian) (preloaded format=pdflatex)
 restricted \write18 enabled.
entering extended mode
(./main.tex
LaTeX2e <2021-11-15> patch level 1
L3 programming layer <2022-01-21>
(/usr/share/texlive/texmf-dist/tex/latex/base/article.cls
Document Class: article 2021/10/04 v1.4n Standard LaTeX document class
(/usr/share/texlive/texmf-dist/tex/latex/base/size11.clo))
(/usr/share/texlive/texmf-dist/tex/latex/geometry/geometry.sty
(/usr/share/texlive/texmf-dist/tex/latex/graphics/keyval.sty)
(/usr/share/texlive/texmf-dist/tex/generic/iftex/ifvtex.sty
(/usr/share/texlive/texmf-dist/tex/generic/iftex/iftex.sty)))
(/usr/share/texlive/texmf-dist/tex/latex/base/fontenc.sty)
(/usr/share/texmf/tex/latex/lm/lmodern.sty)
(/usr/share/texlive/texmf-dist/tex/latex/amsmath/amsmath.sty
For additional information on amsmath, use the `?' option.
(/usr/share/texlive/texmf-dist/tex/latex/amsmath/amstext.sty
(/usr/share/texlive/texmf-dist/tex/latex/amsmath/amsgen.sty))
(/usr/share/texlive/texmf-dist/tex/latex/amsmath/amsbsy.sty)
(/usr/share/texlive/texmf-dist/tex/latex/amsmath/amsopn.sty))
(/usr/share/texlive/texmf-dist/tex/latex/amsfonts/amssymb.sty
(/usr/share/texlive/texmf-dist/tex/latex/amsfonts/amsfonts.sty))
(/usr/share/texlive/texmf-dist/tex/latex/amscls/amsthm.sty)
(/usr/share/texlive/texmf-dist/tex/latex/mathtools/mathtools.sty
(/usr/share/texlive/texmf-dist/tex/latex/tools/calc.sty)
(/usr/share/texlive/texmf-dist/tex/latex/mathtools/mhsetup.sty))
(/usr/share/texlive/texmf-dist/tex/latex/booktabs/booktabs.sty)
(/usr/share/texlive/texmf-dist/tex/latex/tools/array.sty)
(/usr/share/texlive/texmf-dist/tex/latex/tools/longtable.sty)
(/usr/share/texlive/texmf-dist/tex/latex/natbib/natbib.sty)
(/usr/share/texlive/texmf-dist/tex/latex/xcolor/xcolor.sty
(/usr/share/texlive/texmf-dist/tex/latex/graphics-cfg/color.cfg)
(/usr/share/texlive/texmf-dist/tex/latex/graphics-def/pdftex.def))
(/usr/share/texlive/texmf-dist/tex/latex/hyperref/hyperref.sty
(/usr/share/texlive/texmf-dist/tex/generic/ltxcmds/ltxcmds.sty)
(/usr/share/texlive/texmf-dist/tex/generic/pdftexcmds/pdftexcmds.sty
(/usr/share/texlive/texmf-dist/tex/generic/infwarerr/infwarerr.sty))
(/usr/share/texlive/texmf-dist/tex/generic/kvsetkeys/kvsetkeys.sty)
(/usr/share/texlive/texmf-dist/tex/generic/kvdefinekeys/kvdefinekeys.sty)
(/usr/share/texlive/texmf-dist/tex/generic/pdfescape/pdfescape.sty)
(/usr/share/texlive/texmf-dist/tex/latex/hycolor/hycolor.sty)
(/usr/share/texlive/texmf-dist/tex/latex/letltxmacro/letltxmacro.sty)
(/usr/share/texlive/texmf-dist/tex/latex/auxhook/auxhook.sty)
(/usr/share/texlive/texmf-dist/tex/latex/kvoptions/kvoptions.sty)
(/usr/share/texlive/texmf-dist/tex/latex/hyperref/pd1enc.def)
(/usr/share/texlive/texmf-dist/tex/latex/hyperref/hyperref-langpatches.def)
(/usr/share/texlive/texmf-dist/tex/generic/intcalc/intcalc.sty)
(/usr/share/texlive/texmf-dist/tex/generic/etexcmds/etexcmds.sty)
(/usr/share/texlive/texmf-dist/tex/latex/hyperref/puenc.def)
(/usr/share/texlive/texmf-dist/tex/latex/url/url.sty)
(/usr/share/texlive/texmf-dist/tex/generic/bitset/bitset.sty
(/usr/share/texlive/texmf-dist/tex/generic/bigintcalc/bigintcalc.sty))
(/usr/share/texlive/texmf-dist/tex/latex/base/atbegshi-ltx.sty))
(/usr/share/texlive/texmf-dist/tex/latex/hyperref/hpdftex.def
(/usr/share/texlive/texmf-dist/tex/latex/base/atveryend-ltx.sty)
(/usr/share/texlive/texmf-dist/tex/latex/rerunfilecheck/rerunfilecheck.sty
(/usr/share/texlive/texmf-dist/tex/generic/uniquecounter/uniquecounter.sty)))
(./math_commands.tex) (/usr/share/texmf/tex/latex/lm/t1lmr.fd)
(/usr/share/texlive/texmf-dist/tex/latex/l3backend/l3backend-pdftex.def)
(builds/round1_revised/main.aux)
*geometry* driver: auto-detecting
*geometry* detected driver: pdftex
(/usr/share/texlive/texmf-dist/tex/latex/graphics/graphicx.sty
(/usr/share/texlive/texmf-dist/tex/latex/graphics/graphics.sty
(/usr/share/texlive/texmf-dist/tex/latex/graphics/trig.sty)
(/usr/share/texlive/texmf-dist/tex/latex/graphics-cfg/graphics.cfg)))
(/usr/share/texlive/texmf-dist/tex/context/base/mkii/supp-pdf.mkii
[Loading MPS to PDF converter (version 2006.09.02).]
) (/usr/share/texlive/texmf-dist/tex/latex/epstopdf-pkg/epstopdf-base.sty
(/usr/share/texlive/texmf-dist/tex/latex/latexconfig/epstopdf-sys.cfg))
(/usr/share/texlive/texmf-dist/tex/latex/hyperref/nameref.sty
(/usr/share/texlive/texmf-dist/tex/latex/refcount/refcount.sty)
(/usr/share/texlive/texmf-dist/tex/generic/gettitlestring/gettitlestring.sty))
(/usr/share/texmf/tex/latex/lm/ot1lmr.fd)
(/usr/share/texmf/tex/latex/lm/omllmm.fd)
(/usr/share/texmf/tex/latex/lm/omslmsy.fd)
(/usr/share/texmf/tex/latex/lm/omxlmex.fd)
(/usr/share/texlive/texmf-dist/tex/latex/amsfonts/umsa.fd)
(/usr/share/texlive/texmf-dist/tex/latex/amsfonts/umsb.fd)
(./sections/00_abstract.tex) (./sections/01_statement.tex [1{/var/lib/texmf/fon
ts/map/pdftex/updmap/pdftex.map}]

LaTeX Warning: Reference `eq:linear-set' on page 2 undefined on input line 42.


Package natbib Warning: Citation `c421' on page 2 undefined on input line 56.


LaTeX Warning: Reference `eq:linear-set' on page 2 undefined on input line 64.


Package natbib Warning: Citation `huTanZhang2015' on page 2 undefined on input 
line 69.


Package natbib Warning: Citation `whang2023' on page 2 undefined on input line 
71.


Package natbib Warning: Citation `ginsburgSpanier1966' on page 2 undefined on i
nput line 75.


LaTeX Warning: Reference `sec:period' on page 2 undefined on input line 86.


LaTeX Warning: Reference `sec:cone' on page 2 undefined on input line 87.

[2]

LaTeX Warning: Reference `eq:map' on page 3 undefined on input line 113.


LaTeX Warning: Reference `sec:blocks' on page 3 undefined on input line 116.


LaTeX Warning: Reference `sec:period' on page 3 undefined on input line 117.


LaTeX Warning: Reference `sec:atlas' on page 3 undefined on input line 117.

) (./sections/02_blocks.tex

LaTeX Warning: Reference `eq:local-product-bound' on page 3 undefined on input 
line 40.

[3]

LaTeX Warning: Reference `lem:internal' on page 4 undefined on input line 72.


LaTeX Warning: Reference `eq:block-relations' on page 4 undefined on input line
 84.


LaTeX Warning: Reference `eq:recurrence' on page 4 undefined on input line 111.



LaTeX Warning: Reference `lem:internal' on page 4 undefined on input line 116.


LaTeX Warning: Reference `lem:large-block' on page 4 undefined on input line 12
0.

) (./sections/03_classical.tex

Package natbib Warning: Citation `whang2023' on page 4 undefined on input line 
16.

[4]

LaTeX Warning: Reference `lem:near-identity' on page 5 undefined on input line 
66.


LaTeX Warning: Reference `eq:inverse' on page 5 undefined on input line 71.


Package natbib Warning: Citation `ginsburgSpanier1966' on page 5 undefined on i
nput line 80.

[5]

LaTeX Warning: Reference `eq:integer-system' on page 6 undefined on input line 
136.


LaTeX Warning: Reference `eq:linear-set' on page 6 undefined on input line 139.


) (./sections/04_atlas.tex

LaTeX Warning: Reference `eq:period-divisor' on page 6 undefined on input line 
5.


LaTeX Warning: Reference `prop:period-divisor' on page 6 undefined on input lin
e 6.

[6]

LaTeX Warning: Reference `tab:tags' on page 7 undefined on input line 29.


LaTeX Warning: Reference `cor:window' on page 7 undefined on input line 53.


LaTeX Warning: Reference `cor:window' on page 7 undefined on input line 53.


LaTeX Warning: Reference `eq:large-tags' on page 7 undefined on input line 57.


LaTeX Warning: Reference `eq:linear-recurrence' on page 7 undefined on input li
ne 58.


LaTeX Warning: Reference `lem:cone' on page 7 undefined on input line 60.


LaTeX Warning: Reference `cor:window' on page 7 undefined on input line 72.


LaTeX Warning: Reference `eq:linear-recurrence' on page 7 undefined on input li
ne 75.


LaTeX Warning: Reference `eq:large-tags' on page 7 undefined on input line 78.


LaTeX Warning: Reference `eq:linear-recurrence' on page 7 undefined on input li
ne 81.


LaTeX Warning: Reference `lem:cone' on page 7 undefined on input line 105.

[7]

LaTeX Warning: Reference `eq:r-periodic' on page 8 undefined on input line 108.



LaTeX Warning: Reference `eq:exclude-period' on page 8 undefined on input line 
109.


LaTeX Warning: Reference `lem:cone' on page 8 undefined on input line 142.


LaTeX Warning: Reference `eq:atlas' on page 8 undefined on input line 153.


LaTeX Warning: Reference `thm:main' on page 8 undefined on input line 155.

) (./sections/05_completion.tex

Package natbib Warning: Citation `c421' on page 8 undefined on input line 8.

[8]

LaTeX Warning: Reference `eq:linear-set' on page 9 undefined on input line 32.


LaTeX Warning: Reference `thm:main' on page 9 undefined on input line 34.


LaTeX Warning: Reference `app:height' on page 9 undefined on input line 46.


LaTeX Warning: Reference `eq:level-bound' on page 9 undefined on input line 61.


[9]

LaTeX Warning: Reference `eq:level-zeta' on page 10 undefined on input line 115
.

)
No file main.bbl.
[10] (./sections/appendix_height.tex

Package natbib Warning: Citation `huTanZhang2015' on page 11 undefined on input
 line 7.


Package natbib Warning: Citation `maloniPalesiTan2015' on page 11 undefined on 
input line 9.


Package natbib Warning: Citation `shin2023' on page 11 undefined on input line 
11.


LaTeX Warning: Reference `eq:local-height-target' on page 11 undefined on input
 line 60.


LaTeX Warning: Reference `eq:fork-two' on page 11 undefined on input line 64.


LaTeX Warning: Reference `eq:fork-sum' on page 11 undefined on input line 66.


LaTeX Warning: Reference `eq:local-height-target' on page 11 undefined on input
 line 68.


LaTeX Warning: Reference `eq:fork-difference' on page 11 undefined on input lin
e 81.


LaTeX Warning: Reference `eq:fork-two' on page 11 undefined on input line 86.

[11]

LaTeX Warning: Reference `eq:fork-two' on page 12 undefined on input line 108.


LaTeX Warning: Reference `eq:fork-difference' on page 12 undefined on input lin
e 119.


LaTeX Warning: Reference `eq:fork-difference' on page 12 undefined on input lin
e 136.


LaTeX Warning: Reference `eq:degenerate-product' on page 12 undefined on input 
line 138.


LaTeX Warning: Reference `eq:local-height-target' on page 12 undefined on input
 line 140.

)

Package natbib Warning: There were undefined citations.

[12] (builds/round1_revised/main.aux)

LaTeX Warning: There were undefined references.


LaTeX Warning: Label(s) may have changed. Rerun to get cross-references right.


Package rerunfilecheck Warning: File `main.out' has changed.
(rerunfilecheck)                Rerun to get outlines right
(rerunfilecheck)                or use package `bookmark'.

 ){/usr/share/texmf/fonts/enc/dvips/lm/lm-mathsy.enc}{/usr/share/texmf/fonts/en
c/dvips/lm/lm-mathit.enc}{/usr/share/texmf/fonts/enc/dvips/lm/lm-ec.enc}{/usr/s
hare/texmf/fonts/enc/dvips/lm/lm-mathex.enc}{/usr/share/texmf/fonts/enc/dvips/l
m/lm-rm.enc}</usr/share/texmf/fonts/type1/public/lm/lmbx10.pfb></usr/share/texm
f/fonts/type1/public/lm/lmbx12.pfb></usr/share/texmf/fonts/type1/public/lm/lmex
10.pfb></usr/share/texmf/fonts/type1/public/lm/lmmi10.pfb></usr/share/texmf/fon
ts/type1/public/lm/lmmi6.pfb></usr/share/texmf/fonts/type1/public/lm/lmmi7.pfb>
</usr/share/texmf/fonts/type1/public/lm/lmmi8.pfb></usr/share/texmf/fonts/type1
/public/lm/lmr10.pfb></usr/share/texmf/fonts/type1/public/lm/lmr12.pfb></usr/sh
are/texmf/fonts/type1/public/lm/lmr17.pfb></usr/share/texmf/fonts/type1/public/
lm/lmr7.pfb></usr/share/texmf/fonts/type1/public/lm/lmr8.pfb></usr/share/texmf/
fonts/type1/public/lm/lmri10.pfb></usr/share/texmf/fonts/type1/public/lm/lmsy10
.pfb></usr/share/texmf/fonts/type1/public/lm/lmsy6.pfb></usr/share/texmf/fonts/
type1/public/lm/lmsy8.pfb></usr/share/texlive/texmf-dist/fonts/type1/public/ams
fonts/symbols/msbm10.pfb>
Output written on builds/round1_revised/main.pdf (12 pages, 314141 bytes).
Transcript written on builds/round1_revised/main.log.
Latexmk: Missing bbl file 'builds/round1_revised/main.bbl' in following:
 No file main.bbl.
Latexmk: References changed.
Latexmk: References changed.
Latexmk: Log file says output to 'builds/round1_revised/main.pdf'
Latexmk: List of undefined refs and citations:
  Citation `c421' on page 2 undefined on input line 56
  Citation `c421' on page 8 undefined on input line 8
  Citation `ginsburgSpanier1966' on page 2 undefined on input line 75
  Citation `ginsburgSpanier1966' on page 5 undefined on input line 80
  Citation `huTanZhang2015' on page 11 undefined on input line 7
  Citation `huTanZhang2015' on page 2 undefined on input line 69
  Citation `maloniPalesiTan2015' on page 11 undefined on input line 9
  Citation `shin2023' on page 11 undefined on input line 11
  Citation `whang2023' on page 2 undefined on input line 71
  Citation `whang2023' on page 4 undefined on input line 16
  Reference `app:height' on page 9 undefined on input line 46
  Reference `cor:window' on page 7 undefined on input line 53
  Reference `cor:window' on page 7 undefined on input line 72
  Reference `eq:atlas' on page 8 undefined on input line 153
  Reference `eq:block-relations' on page 4 undefined on input line 84
  Reference `eq:degenerate-product' on page 12 undefined on input line 138
  Reference `eq:exclude-period' on page 8 undefined on input line 109
  Reference `eq:fork-difference' on page 11 undefined on input line 81
  Reference `eq:fork-difference' on page 12 undefined on input line 119
  Reference `eq:fork-difference' on page 12 undefined on input line 136
  Reference `eq:fork-sum' on page 11 undefined on input line 66
  Reference `eq:fork-two' on page 11 undefined on input line 64
  Reference `eq:fork-two' on page 11 undefined on input line 86
  Reference `eq:fork-two' on page 12 undefined on input line 108
  Reference `eq:integer-system' on page 6 undefined on input line 136
  Reference `eq:inverse' on page 5 undefined on input line 71
  Reference `eq:large-tags' on page 7 undefined on input line 57
  Reference `eq:large-tags' on page 7 undefined on input line 78
  Reference `eq:level-bound' on page 9 undefined on input line 61
  Reference `eq:level-zeta' on page 10 undefined on input line 115
  Reference `eq:linear-recurrence' on page 7 undefined on input line 58
  Reference `eq:linear-recurrence' on page 7 undefined on input line 75
  Reference `eq:linear-recurrence' on page 7 undefined on input line 81
  Reference `eq:linear-set' on page 2 undefined on input line 42
  Reference `eq:linear-set' on page 2 undefined on input line 64
  Reference `eq:linear-set' on page 6 undefined on input line 139
  Reference `eq:linear-set' on page 9 undefined on input line 32
  Reference `eq:local-height-target' on page 11 undefined on input line 60
  Reference `eq:local-height-target' on page 11 undefined on input line 68
  Reference `eq:local-height-target' on page 12 undefined on input line 140
  Reference `eq:local-product-bound' on page 3 undefined on input line 40
  Reference `eq:map' on page 3 undefined on input line 113
  Reference `eq:period-divisor' on page 6 undefined on input line 5
  Reference `eq:r-periodic' on page 8 undefined on input line 108
  Reference `eq:recurrence' on page 4 undefined on input line 111
  Reference `lem:cone' on page 7 undefined on input line 105
  Reference `lem:cone' on page 7 undefined on input line 60
  Reference `lem:cone' on page 8 undefined on input line 142
  Reference `lem:internal' on page 4 undefined on input line 116
  Reference `lem:internal' on page 4 undefined on input line 72
  Reference `lem:large-block' on page 4 undefined on input line 120
  Reference `lem:near-identity' on page 5 undefined on input line 66
  Reference `prop:period-divisor' on page 6 undefined on input line 6
  Reference `sec:atlas' on page 3 undefined on input line 117
  Reference `sec:blocks' on page 3 undefined on input line 116
  Reference `sec:cone' on page 2 undefined on input line 87
  Reference `sec:period' on page 2 undefined on input line 86
  Reference `sec:period' on page 3 undefined on input line 117
  Reference `tab:tags' on page 7 undefined on input line 29
  Reference `thm:main' on page 8 undefined on input line 155
  Reference `thm:main' on page 9 undefined on input line 34
Latexmk: Examining 'builds/round1_revised/main.log'
=== TeX engine is 'pdfTeX'
Latexmk: Found bibliography file(s) [references.bib]
Rule 'bibtex builds/round1_revised/main': File changes, etc:
   Changed files, or newly in use since previous run(s):
      'builds/round1_revised/main.aux'
------------
Run number 1 of rule 'bibtex builds/round1_revised/main'
------------
Latexmk: applying rule 'bibtex builds/round1_revised/main'...
------------
Running 'bibtex  "main.aux"'
------------
Latexmk: Change directory to 'builds/round1_revised/'.
To assist finding of files in document
directory, I set
  BIBINPUTS='/root/autodl-tmp/hilbert-polya-structure/henon_dynamics/research_c424_c428/papers/C427_vieta_semilinear:builds/round1_revised:'
  BSTINPUTS='/root/autodl-tmp/hilbert-polya-structure/henon_dynamics/research_c424_c428/papers/C427_vieta_semilinear:'.
This is BibTeX, Version 0.99d (TeX Live 2022/dev/Debian)
The top-level auxiliary file: main.aux
The style file: plainnat.bst
Database file #1: references.bib
Rule 'pdflatex': File changes, etc:
   Changed files, or newly in use since previous run(s):
      'builds/round1_revised/main.aux'
      'builds/round1_revised/main.bbl'
      'builds/round1_revised/main.out'
------------
Run number 2 of rule 'pdflatex'
------------
------------
Running 'pdflatex  -interaction=nonstopmode -halt-on-error -file-line-error -recorder -output-directory="builds/round1_revised"  "main.tex"'
------------
Latexmk: Change directory back to '/root/autodl-tmp/hilbert-polya-structure/henon_dynamics/research_c424_c428/papers/C427_vieta_semilinear'
Latexmk: applying rule 'pdflatex'...
This is pdfTeX, Version 3.141592653-2.6-1.40.22 (TeX Live 2022/dev/Debian) (preloaded format=pdflatex)
 restricted \write18 enabled.
entering extended mode
(./main.tex
LaTeX2e <2021-11-15> patch level 1
L3 programming layer <2022-01-21>
(/usr/share/texlive/texmf-dist/tex/latex/base/article.cls
Document Class: article 2021/10/04 v1.4n Standard LaTeX document class
(/usr/share/texlive/texmf-dist/tex/latex/base/size11.clo))
(/usr/share/texlive/texmf-dist/tex/latex/geometry/geometry.sty
(/usr/share/texlive/texmf-dist/tex/latex/graphics/keyval.sty)
(/usr/share/texlive/texmf-dist/tex/generic/iftex/ifvtex.sty
(/usr/share/texlive/texmf-dist/tex/generic/iftex/iftex.sty)))
(/usr/share/texlive/texmf-dist/tex/latex/base/fontenc.sty)
(/usr/share/texmf/tex/latex/lm/lmodern.sty)
(/usr/share/texlive/texmf-dist/tex/latex/amsmath/amsmath.sty
For additional information on amsmath, use the `?' option.
(/usr/share/texlive/texmf-dist/tex/latex/amsmath/amstext.sty
(/usr/share/texlive/texmf-dist/tex/latex/amsmath/amsgen.sty))
(/usr/share/texlive/texmf-dist/tex/latex/amsmath/amsbsy.sty)
(/usr/share/texlive/texmf-dist/tex/latex/amsmath/amsopn.sty))
(/usr/share/texlive/texmf-dist/tex/latex/amsfonts/amssymb.sty
(/usr/share/texlive/texmf-dist/tex/latex/amsfonts/amsfonts.sty))
(/usr/share/texlive/texmf-dist/tex/latex/amscls/amsthm.sty)
(/usr/share/texlive/texmf-dist/tex/latex/mathtools/mathtools.sty
(/usr/share/texlive/texmf-dist/tex/latex/tools/calc.sty)
(/usr/share/texlive/texmf-dist/tex/latex/mathtools/mhsetup.sty))
(/usr/share/texlive/texmf-dist/tex/latex/booktabs/booktabs.sty)
(/usr/share/texlive/texmf-dist/tex/latex/tools/array.sty)
(/usr/share/texlive/texmf-dist/tex/latex/tools/longtable.sty)
(/usr/share/texlive/texmf-dist/tex/latex/natbib/natbib.sty)
(/usr/share/texlive/texmf-dist/tex/latex/xcolor/xcolor.sty
(/usr/share/texlive/texmf-dist/tex/latex/graphics-cfg/color.cfg)
(/usr/share/texlive/texmf-dist/tex/latex/graphics-def/pdftex.def))
(/usr/share/texlive/texmf-dist/tex/latex/hyperref/hyperref.sty
(/usr/share/texlive/texmf-dist/tex/generic/ltxcmds/ltxcmds.sty)
(/usr/share/texlive/texmf-dist/tex/generic/pdftexcmds/pdftexcmds.sty
(/usr/share/texlive/texmf-dist/tex/generic/infwarerr/infwarerr.sty))
(/usr/share/texlive/texmf-dist/tex/generic/kvsetkeys/kvsetkeys.sty)
(/usr/share/texlive/texmf-dist/tex/generic/kvdefinekeys/kvdefinekeys.sty)
(/usr/share/texlive/texmf-dist/tex/generic/pdfescape/pdfescape.sty)
(/usr/share/texlive/texmf-dist/tex/latex/hycolor/hycolor.sty)
(/usr/share/texlive/texmf-dist/tex/latex/letltxmacro/letltxmacro.sty)
(/usr/share/texlive/texmf-dist/tex/latex/auxhook/auxhook.sty)
(/usr/share/texlive/texmf-dist/tex/latex/kvoptions/kvoptions.sty)
(/usr/share/texlive/texmf-dist/tex/latex/hyperref/pd1enc.def)
(/usr/share/texlive/texmf-dist/tex/latex/hyperref/hyperref-langpatches.def)
(/usr/share/texlive/texmf-dist/tex/generic/intcalc/intcalc.sty)
(/usr/share/texlive/texmf-dist/tex/generic/etexcmds/etexcmds.sty)
(/usr/share/texlive/texmf-dist/tex/latex/hyperref/puenc.def)
(/usr/share/texlive/texmf-dist/tex/latex/url/url.sty)
(/usr/share/texlive/texmf-dist/tex/generic/bitset/bitset.sty
(/usr/share/texlive/texmf-dist/tex/generic/bigintcalc/bigintcalc.sty))
(/usr/share/texlive/texmf-dist/tex/latex/base/atbegshi-ltx.sty))
(/usr/share/texlive/texmf-dist/tex/latex/hyperref/hpdftex.def
(/usr/share/texlive/texmf-dist/tex/latex/base/atveryend-ltx.sty)
(/usr/share/texlive/texmf-dist/tex/latex/rerunfilecheck/rerunfilecheck.sty
(/usr/share/texlive/texmf-dist/tex/generic/uniquecounter/uniquecounter.sty)))
(./math_commands.tex) (/usr/share/texmf/tex/latex/lm/t1lmr.fd)
(/usr/share/texlive/texmf-dist/tex/latex/l3backend/l3backend-pdftex.def)
(builds/round1_revised/main.aux)
*geometry* driver: auto-detecting
*geometry* detected driver: pdftex
(/usr/share/texlive/texmf-dist/tex/latex/graphics/graphicx.sty
(/usr/share/texlive/texmf-dist/tex/latex/graphics/graphics.sty
(/usr/share/texlive/texmf-dist/tex/latex/graphics/trig.sty)
(/usr/share/texlive/texmf-dist/tex/latex/graphics-cfg/graphics.cfg)))
(/usr/share/texlive/texmf-dist/tex/context/base/mkii/supp-pdf.mkii
[Loading MPS to PDF converter (version 2006.09.02).]
) (/usr/share/texlive/texmf-dist/tex/latex/epstopdf-pkg/epstopdf-base.sty
(/usr/share/texlive/texmf-dist/tex/latex/latexconfig/epstopdf-sys.cfg))
(/usr/share/texlive/texmf-dist/tex/latex/hyperref/nameref.sty
(/usr/share/texlive/texmf-dist/tex/latex/refcount/refcount.sty)
(/usr/share/texlive/texmf-dist/tex/generic/gettitlestring/gettitlestring.sty))
(builds/round1_revised/main.out) (builds/round1_revised/main.out)
(/usr/share/texmf/tex/latex/lm/ot1lmr.fd)
(/usr/share/texmf/tex/latex/lm/omllmm.fd)
(/usr/share/texmf/tex/latex/lm/omslmsy.fd)
(/usr/share/texmf/tex/latex/lm/omxlmex.fd)
(/usr/share/texlive/texmf-dist/tex/latex/amsfonts/umsa.fd)
(/usr/share/texlive/texmf-dist/tex/latex/amsfonts/umsb.fd)
(./sections/00_abstract.tex) (./sections/01_statement.tex [1{/var/lib/texmf/fon
ts/map/pdftex/updmap/pdftex.map}]

Package natbib Warning: Citation `c421' on page 2 undefined on input line 56.


Package natbib Warning: Citation `huTanZhang2015' on page 2 undefined on input 
line 69.


Package natbib Warning: Citation `whang2023' on page 2 undefined on input line 
71.


Package natbib Warning: Citation `ginsburgSpanier1966' on page 2 undefined on i
nput line 75.

[2]) (./sections/02_blocks.tex [3]) (./sections/03_classical.tex

Package natbib Warning: Citation `whang2023' on page 4 undefined on input line 
16.

[4]

Package natbib Warning: Citation `ginsburgSpanier1966' on page 5 undefined on i
nput line 80.

[5]) (./sections/04_atlas.tex [6] [7]) (./sections/05_completion.tex

Package natbib Warning: Citation `c421' on page 8 undefined on input line 8.

[8] [9]) (builds/round1_revised/main.bbl
(/usr/share/texmf/tex/latex/lm/t1lmtt.fd) [10]) [11]
(./sections/appendix_height.tex

Package natbib Warning: Citation `huTanZhang2015' on page 12 undefined on input
 line 7.


Package natbib Warning: Citation `maloniPalesiTan2015' on page 12 undefined on 
input line 9.


Package natbib Warning: Citation `shin2023' on page 12 undefined on input line 
11.

[12])

Package natbib Warning: There were undefined citations.

[13] (builds/round1_revised/main.aux

Package natbib Warning: Citation(s) may have changed.
(natbib)                Rerun to get citations correct.

)

LaTeX Warning: Label(s) may have changed. Rerun to get cross-references right.

 ){/usr/share/texmf/fonts/enc/dvips/lm/lm-ec.enc}{/usr/share/texmf/fonts/enc/dv
ips/lm/lm-mathsy.enc}{/usr/share/texmf/fonts/enc/dvips/lm/lm-mathit.enc}{/usr/s
hare/texmf/fonts/enc/dvips/lm/lm-mathex.enc}{/usr/share/texmf/fonts/enc/dvips/l
m/lm-rm.enc}</usr/share/texmf/fonts/type1/public/lm/lmbx10.pfb></usr/share/texm
f/fonts/type1/public/lm/lmbx12.pfb></usr/share/texmf/fonts/type1/public/lm/lmex
10.pfb></usr/share/texmf/fonts/type1/public/lm/lmmi10.pfb></usr/share/texmf/fon
ts/type1/public/lm/lmmi6.pfb></usr/share/texmf/fonts/type1/public/lm/lmmi7.pfb>
</usr/share/texmf/fonts/type1/public/lm/lmmi8.pfb></usr/share/texmf/fonts/type1
/public/lm/lmr10.pfb></usr/share/texmf/fonts/type1/public/lm/lmr12.pfb></usr/sh
are/texmf/fonts/type1/public/lm/lmr17.pfb></usr/share/texmf/fonts/type1/public/
lm/lmr7.pfb></usr/share/texmf/fonts/type1/public/lm/lmr8.pfb></usr/share/texmf/
fonts/type1/public/lm/lmri10.pfb></usr/share/texmf/fonts/type1/public/lm/lmsy10
.pfb></usr/share/texmf/fonts/type1/public/lm/lmsy6.pfb></usr/share/texmf/fonts/
type1/public/lm/lmsy8.pfb></usr/share/texmf/fonts/type1/public/lm/lmtt10.pfb></
usr/share/texlive/texmf-dist/fonts/type1/public/amsfonts/symbols/msbm10.pfb>
Output written on builds/round1_revised/main.pdf (13 pages, 346794 bytes).
Transcript written on builds/round1_revised/main.log.
Latexmk: Found input bbl file 'builds/round1_revised/main.bbl'
Latexmk: References changed.
Latexmk: References changed.
Latexmk: Log file says output to 'builds/round1_revised/main.pdf'
Latexmk: List of undefined refs and citations:
  Citation `c421' on page 2 undefined on input line 56
  Citation `c421' on page 8 undefined on input line 8
  Citation `ginsburgSpanier1966' on page 2 undefined on input line 75
  Citation `ginsburgSpanier1966' on page 5 undefined on input line 80
  Citation `huTanZhang2015' on page 12 undefined on input line 7
  Citation `huTanZhang2015' on page 2 undefined on input line 69
  Citation `maloniPalesiTan2015' on page 12 undefined on input line 9
  Citation `shin2023' on page 12 undefined on input line 11
  Citation `whang2023' on page 2 undefined on input line 71
  Citation `whang2023' on page 4 undefined on input line 16
Latexmk: Examining 'builds/round1_revised/main.log'
=== TeX engine is 'pdfTeX'
Latexmk: Found bibliography file(s) [references.bib]
Rule 'bibtex builds/round1_revised/main': File changes, etc:
   Changed files, or newly in use since previous run(s):
      'builds/round1_revised/main.aux'
------------
Run number 2 of rule 'bibtex builds/round1_revised/main'
------------
Latexmk: applying rule 'bibtex builds/round1_revised/main'...
------------
Running 'bibtex  "main.aux"'
------------
Latexmk: Change directory to 'builds/round1_revised/'.
To assist finding of files in document
directory, I set
  BIBINPUTS='/root/autodl-tmp/hilbert-polya-structure/henon_dynamics/research_c424_c428/papers/C427_vieta_semilinear:builds/round1_revised:'
  BSTINPUTS='/root/autodl-tmp/hilbert-polya-structure/henon_dynamics/research_c424_c428/papers/C427_vieta_semilinear:'.
This is BibTeX, Version 0.99d (TeX Live 2022/dev/Debian)
The top-level auxiliary file: main.aux
The style file: plainnat.bst
Database file #1: references.bib
Rule 'pdflatex': File changes, etc:
   Changed files, or newly in use since previous run(s):
      'builds/round1_revised/main.aux'
------------
Run number 3 of rule 'pdflatex'
------------
------------
Running 'pdflatex  -interaction=nonstopmode -halt-on-error -file-line-error -recorder -output-directory="builds/round1_revised"  "main.tex"'
------------
Latexmk: Change directory back to '/root/autodl-tmp/hilbert-polya-structure/henon_dynamics/research_c424_c428/papers/C427_vieta_semilinear'
Latexmk: applying rule 'pdflatex'...
This is pdfTeX, Version 3.141592653-2.6-1.40.22 (TeX Live 2022/dev/Debian) (preloaded format=pdflatex)
 restricted \write18 enabled.
entering extended mode
(./main.tex
LaTeX2e <2021-11-15> patch level 1
L3 programming layer <2022-01-21>
(/usr/share/texlive/texmf-dist/tex/latex/base/article.cls
Document Class: article 2021/10/04 v1.4n Standard LaTeX document class
(/usr/share/texlive/texmf-dist/tex/latex/base/size11.clo))
(/usr/share/texlive/texmf-dist/tex/latex/geometry/geometry.sty
(/usr/share/texlive/texmf-dist/tex/latex/graphics/keyval.sty)
(/usr/share/texlive/texmf-dist/tex/generic/iftex/ifvtex.sty
(/usr/share/texlive/texmf-dist/tex/generic/iftex/iftex.sty)))
(/usr/share/texlive/texmf-dist/tex/latex/base/fontenc.sty)
(/usr/share/texmf/tex/latex/lm/lmodern.sty)
(/usr/share/texlive/texmf-dist/tex/latex/amsmath/amsmath.sty
For additional information on amsmath, use the `?' option.
(/usr/share/texlive/texmf-dist/tex/latex/amsmath/amstext.sty
(/usr/share/texlive/texmf-dist/tex/latex/amsmath/amsgen.sty))
(/usr/share/texlive/texmf-dist/tex/latex/amsmath/amsbsy.sty)
(/usr/share/texlive/texmf-dist/tex/latex/amsmath/amsopn.sty))
(/usr/share/texlive/texmf-dist/tex/latex/amsfonts/amssymb.sty
(/usr/share/texlive/texmf-dist/tex/latex/amsfonts/amsfonts.sty))
(/usr/share/texlive/texmf-dist/tex/latex/amscls/amsthm.sty)
(/usr/share/texlive/texmf-dist/tex/latex/mathtools/mathtools.sty
(/usr/share/texlive/texmf-dist/tex/latex/tools/calc.sty)
(/usr/share/texlive/texmf-dist/tex/latex/mathtools/mhsetup.sty))
(/usr/share/texlive/texmf-dist/tex/latex/booktabs/booktabs.sty)
(/usr/share/texlive/texmf-dist/tex/latex/tools/array.sty)
(/usr/share/texlive/texmf-dist/tex/latex/tools/longtable.sty)
(/usr/share/texlive/texmf-dist/tex/latex/natbib/natbib.sty)
(/usr/share/texlive/texmf-dist/tex/latex/xcolor/xcolor.sty
(/usr/share/texlive/texmf-dist/tex/latex/graphics-cfg/color.cfg)
(/usr/share/texlive/texmf-dist/tex/latex/graphics-def/pdftex.def))
(/usr/share/texlive/texmf-dist/tex/latex/hyperref/hyperref.sty
(/usr/share/texlive/texmf-dist/tex/generic/ltxcmds/ltxcmds.sty)
(/usr/share/texlive/texmf-dist/tex/generic/pdftexcmds/pdftexcmds.sty
(/usr/share/texlive/texmf-dist/tex/generic/infwarerr/infwarerr.sty))
(/usr/share/texlive/texmf-dist/tex/generic/kvsetkeys/kvsetkeys.sty)
(/usr/share/texlive/texmf-dist/tex/generic/kvdefinekeys/kvdefinekeys.sty)
(/usr/share/texlive/texmf-dist/tex/generic/pdfescape/pdfescape.sty)
(/usr/share/texlive/texmf-dist/tex/latex/hycolor/hycolor.sty)
(/usr/share/texlive/texmf-dist/tex/latex/letltxmacro/letltxmacro.sty)
(/usr/share/texlive/texmf-dist/tex/latex/auxhook/auxhook.sty)
(/usr/share/texlive/texmf-dist/tex/latex/kvoptions/kvoptions.sty)
(/usr/share/texlive/texmf-dist/tex/latex/hyperref/pd1enc.def)
(/usr/share/texlive/texmf-dist/tex/latex/hyperref/hyperref-langpatches.def)
(/usr/share/texlive/texmf-dist/tex/generic/intcalc/intcalc.sty)
(/usr/share/texlive/texmf-dist/tex/generic/etexcmds/etexcmds.sty)
(/usr/share/texlive/texmf-dist/tex/latex/hyperref/puenc.def)
(/usr/share/texlive/texmf-dist/tex/latex/url/url.sty)
(/usr/share/texlive/texmf-dist/tex/generic/bitset/bitset.sty
(/usr/share/texlive/texmf-dist/tex/generic/bigintcalc/bigintcalc.sty))
(/usr/share/texlive/texmf-dist/tex/latex/base/atbegshi-ltx.sty))
(/usr/share/texlive/texmf-dist/tex/latex/hyperref/hpdftex.def
(/usr/share/texlive/texmf-dist/tex/latex/base/atveryend-ltx.sty)
(/usr/share/texlive/texmf-dist/tex/latex/rerunfilecheck/rerunfilecheck.sty
(/usr/share/texlive/texmf-dist/tex/generic/uniquecounter/uniquecounter.sty)))
(./math_commands.tex) (/usr/share/texmf/tex/latex/lm/t1lmr.fd)
(/usr/share/texlive/texmf-dist/tex/latex/l3backend/l3backend-pdftex.def)
(builds/round1_revised/main.aux)
*geometry* driver: auto-detecting
*geometry* detected driver: pdftex
(/usr/share/texlive/texmf-dist/tex/latex/graphics/graphicx.sty
(/usr/share/texlive/texmf-dist/tex/latex/graphics/graphics.sty
(/usr/share/texlive/texmf-dist/tex/latex/graphics/trig.sty)
(/usr/share/texlive/texmf-dist/tex/latex/graphics-cfg/graphics.cfg)))
(/usr/share/texlive/texmf-dist/tex/context/base/mkii/supp-pdf.mkii
[Loading MPS to PDF converter (version 2006.09.02).]
) (/usr/share/texlive/texmf-dist/tex/latex/epstopdf-pkg/epstopdf-base.sty
(/usr/share/texlive/texmf-dist/tex/latex/latexconfig/epstopdf-sys.cfg))
(/usr/share/texlive/texmf-dist/tex/latex/hyperref/nameref.sty
(/usr/share/texlive/texmf-dist/tex/latex/refcount/refcount.sty)
(/usr/share/texlive/texmf-dist/tex/generic/gettitlestring/gettitlestring.sty))
(builds/round1_revised/main.out) (builds/round1_revised/main.out)
(/usr/share/texmf/tex/latex/lm/ot1lmr.fd)
(/usr/share/texmf/tex/latex/lm/omllmm.fd)
(/usr/share/texmf/tex/latex/lm/omslmsy.fd)
(/usr/share/texmf/tex/latex/lm/omxlmex.fd)
(/usr/share/texlive/texmf-dist/tex/latex/amsfonts/umsa.fd)
(/usr/share/texlive/texmf-dist/tex/latex/amsfonts/umsb.fd)
(./sections/00_abstract.tex) (./sections/01_statement.tex [1{/var/lib/texmf/fon
ts/map/pdftex/updmap/pdftex.map}] [2]) (./sections/02_blocks.tex [3])
(./sections/03_classical.tex [4] [5]) (./sections/04_atlas.tex [6] [7])
(./sections/05_completion.tex [8] [9]) (builds/round1_revised/main.bbl
(/usr/share/texmf/tex/latex/lm/t1lmtt.fd) [10]) [11]
(./sections/appendix_height.tex [12]) [13] (builds/round1_revised/main.aux) ){/
usr/share/texmf/fonts/enc/dvips/lm/lm-ec.enc}{/usr/share/texmf/fonts/enc/dvips/
lm/lm-mathsy.enc}{/usr/share/texmf/fonts/enc/dvips/lm/lm-mathit.enc}{/usr/share
/texmf/fonts/enc/dvips/lm/lm-mathex.enc}{/usr/share/texmf/fonts/enc/dvips/lm/lm
-rm.enc}</usr/share/texmf/fonts/type1/public/lm/lmbx10.pfb></usr/share/texmf/fo
nts/type1/public/lm/lmbx12.pfb></usr/share/texmf/fonts/type1/public/lm/lmex10.p
fb></usr/share/texmf/fonts/type1/public/lm/lmmi10.pfb></usr/share/texmf/fonts/t
ype1/public/lm/lmmi6.pfb></usr/share/texmf/fonts/type1/public/lm/lmmi7.pfb></us
r/share/texmf/fonts/type1/public/lm/lmmi8.pfb></usr/share/texmf/fonts/type1/pub
lic/lm/lmr10.pfb></usr/share/texmf/fonts/type1/public/lm/lmr12.pfb></usr/share/
texmf/fonts/type1/public/lm/lmr17.pfb></usr/share/texmf/fonts/type1/public/lm/l
mr7.pfb></usr/share/texmf/fonts/type1/public/lm/lmr8.pfb></usr/share/texmf/font
s/type1/public/lm/lmri10.pfb></usr/share/texmf/fonts/type1/public/lm/lmsy10.pfb
></usr/share/texmf/fonts/type1/public/lm/lmsy6.pfb></usr/share/texmf/fonts/type
1/public/lm/lmsy8.pfb></usr/share/texmf/fonts/type1/public/lm/lmtt10.pfb></usr/
share/texlive/texmf-dist/fonts/type1/public/amsfonts/symbols/msbm10.pfb>
Output written on builds/round1_revised/main.pdf (13 pages, 346694 bytes).
Transcript written on builds/round1_revised/main.log.
Latexmk: Found input bbl file 'builds/round1_revised/main.bbl'
Latexmk: Log file says output to 'builds/round1_revised/main.pdf'
Latexmk: Examining 'builds/round1_revised/main.log'
=== TeX engine is 'pdfTeX'
Latexmk: Found bibliography file(s) [references.bib]
Latexmk: All targets (builds/round1_revised/main.pdf) are up-to-date
