Rc files read:
  /etc/LatexMk
Latexmk: This is Latexmk, John Collins, 20 November 2021, version: 4.76.
Rule 'pdflatex': File changes, etc:
   Changed files, or newly in use since previous run(s):
      'main.tex'
------------
Run number 1 of rule 'pdflatex'
------------
------------
Running 'pdflatex  -interaction=nonstopmode -halt-on-error -file-line-error -recorder -output-directory="build/round0_layout1"  "main.tex"'
------------
Latexmk: applying rule 'pdflatex'...
This is pdfTeX, Version 3.141592653-2.6-1.40.22 (TeX Live 2022/dev/Debian) (preloaded format=pdflatex)
 restricted \write18 enabled.
entering extended mode
(./main.tex
LaTeX2e <2021-11-15> patch level 1
L3 programming layer <2022-01-21>
(/usr/share/texlive/texmf-dist/tex/latex/base/article.cls
Document Class: article 2021/10/04 v1.4n Standard LaTeX document class
(/usr/share/texlive/texmf-dist/tex/latex/base/size11.clo))
(/usr/share/texlive/texmf-dist/tex/latex/base/fontenc.sty)
(/usr/share/texmf/tex/latex/lm/lmodern.sty)
(/usr/share/texlive/texmf-dist/tex/latex/geometry/geometry.sty
(/usr/share/texlive/texmf-dist/tex/latex/graphics/keyval.sty)
(/usr/share/texlive/texmf-dist/tex/generic/iftex/ifvtex.sty
(/usr/share/texlive/texmf-dist/tex/generic/iftex/iftex.sty)))
(/usr/share/texlive/texmf-dist/tex/latex/amsmath/amsmath.sty
For additional information on amsmath, use the `?' option.
(/usr/share/texlive/texmf-dist/tex/latex/amsmath/amstext.sty
(/usr/share/texlive/texmf-dist/tex/latex/amsmath/amsgen.sty))
(/usr/share/texlive/texmf-dist/tex/latex/amsmath/amsbsy.sty)
(/usr/share/texlive/texmf-dist/tex/latex/amsmath/amsopn.sty))
(/usr/share/texlive/texmf-dist/tex/latex/amsfonts/amssymb.sty
(/usr/share/texlive/texmf-dist/tex/latex/amsfonts/amsfonts.sty))
(/usr/share/texlive/texmf-dist/tex/latex/amscls/amsthm.sty)
(/usr/share/texlive/texmf-dist/tex/latex/booktabs/booktabs.sty)
(/usr/share/texlive/texmf-dist/tex/latex/tools/array.sty)
(/usr/share/texlive/texmf-dist/tex/latex/tools/longtable.sty)
(/usr/share/texlive/texmf-dist/tex/latex/microtype/microtype.sty
(/usr/share/texlive/texmf-dist/tex/latex/etoolbox/etoolbox.sty)
(/usr/share/texlive/texmf-dist/tex/latex/microtype/microtype-pdftex.def)
(/usr/share/texlive/texmf-dist/tex/latex/microtype/microtype.cfg))
(/usr/share/texlive/texmf-dist/tex/latex/listings/listings.sty
(/usr/share/texlive/texmf-dist/tex/latex/listings/lstmisc.sty)
(/usr/share/texlive/texmf-dist/tex/latex/listings/listings.cfg))
(/usr/share/texlive/texmf-dist/tex/latex/natbib/natbib.sty)
(/usr/share/texlive/texmf-dist/tex/latex/hyperref/hyperref.sty
(/usr/share/texlive/texmf-dist/tex/generic/ltxcmds/ltxcmds.sty)
(/usr/share/texlive/texmf-dist/tex/generic/pdftexcmds/pdftexcmds.sty
(/usr/share/texlive/texmf-dist/tex/generic/infwarerr/infwarerr.sty))
(/usr/share/texlive/texmf-dist/tex/generic/kvsetkeys/kvsetkeys.sty)
(/usr/share/texlive/texmf-dist/tex/generic/kvdefinekeys/kvdefinekeys.sty)
(/usr/share/texlive/texmf-dist/tex/generic/pdfescape/pdfescape.sty)
(/usr/share/texlive/texmf-dist/tex/latex/hycolor/hycolor.sty)
(/usr/share/texlive/texmf-dist/tex/latex/letltxmacro/letltxmacro.sty)
(/usr/share/texlive/texmf-dist/tex/latex/auxhook/auxhook.sty)
(/usr/share/texlive/texmf-dist/tex/latex/kvoptions/kvoptions.sty)
(/usr/share/texlive/texmf-dist/tex/latex/hyperref/pd1enc.def)
(/usr/share/texlive/texmf-dist/tex/latex/hyperref/hyperref-langpatches.def)
(/usr/share/texlive/texmf-dist/tex/generic/intcalc/intcalc.sty)
(/usr/share/texlive/texmf-dist/tex/generic/etexcmds/etexcmds.sty)
(/usr/share/texlive/texmf-dist/tex/latex/hyperref/puenc.def)
(/usr/share/texlive/texmf-dist/tex/latex/url/url.sty)
(/usr/share/texlive/texmf-dist/tex/generic/bitset/bitset.sty
(/usr/share/texlive/texmf-dist/tex/generic/bigintcalc/bigintcalc.sty))
(/usr/share/texlive/texmf-dist/tex/latex/base/atbegshi-ltx.sty))
(/usr/share/texlive/texmf-dist/tex/latex/hyperref/hpdftex.def
(/usr/share/texlive/texmf-dist/tex/latex/base/atveryend-ltx.sty)
(/usr/share/texlive/texmf-dist/tex/latex/rerunfilecheck/rerunfilecheck.sty
(/usr/share/texlive/texmf-dist/tex/generic/uniquecounter/uniquecounter.sty)))
(./math_commands.tex
(/usr/share/texlive/texmf-dist/tex/latex/listings/lstlang1.sty))
(/usr/share/texmf/tex/latex/lm/t1lmr.fd)
(/usr/share/texlive/texmf-dist/tex/latex/l3backend/l3backend-pdftex.def)
(build/round0_layout1/main.aux)
*geometry* driver: auto-detecting
*geometry* detected driver: pdftex
(/usr/share/texlive/texmf-dist/tex/latex/microtype/mt-cmr.cfg)
(/usr/share/texlive/texmf-dist/tex/latex/hyperref/nameref.sty
(/usr/share/texlive/texmf-dist/tex/latex/refcount/refcount.sty)
(/usr/share/texlive/texmf-dist/tex/generic/gettitlestring/gettitlestring.sty))
(/usr/share/texmf/tex/latex/lm/ot1lmr.fd)
(/usr/share/texmf/tex/latex/lm/omllmm.fd)
(/usr/share/texmf/tex/latex/lm/omslmsy.fd)
(/usr/share/texmf/tex/latex/lm/omxlmex.fd)
(/usr/share/texlive/texmf-dist/tex/latex/amsfonts/umsa.fd)
(/usr/share/texlive/texmf-dist/tex/latex/microtype/mt-msa.cfg)
(/usr/share/texlive/texmf-dist/tex/latex/amsfonts/umsb.fd)
(/usr/share/texlive/texmf-dist/tex/latex/microtype/mt-msb.cfg)
(./sections/0_abstract.tex) (./sections/1_introduction.tex

LaTeX Warning: Reference `thm:imported' on page 1 undefined on input line 41.

[1{/var/lib/texmf/fonts/map/pdftex/updmap/pdftex.map}]

LaTeX Warning: Reference `thm:half_classification' on page 2 undefined on input
 line 52.


LaTeX Warning: Reference `eq:odd_parameter' on page 2 undefined on input line 6
1.


LaTeX Warning: Reference `eq:F' on page 2 undefined on input line 76.


LaTeX Warning: Reference `eq:newton' on page 2 undefined on input line 77.


LaTeX Warning: Reference `tab:families' on page 2 undefined on input line 83.


LaTeX Warning: Reference `tab:exceptions' on page 2 undefined on input line 83.



LaTeX Warning: Reference `tab:families' on page 2 undefined on input line 84.


LaTeX Warning: Reference `tab:families' on page 2 undefined on input line 135.


LaTeX Warning: Reference `tab:families' on page 2 undefined on input line 135.


Package natbib Warning: Citation `c412' on page 2 undefined on input line 141.


LaTeX Warning: Reference `app:integral' on page 2 undefined on input line 142.


Package natbib Warning: Citation `am1certificate' on page 2 undefined on input 
line 157.

[2]

Package natbib Warning: Citation `ingram2014canonical' on page 3 undefined on i
nput line 160.


LaTeX Warning: Reference `eq:class' on page 3 undefined on input line 163.


Package natbib Warning: Citation `kim2025many' on page 3 undefined on input lin
e 166.

) (./sections/2_normalization.tex

LaTeX Warning: Reference `eq:newton' on page 3 undefined on input line 11.


LaTeX Warning: Reference `eq:newton' on page 3 undefined on input line 20.

[3]

LaTeX Warning: Reference `eq:odd_parameter' on page 4 undefined on input line 3
6.


LaTeX Warning: Reference `eq:even_conjugacy' on page 4 undefined on input line 
48.


LaTeX Warning: Reference `eq:F' on page 4 undefined on input line 62.


LaTeX Warning: Reference `app:integral' on page 4 undefined on input line 68.


LaTeX Warning: Reference `eq:bound17' on page 4 undefined on input line 71.


LaTeX Warning: Reference `thm:half_classification' on page 4 undefined on input
 line 72.


LaTeX Warning: Reference `eq:class' on page 4 undefined on input line 79.

) (./sections/3_integrality.tex

LaTeX Warning: Reference `eq:recurrence' on page 4 undefined on input line 25.

[4]

LaTeX Warning: Reference `eq:recurrence' on page 5 undefined on input line 47.


LaTeX Warning: Reference `lem:integrality' on page 5 undefined on input line 54
.


LaTeX Warning: Reference `eq:recurrence' on page 5 undefined on input line 59.


LaTeX Warning: Reference `eq:recurrence' on page 5 undefined on input line 64.


LaTeX Warning: Reference `eq:height' on page 5 undefined on input line 78.


LaTeX Warning: Reference `eq:height' on page 5 undefined on input line 81.


LaTeX Warning: Reference `eq:recurrence' on page 5 undefined on input line 92.

) (./sections/4_annulus.tex

Package natbib Warning: Citation `c412' on page 5 undefined on input line 5.


LaTeX Warning: Reference `eq:recurrence' on page 5 undefined on input line 15.

[5]

LaTeX Warning: Reference `eq:s_range' on page 6 undefined on input line 56.


LaTeX Warning: Reference `lem:integrality' on page 6 undefined on input line 61
.


LaTeX Warning: Reference `eq:center_bounds' on page 6 undefined on input line 7
0.


LaTeX Warning: Reference `eq:annulus' on page 6 undefined on input line 72.


LaTeX Warning: Reference `eq:ten_symbols' on page 6 undefined on input line 74.



LaTeX Warning: Reference `eq:ten_symbols' on page 6 undefined on input line 79.



LaTeX Warning: Reference `eq:center_recurrence' on page 6 undefined on input li
ne 90.


LaTeX Warning: Reference `eq:local' on page 6 undefined on input line 106.


LaTeX Warning: Reference `eq:local' on page 6 undefined on input line 110.

) (./sections/5_symbols.tex [6]

LaTeX Warning: Reference `eq:local' on page 7 undefined on input line 6.


Overfull \hbox (0.57625pt too wide) in paragraph at lines 6--9
[]\T1/lmr/bx/n/10.95 (-20) Lemma 5.1 \T1/lmr/m/n/10.95 (-20) (C412 lo-cal--word
 lemma, re-pro-duced)\T1/lmr/bx/n/10.95 (-20) . \T1/lmr/m/it/10.95 (-20) Ev-ery
 cyclic so-lu-tion of [] has $\OML/lmm/m/it/10.95 t \OMS/lmsy/m/n/10.95 2 f^^@\
OT1/lmr/m/n/10.95 (-20) 1\OML/lmm/m/it/10.95 ; \OT1/lmr/m/n/10.95 (-20) 0\OML/l
mm/m/it/10.95 ; \OT1/lmr/m/n/10.95 (-20) 1\OML/lmm/m/it/10.95 ; \OT1/lmr/m/n/10
.95 (-20) 3\OMS/lmsy/m/n/10.95 g$\T1/lmr/m/it/10.95 (-20) .

Package natbib Warning: Citation `c412' on page 7 undefined on input line 22.


LaTeX Warning: Reference `eq:patterns' on page 7 undefined on input line 46.

[7]

LaTeX Warning: Reference `tab:families' on page 8 undefined on input line 72.


LaTeX Warning: Reference `lem:annulus' on page 8 undefined on input line 78.


LaTeX Warning: Reference `lem:separation' on page 8 undefined on input line 79.



LaTeX Warning: Reference `eq:local' on page 8 undefined on input line 80.


LaTeX Warning: Reference `lem:local_words' on page 8 undefined on input line 80
.


LaTeX Warning: Reference `eq:rho_s' on page 8 undefined on input line 83.


LaTeX Warning: Reference `tab:families' on page 8 undefined on input line 89.


LaTeX Warning: Reference `eq:patterns' on page 8 undefined on input line 96.


LaTeX Warning: Reference `eq:t_parameter' on page 8 undefined on input line 97.



LaTeX Warning: Reference `eq:separation' on page 8 undefined on input line 97.


LaTeX Warning: Reference `eq:center_recurrence' on page 8 undefined on input li
ne 98.


LaTeX Warning: Reference `eq:recurrence' on page 8 undefined on input line 99.


LaTeX Warning: Reference `tab:families' on page 8 undefined on input line 109.

) (./sections/6_finite_core.tex

Package natbib Warning: Citation `am1certificate' on page 8 undefined on input 
line 8.


LaTeX Warning: Reference `app:certificate' on page 8 undefined on input line 8.



LaTeX Warning: Reference `eq:recurrence' on page 8 undefined on input line 16.

[8]

LaTeX Warning: Reference `eq:center_bounds' on page 9 undefined on input line 3
6.


LaTeX Warning: Reference `eq:odd_map' on page 9 undefined on input line 40.


LaTeX Warning: Reference `eq:alphabet' on page 9 undefined on input line 41.


Package natbib Warning: Citation `c412' on page 9 undefined on input line 60.


LaTeX Warning: Reference `eq:odd_map' on page 9 undefined on input line 68.


LaTeX Warning: Reference `tab:families' on page 9 undefined on input line 83.


LaTeX Warning: Reference `tab:exceptions' on page 9 undefined on input line 84.



LaTeX Warning: Reference `tab:residual' on page 9 undefined on input line 93.


LaTeX Warning: Reference `lem:height' on page 9 undefined on input line 104.

[9]

LaTeX Warning: Reference `lem:upper' on page 10 undefined on input line 130.


LaTeX Warning: Reference `prop:large_classification' on page 10 undefined on in
put line 131.


LaTeX Warning: Reference `thm:half_classification' on page 10 undefined on inpu
t line 133.

) (./sections/7_counts.tex

LaTeX Warning: Reference `tab:families' on page 10 undefined on input line 4.


LaTeX Warning: Reference `tab:families' on page 10 undefined on input line 19.


LaTeX Warning: Reference `prop:large_classification' on page 10 undefined on in
put line 42.


LaTeX Warning: Reference `eq:counts' on page 10 undefined on input line 51.


LaTeX Warning: Reference `eq:periodset' on page 10 undefined on input line 57.


LaTeX Warning: Reference `prop:large_classification' on page 10 undefined on in
put line 60.


LaTeX Warning: Reference `tab:residual' on page 10 undefined on input line 63.

[10]

LaTeX Warning: Reference `tab:families' on page 11 undefined on input line 72.


LaTeX Warning: Reference `tab:exceptions' on page 11 undefined on input line 72
.


LaTeX Warning: Reference `eq:periodset' on page 11 undefined on input line 73.


LaTeX Warning: Reference `thm:whole_class' on page 11 undefined on input line 7
7.


LaTeX Warning: Reference `prop:normalization' on page 11 undefined on input lin
e 78.


LaTeX Warning: Reference `eq:class' on page 11 undefined on input line 79.


LaTeX Warning: Reference `thm:half_classification' on page 11 undefined on inpu
t line 81.


LaTeX Warning: Reference `thm:imported' on page 11 undefined on input line 82.


LaTeX Warning: Reference `eq:class' on page 11 undefined on input line 87.


LaTeX Warning: Reference `thm:imported' on page 11 undefined on input line 100.


) (./sections/8_scope.tex

LaTeX Warning: Reference `eq:returns' on page 11 undefined on input line 14.

) [11] (./sections/A_integral_branch.tex

Package natbib Warning: Citation `c412' on page 12 undefined on input line 6.

(/usr/share/texmf/tex/latex/lm/t1lmtt.fd)

LaTeX Warning: Reference `tab:C412_even' on page 12 undefined on input line 23.



LaTeX Warning: Reference `tab:C412_odd' on page 12 undefined on input line 24.


LaTeX Warning: Reference `thm:whole_class' on page 12 undefined on input line 7
4.


LaTeX Warning: Reference `eq:C412_parameter' on page 12 undefined on input line
 76.


LaTeX Warning: Reference `tab:families' on page 12 undefined on input line 84.

) (./sections/B_certificate.tex [12] (./evidence/certify_am1_core.py
consecutive:
[13] [14])

LaTeX Warning: Reference `sec:finite' on page 15 undefined on input line 36.

(./evidence/check_original_square.py
consecutive:
[15] [16])

LaTeX Warning: Reference `tab:residual' on page 17 undefined on input line 46.


LaTeX Warning: Reference `tab:families' on page 17 undefined on input line 57.


LaTeX Warning: Reference `tab:exceptions' on page 17 undefined on input line 57
.

(./tables/residual_rows.tex)

Package longtable Warning: Column widths have changed
(longtable)                in table 5 on input line 81.

[17] [18] [19])
No file main.bbl.

Package natbib Warning: There were undefined citations.


Package longtable Warning: Table widths have changed. Rerun LaTeX.

[20] [21] (build/round0_layout1/main.aux)

LaTeX Warning: There were undefined references.


LaTeX Warning: Label(s) may have changed. Rerun to get cross-references right.


Package rerunfilecheck Warning: File `main.out' has changed.
(rerunfilecheck)                Rerun to get outlines right
(rerunfilecheck)                or use package `bookmark'.

 )
(see the transcript file for additional information){/usr/share/texmf/fonts/enc
/dvips/lm/lm-ec.enc}{/usr/share/texmf/fonts/enc/dvips/lm/lm-rm.enc}{/usr/share/
texmf/fonts/enc/dvips/lm/lm-mathit.enc}{/usr/share/texmf/fonts/enc/dvips/lm/lm-
mathex.enc}{/usr/share/texmf/fonts/enc/dvips/lm/lm-mathsy.enc}</usr/share/texmf
/fonts/type1/public/lm/lmbx10.pfb></usr/share/texmf/fonts/type1/public/lm/lmbx1
2.pfb></usr/share/texmf/fonts/type1/public/lm/lmex10.pfb></usr/share/texmf/font
s/type1/public/lm/lmmi10.pfb></usr/share/texmf/fonts/type1/public/lm/lmmi6.pfb>
</usr/share/texmf/fonts/type1/public/lm/lmmi7.pfb></usr/share/texmf/fonts/type1
/public/lm/lmmi8.pfb></usr/share/texmf/fonts/type1/public/lm/lmr10.pfb></usr/sh
are/texmf/fonts/type1/public/lm/lmr12.pfb></usr/share/texmf/fonts/type1/public/
lm/lmr17.pfb></usr/share/texmf/fonts/type1/public/lm/lmr6.pfb></usr/share/texmf
/fonts/type1/public/lm/lmr7.pfb></usr/share/texmf/fonts/type1/public/lm/lmr8.pf
b></usr/share/texmf/fonts/type1/public/lm/lmri10.pfb></usr/share/texmf/fonts/ty
pe1/public/lm/lmsy10.pfb></usr/share/texmf/fonts/type1/public/lm/lmsy8.pfb></us
r/share/texmf/fonts/type1/public/lm/lmtk10.pfb></usr/share/texmf/fonts/type1/pu
blic/lm/lmtt10.pfb></usr/share/texmf/fonts/type1/public/lm/lmtt9.pfb></usr/shar
e/texlive/texmf-dist/fonts/type1/public/amsfonts/symbols/msbm10.pfb>
Output written on build/round0_layout1/main.pdf (21 pages, 455467 bytes).
Transcript written on build/round0_layout1/main.log.
Latexmk: Missing bbl file 'build/round0_layout1/main.bbl' in following:
 No file main.bbl.
Latexmk: References changed.
Latexmk: References changed.
Latexmk: Log file says output to 'build/round0_layout1/main.pdf'
Latexmk: List of undefined refs and citations:
  Citation `am1certificate' on page 2 undefined on input line 157
  Citation `am1certificate' on page 8 undefined on input line 8
  Citation `c412' on page 12 undefined on input line 6
  Citation `c412' on page 2 undefined on input line 141
  Citation `c412' on page 5 undefined on input line 5
  Citation `c412' on page 7 undefined on input line 22
  Citation `c412' on page 9 undefined on input line 60
  Citation `ingram2014canonical' on page 3 undefined on input line 160
  Citation `kim2025many' on page 3 undefined on input line 166
  Reference `app:certificate' on page 8 undefined on input line 8
  Reference `app:integral' on page 2 undefined on input line 142
  Reference `app:integral' on page 4 undefined on input line 68
  Reference `eq:C412_parameter' on page 12 undefined on input line 76
  Reference `eq:F' on page 2 undefined on input line 76
  Reference `eq:F' on page 4 undefined on input line 62
  Reference `eq:alphabet' on page 9 undefined on input line 41
  Reference `eq:annulus' on page 6 undefined on input line 72
  Reference `eq:bound17' on page 4 undefined on input line 71
  Reference `eq:center_bounds' on page 6 undefined on input line 70
  Reference `eq:center_bounds' on page 9 undefined on input line 36
  Reference `eq:center_recurrence' on page 6 undefined on input line 90
  Reference `eq:center_recurrence' on page 8 undefined on input line 98
  Reference `eq:class' on page 11 undefined on input line 79
  Reference `eq:class' on page 11 undefined on input line 87
  Reference `eq:class' on page 3 undefined on input line 163
  Reference `eq:class' on page 4 undefined on input line 79
  Reference `eq:counts' on page 10 undefined on input line 51
  Reference `eq:even_conjugacy' on page 4 undefined on input line 48
  Reference `eq:height' on page 5 undefined on input line 78
  Reference `eq:height' on page 5 undefined on input line 81
  Reference `eq:local' on page 6 undefined on input line 106
  Reference `eq:local' on page 6 undefined on input line 110
  Reference `eq:local' on page 7 undefined on input line 6
  Reference `eq:local' on page 8 undefined on input line 80
  Reference `eq:newton' on page 2 undefined on input line 77
  Reference `eq:newton' on page 3 undefined on input line 11
  Reference `eq:newton' on page 3 undefined on input line 20
  Reference `eq:odd_map' on page 9 undefined on input line 40
  Reference `eq:odd_map' on page 9 undefined on input line 68
  Reference `eq:odd_parameter' on page 2 undefined on input line 61
  Reference `eq:odd_parameter' on page 4 undefined on input line 36
  Reference `eq:patterns' on page 7 undefined on input line 46
  Reference `eq:patterns' on page 8 undefined on input line 96
  Reference `eq:periodset' on page 10 undefined on input line 57
  Reference `eq:periodset' on page 11 undefined on input line 73
  Reference `eq:recurrence' on page 4 undefined on input line 25
  Reference `eq:recurrence' on page 5 undefined on input line 15
  Reference `eq:recurrence' on page 5 undefined on input line 47
  Reference `eq:recurrence' on page 5 undefined on input line 59
  Reference `eq:recurrence' on page 5 undefined on input line 64
  Reference `eq:recurrence' on page 5 undefined on input line 92
  Reference `eq:recurrence' on page 8 undefined on input line 16
  Reference `eq:recurrence' on page 8 undefined on input line 99
  Reference `eq:returns' on page 11 undefined on input line 14
  Reference `eq:rho_s' on page 8 undefined on input line 83
  Reference `eq:s_range' on page 6 undefined on input line 56
  Reference `eq:separation' on page 8 undefined on input line 97
  Reference `eq:t_parameter' on page 8 undefined on input line 97
  Reference `eq:ten_symbols' on page 6 undefined on input line 74
  Reference `eq:ten_symbols' on page 6 undefined on input line 79
  Reference `lem:annulus' on page 8 undefined on input line 78
  Reference `lem:height' on page 9 undefined on input line 104
  Reference `lem:integrality' on page 5 undefined on input line 54
  Reference `lem:integrality' on page 6 undefined on input line 61
  Reference `lem:local_words' on page 8 undefined on input line 80
  Reference `lem:separation' on page 8 undefined on input line 79
  Reference `lem:upper' on page 10 undefined on input line 130
  Reference `prop:large_classification' on page 10 undefined on input line 131
  Reference `prop:large_classification' on page 10 undefined on input line 42
  Reference `prop:large_classification' on page 10 undefined on input line 60
  Reference `prop:normalization' on page 11 undefined on input line 78
  Reference `sec:finite' on page 15 undefined on input line 36
  Reference `tab:C412_even' on page 12 undefined on input line 23
  Reference `tab:C412_odd' on page 12 undefined on input line 24
  Reference `tab:exceptions' on page 11 undefined on input line 72
  Reference `tab:exceptions' on page 17 undefined on input line 57
  Reference `tab:exceptions' on page 2 undefined on input line 83
  Reference `tab:exceptions' on page 9 undefined on input line 84
  Reference `tab:families' on page 10 undefined on input line 19
  Reference `tab:families' on page 10 undefined on input line 4
  Reference `tab:families' on page 11 undefined on input line 72
  Reference `tab:families' on page 12 undefined on input line 84
  Reference `tab:families' on page 17 undefined on input line 57
  Reference `tab:families' on page 2 undefined on input line 135
  Reference `tab:families' on page 2 undefined on input line 83
  Reference `tab:families' on page 2 undefined on input line 84
  Reference `tab:families' on page 8 undefined on input line 109
  Reference `tab:families' on page 8 undefined on input line 72
  Reference `tab:families' on page 8 undefined on input line 89
  Reference `tab:families' on page 9 undefined on input line 83
  Reference `tab:residual' on page 10 undefined on input line 63
  Reference `tab:residual' on page 17 undefined on input line 46
  Reference `tab:residual' on page 9 undefined on input line 93
  Reference `thm:half_classification' on page 10 undefined on input line 133
  Reference `thm:half_classification' on page 11 undefined on input line 81
  Reference `thm:half_classification' on page 2 undefined on input line 52
  Reference `thm:half_classification' on page 4 undefined on input line 72
  Reference `thm:imported' on page 1 undefined on input line 41
  Reference `thm:imported' on page 11 undefined on input line 100
  Reference `thm:imported' on page 11 undefined on input line 82
  Reference `thm:whole_class' on page 11 undefined on input line 77
  Reference `thm:whole_class' on page 12 undefined on input line 74
Latexmk: Examining 'build/round0_layout1/main.log'
=== TeX engine is 'pdfTeX'
Latexmk: Found bibliography file(s) [references.bib]
Rule 'bibtex build/round0_layout1/main': File changes, etc:
   Changed files, or newly in use since previous run(s):
      'build/round0_layout1/main.aux'
------------
Run number 1 of rule 'bibtex build/round0_layout1/main'
------------
Latexmk: applying rule 'bibtex build/round0_layout1/main'...
------------
Running 'bibtex  "main.aux"'
------------
Latexmk: Change directory to 'build/round0_layout1/'.
To assist finding of files in document
directory, I set
  BIBINPUTS='/root/autodl-tmp/hilbert-polya-structure/henon_dynamics/research_c424_c428/papers/C424_integer_valued_quadratic:build/round0_layout1:'
  BSTINPUTS='/root/autodl-tmp/hilbert-polya-structure/henon_dynamics/research_c424_c428/papers/C424_integer_valued_quadratic:'.
This is BibTeX, Version 0.99d (TeX Live 2022/dev/Debian)
The top-level auxiliary file: main.aux
The style file: plainnat.bst
Database file #1: references.bib
Rule 'pdflatex': File changes, etc:
   Changed files, or newly in use since previous run(s):
      'build/round0_layout1/main.aux'
      'build/round0_layout1/main.bbl'
      'build/round0_layout1/main.out'
------------
Run number 2 of rule 'pdflatex'
------------
------------
Running 'pdflatex  -interaction=nonstopmode -halt-on-error -file-line-error -recorder -output-directory="build/round0_layout1"  "main.tex"'
------------
Latexmk: Change directory back to '/root/autodl-tmp/hilbert-polya-structure/henon_dynamics/research_c424_c428/papers/C424_integer_valued_quadratic'
Latexmk: applying rule 'pdflatex'...
This is pdfTeX, Version 3.141592653-2.6-1.40.22 (TeX Live 2022/dev/Debian) (preloaded format=pdflatex)
 restricted \write18 enabled.
entering extended mode
(./main.tex
LaTeX2e <2021-11-15> patch level 1
L3 programming layer <2022-01-21>
(/usr/share/texlive/texmf-dist/tex/latex/base/article.cls
Document Class: article 2021/10/04 v1.4n Standard LaTeX document class
(/usr/share/texlive/texmf-dist/tex/latex/base/size11.clo))
(/usr/share/texlive/texmf-dist/tex/latex/base/fontenc.sty)
(/usr/share/texmf/tex/latex/lm/lmodern.sty)
(/usr/share/texlive/texmf-dist/tex/latex/geometry/geometry.sty
(/usr/share/texlive/texmf-dist/tex/latex/graphics/keyval.sty)
(/usr/share/texlive/texmf-dist/tex/generic/iftex/ifvtex.sty
(/usr/share/texlive/texmf-dist/tex/generic/iftex/iftex.sty)))
(/usr/share/texlive/texmf-dist/tex/latex/amsmath/amsmath.sty
For additional information on amsmath, use the `?' option.
(/usr/share/texlive/texmf-dist/tex/latex/amsmath/amstext.sty
(/usr/share/texlive/texmf-dist/tex/latex/amsmath/amsgen.sty))
(/usr/share/texlive/texmf-dist/tex/latex/amsmath/amsbsy.sty)
(/usr/share/texlive/texmf-dist/tex/latex/amsmath/amsopn.sty))
(/usr/share/texlive/texmf-dist/tex/latex/amsfonts/amssymb.sty
(/usr/share/texlive/texmf-dist/tex/latex/amsfonts/amsfonts.sty))
(/usr/share/texlive/texmf-dist/tex/latex/amscls/amsthm.sty)
(/usr/share/texlive/texmf-dist/tex/latex/booktabs/booktabs.sty)
(/usr/share/texlive/texmf-dist/tex/latex/tools/array.sty)
(/usr/share/texlive/texmf-dist/tex/latex/tools/longtable.sty)
(/usr/share/texlive/texmf-dist/tex/latex/microtype/microtype.sty
(/usr/share/texlive/texmf-dist/tex/latex/etoolbox/etoolbox.sty)
(/usr/share/texlive/texmf-dist/tex/latex/microtype/microtype-pdftex.def)
(/usr/share/texlive/texmf-dist/tex/latex/microtype/microtype.cfg))
(/usr/share/texlive/texmf-dist/tex/latex/listings/listings.sty
(/usr/share/texlive/texmf-dist/tex/latex/listings/lstmisc.sty)
(/usr/share/texlive/texmf-dist/tex/latex/listings/listings.cfg))
(/usr/share/texlive/texmf-dist/tex/latex/natbib/natbib.sty)
(/usr/share/texlive/texmf-dist/tex/latex/hyperref/hyperref.sty
(/usr/share/texlive/texmf-dist/tex/generic/ltxcmds/ltxcmds.sty)
(/usr/share/texlive/texmf-dist/tex/generic/pdftexcmds/pdftexcmds.sty
(/usr/share/texlive/texmf-dist/tex/generic/infwarerr/infwarerr.sty))
(/usr/share/texlive/texmf-dist/tex/generic/kvsetkeys/kvsetkeys.sty)
(/usr/share/texlive/texmf-dist/tex/generic/kvdefinekeys/kvdefinekeys.sty)
(/usr/share/texlive/texmf-dist/tex/generic/pdfescape/pdfescape.sty)
(/usr/share/texlive/texmf-dist/tex/latex/hycolor/hycolor.sty)
(/usr/share/texlive/texmf-dist/tex/latex/letltxmacro/letltxmacro.sty)
(/usr/share/texlive/texmf-dist/tex/latex/auxhook/auxhook.sty)
(/usr/share/texlive/texmf-dist/tex/latex/kvoptions/kvoptions.sty)
(/usr/share/texlive/texmf-dist/tex/latex/hyperref/pd1enc.def)
(/usr/share/texlive/texmf-dist/tex/latex/hyperref/hyperref-langpatches.def)
(/usr/share/texlive/texmf-dist/tex/generic/intcalc/intcalc.sty)
(/usr/share/texlive/texmf-dist/tex/generic/etexcmds/etexcmds.sty)
(/usr/share/texlive/texmf-dist/tex/latex/hyperref/puenc.def)
(/usr/share/texlive/texmf-dist/tex/latex/url/url.sty)
(/usr/share/texlive/texmf-dist/tex/generic/bitset/bitset.sty
(/usr/share/texlive/texmf-dist/tex/generic/bigintcalc/bigintcalc.sty))
(/usr/share/texlive/texmf-dist/tex/latex/base/atbegshi-ltx.sty))
(/usr/share/texlive/texmf-dist/tex/latex/hyperref/hpdftex.def
(/usr/share/texlive/texmf-dist/tex/latex/base/atveryend-ltx.sty)
(/usr/share/texlive/texmf-dist/tex/latex/rerunfilecheck/rerunfilecheck.sty
(/usr/share/texlive/texmf-dist/tex/generic/uniquecounter/uniquecounter.sty)))
(./math_commands.tex
(/usr/share/texlive/texmf-dist/tex/latex/listings/lstlang1.sty))
(/usr/share/texmf/tex/latex/lm/t1lmr.fd)
(/usr/share/texlive/texmf-dist/tex/latex/l3backend/l3backend-pdftex.def)
(build/round0_layout1/main.aux)
*geometry* driver: auto-detecting
*geometry* detected driver: pdftex
(/usr/share/texlive/texmf-dist/tex/latex/microtype/mt-cmr.cfg)
(/usr/share/texlive/texmf-dist/tex/latex/hyperref/nameref.sty
(/usr/share/texlive/texmf-dist/tex/latex/refcount/refcount.sty)
(/usr/share/texlive/texmf-dist/tex/generic/gettitlestring/gettitlestring.sty))
(build/round0_layout1/main.out) (build/round0_layout1/main.out)
(/usr/share/texmf/tex/latex/lm/ot1lmr.fd)
(/usr/share/texmf/tex/latex/lm/omllmm.fd)
(/usr/share/texmf/tex/latex/lm/omslmsy.fd)
(/usr/share/texmf/tex/latex/lm/omxlmex.fd)
(/usr/share/texlive/texmf-dist/tex/latex/amsfonts/umsa.fd)
(/usr/share/texlive/texmf-dist/tex/latex/microtype/mt-msa.cfg)
(/usr/share/texlive/texmf-dist/tex/latex/amsfonts/umsb.fd)
(/usr/share/texlive/texmf-dist/tex/latex/microtype/mt-msb.cfg)
(./sections/0_abstract.tex) (./sections/1_introduction.tex [1{/var/lib/texmf/fo
nts/map/pdftex/updmap/pdftex.map}]

Package natbib Warning: Citation `c412' on page 2 undefined on input line 141.


Package natbib Warning: Citation `am1certificate' on page 2 undefined on input 
line 157.

[2]

Package natbib Warning: Citation `ingram2014canonical' on page 3 undefined on i
nput line 160.


Package natbib Warning: Citation `kim2025many' on page 3 undefined on input lin
e 166.

) (./sections/2_normalization.tex [3]) (./sections/3_integrality.tex [4])
(./sections/4_annulus.tex

Package natbib Warning: Citation `c412' on page 5 undefined on input line 5.

[5]) (./sections/5_symbols.tex [6]

Package natbib Warning: Citation `c412' on page 7 undefined on input line 22.

[7]) (./sections/6_finite_core.tex

Package natbib Warning: Citation `am1certificate' on page 8 undefined on input 
line 8.

[8]

Package natbib Warning: Citation `c412' on page 9 undefined on input line 60.

[9]) (./sections/7_counts.tex [10]) (./sections/8_scope.tex) [11]
(./sections/A_integral_branch.tex

Package natbib Warning: Citation `c412' on page 12 undefined on input line 6.

(/usr/share/texmf/tex/latex/lm/t1lmtt.fd)) (./sections/B_certificate.tex
[12] (./evidence/certify_am1_core.py
consecutive:
[13] [14]) (./evidence/check_original_square.py
consecutive:
[15] [16]) (./tables/residual_rows.tex) [17] [18] [19])
(build/round0_layout1/main.bbl [20])

Package natbib Warning: There were undefined citations.

[21] (build/round0_layout1/main.aux

Package natbib Warning: Citation(s) may have changed.
(natbib)                Rerun to get citations correct.

)

LaTeX Warning: Label(s) may have changed. Rerun to get cross-references right.

 ){/usr/share/texmf/fonts/enc/dvips/lm/lm-ec.enc}{/usr/share/texmf/fonts/enc/dv
ips/lm/lm-rm.enc}{/usr/share/texmf/fonts/enc/dvips/lm/lm-mathit.enc}{/usr/share
/texmf/fonts/enc/dvips/lm/lm-mathex.enc}{/usr/share/texmf/fonts/enc/dvips/lm/lm
-mathsy.enc}</usr/share/texmf/fonts/type1/public/lm/lmbx10.pfb></usr/share/texm
f/fonts/type1/public/lm/lmbx12.pfb></usr/share/texmf/fonts/type1/public/lm/lmex
10.pfb></usr/share/texmf/fonts/type1/public/lm/lmmi10.pfb></usr/share/texmf/fon
ts/type1/public/lm/lmmi6.pfb></usr/share/texmf/fonts/type1/public/lm/lmmi7.pfb>
</usr/share/texmf/fonts/type1/public/lm/lmmi8.pfb></usr/share/texmf/fonts/type1
/public/lm/lmr10.pfb></usr/share/texmf/fonts/type1/public/lm/lmr12.pfb></usr/sh
are/texmf/fonts/type1/public/lm/lmr17.pfb></usr/share/texmf/fonts/type1/public/
lm/lmr6.pfb></usr/share/texmf/fonts/type1/public/lm/lmr7.pfb></usr/share/texmf/
fonts/type1/public/lm/lmr8.pfb></usr/share/texmf/fonts/type1/public/lm/lmri10.p
fb></usr/share/texmf/fonts/type1/public/lm/lmsy10.pfb></usr/share/texmf/fonts/t
ype1/public/lm/lmsy8.pfb></usr/share/texmf/fonts/type1/public/lm/lmtk10.pfb></u
sr/share/texmf/fonts/type1/public/lm/lmtt10.pfb></usr/share/texmf/fonts/type1/p
ublic/lm/lmtt9.pfb></usr/share/texlive/texmf-dist/fonts/type1/public/amsfonts/s
ymbols/msbm10.pfb>
Output written on build/round0_layout1/main.pdf (21 pages, 463294 bytes).
Transcript written on build/round0_layout1/main.log.
Latexmk: Found input bbl file 'build/round0_layout1/main.bbl'
Latexmk: References changed.
Latexmk: References changed.
Latexmk: Log file says output to 'build/round0_layout1/main.pdf'
Latexmk: List of undefined refs and citations:
  Citation `am1certificate' on page 2 undefined on input line 157
  Citation `am1certificate' on page 8 undefined on input line 8
  Citation `c412' on page 12 undefined on input line 6
  Citation `c412' on page 2 undefined on input line 141
  Citation `c412' on page 5 undefined on input line 5
  Citation `c412' on page 7 undefined on input line 22
  Citation `c412' on page 9 undefined on input line 60
  Citation `ingram2014canonical' on page 3 undefined on input line 160
  Citation `kim2025many' on page 3 undefined on input line 166
Latexmk: Examining 'build/round0_layout1/main.log'
=== TeX engine is 'pdfTeX'
Latexmk: Found bibliography file(s) [references.bib]
Rule 'bibtex build/round0_layout1/main': File changes, etc:
   Changed files, or newly in use since previous run(s):
      'build/round0_layout1/main.aux'
------------
Run number 2 of rule 'bibtex build/round0_layout1/main'
------------
Latexmk: applying rule 'bibtex build/round0_layout1/main'...
------------
Running 'bibtex  "main.aux"'
------------
Latexmk: Change directory to 'build/round0_layout1/'.
To assist finding of files in document
directory, I set
  BIBINPUTS='/root/autodl-tmp/hilbert-polya-structure/henon_dynamics/research_c424_c428/papers/C424_integer_valued_quadratic:build/round0_layout1:'
  BSTINPUTS='/root/autodl-tmp/hilbert-polya-structure/henon_dynamics/research_c424_c428/papers/C424_integer_valued_quadratic:'.
This is BibTeX, Version 0.99d (TeX Live 2022/dev/Debian)
The top-level auxiliary file: main.aux
The style file: plainnat.bst
Database file #1: references.bib
Rule 'pdflatex': File changes, etc:
   Changed files, or newly in use since previous run(s):
      'build/round0_layout1/main.aux'
------------
Run number 3 of rule 'pdflatex'
------------
------------
Running 'pdflatex  -interaction=nonstopmode -halt-on-error -file-line-error -recorder -output-directory="build/round0_layout1"  "main.tex"'
------------
Latexmk: Change directory back to '/root/autodl-tmp/hilbert-polya-structure/henon_dynamics/research_c424_c428/papers/C424_integer_valued_quadratic'
Latexmk: applying rule 'pdflatex'...
This is pdfTeX, Version 3.141592653-2.6-1.40.22 (TeX Live 2022/dev/Debian) (preloaded format=pdflatex)
 restricted \write18 enabled.
entering extended mode
(./main.tex
LaTeX2e <2021-11-15> patch level 1
L3 programming layer <2022-01-21>
(/usr/share/texlive/texmf-dist/tex/latex/base/article.cls
Document Class: article 2021/10/04 v1.4n Standard LaTeX document class
(/usr/share/texlive/texmf-dist/tex/latex/base/size11.clo))
(/usr/share/texlive/texmf-dist/tex/latex/base/fontenc.sty)
(/usr/share/texmf/tex/latex/lm/lmodern.sty)
(/usr/share/texlive/texmf-dist/tex/latex/geometry/geometry.sty
(/usr/share/texlive/texmf-dist/tex/latex/graphics/keyval.sty)
(/usr/share/texlive/texmf-dist/tex/generic/iftex/ifvtex.sty
(/usr/share/texlive/texmf-dist/tex/generic/iftex/iftex.sty)))
(/usr/share/texlive/texmf-dist/tex/latex/amsmath/amsmath.sty
For additional information on amsmath, use the `?' option.
(/usr/share/texlive/texmf-dist/tex/latex/amsmath/amstext.sty
(/usr/share/texlive/texmf-dist/tex/latex/amsmath/amsgen.sty))
(/usr/share/texlive/texmf-dist/tex/latex/amsmath/amsbsy.sty)
(/usr/share/texlive/texmf-dist/tex/latex/amsmath/amsopn.sty))
(/usr/share/texlive/texmf-dist/tex/latex/amsfonts/amssymb.sty
(/usr/share/texlive/texmf-dist/tex/latex/amsfonts/amsfonts.sty))
(/usr/share/texlive/texmf-dist/tex/latex/amscls/amsthm.sty)
(/usr/share/texlive/texmf-dist/tex/latex/booktabs/booktabs.sty)
(/usr/share/texlive/texmf-dist/tex/latex/tools/array.sty)
(/usr/share/texlive/texmf-dist/tex/latex/tools/longtable.sty)
(/usr/share/texlive/texmf-dist/tex/latex/microtype/microtype.sty
(/usr/share/texlive/texmf-dist/tex/latex/etoolbox/etoolbox.sty)
(/usr/share/texlive/texmf-dist/tex/latex/microtype/microtype-pdftex.def)
(/usr/share/texlive/texmf-dist/tex/latex/microtype/microtype.cfg))
(/usr/share/texlive/texmf-dist/tex/latex/listings/listings.sty
(/usr/share/texlive/texmf-dist/tex/latex/listings/lstmisc.sty)
(/usr/share/texlive/texmf-dist/tex/latex/listings/listings.cfg))
(/usr/share/texlive/texmf-dist/tex/latex/natbib/natbib.sty)
(/usr/share/texlive/texmf-dist/tex/latex/hyperref/hyperref.sty
(/usr/share/texlive/texmf-dist/tex/generic/ltxcmds/ltxcmds.sty)
(/usr/share/texlive/texmf-dist/tex/generic/pdftexcmds/pdftexcmds.sty
(/usr/share/texlive/texmf-dist/tex/generic/infwarerr/infwarerr.sty))
(/usr/share/texlive/texmf-dist/tex/generic/kvsetkeys/kvsetkeys.sty)
(/usr/share/texlive/texmf-dist/tex/generic/kvdefinekeys/kvdefinekeys.sty)
(/usr/share/texlive/texmf-dist/tex/generic/pdfescape/pdfescape.sty)
(/usr/share/texlive/texmf-dist/tex/latex/hycolor/hycolor.sty)
(/usr/share/texlive/texmf-dist/tex/latex/letltxmacro/letltxmacro.sty)
(/usr/share/texlive/texmf-dist/tex/latex/auxhook/auxhook.sty)
(/usr/share/texlive/texmf-dist/tex/latex/kvoptions/kvoptions.sty)
(/usr/share/texlive/texmf-dist/tex/latex/hyperref/pd1enc.def)
(/usr/share/texlive/texmf-dist/tex/latex/hyperref/hyperref-langpatches.def)
(/usr/share/texlive/texmf-dist/tex/generic/intcalc/intcalc.sty)
(/usr/share/texlive/texmf-dist/tex/generic/etexcmds/etexcmds.sty)
(/usr/share/texlive/texmf-dist/tex/latex/hyperref/puenc.def)
(/usr/share/texlive/texmf-dist/tex/latex/url/url.sty)
(/usr/share/texlive/texmf-dist/tex/generic/bitset/bitset.sty
(/usr/share/texlive/texmf-dist/tex/generic/bigintcalc/bigintcalc.sty))
(/usr/share/texlive/texmf-dist/tex/latex/base/atbegshi-ltx.sty))
(/usr/share/texlive/texmf-dist/tex/latex/hyperref/hpdftex.def
(/usr/share/texlive/texmf-dist/tex/latex/base/atveryend-ltx.sty)
(/usr/share/texlive/texmf-dist/tex/latex/rerunfilecheck/rerunfilecheck.sty
(/usr/share/texlive/texmf-dist/tex/generic/uniquecounter/uniquecounter.sty)))
(./math_commands.tex
(/usr/share/texlive/texmf-dist/tex/latex/listings/lstlang1.sty))
(/usr/share/texmf/tex/latex/lm/t1lmr.fd)
(/usr/share/texlive/texmf-dist/tex/latex/l3backend/l3backend-pdftex.def)
(build/round0_layout1/main.aux)
*geometry* driver: auto-detecting
*geometry* detected driver: pdftex
(/usr/share/texlive/texmf-dist/tex/latex/microtype/mt-cmr.cfg)
(/usr/share/texlive/texmf-dist/tex/latex/hyperref/nameref.sty
(/usr/share/texlive/texmf-dist/tex/latex/refcount/refcount.sty)
(/usr/share/texlive/texmf-dist/tex/generic/gettitlestring/gettitlestring.sty))
(build/round0_layout1/main.out) (build/round0_layout1/main.out)
(/usr/share/texmf/tex/latex/lm/ot1lmr.fd)
(/usr/share/texmf/tex/latex/lm/omllmm.fd)
(/usr/share/texmf/tex/latex/lm/omslmsy.fd)
(/usr/share/texmf/tex/latex/lm/omxlmex.fd)
(/usr/share/texlive/texmf-dist/tex/latex/amsfonts/umsa.fd)
(/usr/share/texlive/texmf-dist/tex/latex/microtype/mt-msa.cfg)
(/usr/share/texlive/texmf-dist/tex/latex/amsfonts/umsb.fd)
(/usr/share/texlive/texmf-dist/tex/latex/microtype/mt-msb.cfg)
(./sections/0_abstract.tex) (./sections/1_introduction.tex [1{/var/lib/texmf/fo
nts/map/pdftex/updmap/pdftex.map}] [2]) (./sections/2_normalization.tex
[3]) (./sections/3_integrality.tex [4]) (./sections/4_annulus.tex [5])
(./sections/5_symbols.tex [6] [7]) (./sections/6_finite_core.tex [8] [9])
(./sections/7_counts.tex [10]) (./sections/8_scope.tex) [11]
(./sections/A_integral_branch.tex (/usr/share/texmf/tex/latex/lm/t1lmtt.fd))
(./sections/B_certificate.tex [12] (./evidence/certify_am1_core.py
consecutive:
[13] [14]) (./evidence/check_original_square.py
consecutive:
[15] [16]) (./tables/residual_rows.tex) [17] [18] [19])
(build/round0_layout1/main.bbl [20]) [21] (build/round0_layout1/main.aux) ){/us
r/share/texmf/fonts/enc/dvips/lm/lm-ec.enc}{/usr/share/texmf/fonts/enc/dvips/lm
/lm-rm.enc}{/usr/share/texmf/fonts/enc/dvips/lm/lm-mathit.enc}{/usr/share/texmf
/fonts/enc/dvips/lm/lm-mathex.enc}{/usr/share/texmf/fonts/enc/dvips/lm/lm-maths
y.enc}</usr/share/texmf/fonts/type1/public/lm/lmbx10.pfb></usr/share/texmf/font
s/type1/public/lm/lmbx12.pfb></usr/share/texmf/fonts/type1/public/lm/lmex10.pfb
></usr/share/texmf/fonts/type1/public/lm/lmmi10.pfb></usr/share/texmf/fonts/typ
e1/public/lm/lmmi6.pfb></usr/share/texmf/fonts/type1/public/lm/lmmi7.pfb></usr/
share/texmf/fonts/type1/public/lm/lmmi8.pfb></usr/share/texmf/fonts/type1/publi
c/lm/lmr10.pfb></usr/share/texmf/fonts/type1/public/lm/lmr12.pfb></usr/share/te
xmf/fonts/type1/public/lm/lmr17.pfb></usr/share/texmf/fonts/type1/public/lm/lmr
6.pfb></usr/share/texmf/fonts/type1/public/lm/lmr7.pfb></usr/share/texmf/fonts/
type1/public/lm/lmr8.pfb></usr/share/texmf/fonts/type1/public/lm/lmri10.pfb></u
sr/share/texmf/fonts/type1/public/lm/lmsy10.pfb></usr/share/texmf/fonts/type1/p
ublic/lm/lmsy8.pfb></usr/share/texmf/fonts/type1/public/lm/lmtk10.pfb></usr/sha
re/texmf/fonts/type1/public/lm/lmtt10.pfb></usr/share/texmf/fonts/type1/public/
lm/lmtt9.pfb></usr/share/texlive/texmf-dist/fonts/type1/public/amsfonts/symbols
/msbm10.pfb>
Output written on build/round0_layout1/main.pdf (21 pages, 463423 bytes).
Transcript written on build/round0_layout1/main.log.
Latexmk: Found input bbl file 'build/round0_layout1/main.bbl'
Latexmk: Log file says output to 'build/round0_layout1/main.pdf'
Latexmk: Examining 'build/round0_layout1/main.log'
=== TeX engine is 'pdfTeX'
Latexmk: Found bibliography file(s) [references.bib]
Latexmk: All targets (build/round0_layout1/main.pdf) are up-to-date
