Rc files read:
  /etc/LatexMk
Latexmk: This is Latexmk, John Collins, 20 November 2021, version: 4.76.
Rule 'pdflatex': File changes, etc:
   Changed files, or newly in use since previous run(s):
      'main.tex'
------------
Run number 1 of rule 'pdflatex'
------------
------------
Running 'pdflatex  -interaction=nonstopmode -halt-on-error -recorder  "main.tex"'
------------
Latexmk: applying rule 'pdflatex'...
This is pdfTeX, Version 3.141592653-2.6-1.40.22 (TeX Live 2022/dev/Debian) (preloaded format=pdflatex)
 restricted \write18 enabled.
entering extended mode
(./main.tex
LaTeX2e <2021-11-15> patch level 1
L3 programming layer <2022-01-21>
(/usr/share/texlive/texmf-dist/tex/latex/base/article.cls
Document Class: article 2021/10/04 v1.4n Standard LaTeX document class
(/usr/share/texlive/texmf-dist/tex/latex/base/size11.clo))
(/usr/share/texlive/texmf-dist/tex/latex/base/fontenc.sty)
(/usr/share/texlive/texmf-dist/tex/latex/base/inputenc.sty)
(/usr/share/texmf/tex/latex/lm/lmodern.sty)
(/usr/share/texlive/texmf-dist/tex/latex/geometry/geometry.sty
(/usr/share/texlive/texmf-dist/tex/latex/graphics/keyval.sty)
(/usr/share/texlive/texmf-dist/tex/generic/iftex/ifvtex.sty
(/usr/share/texlive/texmf-dist/tex/generic/iftex/iftex.sty)))
(/usr/share/texlive/texmf-dist/tex/latex/amsmath/amsmath.sty
For additional information on amsmath, use the `?' option.
(/usr/share/texlive/texmf-dist/tex/latex/amsmath/amstext.sty
(/usr/share/texlive/texmf-dist/tex/latex/amsmath/amsgen.sty))
(/usr/share/texlive/texmf-dist/tex/latex/amsmath/amsbsy.sty)
(/usr/share/texlive/texmf-dist/tex/latex/amsmath/amsopn.sty))
(/usr/share/texlive/texmf-dist/tex/latex/amsfonts/amssymb.sty
(/usr/share/texlive/texmf-dist/tex/latex/amsfonts/amsfonts.sty))
(/usr/share/texlive/texmf-dist/tex/latex/amscls/amsthm.sty)
(/usr/share/texlive/texmf-dist/tex/latex/microtype/microtype.sty
(/usr/share/texlive/texmf-dist/tex/latex/etoolbox/etoolbox.sty)
(/usr/share/texlive/texmf-dist/tex/latex/microtype/microtype-pdftex.def)
(/usr/share/texlive/texmf-dist/tex/latex/microtype/microtype.cfg))
(/usr/share/texlive/texmf-dist/tex/latex/booktabs/booktabs.sty)
(/usr/share/texlive/texmf-dist/tex/latex/natbib/natbib.sty)
(/usr/share/texlive/texmf-dist/tex/latex/hyperref/hyperref.sty
(/usr/share/texlive/texmf-dist/tex/generic/ltxcmds/ltxcmds.sty)
(/usr/share/texlive/texmf-dist/tex/generic/pdftexcmds/pdftexcmds.sty
(/usr/share/texlive/texmf-dist/tex/generic/infwarerr/infwarerr.sty))
(/usr/share/texlive/texmf-dist/tex/generic/kvsetkeys/kvsetkeys.sty)
(/usr/share/texlive/texmf-dist/tex/generic/kvdefinekeys/kvdefinekeys.sty)
(/usr/share/texlive/texmf-dist/tex/generic/pdfescape/pdfescape.sty)
(/usr/share/texlive/texmf-dist/tex/latex/hycolor/hycolor.sty)
(/usr/share/texlive/texmf-dist/tex/latex/letltxmacro/letltxmacro.sty)
(/usr/share/texlive/texmf-dist/tex/latex/auxhook/auxhook.sty)
(/usr/share/texlive/texmf-dist/tex/latex/kvoptions/kvoptions.sty)
(/usr/share/texlive/texmf-dist/tex/latex/hyperref/pd1enc.def)
(/usr/share/texlive/texmf-dist/tex/latex/hyperref/hyperref-langpatches.def)
(/usr/share/texlive/texmf-dist/tex/generic/intcalc/intcalc.sty)
(/usr/share/texlive/texmf-dist/tex/generic/etexcmds/etexcmds.sty)
(/usr/share/texlive/texmf-dist/tex/latex/hyperref/puenc.def)
(/usr/share/texlive/texmf-dist/tex/latex/url/url.sty)
(/usr/share/texlive/texmf-dist/tex/generic/bitset/bitset.sty
(/usr/share/texlive/texmf-dist/tex/generic/bigintcalc/bigintcalc.sty))
(/usr/share/texlive/texmf-dist/tex/latex/base/atbegshi-ltx.sty))
(/usr/share/texlive/texmf-dist/tex/latex/hyperref/hpdftex.def
(/usr/share/texlive/texmf-dist/tex/latex/base/atveryend-ltx.sty)
(/usr/share/texlive/texmf-dist/tex/latex/rerunfilecheck/rerunfilecheck.sty
(/usr/share/texlive/texmf-dist/tex/generic/uniquecounter/uniquecounter.sty)))
(./math_commands.tex) (/usr/share/texmf/tex/latex/lm/t1lmr.fd)
(/usr/share/texlive/texmf-dist/tex/latex/l3backend/l3backend-pdftex.def)
(./main.aux)
*geometry* driver: auto-detecting
*geometry* detected driver: pdftex
(/usr/share/texlive/texmf-dist/tex/latex/microtype/mt-cmr.cfg)
(/usr/share/texlive/texmf-dist/tex/latex/hyperref/nameref.sty
(/usr/share/texlive/texmf-dist/tex/latex/refcount/refcount.sty)
(/usr/share/texlive/texmf-dist/tex/generic/gettitlestring/gettitlestring.sty))
(/usr/share/texmf/tex/latex/lm/ot1lmr.fd)
(/usr/share/texmf/tex/latex/lm/omllmm.fd)
(/usr/share/texmf/tex/latex/lm/omslmsy.fd)
(/usr/share/texmf/tex/latex/lm/omxlmex.fd)
(/usr/share/texlive/texmf-dist/tex/latex/amsfonts/umsa.fd)
(/usr/share/texlive/texmf-dist/tex/latex/microtype/mt-msa.cfg)
(/usr/share/texlive/texmf-dist/tex/latex/amsfonts/umsb.fd)
(/usr/share/texlive/texmf-dist/tex/latex/microtype/mt-msb.cfg)
(./sections/0_abstract.tex) (./sections/1_introduction.tex

Package natbib Warning: Citation `benedetto2017cubic' on page 1 undefined on in
put line 21.


Package natbib Warning: Citation `bouw2021belyi' on page 1 undefined on input l
ine 22.


Package natbib Warning: Citation `ejder2022arithmetic' on page 1 undefined on i
nput line 24.


Package natbib Warning: Citation `adams2025unicritical' on page 1 undefined on 
input line 38.


Package natbib Warning: Citation `hlushchanka2025cubic' on page 1 undefined on 
input line 41.

[1{/var/lib/texmf/fonts/map/pdftex/updmap/pdftex.map}]

LaTeX Warning: Reference `sec:statements' on page 2 undefined on input line 58.



LaTeX Warning: Reference `sec:normal' on page 2 undefined on input line 59.


LaTeX Warning: Reference `sec:signature' on page 2 undefined on input line 61.


LaTeX Warning: Reference `sec:kummer' on page 2 undefined on input line 63.


LaTeX Warning: Reference `sec:as' on page 2 undefined on input line 63.


LaTeX Warning: Reference `sec:ramification' on page 2 undefined on input line 6
5.

) (./sections/2_statements.tex

LaTeX Warning: Reference `sec:normal' on page 2 undefined on input line 15.


Package natbib Warning: Citation `benedetto2017cubic' on page 2 undefined on in
put line 28.


Package natbib Warning: Citation `ejder2022arithmetic' on page 2 undefined on i
nput line 29.

(/usr/share/texlive/texmf-dist/tex/latex/amsfonts/ueuf.fd)
(/usr/share/texlive/texmf-dist/tex/latex/microtype/mt-euf.cfg) [2]

LaTeX Warning: Reference `thm:tower' on page 3 undefined on input line 108.


LaTeX Warning: Reference `thm:ranks' on page 3 undefined on input line 109.


LaTeX Warning: Reference `thm:genus' on page 3 undefined on input line 109.

) (./sections/3_normal_form.tex [3]

LaTeX Warning: Reference `eq:roots' on page 4 undefined on input line 31.


LaTeX Warning: Reference `eq:roots' on page 4 undefined on input line 36.


LaTeX Warning: Reference `eq:discproduct' on page 4 undefined on input line 44.



LaTeX Warning: Reference `lem:normal' on page 4 undefined on input line 79.

[4] [5]

Package natbib Warning: Citation `stichtenoth2009function' on page 6 undefined 
on input line 175.

) (./sections/4_signature.tex

LaTeX Warning: Reference `eq:discproduct' on page 6 undefined on input line 16.



LaTeX Warning: Reference `eq:compatible-vandermonde' on page 6 undefined on inp
ut line 41.


Package natbib Warning: Citation `benedetto2017cubic' on page 6 undefined on in
put line 54.


LaTeX Warning: Reference `eq:Edefinition' on page 6 undefined on input line 58.


[6]

LaTeX Warning: Reference `eq:order-recurrence' on page 7 undefined on input lin
e 79.


LaTeX Warning: Reference `lem:order' on page 7 undefined on input line 85.

) (./sections/5_kummer.tex

LaTeX Warning: Reference `sec:descent' on page 7 undefined on input line 3.


LaTeX Warning: Reference `eq:iterate-derivative' on page 7 undefined on input l
ine 26.


LaTeX Warning: Reference `lem:local' on page 7 undefined on input line 38.


LaTeX Warning: Reference `thm:ranks' on page 7 undefined on input line 62.

[7]

LaTeX Warning: Reference `lem:zero' on page 8 undefined on input line 78.


LaTeX Warning: Reference `lem:order' on page 8 undefined on input line 84.


LaTeX Warning: Reference `eq:discproduct' on page 8 undefined on input line 108
.


LaTeX Warning: Reference `eq:betavandermonde' on page 8 undefined on input line
 115.


LaTeX Warning: Reference `lem:radicaldegree' on page 8 undefined on input line 
121.

) (./sections/6_artin_schreier.tex

LaTeX Warning: Reference `lem:first' on page 8 undefined on input line 8.


LaTeX Warning: Reference `eq:joint-induction' on page 8 undefined on input line
 15.

[8]

LaTeX Warning: Reference `lem:local' on page 9 undefined on input line 40.


LaTeX Warning: Reference `lem:local' on page 9 undefined on input line 47.


LaTeX Warning: Reference `lem:pole' on page 9 undefined on input line 54.


LaTeX Warning: Reference `eq:joint-induction' on page 9 undefined on input line
 59.


LaTeX Warning: Reference `prop:kummer' on page 9 undefined on input line 72.


LaTeX Warning: Reference `prop:kummer' on page 9 undefined on input line 84.


LaTeX Warning: Reference `lem:pole' on page 9 undefined on input line 98.


LaTeX Warning: Reference `lem:normal' on page 9 undefined on input line 102.


LaTeX Warning: Reference `eq:AS-field' on page 9 undefined on input line 104.


LaTeX Warning: Reference `eq:roots' on page 9 undefined on input line 106.


LaTeX Warning: Reference `lem:radicaldegree' on page 9 undefined on input line 
109.

[9]

LaTeX Warning: Reference `eq:joint-induction' on page 10 undefined on input lin
e 120.


LaTeX Warning: Reference `lem:pole' on page 10 undefined on input line 131.


LaTeX Warning: Reference `lem:local' on page 10 undefined on input line 147.


LaTeX Warning: Reference `eq:AS-field' on page 10 undefined on input line 152.


LaTeX Warning: Reference `lem:radicaldegree' on page 10 undefined on input line
 153.


LaTeX Warning: Reference `lem:local' on page 10 undefined on input line 154.


LaTeX Warning: Reference `eq:next-infinity' on page 10 undefined on input line 
157.


LaTeX Warning: Reference `prop:kummer' on page 10 undefined on input line 165.


LaTeX Warning: Reference `prop:AS-global' on page 10 undefined on input line 16
6.


LaTeX Warning: Reference `prop:AS-local' on page 10 undefined on input line 174
.


LaTeX Warning: Reference `lem:first' on page 10 undefined on input line 176.


LaTeX Warning: Reference `prop:kummer' on page 10 undefined on input line 179.


LaTeX Warning: Reference `thm:ranks' on page 10 undefined on input line 181.


LaTeX Warning: Reference `thm:genus' on page 10 undefined on input line 183.

[10]

LaTeX Warning: Reference `thm:tower' on page 11 undefined on input line 215.

) (./sections/7_ramification.tex

LaTeX Warning: Reference `lem:zero' on page 11 undefined on input line 5.


LaTeX Warning: Reference `sec:as' on page 11 undefined on input line 40.


LaTeX Warning: Reference `eq:different-transitivity' on page 11 undefined on in
put line 43.


LaTeX Warning: Reference `thm:genus' on page 11 undefined on input line 53.


LaTeX Warning: Reference `lem:zero' on page 11 undefined on input line 55.

[11]

LaTeX Warning: Reference `eq:genus' on page 12 undefined on input line 68.


LaTeX Warning: Reference `thm:genus' on page 12 undefined on input line 69.


LaTeX Warning: Reference `tab:heights' on page 12 undefined on input line 72.

) (./sections/8_conclusion.tex)
No file main.bbl.

Package natbib Warning: There were undefined citations.

[12] (./main.aux)

LaTeX Warning: There were undefined references.


LaTeX Warning: Label(s) may have changed. Rerun to get cross-references right.


Package rerunfilecheck Warning: File `main.out' has changed.
(rerunfilecheck)                Rerun to get outlines right
(rerunfilecheck)                or use package `bookmark'.

 ){/usr/share/texmf/fonts/enc/dvips/lm/lm-ec.enc}{/usr/share/texmf/fonts/enc/dv
ips/lm/lm-mathsy.enc}{/usr/share/texmf/fonts/enc/dvips/lm/lm-mathit.enc}{/usr/s
hare/texmf/fonts/enc/dvips/lm/lm-rm.enc}{/usr/share/texmf/fonts/enc/dvips/lm/lm
-mathex.enc}</usr/share/texlive/texmf-dist/fonts/type1/public/amsfonts/euler/eu
fm10.pfb></usr/share/texmf/fonts/type1/public/lm/lmbx10.pfb></usr/share/texmf/f
onts/type1/public/lm/lmbx12.pfb></usr/share/texmf/fonts/type1/public/lm/lmex10.
pfb></usr/share/texmf/fonts/type1/public/lm/lmmi10.pfb></usr/share/texmf/fonts/
type1/public/lm/lmmi5.pfb></usr/share/texmf/fonts/type1/public/lm/lmmi6.pfb></u
sr/share/texmf/fonts/type1/public/lm/lmmi7.pfb></usr/share/texmf/fonts/type1/pu
blic/lm/lmmi8.pfb></usr/share/texmf/fonts/type1/public/lm/lmr10.pfb></usr/share
/texmf/fonts/type1/public/lm/lmr12.pfb></usr/share/texmf/fonts/type1/public/lm/
lmr17.pfb></usr/share/texmf/fonts/type1/public/lm/lmr5.pfb></usr/share/texmf/fo
nts/type1/public/lm/lmr6.pfb></usr/share/texmf/fonts/type1/public/lm/lmr7.pfb><
/usr/share/texmf/fonts/type1/public/lm/lmr8.pfb></usr/share/texmf/fonts/type1/p
ublic/lm/lmri10.pfb></usr/share/texmf/fonts/type1/public/lm/lmsy10.pfb></usr/sh
are/texmf/fonts/type1/public/lm/lmsy5.pfb></usr/share/texmf/fonts/type1/public/
lm/lmsy6.pfb></usr/share/texmf/fonts/type1/public/lm/lmsy7.pfb></usr/share/texm
f/fonts/type1/public/lm/lmsy8.pfb></usr/share/texlive/texmf-dist/fonts/type1/pu
blic/amsfonts/symbols/msbm10.pfb>
Output written on main.pdf (12 pages, 377498 bytes).
Transcript written on main.log.
Latexmk: Missing bbl file 'main.bbl' in following:
 No file main.bbl.
Latexmk: References changed.
Latexmk: References changed.
Latexmk: Log file says output to 'main.pdf'
Latexmk: List of undefined refs and citations:
  Citation `adams2025unicritical' on page 1 undefined on input line 38
  Citation `benedetto2017cubic' on page 1 undefined on input line 21
  Citation `benedetto2017cubic' on page 2 undefined on input line 28
  Citation `benedetto2017cubic' on page 6 undefined on input line 54
  Citation `bouw2021belyi' on page 1 undefined on input line 22
  Citation `ejder2022arithmetic' on page 1 undefined on input line 24
  Citation `ejder2022arithmetic' on page 2 undefined on input line 29
  Citation `hlushchanka2025cubic' on page 1 undefined on input line 41
  Citation `stichtenoth2009function' on page 6 undefined on input line 175
  Reference `eq:AS-field' on page 10 undefined on input line 152
  Reference `eq:AS-field' on page 9 undefined on input line 104
  Reference `eq:Edefinition' on page 6 undefined on input line 58
  Reference `eq:betavandermonde' on page 8 undefined on input line 115
  Reference `eq:compatible-vandermonde' on page 6 undefined on input line 41
  Reference `eq:different-transitivity' on page 11 undefined on input line 43
  Reference `eq:discproduct' on page 4 undefined on input line 44
  Reference `eq:discproduct' on page 6 undefined on input line 16
  Reference `eq:discproduct' on page 8 undefined on input line 108
  Reference `eq:genus' on page 12 undefined on input line 68
  Reference `eq:iterate-derivative' on page 7 undefined on input line 26
  Reference `eq:joint-induction' on page 10 undefined on input line 120
  Reference `eq:joint-induction' on page 8 undefined on input line 15
  Reference `eq:joint-induction' on page 9 undefined on input line 59
  Reference `eq:next-infinity' on page 10 undefined on input line 157
  Reference `eq:order-recurrence' on page 7 undefined on input line 79
  Reference `eq:roots' on page 4 undefined on input line 31
  Reference `eq:roots' on page 4 undefined on input line 36
  Reference `eq:roots' on page 9 undefined on input line 106
  Reference `lem:first' on page 10 undefined on input line 176
  Reference `lem:first' on page 8 undefined on input line 8
  Reference `lem:local' on page 10 undefined on input line 147
  Reference `lem:local' on page 10 undefined on input line 154
  Reference `lem:local' on page 7 undefined on input line 38
  Reference `lem:local' on page 9 undefined on input line 40
  Reference `lem:local' on page 9 undefined on input line 47
  Reference `lem:normal' on page 4 undefined on input line 79
  Reference `lem:normal' on page 9 undefined on input line 102
  Reference `lem:order' on page 7 undefined on input line 85
  Reference `lem:order' on page 8 undefined on input line 84
  Reference `lem:pole' on page 10 undefined on input line 131
  Reference `lem:pole' on page 9 undefined on input line 54
  Reference `lem:pole' on page 9 undefined on input line 98
  Reference `lem:radicaldegree' on page 10 undefined on input line 153
  Reference `lem:radicaldegree' on page 8 undefined on input line 121
  Reference `lem:radicaldegree' on page 9 undefined on input line 109
  Reference `lem:zero' on page 11 undefined on input line 5
  Reference `lem:zero' on page 11 undefined on input line 55
  Reference `lem:zero' on page 8 undefined on input line 78
  Reference `prop:AS-global' on page 10 undefined on input line 166
  Reference `prop:AS-local' on page 10 undefined on input line 174
  Reference `prop:kummer' on page 10 undefined on input line 165
  Reference `prop:kummer' on page 10 undefined on input line 179
  Reference `prop:kummer' on page 9 undefined on input line 72
  Reference `prop:kummer' on page 9 undefined on input line 84
  Reference `sec:as' on page 11 undefined on input line 40
  Reference `sec:as' on page 2 undefined on input line 63
  Reference `sec:descent' on page 7 undefined on input line 3
  Reference `sec:kummer' on page 2 undefined on input line 63
  Reference `sec:normal' on page 2 undefined on input line 15
  Reference `sec:normal' on page 2 undefined on input line 59
  Reference `sec:ramification' on page 2 undefined on input line 65
  Reference `sec:signature' on page 2 undefined on input line 61
  Reference `sec:statements' on page 2 undefined on input line 58
  Reference `tab:heights' on page 12 undefined on input line 72
  Reference `thm:genus' on page 10 undefined on input line 183
  Reference `thm:genus' on page 11 undefined on input line 53
  Reference `thm:genus' on page 12 undefined on input line 69
  Reference `thm:genus' on page 3 undefined on input line 109
  Reference `thm:ranks' on page 10 undefined on input line 181
  Reference `thm:ranks' on page 3 undefined on input line 109
  Reference `thm:ranks' on page 7 undefined on input line 62
  Reference `thm:tower' on page 11 undefined on input line 215
  Reference `thm:tower' on page 3 undefined on input line 108
Latexmk: Examining 'main.log'
=== TeX engine is 'pdfTeX'
Latexmk: Found bibliography file(s) [references.bib]
Rule 'bibtex main': File changes, etc:
   Changed files, or newly in use since previous run(s):
      'main.aux'
------------
Run number 1 of rule 'bibtex main'
------------
------------
Running 'bibtex  "main.aux"'
------------
Latexmk: applying rule 'bibtex main'...
This is BibTeX, Version 0.99d (TeX Live 2022/dev/Debian)
The top-level auxiliary file: main.aux
The style file: plainnat.bst
Database file #1: references.bib
Rule 'pdflatex': File changes, etc:
   Changed files, or newly in use since previous run(s):
      'main.aux'
      'main.bbl'
      'main.out'
------------
Run number 2 of rule 'pdflatex'
------------
------------
Running 'pdflatex  -interaction=nonstopmode -halt-on-error -recorder  "main.tex"'
------------
Latexmk: applying rule 'pdflatex'...
This is pdfTeX, Version 3.141592653-2.6-1.40.22 (TeX Live 2022/dev/Debian) (preloaded format=pdflatex)
 restricted \write18 enabled.
entering extended mode
(./main.tex
LaTeX2e <2021-11-15> patch level 1
L3 programming layer <2022-01-21>
(/usr/share/texlive/texmf-dist/tex/latex/base/article.cls
Document Class: article 2021/10/04 v1.4n Standard LaTeX document class
(/usr/share/texlive/texmf-dist/tex/latex/base/size11.clo))
(/usr/share/texlive/texmf-dist/tex/latex/base/fontenc.sty)
(/usr/share/texlive/texmf-dist/tex/latex/base/inputenc.sty)
(/usr/share/texmf/tex/latex/lm/lmodern.sty)
(/usr/share/texlive/texmf-dist/tex/latex/geometry/geometry.sty
(/usr/share/texlive/texmf-dist/tex/latex/graphics/keyval.sty)
(/usr/share/texlive/texmf-dist/tex/generic/iftex/ifvtex.sty
(/usr/share/texlive/texmf-dist/tex/generic/iftex/iftex.sty)))
(/usr/share/texlive/texmf-dist/tex/latex/amsmath/amsmath.sty
For additional information on amsmath, use the `?' option.
(/usr/share/texlive/texmf-dist/tex/latex/amsmath/amstext.sty
(/usr/share/texlive/texmf-dist/tex/latex/amsmath/amsgen.sty))
(/usr/share/texlive/texmf-dist/tex/latex/amsmath/amsbsy.sty)
(/usr/share/texlive/texmf-dist/tex/latex/amsmath/amsopn.sty))
(/usr/share/texlive/texmf-dist/tex/latex/amsfonts/amssymb.sty
(/usr/share/texlive/texmf-dist/tex/latex/amsfonts/amsfonts.sty))
(/usr/share/texlive/texmf-dist/tex/latex/amscls/amsthm.sty)
(/usr/share/texlive/texmf-dist/tex/latex/microtype/microtype.sty
(/usr/share/texlive/texmf-dist/tex/latex/etoolbox/etoolbox.sty)
(/usr/share/texlive/texmf-dist/tex/latex/microtype/microtype-pdftex.def)
(/usr/share/texlive/texmf-dist/tex/latex/microtype/microtype.cfg))
(/usr/share/texlive/texmf-dist/tex/latex/booktabs/booktabs.sty)
(/usr/share/texlive/texmf-dist/tex/latex/natbib/natbib.sty)
(/usr/share/texlive/texmf-dist/tex/latex/hyperref/hyperref.sty
(/usr/share/texlive/texmf-dist/tex/generic/ltxcmds/ltxcmds.sty)
(/usr/share/texlive/texmf-dist/tex/generic/pdftexcmds/pdftexcmds.sty
(/usr/share/texlive/texmf-dist/tex/generic/infwarerr/infwarerr.sty))
(/usr/share/texlive/texmf-dist/tex/generic/kvsetkeys/kvsetkeys.sty)
(/usr/share/texlive/texmf-dist/tex/generic/kvdefinekeys/kvdefinekeys.sty)
(/usr/share/texlive/texmf-dist/tex/generic/pdfescape/pdfescape.sty)
(/usr/share/texlive/texmf-dist/tex/latex/hycolor/hycolor.sty)
(/usr/share/texlive/texmf-dist/tex/latex/letltxmacro/letltxmacro.sty)
(/usr/share/texlive/texmf-dist/tex/latex/auxhook/auxhook.sty)
(/usr/share/texlive/texmf-dist/tex/latex/kvoptions/kvoptions.sty)
(/usr/share/texlive/texmf-dist/tex/latex/hyperref/pd1enc.def)
(/usr/share/texlive/texmf-dist/tex/latex/hyperref/hyperref-langpatches.def)
(/usr/share/texlive/texmf-dist/tex/generic/intcalc/intcalc.sty)
(/usr/share/texlive/texmf-dist/tex/generic/etexcmds/etexcmds.sty)
(/usr/share/texlive/texmf-dist/tex/latex/hyperref/puenc.def)
(/usr/share/texlive/texmf-dist/tex/latex/url/url.sty)
(/usr/share/texlive/texmf-dist/tex/generic/bitset/bitset.sty
(/usr/share/texlive/texmf-dist/tex/generic/bigintcalc/bigintcalc.sty))
(/usr/share/texlive/texmf-dist/tex/latex/base/atbegshi-ltx.sty))
(/usr/share/texlive/texmf-dist/tex/latex/hyperref/hpdftex.def
(/usr/share/texlive/texmf-dist/tex/latex/base/atveryend-ltx.sty)
(/usr/share/texlive/texmf-dist/tex/latex/rerunfilecheck/rerunfilecheck.sty
(/usr/share/texlive/texmf-dist/tex/generic/uniquecounter/uniquecounter.sty)))
(./math_commands.tex) (/usr/share/texmf/tex/latex/lm/t1lmr.fd)
(/usr/share/texlive/texmf-dist/tex/latex/l3backend/l3backend-pdftex.def)
(./main.aux)
*geometry* driver: auto-detecting
*geometry* detected driver: pdftex
(/usr/share/texlive/texmf-dist/tex/latex/microtype/mt-cmr.cfg)
(/usr/share/texlive/texmf-dist/tex/latex/hyperref/nameref.sty
(/usr/share/texlive/texmf-dist/tex/latex/refcount/refcount.sty)
(/usr/share/texlive/texmf-dist/tex/generic/gettitlestring/gettitlestring.sty))
(./main.out) (./main.out) (/usr/share/texmf/tex/latex/lm/ot1lmr.fd)
(/usr/share/texmf/tex/latex/lm/omllmm.fd)
(/usr/share/texmf/tex/latex/lm/omslmsy.fd)
(/usr/share/texmf/tex/latex/lm/omxlmex.fd)
(/usr/share/texlive/texmf-dist/tex/latex/amsfonts/umsa.fd)
(/usr/share/texlive/texmf-dist/tex/latex/microtype/mt-msa.cfg)
(/usr/share/texlive/texmf-dist/tex/latex/amsfonts/umsb.fd)
(/usr/share/texlive/texmf-dist/tex/latex/microtype/mt-msb.cfg)
(./sections/0_abstract.tex) (./sections/1_introduction.tex

Package natbib Warning: Citation `benedetto2017cubic' on page 1 undefined on in
put line 21.


Package natbib Warning: Citation `bouw2021belyi' on page 1 undefined on input l
ine 22.


Package natbib Warning: Citation `ejder2022arithmetic' on page 1 undefined on i
nput line 24.


Package natbib Warning: Citation `adams2025unicritical' on page 1 undefined on 
input line 38.


Package natbib Warning: Citation `hlushchanka2025cubic' on page 1 undefined on 
input line 41.

[1{/var/lib/texmf/fonts/map/pdftex/updmap/pdftex.map}])
(./sections/2_statements.tex

Package natbib Warning: Citation `benedetto2017cubic' on page 2 undefined on in
put line 28.


Package natbib Warning: Citation `ejder2022arithmetic' on page 2 undefined on i
nput line 29.

(/usr/share/texlive/texmf-dist/tex/latex/amsfonts/ueuf.fd)
(/usr/share/texlive/texmf-dist/tex/latex/microtype/mt-euf.cfg) [2])
(./sections/3_normal_form.tex [3] [4] [5]

Package natbib Warning: Citation `stichtenoth2009function' on page 6 undefined 
on input line 175.

) (./sections/4_signature.tex

Package natbib Warning: Citation `benedetto2017cubic' on page 6 undefined on in
put line 54.

[6]) (./sections/5_kummer.tex [7]) (./sections/6_artin_schreier.tex [8]
[9] [10]) (./sections/7_ramification.tex [11]) (./sections/8_conclusion.tex)
(./main.bbl (/usr/share/texmf/tex/latex/lm/t1lmtt.fd) [12])

Package natbib Warning: There were undefined citations.

[13] (./main.aux

Package natbib Warning: Citation(s) may have changed.
(natbib)                Rerun to get citations correct.

) ){/usr/share/texmf/fonts/enc/dvips/lm/lm-ec.enc}{/usr/share/texmf/fonts/enc/d
vips/lm/lm-mathsy.enc}{/usr/share/texmf/fonts/enc/dvips/lm/lm-mathit.enc}{/usr/
share/texmf/fonts/enc/dvips/lm/lm-rm.enc}{/usr/share/texmf/fonts/enc/dvips/lm/l
m-mathex.enc}</usr/share/texlive/texmf-dist/fonts/type1/public/amsfonts/euler/e
ufm10.pfb></usr/share/texmf/fonts/type1/public/lm/lmbx10.pfb></usr/share/texmf/
fonts/type1/public/lm/lmbx12.pfb></usr/share/texmf/fonts/type1/public/lm/lmex10
.pfb></usr/share/texmf/fonts/type1/public/lm/lmmi10.pfb></usr/share/texmf/fonts
/type1/public/lm/lmmi5.pfb></usr/share/texmf/fonts/type1/public/lm/lmmi6.pfb></
usr/share/texmf/fonts/type1/public/lm/lmmi7.pfb></usr/share/texmf/fonts/type1/p
ublic/lm/lmmi8.pfb></usr/share/texmf/fonts/type1/public/lm/lmr10.pfb></usr/shar
e/texmf/fonts/type1/public/lm/lmr12.pfb></usr/share/texmf/fonts/type1/public/lm
/lmr17.pfb></usr/share/texmf/fonts/type1/public/lm/lmr5.pfb></usr/share/texmf/f
onts/type1/public/lm/lmr6.pfb></usr/share/texmf/fonts/type1/public/lm/lmr7.pfb>
</usr/share/texmf/fonts/type1/public/lm/lmr8.pfb></usr/share/texmf/fonts/type1/
public/lm/lmri10.pfb></usr/share/texmf/fonts/type1/public/lm/lmsy10.pfb></usr/s
hare/texmf/fonts/type1/public/lm/lmsy5.pfb></usr/share/texmf/fonts/type1/public
/lm/lmsy6.pfb></usr/share/texmf/fonts/type1/public/lm/lmsy7.pfb></usr/share/tex
mf/fonts/type1/public/lm/lmsy8.pfb></usr/share/texmf/fonts/type1/public/lm/lmtt
10.pfb></usr/share/texlive/texmf-dist/fonts/type1/public/amsfonts/symbols/msbm1
0.pfb>
Output written on main.pdf (13 pages, 408140 bytes).
Transcript written on main.log.
Latexmk: Found input bbl file 'main.bbl'
Latexmk: References changed.
Latexmk: Log file says output to 'main.pdf'
Latexmk: List of undefined refs and citations:
  Citation `adams2025unicritical' on page 1 undefined on input line 38
  Citation `benedetto2017cubic' on page 1 undefined on input line 21
  Citation `benedetto2017cubic' on page 2 undefined on input line 28
  Citation `benedetto2017cubic' on page 6 undefined on input line 54
  Citation `bouw2021belyi' on page 1 undefined on input line 22
  Citation `ejder2022arithmetic' on page 1 undefined on input line 24
  Citation `ejder2022arithmetic' on page 2 undefined on input line 29
  Citation `hlushchanka2025cubic' on page 1 undefined on input line 41
  Citation `stichtenoth2009function' on page 6 undefined on input line 175
Latexmk: Examining 'main.log'
=== TeX engine is 'pdfTeX'
Latexmk: Found bibliography file(s) [references.bib]
Rule 'bibtex main': File changes, etc:
   Changed files, or newly in use since previous run(s):
      'main.aux'
------------
Run number 2 of rule 'bibtex main'
------------
------------
Running 'bibtex  "main.aux"'
------------
Latexmk: applying rule 'bibtex main'...
This is BibTeX, Version 0.99d (TeX Live 2022/dev/Debian)
The top-level auxiliary file: main.aux
The style file: plainnat.bst
Database file #1: references.bib
Rule 'pdflatex': File changes, etc:
   Changed files, or newly in use since previous run(s):
      'main.aux'
------------
Run number 3 of rule 'pdflatex'
------------
------------
Running 'pdflatex  -interaction=nonstopmode -halt-on-error -recorder  "main.tex"'
------------
Latexmk: applying rule 'pdflatex'...
This is pdfTeX, Version 3.141592653-2.6-1.40.22 (TeX Live 2022/dev/Debian) (preloaded format=pdflatex)
 restricted \write18 enabled.
entering extended mode
(./main.tex
LaTeX2e <2021-11-15> patch level 1
L3 programming layer <2022-01-21>
(/usr/share/texlive/texmf-dist/tex/latex/base/article.cls
Document Class: article 2021/10/04 v1.4n Standard LaTeX document class
(/usr/share/texlive/texmf-dist/tex/latex/base/size11.clo))
(/usr/share/texlive/texmf-dist/tex/latex/base/fontenc.sty)
(/usr/share/texlive/texmf-dist/tex/latex/base/inputenc.sty)
(/usr/share/texmf/tex/latex/lm/lmodern.sty)
(/usr/share/texlive/texmf-dist/tex/latex/geometry/geometry.sty
(/usr/share/texlive/texmf-dist/tex/latex/graphics/keyval.sty)
(/usr/share/texlive/texmf-dist/tex/generic/iftex/ifvtex.sty
(/usr/share/texlive/texmf-dist/tex/generic/iftex/iftex.sty)))
(/usr/share/texlive/texmf-dist/tex/latex/amsmath/amsmath.sty
For additional information on amsmath, use the `?' option.
(/usr/share/texlive/texmf-dist/tex/latex/amsmath/amstext.sty
(/usr/share/texlive/texmf-dist/tex/latex/amsmath/amsgen.sty))
(/usr/share/texlive/texmf-dist/tex/latex/amsmath/amsbsy.sty)
(/usr/share/texlive/texmf-dist/tex/latex/amsmath/amsopn.sty))
(/usr/share/texlive/texmf-dist/tex/latex/amsfonts/amssymb.sty
(/usr/share/texlive/texmf-dist/tex/latex/amsfonts/amsfonts.sty))
(/usr/share/texlive/texmf-dist/tex/latex/amscls/amsthm.sty)
(/usr/share/texlive/texmf-dist/tex/latex/microtype/microtype.sty
(/usr/share/texlive/texmf-dist/tex/latex/etoolbox/etoolbox.sty)
(/usr/share/texlive/texmf-dist/tex/latex/microtype/microtype-pdftex.def)
(/usr/share/texlive/texmf-dist/tex/latex/microtype/microtype.cfg))
(/usr/share/texlive/texmf-dist/tex/latex/booktabs/booktabs.sty)
(/usr/share/texlive/texmf-dist/tex/latex/natbib/natbib.sty)
(/usr/share/texlive/texmf-dist/tex/latex/hyperref/hyperref.sty
(/usr/share/texlive/texmf-dist/tex/generic/ltxcmds/ltxcmds.sty)
(/usr/share/texlive/texmf-dist/tex/generic/pdftexcmds/pdftexcmds.sty
(/usr/share/texlive/texmf-dist/tex/generic/infwarerr/infwarerr.sty))
(/usr/share/texlive/texmf-dist/tex/generic/kvsetkeys/kvsetkeys.sty)
(/usr/share/texlive/texmf-dist/tex/generic/kvdefinekeys/kvdefinekeys.sty)
(/usr/share/texlive/texmf-dist/tex/generic/pdfescape/pdfescape.sty)
(/usr/share/texlive/texmf-dist/tex/latex/hycolor/hycolor.sty)
(/usr/share/texlive/texmf-dist/tex/latex/letltxmacro/letltxmacro.sty)
(/usr/share/texlive/texmf-dist/tex/latex/auxhook/auxhook.sty)
(/usr/share/texlive/texmf-dist/tex/latex/kvoptions/kvoptions.sty)
(/usr/share/texlive/texmf-dist/tex/latex/hyperref/pd1enc.def)
(/usr/share/texlive/texmf-dist/tex/latex/hyperref/hyperref-langpatches.def)
(/usr/share/texlive/texmf-dist/tex/generic/intcalc/intcalc.sty)
(/usr/share/texlive/texmf-dist/tex/generic/etexcmds/etexcmds.sty)
(/usr/share/texlive/texmf-dist/tex/latex/hyperref/puenc.def)
(/usr/share/texlive/texmf-dist/tex/latex/url/url.sty)
(/usr/share/texlive/texmf-dist/tex/generic/bitset/bitset.sty
(/usr/share/texlive/texmf-dist/tex/generic/bigintcalc/bigintcalc.sty))
(/usr/share/texlive/texmf-dist/tex/latex/base/atbegshi-ltx.sty))
(/usr/share/texlive/texmf-dist/tex/latex/hyperref/hpdftex.def
(/usr/share/texlive/texmf-dist/tex/latex/base/atveryend-ltx.sty)
(/usr/share/texlive/texmf-dist/tex/latex/rerunfilecheck/rerunfilecheck.sty
(/usr/share/texlive/texmf-dist/tex/generic/uniquecounter/uniquecounter.sty)))
(./math_commands.tex) (/usr/share/texmf/tex/latex/lm/t1lmr.fd)
(/usr/share/texlive/texmf-dist/tex/latex/l3backend/l3backend-pdftex.def)
(./main.aux)
*geometry* driver: auto-detecting
*geometry* detected driver: pdftex
(/usr/share/texlive/texmf-dist/tex/latex/microtype/mt-cmr.cfg)
(/usr/share/texlive/texmf-dist/tex/latex/hyperref/nameref.sty
(/usr/share/texlive/texmf-dist/tex/latex/refcount/refcount.sty)
(/usr/share/texlive/texmf-dist/tex/generic/gettitlestring/gettitlestring.sty))
(./main.out) (./main.out) (/usr/share/texmf/tex/latex/lm/ot1lmr.fd)
(/usr/share/texmf/tex/latex/lm/omllmm.fd)
(/usr/share/texmf/tex/latex/lm/omslmsy.fd)
(/usr/share/texmf/tex/latex/lm/omxlmex.fd)
(/usr/share/texlive/texmf-dist/tex/latex/amsfonts/umsa.fd)
(/usr/share/texlive/texmf-dist/tex/latex/microtype/mt-msa.cfg)
(/usr/share/texlive/texmf-dist/tex/latex/amsfonts/umsb.fd)
(/usr/share/texlive/texmf-dist/tex/latex/microtype/mt-msb.cfg)
(./sections/0_abstract.tex) (./sections/1_introduction.tex [1{/var/lib/texmf/fo
nts/map/pdftex/updmap/pdftex.map}]) (./sections/2_statements.tex
(/usr/share/texlive/texmf-dist/tex/latex/amsfonts/ueuf.fd)
(/usr/share/texlive/texmf-dist/tex/latex/microtype/mt-euf.cfg) [2])
(./sections/3_normal_form.tex [3] [4] [5]) (./sections/4_signature.tex [6])
(./sections/5_kummer.tex [7]) (./sections/6_artin_schreier.tex [8] [9] [10])
(./sections/7_ramification.tex [11]) (./sections/8_conclusion.tex) (./main.bbl
(/usr/share/texmf/tex/latex/lm/t1lmtt.fd) [12]) [13] (./main.aux) ){/usr/share/
texmf/fonts/enc/dvips/lm/lm-ec.enc}{/usr/share/texmf/fonts/enc/dvips/lm/lm-math
sy.enc}{/usr/share/texmf/fonts/enc/dvips/lm/lm-mathit.enc}{/usr/share/texmf/fon
ts/enc/dvips/lm/lm-rm.enc}{/usr/share/texmf/fonts/enc/dvips/lm/lm-mathex.enc}</
usr/share/texlive/texmf-dist/fonts/type1/public/amsfonts/euler/eufm10.pfb></usr
/share/texmf/fonts/type1/public/lm/lmbx10.pfb></usr/share/texmf/fonts/type1/pub
lic/lm/lmbx12.pfb></usr/share/texmf/fonts/type1/public/lm/lmex10.pfb></usr/shar
e/texmf/fonts/type1/public/lm/lmmi10.pfb></usr/share/texmf/fonts/type1/public/l
m/lmmi5.pfb></usr/share/texmf/fonts/type1/public/lm/lmmi6.pfb></usr/share/texmf
/fonts/type1/public/lm/lmmi7.pfb></usr/share/texmf/fonts/type1/public/lm/lmmi8.
pfb></usr/share/texmf/fonts/type1/public/lm/lmr10.pfb></usr/share/texmf/fonts/t
ype1/public/lm/lmr12.pfb></usr/share/texmf/fonts/type1/public/lm/lmr17.pfb></us
r/share/texmf/fonts/type1/public/lm/lmr5.pfb></usr/share/texmf/fonts/type1/publ
ic/lm/lmr6.pfb></usr/share/texmf/fonts/type1/public/lm/lmr7.pfb></usr/share/tex
mf/fonts/type1/public/lm/lmr8.pfb></usr/share/texmf/fonts/type1/public/lm/lmri1
0.pfb></usr/share/texmf/fonts/type1/public/lm/lmsy10.pfb></usr/share/texmf/font
s/type1/public/lm/lmsy5.pfb></usr/share/texmf/fonts/type1/public/lm/lmsy6.pfb><
/usr/share/texmf/fonts/type1/public/lm/lmsy7.pfb></usr/share/texmf/fonts/type1/
public/lm/lmsy8.pfb></usr/share/texmf/fonts/type1/public/lm/lmtt10.pfb></usr/sh
are/texlive/texmf-dist/fonts/type1/public/amsfonts/symbols/msbm10.pfb>
Output written on main.pdf (13 pages, 408234 bytes).
Transcript written on main.log.
Latexmk: Found input bbl file 'main.bbl'
Latexmk: Log file says output to 'main.pdf'
Latexmk: Examining 'main.log'
=== TeX engine is 'pdfTeX'
Latexmk: Found bibliography file(s) [references.bib]
Latexmk: All targets (main.pdf) are up-to-date
