/root/autodl-tmp/hilbert-polya-structure/symbolic_dynamics/docs/papers132_136_sequence/scouting/root/SCOUT.md:39:| X25 | Bulgarian solitaire | rich small periods and long tails | kill: heavily owned classical system |
/root/autodl-tmp/hilbert-polya-structure/symbolic_dynamics/docs/papers132_136_sequence/scouting/root/cross_family_scout.py:576:    emit("X25", "integer partitions 1<=n<=18; Bulgarian solitaire", fixed_states, lambda s: (s[0], bulgarian(s[1])))
/root/autodl-tmp/hilbert-polya-structure/symbolic_dynamics/papers/08-positive-cone-recurrent-trace/sections/A_proofs_scope.tex:24:\cref{thm:det} near the identity.  Different connected components or winding
/root/autodl-tmp/hilbert-polya-structure/symbolic_dynamics/docs/papers117_121_sequence/phase1/CANDIDATE_POOL_AND_KILL_LEDGER.md:74:| C11 | Durfee-row solitaire | depth collapses to `n-length(lambda)` | kill: theorem-thin/P113 |
/root/autodl-tmp/hilbert-polya-structure/symbolic_dynamics/docs/papers82_86_sequence/phase1/CANDIDATE_POOL_AND_KILL_LEDGER.md:35:| cyclic single-chip rotor-router | `KILL_INTERNAL_COLLISION` | the mirror already contains the complete C181 rotor-router Route-A paper package; a cycle specialization would not create a distinct system lane |
/root/autodl-tmp/hilbert-polya-structure/symbolic_dynamics/docs/papers162_166_sequence/scouting/replacement_fresh_p158/SCOUT.md:48:  pruning, closure/retraction, Bulgarian solitaire, and the killed current
/root/autodl-tmp/hilbert-polya-structure/symbolic_dynamics/docs/papers162_166_sequence/scouting/cyclic_sliding_and/SCOUT.md:143:before the next forced one-run.  Every other zero target is equivalent to the
/root/autodl-tmp/hilbert-polya-structure/symbolic_dynamics/docs/papers67_71_sequence/phase1/CANDIDATE_POOL_AND_KILL_LEDGER.md:60:| proper 3-coloring extremal winding sector | `COOL_TOO_THIN` | the exact frozen-sector count is elementary and height/slope theory is well owned |
/root/autodl-tmp/hilbert-polya-structure/symbolic_dynamics/docs/papers162_166_sequence/scouting/replacement_posets_languages/verify_scout.py:692:    # C01: deterministic parallel unit zero-range transport on a cycle.
/root/autodl-tmp/hilbert-polya-structure/symbolic_dynamics/docs/papers162_166_sequence/scouting/replacement_posets_languages/verify_scout.py:695:    def zero_range(config):
/root/autodl-tmp/hilbert-polya-structure/symbolic_dynamics/docs/papers162_166_sequence/scouting/replacement_posets_languages/verify_scout.py:700:    rows.append(("C01/ZRC", functional_signature(phase, zero_range)))
/root/autodl-tmp/hilbert-polya-structure/symbolic_dynamics/docs/papers162_166_sequence/scouting/replacement_posets_languages/verify_scout.py:744:    # C04: one-chip rotor router on a four-cycle with binary rotors.
/root/autodl-tmp/hilbert-polya-structure/symbolic_dynamics/docs/papers162_166_sequence/scouting/replacement_posets_languages/verify_scout.py:757:    # C05: random clockwise unit zero-range transfer.
/root/autodl-tmp/hilbert-polya-structure/symbolic_dynamics/docs/papers162_166_sequence/scouting/replacement_posets_languages/verify_scout.py:774:    # C06: parallel candy-sharing, retain floor half and send ceil half right.
/root/autodl-tmp/hilbert-polya-structure/symbolic_dynamics/docs/papers162_166_sequence/scouting/replacement_posets_languages/verify_scout.py:813:    # Y02: Bulgarian solitaire on integer partitions of eight.
/root/autodl-tmp/hilbert-polya-structure/symbolic_dynamics/docs/papers157_161_sequence/scouting/combinatorial/verify_combinatorial_scout.py:555:# BGS: Bulgarian solitaire on integer partitions.
/root/autodl-tmp/hilbert-polya-structure/symbolic_dynamics/docs/papers157_161_sequence/scouting/combinatorial/verify_combinatorial_scout.py:674:# CBB: cyclic nearest-empty box--ball matching on labeled binary cycles.
/root/autodl-tmp/hilbert-polya-structure/symbolic_dynamics/papers/169-successor-transfer-set-partitions/main.tex:99:Bulgarian solitaire \cite{Brandt1982}, jeu-de-taquin promotion and rowmotion
/root/autodl-tmp/hilbert-polya-structure/symbolic_dynamics/docs/papers157_161_sequence/scouting/combinatorial/SCOUT.md:42:| 6 | `BGS` | integer partitions; deterministic Bulgarian-solitaire move | rich transients and periods | **`KILL_CLASSICAL_OWNER`** |
/root/autodl-tmp/hilbert-polya-structure/symbolic_dynamics/docs/papers157_161_sequence/scouting/combinatorial/SCOUT.md:45:| 9 | `CBB` | cyclic binary words; cyclic nearest-empty box--ball matching | bijective periodic dynamics with erratic maximum periods | **`KILL_BOX_BALL_OWNER`** |
/root/autodl-tmp/hilbert-polya-structure/symbolic_dynamics/docs/papers157_161_sequence/scouting/combinatorial/SCOUT.md:195:### `BGS` -- deterministic Bulgarian solitaire
/root/autodl-tmp/hilbert-polya-structure/symbolic_dynamics/docs/papers157_161_sequence/scouting/combinatorial/SCOUT.md:212:  solitaire itself; stochastic Bulgarian variants were already screened in
/root/autodl-tmp/hilbert-polya-structure/symbolic_dynamics/papers/172-fresh-map-self-image-erosion/main.tex:236:positive next-step chance to map outside itself and reach zero.  Moreover
/root/autodl-tmp/hilbert-polya-structure/symbolic_dynamics/docs/papers152_156_sequence/scouting/stochastic_replacement3/SCOUT.md:46:  riffle shuffle, Bulgarian solitaire, RSK growth, modular carry addition,
/root/autodl-tmp/hilbert-polya-structure/symbolic_dynamics/docs/papers152_156_sequence/scouting/stochastic_replacement3/SCOUT.md:72:| RDA | choose a free proposer uniformly and execute its next deferred-acceptance proposal | exact state DAGs for sizes 3 and 4; one endpoint and one proposal count per profile | Gale--Shapley owns DA; scheduler randomness is a zero-credit order wrapper | **KILL_DEGENERATE** |
/root/autodl-tmp/symbolic_dynamics/docs/papers117_121_sequence/phase1/CANDIDATE_POOL_AND_KILL_LEDGER.md:74:| C11 | Durfee-row solitaire | depth collapses to `n-length(lambda)` | kill: theorem-thin/P113 |
/root/autodl-tmp/hilbert-polya-structure/symbolic_dynamics/docs/papers117_121_sequence/scouting/COMBINATORIAL_SCOUT.md:10:chip-firing, source reversal, tree centroids, and solitaire results receive
/root/autodl-tmp/hilbert-polya-structure/symbolic_dynamics/docs/papers117_121_sequence/scouting/COMBINATORIAL_SCOUT.md:27:| C11 | Durfee-row solitaire | integer partitions of \(n\) | the clock collapses to \(n-\ell(\lambda)\) | **KILL** |
/root/autodl-tmp/hilbert-polya-structure/symbolic_dynamics/docs/papers117_121_sequence/scouting/COMBINATORIAL_SCOUT.md:419:## C11. Durfee-row solitaire
/root/autodl-tmp/hilbert-polya-structure/symbolic_dynamics/docs/papers117_121_sequence/scouting/COMBINATORIAL_SCOUT.md:434:- **Owner subtraction:** Bulgarian-solitaire variants are extensive
/root/autodl-tmp/symbolic_dynamics/docs/papers117_121_sequence/scouting/COMBINATORIAL_SCOUT.md:10:chip-firing, source reversal, tree centroids, and solitaire results receive
/root/autodl-tmp/symbolic_dynamics/docs/papers117_121_sequence/scouting/COMBINATORIAL_SCOUT.md:27:| C11 | Durfee-row solitaire | integer partitions of \(n\) | the clock collapses to \(n-\ell(\lambda)\) | **KILL** |
/root/autodl-tmp/symbolic_dynamics/docs/papers117_121_sequence/scouting/COMBINATORIAL_SCOUT.md:419:## C11. Durfee-row solitaire
/root/autodl-tmp/symbolic_dynamics/docs/papers117_121_sequence/scouting/COMBINATORIAL_SCOUT.md:434:- **Owner subtraction:** Bulgarian-solitaire variants are extensive
/root/autodl-tmp/symbolic_dynamics/docs/prior_work/legacy/5-riemann_henon/paper_npj/main.tex:301:We present these as numerical observations and heuristic arguments. We do \emph{not} claim to have identified the Hilbert--P\'olya operator or to have proved that its spectrum equals the zeros; Table~\ref{tab:claims} states explicitly what is established, observed, heuristic, or conjectural. We have computed the standard local spectral diagnostics (nearest-neighbor spacing, pair correlation, number variance, spectral rigidity): the Floquet eigenphases show GUE-type level repulsion consistent with the Riemann zeros in a limited-statistics regime, while the reconstructed-energy spectrum that matches the mean density does not --- a tension we report openly as the main open problem. The most useful next steps are an analytic treatment of the mean density induced by the confining potential, error-controlled diagnostics on larger spectra for direct comparison with the GUE/Hardy--Littlewood results \cite{keating2019}, and a quantitative, statistically controlled comparison with hardware data. We hope the deterministic-dynamics viewpoint, anchored in a published prime--chaos isomorphism, is a useful complement to the statistical and operator-theoretic approaches to the Riemann zeros.
/root/autodl-tmp/symbolic_dynamics/docs/papers82_86_sequence/phase1/CANDIDATE_POOL_AND_KILL_LEDGER.md:35:| cyclic single-chip rotor-router | `KILL_INTERNAL_COLLISION` | the mirror already contains the complete C181 rotor-router Route-A paper package; a cycle specialization would not create a distinct system lane |
/root/autodl-tmp/symbolic_dynamics/docs/papers197_201_sequence/scouting/second_replacement_20260905/INTAKE.md:49:cross-sum geometry; local complementation; Bulgarian solitaire; canonical
/root/autodl-tmp/hilbert-polya-structure/papers/207-upper-neighbor-rank-dynamics/sections/03_core_seed.tex:83: has two zero neighbors and becomes zero. The next outer zero sees
/root/autodl-tmp/symbolic_dynamics/docs/papers197_201_sequence/scouting/replacement_after_cmm_20260905/SCOUT_DISPOSITIONS.md:72:unit-service zero-range queue occurring in P169, up to orientation.
/root/autodl-tmp/symbolic_dynamics/papers/207-upper-neighbor-rank-dynamics/failed_build_round0_01/sections/03_core_seed.tex:83: has two zero neighbors and becomes zero. The next outer zero sees
/root/autodl-tmp/hilbert-polya-structure/papers/207-upper-neighbor-rank-dynamics/failed_build_round0_01/sections/02_temporal.tex:86: \item every positive run is $2,11,12,21$, or $121$;
/root/autodl-tmp/hilbert-polya-structure/papers/207-upper-neighbor-rank-dynamics/failed_build_round0_01/sections/02_temporal.tex:87: \item a positive run $12$ or $121$ has a singleton zero run on its
/root/autodl-tmp/hilbert-polya-structure/papers/207-upper-neighbor-rank-dynamics/failed_build_round0_01/sections/02_temporal.tex:88: left; a positive run $21$ or $121$ has one on its right.
/root/autodl-tmp/hilbert-polya-structure/papers/207-upper-neighbor-rank-dynamics/failed_build_round0_01/sections/02_temporal.tex:118: A positive run is one $S_1$ with an optional neutral on either side,
/root/autodl-tmp/hilbert-polya-structure/symbolic_dynamics/papers/134-recomputed-border-array-dynamics/main.tex:292:zero.  Each of the next $j+1$ zeros has the one-letter border $0$ and no
/root/autodl-tmp/hilbert-polya-structure/symbolic_dynamics/docs/papers162_166_sequence/scouting/replacement_nonlinear_algebra/SCOUT.md:55:| `NL17/PQC` | Fix `E=diag(1,0)` and set `T(A)=EA(I-E)AE=(a_12 a_21)E`. | `p=5: 625/5/1/2`, `C={1:1}`. | The image is a scalar line annihilated by the next iterate. | A nonzero scalar target has `p^2(p-1)` sources, zero has `p^2(2p-1)`, and all other targets are empty. | One Peirce multiplication plus one hyperbola count. **`KILL_EXACT_BUT_SHALLOW`.** |
/root/autodl-tmp/hilbert-polya-structure/papers/202-ternary-ordered-reset/PROOF_PACKAGE.md:51:$a_i+b_i\ge1$. Track the order of these blocks. The old zero run becomes
/root/autodl-tmp/symbolic_dynamics/papers/207-upper-neighbor-rank-dynamics/sections/03_core_seed.tex:83: has two zero neighbors and becomes zero. The next outer zero sees
/root/autodl-tmp/hilbert-polya-structure/papers/202-ternary-ordered-reset/main.tex:154:The old zero run becomes a positive one run of length $c_i$. If $b_i>0$,
/root/autodl-tmp/hilbert-polya-structure/papers/201-eventual-period-feedback/main.tex:116:its next output is $\zero$. Strict decreases cannot continue indefinitely,
/root/autodl-tmp/hilbert-polya-structure/papers/201-eventual-period-feedback/PROOF_PACKAGE.md:11:If output rank is at least two it is strictly smaller than input rank. A rank-one output is constant and its next output is zero. Proposition 2.2 therefore proves every orbit reaches zero and zero is the only recurrent/fixed state. Height h(f) is its first zero time. For n=1 the unique state has height zero.
/root/autodl-tmp/symbolic_dynamics/papers/207-upper-neighbor-rank-dynamics/failed_build_round0_01/sections/04_fibres.tex:27:nonempty positive runs as $w_1,\ldots,w_r$. The source is constant,
/root/autodl-tmp/symbolic_dynamics/papers/207-upper-neighbor-rank-dynamics/failed_build_round0_01/sections/04_fibres.tex:33:source one in a positive run would have two positive neighbors and
/root/autodl-tmp/symbolic_dynamics/papers/207-upper-neighbor-rank-dynamics/failed_build_round0_01/sections/04_fibres.tex:36:so positive runs have length at most four. For outside heights $a,b$,
/root/autodl-tmp/symbolic_dynamics/papers/207-upper-neighbor-rank-dynamics/failed_build_round0_01/sections/04_fibres.tex:75:choose one listed source string for each positive run. The boundary
/root/autodl-tmp/symbolic_dynamics/papers/207-upper-neighbor-rank-dynamics/failed_build_round0_01/sections/04_fibres.tex:163:Each positive run and a following nonempty zero run use at least two
/root/autodl-tmp/symbolic_dynamics/papers/207-upper-neighbor-rank-dynamics/failed_build_round0_01/sections/04_fibres.tex:179:$L_4=7$ for $n\ge4$. At $n=3$, at most one positive run exists,
/root/autodl-tmp/symbolic_dynamics/papers/207-upper-neighbor-rank-dynamics/failed_build_round0_01/sections/04_fibres.tex:186:runs have length one. A positive run one gives $J_0$ and strictness,
/root/autodl-tmp/symbolic_dynamics/papers/207-upper-neighbor-rank-dynamics/failed_build_round0_01/sections/04_fibres.tex:191:run, all positive runs must again be two and the targets are the
/root/autodl-tmp/symbolic_dynamics/papers/207-upper-neighbor-rank-dynamics/failed_build_round0_01/sections/04_fibres.tex:192:rotations of $00(20)^{r-1}2$. If it is a positive run, its nonzero
/root/autodl-tmp/symbolic_dynamics/docs/papers162_166_sequence/scouting/replacement_fresh_p158/SCOUT.md:48:  pruning, closure/retraction, Bulgarian solitaire, and the killed current
/root/autodl-tmp/symbolic_dynamics/docs/papers157_161_sequence/scouting/combinatorial/verify_combinatorial_scout.py:555:# BGS: Bulgarian solitaire on integer partitions.
/root/autodl-tmp/symbolic_dynamics/docs/papers157_161_sequence/scouting/combinatorial/verify_combinatorial_scout.py:674:# CBB: cyclic nearest-empty box--ball matching on labeled binary cycles.
/root/autodl-tmp/hilbert-polya-structure/docs/papers204_208_sequence/scouting/word_local/LNR_INVERSE_WORK/PROOF_PACKAGE.md:74:### Step 1. Zero blocks and bounded positive runs
/root/autodl-tmp/hilbert-polya-structure/docs/papers204_208_sequence/scouting/word_local/LNR_INVERSE_WORK/PROOF_PACKAGE.md:86:height must be at most the adjacent positive-run source value. This
/root/autodl-tmp/hilbert-polya-structure/docs/papers204_208_sequence/scouting/word_local/LNR_INVERSE_WORK/PROOF_PACKAGE.md:90:positive run of length at least three, an interior source value one would
/root/autodl-tmp/hilbert-polya-structure/docs/papers204_208_sequence/scouting/word_local/LNR_INVERSE_WORK/PROOF_PACKAGE.md:92:letter is therefore two. A positive run of length at least five would
/root/autodl-tmp/hilbert-polya-structure/docs/papers204_208_sequence/scouting/word_local/LNR_INVERSE_WORK/PROOF_PACKAGE.md:227:Each positive run and a following nonempty zero run use at least two
/root/autodl-tmp/hilbert-polya-structure/docs/papers204_208_sequence/scouting/word_local/LNR_INVERSE_WORK/PROOF_PACKAGE.md:242:run the fibre is $3$. With one positive run the traces of
/root/autodl-tmp/hilbert-polya-structure/docs/papers204_208_sequence/scouting/word_local/LNR_INVERSE_WORK/PROOF_PACKAGE.md:245:at most one positive run exists, and precisely $000$ and the rotations
/root/autodl-tmp/hilbert-polya-structure/docs/papers204_208_sequence/scouting/word_local/LNR_INVERSE_WORK/PROOF_PACKAGE.md:256:If $q=0$, every positive run and zero run has length one. The only
/root/autodl-tmp/hilbert-polya-structure/docs/papers204_208_sequence/scouting/word_local/LNR_INVERSE_WORK/PROOF_PACKAGE.md:258:positive runs are $2$ and the target alternates $02$. Conversely such
/root/autodl-tmp/hilbert-polya-structure/docs/papers204_208_sequence/scouting/word_local/LNR_INVERSE_WORK/PROOF_PACKAGE.md:262:When it is a zero run, every positive run has length one; absence of
/root/autodl-tmp/hilbert-polya-structure/docs/papers204_208_sequence/scouting/word_local/LNR_INVERSE_WORK/PROOF_PACKAGE.md:264:run, all other zeros isolated, and every positive run equal to $2$.
/root/autodl-tmp/hilbert-polya-structure/docs/papers204_208_sequence/scouting/word_local/LNR_INVERSE_WORK/PROOF_PACKAGE.md:267:When the extra position lies in a positive run, that run has length two.
/root/autodl-tmp/hilbert-polya-structure/docs/papers204_208_sequence/scouting/word_local/LNR_INVERSE_WORK/PROOF_PACKAGE.md:280:No longer positive run fits the single extra position. This exhausts
/root/autodl-tmp/hilbert-polya-structure/symbolic_dynamics/docs/papers162_166_sequence/scouting/cyclic_successor_feedback/SCOUT.md:147:For each gap, a binary source `b` satisfying `U(b)=c` has a positive run of
/root/autodl-tmp/symbolic_dynamics/docs/papers204_208_sequence/scouting/finite_systems_eleventh/PROOF_AND_DISPOSITION.md:242:forces $z'=z$. If $z=0$, its next value is zero by cancellation of
/root/autodl-tmp/symbolic_dynamics/docs/papers162_166_sequence/scouting/replacement_posets_languages/verify_scout.py:692:    # C01: deterministic parallel unit zero-range transport on a cycle.
/root/autodl-tmp/symbolic_dynamics/docs/papers162_166_sequence/scouting/replacement_posets_languages/verify_scout.py:695:    def zero_range(config):
/root/autodl-tmp/symbolic_dynamics/docs/papers162_166_sequence/scouting/replacement_posets_languages/verify_scout.py:700:    rows.append(("C01/ZRC", functional_signature(phase, zero_range)))
/root/autodl-tmp/symbolic_dynamics/docs/papers162_166_sequence/scouting/replacement_posets_languages/verify_scout.py:744:    # C04: one-chip rotor router on a four-cycle with binary rotors.
/root/autodl-tmp/symbolic_dynamics/docs/papers162_166_sequence/scouting/replacement_posets_languages/verify_scout.py:757:    # C05: random clockwise unit zero-range transfer.
/root/autodl-tmp/symbolic_dynamics/docs/papers162_166_sequence/scouting/replacement_posets_languages/verify_scout.py:774:    # C06: parallel candy-sharing, retain floor half and send ceil half right.
/root/autodl-tmp/symbolic_dynamics/docs/papers162_166_sequence/scouting/replacement_posets_languages/verify_scout.py:813:    # Y02: Bulgarian solitaire on integer partitions of eight.
/root/autodl-tmp/symbolic_dynamics/docs/papers204_208_sequence/scouting/finite_structures_eighth/INTAKE.md:44:This is not the old Durfee-row solitaire C11, which subtracts only
/root/autodl-tmp/hilbert-polya-structure/docs/papers197_201_sequence/scouting/second_replacement_20260905/INTAKE.md:49:cross-sum geometry; local complementation; Bulgarian solitaire; canonical
/root/autodl-tmp/hilbert-polya-structure/docs/papers204_208_sequence/scouting/word_local/UGR_PROOF_WORK/PROOF_PACKAGE.md:214:the value one must next become zero. The zero $x$-neighbour is therefore
/root/autodl-tmp/hilbert-polya-structure/docs/papers204_208_sequence/scouting/word_local/UGR_PROOF_WORK/PROOF_PACKAGE.md:233:- every maximal positive run is one of
/root/autodl-tmp/hilbert-polya-structure/docs/papers204_208_sequence/scouting/word_local/UGR_PROOF_WORK/PROOF_PACKAGE.md:235:- a positive run $12$ or $121$ has a **singleton zero run on its left**;
/root/autodl-tmp/hilbert-polya-structure/docs/papers204_208_sequence/scouting/word_local/UGR_PROOF_WORK/PROOF_PACKAGE.md:236:- a positive run $21$ or $121$ has a **singleton zero run on its right**.
/root/autodl-tmp/hilbert-polya-structure/docs/papers204_208_sequence/scouting/word_local/UGR_PROOF_WORK/PROOF_PACKAGE.md:322:so becomes zero; the next outer zero has one positive neighbour and
/root/autodl-tmp/symbolic_dynamics/papers/202-ternary-ordered-reset/PROOF_PACKAGE.md:51:$a_i+b_i\ge1$. Track the order of these blocks. The old zero run becomes
/root/autodl-tmp/hilbert-polya-structure/docs/papers204_208_sequence/scouting/finite_systems_eleventh/PROOF_AND_DISPOSITION.md:242:forces $z'=z$. If $z=0$, its next value is zero by cancellation of
/root/autodl-tmp/hilbert-polya-structure/symbolic_dynamics/docs/papers162_166_sequence/scouting/replacement_posets_languages/SCOUT.md:17:greedy matroid algorithms, chip firing/rotor routing, Bulgarian solitaire,
/root/autodl-tmp/hilbert-polya-structure/symbolic_dynamics/docs/papers162_166_sequence/scouting/replacement_posets_languages/SCOUT.md:74:| `L03/RNC` | ternary words of length at most five; contract every maximal equal-letter run to one letter | `(364,94,94,1,{1:94})` | fixed words are Smirnov words; fibres are positive run-length compositions | `KILL_P117_P147_RUN_ENGINE` |
/root/autodl-tmp/hilbert-polya-structure/symbolic_dynamics/docs/papers162_166_sequence/scouting/replacement_posets_languages/SCOUT.md:83:| `C01/ZRC` | four-site cycle with five indistinguishable chips; every nonempty site sends one chip clockwise in parallel | `(56,20,4,3,{1:4})` | mass is conserved; active-set transport gives no independent inverse atlas | `KILL_ZERO_RANGE_TRANSPORT` |
/root/autodl-tmp/hilbert-polya-structure/symbolic_dynamics/docs/papers162_166_sequence/scouting/replacement_posets_languages/SCOUT.md:86:| `C04/RTR` | one chip on a four-cycle with one binary rotor per vertex; toggle the visited rotor then move accordingly | `(64,48,0,3,{8:4})` | finite rotor-router transient/cycle decomposition | `KILL_DIRECT_ROTOR_ROUTER` |
/root/autodl-tmp/hilbert-polya-structure/symbolic_dynamics/docs/papers162_166_sequence/scouting/replacement_posets_languages/SCOUT.md:87:| `C05/ZRW` | three-site cycle with four chips; choose a source site uniformly, transfer one clockwise if nonempty, otherwise hold | `(15,42,0,2,3)` | translation-invariant Markov spectrum and stationary law are standard zero-range facts | `KILL_ZERO_RANGE_RANDOM_WALK` |
/root/autodl-tmp/hilbert-polya-structure/symbolic_dynamics/docs/papers162_166_sequence/scouting/replacement_posets_languages/SCOUT.md:88:| `C06/CSH` | four-cycle with five chips; each site keeps its floor half and sends its ceiling half clockwise | `(56,24,4,4,{1:4})` | linear/parity transport and balancing clock; no clean target atlas | `KILL_CANDY_SHARING_OWNER` |
/root/autodl-tmp/hilbert-polya-structure/symbolic_dynamics/docs/papers162_166_sequence/scouting/replacement_posets_languages/SCOUT.md:90:| `Y02/BGS` | integer partitions of eight; subtract one from every part and adjoin the number of old parts | `(22,15,0,5,{2:1,4:1})` | eventual periodicity and extremal clocks belong to Bulgarian-solitaire theory | `KILL_DIRECT_BULGARIAN_SOLITAIRE` |
/root/autodl-tmp/hilbert-polya-structure/docs/papers204_208_sequence/scouting/word_local/GM_PROOF_PACKAGE.md:126:$u$ and $v_2$ are both nonzero, so $v_1$ next takes zero.
/root/autodl-tmp/hilbert-polya-structure/docs/papers204_208_sequence/scouting/word_local/GM_PROOF_PACKAGE.md:129:it sees two ones and next takes zero. Finally $w$ sees zero at even
/root/autodl-tmp/symbolic_dynamics/docs/papers162_166_sequence/scouting/cyclic_sliding_and/SCOUT.md:143:before the next forced one-run.  Every other zero target is equivalent to the
/root/autodl-tmp/hilbert-polya-structure/docs/papers204_208_sequence/scouting/word_local/CONTRAST_PROOF_WORK/PROOF_PACKAGE.md:99:binary. If $z$ is constant, its next image is $0^n$. Otherwise its zeros
/root/autodl-tmp/hilbert-polya-structure/docs/papers204_208_sequence/scouting/word_local/CONTRAST_PROOF_WORK/PROOF_PACKAGE.md:131:The target is a rotation of $0011$, whose next image is zero.
/root/autodl-tmp/symbolic_dynamics/docs/papers132_136_sequence/scouting/root/SCOUT.md:39:| X25 | Bulgarian solitaire | rich small periods and long tails | kill: heavily owned classical system |
/root/autodl-tmp/symbolic_dynamics/docs/papers157_161_sequence/scouting/combinatorial/SCOUT.md:42:| 6 | `BGS` | integer partitions; deterministic Bulgarian-solitaire move | rich transients and periods | **`KILL_CLASSICAL_OWNER`** |
/root/autodl-tmp/symbolic_dynamics/docs/papers157_161_sequence/scouting/combinatorial/SCOUT.md:45:| 9 | `CBB` | cyclic binary words; cyclic nearest-empty box--ball matching | bijective periodic dynamics with erratic maximum periods | **`KILL_BOX_BALL_OWNER`** |
/root/autodl-tmp/symbolic_dynamics/docs/papers157_161_sequence/scouting/combinatorial/SCOUT.md:195:### `BGS` -- deterministic Bulgarian solitaire
/root/autodl-tmp/symbolic_dynamics/docs/papers157_161_sequence/scouting/combinatorial/SCOUT.md:212:  solitaire itself; stochastic Bulgarian variants were already screened in
/root/autodl-tmp/symbolic_dynamics/docs/papers204_208_sequence/scouting/discrete_geometry_seventh/SCOUT_REPORT.md:20:| NTL | Output lattice points with at least two nearest old sites in squared Euclidean distance; empty maps to empty. | Same eight full grids. | Empty is the only fixed state. On every line the sharp clock is $\lceil N/2\rceil$, entirely midpoint boundary erosion. A $2\times2$ diagonal-pair two-cycle prevents transferring line nilpotence to 2D. No 2D two-axis contract. | `KILL_INCOMPLETE_CONJUNCTION` |
/root/autodl-tmp/hilbert-polya-structure/symbolic_dynamics/docs/papers152_156_sequence/scouting/stochastic_replacement2/SCOUT.md:197:## 5. SBS — pile-wise stochastic Bulgarian solitaire
/root/autodl-tmp/hilbert-polya-structure/symbolic_dynamics/docs/papers152_156_sequence/scouting/stochastic_replacement2/SCOUT.md:219:importantly, Popov's *Random Bulgarian solitaire* is precisely the process in
/root/autodl-tmp/symbolic_dynamics/papers/201-eventual-period-feedback/PROOF_PACKAGE.md:11:If output rank is at least two it is strictly smaller than input rank. A rank-one output is constant and its next output is zero. Proposition 2.2 therefore proves every orbit reaches zero and zero is the only recurrent/fixed state. Height h(f) is its first zero time. For n=1 the unique state has height zero.
/root/autodl-tmp/symbolic_dynamics/papers/172-fresh-map-self-image-erosion/main.tex:236:positive next-step chance to map outside itself and reach zero.  Moreover
/root/autodl-tmp/symbolic_dynamics/docs/papers132_136_sequence/scouting/root/cross_family_scout.py:576:    emit("X25", "integer partitions 1<=n<=18; Bulgarian solitaire", fixed_states, lambda s: (s[0], bulgarian(s[1])))
/root/autodl-tmp/symbolic_dynamics/docs/papers67_71_sequence/phase1/CANDIDATE_POOL_AND_KILL_LEDGER.md:60:| proper 3-coloring extremal winding sector | `COOL_TOO_THIN` | the exact frozen-sector count is elementary and height/slope theory is well owned |
/root/autodl-tmp/symbolic_dynamics/papers/132-prefix-majority-dynamics/main.tex:206:the walk at these forced edges.  A first positive run is a nonnegative
/root/autodl-tmp/symbolic_dynamics/docs/papers204_208_sequence/scouting/word_local/UGR_PROOF_WORK/PROOF_PACKAGE.md:214:the value one must next become zero. The zero $x$-neighbour is therefore
/root/autodl-tmp/symbolic_dynamics/docs/papers204_208_sequence/scouting/word_local/UGR_PROOF_WORK/PROOF_PACKAGE.md:233:- every maximal positive run is one of
/root/autodl-tmp/symbolic_dynamics/docs/papers204_208_sequence/scouting/word_local/UGR_PROOF_WORK/PROOF_PACKAGE.md:235:- a positive run $12$ or $121$ has a **singleton zero run on its left**;
/root/autodl-tmp/symbolic_dynamics/docs/papers204_208_sequence/scouting/word_local/UGR_PROOF_WORK/PROOF_PACKAGE.md:236:- a positive run $21$ or $121$ has a **singleton zero run on its right**.
/root/autodl-tmp/symbolic_dynamics/docs/papers204_208_sequence/scouting/word_local/UGR_PROOF_WORK/PROOF_PACKAGE.md:322:so becomes zero; the next outer zero has one positive neighbour and
/root/autodl-tmp/symbolic_dynamics/docs/papers204_208_sequence/scouting/word_local/LNR_INVERSE_WORK/PROOF_PACKAGE.md:74:### Step 1. Zero blocks and bounded positive runs
/root/autodl-tmp/symbolic_dynamics/docs/papers204_208_sequence/scouting/word_local/LNR_INVERSE_WORK/PROOF_PACKAGE.md:86:height must be at most the adjacent positive-run source value. This
/root/autodl-tmp/symbolic_dynamics/docs/papers204_208_sequence/scouting/word_local/LNR_INVERSE_WORK/PROOF_PACKAGE.md:90:positive run of length at least three, an interior source value one would
/root/autodl-tmp/symbolic_dynamics/docs/papers204_208_sequence/scouting/word_local/LNR_INVERSE_WORK/PROOF_PACKAGE.md:92:letter is therefore two. A positive run of length at least five would
/root/autodl-tmp/symbolic_dynamics/docs/papers204_208_sequence/scouting/word_local/LNR_INVERSE_WORK/PROOF_PACKAGE.md:227:Each positive run and a following nonempty zero run use at least two
/root/autodl-tmp/symbolic_dynamics/docs/papers204_208_sequence/scouting/word_local/LNR_INVERSE_WORK/PROOF_PACKAGE.md:242:run the fibre is $3$. With one positive run the traces of
/root/autodl-tmp/symbolic_dynamics/docs/papers204_208_sequence/scouting/word_local/LNR_INVERSE_WORK/PROOF_PACKAGE.md:245:at most one positive run exists, and precisely $000$ and the rotations
/root/autodl-tmp/symbolic_dynamics/docs/papers204_208_sequence/scouting/word_local/LNR_INVERSE_WORK/PROOF_PACKAGE.md:256:If $q=0$, every positive run and zero run has length one. The only
/root/autodl-tmp/symbolic_dynamics/docs/papers204_208_sequence/scouting/word_local/LNR_INVERSE_WORK/PROOF_PACKAGE.md:258:positive runs are $2$ and the target alternates $02$. Conversely such
/root/autodl-tmp/symbolic_dynamics/docs/papers204_208_sequence/scouting/word_local/LNR_INVERSE_WORK/PROOF_PACKAGE.md:262:When it is a zero run, every positive run has length one; absence of
/root/autodl-tmp/symbolic_dynamics/docs/papers204_208_sequence/scouting/word_local/LNR_INVERSE_WORK/PROOF_PACKAGE.md:264:run, all other zeros isolated, and every positive run equal to $2$.
/root/autodl-tmp/symbolic_dynamics/docs/papers204_208_sequence/scouting/word_local/LNR_INVERSE_WORK/PROOF_PACKAGE.md:267:When the extra position lies in a positive run, that run has length two.
/root/autodl-tmp/symbolic_dynamics/docs/papers204_208_sequence/scouting/word_local/LNR_INVERSE_WORK/PROOF_PACKAGE.md:280:No longer positive run fits the single extra position. This exhausts
/root/autodl-tmp/symbolic_dynamics/docs/papers197_201_sequence/scouting/word_poset_lane/TCSD_EXACT_GAP_PROOF.md:54:**Step 2: rank-one splitting.** A doubled positive run is $U^2=E_{13}$ and a
/root/autodl-tmp/symbolic_dynamics/papers/190-brandt-sandwich-erosion/PROOF_PACKAGE.md:64:Assume the formula at time `t`.  The next local output at `i` is nonzero only
/root/autodl-tmp/hilbert-polya-structure/papers/207-upper-neighbor-rank-dynamics/failed_build_round0_01/sections/03_core_seed.tex:83: has two zero neighbors and becomes zero. The next outer zero sees
/root/autodl-tmp/hilbert-polya-structure/papers/207-upper-neighbor-rank-dynamics/sections/04_fibres.tex:27:nonempty positive runs as $w_1,\ldots,w_r$. The source is constant,
/root/autodl-tmp/hilbert-polya-structure/papers/207-upper-neighbor-rank-dynamics/sections/04_fibres.tex:33:source one in a positive run would have two positive neighbors and
/root/autodl-tmp/hilbert-polya-structure/papers/207-upper-neighbor-rank-dynamics/sections/04_fibres.tex:36:so positive runs have length at most four. For outside heights $a,b$,
/root/autodl-tmp/hilbert-polya-structure/papers/207-upper-neighbor-rank-dynamics/sections/04_fibres.tex:75:choose one listed source string for each positive run. The boundary
/root/autodl-tmp/hilbert-polya-structure/papers/207-upper-neighbor-rank-dynamics/sections/04_fibres.tex:163:Each positive run and a following nonempty zero run use at least two
/root/autodl-tmp/hilbert-polya-structure/papers/207-upper-neighbor-rank-dynamics/sections/04_fibres.tex:179:$L_4=7$ for $n\ge4$. At $n=3$, at most one positive run exists,
/root/autodl-tmp/hilbert-polya-structure/papers/207-upper-neighbor-rank-dynamics/sections/04_fibres.tex:186:runs have length one. A positive run one gives $J_0$ and strictness,
/root/autodl-tmp/hilbert-polya-structure/papers/207-upper-neighbor-rank-dynamics/sections/04_fibres.tex:191:run, all positive runs must again be two and the targets are the
/root/autodl-tmp/hilbert-polya-structure/papers/207-upper-neighbor-rank-dynamics/sections/04_fibres.tex:192:rotations of $00(20)^{r-1}2$. If it is a positive run, its nonzero
/root/autodl-tmp/symbolic_dynamics/papers/201-eventual-period-feedback/main.tex:116:its next output is $\zero$. Strict decreases cannot continue indefinitely,
/root/autodl-tmp/symbolic_dynamics/papers/128-translation-gcd-depth-fibres/main.tex:58:nonnegative vector with a zero; its depth is its longest positive run.  A
/root/autodl-tmp/symbolic_dynamics/papers/128-translation-gcd-depth-fibres/main.tex:209:positive run length.  A zero sends every state to $0$ with weight $1$; a
/root/autodl-tmp/symbolic_dynamics/papers/128-translation-gcd-depth-fibres/main.tex:212:cyclic word with no positive run longer than $t$, together with an arbitrary
/root/autodl-tmp/symbolic_dynamics/papers/128-translation-gcd-depth-fibres/main.tex:216:is uniquely forced to be the preceding positive-run length.  Starting after
/root/autodl-tmp/symbolic_dynamics/papers/166-hamming-weight-translation-dynamics/main.tex:147:so entries off the cycle vanish, and a single winding forces each entry to
/root/autodl-tmp/hilbert-polya-structure/papers/190-brandt-sandwich-erosion/PROOF_PACKAGE.md:64:Assume the formula at time `t`.  The next local output at `i` is nonzero only
/root/autodl-tmp/symbolic_dynamics/docs/prior_work/legacy/5-riemann_henon/paper/manuscript.tex:303:We present these as numerical observations and heuristic arguments. We do \emph{not} claim to have identified the Hilbert--P\'olya operator or to have proved that its spectrum equals the zeros; Table~\ref{tab:claims} states explicitly what is established, observed, heuristic, or conjectural. We have computed the standard local spectral diagnostics (nearest-neighbor spacing, pair correlation, number variance, spectral rigidity): the Floquet eigenphases show GUE-type level repulsion consistent with the Riemann zeros in a limited-statistics regime, while the reconstructed-energy spectrum that matches the mean density does not --- a tension we report openly as the main open problem. The most useful next steps are an analytic treatment of the mean density induced by the confining potential, error-controlled diagnostics on larger spectra for direct comparison with the GUE/Hardy--Littlewood results \citep{keating2019}, and a quantitative, statistically controlled comparison with hardware data. We hope the deterministic-dynamics viewpoint, anchored in a published prime--chaos isomorphism, is a useful complement to the statistical and operator-theoretic approaches to the Riemann zeros.
/root/autodl-tmp/symbolic_dynamics/docs/papers204_208_sequence/scouting/word_local/GM_PROOF_PACKAGE.md:126:$u$ and $v_2$ are both nonzero, so $v_1$ next takes zero.
/root/autodl-tmp/symbolic_dynamics/docs/papers204_208_sequence/scouting/word_local/GM_PROOF_PACKAGE.md:129:it sees two ones and next takes zero. Finally $w$ sees zero at even
/root/autodl-tmp/symbolic_dynamics/docs/papers204_208_sequence/scouting/word_local/CONTRAST_PROOF_WORK/PROOF_PACKAGE.md:99:binary. If $z$ is constant, its next image is $0^n$. Otherwise its zeros
/root/autodl-tmp/symbolic_dynamics/docs/papers204_208_sequence/scouting/word_local/CONTRAST_PROOF_WORK/PROOF_PACKAGE.md:131:The target is a rotation of $0011$, whose next image is zero.
/root/autodl-tmp/symbolic_dynamics/docs/papers204_208_sequence/scouting/word_local/LNR_TEMPORAL_PROOF.md:39:Conversely each cyclic concatenation of these positive runs separated by
/root/autodl-tmp/symbolic_dynamics/docs/papers204_208_sequence/scouting/word_local/LNR_TEMPORAL_PROOF.md:71:at the next update. If neither is zero, no one survives. For m>=3 every
/root/autodl-tmp/symbolic_dynamics/docs/papers204_208_sequence/scouting/word_local/LNR_TEMPORAL_PROOF.md:73:two at the next update; all other positions are already zero.
/root/autodl-tmp/symbolic_dynamics/docs/papers204_208_sequence/scouting/word_local/LNR_TEMPORAL_PROOF.md:90:The next image replaces the middle one by zero, giving 0^(n-3)101.
/root/autodl-tmp/hilbert-polya-structure/papers/201-eventual-period-feedback/round0_frozen/main.tex:116:its next output is $\zero$. Strict decreases cannot continue indefinitely,
/root/autodl-tmp/symbolic_dynamics/docs/papers152_156_sequence/scouting/stochastic_replacement2/SCOUT.md:197:## 5. SBS — pile-wise stochastic Bulgarian solitaire
/root/autodl-tmp/symbolic_dynamics/docs/papers152_156_sequence/scouting/stochastic_replacement2/SCOUT.md:219:importantly, Popov's *Random Bulgarian solitaire* is precisely the process in
/root/autodl-tmp/symbolic_dynamics/papers/08-positive-cone-recurrent-trace/sections/A_proofs_scope.tex:24:\cref{thm:det} near the identity.  Different connected components or winding
/root/autodl-tmp/hilbert-polya-structure/symbolic_dynamics/papers/166-hamming-weight-translation-dynamics/main.tex:147:so entries off the cycle vanish, and a single winding forces each entry to
/root/autodl-tmp/symbolic_dynamics/papers/202-ternary-ordered-reset/main.tex:154:The old zero run becomes a positive one run of length $c_i$. If $b_i>0$,
/root/autodl-tmp/hilbert-polya-structure/docs/papers197_201_sequence/scouting/word_poset_lane/TCSD_EXACT_GAP_PROOF.md:54:**Step 2: rank-one splitting.** A doubled positive run is $U^2=E_{13}$ and a
/root/autodl-tmp/symbolic_dynamics/papers/207-upper-neighbor-rank-dynamics/PROOF_PACKAGE.md:29:   Complete ternary positive-run lists give the eight kernels.
/root/autodl-tmp/symbolic_dynamics/docs/papers162_166_sequence/scouting/replacement_nonlinear_algebra/SCOUT.md:55:| `NL17/PQC` | Fix `E=diag(1,0)` and set `T(A)=EA(I-E)AE=(a_12 a_21)E`. | `p=5: 625/5/1/2`, `C={1:1}`. | The image is a scalar line annihilated by the next iterate. | A nonzero scalar target has `p^2(p-1)` sources, zero has `p^2(2p-1)`, and all other targets are empty. | One Peirce multiplication plus one hyperbola count. **`KILL_EXACT_BUT_SHALLOW`.** |
/root/autodl-tmp/hilbert-polya-structure/docs/papers204_208_sequence/scouting/word_local/SCOUT_REPORT.md:40:P187 cyclic divisor quotient, not a new word mechanism. Bulgarian solitaire,
/root/autodl-tmp/symbolic_dynamics/papers/201-eventual-period-feedback/round0_frozen/main.tex:116:its next output is $\zero$. Strict decreases cannot continue indefinitely,
/root/autodl-tmp/hilbert-polya-structure/docs/papers204_208_sequence/scouting/finite_structures_eighth/INTAKE.md:44:This is not the old Durfee-row solitaire C11, which subtracts only
/root/autodl-tmp/hilbert-polya-structure/symbolic_dynamics/papers/128-translation-gcd-depth-fibres/main.tex:58:nonnegative vector with a zero; its depth is its longest positive run.  A
/root/autodl-tmp/hilbert-polya-structure/symbolic_dynamics/papers/128-translation-gcd-depth-fibres/main.tex:209:positive run length.  A zero sends every state to $0$ with weight $1$; a
/root/autodl-tmp/hilbert-polya-structure/symbolic_dynamics/papers/128-translation-gcd-depth-fibres/main.tex:212:cyclic word with no positive run longer than $t$, together with an arbitrary
/root/autodl-tmp/hilbert-polya-structure/symbolic_dynamics/papers/128-translation-gcd-depth-fibres/main.tex:216:is uniquely forced to be the preceding positive-run length.  Starting after
/root/autodl-tmp/hilbert-polya-structure/papers/207-upper-neighbor-rank-dynamics/failed_build_round0_01/sections/04_fibres.tex:27:nonempty positive runs as $w_1,\ldots,w_r$. The source is constant,
/root/autodl-tmp/hilbert-polya-structure/papers/207-upper-neighbor-rank-dynamics/failed_build_round0_01/sections/04_fibres.tex:33:source one in a positive run would have two positive neighbors and
/root/autodl-tmp/hilbert-polya-structure/papers/207-upper-neighbor-rank-dynamics/failed_build_round0_01/sections/04_fibres.tex:36:so positive runs have length at most four. For outside heights $a,b$,
/root/autodl-tmp/hilbert-polya-structure/papers/207-upper-neighbor-rank-dynamics/failed_build_round0_01/sections/04_fibres.tex:75:choose one listed source string for each positive run. The boundary
/root/autodl-tmp/hilbert-polya-structure/papers/207-upper-neighbor-rank-dynamics/failed_build_round0_01/sections/04_fibres.tex:163:Each positive run and a following nonempty zero run use at least two
/root/autodl-tmp/hilbert-polya-structure/papers/207-upper-neighbor-rank-dynamics/failed_build_round0_01/sections/04_fibres.tex:179:$L_4=7$ for $n\ge4$. At $n=3$, at most one positive run exists,
/root/autodl-tmp/hilbert-polya-structure/papers/207-upper-neighbor-rank-dynamics/failed_build_round0_01/sections/04_fibres.tex:186:runs have length one. A positive run one gives $J_0$ and strictness,
/root/autodl-tmp/hilbert-polya-structure/papers/207-upper-neighbor-rank-dynamics/failed_build_round0_01/sections/04_fibres.tex:191:run, all positive runs must again be two and the targets are the
/root/autodl-tmp/hilbert-polya-structure/papers/207-upper-neighbor-rank-dynamics/failed_build_round0_01/sections/04_fibres.tex:192:rotations of $00(20)^{r-1}2$. If it is a positive run, its nonzero
/root/autodl-tmp/hilbert-polya-structure/symbolic_dynamics/papers/132-prefix-majority-dynamics/main.tex:206:the walk at these forced edges.  A first positive run is a nonnegative
/root/autodl-tmp/hilbert-polya-structure/papers/207-upper-neighbor-rank-dynamics/PROOF_PACKAGE.md:29:   Complete ternary positive-run lists give the eight kernels.
/root/autodl-tmp/hilbert-polya-structure/docs/papers204_208_sequence/scouting/discrete_geometry_seventh/SCOUT_REPORT.md:20:| NTL | Output lattice points with at least two nearest old sites in squared Euclidean distance; empty maps to empty. | Same eight full grids. | Empty is the only fixed state. On every line the sharp clock is $\lceil N/2\rceil$, entirely midpoint boundary erosion. A $2\times2$ diagonal-pair two-cycle prevents transferring line nilpotence to 2D. No 2D two-axis contract. | `KILL_INCOMPLETE_CONJUNCTION` |
/root/autodl-tmp/symbolic_dynamics/papers/207-upper-neighbor-rank-dynamics/sections/04_fibres.tex:27:nonempty positive runs as $w_1,\ldots,w_r$. The source is constant,
/root/autodl-tmp/symbolic_dynamics/papers/207-upper-neighbor-rank-dynamics/sections/04_fibres.tex:33:source one in a positive run would have two positive neighbors and
/root/autodl-tmp/symbolic_dynamics/papers/207-upper-neighbor-rank-dynamics/sections/04_fibres.tex:36:so positive runs have length at most four. For outside heights $a,b$,
/root/autodl-tmp/symbolic_dynamics/papers/207-upper-neighbor-rank-dynamics/sections/04_fibres.tex:75:choose one listed source string for each positive run. The boundary
/root/autodl-tmp/symbolic_dynamics/papers/207-upper-neighbor-rank-dynamics/sections/04_fibres.tex:163:Each positive run and a following nonempty zero run use at least two
/root/autodl-tmp/symbolic_dynamics/papers/207-upper-neighbor-rank-dynamics/sections/04_fibres.tex:179:$L_4=7$ for $n\ge4$. At $n=3$, at most one positive run exists,
/root/autodl-tmp/symbolic_dynamics/papers/207-upper-neighbor-rank-dynamics/sections/04_fibres.tex:186:runs have length one. A positive run one gives $J_0$ and strictness,
/root/autodl-tmp/symbolic_dynamics/papers/207-upper-neighbor-rank-dynamics/sections/04_fibres.tex:191:run, all positive runs must again be two and the targets are the
/root/autodl-tmp/symbolic_dynamics/papers/207-upper-neighbor-rank-dynamics/sections/04_fibres.tex:192:rotations of $00(20)^{r-1}2$. If it is a positive run, its nonzero
/root/autodl-tmp/symbolic_dynamics/papers/207-upper-neighbor-rank-dynamics/failed_build_round0_01/sections/02_temporal.tex:86: \item every positive run is $2,11,12,21$, or $121$;
/root/autodl-tmp/symbolic_dynamics/papers/207-upper-neighbor-rank-dynamics/failed_build_round0_01/sections/02_temporal.tex:87: \item a positive run $12$ or $121$ has a singleton zero run on its
/root/autodl-tmp/symbolic_dynamics/papers/207-upper-neighbor-rank-dynamics/failed_build_round0_01/sections/02_temporal.tex:88: left; a positive run $21$ or $121$ has one on its right.
/root/autodl-tmp/symbolic_dynamics/papers/207-upper-neighbor-rank-dynamics/failed_build_round0_01/sections/02_temporal.tex:118: A positive run is one $S_1$ with an optional neutral on either side,
/root/autodl-tmp/symbolic_dynamics/docs/papers204_208_sequence/scouting/word_local/SCOUT_REPORT.md:40:P187 cyclic divisor quotient, not a new word mechanism. Bulgarian solitaire,
/root/autodl-tmp/symbolic_dynamics/docs/papers162_166_sequence/scouting/cyclic_successor_feedback/SCOUT.md:147:For each gap, a binary source `b` satisfying `U(b)=c` has a positive run of
/root/autodl-tmp/hilbert-polya-structure/docs/papers204_208_sequence/scouting/word_local/LNR_TEMPORAL_PROOF.md:39:Conversely each cyclic concatenation of these positive runs separated by
/root/autodl-tmp/hilbert-polya-structure/docs/papers204_208_sequence/scouting/word_local/LNR_TEMPORAL_PROOF.md:71:at the next update. If neither is zero, no one survives. For m>=3 every
/root/autodl-tmp/hilbert-polya-structure/docs/papers204_208_sequence/scouting/word_local/LNR_TEMPORAL_PROOF.md:73:two at the next update; all other positions are already zero.
/root/autodl-tmp/hilbert-polya-structure/docs/papers204_208_sequence/scouting/word_local/LNR_TEMPORAL_PROOF.md:90:The next image replaces the middle one by zero, giving 0^(n-3)101.
/root/autodl-tmp/hilbert-polya-structure/papers/207-upper-neighbor-rank-dynamics/sections/02_temporal.tex:86: \item every positive run is $2,11,12,21$, or $121$;
/root/autodl-tmp/hilbert-polya-structure/papers/207-upper-neighbor-rank-dynamics/sections/02_temporal.tex:87: \item a positive run $12$ or $121$ has a singleton zero run on its
/root/autodl-tmp/hilbert-polya-structure/papers/207-upper-neighbor-rank-dynamics/sections/02_temporal.tex:88: left; a positive run $21$ or $121$ has one on its right.
/root/autodl-tmp/hilbert-polya-structure/papers/207-upper-neighbor-rank-dynamics/sections/02_temporal.tex:118: A positive run is one $S_1$ with an optional neutral on either side,
/root/autodl-tmp/symbolic_dynamics/docs/papers162_166_sequence/scouting/replacement_posets_languages/SCOUT.md:17:greedy matroid algorithms, chip firing/rotor routing, Bulgarian solitaire,
/root/autodl-tmp/symbolic_dynamics/docs/papers162_166_sequence/scouting/replacement_posets_languages/SCOUT.md:74:| `L03/RNC` | ternary words of length at most five; contract every maximal equal-letter run to one letter | `(364,94,94,1,{1:94})` | fixed words are Smirnov words; fibres are positive run-length compositions | `KILL_P117_P147_RUN_ENGINE` |
/root/autodl-tmp/symbolic_dynamics/docs/papers162_166_sequence/scouting/replacement_posets_languages/SCOUT.md:83:| `C01/ZRC` | four-site cycle with five indistinguishable chips; every nonempty site sends one chip clockwise in parallel | `(56,20,4,3,{1:4})` | mass is conserved; active-set transport gives no independent inverse atlas | `KILL_ZERO_RANGE_TRANSPORT` |
/root/autodl-tmp/symbolic_dynamics/docs/papers162_166_sequence/scouting/replacement_posets_languages/SCOUT.md:86:| `C04/RTR` | one chip on a four-cycle with one binary rotor per vertex; toggle the visited rotor then move accordingly | `(64,48,0,3,{8:4})` | finite rotor-router transient/cycle decomposition | `KILL_DIRECT_ROTOR_ROUTER` |
/root/autodl-tmp/symbolic_dynamics/docs/papers162_166_sequence/scouting/replacement_posets_languages/SCOUT.md:87:| `C05/ZRW` | three-site cycle with four chips; choose a source site uniformly, transfer one clockwise if nonempty, otherwise hold | `(15,42,0,2,3)` | translation-invariant Markov spectrum and stationary law are standard zero-range facts | `KILL_ZERO_RANGE_RANDOM_WALK` |
/root/autodl-tmp/symbolic_dynamics/docs/papers162_166_sequence/scouting/replacement_posets_languages/SCOUT.md:88:| `C06/CSH` | four-cycle with five chips; each site keeps its floor half and sends its ceiling half clockwise | `(56,24,4,4,{1:4})` | linear/parity transport and balancing clock; no clean target atlas | `KILL_CANDY_SHARING_OWNER` |
/root/autodl-tmp/symbolic_dynamics/docs/papers162_166_sequence/scouting/replacement_posets_languages/SCOUT.md:90:| `Y02/BGS` | integer partitions of eight; subtract one from every part and adjoin the number of old parts | `(22,15,0,5,{2:1,4:1})` | eventual periodicity and extremal clocks belong to Bulgarian-solitaire theory | `KILL_DIRECT_BULGARIAN_SOLITAIRE` |
/root/autodl-tmp/hilbert-polya-structure/docs/papers197_201_sequence/scouting/replacement_after_cmm_20260905/SCOUT_DISPOSITIONS.md:72:unit-service zero-range queue occurring in P169, up to orientation.
/root/autodl-tmp/symbolic_dynamics/papers/134-recomputed-border-array-dynamics/main.tex:292:zero.  Each of the next $j+1$ zeros has the one-letter border $0$ and no
/root/autodl-tmp/symbolic_dynamics/papers/169-successor-transfer-set-partitions/main.tex:99:Bulgarian solitaire \cite{Brandt1982}, jeu-de-taquin promotion and rowmotion
/root/autodl-tmp/symbolic_dynamics/docs/papers152_156_sequence/scouting/stochastic_replacement3/SCOUT.md:46:  riffle shuffle, Bulgarian solitaire, RSK growth, modular carry addition,
/root/autodl-tmp/symbolic_dynamics/docs/papers152_156_sequence/scouting/stochastic_replacement3/SCOUT.md:72:| RDA | choose a free proposer uniformly and execute its next deferred-acceptance proposal | exact state DAGs for sizes 3 and 4; one endpoint and one proposal count per profile | Gale--Shapley owns DA; scheduler randomness is a zero-credit order wrapper | **KILL_DEGENERATE** |
/root/autodl-tmp/symbolic_dynamics/papers/207-upper-neighbor-rank-dynamics/sections/02_temporal.tex:86: \item every positive run is $2,11,12,21$, or $121$;
/root/autodl-tmp/symbolic_dynamics/papers/207-upper-neighbor-rank-dynamics/sections/02_temporal.tex:87: \item a positive run $12$ or $121$ has a singleton zero run on its
/root/autodl-tmp/symbolic_dynamics/papers/207-upper-neighbor-rank-dynamics/sections/02_temporal.tex:88: left; a positive run $21$ or $121$ has one on its right.
/root/autodl-tmp/symbolic_dynamics/papers/207-upper-neighbor-rank-dynamics/sections/02_temporal.tex:118: A positive run is one $S_1$ with an optional neutral on either side,
