{
  "audit": "CRC3_author_v1",
  "checks": {
    "complete_inverse_source_sets": 3279,
    "core_population": 10,
    "core_reflection": 9444,
    "fibre_mass": 10,
    "first_image_constructed_source": 22429,
    "first_image_forward": 88572,
    "first_image_iff": 88572,
    "first_image_population": 10,
    "graph_core_iff": 88572,
    "integer_product_formula": 40,
    "maximum_equality_iff": 88572,
    "period_census": 10,
    "power_identity": 88572,
    "second_image": 88572,
    "sharp_fibre": 10,
    "sharp_height": 10,
    "target_fibre": 88572
  },
  "reports": [
    {
      "cycles": {
        "1": 1
      },
      "depths": {
        "0": 1,
        "1": 2
      },
      "image": 1,
      "max_fibre": 3,
      "maximizing_targets": 1,
      "n": 1,
      "recurrent": 1,
      "states": 3
    },
    {
      "cycles": {
        "1": 1,
        "2": 1
      },
      "depths": {
        "0": 3,
        "1": 6
      },
      "image": 3,
      "max_fibre": 3,
      "maximizing_targets": 3,
      "n": 2,
      "recurrent": 3,
      "states": 9
    },
    {
      "cycles": {
        "1": 1,
        "2": 3
      },
      "depths": {
        "0": 7,
        "1": 17,
        "2": 3
      },
      "image": 10,
      "max_fibre": 4,
      "maximizing_targets": 3,
      "n": 3,
      "recurrent": 7,
      "states": 27
    },
    {
      "cycles": {
        "1": 1,
        "2": 9
      },
      "depths": {
        "0": 19,
        "1": 46,
        "2": 16
      },
      "image": 31,
      "max_fibre": 5,
      "maximizing_targets": 6,
      "n": 4,
      "recurrent": 19,
      "states": 81
    },
    {
      "cycles": {
        "1": 1,
        "2": 25
      },
      "depths": {
        "0": 51,
        "1": 127,
        "2": 65
      },
      "image": 91,
      "max_fibre": 7,
      "maximizing_targets": 5,
      "n": 5,
      "recurrent": 51,
      "states": 243
    },
    {
      "cycles": {
        "1": 1,
        "2": 67
      },
      "depths": {
        "0": 135,
        "1": 357,
        "2": 237
      },
      "image": 258,
      "max_fibre": 10,
      "maximizing_targets": 3,
      "n": 6,
      "recurrent": 135,
      "states": 729
    },
    {
      "cycles": {
        "1": 1,
        "2": 175
      },
      "depths": {
        "0": 351,
        "1": 1017,
        "2": 819
      },
      "image": 715,
      "max_fibre": 13,
      "maximizing_targets": 14,
      "n": 7,
      "recurrent": 351,
      "states": 2187
    },
    {
      "cycles": {
        "1": 1,
        "2": 449
      },
      "depths": {
        "0": 899,
        "1": 2918,
        "2": 2744
      },
      "image": 1951,
      "max_fibre": 19,
      "maximizing_targets": 8,
      "n": 8,
      "recurrent": 899,
      "states": 6561
    },
    {
      "cycles": {
        "1": 1,
        "2": 1137
      },
      "depths": {
        "0": 2275,
        "1": 8396,
        "2": 9012
      },
      "image": 5266,
      "max_fibre": 28,
      "maximizing_targets": 3,
      "n": 9,
      "recurrent": 2275,
      "states": 19683
    },
    {
      "cycles": {
        "1": 1,
        "2": 2851
      },
      "depths": {
        "0": 5703,
        "1": 24161,
        "2": 29185
      },
      "image": 14103,
      "max_fibre": 37,
      "maximizing_targets": 25,
      "n": 10,
      "recurrent": 5703,
      "states": 59049
    }
  ],
  "total_checks": 655256
}
