/root/autodl-tmp/hilbert-polya-structure/symbolic_dynamics/docs/papers177_181_sequence/scouting/root_crossdomain/SCOUT_AND_KILL_LEDGER.md:22:| `RSI` | set partitions; at each epoch choose a uniform label and split it from its block as a singleton | exact labelled action fibres through `n=8`; full diagonal spectrum by singleton count; absorption is an “all but one coupon per initial block” law | **THEOREM SPIKE / OWNER AMBER.** General partition fragmentation is background; the retained package is the literal isolation chain, its full spectrum, target kernel, and target-local predecessor formula. |
/root/autodl-tmp/hilbert-polya-structure/symbolic_dynamics/docs/papers137_141_sequence/phase1/CANDIDATE_POOL_AND_KILL_LEDGER.md:47:  a standard difunctional closure; its strongest structural claim is owned.
/root/autodl-tmp/hilbert-polya-structure/symbolic_dynamics/docs/papers162_166_sequence/scouting/replacement_matchings_incidence/verify_scout.py:597:def all_but_one_selector(counts, state):
/root/autodl-tmp/hilbert-polya-structure/symbolic_dynamics/docs/papers162_166_sequence/scouting/replacement_matchings_incidence/verify_scout.py:645:def incidence_tetrahedron():
/root/autodl-tmp/hilbert-polya-structure/symbolic_dynamics/docs/papers162_166_sequence/scouting/replacement_matchings_incidence/verify_scout.py:781:        ("I06 TAB", incidence_tetrahedron(), all_but_one_selector),
/root/autodl-tmp/hilbert-polya-structure/symbolic_dynamics/docs/papers132_136_sequence/replacement_scout/stochastic/SCOUT.md:10:is the least difunctional closure of a binary relation followed by a standard
/root/autodl-tmp/hilbert-polya-structure/symbolic_dynamics/docs/papers132_136_sequence/replacement_scout/stochastic/SCOUT.md:56:| `HG1` | In a 3-uniform hypergraph, add the fourth face when exactly three faces of a tetrahedron boundary are present. | Every 3-graph on 4 and 5 vertices plus one exact 6-vertex witness; 1,041 inputs; 5,202 assertions. | For `n=4,5` the closure mimics the binary simplicial-matroid closure (326 targets).  A seven-face absorbing state at `n=6` already omits the linearly forced face `(3,4,5)`.  This kills the attractive low-dimensional extrapolation, and no replacement atlas remains.  **Kill.** |
/root/autodl-tmp/hilbert-polya-structure/symbolic_dynamics/docs/papers132_136_sequence/replacement_scout/stochastic/SCOUT.md:57:| `HG2` | From a complete tetrahedron boundary, choose one of its four faces uniformly and delete it. | Every 3-graph on 4 and 5 vertices; 1,040 inputs; 4,160 assertions. | 257 nonconfluent and 51 variable-clock sources, up to 155 terminals.  **Kill.** |
/root/autodl-tmp/hilbert-polya-structure/symbolic_dynamics/docs/papers132_136_sequence/replacement_scout/stochastic/SCOUT.md:77:It contains no three faces of a tetrahedron, so the local rule is already
/root/autodl-tmp/hilbert-polya-structure/symbolic_dynamics/docs/papers132_136_sequence/replacement_scout/stochastic/SCOUT.md:97:This is exactly the least difunctional relation containing `R`, not a new
/root/autodl-tmp/hilbert-polya-structure/symbolic_dynamics/docs/papers132_136_sequence/replacement_scout/stochastic/SCOUT.md:106:minimality of the difunctional closure, or directly by completing connected
/root/autodl-tmp/hilbert-polya-structure/symbolic_dynamics/docs/papers132_136_sequence/replacement_scout/stochastic/SCOUT.md:145:- Backhouse and Oliveira, [*On difunctions*](https://www.sciencedirect.com/science/article/pii/S2352220823000329),
/root/autodl-tmp/hilbert-polya-structure/symbolic_dynamics/docs/papers132_136_sequence/replacement_scout/stochastic/SCOUT.md:147:  100878, review Riguet's 1948 notion and explicitly identify a difunction as
/root/autodl-tmp/hilbert-polya-structure/symbolic_dynamics/docs/papers132_136_sequence/replacement_scout/stochastic/SCOUT.md:152:  Definition 5.2.1, explicitly defines the least difunctional closure as the
/root/autodl-tmp/hilbert-polya-structure/symbolic_dynamics/docs/papers132_136_sequence/replacement_scout/stochastic/SCOUT.md:154:  not merely the word “difunctional,” is directly owned.
/root/autodl-tmp/hilbert-polya-structure/symbolic_dynamics/docs/papers132_136_sequence/replacement_scout/stochastic/SCOUT.md:165:binary relation dynamics`, `difunctional closure asynchronous`, and the exact
/root/autodl-tmp/hilbert-polya-structure/symbolic_dynamics/docs/papers132_136_sequence/replacement_scout/stochastic/SCOUT.md:233:| `BR1/BR2` | P68 complete-bipartite hom shifts; P106 graph polarity; P123 component complementation; P127 looped-digraph parity | The carrier is a bipartite relation and the atomic move is one missing rectangle corner, so there is no literal collision.  The external difunctional-closure owner is nevertheless decisive. |
/root/autodl-tmp/hilbert-polya-structure/symbolic_dynamics/docs/papers162_166_sequence/scouting/replacement_matchings_incidence/SCOUT.md:104:| `I06 TAB` | alternate tetrahedron edges/faces; keep objects incident to all but one selected object | `80 / 24 / 15 / {2} / 3` | simplex-dimension deformation sought | **`KILL_INCIDENCE_THRESHOLD_NO_SPINE`** |
/root/autodl-tmp/hilbert-polya-structure/symbolic_dynamics/docs/papers162_166_sequence/scouting/open_fresh_p166_round8/IDEA_LEDGER.md:22:- simultaneous source-to-sink reversal, difunctional closure, code hull,
/root/autodl-tmp/hilbert-polya-structure/symbolic_dynamics/docs/papers162_166_sequence/scouting/root_cyclic_partition_erosion/SCOUT.md:82:If all but one translated pair belonged to an equivalence relation,
/root/autodl-tmp/hilbert-polya-structure/symbolic_dynamics/docs/papers132_136_sequence/replacement_scout/nondivisor_algebra/SCOUT.md:150:| `SR1` | `R -> R R^T R`. | Fixed-only recurrence, tail at most two; 2,100 fixed relations at order four.  Exact endpoint and clock are in Section 5.2. | **KILL DIRECT/INTERNAL.**  This is synchronous difunctional closure and has the same terminal geometry as the current asynchronous `BR1`. |
/root/autodl-tmp/hilbert-polya-structure/symbolic_dynamics/docs/papers132_136_sequence/replacement_scout/nondivisor_algebra/SCOUT.md:475:  difunctions*](https://doi.org/10.1016/j.jlamp.2023.100878), identify
/root/autodl-tmp/hilbert-polya-structure/symbolic_dynamics/docs/papers132_136_sequence/replacement_scout/nondivisor_algebra/SCOUT.md:476:  difunctional relations by `R R^T R subset R` and as disjoint rectangles.
/root/autodl-tmp/hilbert-polya-structure/symbolic_dynamics/docs/papers132_136_sequence/replacement_scout/nondivisor_algebra/SCOUT.md:479:  Definition 5.2.1, gives the least difunctional closure explicitly as
/root/autodl-tmp/hilbert-polya-structure/symbolic_dynamics/docs/papers132_136_sequence/replacement_scout/nondivisor_algebra/SCOUT.md:524:| `SR1` | P106 graph polarity, P123 component complementation, P127 looped-relation parity, current asynchronous `BR1` | The synchronous word is new, but its endpoint and inverse geometry are already occupied by `BR1` and externally by difunctional closure. |
/root/autodl-tmp/hilbert-polya-structure/symbolic_dynamics/docs/papers132_136_sequence/replacement_scout/nondivisor_algebra/SCOUT.md:542:| `SR1` | `R R inverse R iteration`; `A A transpose A Boolean matrix`; `least difunctional closure` | Backhouse--Oliveira; Kahl; classical Boolean-relation semigroup papers | direct owner plus current internal collision; **kill** |
/root/autodl-tmp/hilbert-polya-structure/symbolic_dynamics/docs/papers132_136_sequence/replacement_scout/nondivisor_algebra/SCOUT.md:558:| 3 | `SR1` | Exact all-iterate path law and sharp clock | **KILL OWNER/INTERNAL.**  Difunctional closure and current `BR1` consume it. |
/root/autodl-tmp/hilbert-polya-structure/symbolic_dynamics/papers/179-random-singleton-isolation/qa_final/cold_build_1/main.tex:39:all-time absorption distribution as an all-but-one coupon formula.  More
/root/autodl-tmp/hilbert-polya-structure/symbolic_dynamics/papers/179-random-singleton-isolation/qa_final/cold_build_1/main.tex:81:all-but-one coupon law, labelled target kernel, or inverse counts.  Generic
/root/autodl-tmp/hilbert-polya-structure/symbolic_dynamics/papers/179-random-singleton-isolation/qa_final/cold_build_1/main.tex:145:\begin{theorem}[all-but-one coupon law]\label{thm:absorb}
/root/autodl-tmp/hilbert-polya-structure/symbolic_dynamics/papers/179-random-singleton-isolation/qa_history/intermediate_round2_cold_build_1/main.tex:39:all-time absorption distribution as an all-but-one coupon formula.  More
/root/autodl-tmp/hilbert-polya-structure/symbolic_dynamics/papers/179-random-singleton-isolation/qa_history/intermediate_round2_cold_build_1/main.tex:81:all-but-one coupon law, labelled target kernel, or inverse counts.  Generic
/root/autodl-tmp/hilbert-polya-structure/symbolic_dynamics/papers/179-random-singleton-isolation/qa_history/intermediate_round2_cold_build_1/main.tex:145:\begin{theorem}[all-but-one coupon law]\label{thm:absorb}
/root/autodl-tmp/hilbert-polya-structure/symbolic_dynamics/papers/179-random-singleton-isolation/qa_history/round1_cold_build_2/main.tex:39:all-time absorption distribution as an all-but-one coupon formula.  More
/root/autodl-tmp/hilbert-polya-structure/symbolic_dynamics/papers/179-random-singleton-isolation/qa_history/round1_cold_build_2/main.tex:81:all-but-one coupon law, labelled target kernel, or inverse counts.  Generic
/root/autodl-tmp/hilbert-polya-structure/symbolic_dynamics/papers/179-random-singleton-isolation/qa_history/round1_cold_build_2/main.tex:142:\begin{theorem}[all-but-one coupon law]\label{thm:absorb}
/root/autodl-tmp/hilbert-polya-structure/symbolic_dynamics/papers/179-random-singleton-isolation/qa_history/round1_cold_build_1/main.tex:39:all-time absorption distribution as an all-but-one coupon formula.  More
/root/autodl-tmp/hilbert-polya-structure/symbolic_dynamics/papers/179-random-singleton-isolation/qa_history/round1_cold_build_1/main.tex:81:all-but-one coupon law, labelled target kernel, or inverse counts.  Generic
/root/autodl-tmp/hilbert-polya-structure/symbolic_dynamics/papers/179-random-singleton-isolation/qa_history/round1_cold_build_1/main.tex:142:\begin{theorem}[all-but-one coupon law]\label{thm:absorb}
/root/autodl-tmp/hilbert-polya-structure/symbolic_dynamics/papers/179-random-singleton-isolation/main.tex:39:all-time absorption distribution as an all-but-one coupon formula.  More
/root/autodl-tmp/hilbert-polya-structure/symbolic_dynamics/papers/179-random-singleton-isolation/main.tex:81:all-but-one coupon law, labelled target kernel, or inverse counts.  Generic
/root/autodl-tmp/hilbert-polya-structure/symbolic_dynamics/papers/179-random-singleton-isolation/main.tex:145:\begin{theorem}[all-but-one coupon law]\label{thm:absorb}
/root/autodl-tmp/hilbert-polya-structure/symbolic_dynamics/papers/179-random-singleton-isolation/qa_final/cold_build_2/main.tex:39:all-time absorption distribution as an all-but-one coupon formula.  More
/root/autodl-tmp/hilbert-polya-structure/symbolic_dynamics/papers/179-random-singleton-isolation/qa_final/cold_build_2/main.tex:81:all-but-one coupon law, labelled target kernel, or inverse counts.  Generic
/root/autodl-tmp/hilbert-polya-structure/symbolic_dynamics/papers/179-random-singleton-isolation/qa_final/cold_build_2/main.tex:145:\begin{theorem}[all-but-one coupon law]\label{thm:absorb}
/root/autodl-tmp/symbolic_dynamics/docs/papers137_141_sequence/phase1/CANDIDATE_POOL_AND_KILL_LEDGER.md:47:  a standard difunctional closure; its strongest structural claim is owned.
/root/autodl-tmp/symbolic_dynamics/docs/papers132_136_sequence/replacement_scout/nondivisor_algebra/SCOUT.md:150:| `SR1` | `R -> R R^T R`. | Fixed-only recurrence, tail at most two; 2,100 fixed relations at order four.  Exact endpoint and clock are in Section 5.2. | **KILL DIRECT/INTERNAL.**  This is synchronous difunctional closure and has the same terminal geometry as the current asynchronous `BR1`. |
/root/autodl-tmp/symbolic_dynamics/docs/papers132_136_sequence/replacement_scout/nondivisor_algebra/SCOUT.md:475:  difunctions*](https://doi.org/10.1016/j.jlamp.2023.100878), identify
/root/autodl-tmp/symbolic_dynamics/docs/papers132_136_sequence/replacement_scout/nondivisor_algebra/SCOUT.md:476:  difunctional relations by `R R^T R subset R` and as disjoint rectangles.
/root/autodl-tmp/symbolic_dynamics/docs/papers132_136_sequence/replacement_scout/nondivisor_algebra/SCOUT.md:479:  Definition 5.2.1, gives the least difunctional closure explicitly as
/root/autodl-tmp/symbolic_dynamics/docs/papers132_136_sequence/replacement_scout/nondivisor_algebra/SCOUT.md:524:| `SR1` | P106 graph polarity, P123 component complementation, P127 looped-relation parity, current asynchronous `BR1` | The synchronous word is new, but its endpoint and inverse geometry are already occupied by `BR1` and externally by difunctional closure. |
/root/autodl-tmp/symbolic_dynamics/docs/papers132_136_sequence/replacement_scout/nondivisor_algebra/SCOUT.md:542:| `SR1` | `R R inverse R iteration`; `A A transpose A Boolean matrix`; `least difunctional closure` | Backhouse--Oliveira; Kahl; classical Boolean-relation semigroup papers | direct owner plus current internal collision; **kill** |
/root/autodl-tmp/symbolic_dynamics/docs/papers132_136_sequence/replacement_scout/nondivisor_algebra/SCOUT.md:558:| 3 | `SR1` | Exact all-iterate path law and sharp clock | **KILL OWNER/INTERNAL.**  Difunctional closure and current `BR1` consume it. |
/root/autodl-tmp/hilbert-polya-structure/symbolic_dynamics/papers/127-parity-transpose-looped-digraphs/main.tex:80: \Phi(A)=A^{\mathsf T}+rr^{\mathsf T}.                 \label{eq:update}
/root/autodl-tmp/hilbert-polya-structure/symbolic_dynamics/papers/127-parity-transpose-looped-digraphs/main.tex:137: \Phi^2(A)=A+rr^{\mathsf T}+cc^{\mathsf T},
/root/autodl-tmp/hilbert-polya-structure/symbolic_dynamics/papers/127-parity-transpose-looped-digraphs/main.tex:154:If $r\ne c$, then $rr^{\mathsf T}\ne cc^{\mathsf T}$ because the diagonal
/root/autodl-tmp/hilbert-polya-structure/symbolic_dynamics/papers/127-parity-transpose-looped-digraphs/main.tex:182:$A=B^{\mathsf T}+rr^{\mathsf T}$.  Requiring $A\one=r$ is equivalent to
/root/autodl-tmp/hilbert-polya-structure/symbolic_dynamics/papers/127-parity-transpose-looped-digraphs/main.tex:211:           =A+cc^{\mathsf T}+rr^{\mathsf T},           \label{eq:factor-two}
/root/autodl-tmp/hilbert-polya-structure/symbolic_dynamics/papers/127-parity-transpose-looped-digraphs/main.tex:244:weight, the correction $cc^{\mathsf T}+rr^{\mathsf T}$ has zero row and
/root/autodl-tmp/hilbert-polya-structure/symbolic_dynamics/papers/127-parity-transpose-looped-digraphs/main.tex:287:A fixed point satisfies $A+A^{\mathsf T}=rr^{\mathsf T}$.  Comparing
/root/autodl-tmp/symbolic_dynamics/docs/papers177_181_sequence/scouting/root_crossdomain/SCOUT_AND_KILL_LEDGER.md:22:| `RSI` | set partitions; at each epoch choose a uniform label and split it from its block as a singleton | exact labelled action fibres through `n=8`; full diagonal spectrum by singleton count; absorption is an “all but one coupon per initial block” law | **THEOREM SPIKE / OWNER AMBER.** General partition fragmentation is background; the retained package is the literal isolation chain, its full spectrum, target kernel, and target-local predecessor formula. |
/root/autodl-tmp/symbolic_dynamics/papers/127-parity-transpose-looped-digraphs/main.tex:80: \Phi(A)=A^{\mathsf T}+rr^{\mathsf T}.                 \label{eq:update}
/root/autodl-tmp/symbolic_dynamics/papers/127-parity-transpose-looped-digraphs/main.tex:137: \Phi^2(A)=A+rr^{\mathsf T}+cc^{\mathsf T},
/root/autodl-tmp/symbolic_dynamics/papers/127-parity-transpose-looped-digraphs/main.tex:154:If $r\ne c$, then $rr^{\mathsf T}\ne cc^{\mathsf T}$ because the diagonal
/root/autodl-tmp/symbolic_dynamics/papers/127-parity-transpose-looped-digraphs/main.tex:182:$A=B^{\mathsf T}+rr^{\mathsf T}$.  Requiring $A\one=r$ is equivalent to
/root/autodl-tmp/symbolic_dynamics/papers/127-parity-transpose-looped-digraphs/main.tex:211:           =A+cc^{\mathsf T}+rr^{\mathsf T},           \label{eq:factor-two}
/root/autodl-tmp/symbolic_dynamics/papers/127-parity-transpose-looped-digraphs/main.tex:244:weight, the correction $cc^{\mathsf T}+rr^{\mathsf T}$ has zero row and
/root/autodl-tmp/symbolic_dynamics/papers/127-parity-transpose-looped-digraphs/main.tex:287:A fixed point satisfies $A+A^{\mathsf T}=rr^{\mathsf T}$.  Comparing
/root/autodl-tmp/symbolic_dynamics/docs/papers162_166_sequence/scouting/replacement_matchings_incidence/verify_scout.py:597:def all_but_one_selector(counts, state):
/root/autodl-tmp/symbolic_dynamics/docs/papers162_166_sequence/scouting/replacement_matchings_incidence/verify_scout.py:645:def incidence_tetrahedron():
/root/autodl-tmp/symbolic_dynamics/docs/papers162_166_sequence/scouting/replacement_matchings_incidence/verify_scout.py:781:        ("I06 TAB", incidence_tetrahedron(), all_but_one_selector),
/root/autodl-tmp/symbolic_dynamics/docs/papers162_166_sequence/scouting/replacement_matchings_incidence/SCOUT.md:104:| `I06 TAB` | alternate tetrahedron edges/faces; keep objects incident to all but one selected object | `80 / 24 / 15 / {2} / 3` | simplex-dimension deformation sought | **`KILL_INCIDENCE_THRESHOLD_NO_SPINE`** |
/root/autodl-tmp/symbolic_dynamics/docs/papers132_136_sequence/replacement_scout/stochastic/SCOUT.md:10:is the least difunctional closure of a binary relation followed by a standard
/root/autodl-tmp/symbolic_dynamics/docs/papers132_136_sequence/replacement_scout/stochastic/SCOUT.md:56:| `HG1` | In a 3-uniform hypergraph, add the fourth face when exactly three faces of a tetrahedron boundary are present. | Every 3-graph on 4 and 5 vertices plus one exact 6-vertex witness; 1,041 inputs; 5,202 assertions. | For `n=4,5` the closure mimics the binary simplicial-matroid closure (326 targets).  A seven-face absorbing state at `n=6` already omits the linearly forced face `(3,4,5)`.  This kills the attractive low-dimensional extrapolation, and no replacement atlas remains.  **Kill.** |
/root/autodl-tmp/symbolic_dynamics/docs/papers132_136_sequence/replacement_scout/stochastic/SCOUT.md:57:| `HG2` | From a complete tetrahedron boundary, choose one of its four faces uniformly and delete it. | Every 3-graph on 4 and 5 vertices; 1,040 inputs; 4,160 assertions. | 257 nonconfluent and 51 variable-clock sources, up to 155 terminals.  **Kill.** |
/root/autodl-tmp/symbolic_dynamics/docs/papers132_136_sequence/replacement_scout/stochastic/SCOUT.md:77:It contains no three faces of a tetrahedron, so the local rule is already
/root/autodl-tmp/symbolic_dynamics/docs/papers132_136_sequence/replacement_scout/stochastic/SCOUT.md:97:This is exactly the least difunctional relation containing `R`, not a new
/root/autodl-tmp/symbolic_dynamics/docs/papers132_136_sequence/replacement_scout/stochastic/SCOUT.md:106:minimality of the difunctional closure, or directly by completing connected
/root/autodl-tmp/symbolic_dynamics/docs/papers132_136_sequence/replacement_scout/stochastic/SCOUT.md:145:- Backhouse and Oliveira, [*On difunctions*](https://www.sciencedirect.com/science/article/pii/S2352220823000329),
/root/autodl-tmp/symbolic_dynamics/docs/papers132_136_sequence/replacement_scout/stochastic/SCOUT.md:147:  100878, review Riguet's 1948 notion and explicitly identify a difunction as
/root/autodl-tmp/symbolic_dynamics/docs/papers132_136_sequence/replacement_scout/stochastic/SCOUT.md:152:  Definition 5.2.1, explicitly defines the least difunctional closure as the
/root/autodl-tmp/symbolic_dynamics/docs/papers132_136_sequence/replacement_scout/stochastic/SCOUT.md:154:  not merely the word “difunctional,” is directly owned.
/root/autodl-tmp/symbolic_dynamics/docs/papers132_136_sequence/replacement_scout/stochastic/SCOUT.md:165:binary relation dynamics`, `difunctional closure asynchronous`, and the exact
/root/autodl-tmp/symbolic_dynamics/docs/papers132_136_sequence/replacement_scout/stochastic/SCOUT.md:233:| `BR1/BR2` | P68 complete-bipartite hom shifts; P106 graph polarity; P123 component complementation; P127 looped-digraph parity | The carrier is a bipartite relation and the atomic move is one missing rectangle corner, so there is no literal collision.  The external difunctional-closure owner is nevertheless decisive. |
/root/autodl-tmp/symbolic_dynamics/papers/179-random-singleton-isolation/qa_history/intermediate_round2_cold_build_1/main.tex:39:all-time absorption distribution as an all-but-one coupon formula.  More
/root/autodl-tmp/symbolic_dynamics/papers/179-random-singleton-isolation/qa_history/intermediate_round2_cold_build_1/main.tex:81:all-but-one coupon law, labelled target kernel, or inverse counts.  Generic
/root/autodl-tmp/symbolic_dynamics/papers/179-random-singleton-isolation/qa_history/intermediate_round2_cold_build_1/main.tex:145:\begin{theorem}[all-but-one coupon law]\label{thm:absorb}
/root/autodl-tmp/symbolic_dynamics/papers/151-unequal-spider-first-passage/main.tex:351:Repeated outward transfers end only when all but one arm have length one.
/root/autodl-tmp/symbolic_dynamics/papers/179-random-singleton-isolation/qa_history/round1_cold_build_2/main.tex:39:all-time absorption distribution as an all-but-one coupon formula.  More
/root/autodl-tmp/symbolic_dynamics/papers/179-random-singleton-isolation/qa_history/round1_cold_build_2/main.tex:81:all-but-one coupon law, labelled target kernel, or inverse counts.  Generic
/root/autodl-tmp/symbolic_dynamics/papers/179-random-singleton-isolation/qa_history/round1_cold_build_2/main.tex:142:\begin{theorem}[all-but-one coupon law]\label{thm:absorb}
/root/autodl-tmp/symbolic_dynamics/papers/179-random-singleton-isolation/qa_history/intermediate_round2_cold_build_2/main.tex:39:all-time absorption distribution as an all-but-one coupon formula.  More
/root/autodl-tmp/symbolic_dynamics/papers/179-random-singleton-isolation/qa_history/intermediate_round2_cold_build_2/main.tex:81:all-but-one coupon law, labelled target kernel, or inverse counts.  Generic
/root/autodl-tmp/symbolic_dynamics/papers/179-random-singleton-isolation/qa_history/intermediate_round2_cold_build_2/main.tex:145:\begin{theorem}[all-but-one coupon law]\label{thm:absorb}
/root/autodl-tmp/symbolic_dynamics/papers/179-random-singleton-isolation/qa_final/cold_build_1/main.tex:39:all-time absorption distribution as an all-but-one coupon formula.  More
/root/autodl-tmp/symbolic_dynamics/papers/179-random-singleton-isolation/qa_final/cold_build_1/main.tex:81:all-but-one coupon law, labelled target kernel, or inverse counts.  Generic
/root/autodl-tmp/symbolic_dynamics/papers/179-random-singleton-isolation/qa_final/cold_build_1/main.tex:145:\begin{theorem}[all-but-one coupon law]\label{thm:absorb}
/root/autodl-tmp/symbolic_dynamics/docs/papers162_166_sequence/scouting/root_cyclic_partition_erosion/SCOUT.md:82:If all but one translated pair belonged to an equivalence relation,
/root/autodl-tmp/symbolic_dynamics/papers/179-random-singleton-isolation/qa_final/cold_build_2/main.tex:39:all-time absorption distribution as an all-but-one coupon formula.  More
/root/autodl-tmp/symbolic_dynamics/papers/179-random-singleton-isolation/qa_final/cold_build_2/main.tex:81:all-but-one coupon law, labelled target kernel, or inverse counts.  Generic
/root/autodl-tmp/symbolic_dynamics/papers/179-random-singleton-isolation/qa_final/cold_build_2/main.tex:145:\begin{theorem}[all-but-one coupon law]\label{thm:absorb}
/root/autodl-tmp/symbolic_dynamics/papers/179-random-singleton-isolation/main.tex:39:all-time absorption distribution as an all-but-one coupon formula.  More
/root/autodl-tmp/symbolic_dynamics/papers/179-random-singleton-isolation/main.tex:81:all-but-one coupon law, labelled target kernel, or inverse counts.  Generic
/root/autodl-tmp/symbolic_dynamics/papers/179-random-singleton-isolation/main.tex:145:\begin{theorem}[all-but-one coupon law]\label{thm:absorb}
/root/autodl-tmp/symbolic_dynamics/docs/papers162_166_sequence/scouting/open_fresh_p166_round8/IDEA_LEDGER.md:22:- simultaneous source-to-sink reversal, difunctional closure, code hull,
/root/autodl-tmp/hilbert-polya-structure/symbolic_dynamics/papers/151-unequal-spider-first-passage/main.tex:351:Repeated outward transfers end only when all but one arm have length one.
/root/autodl-tmp/hilbert-polya-structure/symbolic_dynamics/papers/179-random-singleton-isolation/qa_history/intermediate_round2_cold_build_2/main.tex:39:all-time absorption distribution as an all-but-one coupon formula.  More
/root/autodl-tmp/hilbert-polya-structure/symbolic_dynamics/papers/179-random-singleton-isolation/qa_history/intermediate_round2_cold_build_2/main.tex:81:all-but-one coupon law, labelled target kernel, or inverse counts.  Generic
/root/autodl-tmp/hilbert-polya-structure/symbolic_dynamics/papers/179-random-singleton-isolation/qa_history/intermediate_round2_cold_build_2/main.tex:145:\begin{theorem}[all-but-one coupon law]\label{thm:absorb}
/root/autodl-tmp/symbolic_dynamics/papers/179-random-singleton-isolation/qa_history/round1_cold_build_1/main.tex:39:all-time absorption distribution as an all-but-one coupon formula.  More
/root/autodl-tmp/symbolic_dynamics/papers/179-random-singleton-isolation/qa_history/round1_cold_build_1/main.tex:81:all-but-one coupon law, labelled target kernel, or inverse counts.  Generic
/root/autodl-tmp/symbolic_dynamics/papers/179-random-singleton-isolation/qa_history/round1_cold_build_1/main.tex:142:\begin{theorem}[all-but-one coupon law]\label{thm:absorb}
