/root/autodl-tmp/hilbert-polya-structure/symbolic_dynamics/docs/papers177_181_sequence/scouting/combinatorial_lane/SCOUT_AND_KILL_LEDGER.md:12:| `C05 / NOG` | words in `[n]^n`; output coordinate `i` is the cyclic distance modulo `n` to the next occurrence of the same letter. | Exhaustive `n<=6` (46,656 states at the top box).  The map factors injectively through equality partitions: image size is the Bell number, and a code with `k` blocks has labelled fibre `(n)_k`; temporal cores have only small irregular periods. | **KILL_STATIC_PARTITION_ENCODER.**  The labelled-fibre theorem is exactly a kernel-partition count; iteration adds no comparable second axis and lies near P167/set-partition occupancy. |
/root/autodl-tmp/hilbert-polya-structure/symbolic_dynamics/docs/papers112_116_sequence/scouting/ROOT_SCOUT.md:93:iterate/image/fibre formulas, the explicit index-chain product conjugacy and
/root/autodl-tmp/hilbert-polya-structure/symbolic_dynamics/docs/papers107_111_sequence/scouting/ALGEBRAIC_SCOUT.md:290:monogenic power semigroup and audit every fibre.
/root/autodl-tmp/hilbert-polya-structure/symbolic_dynamics/docs/papers162_166_sequence/scouting/open_fresh_p166_round3/IDEA_LEDGER.md:35:| `RMR` | perfect matchings relative to a fixed reference matching; choose a reference edge uniformly and repair it by a 4-vertex switch | accepted repairs split an alternating component `k -> 1+(k-1)`; accepted distance `m-l(λ)` | all-time absorption CDF, expectation recursion, exact image, distinct and marked every-target one-step fibres | **`KILL_INTERNAL_S06_CYCLE_EROSION`**; contracting reference edges turns the chain into the permanently killed random cycle-element erosion, with only null scans and matching signs added |
/root/autodl-tmp/hilbert-polya-structure/symbolic_dynamics/docs/papers182_186_sequence/scouting/crossdomain_lane/SCOUT_AND_KILL_LEDGER.md:62:time-`t` fibres; de Bruijn recurrent chain.
/root/autodl-tmp/hilbert-polya-structure/symbolic_dynamics/docs/papers112_116_sequence/phase1/CANDIDATE_POOL_AND_KILL_LEDGER.md:36:| P115 | bounded polynomials over `F_(p^a)`; Cartier coefficient decimation with inverse Frobenius | index division and field twisting separate into an exact semilinear clock | bounded coefficient/iterate/image/fibre formulas; explicit index-chain product conjugacy and weak components; depth shells, lattice defect law, and parameter recovery |
/root/autodl-tmp/hilbert-polya-structure/symbolic_dynamics/docs/papers162_166_sequence/scouting/replacement_posets_languages/SCOUT.md:76:| `L05/NFS` | binary words `w_0...w_(n-1)`; shift and append the parity of the internal factors `w_iw_(i+1)=01` | at `n=7`, `(128,96,1,14,{1:1,7:2})`; focused `n=14`: image 12,288, tail 28, recurrent states 421, cycles `{1:1,7:4,14:28}` | proved recurrent language/iterate-fixed/cycle census; proved every-target one-step fibres; conjectural sharp `2n` tail and Fibonacci image chain | **`KILL_P90_GOLDEN_MEAN_ZETA_P117_RUN_PARITY`** |
/root/autodl-tmp/hilbert-polya-structure/symbolic_dynamics/docs/papers177_181_sequence/scouting/root_crossdomain/SCOUT_AND_KILL_LEDGER.md:22:| `RSI` | set partitions; at each epoch choose a uniform label and split it from its block as a singleton | exact labelled action fibres through `n=8`; full diagonal spectrum by singleton count; absorption is an “all but one coupon per initial block” law | **THEOREM SPIKE / OWNER AMBER.** General partition fragmentation is background; the retained package is the literal isolation chain, its full spectrum, target kernel, and target-local predecessor formula. |
/root/autodl-tmp/hilbert-polya-structure/symbolic_dynamics/docs/papers162_166_sequence/scouting/plane_partition_layer_stripping/SCOUT.md:190:fibre.  In the multichain model, (C) merely cuts a chain of order ideals at
/root/autodl-tmp/hilbert-polya-structure/symbolic_dynamics/docs/papers172_176_sequence/scouting/fresh_geometry_automata/SCOUT_AND_KILL_LEDGER.md:11:| `D03_FSP` | Endofunctions `f:[n]->[n]`.  In each old fibre, cyclically send its increasingly ordered elements to their successors. | All `n^n` functions through `n=6`.  Image size is `Bell(n)`; identity is the sole recurrent state; the `n!-1` nonidentity bijections have depth one and all `n^n-n!` nonbijections depth two. | A canonical target with `k` increasing cycles has `(n)_k` parents.  A fixed-point-marked polynomial depending on its cycle sizes is checked for every target through `n=5`. | **`KILL_SHALLOW_KERNEL_ENCODING`.** The update is just kernel partition followed by increasing-cycle notation, then collapse of every permutation to identity; both axes are static species bookkeeping. |
/root/autodl-tmp/hilbert-polya-structure/symbolic_dynamics/papers/71-zip-shift-degree-pressure/stage2_5/SOURCE_SEARCH_LEDGER.md:75:### A6. `MehdipourSalarinoghabiGibrim2026` — MISMATCH
/root/autodl-tmp/hilbert-polya-structure/symbolic_dynamics/papers/71-zip-shift-degree-pressure/stage2_5/SOURCE_SEARCH_LEDGER.md:77:- Queries: `"10.1063/5.0300898"`; `"Zip Cellular Automata" Mehdipour Salarinoghabi Gibrim`; `site:pubs.aip.org "Zip cellular automata"`.
/root/autodl-tmp/hilbert-polya-structure/symbolic_dynamics/papers/71-zip-shift-degree-pressure/stage2_5/SOURCE_SEARCH_LEDGER.md:106:  `BarreiraSaussolSchmeling2002`, `MehdipourSalarinoghabiGibrim2026`, and
/root/autodl-tmp/hilbert-polya-structure/symbolic_dynamics/papers/71-zip-shift-degree-pressure/stage2_5/SOURCE_SEARCH_LEDGER.md:132:| `sections/7_scope.tex:14–16` | `MehdipourSalarinoghabiGibrim2026` | zip cellular automata are adjacent | [publisher page](https://pubs.aip.org/aip/adv/article/16/1/015201/3376058/Zip-cellular-automata) | VERIFIED-CONTENT; BibTeX incomplete |
/root/autodl-tmp/hilbert-polya-structure/symbolic_dynamics/papers/46-dyadic-sum-hankel-cycle-calculus/sections/02_related_work.tex:7:monograph provide the standard setting and terminology
/root/autodl-tmp/hilbert-polya-structure/docs/papers197_201_sequence/scouting/fifth_fresh_20260905/CSPD_THEOREMS_AND_OWNER_KILL.md:86:nonzero fibre is one, exactly when the order is a total chain. These targets
/root/autodl-tmp/hilbert-polya-structure/symbolic_dynamics/docs/papers172_176_sequence/scouting/combinatorial_crossdomain/IDEA_LEDGER.md:31:| `F01_MCA` | All families of subsets of `[n]`.  Take the inclusion-maximal old members and complement each in `[n]`. | Every one of the 65,536 families for `n=4`; after one step the state is an antichain, then complementation is an involution.  Every target fibre formula passes. | **KILL_DUALITY_THIN.** The exact formula is useful regression evidence, but maximal-clutter/antichain complementation plus a one-step gate is too close to blocker/complement and P163 set-family polarity. |
/root/autodl-tmp/hilbert-polya-structure/symbolic_dynamics/papers/71-zip-shift-degree-pressure/sections/7_scope.tex:15:\citep{MehdipourSalarinoghabiGibrim2026} and symbolic encodings of finite-to-one
/root/autodl-tmp/hilbert-polya-structure/symbolic_dynamics/papers/88-finite-field-parity-tree-shifts/main.tex:72:block-Markov chain with an affine-hyperplane offspring kernel.  Although
/root/autodl-tmp/hilbert-polya-structure/symbolic_dynamics/papers/88-finite-field-parity-tree-shifts/main.tex:80:tree-shift, entropy-normalization, joint-offspring, reconstruction, and
/root/autodl-tmp/hilbert-polya-structure/symbolic_dynamics/papers/88-finite-field-parity-tree-shifts/main.tex:114:displayed joint-offspring factorization and claim no new Markov framework.
/root/autodl-tmp/hilbert-polya-structure/symbolic_dynamics/papers/88-finite-field-parity-tree-shifts/main.tex:129:      offspring kernel, and every deterministic ray is iid uniform.
/root/autodl-tmp/hilbert-polya-structure/symbolic_dynamics/papers/88-finite-field-parity-tree-shifts/main.tex:353:\begin{equation}\label{eq:offspring-kernel}
/root/autodl-tmp/hilbert-polya-structure/symbolic_dynamics/papers/88-finite-field-parity-tree-shifts/main.tex:371:Markov chain in the joint-offspring sense of \cite{Souissi2022}.
/root/autodl-tmp/hilbert-polya-structure/symbolic_dynamics/papers/88-finite-field-parity-tree-shifts/main.tex:383:There are $q^{d-1}$ offspring tuples in total.  The probability of each
/root/autodl-tmp/hilbert-polya-structure/symbolic_dynamics/papers/88-finite-field-parity-tree-shifts/main.tex:388:The lemma shows why a standard independent-offspring branching description
/root/autodl-tmp/hilbert-polya-structure/symbolic_dynamics/papers/88-finite-field-parity-tree-shifts/main.tex:412:generation, the ordered offspring block at each exposed vertex has kernel
/root/autodl-tmp/hilbert-polya-structure/symbolic_dynamics/papers/88-finite-field-parity-tree-shifts/main.tex:525:The broad object, both entropy conventions, the joint-offspring and
/root/autodl-tmp/hilbert-polya-structure/symbolic_dynamics/papers/98-equal-block-sum-torsion-shifts/main.tex:71:\cite{KitchensSchmidt1989}, Schmidt's algebraic-dynamics monograph
/root/autodl-tmp/hilbert-polya-structure/docs/papers204_208_sequence/scouting/word_local/CIRCULAR_SCOUT_REPORT.md:11:| CNE | Distance to next equal letter to the right; n if unique | image203; H5; cycles1:1,2:18; max fibre720 | No all-n temporal theorem; no promotion. |
/root/autodl-tmp/hilbert-polya-structure/symbolic_dynamics/papers/93-random-push-pop-stack-cocycles/main.tex:82:framework developed in, for example, Arnold's monograph
/root/autodl-tmp/hilbert-polya-structure/symbolic_dynamics/papers/139-lyndon-factor-start-feedback/main.tex:269:\section{Every target fibre as an ordered Lyndon chain}
/root/autodl-tmp/symbolic_dynamics/docs/prior_work/legacy/5-riemann_henon/paper_npj/main.tex:19:\usepackage[onehalfspacing]{setspace}
/root/autodl-tmp/symbolic_dynamics/docs/papers204_208_sequence/scouting/combinatorial_second/PROOF_NOTES.md:9:## PR — reverse a least predecessor
/root/autodl-tmp/hilbert-polya-structure/symbolic_dynamics/papers/01-falsification-first-audit/farey_gauss_transfer/results/exact_orbit_ledger.csv.gz: binary file matches (found "\0" byte around offset 32)
/root/autodl-tmp/symbolic_dynamics/docs/papers187_191_sequence/scouting/graph_lane/replacement/KILL_LEDGER.md:13:| **RX01 LAR** | All `126,126` rooted labelled-tree states through `n=7` (`18,249` unrooted labelled trees).  Every nontrivial tree has image size two, one 2-cycle, depth at most one, exact metric-halfspace fibres, and the claimed rank-two spectral silhouette. | **KILL_DIRECT_OWNER** | The official AtCoder ABC428 E problem is the same all-vertices farthest-target map with the opposite label tie; label reversal conjugates the two rules.  Its official editorial already reduces every target to a diameter pair.  The orbit, fibre cut, and spectrum are immediate corollaries, not an independent residual package. |
/root/autodl-tmp/hilbert-polya-structure/symbolic_dynamics/papers/39-affine-obstruction-dag-closure-certificate/sections/1_introduction.tex:16:failure of the original statement \citep{Dardashti2021NoGo}.  Paper 39 turns
/root/autodl-tmp/hilbert-polya-structure/docs/papers204_208_sequence/scouting/word_local/CONTRAST_INTAKE.md:24:next equality mask is $1\oplus e_{i-1}\oplus e_{i+1}$. This is a full
/root/autodl-tmp/hilbert-polya-structure/papers/188-self-cardinality-truncation/qa_final/cold_build_1/main.tex:46:also count every labelled target fibre at every time by a chain of binomial
/root/autodl-tmp/symbolic_dynamics/docs/prior_work/legacy/4-riemann_logistic/paper/MDPI_template_ACS_new/template.tex:22:% abstract, addendum, article, benchmark, book, bookreview, briefcommunication, briefreport, casereport, changes, clinicopathologicalchallenge, comment, commentary, communication, conceptpaper, conferenceproceedings, correction, conferencereport, creative, datadescriptor, discussion, entry, expressionofconcern, extendedabstract, editorial, essay, erratum, fieldguide, hypothesis, interestingimages, letter, meetingreport, monograph, newbookreceived, obituary, opinion, proceedingpaper, projectreport, reply, retraction, review, perspective, protocol, shortnote, studyprotocol, supfile, systematicreview, technicalnote, viewpoint, guidelines, registeredreport, tutorial,  giantsinurology, urologyaroundtheworld
/root/autodl-tmp/symbolic_dynamics/docs/papers112_116_sequence/scouting/ROOT_SCOUT.md:93:iterate/image/fibre formulas, the explicit index-chain product conjugacy and
/root/autodl-tmp/symbolic_dynamics/docs/papers112_116_sequence/phase1/CANDIDATE_POOL_AND_KILL_LEDGER.md:36:| P115 | bounded polynomials over `F_(p^a)`; Cartier coefficient decimation with inverse Frobenius | index division and field twisting separate into an exact semilinear clock | bounded coefficient/iterate/image/fibre formulas; explicit index-chain product conjugacy and weak components; depth shells, lattice defect law, and parameter recovery |
/root/autodl-tmp/symbolic_dynamics/docs/papers162_166_sequence/scouting/plane_partition_layer_stripping/SCOUT.md:190:fibre.  In the multichain model, (C) merely cuts a chain of order ideals at
/root/autodl-tmp/symbolic_dynamics/docs/papers197_201_sequence/scouting/fifth_fresh_20260905/CSPD_THEOREMS_AND_OWNER_KILL.md:86:nonzero fibre is one, exactly when the order is a total chain. These targets
/root/autodl-tmp/symbolic_dynamics/docs/papers197_201_sequence/scouting/word_poset_lane/BREADTH_AND_KILL_LEDGER.md:12:| 2 / `C02_ZAD` | On chain words `{0,...,M}^{Z/mZ}`, apply Zadeh implication `T_i=max(M-x_i,min(x_i,x_(i+1)))`. | `M=3,m=5`: `1024/242/22`, depth `0:22,1:162,2:360,3:240,4:160,5:80`, max fibre 18.  For `M=2,3` and `3<=m<=8`, max tail is exactly `m`. | Centered absolute values obey cyclic min erosion; recurrent signs are independent sets and rotate.  `R_(M,m)=ceil(M/2)L_m+1_(M even)`; `Fix(T^t)=ceil(M/2)L_gcd(m,t)+1_(M even)`; every target has an `(M+1)`-matrix trace. | **`RESERVE_OWNER_RED_AMBER / HOLD_EXTERNAL`.** Strong mathematics, but same cyclic-chain/implication neighborhood as P196 and transfer syntax near P187. |
/root/autodl-tmp/symbolic_dynamics/docs/papers197_201_sequence/scouting/word_poset_lane/BREADTH_AND_KILL_LEDGER.md:13:| 3 / `C03_PDM` | On positive compositions, simultaneously delete every cut between `a_i>a_(i+1)`; equivalently sum each maximal strict descending run. | `N=16`: `32768/10747/231`, max tail 14, unique deepest `(2,1^14)`, max fibre 37. | Fixed count `p(N)`; sharp `N-2`; every target is a chain of strictly decreasing refinements with endpoint inequalities. | **`KILL_SORTING_COALESCENCE`.** Parallel adjacent-violator sorting plus P147/P191 proof-shell transfer. |
/root/autodl-tmp/hilbert-polya-structure/symbolic_dynamics/papers/39-affine-obstruction-dag-closure-certificate/sections/2_related_work.tex:13:\citet{Dardashti2021NoGo} organizes no-go results by goals, frameworks,
/root/autodl-tmp/symbolic_dynamics/docs/papers177_181_sequence/scouting/root_crossdomain/SCOUT_AND_KILL_LEDGER.md:22:| `RSI` | set partitions; at each epoch choose a uniform label and split it from its block as a singleton | exact labelled action fibres through `n=8`; full diagonal spectrum by singleton count; absorption is an “all but one coupon per initial block” law | **THEOREM SPIKE / OWNER AMBER.** General partition fragmentation is background; the retained package is the literal isolation chain, its full spectrum, target kernel, and target-local predecessor formula. |
/root/autodl-tmp/symbolic_dynamics/papers/01-falsification-first-audit/farey_gauss_transfer/results/exact_orbit_ledger.csv.gz: binary file matches (found "\0" byte around offset 32)
/root/autodl-tmp/symbolic_dynamics/papers/93-random-push-pop-stack-cocycles/main.tex:82:framework developed in, for example, Arnold's monograph
/root/autodl-tmp/symbolic_dynamics/docs/prior_work/legacy/5-riemann_henon/3-Homoclinic_Tangency_Proof_White.png: binary file matches (found "\0" byte around offset 8)
/root/autodl-tmp/symbolic_dynamics/docs/prior_work/legacy/5-riemann_henon/paper/manuscript.tex:9:\usepackage[onehalfspacing]{setspace}
/root/autodl-tmp/hilbert-polya-structure/docs/papers197_201_sequence/scouting/word_poset_lane/BREADTH_AND_KILL_LEDGER.md:12:| 2 / `C02_ZAD` | On chain words `{0,...,M}^{Z/mZ}`, apply Zadeh implication `T_i=max(M-x_i,min(x_i,x_(i+1)))`. | `M=3,m=5`: `1024/242/22`, depth `0:22,1:162,2:360,3:240,4:160,5:80`, max fibre 18.  For `M=2,3` and `3<=m<=8`, max tail is exactly `m`. | Centered absolute values obey cyclic min erosion; recurrent signs are independent sets and rotate.  `R_(M,m)=ceil(M/2)L_m+1_(M even)`; `Fix(T^t)=ceil(M/2)L_gcd(m,t)+1_(M even)`; every target has an `(M+1)`-matrix trace. | **`RESERVE_OWNER_RED_AMBER / HOLD_EXTERNAL`.** Strong mathematics, but same cyclic-chain/implication neighborhood as P196 and transfer syntax near P187. |
/root/autodl-tmp/hilbert-polya-structure/docs/papers197_201_sequence/scouting/word_poset_lane/BREADTH_AND_KILL_LEDGER.md:13:| 3 / `C03_PDM` | On positive compositions, simultaneously delete every cut between `a_i>a_(i+1)`; equivalently sum each maximal strict descending run. | `N=16`: `32768/10747/231`, max tail 14, unique deepest `(2,1^14)`, max fibre 37. | Fixed count `p(N)`; sharp `N-2`; every target is a chain of strictly decreasing refinements with endpoint inequalities. | **`KILL_SORTING_COALESCENCE`.** Parallel adjacent-violator sorting plus P147/P191 proof-shell transfer. |
/root/autodl-tmp/symbolic_dynamics/papers/88-finite-field-parity-tree-shifts/main.tex:72:block-Markov chain with an affine-hyperplane offspring kernel.  Although
/root/autodl-tmp/symbolic_dynamics/papers/88-finite-field-parity-tree-shifts/main.tex:80:tree-shift, entropy-normalization, joint-offspring, reconstruction, and
/root/autodl-tmp/symbolic_dynamics/papers/88-finite-field-parity-tree-shifts/main.tex:114:displayed joint-offspring factorization and claim no new Markov framework.
/root/autodl-tmp/symbolic_dynamics/papers/88-finite-field-parity-tree-shifts/main.tex:129:      offspring kernel, and every deterministic ray is iid uniform.
/root/autodl-tmp/symbolic_dynamics/papers/88-finite-field-parity-tree-shifts/main.tex:353:\begin{equation}\label{eq:offspring-kernel}
/root/autodl-tmp/symbolic_dynamics/papers/88-finite-field-parity-tree-shifts/main.tex:371:Markov chain in the joint-offspring sense of \cite{Souissi2022}.
/root/autodl-tmp/symbolic_dynamics/papers/88-finite-field-parity-tree-shifts/main.tex:383:There are $q^{d-1}$ offspring tuples in total.  The probability of each
/root/autodl-tmp/symbolic_dynamics/papers/88-finite-field-parity-tree-shifts/main.tex:388:The lemma shows why a standard independent-offspring branching description
/root/autodl-tmp/symbolic_dynamics/papers/88-finite-field-parity-tree-shifts/main.tex:412:generation, the ordered offspring block at each exposed vertex has kernel
/root/autodl-tmp/symbolic_dynamics/papers/88-finite-field-parity-tree-shifts/main.tex:525:The broad object, both entropy conventions, the joint-offspring and
/root/autodl-tmp/symbolic_dynamics/docs/papers204_208_sequence/scouting/finite_systems_fifteenth/PROOF_AND_DISPOSITION.md:134:This characterizes one fibre as a constrained-antichain counting problem;
/root/autodl-tmp/hilbert-polya-structure/papers/188-self-cardinality-truncation/qa_final/cold_build_2/main.tex:46:also count every labelled target fibre at every time by a chain of binomial
/root/autodl-tmp/symbolic_dynamics/docs/papers177_181_sequence/scouting/combinatorial_lane/SCOUT_AND_KILL_LEDGER.md:12:| `C05 / NOG` | words in `[n]^n`; output coordinate `i` is the cyclic distance modulo `n` to the next occurrence of the same letter. | Exhaustive `n<=6` (46,656 states at the top box).  The map factors injectively through equality partitions: image size is the Bell number, and a code with `k` blocks has labelled fibre `(n)_k`; temporal cores have only small irregular periods. | **KILL_STATIC_PARTITION_ENCODER.**  The labelled-fibre theorem is exactly a kernel-partition count; iteration adds no comparable second axis and lies near P167/set-partition occupancy. |
/root/autodl-tmp/symbolic_dynamics/docs/papers187_191_sequence/scouting/algebra_lane/KILL_LEDGER.md:24:| A14 | `KILL` | Exact countdown of length `a`, fibre cap two | The map is simply the standard socle/Loewy filtration read backwards; all dynamical content is a renamed chain decrement. |
/root/autodl-tmp/symbolic_dynamics/docs/papers204_208_sequence/scouting/word_local/CONTRAST_INTAKE.md:24:next equality mask is $1\oplus e_{i-1}\oplus e_{i+1}$. This is a full
/root/autodl-tmp/symbolic_dynamics/docs/papers107_111_sequence/scouting/ALGEBRAIC_SCOUT.md:290:monogenic power semigroup and audit every fibre.
/root/autodl-tmp/symbolic_dynamics/papers/46-dyadic-sum-hankel-cycle-calculus/sections/02_related_work.tex:7:monograph provide the standard setting and terminology
/root/autodl-tmp/hilbert-polya-structure/docs/papers204_208_sequence/scouting/finite_systems_fifteenth/PROOF_AND_DISPOSITION.md:134:This characterizes one fibre as a constrained-antichain counting problem;
/root/autodl-tmp/hilbert-polya-structure/docs/papers187_191_sequence/scouting/algebra_lane/KILL_LEDGER.md:24:| A14 | `KILL` | Exact countdown of length `a`, fibre cap two | The map is simply the standard socle/Loewy filtration read backwards; all dynamical content is a renamed chain decrement. |
/root/autodl-tmp/symbolic_dynamics/docs/papers204_208_sequence/scouting/word_local/CIRCULAR_SCOUT_REPORT.md:11:| CNE | Distance to next equal letter to the right; n if unique | image203; H5; cycles1:1,2:18; max fibre720 | No all-n temporal theorem; no promotion. |
/root/autodl-tmp/hilbert-polya-structure/docs/papers204_208_sequence/scouting/combinatorial_second/PROOF_NOTES.md:9:## PR — reverse a least predecessor
/root/autodl-tmp/symbolic_dynamics/docs/prior_work/legacy/4-riemann_logistic/paper/fracfract/main.tex:61:itself is treated comprehensively in Titchmarsh's monograph
/root/autodl-tmp/symbolic_dynamics/papers/39-affine-obstruction-dag-closure-certificate/sections/1_introduction.tex:16:failure of the original statement \citep{Dardashti2021NoGo}.  Paper 39 turns
/root/autodl-tmp/symbolic_dynamics/papers/188-self-cardinality-truncation/qa_final/cold_build_1/main.tex:46:also count every labelled target fibre at every time by a chain of binomial
/root/autodl-tmp/symbolic_dynamics/papers/71-zip-shift-degree-pressure/sections/7_scope.tex:15:\citep{MehdipourSalarinoghabiGibrim2026} and symbolic encodings of finite-to-one
/root/autodl-tmp/symbolic_dynamics/papers/71-zip-shift-degree-pressure/stage2_5/SOURCE_SEARCH_LEDGER.md:75:### A6. `MehdipourSalarinoghabiGibrim2026` — MISMATCH
/root/autodl-tmp/symbolic_dynamics/papers/71-zip-shift-degree-pressure/stage2_5/SOURCE_SEARCH_LEDGER.md:77:- Queries: `"10.1063/5.0300898"`; `"Zip Cellular Automata" Mehdipour Salarinoghabi Gibrim`; `site:pubs.aip.org "Zip cellular automata"`.
/root/autodl-tmp/symbolic_dynamics/papers/71-zip-shift-degree-pressure/stage2_5/SOURCE_SEARCH_LEDGER.md:106:  `BarreiraSaussolSchmeling2002`, `MehdipourSalarinoghabiGibrim2026`, and
/root/autodl-tmp/symbolic_dynamics/papers/71-zip-shift-degree-pressure/stage2_5/SOURCE_SEARCH_LEDGER.md:132:| `sections/7_scope.tex:14–16` | `MehdipourSalarinoghabiGibrim2026` | zip cellular automata are adjacent | [publisher page](https://pubs.aip.org/aip/adv/article/16/1/015201/3376058/Zip-cellular-automata) | VERIFIED-CONTENT; BibTeX incomplete |
/root/autodl-tmp/hilbert-polya-structure/docs/papers187_191_sequence/scouting/graph_lane/replacement/KILL_LEDGER.md:13:| **RX01 LAR** | All `126,126` rooted labelled-tree states through `n=7` (`18,249` unrooted labelled trees).  Every nontrivial tree has image size two, one 2-cycle, depth at most one, exact metric-halfspace fibres, and the claimed rank-two spectral silhouette. | **KILL_DIRECT_OWNER** | The official AtCoder ABC428 E problem is the same all-vertices farthest-target map with the opposite label tie; label reversal conjugates the two rules.  Its official editorial already reduces every target to a diameter pair.  The orbit, fibre cut, and spectrum are immediate corollaries, not an independent residual package. |
/root/autodl-tmp/symbolic_dynamics/docs/papers182_186_sequence/scouting/crossdomain_lane/SCOUT_AND_KILL_LEDGER.md:62:time-`t` fibres; de Bruijn recurrent chain.
/root/autodl-tmp/symbolic_dynamics/papers/139-lyndon-factor-start-feedback/main.tex:269:\section{Every target fibre as an ordered Lyndon chain}
/root/autodl-tmp/hilbert-polya-structure/papers/188-self-cardinality-truncation/main.tex:46:also count every labelled target fibre at every time by a chain of binomial
/root/autodl-tmp/symbolic_dynamics/docs/papers172_176_sequence/scouting/fresh_geometry_automata/SCOUT_AND_KILL_LEDGER.md:11:| `D03_FSP` | Endofunctions `f:[n]->[n]`.  In each old fibre, cyclically send its increasingly ordered elements to their successors. | All `n^n` functions through `n=6`.  Image size is `Bell(n)`; identity is the sole recurrent state; the `n!-1` nonidentity bijections have depth one and all `n^n-n!` nonbijections depth two. | A canonical target with `k` increasing cycles has `(n)_k` parents.  A fixed-point-marked polynomial depending on its cycle sizes is checked for every target through `n=5`. | **`KILL_SHALLOW_KERNEL_ENCODING`.** The update is just kernel partition followed by increasing-cycle notation, then collapse of every permutation to identity; both axes are static species bookkeeping. |
/root/autodl-tmp/symbolic_dynamics/papers/39-affine-obstruction-dag-closure-certificate/sections/2_related_work.tex:13:\citet{Dardashti2021NoGo} organizes no-go results by goals, frameworks,
/root/autodl-tmp/symbolic_dynamics/docs/papers162_166_sequence/scouting/open_fresh_p166_round3/IDEA_LEDGER.md:35:| `RMR` | perfect matchings relative to a fixed reference matching; choose a reference edge uniformly and repair it by a 4-vertex switch | accepted repairs split an alternating component `k -> 1+(k-1)`; accepted distance `m-l(λ)` | all-time absorption CDF, expectation recursion, exact image, distinct and marked every-target one-step fibres | **`KILL_INTERNAL_S06_CYCLE_EROSION`**; contracting reference edges turns the chain into the permanently killed random cycle-element erosion, with only null scans and matching signs added |
/root/autodl-tmp/symbolic_dynamics/docs/papers162_166_sequence/scouting/replacement_posets_languages/SCOUT.md:76:| `L05/NFS` | binary words `w_0...w_(n-1)`; shift and append the parity of the internal factors `w_iw_(i+1)=01` | at `n=7`, `(128,96,1,14,{1:1,7:2})`; focused `n=14`: image 12,288, tail 28, recurrent states 421, cycles `{1:1,7:4,14:28}` | proved recurrent language/iterate-fixed/cycle census; proved every-target one-step fibres; conjectural sharp `2n` tail and Fibonacci image chain | **`KILL_P90_GOLDEN_MEAN_ZETA_P117_RUN_PARITY`** |
/root/autodl-tmp/symbolic_dynamics/papers/188-self-cardinality-truncation/main.tex:46:also count every labelled target fibre at every time by a chain of binomial
/root/autodl-tmp/symbolic_dynamics/papers/98-equal-block-sum-torsion-shifts/main.tex:71:\cite{KitchensSchmidt1989}, Schmidt's algebraic-dynamics monograph
/root/autodl-tmp/symbolic_dynamics/papers/188-self-cardinality-truncation/qa_final/cold_build_2/main.tex:46:also count every labelled target fibre at every time by a chain of binomial
/root/autodl-tmp/symbolic_dynamics/docs/papers172_176_sequence/scouting/combinatorial_crossdomain/IDEA_LEDGER.md:31:| `F01_MCA` | All families of subsets of `[n]`.  Take the inclusion-maximal old members and complement each in `[n]`. | Every one of the 65,536 families for `n=4`; after one step the state is an antichain, then complementation is an involution.  Every target fibre formula passes. | **KILL_DUALITY_THIN.** The exact formula is useful regression evidence, but maximal-clutter/antichain complementation plus a one-step gate is too close to blocker/complement and P163 set-family polarity. |
