multiplicative root and global-axis checks
  root coordinates checked:       10000
  reconstructed global instances: 15
arithmetic-prefix checks
  prefix ranks/count exponents:   320
arbitrary finite-projection checks
  all subsets of [1,12] checked:  12288
exponent-rectangle checks
  fields 2,3,5; sides 1,...,6:   108
edge deletion/addition checks
  rank/cycle-rank transitions:   11
Haar/forest/cycle checks
  exact potential enumerations:   9
  all distinct coordinate pairs are independent: PASS
  four-corner alternating cycle relation: PASS
rank theorem exercised in characteristics 2, 3, and 5
nonprime extension-field checks: F_4 = F_2[u]/(u^2+u+1)
  prefix ranks through 80:        80
  all subsets of [1,12]:         4096
  rectangles through side 6:     36
  exact Haar enumerations:        3
ALL CHECKS PASS
