ARTIFACT_AUDIT.json: OK
AUDIT_EXECUTION.json: OK
BUILD_EXECUTION.json: OK
BUILD_REPORT.md: OK
CANONICAL.json: OK
CONTEXT_PINS.sha256: OK
FINAL_INPUT_CHECK.json: OK
FINDINGS.json: OK
INPUT_PINS.sha256: OK
PAGE_VIEW_PINS.sha256: OK
REPLAY_LOG.md: OK
REPORT.md: OK
SOURCE_ACCESS_LOG.md: OK
SOURCE_AND_PROOF.md: OK
SUPPLEMENTAL_READ_PINS.sha256: OK
audit_artifacts.py: OK
cold_build_01/BIBTEX_ENGINE.txt: OK
cold_build_01/BUILD_ENVIRONMENT.txt: OK
cold_build_01/DIAGNOSTICS.txt: OK
cold_build_01/ENGINE.txt: OK
cold_build_01/FONTS.txt: OK
cold_build_01/PDF.sha256: OK
cold_build_01/PDFINFO.txt: OK
cold_build_01/SOURCE_INPUTS.sha256: OK
cold_build_01/bibtex.stdout: OK
cold_build_01/main.aux: OK
cold_build_01/main.bbl: OK
cold_build_01/main.blg: OK
cold_build_01/main.fls: OK
cold_build_01/main.log: OK
cold_build_01/main.out: OK
cold_build_01/main.pdf: OK
cold_build_01/main.tex: OK
cold_build_01/main.txt: OK
cold_build_01/math_commands.tex: OK
cold_build_01/pass1.stdout: OK
cold_build_01/pass2.stdout: OK
cold_build_01/pass3.stdout: OK
cold_build_01/references.bib: OK
cold_build_01/sections/00_abstract.tex: OK
cold_build_01/sections/01_setup.tex: OK
cold_build_01/sections/02_temporal.tex: OK
cold_build_01/sections/03_core_seed.tex: OK
cold_build_01/sections/04_fibres.tex: OK
cold_build_01/sections/05_scope.tex: OK
executions/initial_01/CANONICAL.input.json: OK
executions/initial_01/INPUTS.after.sha256: OK
executions/initial_01/INPUTS.before.sha256: OK
executions/initial_01/MANIFEST.sha256: OK
executions/initial_01/RECEIPT.json: OK
executions/initial_01/canonical_live.cmp.stderr: OK
executions/initial_01/canonical_live.cmp.stdout: OK
executions/initial_01/input_pins.cmp.stderr: OK
executions/initial_01/input_pins.cmp.stdout: OK
executions/initial_01/run1.canonical.cmp.stderr: OK
executions/initial_01/run1.canonical.cmp.stdout: OK
executions/initial_01/run1.stderr: OK
executions/initial_01/run1.stdout: OK
executions/initial_01/run1_source/verify.py: OK
executions/initial_01/runtime_probe.stderr: OK
executions/initial_01/runtime_probe.stdout: OK
executions/pair_01/CANONICAL.input.json: OK
executions/pair_01/INPUTS.after.sha256: OK
executions/pair_01/INPUTS.before.sha256: OK
executions/pair_01/MANIFEST.sha256: OK
executions/pair_01/RECEIPT.json: OK
executions/pair_01/canonical_live.cmp.stderr: OK
executions/pair_01/canonical_live.cmp.stdout: OK
executions/pair_01/input_pins.cmp.stderr: OK
executions/pair_01/input_pins.cmp.stdout: OK
executions/pair_01/pair.cmp.stderr: OK
executions/pair_01/pair.cmp.stdout: OK
executions/pair_01/run1.canonical.cmp.stderr: OK
executions/pair_01/run1.canonical.cmp.stdout: OK
executions/pair_01/run1.stderr: OK
executions/pair_01/run1.stdout: OK
executions/pair_01/run1_source/verify.py: OK
executions/pair_01/run2.canonical.cmp.stderr: OK
executions/pair_01/run2.canonical.cmp.stdout: OK
executions/pair_01/run2.stderr: OK
executions/pair_01/run2.stdout: OK
executions/pair_01/run2_source/verify.py: OK
executions/pair_01/runtime_probe.stderr: OK
executions/pair_01/runtime_probe.stdout: OK
executions/pair_02/CANONICAL.input.json: OK
executions/pair_02/INPUTS.after.sha256: OK
executions/pair_02/INPUTS.before.sha256: OK
executions/pair_02/MANIFEST.sha256: OK
executions/pair_02/RECEIPT.json: OK
executions/pair_02/canonical_live.cmp.stderr: OK
executions/pair_02/canonical_live.cmp.stdout: OK
executions/pair_02/input_pins.cmp.stderr: OK
executions/pair_02/input_pins.cmp.stdout: OK
executions/pair_02/pair.cmp.stderr: OK
executions/pair_02/pair.cmp.stdout: OK
executions/pair_02/run1.canonical.cmp.stderr: OK
executions/pair_02/run1.canonical.cmp.stdout: OK
executions/pair_02/run1.stderr: OK
executions/pair_02/run1.stdout: OK
executions/pair_02/run1_source/verify.py: OK
executions/pair_02/run2.canonical.cmp.stderr: OK
executions/pair_02/run2.canonical.cmp.stdout: OK
executions/pair_02/run2.stderr: OK
executions/pair_02/run2.stdout: OK
executions/pair_02/run2_source/verify.py: OK
executions/pair_02/runtime_probe.stderr: OK
executions/pair_02/runtime_probe.stdout: OK
intake/FREEZE_PIN_CHECK.json: OK
intake/REVIEW_SCOPE.md: OK
page_views/page-1.png: OK
page_views/page-2.png: OK
page_views/page-3.png: OK
page_views/page-4.png: OK
page_views/page-5.png: OK
page_views/page-6.png: OK
page_views/page-7.png: OK
record_review.py: OK
verify.py: OK
