This is pdfTeX, Version 3.141592653-2.6-1.40.22 (TeX Live 2022/dev/Debian) (preloaded format=pdflatex 2026.8.5)  1 JAN 1970 00:00
entering extended mode
 file:line:error style messages enabled.
 %&-line parsing enabled.
**main.tex
(./main.tex
LaTeX2e <2021-11-15> patch level 1
L3 programming layer <2022-01-21>
(/usr/share/texlive/texmf-dist/tex/latex/base/article.cls
Document Class: article 2021/10/04 v1.4n Standard LaTeX document class
(/usr/share/texlive/texmf-dist/tex/latex/base/size11.clo
File: size11.clo 2021/10/04 v1.4n Standard LaTeX file (size option)
)
\c@part=\count185
\c@section=\count186
\c@subsection=\count187
\c@subsubsection=\count188
\c@paragraph=\count189
\c@subparagraph=\count190
\c@figure=\count191
\c@table=\count192
\abovecaptionskip=\skip47
\belowcaptionskip=\skip48
\bibindent=\dimen138
)
(/usr/share/texmf/tex/latex/lm/lmodern.sty
Package: lmodern 2009/10/30 v1.6 Latin Modern Fonts
LaTeX Font Info:    Overwriting symbol font `operators' in version `normal'
(Font)                  OT1/cmr/m/n --> OT1/lmr/m/n on input line 22.
LaTeX Font Info:    Overwriting symbol font `letters' in version `normal'
(Font)                  OML/cmm/m/it --> OML/lmm/m/it on input line 23.
LaTeX Font Info:    Overwriting symbol font `symbols' in version `normal'
(Font)                  OMS/cmsy/m/n --> OMS/lmsy/m/n on input line 24.
LaTeX Font Info:    Overwriting symbol font `largesymbols' in version `normal'
(Font)                  OMX/cmex/m/n --> OMX/lmex/m/n on input line 25.
LaTeX Font Info:    Overwriting symbol font `operators' in version `bold'
(Font)                  OT1/cmr/bx/n --> OT1/lmr/bx/n on input line 26.
LaTeX Font Info:    Overwriting symbol font `letters' in version `bold'
(Font)                  OML/cmm/b/it --> OML/lmm/b/it on input line 27.
LaTeX Font Info:    Overwriting symbol font `symbols' in version `bold'
(Font)                  OMS/cmsy/b/n --> OMS/lmsy/b/n on input line 28.
LaTeX Font Info:    Overwriting symbol font `largesymbols' in version `bold'
(Font)                  OMX/cmex/m/n --> OMX/lmex/m/n on input line 29.
LaTeX Font Info:    Overwriting math alphabet `\mathbf' in version `normal'
(Font)                  OT1/cmr/bx/n --> OT1/lmr/bx/n on input line 31.
LaTeX Font Info:    Overwriting math alphabet `\mathsf' in version `normal'
(Font)                  OT1/cmss/m/n --> OT1/lmss/m/n on input line 32.
LaTeX Font Info:    Overwriting math alphabet `\mathit' in version `normal'
(Font)                  OT1/cmr/m/it --> OT1/lmr/m/it on input line 33.
LaTeX Font Info:    Overwriting math alphabet `\mathtt' in version `normal'
(Font)                  OT1/cmtt/m/n --> OT1/lmtt/m/n on input line 34.
LaTeX Font Info:    Overwriting math alphabet `\mathbf' in version `bold'
(Font)                  OT1/cmr/bx/n --> OT1/lmr/bx/n on input line 35.
LaTeX Font Info:    Overwriting math alphabet `\mathsf' in version `bold'
(Font)                  OT1/cmss/bx/n --> OT1/lmss/bx/n on input line 36.
LaTeX Font Info:    Overwriting math alphabet `\mathit' in version `bold'
(Font)                  OT1/cmr/bx/it --> OT1/lmr/bx/it on input line 37.
LaTeX Font Info:    Overwriting math alphabet `\mathtt' in version `bold'
(Font)                  OT1/cmtt/m/n --> OT1/lmtt/m/n on input line 38.
)
(/usr/share/texlive/texmf-dist/tex/latex/base/fontenc.sty
Package: fontenc 2021/04/29 v2.0v Standard LaTeX package
LaTeX Font Info:    Trying to load font information for T1+lmr on input line 11
2.

(/usr/share/texmf/tex/latex/lm/t1lmr.fd
File: t1lmr.fd 2009/10/30 v1.6 Font defs for Latin Modern
))
(/usr/share/texlive/texmf-dist/tex/latex/base/inputenc.sty
Package: inputenc 2021/02/14 v1.3d Input encoding file
\inpenc@prehook=\toks16
\inpenc@posthook=\toks17
)
(/usr/share/texlive/texmf-dist/tex/latex/geometry/geometry.sty
Package: geometry 2020/01/02 v5.9 Page Geometry

(/usr/share/texlive/texmf-dist/tex/latex/graphics/keyval.sty
Package: keyval 2014/10/28 v1.15 key=value parser (DPC)
\KV@toks@=\toks18
)
(/usr/share/texlive/texmf-dist/tex/generic/iftex/ifvtex.sty
Package: ifvtex 2019/10/25 v1.7 ifvtex legacy package. Use iftex instead.

(/usr/share/texlive/texmf-dist/tex/generic/iftex/iftex.sty
Package: iftex 2020/03/06 v1.0d TeX engine tests
))
\Gm@cnth=\count193
\Gm@cntv=\count194
\c@Gm@tempcnt=\count195
\Gm@bindingoffset=\dimen139
\Gm@wd@mp=\dimen140
\Gm@odd@mp=\dimen141
\Gm@even@mp=\dimen142
\Gm@layoutwidth=\dimen143
\Gm@layoutheight=\dimen144
\Gm@layouthoffset=\dimen145
\Gm@layoutvoffset=\dimen146
\Gm@dimlist=\toks19
)
(/usr/share/texlive/texmf-dist/tex/latex/amsmath/amsmath.sty
Package: amsmath 2021/10/15 v2.17l AMS math features
\@mathmargin=\skip49

For additional information on amsmath, use the `?' option.
(/usr/share/texlive/texmf-dist/tex/latex/amsmath/amstext.sty
Package: amstext 2021/08/26 v2.01 AMS text

(/usr/share/texlive/texmf-dist/tex/latex/amsmath/amsgen.sty
File: amsgen.sty 1999/11/30 v2.0 generic functions
\@emptytoks=\toks20
\ex@=\dimen147
))
(/usr/share/texlive/texmf-dist/tex/latex/amsmath/amsbsy.sty
Package: amsbsy 1999/11/29 v1.2d Bold Symbols
\pmbraise@=\dimen148
)
(/usr/share/texlive/texmf-dist/tex/latex/amsmath/amsopn.sty
Package: amsopn 2021/08/26 v2.02 operator names
)
\inf@bad=\count196
LaTeX Info: Redefining \frac on input line 234.
\uproot@=\count197
\leftroot@=\count198
LaTeX Info: Redefining \overline on input line 399.
\classnum@=\count199
\DOTSCASE@=\count266
LaTeX Info: Redefining \ldots on input line 496.
LaTeX Info: Redefining \dots on input line 499.
LaTeX Info: Redefining \cdots on input line 620.
\Mathstrutbox@=\box50
\strutbox@=\box51
\big@size=\dimen149
LaTeX Font Info:    Redeclaring font encoding OML on input line 743.
LaTeX Font Info:    Redeclaring font encoding OMS on input line 744.
\macc@depth=\count267
\c@MaxMatrixCols=\count268
\dotsspace@=\muskip16
\c@parentequation=\count269
\dspbrk@lvl=\count270
\tag@help=\toks21
\row@=\count271
\column@=\count272
\maxfields@=\count273
\andhelp@=\toks22
\eqnshift@=\dimen150
\alignsep@=\dimen151
\tagshift@=\dimen152
\tagwidth@=\dimen153
\totwidth@=\dimen154
\lineht@=\dimen155
\@envbody=\toks23
\multlinegap=\skip50
\multlinetaggap=\skip51
\mathdisplay@stack=\toks24
LaTeX Info: Redefining \[ on input line 2938.
LaTeX Info: Redefining \] on input line 2939.
)
(/usr/share/texlive/texmf-dist/tex/latex/amsfonts/amssymb.sty
Package: amssymb 2013/01/14 v3.01 AMS font symbols

(/usr/share/texlive/texmf-dist/tex/latex/amsfonts/amsfonts.sty
Package: amsfonts 2013/01/14 v3.01 Basic AMSFonts support
\symAMSa=\mathgroup4
\symAMSb=\mathgroup5
LaTeX Font Info:    Redeclaring math symbol \hbar on input line 98.
LaTeX Font Info:    Overwriting math alphabet `\mathfrak' in version `bold'
(Font)                  U/euf/m/n --> U/euf/b/n on input line 106.
))
(/usr/share/texlive/texmf-dist/tex/latex/amscls/amsthm.sty
Package: amsthm 2020/05/29 v2.20.6
\thm@style=\toks25
\thm@bodyfont=\toks26
\thm@headfont=\toks27
\thm@notefont=\toks28
\thm@headpunct=\toks29
\thm@preskip=\skip52
\thm@postskip=\skip53
\thm@headsep=\skip54
\dth@everypar=\toks30
)
(/usr/share/texlive/texmf-dist/tex/latex/mathtools/mathtools.sty
Package: mathtools 2021/02/02 v1.28 mathematical typesetting tools

(/usr/share/texlive/texmf-dist/tex/latex/tools/calc.sty
Package: calc 2017/05/25 v4.3 Infix arithmetic (KKT,FJ)
\calc@Acount=\count274
\calc@Bcount=\count275
\calc@Adimen=\dimen156
\calc@Bdimen=\dimen157
\calc@Askip=\skip55
\calc@Bskip=\skip56
LaTeX Info: Redefining \setlength on input line 80.
LaTeX Info: Redefining \addtolength on input line 81.
\calc@Ccount=\count276
\calc@Cskip=\skip57
)
(/usr/share/texlive/texmf-dist/tex/latex/mathtools/mhsetup.sty
Package: mhsetup 2021/03/18 v1.4 programming setup (MH)
)
\g_MT_multlinerow_int=\count277
\l_MT_multwidth_dim=\dimen158
\origjot=\skip58
\l_MT_shortvdotswithinadjustabove_dim=\dimen159
\l_MT_shortvdotswithinadjustbelow_dim=\dimen160
\l_MT_above_intertext_sep=\dimen161
\l_MT_below_intertext_sep=\dimen162
\l_MT_above_shortintertext_sep=\dimen163
\l_MT_below_shortintertext_sep=\dimen164
\xmathstrut@box=\box52
\xmathstrut@dim=\dimen165
)
(/usr/share/texlive/texmf-dist/tex/latex/booktabs/booktabs.sty
Package: booktabs 2020/01/12 v1.61803398 Publication quality tables
\heavyrulewidth=\dimen166
\lightrulewidth=\dimen167
\cmidrulewidth=\dimen168
\belowrulesep=\dimen169
\belowbottomsep=\dimen170
\aboverulesep=\dimen171
\abovetopsep=\dimen172
\cmidrulesep=\dimen173
\cmidrulekern=\dimen174
\defaultaddspace=\dimen175
\@cmidla=\count278
\@cmidlb=\count279
\@aboverulesep=\dimen176
\@belowrulesep=\dimen177
\@thisruleclass=\count280
\@lastruleclass=\count281
\@thisrulewidth=\dimen178
)
(/usr/share/texlive/texmf-dist/tex/latex/tools/array.sty
Package: array 2021/10/04 v2.5f Tabular extension package (FMi)
\col@sep=\dimen179
\ar@mcellbox=\box53
\extrarowheight=\dimen180
\NC@list=\toks31
\extratabsurround=\skip59
\backup@length=\skip60
\ar@cellbox=\box54
)
(/usr/share/texlive/texmf-dist/tex/latex/natbib/natbib.sty
Package: natbib 2010/09/13 8.31b (PWD, AO)
\bibhang=\skip61
\bibsep=\skip62
LaTeX Info: Redefining \cite on input line 694.
\c@NAT@ctr=\count282
)
(/usr/share/texlive/texmf-dist/tex/latex/hyperref/hyperref.sty
Package: hyperref 2021-06-07 v7.00m Hypertext links for LaTeX

(/usr/share/texlive/texmf-dist/tex/generic/ltxcmds/ltxcmds.sty
Package: ltxcmds 2020-05-10 v1.25 LaTeX kernel commands for general use (HO)
)
(/usr/share/texlive/texmf-dist/tex/generic/pdftexcmds/pdftexcmds.sty
Package: pdftexcmds 2020-06-27 v0.33 Utility functions of pdfTeX for LuaTeX (HO
)

(/usr/share/texlive/texmf-dist/tex/generic/infwarerr/infwarerr.sty
Package: infwarerr 2019/12/03 v1.5 Providing info/warning/error messages (HO)
)
Package pdftexcmds Info: \pdf@primitive is available.
Package pdftexcmds Info: \pdf@ifprimitive is available.
Package pdftexcmds Info: \pdfdraftmode found.
)
(/usr/share/texlive/texmf-dist/tex/generic/kvsetkeys/kvsetkeys.sty
Package: kvsetkeys 2019/12/15 v1.18 Key value parser (HO)
)
(/usr/share/texlive/texmf-dist/tex/generic/kvdefinekeys/kvdefinekeys.sty
Package: kvdefinekeys 2019-12-19 v1.6 Define keys (HO)
)
(/usr/share/texlive/texmf-dist/tex/generic/pdfescape/pdfescape.sty
Package: pdfescape 2019/12/09 v1.15 Implements pdfTeX's escape features (HO)
)
(/usr/share/texlive/texmf-dist/tex/latex/hycolor/hycolor.sty
Package: hycolor 2020-01-27 v1.10 Color options for hyperref/bookmark (HO)
)
(/usr/share/texlive/texmf-dist/tex/latex/letltxmacro/letltxmacro.sty
Package: letltxmacro 2019/12/03 v1.6 Let assignment for LaTeX macros (HO)
)
(/usr/share/texlive/texmf-dist/tex/latex/auxhook/auxhook.sty
Package: auxhook 2019-12-17 v1.6 Hooks for auxiliary files (HO)
)
(/usr/share/texlive/texmf-dist/tex/latex/kvoptions/kvoptions.sty
Package: kvoptions 2020-10-07 v3.14 Key value format for package options (HO)
)
\@linkdim=\dimen181
\Hy@linkcounter=\count283
\Hy@pagecounter=\count284

(/usr/share/texlive/texmf-dist/tex/latex/hyperref/pd1enc.def
File: pd1enc.def 2021-06-07 v7.00m Hyperref: PDFDocEncoding definition (HO)
Now handling font encoding PD1 ...
... no UTF-8 mapping file for font encoding PD1
)
(/usr/share/texlive/texmf-dist/tex/latex/hyperref/hyperref-langpatches.def
File: hyperref-langpatches.def 2021-06-07 v7.00m Hyperref: patches for babel la
nguages
)
(/usr/share/texlive/texmf-dist/tex/generic/intcalc/intcalc.sty
Package: intcalc 2019/12/15 v1.3 Expandable calculations with integers (HO)
)
(/usr/share/texlive/texmf-dist/tex/generic/etexcmds/etexcmds.sty
Package: etexcmds 2019/12/15 v1.7 Avoid name clashes with e-TeX commands (HO)
)
\Hy@SavedSpaceFactor=\count285

(/usr/share/texlive/texmf-dist/tex/latex/hyperref/puenc.def
File: puenc.def 2021-06-07 v7.00m Hyperref: PDF Unicode definition (HO)
Now handling font encoding PU ...
... no UTF-8 mapping file for font encoding PU
)
Package hyperref Info: Hyper figures OFF on input line 4192.
Package hyperref Info: Link nesting OFF on input line 4197.
Package hyperref Info: Hyper index ON on input line 4200.
Package hyperref Info: Plain pages OFF on input line 4207.
Package hyperref Info: Backreferencing OFF on input line 4212.
Package hyperref Info: Implicit mode ON; LaTeX internals redefined.
Package hyperref Info: Bookmarks ON on input line 4445.
\c@Hy@tempcnt=\count286

(/usr/share/texlive/texmf-dist/tex/latex/url/url.sty
\Urlmuskip=\muskip17
Package: url 2013/09/16  ver 3.4  Verb mode for urls, etc.
)
LaTeX Info: Redefining \url on input line 4804.
\XeTeXLinkMargin=\dimen182

(/usr/share/texlive/texmf-dist/tex/generic/bitset/bitset.sty
Package: bitset 2019/12/09 v1.3 Handle bit-vector datatype (HO)

(/usr/share/texlive/texmf-dist/tex/generic/bigintcalc/bigintcalc.sty
Package: bigintcalc 2019/12/15 v1.5 Expandable calculations on big integers (HO
)
))
\Fld@menulength=\count287
\Field@Width=\dimen183
\Fld@charsize=\dimen184
Package hyperref Info: Hyper figures OFF on input line 6076.
Package hyperref Info: Link nesting OFF on input line 6081.
Package hyperref Info: Hyper index ON on input line 6084.
Package hyperref Info: backreferencing OFF on input line 6091.
Package hyperref Info: Link coloring OFF on input line 6096.
Package hyperref Info: Link coloring with OCG OFF on input line 6101.
Package hyperref Info: PDF/A mode OFF on input line 6106.
LaTeX Info: Redefining \ref on input line 6146.
LaTeX Info: Redefining \pageref on input line 6150.

(/usr/share/texlive/texmf-dist/tex/latex/base/atbegshi-ltx.sty
Package: atbegshi-ltx 2021/01/10 v1.0c Emulation of the original atbegshi
package with kernel methods
)
\Hy@abspage=\count288
\c@Item=\count289
\c@Hfootnote=\count290
)
Package hyperref Info: Driver (autodetected): hpdftex.

(/usr/share/texlive/texmf-dist/tex/latex/hyperref/hpdftex.def
File: hpdftex.def 2021-06-07 v7.00m Hyperref driver for pdfTeX

(/usr/share/texlive/texmf-dist/tex/latex/base/atveryend-ltx.sty
Package: atveryend-ltx 2020/08/19 v1.0a Emulation of the original atveryend pac
kage
with kernel methods
)
\Fld@listcount=\count291
\c@bookmark@seq@number=\count292

(/usr/share/texlive/texmf-dist/tex/latex/rerunfilecheck/rerunfilecheck.sty
Package: rerunfilecheck 2019/12/05 v1.9 Rerun checks for auxiliary files (HO)

(/usr/share/texlive/texmf-dist/tex/generic/uniquecounter/uniquecounter.sty
Package: uniquecounter 2019/12/15 v1.4 Provide unlimited unique counter (HO)
)
Package uniquecounter Info: New unique counter `rerunfilecheck' on input line 2
86.
)
\Hy@SectionHShift=\skip63
)
(./math_commands.tex
\c@theorem=\count293
)
(/usr/share/texlive/texmf-dist/tex/latex/l3backend/l3backend-pdftex.def
File: l3backend-pdftex.def 2022-01-12 L3 backend support: PDF output (pdfTeX)
\l__color_backend_stack_int=\count294
\l__pdf_internal_box=\box55
)
No file main.aux.
\openout1 = `main.aux'.

LaTeX Font Info:    Checking defaults for OML/cmm/m/it on input line 24.
LaTeX Font Info:    ... okay on input line 24.
LaTeX Font Info:    Checking defaults for OMS/cmsy/m/n on input line 24.
LaTeX Font Info:    ... okay on input line 24.
LaTeX Font Info:    Checking defaults for OT1/cmr/m/n on input line 24.
LaTeX Font Info:    ... okay on input line 24.
LaTeX Font Info:    Checking defaults for T1/cmr/m/n on input line 24.
LaTeX Font Info:    ... okay on input line 24.
LaTeX Font Info:    Checking defaults for TS1/cmr/m/n on input line 24.
LaTeX Font Info:    ... okay on input line 24.
LaTeX Font Info:    Checking defaults for OMX/cmex/m/n on input line 24.
LaTeX Font Info:    ... okay on input line 24.
LaTeX Font Info:    Checking defaults for U/cmr/m/n on input line 24.
LaTeX Font Info:    ... okay on input line 24.
LaTeX Font Info:    Checking defaults for PD1/pdf/m/n on input line 24.
LaTeX Font Info:    ... okay on input line 24.
LaTeX Font Info:    Checking defaults for PU/pdf/m/n on input line 24.
LaTeX Font Info:    ... okay on input line 24.
*geometry* driver: auto-detecting
*geometry* detected driver: pdftex
*geometry* verbose mode - [ preamble ] result:
* driver: pdftex
* paper: letterpaper
* layout: <same size as paper>
* layoutoffset:(h,v)=(0.0pt,0.0pt)
* modes: 
* h-part:(L,W,R)=(72.26999pt, 469.75502pt, 72.26999pt)
* v-part:(T,H,B)=(72.26999pt, 650.43001pt, 72.26999pt)
* \paperwidth=614.295pt
* \paperheight=794.96999pt
* \textwidth=469.75502pt
* \textheight=650.43001pt
* \oddsidemargin=0.0pt
* \evensidemargin=0.0pt
* \topmargin=-37.0pt
* \headheight=12.0pt
* \headsep=25.0pt
* \topskip=11.0pt
* \footskip=30.0pt
* \marginparwidth=59.0pt
* \marginparsep=10.0pt
* \columnsep=10.0pt
* \skip\footins=10.0pt plus 4.0pt minus 2.0pt
* \hoffset=0.0pt
* \voffset=0.0pt
* \mag=1000
* \@twocolumnfalse
* \@twosidefalse
* \@mparswitchfalse
* \@reversemarginfalse
* (1in=72.27pt=25.4mm, 1cm=28.453pt)

(/usr/share/texlive/texmf-dist/tex/latex/graphics/graphicx.sty
Package: graphicx 2021/09/16 v1.2d Enhanced LaTeX Graphics (DPC,SPQR)

(/usr/share/texlive/texmf-dist/tex/latex/graphics/graphics.sty
Package: graphics 2021/03/04 v1.4d Standard LaTeX Graphics (DPC,SPQR)

(/usr/share/texlive/texmf-dist/tex/latex/graphics/trig.sty
Package: trig 2021/08/11 v1.11 sin cos tan (DPC)
)
(/usr/share/texlive/texmf-dist/tex/latex/graphics-cfg/graphics.cfg
File: graphics.cfg 2016/06/04 v1.11 sample graphics configuration
)
Package graphics Info: Driver file: pdftex.def on input line 107.

(/usr/share/texlive/texmf-dist/tex/latex/graphics-def/pdftex.def
File: pdftex.def 2020/10/05 v1.2a Graphics/color driver for pdftex

(/usr/share/texlive/texmf-dist/tex/context/base/mkii/supp-pdf.mkii
[Loading MPS to PDF converter (version 2006.09.02).]
\scratchcounter=\count295
\scratchdimen=\dimen185
\scratchbox=\box56
\nofMPsegments=\count296
\nofMParguments=\count297
\everyMPshowfont=\toks32
\MPscratchCnt=\count298
\MPscratchDim=\dimen186
\MPnumerator=\count299
\makeMPintoPDFobject=\count300
\everyMPtoPDFconversion=\toks33
)))
\Gin@req@height=\dimen187
\Gin@req@width=\dimen188
)
Package hyperref Info: Link coloring OFF on input line 24.
 (/usr/share/texlive/texmf-dist/tex/latex/hyperref/nameref.sty
Package: nameref 2021-04-02 v2.47 Cross-referencing by name of section

(/usr/share/texlive/texmf-dist/tex/latex/refcount/refcount.sty
Package: refcount 2019/12/15 v3.6 Data extraction from label references (HO)
)
(/usr/share/texlive/texmf-dist/tex/generic/gettitlestring/gettitlestring.sty
Package: gettitlestring 2019/12/15 v1.6 Cleanup title references (HO)
)
\c@section@level=\count301
)
LaTeX Info: Redefining \ref on input line 24.
LaTeX Info: Redefining \pageref on input line 24.
LaTeX Info: Redefining \nameref on input line 24.
\@outlinefile=\write3
\openout3 = `main.out'.

LaTeX Font Info:    Trying to load font information for OT1+lmr on input line 2
6.

(/usr/share/texmf/tex/latex/lm/ot1lmr.fd
File: ot1lmr.fd 2009/10/30 v1.6 Font defs for Latin Modern
)
LaTeX Font Info:    Trying to load font information for OML+lmm on input line 2
6.

(/usr/share/texmf/tex/latex/lm/omllmm.fd
File: omllmm.fd 2009/10/30 v1.6 Font defs for Latin Modern
)
LaTeX Font Info:    Trying to load font information for OMS+lmsy on input line 
26.

(/usr/share/texmf/tex/latex/lm/omslmsy.fd
File: omslmsy.fd 2009/10/30 v1.6 Font defs for Latin Modern
)
LaTeX Font Info:    Trying to load font information for OMX+lmex on input line 
26.

(/usr/share/texmf/tex/latex/lm/omxlmex.fd
File: omxlmex.fd 2009/10/30 v1.6 Font defs for Latin Modern
)
LaTeX Font Info:    External font `lmex10' loaded for size
(Font)              <12> on input line 26.
LaTeX Font Info:    External font `lmex10' loaded for size
(Font)              <8> on input line 26.
LaTeX Font Info:    External font `lmex10' loaded for size
(Font)              <6> on input line 26.
LaTeX Font Info:    Trying to load font information for U+msa on input line 26.


(/usr/share/texlive/texmf-dist/tex/latex/amsfonts/umsa.fd
File: umsa.fd 2013/01/14 v3.01 AMS symbols A
)
LaTeX Font Info:    Trying to load font information for U+msb on input line 26.


(/usr/share/texlive/texmf-dist/tex/latex/amsfonts/umsb.fd
File: umsb.fd 2013/01/14 v3.01 AMS symbols B
)
(./sections/00-abstract.tex
LaTeX Font Info:    External font `lmex10' loaded for size
(Font)              <10> on input line 5.
LaTeX Font Info:    External font `lmex10' loaded for size
(Font)              <7> on input line 5.
LaTeX Font Info:    External font `lmex10' loaded for size
(Font)              <5> on input line 5.
) (./sections/01-introduction.tex
LaTeX Font Info:    External font `lmex10' loaded for size
(Font)              <10.95> on input line 16.


LaTeX Warning: Reference `sec:surface' on page 1 undefined on input line 19.

[1

{/var/lib/texmf/fonts/map/pdftex/updmap/pdftex.map}]

Package natbib Warning: Citation `FaouHorsinRousset2021' on page 2 undefined on
 input line 60.


Package natbib Warning: Citation `HadzicReinSchreckerStraub2024' on page 2 unde
fined on input line 66.


Package natbib Warning: Citation `MorenoRiosecoVanDenBosch2022' on page 2 undef
ined on input line 76.


Package natbib Warning: Citation `LiuZhangLi2025' on page 2 undefined on input 
line 82.


Package natbib Warning: Citation `Liu2026Markov' on page 2 undefined on input l
ine 84.


Package natbib Warning: Citation `JoshiRoffelsen2026' on page 2 undefined on in
put line 93.


Package natbib Warning: Citation `QPI30Local2026' on page 2 undefined on input 
line 94.


LaTeX Warning: Reference `sec:forcing' on page 2 undefined on input line 102.


LaTeX Warning: Reference `sec:frequency' on page 2 undefined on input line 103.



LaTeX Warning: Reference `sec:hyperbolic' on page 2 undefined on input line 103
.


LaTeX Warning: Reference `sec:elliptic' on page 2 undefined on input line 104.


LaTeX Warning: Reference `sec:global' on page 2 undefined on input line 105.

) (./sections/02-real-surface-main-theorem.tex [2]

Package natbib Warning: Citation `JoshiRoffelsen2026' on page 3 undefined on in
put line 16.


Package natbib Warning: Citation `QPI30Local2026' on page 3 undefined on input 
line 18.


Package natbib Warning: Citation `QPI30Local2026' on page 3 undefined on input 
line 58.


Package natbib Warning: Citation `JoshiRoffelsen2026' on page 3 undefined on in
put line 61.


LaTeX Warning: Reference `surf:terminal-table' on page 3 undefined on input lin
e 66.


LaTeX Warning: Reference `eq:map' on page 3 undefined on input line 68.

[3]

LaTeX Warning: Reference `eq:weierstrass' on page 4 undefined on input line 115
.


LaTeX Warning: Reference `surf:birational' on page 4 undefined on input line 12
7.


LaTeX Warning: Reference `surf:terminal-table' on page 4 undefined on input lin
e 130.


LaTeX Warning: Reference `eq:map' on page 4 undefined on input line 132.


LaTeX Warning: Reference `surf:birational' on page 4 undefined on input line 13
3.

[4]

LaTeX Warning: Reference `eq:critical' on page 5 undefined on input line 181.

[5]
LaTeX Font Info:    Trying to load font information for OT1+lmss on input line 
286.
 (/usr/share/texmf/tex/latex/lm/ot1lmss.fd
File: ot1lmss.fd 2009/10/30 v1.6 Font defs for Latin Modern
)

LaTeX Warning: Reference `surf:projection' on page 6 undefined on input line 33
3.


LaTeX Warning: Reference `sec:hyperbolic' on page 6 undefined on input line 334
.

[6]

LaTeX Warning: Reference `sec:frequency' on page 7 undefined on input line 378.


[7]

LaTeX Warning: Reference `sec:elliptic' on page 8 undefined on input line 414.


LaTeX Warning: Reference `prop:parity' on page 8 undefined on input line 475.

) (./sections/03-picard-fuchs-forcing.tex

LaTeX Warning: Reference `eq:weierstrass' on page 8 undefined on input line 6.

[8]

LaTeX Warning: Reference `eq:critical' on page 9 undefined on input line 18.


LaTeX Warning: Reference `pf:gauss-manin' on page 9 undefined on input line 88.


[9]

LaTeX Warning: Reference `pf:exact-primitive' on page 10 undefined on input lin
e 106.


LaTeX Warning: Reference `eq:pf-operator' on page 10 undefined on input line 10
6.


LaTeX Warning: Reference `pf:exact-primitive' on page 10 undefined on input lin
e 121.


LaTeX Warning: Reference `pf:leibniz' on page 10 undefined on input line 143.


LaTeX Warning: Reference `pf:exact-primitive' on page 10 undefined on input lin
e 145.


LaTeX Warning: Reference `eq:pf-forcing' on page 10 undefined on input line 151
.


LaTeX Warning: Reference `eq:wronskian' on page 10 undefined on input line 167.



LaTeX Warning: Reference `eq:wronskian' on page 10 undefined on input line 173.


) (./sections/04-global-frequency-geometry.tex [10]

LaTeX Warning: Reference `eq:frequency-lifts' on page 11 undefined on input lin
e 7.


LaTeX Warning: Reference `surf:completed-square' on page 11 undefined on input 
line 11.


LaTeX Warning: Reference `eq:critical' on page 11 undefined on input line 16.


LaTeX Warning: Reference `eq:center-frequency' on page 11 undefined on input li
ne 72.

[11]

LaTeX Warning: Reference `eq:wronskian' on page 12 undefined on input line 77.


LaTeX Warning: Reference `freq:anchored-wronskian' on page 12 undefined on inpu
t line 92.


LaTeX Warning: Reference `eq:center-phase-jets' on page 12 undefined on input l
ine 93.


LaTeX Warning: Reference `freq:persistent-parametrization' on page 12 undefined
 on input line 120.


LaTeX Warning: Reference `freq:one-step-integrals' on page 12 undefined on inpu
t line 120.


LaTeX Warning: Reference `eq:center-phase-jets' on page 12 undefined on input l
ine 133.

[12]

LaTeX Warning: Reference `eq:wronskian' on page 13 undefined on input line 170.


[13]

LaTeX Warning: Reference `freq:complete-integral' on page 14 undefined on input
 line 278.

[14]

LaTeX Warning: Reference `freq:period-C1' on page 15 undefined on input line 34
1.


LaTeX Warning: Reference `freq:arcs-C1' on page 15 undefined on input line 341.



LaTeX Warning: Reference `eq:infinity-constants' on page 15 undefined on input 
line 358.


LaTeX Warning: Reference `freq:classification-table' on page 15 undefined on in
put line 368.


LaTeX Warning: Reference `eq:center-phase-jets' on page 15 undefined on input l
ine 393.


LaTeX Warning: Reference `thm:main' on page 15 undefined on input line 427.


LaTeX Warning: Reference `eq:center-phase-jets' on page 15 undefined on input l
ine 429.

) (./sections/05-hyperbolic-fibre-estimates.tex [15]

LaTeX Warning: Reference `lem:coarea-projection' on page 16 undefined on input 
line 10.


LaTeX Warning: Reference `eq:critical' on page 16 undefined on input line 14.


LaTeX Warning: Reference `prop:real-geometry' on page 16 undefined on input lin
e 15.

LaTeX Font Info:    Trying to load font information for U+euf on input line 30.

(/usr/share/texlive/texmf-dist/tex/latex/amsfonts/ueuf.fd
File: ueuf.fd 2013/01/14 v3.01 Euler Fraktur
) [16]

LaTeX Warning: Reference `hyp:linearization' on page 17 undefined on input line
 55.


LaTeX Warning: Reference `prop:real-geometry' on page 17 undefined on input lin
e 86.


LaTeX Warning: Reference `hyp:period' on page 17 undefined on input line 88.


LaTeX Warning: Reference `hyp:period' on page 17 undefined on input line 129.

[17]

LaTeX Warning: Reference `lem:original-time' on page 18 undefined on input line
 136.


LaTeX Warning: Reference `hyp:two-fourier-bounds' on page 18 undefined on input
 line 170.

[18]

LaTeX Warning: Reference `hyp:period' on page 19 undefined on input line 227.


Overfull \hbox (0.75978pt too wide) in paragraph at lines 247--251
\T1/lmr/m/n/10.95 They com-mute and have bounded co-ef-fi-cients and deriva-tiv
es on the larger box. Thus $\OMS/lmsy/m/n/10.95 j\OML/lmm/m/it/10.95 D[]@[]H[]\
OMS/lmsy/m/n/10.95 j ^^T
 []


LaTeX Warning: Reference `hyp:time-symbols' on page 19 undefined on input line 
285.


LaTeX Warning: Reference `hyp:euler-times' on page 19 undefined on input line 2
88.

[19]

LaTeX Warning: Reference `hyp:euler-times' on page 20 undefined on input line 3
14.


LaTeX Warning: Reference `lem:regular-norms' on page 20 undefined on input line
 317.


LaTeX Warning: Reference `hyp:moving-entry' on page 20 undefined on input line 
324.


LaTeX Warning: Reference `hyp:time-symbols' on page 20 undefined on input line 
324.


LaTeX Warning: Reference `eq:hyp-mixed-est' on page 20 undefined on input line 
339.


LaTeX Warning: Reference `eq:hyp-mixed-est' on page 20 undefined on input line 
348.


LaTeX Warning: Reference `eq:hyp-fourier-est' on page 20 undefined on input lin
e 348.

[20]

LaTeX Warning: Reference `lem:hyperbolic-period' on page 21 undefined on input 
line 372.


LaTeX Warning: Reference `hyp:euler-times' on page 21 undefined on input line 3
85.


LaTeX Warning: Reference `hyp:inverse-estimate' on page 21 undefined on input l
ine 393.


LaTeX Warning: Reference `hyp:inverse-exact' on page 21 undefined on input line
 394.


LaTeX Warning: Reference `lem:coarea-projection' on page 21 undefined on input 
line 419.


LaTeX Warning: Reference `eq:hyp-fourier-est' on page 21 undefined on input lin
e 435.


LaTeX Warning: Reference `hyp:inverse-estimate' on page 21 undefined on input l
ine 452.


LaTeX Warning: Reference `hyp:amplitude-class' on page 21 undefined on input li
ne 453.

[21]

LaTeX Warning: Reference `hyp:vanishing-boundary' on page 22 undefined on input
 line 465.


LaTeX Warning: Reference `hyp:decay' on page 22 undefined on input line 483.

) (./sections/06-elliptic-jets-endpoints.tex [22]

LaTeX Warning: Reference `thm:main' on page 23 undefined on input line 89.


LaTeX Warning: Reference `ell:half-turn' on page 23 undefined on input line 128
.

[23]

LaTeX Warning: Reference `ell:even-descent' on page 24 undefined on input line 
172.


LaTeX Warning: Reference `eq:jet-amplitudes' on page 24 undefined on input line
 173.


LaTeX Warning: Reference `ell:radial-fourier-norm' on page 24 undefined on inpu
t line 175.


LaTeX Warning: Reference `eq:elliptic-remainder-norm' on page 24 undefined on i
nput line 176.


LaTeX Warning: Reference `ell:angle-first-jet' on page 24 undefined on input li
ne 179.


LaTeX Warning: Reference `ell:first-mode-jets' on page 24 undefined on input li
ne 179.


LaTeX Warning: Reference `eq:center-coefficients' on page 24 undefined on input
 line 193.


LaTeX Warning: Reference `sec:global' on page 24 undefined on input line 195.


LaTeX Warning: Reference `lem:coarea-projection' on page 24 undefined on input 
line 215.


LaTeX Warning: Reference `prop:elliptic-jets' on page 24 undefined on input lin
e 217.


LaTeX Warning: Reference `eq:center-phase-jets' on page 24 undefined on input l
ine 221.

[24]

LaTeX Warning: Reference `ell:ordinary-endpoint' on page 25 undefined on input 
line 244.


LaTeX Warning: Reference `eq:elliptic-remainder-norm' on page 25 undefined on i
nput line 271.


Package hyperref Warning: Token not allowed in a PDF string (Unicode):
(hyperref)                removing `math shift' on input line 276.


Package hyperref Warning: Token not allowed in a PDF string (Unicode):
(hyperref)                removing `math shift' on input line 276.


LaTeX Warning: Reference `ell:quadratic-endpoint' on page 25 undefined on input
 line 278.

[25]

LaTeX Warning: Reference `ell:quadratic-ibp' on page 26 undefined on input line
 326.


LaTeX Warning: Reference `eq:elliptic-remainder-norm' on page 26 undefined on i
nput line 329.


LaTeX Warning: Reference `ell:quadratic-endpoint' on page 26 undefined on input
 line 332.


LaTeX Warning: Reference `sec:global' on page 26 undefined on input line 340.

) (./sections/07-global-asymptotics-sharpness.tex

LaTeX Warning: Reference `thm:main' on page 26 undefined on input line 5.


LaTeX Warning: Reference `lem:coarea-projection' on page 26 undefined on input 
line 6.


LaTeX Warning: Reference `eq:global-fourier' on page 26 undefined on input line
 34.

[26]

LaTeX Warning: Reference `lem:regular-norms' on page 27 undefined on input line
 80.


LaTeX Warning: Reference `lem:stationary-phase' on page 27 undefined on input l
ine 90.


LaTeX Warning: Reference `eq:stationary-coefficient' on page 27 undefined on in
put line 93.


LaTeX Warning: Reference `eq:global-fourier' on page 27 undefined on input line
 103.


LaTeX Warning: Reference `prop:hyperbolic-decay' on page 27 undefined on input 
line 104.


LaTeX Warning: Reference `glob:stationary-formula' on page 27 undefined on inpu
t line 122.


LaTeX Warning: Reference `prop:elliptic-endpoints' on page 27 undefined on inpu
t line 124.

[27]

LaTeX Warning: Reference `prop:surface' on page 28 undefined on input line 128.



LaTeX Warning: Reference `lem:regular-norms' on page 28 undefined on input line
 129.


LaTeX Warning: Reference `eq:elliptic-remainder-norm' on page 28 undefined on i
nput line 134.


LaTeX Warning: Reference `prop:elliptic-endpoints' on page 28 undefined on inpu
t line 134.


LaTeX Warning: Reference `thm:main' on page 28 undefined on input line 136.


LaTeX Warning: Reference `prop:frequency' on page 28 undefined on input line 14
3.


LaTeX Warning: Reference `eq:main-asymptotics' on page 28 undefined on input li
ne 146.


LaTeX Warning: Reference `eq:jet-amplitudes' on page 28 undefined on input line
 180.


LaTeX Warning: Reference `eq:global-fourier' on page 28 undefined on input line
 187.


LaTeX Warning: Reference `thm:main' on page 28 undefined on input line 203.

[28]

LaTeX Warning: Reference `prop:elliptic-jets' on page 29 undefined on input lin
e 230.


LaTeX Warning: Reference `eq:jet-amplitudes' on page 29 undefined on input line
 233.


LaTeX Warning: Reference `eq:main-asymptotics' on page 29 undefined on input li
ne 261.

) (./sections/08-conclusion.tex) [29] [30]
No file main.bbl.

Package natbib Warning: There were undefined citations.

(./main.aux)

LaTeX Warning: There were undefined references.


LaTeX Warning: Label(s) may have changed. Rerun to get cross-references right.


Package rerunfilecheck Warning: File `main.out' has changed.
(rerunfilecheck)                Rerun to get outlines right
(rerunfilecheck)                or use package `bookmark'.

Package rerunfilecheck Info: Checksums for `main.out':
(rerunfilecheck)             Before: <no file>
(rerunfilecheck)             After:  75D2D94B25795CA956651EB4006C1069;6646.
 ) 
Here is how much of TeX's memory you used:
 11661 strings out of 479727
 180896 string characters out of 5884999
 476542 words of memory out of 5000000
 29391 multiletter control sequences out of 15000+600000
 552715 words of font info for 87 fonts, out of 8000000 for 9000
 264 hyphenation exceptions out of 8191
 60i,17n,63p,529b,447s stack positions out of 5000i,500n,10000p,200000b,80000s
{/usr/share/texmf/fonts/enc/dvips/lm/lm-rm.enc}{/usr/share/texmf/fonts/enc/dv
ips/lm/lm-mathit.enc}{/usr/share/texmf/fonts/enc/dvips/lm/lm-mathsy.enc}{/usr/s
hare/texmf/fonts/enc/dvips/lm/lm-ec.enc}{/usr/share/texmf/fonts/enc/dvips/lm/lm
-mathex.enc}</usr/share/texlive/texmf-dist/fonts/type1/public/amsfonts/euler/eu
fm10.pfb></usr/share/texmf/fonts/type1/public/lm/lmbx10.pfb></usr/share/texmf/f
onts/type1/public/lm/lmbx12.pfb></usr/share/texmf/fonts/type1/public/lm/lmex10.
pfb></usr/share/texmf/fonts/type1/public/lm/lmmi10.pfb></usr/share/texmf/fonts/
type1/public/lm/lmmi12.pfb></usr/share/texmf/fonts/type1/public/lm/lmmi6.pfb></
usr/share/texmf/fonts/type1/public/lm/lmmi7.pfb></usr/share/texmf/fonts/type1/p
ublic/lm/lmmi8.pfb></usr/share/texmf/fonts/type1/public/lm/lmr10.pfb></usr/shar
e/texmf/fonts/type1/public/lm/lmr12.pfb></usr/share/texmf/fonts/type1/public/lm
/lmr17.pfb></usr/share/texmf/fonts/type1/public/lm/lmr6.pfb></usr/share/texmf/f
onts/type1/public/lm/lmr7.pfb></usr/share/texmf/fonts/type1/public/lm/lmr8.pfb>
</usr/share/texmf/fonts/type1/public/lm/lmri10.pfb></usr/share/texmf/fonts/type
1/public/lm/lmss10.pfb></usr/share/texmf/fonts/type1/public/lm/lmsy10.pfb></usr
/share/texmf/fonts/type1/public/lm/lmsy6.pfb></usr/share/texmf/fonts/type1/publ
ic/lm/lmsy7.pfb></usr/share/texmf/fonts/type1/public/lm/lmsy8.pfb></usr/share/t
exlive/texmf-dist/fonts/type1/public/amsfonts/symbols/msbm10.pfb>
Output written on main.pdf (30 pages, 492913 bytes).
PDF statistics:
 417 PDF objects out of 1000 (max. 8388607)
 334 compressed objects within 4 object streams
 156 named destinations out of 1000 (max. 500000)
 1 words of extra memory for PDF output out of 10000 (max. 10000000)

