## 2. D2LC: complete all-parameter temporal and inverse theorem

Assume a labelled simple graph $G$ on $\{0,\ldots,n-1\}$, $n\ge1$.
Let $A(G)=\{v:d_G(v)=2\}$. If nonempty write $p=\min A(G)$,
$N_G(p)=\{a,b\}$, and $G^v$ for local complementation at a degree-two
vertex $v$. It toggles the one edge between its two neighbours. Let
$$\epsilon_v(G)=\begin{cases}+1,&\text{the neighbours of }v\text{ are nonadjacent},\\
-1,&\text{they are adjacent}.\end{cases}$$
Only the two neighbour degrees change, each by $\epsilon_v(G)$.

### 2.1 Fixed and recurrent states: the deducted generic part

If $A(G)=\varnothing$, $G$ is fixed. Otherwise $G^p\ne G$ and $p$ remains
degree two, because no incident edge of $p$ is changed. Thus a nonfixed
state never maps to a fixed state and $\min A(G^p)\le p$.
If equality holds, the next move toggles the same edge back, and $G$ has
exact period two. If strict inequality holds, no orbit can return to $G$,
because selected labels never increase. Therefore every recurrent state
is either a fixed degree-two-free graph or a two-cycle, and a nonfixed
graph is recurrent exactly when
$$\{h\in\{a,b\}:h<p,\ d_G(h)=2-\epsilon_p(G)\}=\varnothing.\tag{D1}$$
This is exactly P200's least-active-involution proof with a different
active predicate. Neither the recurrent test nor a crude $n-1$ descent
bound escapes that old mechanism.

### 2.2 Exact entry time, with all boundary cases

If $A(G)=\varnothing$ or (D1) holds, $\tau(G)=0$.
Otherwise let $q=\min A(G^p)<p$, and let $r$ be the other neighbour of
$p$ in $G$. Then $q\in\{a,b\}$. The following rule is complete:

* If $\epsilon_p(G)=+1$, then $\tau(G)=1$.
* If $\epsilon_p(G)=-1$, then $q$ has degree three in $G$, with neighbours
  $p,r,s$ for a unique $s\notin\{p,q,r\}$. In this case
  $$\tau(G)=\begin{cases}2,&s<q\text{ and }d_G(s)=1,\\1,&\text{otherwise}.\end{cases}\tag{D2}$$

Proof for the addition case: $q$ had degree one and sole neighbour $p$.
After adding $qr$, its neighbours are $p,r$. The next move deletes $pr$.
This changes $p$ from degree two to one and restores $r$ to its original
degree. If that original degree was two, $r\ge p>q$ because $p$ was the
original minimum. No label below $q$ becomes active; $q$ stays minimum.
Thus $G^p$ is recurrent and the original strict descent makes $\tau(G)=1$.

Proof for the deletion case: initially $p,q,r$ form a triangle, and $q$
has the unique extra neighbour $s$. After deleting $qr$, pivot $q$ has
neighbours $p,s$. Vertex $p$ initially had only neighbours $q,r$, so $ps$
is absent. The second move therefore adds $ps$. It raises $p$ from degree
two to three and raises $s$ by one; no other degree changes. The only way
to create a new minimum below $q$ is exactly $s<q$ and $d_G(s)=1$.
If this does not happen, the pivot at the next epoch remains $q$, and
$G^p$ was recurrent, giving $\tau=1$.

If it happens, $s$ originally had sole neighbour $q$, and now has neighbours
$p,q$. The third move deletes $pq$. It lowers $q$ to degree one and
$p$ to degree two. Both labels exceed $s$, so no earlier active vertex is
created. The pivot stays $s$ and the state after two steps is recurrent.
Both preceding pivot drops were strict, so its first entrance time is
exactly two. This proves (D2), not just an upper bound.

For $n=1,2$, no degree-two vertex exists and the maximum tail is zero.
For $n=3$, a pivot neighbour cannot have degree three, so the maximum is
one, attained by edges $02,12$. For every $n\ge4$, the four-vertex graph
with edges $01,12,13,23$ and all other vertices isolated has the pivot
sequence $2,1,0,0,\ldots$ and exact entry time two. Thus the uniform sharp
maximum is $0,0,1,2,2,\ldots$ for $n=1,2,3,4,5,\ldots$.

### 2.3 Every target predecessor without forward iteration

Fix an arbitrary target $H$.
If $A(H)=\varnothing$, its only predecessor is itself: an active pivot
survives its own move, so a nonfixed source cannot map here.

Otherwise let $u=\min A(H)$. Every source has some active pivot $v$ which
is still degree two in $H$, and the source must be $H^v$. If $v\ne u$,
then $v>u$, while $u$ must be inactive in the source. Its degree can have
changed only if $u\in N_H(v)$, equivalently $v\in N_H(u)$. Hence only
$$V_H=A(H)\cap(\{u\}\cup N_H(u))\tag{D3}$$
can supply inverse pivots. There are at most three.

For $v\in V_H$, let $N_H(v)=\{c,d\}$ and $\epsilon=\epsilon_v(H)$.
The source $H^v$ is accepted exactly when both conditions hold:

1. no $h<v$ outside $\{c,d\}$ has $d_H(h)=2$;
2. for $h\in\{c,d\}$ with $h<v$, $d_H(h)\ne2-\epsilon$.

These conditions compute source degrees directly from the target; they
do not execute the forward selector on a candidate source. They are
necessary and sufficient for $v$ to be its least degree-two vertex.
Every accepted candidate really maps to $H$, because local complementation
is an involution. Two accepted pivots cannot produce the same source,
which has only one least degree-two vertex. This is an exact all-target
inverse formula, including empty fibres.

### 2.4 Uniform fibre maximum and every equality target

For $n=1,2$, every fibre is one. For every $n\ge3$, the maximum fibre
is three. A target has three predecessors **if and only if** it contains
an isolated triangle $T$ and every degree-two vertex outside $T$ has
label greater than $\max T$.

Proof of necessity: a three-parent target must have all three potential
pivots in (D3) accepted. Write $N_H(u)=\{a,b\}$ with $a<b$. Both $a,b$
must have degree two and $u<a<b$. If $a,b$ were nonadjacent, the move at
$b$ would toggle an edge involving $u$ and its other neighbour, not $a$.
Vertex $a$ would remain degree two with label $a<b$, so $H^b$ could not
have least pivot $b$. Thus $a,b$ are adjacent; all three triangle vertices
have degree two, so this triangle is isolated. For the pivot $b$ to be
admissible, no external degree-two vertex can have label below $b$.

For sufficiency, complementing at any of the three vertices deletes the
opposite triangle edge. Its other two vertices then have degree one, the
pivot has degree two, and every external active vertex comes after it.
All three inverses are accepted. Such targets exist at every $n\ge3$ by
adjoining isolated vertices to one triangle. The same argument shows the
triangle in an equality target is uniquely determined as the component
containing the least active target vertex. No closed global census of
graphs avoiding degree two is asserted.

## 3. D2LC value audit: why the sharper constants are still a local shell

The theorem above is correct all-parameter mathematics. That alone does
not prove a materially new two-axis contribution. The old P200 source is
read at its original definition and recurrent proof; only its **generic**
priority-involution part transfers. There is no claimed conjugacy between
all D2LC graphs and all binary rectangle matrices, no claimed transfer of
P200's width-sensitive sharp clock, and no import of its inverse maximum.

Nevertheless D2LC's residual is confined to bounded local data:

* The only changed edges over any trajectory are inside at most four
  vertices: the initial pivot $p$, its two neighbours $q,r$, and, only in
  the deletion case with a smaller new pivot, the unique extra neighbour
  $s$ of $q$. The entire add case is a three-vertex wedge/triangle toggle.
  The only two-step transient is the four-vertex triangle-with-leaf
  pattern in Section 2.2, with a prescribed decreasing label chain.
* Outside this set all edges stay fixed, and all outside degrees stay
  fixed. Because the initial pivot was minimum and subsequent pivots only
  decrease, an initially outside active vertex never becomes the chosen
  pivot. The inside behaviour is determined by the internal edges, the
  relative label order, and the **fixed** residual degrees contributed by
  outside edges. Recording each residual degree as $0,1,2,\ge3$ suffices
  for testing degree two. Thus an orbit is a lift of a finite decorated
  local machine with at most six variable edge bits; the ambient graph
  contributes passive boundary data, not an unbounded dynamic interaction.
