This is pdfTeX, Version 3.141592653-2.6-1.40.22 (TeX Live 2022/dev/Debian) (preloaded format=pdflatex)
entering extended mode
(./main.tex
LaTeX2e <2021-11-15> patch level 1
L3 programming layer <2022-01-21>
(/usr/share/texlive/texmf-dist/tex/latex/base/article.cls
Document Class: article 2021/10/04 v1.4n Standard LaTeX document class
(/usr/share/texlive/texmf-dist/tex/latex/base/size11.clo))
(/usr/share/texmf/tex/latex/lm/lmodern.sty)
(/usr/share/texlive/texmf-dist/tex/latex/base/fontenc.sty
(/usr/share/texmf/tex/latex/lm/t1lmr.fd))
(/usr/share/texlive/texmf-dist/tex/latex/base/inputenc.sty)
(/usr/share/texlive/texmf-dist/tex/latex/geometry/geometry.sty
(/usr/share/texlive/texmf-dist/tex/latex/graphics/keyval.sty)
(/usr/share/texlive/texmf-dist/tex/generic/iftex/ifvtex.sty
(/usr/share/texlive/texmf-dist/tex/generic/iftex/iftex.sty)))
(/usr/share/texlive/texmf-dist/tex/latex/amsmath/amsmath.sty
For additional information on amsmath, use the `?' option.
(/usr/share/texlive/texmf-dist/tex/latex/amsmath/amstext.sty
(/usr/share/texlive/texmf-dist/tex/latex/amsmath/amsgen.sty))
(/usr/share/texlive/texmf-dist/tex/latex/amsmath/amsbsy.sty)
(/usr/share/texlive/texmf-dist/tex/latex/amsmath/amsopn.sty))
(/usr/share/texlive/texmf-dist/tex/latex/amsfonts/amssymb.sty
(/usr/share/texlive/texmf-dist/tex/latex/amsfonts/amsfonts.sty))
(/usr/share/texlive/texmf-dist/tex/latex/amscls/amsthm.sty)
(/usr/share/texlive/texmf-dist/tex/latex/mathtools/mathtools.sty
(/usr/share/texlive/texmf-dist/tex/latex/tools/calc.sty)
(/usr/share/texlive/texmf-dist/tex/latex/mathtools/mhsetup.sty))
(/usr/share/texlive/texmf-dist/tex/latex/booktabs/booktabs.sty)
(/usr/share/texlive/texmf-dist/tex/latex/tools/array.sty)
(/usr/share/texlive/texmf-dist/tex/latex/natbib/natbib.sty)
(/usr/share/texlive/texmf-dist/tex/latex/hyperref/hyperref.sty
(/usr/share/texlive/texmf-dist/tex/generic/ltxcmds/ltxcmds.sty)
(/usr/share/texlive/texmf-dist/tex/generic/pdftexcmds/pdftexcmds.sty
(/usr/share/texlive/texmf-dist/tex/generic/infwarerr/infwarerr.sty))
(/usr/share/texlive/texmf-dist/tex/generic/kvsetkeys/kvsetkeys.sty)
(/usr/share/texlive/texmf-dist/tex/generic/kvdefinekeys/kvdefinekeys.sty)
(/usr/share/texlive/texmf-dist/tex/generic/pdfescape/pdfescape.sty)
(/usr/share/texlive/texmf-dist/tex/latex/hycolor/hycolor.sty)
(/usr/share/texlive/texmf-dist/tex/latex/letltxmacro/letltxmacro.sty)
(/usr/share/texlive/texmf-dist/tex/latex/auxhook/auxhook.sty)
(/usr/share/texlive/texmf-dist/tex/latex/kvoptions/kvoptions.sty)
(/usr/share/texlive/texmf-dist/tex/latex/hyperref/pd1enc.def)
(/usr/share/texlive/texmf-dist/tex/latex/hyperref/hyperref-langpatches.def)
(/usr/share/texlive/texmf-dist/tex/generic/intcalc/intcalc.sty)
(/usr/share/texlive/texmf-dist/tex/generic/etexcmds/etexcmds.sty)
(/usr/share/texlive/texmf-dist/tex/latex/hyperref/puenc.def)
(/usr/share/texlive/texmf-dist/tex/latex/url/url.sty)
(/usr/share/texlive/texmf-dist/tex/generic/bitset/bitset.sty
(/usr/share/texlive/texmf-dist/tex/generic/bigintcalc/bigintcalc.sty))
(/usr/share/texlive/texmf-dist/tex/latex/base/atbegshi-ltx.sty))
(/usr/share/texlive/texmf-dist/tex/latex/hyperref/hpdftex.def
(/usr/share/texlive/texmf-dist/tex/latex/base/atveryend-ltx.sty)
(/usr/share/texlive/texmf-dist/tex/latex/rerunfilecheck/rerunfilecheck.sty
(/usr/share/texlive/texmf-dist/tex/generic/uniquecounter/uniquecounter.sty)))
(./macros.tex)
(/usr/share/texlive/texmf-dist/tex/latex/l3backend/l3backend-pdftex.def)
(./main.aux)
*geometry* driver: auto-detecting
*geometry* detected driver: pdftex
(/usr/share/texlive/texmf-dist/tex/latex/graphics/graphicx.sty
(/usr/share/texlive/texmf-dist/tex/latex/graphics/graphics.sty
(/usr/share/texlive/texmf-dist/tex/latex/graphics/trig.sty)
(/usr/share/texlive/texmf-dist/tex/latex/graphics-cfg/graphics.cfg)
(/usr/share/texlive/texmf-dist/tex/latex/graphics-def/pdftex.def
(/usr/share/texlive/texmf-dist/tex/context/base/mkii/supp-pdf.mkii
[Loading MPS to PDF converter (version 2006.09.02).]
)))) (/usr/share/texlive/texmf-dist/tex/latex/hyperref/nameref.sty
(/usr/share/texlive/texmf-dist/tex/latex/refcount/refcount.sty)
(/usr/share/texlive/texmf-dist/tex/generic/gettitlestring/gettitlestring.sty))
(./main.out) (./main.out) (/usr/share/texmf/tex/latex/lm/ot1lmr.fd)
(/usr/share/texmf/tex/latex/lm/omllmm.fd)
(/usr/share/texmf/tex/latex/lm/omslmsy.fd)
(/usr/share/texmf/tex/latex/lm/omxlmex.fd)
(/usr/share/texlive/texmf-dist/tex/latex/amsfonts/umsa.fd)
(/usr/share/texlive/texmf-dist/tex/latex/amsfonts/umsb.fd)
(./sections/01-introduction.tex

Package natbib Warning: Citation `JoshiRoffelsen2026' on page 1 undefined on in
put line 27.

[1{/var/lib/texmf/fonts/map/pdftex/updmap/pdftex.map}]
(/usr/share/texlive/texmf-dist/tex/latex/amsfonts/ueuf.fd) [2] [3]

Package natbib Warning: Citation `JoshiLobb2016' on page 4 undefined on input l
ine 247.


Package natbib Warning: Citation `JoshiRoffelsen2026' on page 4 undefined on in
put line 247.


Package natbib Warning: Citation `GrossHackingKeel2015' on page 4 undefined on 
input line 250.


Package natbib Warning: Citation `CantatDolgachev2012' on page 4 undefined on i
nput line 250.


Package natbib Warning: Citation `Beauville1990' on page 4 undefined on input l
ine 254.


Package natbib Warning: Citation `InoueVanhaeckeYamazaki2015' on page 4 undefin
ed on input line 254.


Package natbib Warning: Citation `StacksProject2026' on page 4 undefined on inp
ut line 258.


Package natbib Warning: Citation `AchterHowe2019' on page 4 undefined on input 
line 263.


Package natbib Warning: Citation `Vlasenko2018' on page 4 undefined on input li
ne 266.


Package natbib Warning: Citation `BeukersVlasenko2021' on page 4 undefined on i
nput line 270.


Package natbib Warning: Citation `Vlasenko2024' on page 4 undefined on input li
ne 270.


Package natbib Warning: Citation `DeligneIllusie1987' on page 4 undefined on in
put line 276.


Package natbib Warning: Citation `DupuyZureickBrown2019' on page 4 undefined on
 input line 276.


Package natbib Warning: Citation `DupuyKatzRabinoffZureickBrown2019' on page 4 
undefined on input line 276.


Package natbib Warning: Citation `Shimada2026' on page 4 undefined on input lin
e 278.


Package natbib Warning: Citation `KoroteevSmirnov2026' on page 4 undefined on i
nput line 283.


Package natbib Warning: Citation `LubinTate1966' on page 4 undefined on input l
ine 286.

[4]) (./sections/02-surface-pencil.tex

Package natbib Warning: Citation `JoshiRoffelsen2026' on page 5 undefined on in
put line 27.

[5]

Package natbib Warning: Citation `JoshiRoffelsen2026' on page 6 undefined on in
put line 131.

[6] [7]

Package natbib Warning: Citation `CantatDolgachev2012' on page 8 undefined on i
nput line 231.

[8]

Package natbib Warning: Citation `StacksProject2026' on page 9 undefined on inp
ut line 374.

[9]) (./sections/03-spectral-jacobian.tex

Package natbib Warning: Citation `Beauville1990' on page 10 undefined on input 
line 11.


Package natbib Warning: Citation `InoueVanhaeckeYamazaki2015' on page 10 undefi
ned on input line 11.

[10] [11] [12] [13] [14]) (./sections/04-closed-hasse.tex [15]

Package natbib Warning: Citation `StacksProject2026' on page 16 undefined on in
put line 87.

[16]

Package natbib Warning: Citation `StacksProject2026' on page 17 undefined on in
put line 108.


Package natbib Warning: Citation `StacksProject2026' on page 17 undefined on in
put line 118.

[17]

Package natbib Warning: Citation `AchterHowe2019' on page 18 undefined on input
 line 203.

[18]) (./sections/05-integral-trace.tex [19] [20]

Package natbib Warning: Citation `StacksProject2026' on page 21 undefined on in
put line 192.

[21]) (./sections/06-first-layer.tex [22] [23] [24] [25])
(./sections/07-odd-jets.tex

Package natbib Warning: Citation `BeukersVlasenko2021' on page 26 undefined on 
input line 10.


Package natbib Warning: Citation `Vlasenko2024' on page 26 undefined on input l
ine 11.

[26] (/usr/share/texmf/tex/latex/lm/ot1lmss.fd) [27] [28] [29] [30] [31])
(./sections/08-two-jets.tex [32] [33] [34] [35] [36] [37]

Package natbib Warning: Citation `LubinTate1966' on page 38 undefined on input 
line 604.

[38]) [39] (./main.bbl (/usr/share/texmf/tex/latex/lm/t1lmtt.fd) [40])

Package natbib Warning: There were undefined citations.

[41] (./main.aux

Package natbib Warning: Citation(s) may have changed.
(natbib)                Rerun to get citations correct.

)

LaTeX Warning: Label(s) may have changed. Rerun to get cross-references right.

 ){/usr/share/texmf/fonts/enc/dvips/lm/lm-rm.enc}{/usr/share/texmf/fonts/enc/dv
ips/lm/lm-ec.enc}{/usr/share/texmf/fonts/enc/dvips/lm/lm-mathit.enc}{/usr/share
/texmf/fonts/enc/dvips/lm/lm-mathsy.enc}{/usr/share/texmf/fonts/enc/dvips/lm/lm
-mathex.enc}</usr/share/texlive/texmf-dist/fonts/type1/public/amsfonts/euler/eu
fm10.pfb></usr/share/texmf/fonts/type1/public/lm/lmbx10.pfb></usr/share/texmf/f
onts/type1/public/lm/lmbx12.pfb></usr/share/texmf/fonts/type1/public/lm/lmex10.
pfb></usr/share/texmf/fonts/type1/public/lm/lmmi10.pfb></usr/share/texmf/fonts/
type1/public/lm/lmmi6.pfb></usr/share/texmf/fonts/type1/public/lm/lmmi8.pfb></u
sr/share/texmf/fonts/type1/public/lm/lmmib10.pfb></usr/share/texmf/fonts/type1/
public/lm/lmr10.pfb></usr/share/texmf/fonts/type1/public/lm/lmr12.pfb></usr/sha
re/texmf/fonts/type1/public/lm/lmr17.pfb></usr/share/texmf/fonts/type1/public/l
m/lmr6.pfb></usr/share/texmf/fonts/type1/public/lm/lmr8.pfb></usr/share/texmf/f
onts/type1/public/lm/lmri10.pfb></usr/share/texmf/fonts/type1/public/lm/lmss10.
pfb></usr/share/texmf/fonts/type1/public/lm/lmsy10.pfb></usr/share/texmf/fonts/
type1/public/lm/lmsy6.pfb></usr/share/texmf/fonts/type1/public/lm/lmsy8.pfb></u
sr/share/texmf/fonts/type1/public/lm/lmtt10.pfb></usr/share/texlive/texmf-dist/
fonts/type1/public/amsfonts/symbols/msam10.pfb></usr/share/texlive/texmf-dist/f
onts/type1/public/amsfonts/symbols/msbm10.pfb>
Output written on main.pdf (41 pages, 546265 bytes).
Transcript written on main.log.
