This is pdfTeX, Version 3.141592653-2.6-1.40.22 (TeX Live 2022/dev/Debian) (preloaded format=pdflatex)
entering extended mode
(./main.tex
LaTeX2e <2021-11-15> patch level 1
L3 programming layer <2022-01-21>
(/usr/share/texlive/texmf-dist/tex/latex/base/article.cls
Document Class: article 2021/10/04 v1.4n Standard LaTeX document class
(/usr/share/texlive/texmf-dist/tex/latex/base/size11.clo))
(/usr/share/texmf/tex/latex/lm/lmodern.sty)
(/usr/share/texlive/texmf-dist/tex/latex/base/fontenc.sty
(/usr/share/texmf/tex/latex/lm/t1lmr.fd))
(/usr/share/texlive/texmf-dist/tex/latex/base/inputenc.sty)
(/usr/share/texlive/texmf-dist/tex/latex/geometry/geometry.sty
(/usr/share/texlive/texmf-dist/tex/latex/graphics/keyval.sty)
(/usr/share/texlive/texmf-dist/tex/generic/iftex/ifvtex.sty
(/usr/share/texlive/texmf-dist/tex/generic/iftex/iftex.sty)))
(/usr/share/texlive/texmf-dist/tex/latex/amsmath/amsmath.sty
For additional information on amsmath, use the `?' option.
(/usr/share/texlive/texmf-dist/tex/latex/amsmath/amstext.sty
(/usr/share/texlive/texmf-dist/tex/latex/amsmath/amsgen.sty))
(/usr/share/texlive/texmf-dist/tex/latex/amsmath/amsbsy.sty)
(/usr/share/texlive/texmf-dist/tex/latex/amsmath/amsopn.sty))
(/usr/share/texlive/texmf-dist/tex/latex/amsfonts/amssymb.sty
(/usr/share/texlive/texmf-dist/tex/latex/amsfonts/amsfonts.sty))
(/usr/share/texlive/texmf-dist/tex/latex/amscls/amsthm.sty)
(/usr/share/texlive/texmf-dist/tex/latex/mathtools/mathtools.sty
(/usr/share/texlive/texmf-dist/tex/latex/tools/calc.sty)
(/usr/share/texlive/texmf-dist/tex/latex/mathtools/mhsetup.sty))
(/usr/share/texlive/texmf-dist/tex/latex/booktabs/booktabs.sty)
(/usr/share/texlive/texmf-dist/tex/latex/tools/array.sty)
(/usr/share/texlive/texmf-dist/tex/latex/natbib/natbib.sty)
(/usr/share/texlive/texmf-dist/tex/latex/hyperref/hyperref.sty
(/usr/share/texlive/texmf-dist/tex/generic/ltxcmds/ltxcmds.sty)
(/usr/share/texlive/texmf-dist/tex/generic/pdftexcmds/pdftexcmds.sty
(/usr/share/texlive/texmf-dist/tex/generic/infwarerr/infwarerr.sty))
(/usr/share/texlive/texmf-dist/tex/generic/kvsetkeys/kvsetkeys.sty)
(/usr/share/texlive/texmf-dist/tex/generic/kvdefinekeys/kvdefinekeys.sty)
(/usr/share/texlive/texmf-dist/tex/generic/pdfescape/pdfescape.sty)
(/usr/share/texlive/texmf-dist/tex/latex/hycolor/hycolor.sty)
(/usr/share/texlive/texmf-dist/tex/latex/letltxmacro/letltxmacro.sty)
(/usr/share/texlive/texmf-dist/tex/latex/auxhook/auxhook.sty)
(/usr/share/texlive/texmf-dist/tex/latex/kvoptions/kvoptions.sty)
(/usr/share/texlive/texmf-dist/tex/latex/hyperref/pd1enc.def)
(/usr/share/texlive/texmf-dist/tex/latex/hyperref/hyperref-langpatches.def)
(/usr/share/texlive/texmf-dist/tex/generic/intcalc/intcalc.sty)
(/usr/share/texlive/texmf-dist/tex/generic/etexcmds/etexcmds.sty)
(/usr/share/texlive/texmf-dist/tex/latex/hyperref/puenc.def)
(/usr/share/texlive/texmf-dist/tex/latex/url/url.sty)
(/usr/share/texlive/texmf-dist/tex/generic/bitset/bitset.sty
(/usr/share/texlive/texmf-dist/tex/generic/bigintcalc/bigintcalc.sty))
(/usr/share/texlive/texmf-dist/tex/latex/base/atbegshi-ltx.sty))
(/usr/share/texlive/texmf-dist/tex/latex/hyperref/hpdftex.def
(/usr/share/texlive/texmf-dist/tex/latex/base/atveryend-ltx.sty)
(/usr/share/texlive/texmf-dist/tex/latex/rerunfilecheck/rerunfilecheck.sty
(/usr/share/texlive/texmf-dist/tex/generic/uniquecounter/uniquecounter.sty)))
(./macros.tex)
(/usr/share/texlive/texmf-dist/tex/latex/l3backend/l3backend-pdftex.def)
No file main.aux.
*geometry* driver: auto-detecting
*geometry* detected driver: pdftex
(/usr/share/texlive/texmf-dist/tex/latex/graphics/graphicx.sty
(/usr/share/texlive/texmf-dist/tex/latex/graphics/graphics.sty
(/usr/share/texlive/texmf-dist/tex/latex/graphics/trig.sty)
(/usr/share/texlive/texmf-dist/tex/latex/graphics-cfg/graphics.cfg)
(/usr/share/texlive/texmf-dist/tex/latex/graphics-def/pdftex.def
(/usr/share/texlive/texmf-dist/tex/context/base/mkii/supp-pdf.mkii
[Loading MPS to PDF converter (version 2006.09.02).]
)))) (/usr/share/texlive/texmf-dist/tex/latex/hyperref/nameref.sty
(/usr/share/texlive/texmf-dist/tex/latex/refcount/refcount.sty)
(/usr/share/texlive/texmf-dist/tex/generic/gettitlestring/gettitlestring.sty))
(/usr/share/texmf/tex/latex/lm/ot1lmr.fd)
(/usr/share/texmf/tex/latex/lm/omllmm.fd)
(/usr/share/texmf/tex/latex/lm/omslmsy.fd)
(/usr/share/texmf/tex/latex/lm/omxlmex.fd)
(/usr/share/texlive/texmf-dist/tex/latex/amsfonts/umsa.fd)
(/usr/share/texlive/texmf-dist/tex/latex/amsfonts/umsb.fd)
(./sections/01-introduction.tex

Package natbib Warning: Citation `JoshiRoffelsen2026' on page 1 undefined on in
put line 27.

[1{/var/lib/texmf/fonts/map/pdftex/updmap/pdftex.map}]

LaTeX Warning: Reference `geom:section' on page 2 undefined on input line 63.


LaTeX Warning: Reference `trace:regular' on page 2 undefined on input line 87.


LaTeX Warning: Reference `spec:section' on page 2 undefined on input line 105.


LaTeX Warning: Reference `hasse:section' on page 2 undefined on input line 105.


(/usr/share/texlive/texmf-dist/tex/latex/amsfonts/ueuf.fd) [2]

LaTeX Warning: Reference `first:section' on page 3 undefined on input line 148.



LaTeX Warning: Reference `main:first-ideal' on page 3 undefined on input line 1
49.


LaTeX Warning: Reference `main:first' on page 3 undefined on input line 177.


LaTeX Warning: Reference `odd:section' on page 3 undefined on input line 178.


LaTeX Warning: Reference `two:section' on page 3 undefined on input line 211.


LaTeX Warning: Reference `main:length-five' on page 3 undefined on input line 2
13.

[3]

Package natbib Warning: Citation `JoshiLobb2016' on page 4 undefined on input l
ine 247.


Package natbib Warning: Citation `JoshiRoffelsen2026' on page 4 undefined on in
put line 247.


Package natbib Warning: Citation `GrossHackingKeel2015' on page 4 undefined on 
input line 250.


Package natbib Warning: Citation `CantatDolgachev2012' on page 4 undefined on i
nput line 250.


Package natbib Warning: Citation `Beauville1990' on page 4 undefined on input l
ine 254.


Package natbib Warning: Citation `InoueVanhaeckeYamazaki2015' on page 4 undefin
ed on input line 254.


Package natbib Warning: Citation `StacksProject2026' on page 4 undefined on inp
ut line 258.


Package natbib Warning: Citation `AchterHowe2019' on page 4 undefined on input 
line 263.


Package natbib Warning: Citation `Vlasenko2018' on page 4 undefined on input li
ne 266.


Package natbib Warning: Citation `BeukersVlasenko2021' on page 4 undefined on i
nput line 270.


Package natbib Warning: Citation `Vlasenko2024' on page 4 undefined on input li
ne 270.


Package natbib Warning: Citation `DeligneIllusie1987' on page 4 undefined on in
put line 276.


Package natbib Warning: Citation `DupuyZureickBrown2019' on page 4 undefined on
 input line 276.


Package natbib Warning: Citation `DupuyKatzRabinoffZureickBrown2019' on page 4 
undefined on input line 276.


Package natbib Warning: Citation `Shimada2026' on page 4 undefined on input lin
e 278.


Package natbib Warning: Citation `KoroteevSmirnov2026' on page 4 undefined on i
nput line 283.


Package natbib Warning: Citation `LubinTate1966' on page 4 undefined on input l
ine 286.

[4]

LaTeX Warning: Reference `geom:section' on page 5 undefined on input line 292.


LaTeX Warning: Reference `hasse:section' on page 5 undefined on input line 292.



LaTeX Warning: Reference `trace:section' on page 5 undefined on input line 294.



LaTeX Warning: Reference `first:section' on page 5 undefined on input line 294.



LaTeX Warning: Reference `odd:section' on page 5 undefined on input line 295.


LaTeX Warning: Reference `two:section' on page 5 undefined on input line 296.

) (./sections/02-surface-pencil.tex

Package natbib Warning: Citation `JoshiRoffelsen2026' on page 5 undefined on in
put line 27.


LaTeX Warning: Reference `geom:charts' on page 5 undefined on input line 53.


LaTeX Warning: Reference `geom:charts' on page 5 undefined on input line 67.

[5]

LaTeX Warning: Reference `geom:boundary-order' on page 6 undefined on input lin
e 83.


LaTeX Warning: Reference `geom:charts' on page 6 undefined on input line 100.


LaTeX Warning: Reference `main:matrix' on page 6 undefined on input line 117.


LaTeX Warning: Reference `main:integral' on page 6 undefined on input line 117.



Package natbib Warning: Citation `JoshiRoffelsen2026' on page 6 undefined on in
put line 131.


LaTeX Warning: Reference `geom:laurent-input' on page 6 undefined on input line
 146.

[6]

LaTeX Warning: Reference `geom:laurent-input' on page 7 undefined on input line
 185.

[7]

Package natbib Warning: Citation `CantatDolgachev2012' on page 8 undefined on i
nput line 231.


LaTeX Warning: Reference `geom:boundary-order' on page 8 undefined on input lin
e 277.


LaTeX Warning: Reference `geom:surface' on page 8 undefined on input line 286.


LaTeX Warning: Reference `geom:node-frames' on page 8 undefined on input line 2
88.

[8]

LaTeX Warning: Reference `geom:boundary-complex' on page 9 undefined on input l
ine 318.


LaTeX Warning: Reference `geom:constants' on page 9 undefined on input line 367
.


LaTeX Warning: Reference `geom:poles' on page 9 undefined on input line 370.


Package natbib Warning: Citation `StacksProject2026' on page 9 undefined on inp
ut line 374.

[9]) (./sections/03-spectral-jacobian.tex

LaTeX Warning: Reference `geom:pencil' on page 10 undefined on input line 8.


Package natbib Warning: Citation `Beauville1990' on page 10 undefined on input 
line 11.


Package natbib Warning: Citation `InoueVanhaeckeYamazaki2015' on page 10 undefi
ned on input line 11.

[10]

LaTeX Warning: Reference `spec:critical-algebra' on page 11 undefined on input 
line 104.

[11]

LaTeX Warning: Reference `spec:birational-change' on page 12 undefined on input
 line 182.

[12]

LaTeX Warning: Reference `main:matrix' on page 13 undefined on input line 209.


LaTeX Warning: Reference `spec:module-pushdown' on page 13 undefined on input l
ine 245.

[13]

LaTeX Warning: Reference `spec:state-inverse' on page 14 undefined on input lin
e 303.


LaTeX Warning: Reference `spec:cyclic-composite' on page 14 undefined on input 
line 339.

[14]

LaTeX Warning: Reference `spec:function-field-inverse' on page 15 undefined on 
input line 403.


LaTeX Warning: Reference `spec:function-field-inverse' on page 15 undefined on 
input line 406.


LaTeX Warning: Reference `geom:pencil' on page 15 undefined on input line 415.

) (./sections/04-closed-hasse.tex [15]

LaTeX Warning: Reference `spec:weierstrass' on page 16 undefined on input line 
24.


LaTeX Warning: Reference `spec:quotient-charts' on page 16 undefined on input l
ine 25.


LaTeX Warning: Reference `geom:pencil' on page 16 undefined on input line 31.


LaTeX Warning: Reference `geom:pencil' on page 16 undefined on input line 71.


LaTeX Warning: Reference `spec:finite-critical' on page 16 undefined on input l
ine 75.


Package natbib Warning: Citation `StacksProject2026' on page 16 undefined on in
put line 87.

[16]

LaTeX Warning: Reference `spec:jacobian' on page 17 undefined on input line 91.



LaTeX Warning: Reference `spec:birational-change' on page 17 undefined on input
 line 92.


Package natbib Warning: Citation `StacksProject2026' on page 17 undefined on in
put line 108.


Package natbib Warning: Citation `StacksProject2026' on page 17 undefined on in
put line 118.


LaTeX Warning: Reference `spec:birational-change' on page 17 undefined on input
 line 135.


LaTeX Warning: Reference `spec:finite-pushdown' on page 17 undefined on input l
ine 138.

[17]

Package natbib Warning: Citation `AchterHowe2019' on page 18 undefined on input
 line 203.


LaTeX Warning: Reference `hasse:differential' on page 18 undefined on input lin
e 223.


LaTeX Warning: Reference `hasse:closed' on page 18 undefined on input line 239.


[18]) (./sections/05-integral-trace.tex

LaTeX Warning: Reference `main:matrix' on page 19 undefined on input line 18.


LaTeX Warning: Reference `main:integral' on page 19 undefined on input line 19.



LaTeX Warning: Reference `trace:insertion' on page 19 undefined on input line 6
3.

[19]

LaTeX Warning: Reference `trace:rank-two' on page 20 undefined on input line 10
2.


LaTeX Warning: Reference `trace:reduced-insertion' on page 20 undefined on inpu
t line 111.


LaTeX Warning: Reference `trace:coefficient' on page 20 undefined on input line
 121.

[20]

LaTeX Warning: Reference `geom:surface' on page 21 undefined on input line 178.



LaTeX Warning: Reference `geom:section' on page 21 undefined on input line 187.



Package natbib Warning: Citation `StacksProject2026' on page 21 undefined on in
put line 192.


LaTeX Warning: Reference `trace:insertion' on page 21 undefined on input line 1
98.


LaTeX Warning: Reference `trace:global-residue' on page 21 undefined on input l
ine 201.


LaTeX Warning: Reference `trace:residue' on page 21 undefined on input line 203
.


LaTeX Warning: Reference `geom:charts' on page 21 undefined on input line 215.


LaTeX Warning: Reference `trace:global-residue' on page 21 undefined on input l
ine 231.

[21]

LaTeX Warning: Reference `geom:pencil' on page 22 undefined on input line 238.


LaTeX Warning: Reference `trace:residue' on page 22 undefined on input line 240
.

) (./sections/06-first-layer.tex

LaTeX Warning: Reference `geom:constants' on page 22 undefined on input line 46
.


LaTeX Warning: Reference `geom:boundary-complex' on page 22 undefined on input 
line 52.

[22]

LaTeX Warning: Reference `first:boundary-complex' on page 23 undefined on input
 line 65.


LaTeX Warning: Reference `first:kappa' on page 23 undefined on input line 111.

[23]

LaTeX Warning: Reference `first:congruence' on page 24 undefined on input line 
205.


LaTeX Warning: Reference `trace:residue' on page 24 undefined on input line 220
.


LaTeX Warning: Reference `first:F-derivative' on page 24 undefined on input lin
e 221.

[24]

LaTeX Warning: Reference `first:taylor-residue' on page 25 undefined on input l
ine 256.


LaTeX Warning: Reference `first:F-derivative' on page 25 undefined on input lin
e 256.


LaTeX Warning: Reference `first:prime-congruence' on page 25 undefined on input
 line 263.


LaTeX Warning: Reference `first:taylor' on page 25 undefined on input line 263.



LaTeX Warning: Reference `trace:regular' on page 25 undefined on input line 266
.


LaTeX Warning: Reference `trace:chart-injection' on page 25 undefined on input 
line 266.


LaTeX Warning: Reference `first:Gi' on page 25 undefined on input line 296.


LaTeX Warning: Reference `first:obstruction' on page 25 undefined on input line
 304.


LaTeX Warning: Reference `first:local-form' on page 25 undefined on input line 
312.

[25]

LaTeX Warning: Reference `first:obstruction' on page 26 undefined on input line
 336.


LaTeX Warning: Reference `hasse:closed' on page 26 undefined on input line 341.



LaTeX Warning: Reference `trace:global-residue' on page 26 undefined on input l
ine 360.


LaTeX Warning: Reference `first:local-form' on page 26 undefined on input line 
368.


LaTeX Warning: Reference `first:tangent' on page 26 undefined on input line 372
.


LaTeX Warning: Reference `first:full-ideal' on page 26 undefined on input line 
376.


LaTeX Warning: Reference `first:Gi' on page 26 undefined on input line 377.

) (./sections/07-odd-jets.tex

Package natbib Warning: Citation `BeukersVlasenko2021' on page 26 undefined on 
input line 10.


Package natbib Warning: Citation `Vlasenko2024' on page 26 undefined on input l
ine 11.

[26]

LaTeX Warning: Reference `geom:charts' on page 27 undefined on input line 47.


LaTeX Warning: Reference `odd:common-ring' on page 27 undefined on input line 5
2.


LaTeX Warning: Reference `trace:integral-insertion' on page 27 undefined on inp
ut line 56.


LaTeX Warning: Reference `trace:chart-injection' on page 27 undefined on input 
line 59.


LaTeX Warning: Reference `two:section' on page 27 undefined on input line 78.


LaTeX Warning: Reference `main:matrix' on page 27 undefined on input line 86.

(/usr/share/texmf/tex/latex/lm/ot1lmss.fd) [27]

LaTeX Warning: Reference `trace:insertion' on page 28 undefined on input line 1
07.


LaTeX Warning: Reference `odd:insertion-equation' on page 28 undefined on input
 line 113.


LaTeX Warning: Reference `odd:block-variation' on page 28 undefined on input li
ne 184.


LaTeX Warning: Reference `odd:deformed-trace' on page 28 undefined on input lin
e 184.


LaTeX Warning: Reference `odd:leading-jets' on page 28 undefined on input line 
189.

[28]

LaTeX Warning: Reference `odd:deformed-trace' on page 29 undefined on input lin
e 194.


LaTeX Warning: Reference `odd:projection-rule' on page 29 undefined on input li
ne 211.


LaTeX Warning: Reference `trace:residue' on page 29 undefined on input line 225
.


LaTeX Warning: Reference `trace:rank-two' on page 29 undefined on input line 22
6.


LaTeX Warning: Reference `odd:projection' on page 29 undefined on input line 22
7.

[29]

LaTeX Warning: Reference `odd:weighted-operator' on page 30 undefined on input 
line 282.


LaTeX Warning: Reference `odd:weighted-commutator' on page 30 undefined on inpu
t line 297.


LaTeX Warning: Reference `odd:insertion-equation' on page 30 undefined on input
 line 316.


LaTeX Warning: Reference `odd:weighted-commutator' on page 30 undefined on inpu
t line 319.


LaTeX Warning: Reference `odd:support' on page 30 undefined on input line 358.

[30]

LaTeX Warning: Reference `odd:external-coefficient' on page 31 undefined on inp
ut line 366.


LaTeX Warning: Reference `odd:factorisation' on page 31 undefined on input line
 390.


LaTeX Warning: Reference `trace:regular' on page 31 undefined on input line 410
.


LaTeX Warning: Reference `trace:chart-injection' on page 31 undefined on input 
line 414.


LaTeX Warning: Reference `first:ideal' on page 31 undefined on input line 445.


LaTeX Warning: Reference `odd:factorisation' on page 31 undefined on input line
 447.


LaTeX Warning: Reference `odd:ideal-equation' on page 31 undefined on input lin
e 448.

[31]

LaTeX Warning: Reference `odd:ideal-equation' on page 32 undefined on input lin
e 456.


LaTeX Warning: Reference `odd:multiple-root' on page 32 undefined on input line
 457.


LaTeX Warning: Reference `odd:ideal-equation' on page 32 undefined on input lin
e 463.


LaTeX Warning: Reference `odd:multiple-root' on page 32 undefined on input line
 465.

) (./sections/08-two-jets.tex

LaTeX Warning: Reference `odd:projection-definition' on page 32 undefined on in
put line 34.

[32]

LaTeX Warning: Reference `odd:common-ring' on page 33 undefined on input line 9
7.


LaTeX Warning: Reference `odd:block-insertion' on page 33 undefined on input li
ne 104.


LaTeX Warning: Reference `odd:insertion-equation' on page 33 undefined on input
 line 106.


LaTeX Warning: Reference `odd:block-variation' on page 33 undefined on input li
ne 109.


LaTeX Warning: Reference `odd:block-trace' on page 33 undefined on input line 1
13.


LaTeX Warning: Reference `trace:rank-two' on page 33 undefined on input line 13
1.


LaTeX Warning: Reference `odd:projection' on page 33 undefined on input line 13
8.

[33]

LaTeX Warning: Reference `odd:weighted-operator' on page 34 undefined on input 
line 169.


LaTeX Warning: Reference `odd:insertion-equation' on page 34 undefined on input
 line 185.


LaTeX Warning: Reference `two:weighted-commutator' on page 34 undefined on inpu
t line 187.


LaTeX Warning: Reference `odd:support' on page 34 undefined on input line 197.

[34]

LaTeX Warning: Reference `two:K-polynomial' on page 35 undefined on input line 
266.


LaTeX Warning: Reference `two:K-polynomial' on page 35 undefined on input line 
272.


LaTeX Warning: Reference `two:internal-term' on page 35 undefined on input line
 283.


LaTeX Warning: Reference `two:external-term' on page 35 undefined on input line
 284.


LaTeX Warning: Reference `two:torus-formula' on page 35 undefined on input line
 285.


LaTeX Warning: Reference `two:base' on page 35 undefined on input line 285.


LaTeX Warning: Reference `two:binary-factorisation' on page 35 undefined on inp
ut line 296.


LaTeX Warning: Reference `two:internal-term' on page 35 undefined on input line
 297.


LaTeX Warning: Reference `two:global-factorisation' on page 35 undefined on inp
ut line 303.


LaTeX Warning: Reference `trace:regular' on page 35 undefined on input line 304
.


LaTeX Warning: Reference `trace:chart-injection' on page 35 undefined on input 
line 306.


LaTeX Warning: Reference `hasse:closed' on page 35 undefined on input line 317.



LaTeX Warning: Reference `hasse:cartier' on page 35 undefined on input line 318
.


LaTeX Warning: Reference `first:tangent' on page 35 undefined on input line 321
.

[35]

LaTeX Warning: Reference `two:ambient-data' on page 36 undefined on input line 
326.


LaTeX Warning: Reference `first:F' on page 36 undefined on input line 381.


LaTeX Warning: Reference `first:prime-congruence' on page 36 undefined on input
 line 381.


LaTeX Warning: Reference `two:char-four-expansion' on page 36 undefined on inpu
t line 393.


LaTeX Warning: Reference `two:char-four-prime' on page 36 undefined on input li
ne 394.


LaTeX Warning: Reference `first:tangent' on page 36 undefined on input line 403
.


LaTeX Warning: Reference `two:tangent-equation' on page 36 undefined on input l
ine 407.

[36]

LaTeX Warning: Reference `trace:global-residue' on page 37 undefined on input l
ine 416.


LaTeX Warning: Reference `two:base' on page 37 undefined on input line 440.


LaTeX Warning: Reference `two:base' on page 37 undefined on input line 440.


LaTeX Warning: Reference `two:lift-change' on page 37 undefined on input line 4
41.


LaTeX Warning: Reference `two:lift-change' on page 37 undefined on input line 4
76.


LaTeX Warning: Reference `two:tangent' on page 37 undefined on input line 479.

[37]

LaTeX Warning: Reference `two:local-quotient' on page 38 undefined on input lin
e 513.


LaTeX Warning: Reference `two:division' on page 38 undefined on input line 513.



LaTeX Warning: Reference `two:height-two-ideal' on page 38 undefined on input l
ine 528.


LaTeX Warning: Reference `two:factorisation' on page 38 undefined on input line
 535.


LaTeX Warning: Reference `two:coefficient-elimination' on page 38 undefined on 
input line 537.


LaTeX Warning: Reference `two:ideal-equation' on page 38 undefined on input lin
e 539.


LaTeX Warning: Reference `trace:global-residue' on page 38 undefined on input l
ine 547.


LaTeX Warning: Reference `two:ideal-equation' on page 38 undefined on input lin
e 550.


LaTeX Warning: Reference `two:height-two-ideal' on page 38 undefined on input l
ine 583.


LaTeX Warning: Reference `two:completed-quotient' on page 38 undefined on input
 line 584.


Package natbib Warning: Citation `LubinTate1966' on page 38 undefined on input 
line 604.

[38]

LaTeX Warning: Reference `main:state-orders' on page 39 undefined on input line
 615.


LaTeX Warning: Reference `first:ideal' on page 39 undefined on input line 627.


LaTeX Warning: Reference `odd:multiple-root' on page 39 undefined on input line
 632.


LaTeX Warning: Reference `two:ideal-equation' on page 39 undefined on input lin
e 643.

) [39]
No file main.bbl.

Package natbib Warning: There were undefined citations.

(./main.aux)

LaTeX Warning: There were undefined references.


LaTeX Warning: Label(s) may have changed. Rerun to get cross-references right.


Package rerunfilecheck Warning: File `main.out' has changed.
(rerunfilecheck)                Rerun to get outlines right
(rerunfilecheck)                or use package `bookmark'.

 ){/usr/share/texmf/fonts/enc/dvips/lm/lm-rm.enc}{/usr/share/texmf/fonts/enc/dv
ips/lm/lm-mathit.enc}{/usr/share/texmf/fonts/enc/dvips/lm/lm-mathsy.enc}{/usr/s
hare/texmf/fonts/enc/dvips/lm/lm-ec.enc}{/usr/share/texmf/fonts/enc/dvips/lm/lm
-mathex.enc}</usr/share/texlive/texmf-dist/fonts/type1/public/amsfonts/euler/eu
fm10.pfb></usr/share/texmf/fonts/type1/public/lm/lmbx10.pfb></usr/share/texmf/f
onts/type1/public/lm/lmbx12.pfb></usr/share/texmf/fonts/type1/public/lm/lmex10.
pfb></usr/share/texmf/fonts/type1/public/lm/lmmi10.pfb></usr/share/texmf/fonts/
type1/public/lm/lmmi6.pfb></usr/share/texmf/fonts/type1/public/lm/lmmi8.pfb></u
sr/share/texmf/fonts/type1/public/lm/lmmib10.pfb></usr/share/texmf/fonts/type1/
public/lm/lmr10.pfb></usr/share/texmf/fonts/type1/public/lm/lmr12.pfb></usr/sha
re/texmf/fonts/type1/public/lm/lmr17.pfb></usr/share/texmf/fonts/type1/public/l
m/lmr6.pfb></usr/share/texmf/fonts/type1/public/lm/lmr8.pfb></usr/share/texmf/f
onts/type1/public/lm/lmri10.pfb></usr/share/texmf/fonts/type1/public/lm/lmss10.
pfb></usr/share/texmf/fonts/type1/public/lm/lmsy10.pfb></usr/share/texmf/fonts/
type1/public/lm/lmsy6.pfb></usr/share/texmf/fonts/type1/public/lm/lmsy8.pfb></u
sr/share/texlive/texmf-dist/fonts/type1/public/amsfonts/symbols/msam10.pfb></us
r/share/texlive/texmf-dist/fonts/type1/public/amsfonts/symbols/msbm10.pfb>
Output written on main.pdf (39 pages, 504596 bytes).
Transcript written on main.log.
