/root/autodl-tmp/hilbert-polya-structure/symbolic_dynamics/docs/papers97_101_sequence/phase1/CANDIDATE_POOL_AND_KILL_LEDGER.md:159:| Frobenius–Jordan and linear CA candidates | `KILL_OWNER_AND_INTERNAL` | general finite-linear functional graphs are owned and the engine collides with P70/P92 |
/root/autodl-tmp/hilbert-polya-structure/symbolic_dynamics/docs/papers172_176_sequence/scouting/combinatorial_crossdomain/focused_nonextractive/IDEA_LEDGER.md:9:through length 10 and ternary word through length 7; every labelled perfect
/root/autodl-tmp/hilbert-polya-structure/symbolic_dynamics/docs/papers132_136_sequence/replacement_scout/algebraic/SCOUT.md:437:| Arithmetic \(Z\)-games, ordinary power maps, finite linear maps, and group actions | reduction of `D01` | The \(Z\)-operation, absolute exponent difference, and multiplication by 2 on \(\mathbb Z/(2e)\) are explicitly zero credit.  The survivor is only the fixed-complement functional graph and its complete arithmetic theorem package. |
/root/autodl-tmp/hilbert-polya-structure/symbolic_dynamics/docs/papers157_161_sequence/scouting/replacement_probabilistic_geometric/verify_replacement_scout.py:888:# 13. PCR: active-conflict recolouring on a cycle
/root/autodl-tmp/hilbert-polya-structure/symbolic_dynamics/docs/papers157_161_sequence/scouting/replacement_probabilistic_geometric/verify_replacement_scout.py:931:        "active-conflict cycle recolouring",
/root/autodl-tmp/hilbert-polya-structure/symbolic_dynamics/docs/papers112_116_sequence/scouting/ALGEBRAIC_SCOUT.md:357:leaves only the standard finite-linear-map census, downgrade to `RESERVE`.
/root/autodl-tmp/hilbert-polya-structure/symbolic_dynamics/docs/papers117_121_sequence/scouting/ALGEBRAIC_SCOUT.md:9:particular, ordinary finite-linear functional graphs, power maps, valuation
/root/autodl-tmp/hilbert-polya-structure/symbolic_dynamics/docs/papers117_121_sequence/scouting/ALGEBRAIC_SCOUT.md:42:- **Owner subtraction.** General finite-linear dynamics is owned by Elspas,
/root/autodl-tmp/hilbert-polya-structure/symbolic_dynamics/docs/papers117_121_sequence/scouting/ALGEBRAIC_SCOUT.md:80:  the remaining graph is ordinary finite-linear dynamics.
/root/autodl-tmp/hilbert-polya-structure/symbolic_dynamics/docs/papers117_121_sequence/scouting/ALGEBRAIC_SCOUT.md:117:  and generic finite-linear components are zero-credit via P115 and its
/root/autodl-tmp/hilbert-polya-structure/symbolic_dynamics/docs/papers117_121_sequence/scouting/ALGEBRAIC_SCOUT.md:135:  finite-linear system; semilinear notation does not escape Elspas/Wang/
/root/autodl-tmp/hilbert-polya-structure/symbolic_dynamics/docs/papers157_161_sequence/scouting/replacement_probabilistic_geometric/SCOUT.md:31:| `PCR` | Arbitrary `q`-colourings of `C_n`; choose a monochromatic edge, an endpoint, and a different colour uniformly; proper colourings absorb. | From `00000` at `q=3`, absorption CDF at times 1--8 ends at `321583/331776`. | An all-`n,q` clock law and target distribution were sought; the fractions show no clean closure and no second theorem survived. | Owner-crowded random recolouring/repair programme; P62--P81 and P139/P141 are nearby. | `KILL_OWNER_CROWDED_WEAK_CLOCK` |
/root/autodl-tmp/hilbert-polya-structure/symbolic_dynamics/docs/papers132_136_sequence/replacement_scout/stochastic/SCOUT.md:64:| `W01` | On ternary words, contract any `aba` to `a`. | Every word of length 0--9; 29,524 inputs; 118,096 assertions. | Unique normal form and fixed clock in the full range, but this is immediate-backtrack/spur cancellation in an edge path.  **Kill direct reduction owner.** |
/root/autodl-tmp/hilbert-polya-structure/symbolic_dynamics/docs/papers132_136_sequence/replacement_scout/stochastic/SCOUT.md:66:| `W03` | On ternary words, contract `abba` to `aa`. | Every word of length 0--9; 29,524 inputs; 118,096 assertions. | 978 nonconfluent and 348 variable-clock sources, up to three terminals.  **Kill.** |
/root/autodl-tmp/hilbert-polya-structure/symbolic_dynamics/docs/papers127_131_sequence/scouting/root/SCOUT.md:25:| X10 | ternary words; rotate every maximal nonzero run | product of cyclic run rotations | kill: direct disjoint-block product |
/root/autodl-tmp/hilbert-polya-structure/symbolic_dynamics/docs/papers127_131_sequence/scouting/root/SCOUT.md:26:| X11 | ternary words; reverse zero-ending blocks | depth one into an involution; bounded fibres | kill: canonical suffix adjustment plus block reversal |
/root/autodl-tmp/hilbert-polya-structure/symbolic_dynamics/docs/papers117_121_sequence/scouting/COMBINATORIAL_PHASE2C_SCOUT.md:16:rowmotion/promotion, sorting or 0-Hecke normalization, generic finite-linear
/root/autodl-tmp/hilbert-polya-structure/symbolic_dynamics/docs/papers112_116_sequence/scouting/ROOT_SCOUT.md:90:finite-linear state diagrams, cyclic--nilpotent decomposition, components,
/root/autodl-tmp/hilbert-polya-structure/symbolic_dynamics/docs/papers127_131_sequence/scouting/algebraic/SCOUT.md:41:ordinary closure, sorting, finite-linear functional graphs, and cosmetic
/root/autodl-tmp/hilbert-polya-structure/symbolic_dynamics/docs/papers122_126_sequence/scouting/algebraic/SCOUT.md:38:- ordinary finite linear functional graphs or affine recurrences;
/root/autodl-tmp/hilbert-polya-structure/symbolic_dynamics/docs/papers162_166_sequence/scouting/replacement_stochastic_nonlinear/SCOUT.md:65:| `W02/UIR` | ternary words of length five; sample `i<j`, rotate `[i,j]` left iff its endpoint colours differ | `243/1539/3/30/107\/2000/0/3\/5..7\/5/1` | Content is preserved and hence lumpable only as a constant statistic.  Within a content class the active intervals depend on the full arrangement. | Variable incoming mass already rules out a uniform fibre; exact powers require the full content-class matrix. | `KILL_CONFIGURATION_DP_ONLY` |
/root/autodl-tmp/hilbert-polya-structure/symbolic_dynamics/docs/papers162_166_sequence/scouting/replacement_stochastic_nonlinear/SCOUT.md:67:| `W04/PCR` | ternary cyclic words of length five; a sampled `aba` start triggers rotation by its index plus one, otherwise hold | `243/459/105/2/369\/625/0/2\/5..9\/5/1` | Content and number of `aba` sites are invariant; on each rotation orbit the history is a cyclic convolution with orbit-dependent holding weights. | This is a state-gated rotation action, adjacent to `AQN/HWR/DCR`, with no noninvertible target atlas. | `KILL_ADAPTIVE_ROTATION_ACTION` |
/root/autodl-tmp/hilbert-polya-structure/symbolic_dynamics/docs/papers162_166_sequence/scouting/replacement_stochastic_nonlinear/SCOUT.md:68:| `W05/MCR` | ternary words of length six; sample a position and rotate by the multiplicity of its colour | `729/1665/3/6/325\/1296/0/1..1/1` | Content freezes the iid increment law.  The verifier independently checks four-step cyclic convolution for content `(3,2,1)`. | Fourier/cyclic convolution gives all endpoints, but all fibres are action-orbit fibres and the kernel is doubly stochastic; it is a random version of the occupied data-dependent rotation mechanism. | `KILL_GENERIC_GROUP_WALK_INTERNAL` |
/root/autodl-tmp/hilbert-polya-structure/symbolic_dynamics/docs/papers162_166_sequence/scouting/replacement_stochastic_nonlinear/SCOUT.md:87:| `A04/RFS` | `F_2[u]/(u^4)`; choose `x->x+u^k x^2`, `k=1,2,3` | `16/36/4/8/16\/81/0/1..1/1` | Frobenius makes every generator `F_2`-linear; valuation is lumpable in the tiny box. | The apparent nonlinear notation collapses to a finite-linear semigroup and a doubly stochastic action, a forbidden mechanism. | `KILL_HIDDEN_FINITE_LINEAR` |
/root/autodl-tmp/hilbert-polya-structure/symbolic_dynamics/docs/papers162_166_sequence/scouting/replacement_stochastic_nonlinear/SCOUT.md:95:| `G02/XEC` | sample ordered vertices `u,v`; for every outside `w`, set both `uw` and `vw` to the old XOR of those incidences | `1024/9651/1/657/77\/2500/312/4\/5..8/0` | The adjacency update is linear over `F_2` for each scheduler choice, but rank and edge statistics are not sufficient under changing choices. | It is a random finite-linear graph transform with rank-changing shadows near the excluded RTI lane; 312 targets are absent after one step. | `KILL_RANDOM_LINEAR_RANK_SHADOW` |
/root/autodl-tmp/hilbert-polya-structure/symbolic_dynamics/docs/papers117_121_sequence/scouting/ROOT_SCOUT.md:27:  generic finite-linear graphs are also zero-credit.  The residual is the
/root/autodl-tmp/hilbert-polya-structure/symbolic_dynamics/docs/papers142_146_sequence/scouting/stochastic/SCOUT.md:431:  The exact terminal laws are nontrivial but the finite linear system has no
/root/autodl-tmp/hilbert-polya-structure/symbolic_dynamics/papers/26-pure-power-selector-atom-collapse/sections/2_literature_boundary.tex:9:Finite linear representations of noncommutative series originate in the
/root/autodl-tmp/hilbert-polya-structure/symbolic_dynamics/docs/papers142_146_sequence/scouting/algebraic/SCOUT.md:35:- state-dependent group powers, Jordan powers, or ordinary finite-linear
/root/autodl-tmp/hilbert-polya-structure/symbolic_dynamics/docs/papers132_136_sequence/phase1/CANDIDATE_POOL_AND_KILL_LEDGER.md:55:  subtracting the exact invariant-factor formula and generic finite-linear or
/root/autodl-tmp/hilbert-polya-structure/symbolic_dynamics/docs/papers132_136_sequence/phase1/CANDIDATE_POOL_AND_KILL_LEDGER.md:59:  finite-linear structure after the owner gate.
/root/autodl-tmp/hilbert-polya-structure/symbolic_dynamics/docs/papers157_161_sequence/scouting/algebraic/SCOUT.md:90:- **P1--P156 collision:** P102 uses the same ambient cyclic group algebra but a nonlinear involutive norm `a -> aa*`; A05 is a coefficient-pushforward algebra endomorphism and is not a carrier change of that map.  Generic finite-linear functional graphs and coprime cyclic-code multipliers must nevertheless be given zero credit.  P115 is an additional linear-collapse machinery collision.
/root/autodl-tmp/hilbert-polya-structure/symbolic_dynamics/docs/papers157_161_sequence/scouting/algebraic/SCOUT.md:140:- **P1--P156 collision:** pure rank-one finite-linear dynamics, beneath the generic machinery already used around P73/P109/P115.
/root/autodl-tmp/hilbert-polya-structure/symbolic_dynamics/docs/papers157_161_sequence/scouting/algebraic/SCOUT.md:212:4. explicitly subtract generic finite-linear dynamics, cyclic-code multipliers in the coprime case, and P102's group-algebra ambient machinery.
/root/autodl-tmp/hilbert-polya-structure/symbolic_dynamics/docs/papers162_166_sequence/scouting/geometry_group/SCOUT.md:49:  involutions, finite-linear relabellings, QNC, and relabelled
/root/autodl-tmp/hilbert-polya-structure/symbolic_dynamics/docs/papers157_161_sequence/phase1/CANDIDATE_POOL_AND_KILL_LEDGER.md:15:| SCE | complete substitution-collapse formulas | `KILL_INTERNAL_ENGINE_TRANSFER` | generic finite-linear engine and P115 supply the proof |
/root/autodl-tmp/hilbert-polya-structure/symbolic_dynamics/docs/papers162_166_sequence/scouting/replacement_posets_languages/SCOUT.md:74:| `L03/RNC` | ternary words of length at most five; contract every maximal equal-letter run to one letter | `(364,94,94,1,{1:94})` | fixed words are Smirnov words; fibres are positive run-length compositions | `KILL_P117_P147_RUN_ENGINE` |
/root/autodl-tmp/hilbert-polya-structure/symbolic_dynamics/docs/papers162_166_sequence/scouting/replacement_posets_languages/SCOUT.md:75:| `L04/MFS` | ternary words of length five; shift and append the least alphabet letter absent from the current word, or zero if none is absent | `(243,112,0,4,{6:5})` | only a small cycle/tail signature; parameter changes are unstable | `KILL_FEEDBACK_REGISTER_NO_SPINE` |
/root/autodl-tmp/hilbert-polya-structure/symbolic_dynamics/docs/papers107_111_sequence/scouting/STOCHASTIC_SCOUT.md:409:nilpotence and exact torsion depths.  Classical autonomous finite linear
/root/autodl-tmp/hilbert-polya-structure/symbolic_dynamics/docs/papers132_136_sequence/scouting/root/SCOUT.md:15:| X01 | `x F_2[x]/(x^N)`, `f -> f+f^2` | bijective; periods `1,2,4` through `N=12`; fixed strata jump at double powers | **conditional promote**: exact Frobenius-filtration census has a short proof, but generic finite-linear theory is zero credit |
/root/autodl-tmp/hilbert-polya-structure/symbolic_dynamics/docs/papers132_136_sequence/scouting/root/SCOUT.md:71:dynamics of finite linear systems and linearized/additive polynomials, rather
/root/autodl-tmp/hilbert-polya-structure/symbolic_dynamics/docs/papers117_121_sequence/phase1/CANDIDATE_POOL_AND_KILL_LEDGER.md:65:| C02 | synchronous open-neighbourhood mex recolouring | complete quotient functional graph, depth `<=2` | promote |
/root/autodl-tmp/hilbert-polya-structure/symbolic_dynamics/docs/papers117_121_sequence/phase1/CANDIDATE_POOL_AND_KILL_LEDGER.md:104:and A10.  They cover graph recolouring, block-word dynamics, ordered DAGs,
/root/autodl-tmp/hilbert-polya-structure/symbolic_dynamics/docs/papers132_136_sequence/scouting/stochastic/SCOUT.md:44:| `R04` | Ternary words; contract any equal pair `aa -> a`. Audit terminal, clock, histories. | lengths 0--9; 29,524 | Exact run compression and clock `n-number_of_runs`; free-idempotent normal form. **Kill.** |
/root/autodl-tmp/hilbert-polya-structure/symbolic_dynamics/docs/papers152_156_sequence/scouting/stochastic_replacement3/SCOUT.md:241:is only finite linear elimination.  The large denominators are evidence that a
/root/autodl-tmp/hilbert-polya-structure/symbolic_dynamics/docs/papers162_166_sequence/scouting/open_fresh_p165/SCOUT.md:14:survivor is a nonlinear, state-dependent shortening map on finite linear
/root/autodl-tmp/hilbert-polya-structure/symbolic_dynamics/docs/papers172_176_sequence/scouting/root_nilpotent_core/SCOUT.md:32:enumerate anti-invariant subspaces for finite linear operators.  Aggarwal--Ram,
/root/autodl-tmp/hilbert-polya-structure/symbolic_dynamics/docs/papers117_121_sequence/scouting/STOCHASTIC_SCOUT.md:232:- **Owner/internal subtraction.**  General finite-semigroup and finite-linear
/root/autodl-tmp/hilbert-polya-structure/symbolic_dynamics/docs/papers157_161_sequence/scouting/replacement_geometry_mechanism/SCOUT.md:9:- Mechanism firewall: no finite-linear/stable-image engine, cyclic
/root/autodl-tmp/hilbert-polya-structure/symbolic_dynamics/docs/papers132_136_sequence/scouting/stochastic/verify_stochastic_scout.py:371:    record("R04", "idempotent word erosion", "all ternary words length 0..9",
/root/autodl-tmp/hilbert-polya-structure/symbolic_dynamics/docs/papers132_136_sequence/scouting/stochastic/verify_stochastic_scout.py:444:def ternary_reverse_successors(word):
/root/autodl-tmp/hilbert-polya-structure/symbolic_dynamics/docs/papers132_136_sequence/scouting/stochastic/verify_stochastic_scout.py:467:    record("R07", "ternary local reversal", "all ternary words length 0..9",
/root/autodl-tmp/hilbert-polya-structure/symbolic_dynamics/docs/papers162_166_sequence/scouting/arithmetic_algebra/SCOUT.md:300:  generic finite-linear machinery; P109/P115 and early incidence papers are
/root/autodl-tmp/symbolic_dynamics/papers/202-ternary-ordered-reset/qa_round0/cold_build_1/main.tex:33:On cyclic ternary words, increment a letter modulo three when it is at
/root/autodl-tmp/hilbert-polya-structure/symbolic_dynamics/docs/papers162_166_sequence/scouting/replacement_crossclass/SCOUT.md:53:- generic direct images, LDU/Gaussian-elimination rewrites, finite-linear
/root/autodl-tmp/hilbert-polya-structure/symbolic_dynamics/papers/23-unary-holonomy-finite-fiber-rigidity/sections/5_linear_recurrence.tex:61:finite linear-representation framework \citep{Schutzenberger1961}.
/root/autodl-tmp/hilbert-polya-structure/symbolic_dynamics/docs/papers117_121_sequence/scouting/ALGEBRAIC_PHASE2B_SCOUT.md:18:- Cartier and generic finite-linear or semilinear dynamics;
/root/autodl-tmp/hilbert-polya-structure/symbolic_dynamics/docs/papers117_121_sequence/scouting/ALGEBRAIC_PHASE2B_SCOUT.md:159:the displayed conjugacy makes this a generic finite-linear system in
/root/autodl-tmp/hilbert-polya-structure/symbolic_dynamics/docs/papers162_166_sequence/scouting/graph_set/SCOUT.md:34:| 5 | `BPQ` | labelled graphs; replace OR in `BQC` by parity of the cross-block edge count | `n=6,c=2`: images `8,2,1`; all eight time-one targets have fibre `4096` | same sharp clock and uniform target fibres | a finite-linear pushforward; generic rank/nullity and P115/P127/P159 machinery own the proof | `KILL_GENERIC_LINEAR` |
/root/autodl-tmp/hilbert-polya-structure/symbolic_dynamics/docs/papers157_161_sequence/phase1/combinatorial_gate/REPLACEMENT_SCOUT.md:46:| 6 | `RAC` | fixed-width ternary words | reverse digits, add with carry modulo `3^n` | exact image pattern; erratic tails and periods | `KILL_NO_SECOND_AXIS` |
/root/autodl-tmp/hilbert-polya-structure/symbolic_dynamics/docs/papers157_161_sequence/phase1/combinatorial_gate/REPLACEMENT_SCOUT.md:177:  automorphism.  Abelian results reduce to generic finite linear dynamics and
/root/autodl-tmp/hilbert-polya-structure/symbolic_dynamics/docs/papers157_161_sequence/phase1/combinatorial_gate/REPLACEMENT_SCOUT.md:183:- **Carrier.** Width-`n` ternary words, interpreted modulo `3^n` with leading
/root/autodl-tmp/hilbert-polya-structure/symbolic_dynamics/docs/papers157_161_sequence/phase1/sce/PROOF_PACKAGE.md:389:  of generic finite-linear stable-image/permutation-core machinery and the
/root/autodl-tmp/hilbert-polya-structure/symbolic_dynamics/docs/papers167_171_sequence/scouting/combinatorial_crossdomain/IDEA_LEDGER.md:29:| C14 FLD | Variable ternary words; delete the first and last occurrence of every present letter. | Length at most 7: unique empty attractor, tail 4. | **KILL.** Multiplicity erosion, colliding with P100/P160; no independent target structure. |
/root/autodl-tmp/hilbert-polya-structure/symbolic_dynamics/docs/papers147_151_sequence/scouting/algebraic/verify_algebraic_scout.py:407:        "Artin-Schreier linear algebra and finite linear dynamical systems already own the mechanism",
/root/autodl-tmp/hilbert-polya-structure/symbolic_dynamics/docs/papers162_166_sequence/scouting/replacement_arithmetic_hybrid/SCOUT.md:160:| `AH13`--`AH14` | P100 erasure/normalization, P115 finite-linear components, P153 finite-plane polynomial collapse | One-step normalization or a triangular scalar-action reduction is not a new system package. |
/root/autodl-tmp/hilbert-polya-structure/symbolic_dynamics/docs/papers162_166_sequence/scouting/replacement_nonlinear_algebra/SCOUT.md:43:| `NL05/CAP` | On `H_p^3`, `T(x,y,z)=(xy,yz,[x,z])`. | `p=3: 19683/2025/27/2`, `C={1:27,3:234}`. | Modulo the centre the update is the finite-linear recurrence `(u,v,w)->(u+v,v+w,0)`; the central coordinate is a bilinear cocycle. | Fibres can be stratified by the rank of that quotient recurrence, but identifiability transfers from its linear quotient. | Exactly the forbidden P119/P137 pattern: linear quotient plus commutator bookkeeping. **`KILL_INTERNAL_ENGINE`.** |
/root/autodl-tmp/hilbert-polya-structure/symbolic_dynamics/docs/papers162_166_sequence/scouting/replacement_nonlinear_algebra/SCOUT.md:51:| `NL13/DSS` | On `F_p^2`, `T(a,b)=(a,ab)` (scalar action on the square-zero direction). | `p=5: 25/21/9/1`, `C={1:9,2:2,4:2}`. | `T^t(a,b)=(a,a^t b)`; periods are multiplicative orders and only the `a=0` line has tails. | For `t>=1`, `(c,d)` has one source if `c!=0`, `p` sources at `(0,0)`, and zero on the rest of the zero line.  Recovering `p` from the exceptional fibre is tautological. | Generic cyclic scalar action and finite-linear fibres after freezing `a`; too thin. **`KILL_SKEW_PRODUCT_THIN`.** |
/root/autodl-tmp/hilbert-polya-structure/symbolic_dynamics/docs/papers162_166_sequence/scouting/replacement_nonlinear_algebra/SCOUT.md:114:| `NL01`–`NL06`, `NL21` | P70 weighted Heisenberg nullities; P111 Heisenberg area; P119 regular Engel unitriangular dynamics; P135 centralizer partitions; P137 rank-feedback `p`-groups | The new windows centralize in one step or have a finite-linear quotient with a bilinear cocycle.  They add no owner-thin axis after commutator fibres are subtracted. |
/root/autodl-tmp/hilbert-polya-structure/symbolic_dynamics/papers/23-unary-holonomy-finite-fiber-rigidity/sections/2_prior_boundary.tex:20:Sch{\"u}tzenberger's multiplicity-automata framework links finite linear
/root/autodl-tmp/hilbert-polya-structure/symbolic_dynamics/papers/23-unary-holonomy-finite-fiber-rigidity/sections/2_prior_boundary.tex:82:& finite linear representations yield rational/LRS behavior
/root/autodl-tmp/symbolic_dynamics/papers/206-ternary-cyclic-record-feedback/sections/00_abstract.tex:1:We study the synchronous map on ternary cyclic words which replaces each
/root/autodl-tmp/hilbert-polya-structure/docs/papers204_208_sequence/scouting/word_local/MNC_GATE/SOURCE_AND_PROOF.md:198:| Jen, *Enumeration of Preimages in Cellular Automata* (1989), introduction, Section 2 through equation (2.1), complete Sections 5.4–5.5, Appendix A conventions and rule-36 entry; [primary journal PDF](https://content.wolfram.com/sites/13/2018/02/03-5-2.pdf) | Arbitrary-alphabet endpoint recurrences, binary run optimization, and forbidden-block modifications are occupied. Section 5.4 is a real optimization precedent, but its prose is not an exact theorem establishing MNC's labeled ternary strict maximum. The binary open-word rule-36 Fibonacci product is not silently substituted for the cyclic three-color count. |
/root/autodl-tmp/hilbert-polya-structure/docs/papers204_208_sequence/scouting/word_local/LNR_TEMPORAL_PROOF.md:104:ternary word update; its exact formulas must be compared, not its title.
/root/autodl-tmp/hilbert-polya-structure/symbolic_dynamics/docs/papers147_151_sequence/scouting/algebraic/SCOUT.md:22:| 5 | ASH | `x -> x^p-x` on `F_{p^n}` | exact trace-zero image and constant-field fibres | generic finite linear/Artin--Schreier dynamics; P109/P115 neighbourhood | `KILL_OWNER_LINEAR` |
/root/autodl-tmp/hilbert-polya-structure/symbolic_dynamics/docs/papers147_151_sequence/scouting/algebraic/SCOUT.md:194:The proof engine is exactly finite linear algebra and the Artin--Schreier exact
/root/autodl-tmp/symbolic_dynamics/papers/205-conflict-triggered-cyclic-increments/qa_round0/attempt3/cold_build/sections/01_setup.tex:18:Algorithm~1 uses randomized recolouring, so its convergence result does
/root/autodl-tmp/hilbert-polya-structure/docs/papers204_208_sequence/scouting/word_local/SCOUT_REPORT.md:13:$x_0=0$, $0\le x_i\le n-i$ for $i>0$. MO and MC use cyclic ternary words.
/root/autodl-tmp/symbolic_dynamics/papers/205-conflict-triggered-cyclic-increments/qa_round0/attempt1/cold_build/sections/01_setup.tex:18:Algorithm~1 uses randomized recolouring. We do not claim a new information
/root/autodl-tmp/hilbert-polya-structure/symbolic_dynamics/papers/98-equal-block-sum-torsion-shifts/main.tex:58:General algebraic-dynamical and finite-linear-network theory is treated as
/root/autodl-tmp/hilbert-polya-structure/symbolic_dynamics/papers/98-equal-block-sum-torsion-shifts/main.tex:68:symbolic dynamics, compact algebraic actions, and finite linear sequential
/root/autodl-tmp/hilbert-polya-structure/symbolic_dynamics/papers/98-equal-block-sum-torsion-shifts/main.tex:72:\cite{Schmidt1995}, and Elspas on finite linear networks
/root/autodl-tmp/symbolic_dynamics/papers/205-conflict-triggered-cyclic-increments/sections/01_setup.tex:18:Algorithm~1 uses randomized recolouring, so its convergence result does
/root/autodl-tmp/hilbert-polya-structure/docs/papers204_208_sequence/scouting/word_local/ZA_PROOF_WORK/PROOF_ATTEMPT_REPORT.md:8:on all 3,279 ternary words through length seven.
/root/autodl-tmp/hilbert-polya-structure/papers/206-ternary-cyclic-record-feedback/qa_round0/attempt2/cold_build/sections/00_abstract.tex:1:We study the synchronous map on ternary cyclic words which replaces each
/root/autodl-tmp/hilbert-polya-structure/symbolic_dynamics/docs/papers162_166_sequence/scouting/replacement_fresh_p158/SCOUT.md:12:disjoint union of ternary words of bounded length, simultaneously replace
/root/autodl-tmp/hilbert-polya-structure/symbolic_dynamics/docs/papers162_166_sequence/scouting/replacement_fresh_p158/SCOUT.md:44:- normalizer/Frattini/commutator series, finite-linear relabelings, and the
/root/autodl-tmp/hilbert-polya-structure/symbolic_dynamics/docs/papers162_166_sequence/scouting/replacement_fresh_p158/SCOUT.md:197:- exhausts every ternary word of each exact length `0..9`;
/root/autodl-tmp/hilbert-polya-structure/papers/197-ternary-cyclic-sign-difference/qa_final/cold_build_1/main.tex:30:ternary cyclic words. Its recurrent set is exactly the local language
/root/autodl-tmp/symbolic_dynamics/papers/206-ternary-cyclic-record-feedback/PROOF_PACKAGE.md:1:# CRC3: cyclic record-count feedback on ternary words
/root/autodl-tmp/hilbert-polya-structure/symbolic_dynamics/papers/165-low-weight-support-shortening/main.tex:30:\title[Low-weight support shortening]{Iterated Low-Weight Support Shortening of Finite Linear Codes}
/root/autodl-tmp/symbolic_dynamics/papers/197-ternary-cyclic-sign-difference/qa_final/cold_build_2/main.tex:30:ternary cyclic words. Its recurrent set is exactly the local language
/root/autodl-tmp/symbolic_dynamics/papers/205-conflict-triggered-cyclic-increments/qa_final/cold_build_2/sections/01_setup.tex:18:Algorithm~1 uses randomized recolouring, so its convergence result does
/root/autodl-tmp/symbolic_dynamics/papers/206-ternary-cyclic-record-feedback/qa_round0/attempt1/cold_build/sections/00_abstract.tex:1:We study the synchronous map on ternary cyclic words which replaces each
/root/autodl-tmp/symbolic_dynamics/papers/205-conflict-triggered-cyclic-increments/qa_final/cold_build_1/sections/01_setup.tex:18:Algorithm~1 uses randomized recolouring, so its convergence result does
/root/autodl-tmp/hilbert-polya-structure/papers/197-ternary-cyclic-sign-difference/main.tex:30:ternary cyclic words. Its recurrent set is exactly the local language
/root/autodl-tmp/symbolic_dynamics/papers/202-ternary-ordered-reset/qa_final/cold_build_2/main.tex:33:On cyclic ternary words, increment a letter modulo three when it is at
/root/autodl-tmp/hilbert-polya-structure/docs/papers204_208_sequence/scouting/finite_systems_nineteenth/FTH_PROOF_PACKAGE.md:15:finite linearly ordered labelled set $[n]$. The literal map is FTH in
/root/autodl-tmp/symbolic_dynamics/papers/205-conflict-triggered-cyclic-increments/qa_round0/attempt2/cold_build/sections/01_setup.tex:18:Algorithm~1 uses randomized recolouring. We do not claim a new information
/root/autodl-tmp/hilbert-polya-structure/docs/papers204_208_sequence/scouting/word_local/CRC_TERNARY_PROOF_PACKAGE.md:1:# CRC3: cyclic record-count feedback on ternary words
/root/autodl-tmp/symbolic_dynamics/papers/197-ternary-cyclic-sign-difference/qa_final/cold_build_1/main.tex:30:ternary cyclic words. Its recurrent set is exactly the local language
/root/autodl-tmp/symbolic_dynamics/papers/197-ternary-cyclic-sign-difference/main.tex:30:ternary cyclic words. Its recurrent set is exactly the local language
/root/autodl-tmp/symbolic_dynamics/papers/202-ternary-ordered-reset/qa_round0/cold_build_2/main.tex:33:On cyclic ternary words, increment a letter modulo three when it is at
/root/autodl-tmp/symbolic_dynamics/papers/202-ternary-ordered-reset/main.tex:33:On cyclic ternary words, increment a letter modulo three when it is at
/root/autodl-tmp/hilbert-polya-structure/papers/205-conflict-triggered-cyclic-increments/qa_round0/attempt1/cold_build/sections/01_setup.tex:18:Algorithm~1 uses randomized recolouring. We do not claim a new information
/root/autodl-tmp/hilbert-polya-structure/papers/205-conflict-triggered-cyclic-increments/sections/01_setup.tex:18:Algorithm~1 uses randomized recolouring, so its convergence result does
/root/autodl-tmp/symbolic_dynamics/docs/papers117_121_sequence/scouting/ALGEBRAIC_SCOUT.md:9:particular, ordinary finite-linear functional graphs, power maps, valuation
/root/autodl-tmp/symbolic_dynamics/docs/papers117_121_sequence/scouting/ALGEBRAIC_SCOUT.md:42:- **Owner subtraction.** General finite-linear dynamics is owned by Elspas,
/root/autodl-tmp/symbolic_dynamics/docs/papers117_121_sequence/scouting/ALGEBRAIC_SCOUT.md:80:  the remaining graph is ordinary finite-linear dynamics.
/root/autodl-tmp/symbolic_dynamics/docs/papers117_121_sequence/scouting/ALGEBRAIC_SCOUT.md:117:  and generic finite-linear components are zero-credit via P115 and its
/root/autodl-tmp/symbolic_dynamics/docs/papers117_121_sequence/scouting/ALGEBRAIC_SCOUT.md:135:  finite-linear system; semilinear notation does not escape Elspas/Wang/
/root/autodl-tmp/hilbert-polya-structure/docs/papers204_208_sequence/scouting/graph_relation_second/SCOUT_REPORT.md:19:| CCI | $x'_v=x_v+1\pmod3$ if any neighbour has its old colour, otherwise $x'_v=x_v$. | All graphs, $0\le n\le4$; all ternary words. |
/root/autodl-tmp/hilbert-polya-structure/papers/202-ternary-ordered-reset/qa_final/cold_build_1/main.tex:33:On cyclic ternary words, increment a letter modulo three when it is at
/root/autodl-tmp/symbolic_dynamics/docs/papers117_121_sequence/phase1/CANDIDATE_POOL_AND_KILL_LEDGER.md:65:| C02 | synchronous open-neighbourhood mex recolouring | complete quotient functional graph, depth `<=2` | promote |
/root/autodl-tmp/symbolic_dynamics/docs/papers117_121_sequence/phase1/CANDIDATE_POOL_AND_KILL_LEDGER.md:104:and A10.  They cover graph recolouring, block-word dynamics, ordered DAGs,
/root/autodl-tmp/hilbert-polya-structure/papers/205-conflict-triggered-cyclic-increments/qa_round0/attempt3/cold_build/sections/01_setup.tex:18:Algorithm~1 uses randomized recolouring, so its convergence result does
/root/autodl-tmp/hilbert-polya-structure/docs/papers204_208_sequence/scouting/finite_systems_sixteenth/INTAKE.md:10:Six literal proposals span binary/ternary words, labelled simple graphs,
/root/autodl-tmp/symbolic_dynamics/docs/papers112_116_sequence/scouting/ROOT_SCOUT.md:90:finite-linear state diagrams, cyclic--nilpotent decomposition, components,
/root/autodl-tmp/hilbert-polya-structure/papers/202-ternary-ordered-reset/main.tex:33:On cyclic ternary words, increment a letter modulo three when it is at
/root/autodl-tmp/hilbert-polya-structure/papers/206-ternary-cyclic-record-feedback/PROOF_PACKAGE.md:1:# CRC3: cyclic record-count feedback on ternary words
/root/autodl-tmp/symbolic_dynamics/docs/papers162_166_sequence/scouting/replacement_crossclass/SCOUT.md:53:- generic direct images, LDU/Gaussian-elimination rewrites, finite-linear
/root/autodl-tmp/symbolic_dynamics/docs/papers162_166_sequence/scouting/replacement_nonlinear_algebra/SCOUT.md:43:| `NL05/CAP` | On `H_p^3`, `T(x,y,z)=(xy,yz,[x,z])`. | `p=3: 19683/2025/27/2`, `C={1:27,3:234}`. | Modulo the centre the update is the finite-linear recurrence `(u,v,w)->(u+v,v+w,0)`; the central coordinate is a bilinear cocycle. | Fibres can be stratified by the rank of that quotient recurrence, but identifiability transfers from its linear quotient. | Exactly the forbidden P119/P137 pattern: linear quotient plus commutator bookkeeping. **`KILL_INTERNAL_ENGINE`.** |
/root/autodl-tmp/symbolic_dynamics/docs/papers162_166_sequence/scouting/replacement_nonlinear_algebra/SCOUT.md:51:| `NL13/DSS` | On `F_p^2`, `T(a,b)=(a,ab)` (scalar action on the square-zero direction). | `p=5: 25/21/9/1`, `C={1:9,2:2,4:2}`. | `T^t(a,b)=(a,a^t b)`; periods are multiplicative orders and only the `a=0` line has tails. | For `t>=1`, `(c,d)` has one source if `c!=0`, `p` sources at `(0,0)`, and zero on the rest of the zero line.  Recovering `p` from the exceptional fibre is tautological. | Generic cyclic scalar action and finite-linear fibres after freezing `a`; too thin. **`KILL_SKEW_PRODUCT_THIN`.** |
/root/autodl-tmp/symbolic_dynamics/docs/papers162_166_sequence/scouting/replacement_nonlinear_algebra/SCOUT.md:114:| `NL01`–`NL06`, `NL21` | P70 weighted Heisenberg nullities; P111 Heisenberg area; P119 regular Engel unitriangular dynamics; P135 centralizer partitions; P137 rank-feedback `p`-groups | The new windows centralize in one step or have a finite-linear quotient with a bilinear cocycle.  They add no owner-thin axis after commutator fibres are subtracted. |
/root/autodl-tmp/hilbert-polya-structure/papers/206-ternary-cyclic-record-feedback/qa_round0/attempt1/cold_build/sections/00_abstract.tex:1:We study the synchronous map on ternary cyclic words which replaces each
/root/autodl-tmp/symbolic_dynamics/docs/papers132_136_sequence/scouting/stochastic/verify_stochastic_scout.py:371:    record("R04", "idempotent word erosion", "all ternary words length 0..9",
/root/autodl-tmp/symbolic_dynamics/docs/papers132_136_sequence/scouting/stochastic/verify_stochastic_scout.py:444:def ternary_reverse_successors(word):
/root/autodl-tmp/symbolic_dynamics/docs/papers132_136_sequence/scouting/stochastic/verify_stochastic_scout.py:467:    record("R07", "ternary local reversal", "all ternary words length 0..9",
/root/autodl-tmp/hilbert-polya-structure/docs/papers204_208_sequence/scouting/word_local/CPC_INTAKE.md:6:For $n\ge3$, on labelled cyclic ternary words $\{0,1,2\}^n$, define
/root/autodl-tmp/symbolic_dynamics/docs/papers172_176_sequence/scouting/root_nilpotent_core/SCOUT.md:32:enumerate anti-invariant subspaces for finite linear operators.  Aggarwal--Ram,
/root/autodl-tmp/symbolic_dynamics/docs/papers162_166_sequence/scouting/open_fresh_p165/SCOUT.md:14:survivor is a nonlinear, state-dependent shortening map on finite linear
/root/autodl-tmp/symbolic_dynamics/docs/papers117_121_sequence/scouting/STOCHASTIC_SCOUT.md:232:- **Owner/internal subtraction.**  General finite-semigroup and finite-linear
/root/autodl-tmp/symbolic_dynamics/docs/papers172_176_sequence/scouting/combinatorial_crossdomain/focused_nonextractive/IDEA_LEDGER.md:9:through length 10 and ternary word through length 7; every labelled perfect
/root/autodl-tmp/hilbert-polya-structure/papers/206-ternary-cyclic-record-feedback/sections/00_abstract.tex:1:We study the synchronous map on ternary cyclic words which replaces each
/root/autodl-tmp/symbolic_dynamics/papers/165-low-weight-support-shortening/main.tex:30:\title[Low-weight support shortening]{Iterated Low-Weight Support Shortening of Finite Linear Codes}
/root/autodl-tmp/symbolic_dynamics/papers/206-ternary-cyclic-record-feedback/qa_round0/attempt2/cold_build/sections/00_abstract.tex:1:We study the synchronous map on ternary cyclic words which replaces each
/root/autodl-tmp/hilbert-polya-structure/papers/197-ternary-cyclic-sign-difference/qa_final/cold_build_2/main.tex:30:ternary cyclic words. Its recurrent set is exactly the local language
/root/autodl-tmp/symbolic_dynamics/docs/papers107_111_sequence/scouting/STOCHASTIC_SCOUT.md:409:nilpotence and exact torsion depths.  Classical autonomous finite linear
/root/autodl-tmp/hilbert-polya-structure/papers/205-conflict-triggered-cyclic-increments/qa_round0/attempt2/cold_build/sections/01_setup.tex:18:Algorithm~1 uses randomized recolouring. We do not claim a new information
/root/autodl-tmp/symbolic_dynamics/docs/papers97_101_sequence/phase1/CANDIDATE_POOL_AND_KILL_LEDGER.md:159:| Frobenius–Jordan and linear CA candidates | `KILL_OWNER_AND_INTERNAL` | general finite-linear functional graphs are owned and the engine collides with P70/P92 |
/root/autodl-tmp/hilbert-polya-structure/papers/202-ternary-ordered-reset/qa_final/cold_build_2/main.tex:33:On cyclic ternary words, increment a letter modulo three when it is at
/root/autodl-tmp/symbolic_dynamics/docs/papers162_166_sequence/scouting/replacement_posets_languages/SCOUT.md:74:| `L03/RNC` | ternary words of length at most five; contract every maximal equal-letter run to one letter | `(364,94,94,1,{1:94})` | fixed words are Smirnov words; fibres are positive run-length compositions | `KILL_P117_P147_RUN_ENGINE` |
/root/autodl-tmp/symbolic_dynamics/docs/papers162_166_sequence/scouting/replacement_posets_languages/SCOUT.md:75:| `L04/MFS` | ternary words of length five; shift and append the least alphabet letter absent from the current word, or zero if none is absent | `(243,112,0,4,{6:5})` | only a small cycle/tail signature; parameter changes are unstable | `KILL_FEEDBACK_REGISTER_NO_SPINE` |
/root/autodl-tmp/symbolic_dynamics/docs/papers132_136_sequence/phase1/CANDIDATE_POOL_AND_KILL_LEDGER.md:55:  subtracting the exact invariant-factor formula and generic finite-linear or
/root/autodl-tmp/symbolic_dynamics/docs/papers132_136_sequence/phase1/CANDIDATE_POOL_AND_KILL_LEDGER.md:59:  finite-linear structure after the owner gate.
/root/autodl-tmp/symbolic_dynamics/docs/papers132_136_sequence/scouting/root/SCOUT.md:15:| X01 | `x F_2[x]/(x^N)`, `f -> f+f^2` | bijective; periods `1,2,4` through `N=12`; fixed strata jump at double powers | **conditional promote**: exact Frobenius-filtration census has a short proof, but generic finite-linear theory is zero credit |
/root/autodl-tmp/symbolic_dynamics/docs/papers132_136_sequence/scouting/root/SCOUT.md:71:dynamics of finite linear systems and linearized/additive polynomials, rather
/root/autodl-tmp/symbolic_dynamics/docs/papers112_116_sequence/scouting/ALGEBRAIC_SCOUT.md:357:leaves only the standard finite-linear-map census, downgrade to `RESERVE`.
/root/autodl-tmp/symbolic_dynamics/docs/papers157_161_sequence/scouting/algebraic/SCOUT.md:90:- **P1--P156 collision:** P102 uses the same ambient cyclic group algebra but a nonlinear involutive norm `a -> aa*`; A05 is a coefficient-pushforward algebra endomorphism and is not a carrier change of that map.  Generic finite-linear functional graphs and coprime cyclic-code multipliers must nevertheless be given zero credit.  P115 is an additional linear-collapse machinery collision.
/root/autodl-tmp/symbolic_dynamics/docs/papers157_161_sequence/scouting/algebraic/SCOUT.md:140:- **P1--P156 collision:** pure rank-one finite-linear dynamics, beneath the generic machinery already used around P73/P109/P115.
/root/autodl-tmp/symbolic_dynamics/docs/papers157_161_sequence/scouting/algebraic/SCOUT.md:212:4. explicitly subtract generic finite-linear dynamics, cyclic-code multipliers in the coprime case, and P102's group-algebra ambient machinery.
/root/autodl-tmp/symbolic_dynamics/docs/papers142_146_sequence/scouting/algebraic/SCOUT.md:35:- state-dependent group powers, Jordan powers, or ordinary finite-linear
/root/autodl-tmp/symbolic_dynamics/docs/papers157_161_sequence/scouting/replacement_probabilistic_geometric/SCOUT.md:31:| `PCR` | Arbitrary `q`-colourings of `C_n`; choose a monochromatic edge, an endpoint, and a different colour uniformly; proper colourings absorb. | From `00000` at `q=3`, absorption CDF at times 1--8 ends at `321583/331776`. | An all-`n,q` clock law and target distribution were sought; the fractions show no clean closure and no second theorem survived. | Owner-crowded random recolouring/repair programme; P62--P81 and P139/P141 are nearby. | `KILL_OWNER_CROWDED_WEAK_CLOCK` |
/root/autodl-tmp/symbolic_dynamics/docs/papers152_156_sequence/scouting/stochastic_replacement3/SCOUT.md:241:is only finite linear elimination.  The large denominators are evidence that a
/root/autodl-tmp/hilbert-polya-structure/papers/202-ternary-ordered-reset/qa_round0/cold_build_2/main.tex:33:On cyclic ternary words, increment a letter modulo three when it is at
/root/autodl-tmp/symbolic_dynamics/docs/papers162_166_sequence/scouting/replacement_stochastic_nonlinear/SCOUT.md:65:| `W02/UIR` | ternary words of length five; sample `i<j`, rotate `[i,j]` left iff its endpoint colours differ | `243/1539/3/30/107\/2000/0/3\/5..7\/5/1` | Content is preserved and hence lumpable only as a constant statistic.  Within a content class the active intervals depend on the full arrangement. | Variable incoming mass already rules out a uniform fibre; exact powers require the full content-class matrix. | `KILL_CONFIGURATION_DP_ONLY` |
/root/autodl-tmp/symbolic_dynamics/docs/papers162_166_sequence/scouting/replacement_stochastic_nonlinear/SCOUT.md:67:| `W04/PCR` | ternary cyclic words of length five; a sampled `aba` start triggers rotation by its index plus one, otherwise hold | `243/459/105/2/369\/625/0/2\/5..9\/5/1` | Content and number of `aba` sites are invariant; on each rotation orbit the history is a cyclic convolution with orbit-dependent holding weights. | This is a state-gated rotation action, adjacent to `AQN/HWR/DCR`, with no noninvertible target atlas. | `KILL_ADAPTIVE_ROTATION_ACTION` |
/root/autodl-tmp/symbolic_dynamics/docs/papers162_166_sequence/scouting/replacement_stochastic_nonlinear/SCOUT.md:68:| `W05/MCR` | ternary words of length six; sample a position and rotate by the multiplicity of its colour | `729/1665/3/6/325\/1296/0/1..1/1` | Content freezes the iid increment law.  The verifier independently checks four-step cyclic convolution for content `(3,2,1)`. | Fourier/cyclic convolution gives all endpoints, but all fibres are action-orbit fibres and the kernel is doubly stochastic; it is a random version of the occupied data-dependent rotation mechanism. | `KILL_GENERIC_GROUP_WALK_INTERNAL` |
/root/autodl-tmp/symbolic_dynamics/docs/papers162_166_sequence/scouting/replacement_stochastic_nonlinear/SCOUT.md:87:| `A04/RFS` | `F_2[u]/(u^4)`; choose `x->x+u^k x^2`, `k=1,2,3` | `16/36/4/8/16\/81/0/1..1/1` | Frobenius makes every generator `F_2`-linear; valuation is lumpable in the tiny box. | The apparent nonlinear notation collapses to a finite-linear semigroup and a doubly stochastic action, a forbidden mechanism. | `KILL_HIDDEN_FINITE_LINEAR` |
/root/autodl-tmp/symbolic_dynamics/docs/papers162_166_sequence/scouting/replacement_stochastic_nonlinear/SCOUT.md:95:| `G02/XEC` | sample ordered vertices `u,v`; for every outside `w`, set both `uw` and `vw` to the old XOR of those incidences | `1024/9651/1/657/77\/2500/312/4\/5..8/0` | The adjacency update is linear over `F_2` for each scheduler choice, but rank and edge statistics are not sufficient under changing choices. | It is a random finite-linear graph transform with rank-changing shadows near the excluded RTI lane; 312 targets are absent after one step. | `KILL_RANDOM_LINEAR_RANK_SHADOW` |
/root/autodl-tmp/symbolic_dynamics/docs/papers127_131_sequence/scouting/root/SCOUT.md:25:| X10 | ternary words; rotate every maximal nonzero run | product of cyclic run rotations | kill: direct disjoint-block product |
/root/autodl-tmp/symbolic_dynamics/docs/papers127_131_sequence/scouting/root/SCOUT.md:26:| X11 | ternary words; reverse zero-ending blocks | depth one into an involution; bounded fibres | kill: canonical suffix adjustment plus block reversal |
/root/autodl-tmp/symbolic_dynamics/docs/papers157_161_sequence/phase1/CANDIDATE_POOL_AND_KILL_LEDGER.md:15:| SCE | complete substitution-collapse formulas | `KILL_INTERNAL_ENGINE_TRANSFER` | generic finite-linear engine and P115 supply the proof |
/root/autodl-tmp/symbolic_dynamics/docs/papers132_136_sequence/replacement_scout/algebraic/SCOUT.md:437:| Arithmetic \(Z\)-games, ordinary power maps, finite linear maps, and group actions | reduction of `D01` | The \(Z\)-operation, absolute exponent difference, and multiplication by 2 on \(\mathbb Z/(2e)\) are explicitly zero credit.  The survivor is only the fixed-complement functional graph and its complete arithmetic theorem package. |
/root/autodl-tmp/symbolic_dynamics/docs/papers157_161_sequence/scouting/replacement_probabilistic_geometric/verify_replacement_scout.py:888:# 13. PCR: active-conflict recolouring on a cycle
/root/autodl-tmp/symbolic_dynamics/docs/papers157_161_sequence/scouting/replacement_probabilistic_geometric/verify_replacement_scout.py:931:        "active-conflict cycle recolouring",
/root/autodl-tmp/symbolic_dynamics/docs/papers147_151_sequence/scouting/algebraic/SCOUT.md:22:| 5 | ASH | `x -> x^p-x` on `F_{p^n}` | exact trace-zero image and constant-field fibres | generic finite linear/Artin--Schreier dynamics; P109/P115 neighbourhood | `KILL_OWNER_LINEAR` |
/root/autodl-tmp/symbolic_dynamics/docs/papers147_151_sequence/scouting/algebraic/SCOUT.md:194:The proof engine is exactly finite linear algebra and the Artin--Schreier exact
/root/autodl-tmp/symbolic_dynamics/docs/papers122_126_sequence/scouting/algebraic/SCOUT.md:38:- ordinary finite linear functional graphs or affine recurrences;
/root/autodl-tmp/symbolic_dynamics/docs/papers117_121_sequence/scouting/ALGEBRAIC_PHASE2B_SCOUT.md:18:- Cartier and generic finite-linear or semilinear dynamics;
/root/autodl-tmp/symbolic_dynamics/docs/papers117_121_sequence/scouting/ALGEBRAIC_PHASE2B_SCOUT.md:159:the displayed conjugacy makes this a generic finite-linear system in
/root/autodl-tmp/symbolic_dynamics/docs/papers117_121_sequence/scouting/COMBINATORIAL_PHASE2C_SCOUT.md:16:rowmotion/promotion, sorting or 0-Hecke normalization, generic finite-linear
/root/autodl-tmp/symbolic_dynamics/docs/papers132_136_sequence/scouting/stochastic/SCOUT.md:44:| `R04` | Ternary words; contract any equal pair `aa -> a`. Audit terminal, clock, histories. | lengths 0--9; 29,524 | Exact run compression and clock `n-number_of_runs`; free-idempotent normal form. **Kill.** |
/root/autodl-tmp/symbolic_dynamics/docs/papers132_136_sequence/replacement_scout/stochastic/SCOUT.md:64:| `W01` | On ternary words, contract any `aba` to `a`. | Every word of length 0--9; 29,524 inputs; 118,096 assertions. | Unique normal form and fixed clock in the full range, but this is immediate-backtrack/spur cancellation in an edge path.  **Kill direct reduction owner.** |
/root/autodl-tmp/symbolic_dynamics/docs/papers132_136_sequence/replacement_scout/stochastic/SCOUT.md:66:| `W03` | On ternary words, contract `abba` to `aa`. | Every word of length 0--9; 29,524 inputs; 118,096 assertions. | 978 nonconfluent and 348 variable-clock sources, up to three terminals.  **Kill.** |
/root/autodl-tmp/symbolic_dynamics/docs/papers142_146_sequence/scouting/stochastic/SCOUT.md:431:  The exact terminal laws are nontrivial but the finite linear system has no
/root/autodl-tmp/symbolic_dynamics/docs/papers162_166_sequence/scouting/graph_set/SCOUT.md:34:| 5 | `BPQ` | labelled graphs; replace OR in `BQC` by parity of the cross-block edge count | `n=6,c=2`: images `8,2,1`; all eight time-one targets have fibre `4096` | same sharp clock and uniform target fibres | a finite-linear pushforward; generic rank/nullity and P115/P127/P159 machinery own the proof | `KILL_GENERIC_LINEAR` |
/root/autodl-tmp/symbolic_dynamics/docs/papers167_171_sequence/scouting/combinatorial_crossdomain/IDEA_LEDGER.md:29:| C14 FLD | Variable ternary words; delete the first and last occurrence of every present letter. | Length at most 7: unique empty attractor, tail 4. | **KILL.** Multiplicity erosion, colliding with P100/P160; no independent target structure. |
/root/autodl-tmp/symbolic_dynamics/docs/papers162_166_sequence/scouting/geometry_group/SCOUT.md:49:  involutions, finite-linear relabellings, QNC, and relabelled
/root/autodl-tmp/symbolic_dynamics/docs/papers147_151_sequence/scouting/algebraic/verify_algebraic_scout.py:407:        "Artin-Schreier linear algebra and finite linear dynamical systems already own the mechanism",
/root/autodl-tmp/symbolic_dynamics/papers/202-ternary-ordered-reset/qa_final/cold_build_1/main.tex:33:On cyclic ternary words, increment a letter modulo three when it is at
/root/autodl-tmp/symbolic_dynamics/docs/papers157_161_sequence/scouting/replacement_geometry_mechanism/SCOUT.md:9:- Mechanism firewall: no finite-linear/stable-image engine, cyclic
/root/autodl-tmp/symbolic_dynamics/docs/papers117_121_sequence/scouting/ROOT_SCOUT.md:27:  generic finite-linear graphs are also zero-credit.  The residual is the
/root/autodl-tmp/symbolic_dynamics/docs/papers204_208_sequence/scouting/word_local/SCOUT_REPORT.md:13:$x_0=0$, $0\le x_i\le n-i$ for $i>0$. MO and MC use cyclic ternary words.
/root/autodl-tmp/symbolic_dynamics/docs/papers162_166_sequence/scouting/replacement_fresh_p158/SCOUT.md:12:disjoint union of ternary words of bounded length, simultaneously replace
/root/autodl-tmp/symbolic_dynamics/docs/papers162_166_sequence/scouting/replacement_fresh_p158/SCOUT.md:44:- normalizer/Frattini/commutator series, finite-linear relabelings, and the
/root/autodl-tmp/symbolic_dynamics/docs/papers162_166_sequence/scouting/replacement_fresh_p158/SCOUT.md:197:- exhausts every ternary word of each exact length `0..9`;
/root/autodl-tmp/symbolic_dynamics/docs/papers162_166_sequence/scouting/replacement_arithmetic_hybrid/SCOUT.md:160:| `AH13`--`AH14` | P100 erasure/normalization, P115 finite-linear components, P153 finite-plane polynomial collapse | One-step normalization or a triangular scalar-action reduction is not a new system package. |
/root/autodl-tmp/symbolic_dynamics/docs/papers204_208_sequence/scouting/word_local/MNC_GATE/SOURCE_AND_PROOF.md:198:| Jen, *Enumeration of Preimages in Cellular Automata* (1989), introduction, Section 2 through equation (2.1), complete Sections 5.4–5.5, Appendix A conventions and rule-36 entry; [primary journal PDF](https://content.wolfram.com/sites/13/2018/02/03-5-2.pdf) | Arbitrary-alphabet endpoint recurrences, binary run optimization, and forbidden-block modifications are occupied. Section 5.4 is a real optimization precedent, but its prose is not an exact theorem establishing MNC's labeled ternary strict maximum. The binary open-word rule-36 Fibonacci product is not silently substituted for the cyclic three-color count. |
/root/autodl-tmp/hilbert-polya-structure/docs/papers204_208_sequence/scouting/finite_systems_twentieth/PROOF_AND_ADAPTERS.md:229:classification. Generic finite-linear/Fitting analysis of a return product
/root/autodl-tmp/symbolic_dynamics/docs/papers162_166_sequence/scouting/arithmetic_algebra/SCOUT.md:300:  generic finite-linear machinery; P109/P115 and early incidence papers are
/root/autodl-tmp/symbolic_dynamics/docs/papers204_208_sequence/scouting/word_local/CPC_INTAKE.md:6:For $n\ge3$, on labelled cyclic ternary words $\{0,1,2\}^n$, define
/root/autodl-tmp/symbolic_dynamics/papers/98-equal-block-sum-torsion-shifts/main.tex:58:General algebraic-dynamical and finite-linear-network theory is treated as
/root/autodl-tmp/symbolic_dynamics/papers/98-equal-block-sum-torsion-shifts/main.tex:68:symbolic dynamics, compact algebraic actions, and finite linear sequential
/root/autodl-tmp/symbolic_dynamics/papers/98-equal-block-sum-torsion-shifts/main.tex:72:\cite{Schmidt1995}, and Elspas on finite linear networks
/root/autodl-tmp/symbolic_dynamics/papers/23-unary-holonomy-finite-fiber-rigidity/sections/5_linear_recurrence.tex:61:finite linear-representation framework \citep{Schutzenberger1961}.
/root/autodl-tmp/symbolic_dynamics/docs/papers204_208_sequence/scouting/FTH_GATE/reviewed_input_snapshot/docs/papers204_208_sequence/scouting/finite_systems_nineteenth/FTH_PROOF_PACKAGE.md:15:finite linearly ordered labelled set $[n]$. The literal map is FTH in
/root/autodl-tmp/symbolic_dynamics/docs/papers204_208_sequence/scouting/word_local/ZA_PROOF_WORK/PROOF_ATTEMPT_REPORT.md:8:on all 3,279 ternary words through length seven.
/root/autodl-tmp/symbolic_dynamics/docs/papers204_208_sequence/scouting/graph_relation_second/SCOUT_REPORT.md:19:| CCI | $x'_v=x_v+1\pmod3$ if any neighbour has its old colour, otherwise $x'_v=x_v$. | All graphs, $0\le n\le4$; all ternary words. |
/root/autodl-tmp/symbolic_dynamics/papers/26-pure-power-selector-atom-collapse/sections/2_literature_boundary.tex:9:Finite linear representations of noncommutative series originate in the
/root/autodl-tmp/symbolic_dynamics/docs/papers204_208_sequence/scouting/finite_systems_nineteenth/FTH_PROOF_PACKAGE.md:15:finite linearly ordered labelled set $[n]$. The literal map is FTH in
/root/autodl-tmp/symbolic_dynamics/docs/papers204_208_sequence/scouting/FTH_GATE/reviewed_input_snapshot/docs/papers204_208_sequence/scouting/finite_systems_sixteenth/INTAKE.md:10:Six literal proposals span binary/ternary words, labelled simple graphs,
/root/autodl-tmp/symbolic_dynamics/docs/papers204_208_sequence/scouting/FTH_GATE/reviewed_input_snapshot/docs/papers132_136_sequence/replacement_scout/stochastic/SCOUT.md:64:| `W01` | On ternary words, contract any `aba` to `a`. | Every word of length 0--9; 29,524 inputs; 118,096 assertions. | Unique normal form and fixed clock in the full range, but this is immediate-backtrack/spur cancellation in an edge path.  **Kill direct reduction owner.** |
/root/autodl-tmp/symbolic_dynamics/docs/papers204_208_sequence/scouting/FTH_GATE/reviewed_input_snapshot/docs/papers132_136_sequence/replacement_scout/stochastic/SCOUT.md:66:| `W03` | On ternary words, contract `abba` to `aa`. | Every word of length 0--9; 29,524 inputs; 118,096 assertions. | 978 nonconfluent and 348 variable-clock sources, up to three terminals.  **Kill.** |
/root/autodl-tmp/symbolic_dynamics/docs/papers204_208_sequence/scouting/word_local/LNR_TEMPORAL_PROOF.md:104:ternary word update; its exact formulas must be compared, not its title.
/root/autodl-tmp/hilbert-polya-structure/papers/205-conflict-triggered-cyclic-increments/qa_final/cold_build_2/sections/01_setup.tex:18:Algorithm~1 uses randomized recolouring, so its convergence result does
/root/autodl-tmp/hilbert-polya-structure/papers/205-conflict-triggered-cyclic-increments/qa_final/cold_build_1/sections/01_setup.tex:18:Algorithm~1 uses randomized recolouring, so its convergence result does
/root/autodl-tmp/symbolic_dynamics/papers/23-unary-holonomy-finite-fiber-rigidity/sections/2_prior_boundary.tex:20:Sch{\"u}tzenberger's multiplicity-automata framework links finite linear
/root/autodl-tmp/symbolic_dynamics/papers/23-unary-holonomy-finite-fiber-rigidity/sections/2_prior_boundary.tex:82:& finite linear representations yield rational/LRS behavior
/root/autodl-tmp/symbolic_dynamics/docs/papers204_208_sequence/scouting/finite_systems_twentieth/PROOF_AND_ADAPTERS.md:229:classification. Generic finite-linear/Fitting analysis of a return product
/root/autodl-tmp/symbolic_dynamics/docs/papers204_208_sequence/scouting/finite_systems_sixteenth/INTAKE.md:10:Six literal proposals span binary/ternary words, labelled simple graphs,
/root/autodl-tmp/hilbert-polya-structure/papers/202-ternary-ordered-reset/qa_round0/cold_build_1/main.tex:33:On cyclic ternary words, increment a letter modulo three when it is at
/root/autodl-tmp/symbolic_dynamics/docs/papers204_208_sequence/scouting/word_local/CRC_TERNARY_PROOF_PACKAGE.md:1:# CRC3: cyclic record-count feedback on ternary words
/root/autodl-tmp/symbolic_dynamics/docs/papers157_161_sequence/phase1/combinatorial_gate/REPLACEMENT_SCOUT.md:46:| 6 | `RAC` | fixed-width ternary words | reverse digits, add with carry modulo `3^n` | exact image pattern; erratic tails and periods | `KILL_NO_SECOND_AXIS` |
/root/autodl-tmp/symbolic_dynamics/docs/papers157_161_sequence/phase1/combinatorial_gate/REPLACEMENT_SCOUT.md:177:  automorphism.  Abelian results reduce to generic finite linear dynamics and
/root/autodl-tmp/symbolic_dynamics/docs/papers157_161_sequence/phase1/combinatorial_gate/REPLACEMENT_SCOUT.md:183:- **Carrier.** Width-`n` ternary words, interpreted modulo `3^n` with leading
/root/autodl-tmp/symbolic_dynamics/docs/papers127_131_sequence/scouting/algebraic/SCOUT.md:41:ordinary closure, sorting, finite-linear functional graphs, and cosmetic
/root/autodl-tmp/symbolic_dynamics/docs/papers157_161_sequence/phase1/sce/PROOF_PACKAGE.md:389:  of generic finite-linear stable-image/permutation-core machinery and the
