/root/autodl-tmp/hilbert-polya-structure/docs/papers197_201_sequence/scouting/second_replacement_20260905/BREADTH_LEDGER.tsv:3:D2G	DOCUMENTED_PROPOSAL	1	0	KILL_EXACT_EXTERNAL_METAMOUR_OPERATOR	Simple labelled graphs; uv enters output iff old graph distance is exactly two	Every graph n=0..6	Exactly Erickson et al. arXiv2409.02306 Def2.1, including labelled equality. Empty fibre Bell law only an old-operator control.
/root/autodl-tmp/hilbert-polya-structure/docs/papers204_208_sequence/scouting/ROOT_PREINTAKE_EXCLUSIONS_20260906.md:11:The literal odd-common-neighbour toggle appears as C21/CNT in the original
/root/autodl-tmp/hilbert-polya-structure/docs/papers204_208_sequence/scouting/ROOT_PREINTAKE_EXCLUSIONS_20260906.md:24:squaring, common-neighbour parity, matrix dynamics (AB,BA), finite-group
/root/autodl-tmp/hilbert-polya-structure/docs/papers204_208_sequence/scouting/algebra/PROOF_NOTES.md:130:used. In the power-set case P is the common-neighbor map of any symmetric
/root/autodl-tmp/hilbert-polya-structure/symbolic_dynamics/docs/papers132_136_sequence/scouting/root/cross_family_scout.py:338:    emit("X09", "simple graphs n<=6; odd common-neighbour graph", states, common_parity_graph)
/root/autodl-tmp/hilbert-polya-structure/symbolic_dynamics/docs/papers132_136_sequence/scouting/root/cross_family_scout.py:341:        "simple graphs n<=6; toggle edges of odd common-neighbour graph",
/root/autodl-tmp/hilbert-polya-structure/docs/papers204_208_sequence/scouting/finite_systems_twelfth/INTAKE.md:34:The initial ideas UCN (unique common-neighbor graph), quartic Hessian,
/root/autodl-tmp/hilbert-polya-structure/symbolic_dynamics/docs/papers117_121_sequence/scouting/ROOT_SCOUT.md:80:## R4 — odd-common-neighbour toggling on Eulerian graphs
/root/autodl-tmp/hilbert-polya-structure/docs/papers187_191_sequence/scouting/graph_lane/replacement/KILL_LEDGER.md:20:| **RX08 ETH** | All hypergraphs through `n=4` (`65,536` last-size families); exact `F^3=F`, last image `198`, depth at most one. | **KILL_POLARITY** | This is the common-neighbour operator for the symmetric predicate `|S intersect E|=1`; cubic collapse is generic polarity and belongs to the P106 firewall. |
/root/autodl-tmp/hilbert-polya-structure/symbolic_dynamics/docs/papers162_166_sequence/scouting/replacement_stochastic_nonlinear/verify_scout.py:450:    # G05: toggle a sampled edge iff its endpoints have odd common-neighbour count.
/root/autodl-tmp/hilbert-polya-structure/docs/papers197_201_sequence/scouting/second_replacement_20260905/INTAKE.md:16:   common neighbor. This is not persistent graph-square closure.
/root/autodl-tmp/hilbert-polya-structure/docs/papers197_201_sequence/scouting/graph_matching_lane/BREADTH_AND_KILL_LEDGER.md:14:| 4 | `LDF` | On a labelled simple graph, find the lexicographically least nonedge whose endpoints have an old common neighbour, add that one edge, and otherwise hold. | All graphs through `n=6`; at `n=6`: 32,768 states, image 15,593, 203 fixed graphs, maximum tail 10, unique maximum fibre 16. | Tail is the number of missing edges inside the initial connected components; fixed graphs are cluster graphs; deepest states are the `n^(n-2)` trees; every target has an admissible deleted-edge atlas. | **`KILL_GRAPH_SQUARE_CLOSURE`**.  This is graph-square/component-clique closure serialized by a lexicographic scheduler. |
/root/autodl-tmp/hilbert-polya-structure/symbolic_dynamics/docs/papers117_121_sequence/phase1/CANDIDATE_POOL_AND_KILL_LEDGER.md:91:| R4 | odd-common-neighbour toggle on Eulerian graphs | same additive-polynomial iterate as R1 | kill: same-engine/P97 |
/root/autodl-tmp/hilbert-polya-structure/docs/papers204_208_sequence/scouting/graph_relation/SCOUT_REPORT.md:46:  metamour operator has a direct external owner. No new attempt here.
/root/autodl-tmp/hilbert-polya-structure/symbolic_dynamics/docs/papers167_171_sequence/scouting/combinatorial_crossdomain/IDEA_LEDGER.md:36:| C21 CNT | Simple graphs; toggle each pair having an odd number of common neighbours. | Five vertices appears convergent with tail 4; six vertices already has periods 2 and 4. | **KILL.** Early convergence was a small-size mirage; matrix-parity collision. |
/root/autodl-tmp/hilbert-polya-structure/docs/papers197_201_sequence/scouting/second_replacement_20260905/CONTRACTS_AND_PROOF.md:91:path, and holds also for disconnected graphs. It is literally the metamour
/root/autodl-tmp/hilbert-polya-structure/docs/papers197_201_sequence/scouting/second_replacement_20260905/CONTRACTS_AND_PROOF.md:106:**Disposition: KILL_EXACT_EXTERNAL_METAMOUR_OPERATOR.**
/root/autodl-tmp/hilbert-polya-structure/symbolic_dynamics/docs/papers132_136_sequence/scouting/root/SCOUT.md:23:| X09 | graph of odd common-neighbour pairs | periods `1,2`, nontrivial tails | reserve only: exact matrix description exists, but collides with the P127 parity-matrix portfolio |
/root/autodl-tmp/hilbert-polya-structure/symbolic_dynamics/docs/papers132_136_sequence/scouting/root/SCOUT.md:24:| X10 | toggle odd-common-neighbour pairs | periods `1,2,4` | reserve only: same P127 collision, and breadth does not isolate a clean invariant |
/root/autodl-tmp/hilbert-polya-structure/symbolic_dynamics/docs/papers172_176_sequence/scouting/stochastic_matrix/SCOUT_AND_KILL_LEDGER.md:50:| `R02` | row-disjointness feedback `A <- not(AA^T)` in the Boolean semiring | Complete functional graphs through `n=3`; image sizes `2,5,18`, periods `1,2`, maximum tail `3` | **KILL P171 TRANSFER.** Complement of the Boolean Gram image; P171's graph-power and ordered-column fibres transfer after the complement splice. |
/root/autodl-tmp/hilbert-polya-structure/symbolic_dynamics/docs/papers162_166_sequence/scouting/replacement_stochastic_nonlinear/SCOUT.md:98:| `G05/OCN` | labelled graphs on five vertices; toggle sampled edge `uv` iff `u,v` have an odd number of common neighbours | `1024/5488/46/205/43\/1250/0/1..1/0` | Each labelled toggle is an involution because changing `uv` does not change its common-neighbour count, hence the kernel is doubly stochastic.  Edge/parity summaries are not lumpable. | Longer endpoints are an irregular involution-graph walk, not an absorbing transformation or a target atlas. | `KILL_INVOLUTION_GRAPH_NO_COMPRESSION` |
/root/autodl-tmp/hilbert-polya-structure/symbolic_dynamics/docs/papers162_166_sequence/scouting/replacement_matchings_incidence/verify_scout.py:425:def unique_common_neighbour(i, j, neighbours, _state, _edges):
/root/autodl-tmp/hilbert-polya-structure/symbolic_dynamics/docs/papers162_166_sequence/scouting/replacement_matchings_incidence/verify_scout.py:740:    systems.append(("R02 UCN",) + simple_graph_system(6, unique_common_neighbour))
/root/autodl-tmp/hilbert-polya-structure/symbolic_dynamics/docs/papers142_146_sequence/scouting/root/SCOUT_BOOLEAN_GRAM.md:1:# Root scout: Boolean Gram / row-intersection dynamics
/root/autodl-tmp/hilbert-polya-structure/symbolic_dynamics/docs/papers142_146_sequence/scouting/root/SCOUT_BOOLEAN_GRAM.md:62:`verify_boolean_gram.py` exhausts all (2^{n^2}) states for (1\le n\le4), checks the graph-power clock and endpoint characterization source by source, verifies the fixed census and sharp path witness, and matches the fibre formula against every loop-compatible target.  The canonical run records 396,493 passing assertions.
/root/autodl-tmp/hilbert-polya-structure/symbolic_dynamics/docs/papers142_146_sequence/scouting/root/SCOUT_BOOLEAN_GRAM.md:66:The graph-squaring tail is classical and must be credited as zero novelty.  The candidate residual is the literal Boolean-Gram self-map, the exact source-dependent clock from the first row-intersection graph, the sharp matrix witness, the complete fixed census, and the every-target ordered clique-cover fibre atlas.  It is close in carrier but not in mechanism to P127; portfolio selection should normally retain at most one Boolean-matrix candidate in this batch.
/root/autodl-tmp/hilbert-polya-structure/docs/papers204_208_sequence/scouting/graph_geometry_third/SCOUT_REPORT.md:35:distance-two/metamour, ordinary graph powers, closure/bridge erasure, triangle
/root/autodl-tmp/hilbert-polya-structure/symbolic_dynamics/docs/papers172_176_sequence/scouting/root_parity_switch/SCOUT.md:107:- P171's graph square appears after Boolean Gram formation and closes graph
/root/autodl-tmp/hilbert-polya-structure/symbolic_dynamics/docs/papers182_186_sequence/scouting/root_coordinator/SCOUT_AND_KILL_LEDGER.md:20:| `BGS` | Boolean matrices; symmetrize and square | component completion | **KILL P171**: Boolean Gram closure already occupies the exact power/closure package |
/root/autodl-tmp/hilbert-polya-structure/symbolic_dynamics/docs/papers162_166_sequence/scouting/replacement_matchings_incidence/SCOUT.md:90:| `R02 UCN` | graph: join `i,j` iff they have exactly one common neighbour | `32768 / 10729 / 878 / {1,2} / 10` | long clock signal and fibres sought | **`KILL_COMPLEX_SMALL_SPECTRUM_NO_SPINE`** |
/root/autodl-tmp/hilbert-polya-structure/symbolic_dynamics/docs/papers142_146_sequence/phase1/CANDIDATE_POOL_AND_KILL_LEDGER.md:15:| root relation/matrix controls | 2 | 661,166 | row-inclusion selected owner-thin; Boolean Gram reserve |
/root/autodl-tmp/hilbert-polya-structure/symbolic_dynamics/docs/papers142_146_sequence/phase1/CANDIDATE_POOL_AND_KILL_LEDGER.md:38:- Directed relation path doubling and Boolean Gram dynamics have correct sharp clocks, but graph/relation powers are classical.  Boolean Gram remains a reserve only because its complete ordered clique-cover fibre atlas adds a real inverse axis.
/root/autodl-tmp/hilbert-polya-structure/symbolic_dynamics/docs/papers142_146_sequence/phase1/CANDIDATE_POOL_AND_KILL_LEDGER.md:49:2. Boolean Gram: (A\mapsto AA^{\mathsf T}) over the Boolean semiring, with graph-square clock and ordered clique-cover fibres.  It is complete but would put a second Boolean-matrix carrier in the same batch.
/root/autodl-tmp/hilbert-polya-structure/symbolic_dynamics/docs/papers152_156_sequence/scouting/stochastic/SCOUT.md:74:| TCE | in a fixed graph choose an eligible nonedge with a common neighbour and add it | path history counts `1,1,4,204,280848,18163801920` for `n=2..7` | triadic-closure mechanism; endpoint and clock deterministic | **KILL** |
/root/autodl-tmp/hilbert-polya-structure/symbolic_dynamics/docs/papers152_156_sequence/scouting/stochastic/SCOUT.md:514:whose endpoints have a common neighbour and add that edge.  A connected graph
/root/autodl-tmp/hilbert-polya-structure/symbolic_dynamics/papers/171-boolean-gram-dynamics/main.tex:33:\title[Boolean Gram dynamics]{Boolean Gram Closure as a Finite Dynamical System}
/root/autodl-tmp/hilbert-polya-structure/symbolic_dynamics/docs/papers117_121_sequence/scouting/COMBINATORIAL_SCOUT.md:48:  common neighbours of odd current degree. This is simultaneous, not a
/root/autodl-tmp/hilbert-polya-structure/symbolic_dynamics/docs/papers117_121_sequence/scouting/COMBINATORIAL_SCOUT.md:107:   common-neighbour hypergraph can attack fixed points and cycle families.
/root/autodl-tmp/hilbert-polya-structure/symbolic_dynamics/docs/papers167_171_sequence/scouting/p170_replacement_lane/SCOUT.md:37:| `R05` | `B_ij=<R_i,R_j> mod 2` | at `n=4`: image 996, periods 1--4, tail 3 | classical Boolean Gram map `A -> AA^T`; direct linear-algebra engine and collision with P143/P168-style subspace/Gram machinery |
/root/autodl-tmp/symbolic_dynamics/docs/papers117_121_sequence/phase1/CANDIDATE_POOL_AND_KILL_LEDGER.md:91:| R4 | odd-common-neighbour toggle on Eulerian graphs | same additive-polynomial iterate as R1 | kill: same-engine/P97 |
/root/autodl-tmp/symbolic_dynamics/docs/papers197_201_sequence/scouting/graph_matching_lane/BREADTH_AND_KILL_LEDGER.md:14:| 4 | `LDF` | On a labelled simple graph, find the lexicographically least nonedge whose endpoints have an old common neighbour, add that one edge, and otherwise hold. | All graphs through `n=6`; at `n=6`: 32,768 states, image 15,593, 203 fixed graphs, maximum tail 10, unique maximum fibre 16. | Tail is the number of missing edges inside the initial connected components; fixed graphs are cluster graphs; deepest states are the `n^(n-2)` trees; every target has an admissible deleted-edge atlas. | **`KILL_GRAPH_SQUARE_CLOSURE`**.  This is graph-square/component-clique closure serialized by a lexicographic scheduler. |
/root/autodl-tmp/symbolic_dynamics/docs/papers197_201_sequence/scouting/second_replacement_20260905/CONTRACTS_AND_PROOF.md:91:path, and holds also for disconnected graphs. It is literally the metamour
/root/autodl-tmp/symbolic_dynamics/docs/papers197_201_sequence/scouting/second_replacement_20260905/CONTRACTS_AND_PROOF.md:106:**Disposition: KILL_EXACT_EXTERNAL_METAMOUR_OPERATOR.**
/root/autodl-tmp/symbolic_dynamics/docs/papers162_166_sequence/scouting/replacement_matchings_incidence/SCOUT.md:90:| `R02 UCN` | graph: join `i,j` iff they have exactly one common neighbour | `32768 / 10729 / 878 / {1,2} / 10` | long clock signal and fibres sought | **`KILL_COMPLEX_SMALL_SPECTRUM_NO_SPINE`** |
/root/autodl-tmp/symbolic_dynamics/docs/papers117_121_sequence/scouting/COMBINATORIAL_SCOUT.md:48:  common neighbours of odd current degree. This is simultaneous, not a
/root/autodl-tmp/symbolic_dynamics/docs/papers117_121_sequence/scouting/COMBINATORIAL_SCOUT.md:107:   common-neighbour hypergraph can attack fixed points and cycle families.
/root/autodl-tmp/symbolic_dynamics/docs/papers187_191_sequence/scouting/graph_lane/replacement/KILL_LEDGER.md:20:| **RX08 ETH** | All hypergraphs through `n=4` (`65,536` last-size families); exact `F^3=F`, last image `198`, depth at most one. | **KILL_POLARITY** | This is the common-neighbour operator for the symmetric predicate `|S intersect E|=1`; cubic collapse is generic polarity and belongs to the P106 firewall. |
/root/autodl-tmp/symbolic_dynamics/docs/papers162_166_sequence/scouting/replacement_stochastic_nonlinear/SCOUT.md:98:| `G05/OCN` | labelled graphs on five vertices; toggle sampled edge `uv` iff `u,v` have an odd number of common neighbours | `1024/5488/46/205/43\/1250/0/1..1/0` | Each labelled toggle is an involution because changing `uv` does not change its common-neighbour count, hence the kernel is doubly stochastic.  Edge/parity summaries are not lumpable. | Longer endpoints are an irregular involution-graph walk, not an absorbing transformation or a target atlas. | `KILL_INVOLUTION_GRAPH_NO_COMPRESSION` |
/root/autodl-tmp/symbolic_dynamics/docs/papers197_201_sequence/scouting/second_replacement_20260905/INTAKE.md:16:   common neighbor. This is not persistent graph-square closure.
/root/autodl-tmp/symbolic_dynamics/docs/papers172_176_sequence/scouting/root_parity_switch/SCOUT.md:107:- P171's graph square appears after Boolean Gram formation and closes graph
/root/autodl-tmp/symbolic_dynamics/docs/papers182_186_sequence/scouting/root_coordinator/SCOUT_AND_KILL_LEDGER.md:20:| `BGS` | Boolean matrices; symmetrize and square | component completion | **KILL P171**: Boolean Gram closure already occupies the exact power/closure package |
/root/autodl-tmp/symbolic_dynamics/docs/papers162_166_sequence/scouting/replacement_stochastic_nonlinear/verify_scout.py:450:    # G05: toggle a sampled edge iff its endpoints have odd common-neighbour count.
/root/autodl-tmp/symbolic_dynamics/docs/papers132_136_sequence/scouting/root/SCOUT.md:23:| X09 | graph of odd common-neighbour pairs | periods `1,2`, nontrivial tails | reserve only: exact matrix description exists, but collides with the P127 parity-matrix portfolio |
/root/autodl-tmp/symbolic_dynamics/docs/papers132_136_sequence/scouting/root/SCOUT.md:24:| X10 | toggle odd-common-neighbour pairs | periods `1,2,4` | reserve only: same P127 collision, and breadth does not isolate a clean invariant |
/root/autodl-tmp/symbolic_dynamics/docs/papers167_171_sequence/scouting/combinatorial_crossdomain/IDEA_LEDGER.md:36:| C21 CNT | Simple graphs; toggle each pair having an odd number of common neighbours. | Five vertices appears convergent with tail 4; six vertices already has periods 2 and 4. | **KILL.** Early convergence was a small-size mirage; matrix-parity collision. |
/root/autodl-tmp/symbolic_dynamics/docs/papers172_176_sequence/scouting/stochastic_matrix/SCOUT_AND_KILL_LEDGER.md:50:| `R02` | row-disjointness feedback `A <- not(AA^T)` in the Boolean semiring | Complete functional graphs through `n=3`; image sizes `2,5,18`, periods `1,2`, maximum tail `3` | **KILL P171 TRANSFER.** Complement of the Boolean Gram image; P171's graph-power and ordered-column fibres transfer after the complement splice. |
/root/autodl-tmp/symbolic_dynamics/docs/papers204_208_sequence/scouting/graph_geometry_third/SCOUT_REPORT.md:35:distance-two/metamour, ordinary graph powers, closure/bridge erasure, triangle
/root/autodl-tmp/symbolic_dynamics/docs/papers204_208_sequence/scouting/graph_relation/SCOUT_REPORT.md:46:  metamour operator has a direct external owner. No new attempt here.
/root/autodl-tmp/symbolic_dynamics/docs/papers204_208_sequence/scouting/ROOT_PREINTAKE_EXCLUSIONS_20260906.md:11:The literal odd-common-neighbour toggle appears as C21/CNT in the original
/root/autodl-tmp/symbolic_dynamics/docs/papers204_208_sequence/scouting/ROOT_PREINTAKE_EXCLUSIONS_20260906.md:24:squaring, common-neighbour parity, matrix dynamics (AB,BA), finite-group
/root/autodl-tmp/symbolic_dynamics/docs/papers162_166_sequence/scouting/replacement_matchings_incidence/verify_scout.py:425:def unique_common_neighbour(i, j, neighbours, _state, _edges):
/root/autodl-tmp/symbolic_dynamics/docs/papers162_166_sequence/scouting/replacement_matchings_incidence/verify_scout.py:740:    systems.append(("R02 UCN",) + simple_graph_system(6, unique_common_neighbour))
/root/autodl-tmp/symbolic_dynamics/papers/171-boolean-gram-dynamics/main.tex:33:\title[Boolean Gram dynamics]{Boolean Gram Closure as a Finite Dynamical System}
/root/autodl-tmp/symbolic_dynamics/docs/papers142_146_sequence/scouting/root/SCOUT_BOOLEAN_GRAM.md:1:# Root scout: Boolean Gram / row-intersection dynamics
/root/autodl-tmp/symbolic_dynamics/docs/papers142_146_sequence/scouting/root/SCOUT_BOOLEAN_GRAM.md:62:`verify_boolean_gram.py` exhausts all (2^{n^2}) states for (1\le n\le4), checks the graph-power clock and endpoint characterization source by source, verifies the fixed census and sharp path witness, and matches the fibre formula against every loop-compatible target.  The canonical run records 396,493 passing assertions.
/root/autodl-tmp/symbolic_dynamics/docs/papers142_146_sequence/scouting/root/SCOUT_BOOLEAN_GRAM.md:66:The graph-squaring tail is classical and must be credited as zero novelty.  The candidate residual is the literal Boolean-Gram self-map, the exact source-dependent clock from the first row-intersection graph, the sharp matrix witness, the complete fixed census, and the every-target ordered clique-cover fibre atlas.  It is close in carrier but not in mechanism to P127; portfolio selection should normally retain at most one Boolean-matrix candidate in this batch.
/root/autodl-tmp/symbolic_dynamics/docs/papers152_156_sequence/scouting/stochastic/SCOUT.md:74:| TCE | in a fixed graph choose an eligible nonedge with a common neighbour and add it | path history counts `1,1,4,204,280848,18163801920` for `n=2..7` | triadic-closure mechanism; endpoint and clock deterministic | **KILL** |
/root/autodl-tmp/symbolic_dynamics/docs/papers152_156_sequence/scouting/stochastic/SCOUT.md:514:whose endpoints have a common neighbour and add that edge.  A connected graph
/root/autodl-tmp/symbolic_dynamics/docs/papers132_136_sequence/scouting/root/cross_family_scout.py:338:    emit("X09", "simple graphs n<=6; odd common-neighbour graph", states, common_parity_graph)
/root/autodl-tmp/symbolic_dynamics/docs/papers132_136_sequence/scouting/root/cross_family_scout.py:341:        "simple graphs n<=6; toggle edges of odd common-neighbour graph",
/root/autodl-tmp/symbolic_dynamics/docs/papers167_171_sequence/scouting/p170_replacement_lane/SCOUT.md:37:| `R05` | `B_ij=<R_i,R_j> mod 2` | at `n=4`: image 996, periods 1--4, tail 3 | classical Boolean Gram map `A -> AA^T`; direct linear-algebra engine and collision with P143/P168-style subspace/Gram machinery |
/root/autodl-tmp/symbolic_dynamics/docs/papers197_201_sequence/scouting/second_replacement_20260905/BREADTH_LEDGER.tsv:3:D2G	DOCUMENTED_PROPOSAL	1	0	KILL_EXACT_EXTERNAL_METAMOUR_OPERATOR	Simple labelled graphs; uv enters output iff old graph distance is exactly two	Every graph n=0..6	Exactly Erickson et al. arXiv2409.02306 Def2.1, including labelled equality. Empty fibre Bell law only an old-operator control.
/root/autodl-tmp/symbolic_dynamics/docs/papers117_121_sequence/scouting/ROOT_SCOUT.md:80:## R4 — odd-common-neighbour toggling on Eulerian graphs
/root/autodl-tmp/symbolic_dynamics/docs/papers204_208_sequence/scouting/algebra/PROOF_NOTES.md:130:used. In the power-set case P is the common-neighbor map of any symmetric
/root/autodl-tmp/symbolic_dynamics/docs/papers142_146_sequence/phase1/CANDIDATE_POOL_AND_KILL_LEDGER.md:15:| root relation/matrix controls | 2 | 661,166 | row-inclusion selected owner-thin; Boolean Gram reserve |
/root/autodl-tmp/symbolic_dynamics/docs/papers142_146_sequence/phase1/CANDIDATE_POOL_AND_KILL_LEDGER.md:38:- Directed relation path doubling and Boolean Gram dynamics have correct sharp clocks, but graph/relation powers are classical.  Boolean Gram remains a reserve only because its complete ordered clique-cover fibre atlas adds a real inverse axis.
/root/autodl-tmp/symbolic_dynamics/docs/papers142_146_sequence/phase1/CANDIDATE_POOL_AND_KILL_LEDGER.md:49:2. Boolean Gram: (A\mapsto AA^{\mathsf T}) over the Boolean semiring, with graph-square clock and ordered clique-cover fibres.  It is complete but would put a second Boolean-matrix carrier in the same batch.
/root/autodl-tmp/symbolic_dynamics/docs/papers204_208_sequence/scouting/finite_systems_twelfth/INTAKE.md:34:The initial ideas UCN (unique common-neighbor graph), quartic Hessian,
