/root/autodl-tmp/hilbert-polya-structure/symbolic_dynamics/docs/papers122_126_sequence/scouting/combinatorial/SCOUT.md:258:  [“Bottleneck extrema” (primary scan)](https://web.vu.lt/mif/s.jukna/EC_Book_2nd/Edmonds-Fulkerson.pdf),
/root/autodl-tmp/hilbert-polya-structure/symbolic_dynamics/docs/papers132_136_sequence/replacement_scout/combinatorial/verify_combinatorial_scout.py:635:    deleted = min(maxima)
/root/autodl-tmp/hilbert-polya-structure/symbolic_dynamics/docs/papers182_186_sequence/scouting/combinatorial_lane/SCOUT_AND_KILL_LEDGER.md:18:| `C11 / DTR` | Simple labelled graphs; regenerate `uv` iff `deg_G(u)+deg_G(v)>=n`. | Every graph through six vertices; final box has image 1,974, 944 fixed graphs, and maximum tail 3; all tested recurrence is fixed. | Threshold fixed graphs, convergence, degree-sequence fibres. | **`KILL_OWNER_DENSE_NO_INVERSE`.** Degree-threshold graph transforms are a mature silhouette, and target recovery is a coupled graphical-sequence problem. |
/root/autodl-tmp/hilbert-polya-structure/symbolic_dynamics/docs/papers162_166_sequence/scouting/random_cycle_deletion/SCOUT.md:10:two-axis paper threshold.  Once cycle supports are exposed, its forward chain
/root/autodl-tmp/hilbert-polya-structure/docs/papers204_208_sequence/scouting/word_local/LUB_PROOF_WORK/PROOF_AND_DISPOSITION.md:57:1. Nested threshold components and their boundary vertices recover an old
/root/autodl-tmp/hilbert-polya-structure/symbolic_dynamics/docs/papers142_146_sequence/scouting/stochastic/verify_stochastic_scout.py:503:        f"mean_extrema(n:min/max)={','.join(extrema)}"
/root/autodl-tmp/hilbert-polya-structure/symbolic_dynamics/docs/papers157_161_sequence/scouting/combinatorial/verify_combinatorial_scout.py:100:def sibling_bottleneck(tree: tuple) -> int:
/root/autodl-tmp/hilbert-polya-structure/symbolic_dynamics/docs/papers157_161_sequence/scouting/combinatorial/verify_combinatorial_scout.py:103:    def visit(node: tuple, bottleneck: int) -> None:
/root/autodl-tmp/hilbert-polya-structure/symbolic_dynamics/docs/papers157_161_sequence/scouting/combinatorial/verify_combinatorial_scout.py:106:            child_bottleneck = min(bottleneck, index)
/root/autodl-tmp/hilbert-polya-structure/symbolic_dynamics/docs/papers157_161_sequence/scouting/combinatorial/verify_combinatorial_scout.py:107:            answer = max(answer, child_bottleneck)
/root/autodl-tmp/hilbert-polya-structure/symbolic_dynamics/docs/papers157_161_sequence/scouting/combinatorial/verify_combinatorial_scout.py:108:            visit(child, child_bottleneck)
/root/autodl-tmp/hilbert-polya-structure/symbolic_dynamics/docs/papers157_161_sequence/scouting/combinatorial/verify_combinatorial_scout.py:171:            A.check(lcp_tail(tree) == sibling_bottleneck(tree), tree)
/root/autodl-tmp/hilbert-polya-structure/symbolic_dynamics/docs/papers157_161_sequence/scouting/combinatorial/verify_combinatorial_scout.py:562:    maximum = n if maximum is None else min(maximum, n)
/root/autodl-tmp/hilbert-polya-structure/symbolic_dynamics/docs/papers137_141_sequence/phase1/CANDIDATE_POOL_AND_KILL_LEDGER.md:35:| P141 | weighted exponential-priority greedy MIS on threshold graphs | reverse stick-breaking endpoint law, inverse hazards, PGF/marginals, exact residual-state clock recursion | **owner-thin internal contract** |
/root/autodl-tmp/hilbert-polya-structure/symbolic_dynamics/docs/papers157_161_sequence/scouting/combinatorial/SCOUT.md:13:   plane-tree vertex, has an exact pointwise sibling-bottleneck clock and a
/root/autodl-tmp/hilbert-polya-structure/symbolic_dynamics/docs/papers157_161_sequence/scouting/combinatorial/SCOUT.md:37:| 1 | `LCP` | plane trees; recursively discard each vertex's first child subtree | exact iterate, sibling-bottleneck clock, every-target inverse OGF | **`SELECT_FOCUSED`** |
/root/autodl-tmp/symbolic_dynamics/docs/papers122_126_sequence/scouting/combinatorial/SCOUT.md:258:  [“Bottleneck extrema” (primary scan)](https://web.vu.lt/mif/s.jukna/EC_Book_2nd/Edmonds-Fulkerson.pdf),
/root/autodl-tmp/hilbert-polya-structure/symbolic_dynamics/papers/49-transient-phase-allocation-tree-shifts/paper/sections/02_related_work.tex:22:tree metric and supplies matched upper and lower bounds for a frozen complete
/root/autodl-tmp/hilbert-polya-structure/symbolic_dynamics/papers/49-transient-phase-allocation-tree-shifts/paper/sections/02_related_work.tex:54:& Hausdorff dimension in the rooted-tree metric; nonlinear variational theory
/root/autodl-tmp/hilbert-polya-structure/symbolic_dynamics/docs/papers157_161_sequence/phase1/combinatorial_gate/THEOREM_CONTRACTS_AND_PROOFS.md:63:least empty rank is the maximum bottleneck.  A nonsingleton has a child of
/root/autodl-tmp/hilbert-polya-structure/symbolic_dynamics/docs/papers157_161_sequence/phase1/combinatorial_gate/THEOREM_CONTRACTS_AND_PROOFS.md:65:Finally every bottleneck is at most the root degree, which is at most `n-1`,
/root/autodl-tmp/symbolic_dynamics/docs/papers157_161_sequence/scouting/combinatorial/SCOUT.md:13:   plane-tree vertex, has an exact pointwise sibling-bottleneck clock and a
/root/autodl-tmp/symbolic_dynamics/docs/papers157_161_sequence/scouting/combinatorial/SCOUT.md:37:| 1 | `LCP` | plane trees; recursively discard each vertex's first child subtree | exact iterate, sibling-bottleneck clock, every-target inverse OGF | **`SELECT_FOCUSED`** |
/root/autodl-tmp/hilbert-polya-structure/symbolic_dynamics/papers/39-affine-obstruction-dag-closure-certificate/sections/A_ledgers_and_proofs.tex:210:\paragraph{Weighted trees.}
/root/autodl-tmp/hilbert-polya-structure/symbolic_dynamics/docs/papers162_166_sequence/scouting/replacement_matchings_incidence/SCOUT.md:93:| `S01 KUN` | subsets of `KG(5,2)`: keep vertices with exactly one selected neighbour | `1024 / 483 / 52 / {1,2} / 5` | temporal and target axes sought | **`KILL_THRESHOLD_GRAPH_NO_SPINE`** |
/root/autodl-tmp/hilbert-polya-structure/symbolic_dynamics/docs/papers162_166_sequence/scouting/replacement_matchings_incidence/SCOUT.md:94:| `S02 JEX` | subsets of `J(5,2)`: keep vertices with exactly two selected neighbours | `1024 / 253 / 262 / {1,3} / 5` | temporal and target axes sought | **`KILL_THRESHOLD_GRAPH_NO_SPINE`** |
/root/autodl-tmp/symbolic_dynamics/docs/papers132_136_sequence/replacement_scout/combinatorial/verify_combinatorial_scout.py:635:    deleted = min(maxima)
/root/autodl-tmp/symbolic_dynamics/docs/papers162_166_sequence/scouting/replacement_matchings_incidence/SCOUT.md:93:| `S01 KUN` | subsets of `KG(5,2)`: keep vertices with exactly one selected neighbour | `1024 / 483 / 52 / {1,2} / 5` | temporal and target axes sought | **`KILL_THRESHOLD_GRAPH_NO_SPINE`** |
/root/autodl-tmp/symbolic_dynamics/docs/papers162_166_sequence/scouting/replacement_matchings_incidence/SCOUT.md:94:| `S02 JEX` | subsets of `J(5,2)`: keep vertices with exactly two selected neighbours | `1024 / 253 / 262 / {1,3} / 5` | temporal and target axes sought | **`KILL_THRESHOLD_GRAPH_NO_SPINE`** |
/root/autodl-tmp/symbolic_dynamics/docs/papers142_146_sequence/scouting/stochastic/verify_stochastic_scout.py:503:        f"mean_extrema(n:min/max)={','.join(extrema)}"
/root/autodl-tmp/hilbert-polya-structure/symbolic_dynamics/papers/128-translation-gcd-depth-fibres/main.tex:278:The difference isolates the two nested depth thresholds.  At $t=0$, the
/root/autodl-tmp/symbolic_dynamics/docs/papers182_186_sequence/scouting/combinatorial_lane/SCOUT_AND_KILL_LEDGER.md:18:| `C11 / DTR` | Simple labelled graphs; regenerate `uv` iff `deg_G(u)+deg_G(v)>=n`. | Every graph through six vertices; final box has image 1,974, 944 fixed graphs, and maximum tail 3; all tested recurrence is fixed. | Threshold fixed graphs, convergence, degree-sequence fibres. | **`KILL_OWNER_DENSE_NO_INVERSE`.** Degree-threshold graph transforms are a mature silhouette, and target recovery is a coupled graphical-sequence problem. |
/root/autodl-tmp/symbolic_dynamics/docs/prior_work/legacy/4-riemann_logistic/paper/sr/main.tex:558:bottlenecks of massive discrete grids while preserving the system's
/root/autodl-tmp/symbolic_dynamics/docs/prior_work/legacy/4-riemann_logistic/paper/sr/main.tex:578:To break through the dual bottlenecks of computational scalability and
/root/autodl-tmp/symbolic_dynamics/docs/prior_work/legacy/4-riemann_logistic/paper/sr/main.tex:1474:bottleneck, inevitably leading to system collapse.
/root/autodl-tmp/symbolic_dynamics/docs/prior_work/legacy/4-riemann_logistic/paper/sr/main.tex:1560:memory bus bottlenecks on the 128-core supercomputing cluster---the
/root/autodl-tmp/symbolic_dynamics/docs/papers162_166_sequence/scouting/random_cycle_deletion/SCOUT.md:10:two-axis paper threshold.  Once cycle supports are exposed, its forward chain
/root/autodl-tmp/symbolic_dynamics/docs/papers157_161_sequence/scouting/combinatorial/verify_combinatorial_scout.py:100:def sibling_bottleneck(tree: tuple) -> int:
/root/autodl-tmp/symbolic_dynamics/docs/papers157_161_sequence/scouting/combinatorial/verify_combinatorial_scout.py:103:    def visit(node: tuple, bottleneck: int) -> None:
/root/autodl-tmp/symbolic_dynamics/docs/papers157_161_sequence/scouting/combinatorial/verify_combinatorial_scout.py:106:            child_bottleneck = min(bottleneck, index)
/root/autodl-tmp/symbolic_dynamics/docs/papers157_161_sequence/scouting/combinatorial/verify_combinatorial_scout.py:107:            answer = max(answer, child_bottleneck)
/root/autodl-tmp/symbolic_dynamics/docs/papers157_161_sequence/scouting/combinatorial/verify_combinatorial_scout.py:108:            visit(child, child_bottleneck)
/root/autodl-tmp/symbolic_dynamics/docs/papers157_161_sequence/scouting/combinatorial/verify_combinatorial_scout.py:171:            A.check(lcp_tail(tree) == sibling_bottleneck(tree), tree)
/root/autodl-tmp/symbolic_dynamics/docs/papers157_161_sequence/scouting/combinatorial/verify_combinatorial_scout.py:562:    maximum = n if maximum is None else min(maximum, n)
/root/autodl-tmp/hilbert-polya-structure/symbolic_dynamics/papers/141-weighted-threshold-greedy-mis/main.tex:34:\title{Weighted Reverse-Stick Laws for Random Greedy Independent Sets on Threshold Graphs}
/root/autodl-tmp/hilbert-polya-structure/symbolic_dynamics/papers/141-weighted-threshold-greedy-mis/main.tex:41:The support of maximal independent sets of a threshold graph and the generic
/root/autodl-tmp/hilbert-polya-structure/symbolic_dynamics/papers/141-weighted-threshold-greedy-mis/main.tex:61:large modern theory \citep{krivelevichetal2024}.  Threshold graphs and the
/root/autodl-tmp/hilbert-polya-structure/symbolic_dynamics/papers/141-weighted-threshold-greedy-mis/main.tex:68:Let $v_1,\ldots,v_n$ be a threshold-graph creation order.  Set $b_1=0$; for
/root/autodl-tmp/hilbert-polya-structure/symbolic_dynamics/papers/141-weighted-threshold-greedy-mis/main.tex:93:The following is the threshold-graph maximal-independent-set support stated
/root/autodl-tmp/symbolic_dynamics/papers/39-affine-obstruction-dag-closure-certificate/sections/A_ledgers_and_proofs.tex:210:\paragraph{Weighted trees.}
/root/autodl-tmp/hilbert-polya-structure/symbolic_dynamics/papers/49-transient-phase-allocation-tree-shifts/paper/sections/03_setting.tex:24:\begin{definition}[Rooted-tree metric]
/root/autodl-tmp/symbolic_dynamics/papers/141-weighted-threshold-greedy-mis/main.tex:34:\title{Weighted Reverse-Stick Laws for Random Greedy Independent Sets on Threshold Graphs}
/root/autodl-tmp/symbolic_dynamics/papers/141-weighted-threshold-greedy-mis/main.tex:41:The support of maximal independent sets of a threshold graph and the generic
/root/autodl-tmp/symbolic_dynamics/papers/141-weighted-threshold-greedy-mis/main.tex:61:large modern theory \citep{krivelevichetal2024}.  Threshold graphs and the
/root/autodl-tmp/symbolic_dynamics/papers/141-weighted-threshold-greedy-mis/main.tex:68:Let $v_1,\ldots,v_n$ be a threshold-graph creation order.  Set $b_1=0$; for
/root/autodl-tmp/symbolic_dynamics/papers/141-weighted-threshold-greedy-mis/main.tex:93:The following is the threshold-graph maximal-independent-set support stated
/root/autodl-tmp/symbolic_dynamics/papers/128-translation-gcd-depth-fibres/main.tex:278:The difference isolates the two nested depth thresholds.  At $t=0$, the
/root/autodl-tmp/symbolic_dynamics/docs/prior_work/legacy/4-riemann_logistic/paper/fracfract/main.tex:600:bottlenecks of massive discrete grids while preserving the system's
/root/autodl-tmp/symbolic_dynamics/docs/prior_work/legacy/4-riemann_logistic/paper/fracfract/main.tex:620:To break through the dual bottlenecks of computational scalability and
/root/autodl-tmp/symbolic_dynamics/docs/prior_work/legacy/4-riemann_logistic/paper/fracfract/main.tex:1477:bottleneck, inevitably leading to system collapse.
/root/autodl-tmp/symbolic_dynamics/docs/prior_work/legacy/4-riemann_logistic/paper/fracfract/main.tex:1565:memory bus bottlenecks on the 128-core supercomputing cluster---the
/root/autodl-tmp/symbolic_dynamics/docs/papers157_161_sequence/phase1/combinatorial_gate/THEOREM_CONTRACTS_AND_PROOFS.md:63:least empty rank is the maximum bottleneck.  A nonsingleton has a child of
/root/autodl-tmp/symbolic_dynamics/docs/papers157_161_sequence/phase1/combinatorial_gate/THEOREM_CONTRACTS_AND_PROOFS.md:65:Finally every bottleneck is at most the root degree, which is at most `n-1`,
/root/autodl-tmp/symbolic_dynamics/docs/papers137_141_sequence/phase1/CANDIDATE_POOL_AND_KILL_LEDGER.md:35:| P141 | weighted exponential-priority greedy MIS on threshold graphs | reverse stick-breaking endpoint law, inverse hazards, PGF/marginals, exact residual-state clock recursion | **owner-thin internal contract** |
/root/autodl-tmp/symbolic_dynamics/docs/papers204_208_sequence/scouting/word_local/LUB_PROOF_WORK/PROOF_AND_DISPOSITION.md:57:1. Nested threshold components and their boundary vertices recover an old
/root/autodl-tmp/symbolic_dynamics/papers/49-transient-phase-allocation-tree-shifts/paper/sections/03_setting.tex:24:\begin{definition}[Rooted-tree metric]
/root/autodl-tmp/symbolic_dynamics/papers/49-transient-phase-allocation-tree-shifts/paper/sections/02_related_work.tex:22:tree metric and supplies matched upper and lower bounds for a frozen complete
/root/autodl-tmp/symbolic_dynamics/papers/49-transient-phase-allocation-tree-shifts/paper/sections/02_related_work.tex:54:& Hausdorff dimension in the rooted-tree metric; nonlinear variational theory
/root/autodl-tmp/symbolic_dynamics/docs/prior_work/legacy/4-riemann_logistic/paper/fracfract/body_src.tex:559:bottlenecks of massive discrete grids while preserving the system's
/root/autodl-tmp/symbolic_dynamics/docs/prior_work/legacy/4-riemann_logistic/paper/fracfract/body_src.tex:579:To break through the dual bottlenecks of computational scalability and
/root/autodl-tmp/symbolic_dynamics/docs/prior_work/legacy/4-riemann_logistic/paper/fracfract/body_src.tex:1480:bottleneck, inevitably leading to system collapse.
/root/autodl-tmp/symbolic_dynamics/docs/prior_work/legacy/4-riemann_logistic/paper/fracfract/body_src.tex:1566:memory bus bottlenecks on the 128-core supercomputing cluster---the
