AUTHOR_EXECUTION.md: OK
AUTHOR_REPLAY.md: OK
CANONICAL.json: OK
CLAIMS_EVIDENCE.md: OK
INTEGRITY_REVIEW.md: OK
NARRATIVE_REPORT.md: OK
PAPER_PLAN.md: OK
PROOF_PACKAGE.md: OK
README.md: OK
ROUND0_BUILD_REPORT.md: OK
SOURCE_AUDIT.md: OK
author_replay/OWNED_MANIFEST.sha256: OK
author_replay/export_pair.py: OK
author_replay/export_pair_01/MANIFEST.sha256: OK
author_replay/export_pair_01/RECEIPT.json: OK
author_replay/export_pair_01/run1.canonical.cmp.stderr: OK
author_replay/export_pair_01/run1.canonical.cmp.stdout: OK
author_replay/export_pair_01/run1.original.cmp.stderr: OK
author_replay/export_pair_01/run1.original.cmp.stdout: OK
author_replay/export_pair_01/run2.canonical.cmp.stderr: OK
author_replay/export_pair_01/run2.canonical.cmp.stdout: OK
author_replay/export_pair_01/run2.original.cmp.stderr: OK
author_replay/export_pair_01/run2.original.cmp.stdout: OK
author_replay/initial_01/CANONICAL.input.json: OK
author_replay/initial_01/INPUT_PINS.after.sha256: OK
author_replay/initial_01/INPUT_PINS.before.sha256: OK
author_replay/initial_01/MANIFEST.sha256: OK
author_replay/initial_01/RECEIPT.json: OK
author_replay/initial_01/canonical_live.cmp.stderr: OK
author_replay/initial_01/canonical_live.cmp.stdout: OK
author_replay/initial_01/python_version.stderr: OK
author_replay/initial_01/python_version.stdout: OK
author_replay/initial_01/run0.canonical.cmp.stderr: OK
author_replay/initial_01/run0.canonical.cmp.stdout: OK
author_replay/initial_01/run0.stderr: OK
author_replay/initial_01/run0.stdout: OK
author_replay/initial_01/source_inputs/docs/papers204_208_sequence/ARTIFACT_CONTRACT.md: OK
author_replay/initial_01/source_inputs/docs/papers204_208_sequence/FINAL_THEOREM_CONTRACTS.md: OK
author_replay/initial_01/source_inputs/docs/papers204_208_sequence/scouting/word_local/LNR_INVERSE_WORK/CANONICAL.json: OK
author_replay/initial_01/source_inputs/docs/papers204_208_sequence/scouting/word_local/LNR_INVERSE_WORK/MANIFEST.sha256: OK
author_replay/initial_01/source_inputs/docs/papers204_208_sequence/scouting/word_local/LNR_INVERSE_WORK/PROOF_PACKAGE.md: OK
author_replay/initial_01/source_inputs/docs/papers204_208_sequence/scouting/word_local/LNR_INVERSE_WORK/SOURCE_BOUNDARY.md: OK
author_replay/initial_01/source_inputs/docs/papers204_208_sequence/scouting/word_local/LNR_INVERSE_WORK/verify_inverse.py: OK
author_replay/initial_01/source_inputs/docs/papers204_208_sequence/scouting/word_local/UGR_GATE/CANDIDATE_GATE.md: OK
author_replay/initial_01/source_inputs/docs/papers204_208_sequence/scouting/word_local/UGR_GATE/INPUT_PINS.sha256: OK
author_replay/initial_01/source_inputs/docs/papers204_208_sequence/scouting/word_local/UGR_GATE/MANIFEST.sha256: OK
author_replay/initial_01/source_inputs/docs/papers204_208_sequence/scouting/word_local/UGR_GATE/SOURCE_AUDIT.md: OK
author_replay/initial_01/source_inputs/docs/papers204_208_sequence/scouting/word_local/UGR_PROOF_WORK/CANONICAL.json: OK
author_replay/initial_01/source_inputs/docs/papers204_208_sequence/scouting/word_local/UGR_PROOF_WORK/MANIFEST.sha256: OK
author_replay/initial_01/source_inputs/docs/papers204_208_sequence/scouting/word_local/UGR_PROOF_WORK/PROOF_PACKAGE.md: OK
author_replay/initial_01/source_inputs/docs/papers204_208_sequence/scouting/word_local/UGR_PROOF_WORK/verify_ugr.py: OK
author_replay/initial_01/source_inputs/papers/207-upper-neighbor-rank-dynamics/record_author.py: OK
author_replay/initial_01/source_inputs/papers/207-upper-neighbor-rank-dynamics/verify.py: OK
author_replay/initial_01/verify.py: OK
author_replay/pair_01/CANONICAL.input.json: OK
author_replay/pair_01/INPUT_PINS.after.sha256: OK
author_replay/pair_01/INPUT_PINS.before.sha256: OK
author_replay/pair_01/MANIFEST.sha256: OK
author_replay/pair_01/RECEIPT.json: OK
author_replay/pair_01/canonical_live.cmp.stderr: OK
author_replay/pair_01/canonical_live.cmp.stdout: OK
author_replay/pair_01/pair.cmp.stderr: OK
author_replay/pair_01/pair.cmp.stdout: OK
author_replay/pair_01/python_version.stderr: OK
author_replay/pair_01/python_version.stdout: OK
author_replay/pair_01/run1.canonical.cmp.stderr: OK
author_replay/pair_01/run1.canonical.cmp.stdout: OK
author_replay/pair_01/run1.stderr: OK
author_replay/pair_01/run1.stdout: OK
author_replay/pair_01/run2.canonical.cmp.stderr: OK
author_replay/pair_01/run2.canonical.cmp.stdout: OK
author_replay/pair_01/run2.stderr: OK
author_replay/pair_01/run2.stdout: OK
author_replay/pair_01/source_inputs/docs/papers204_208_sequence/ARTIFACT_CONTRACT.md: OK
author_replay/pair_01/source_inputs/docs/papers204_208_sequence/FINAL_THEOREM_CONTRACTS.md: OK
author_replay/pair_01/source_inputs/docs/papers204_208_sequence/scouting/word_local/LNR_INVERSE_WORK/CANONICAL.json: OK
author_replay/pair_01/source_inputs/docs/papers204_208_sequence/scouting/word_local/LNR_INVERSE_WORK/MANIFEST.sha256: OK
author_replay/pair_01/source_inputs/docs/papers204_208_sequence/scouting/word_local/LNR_INVERSE_WORK/PROOF_PACKAGE.md: OK
author_replay/pair_01/source_inputs/docs/papers204_208_sequence/scouting/word_local/LNR_INVERSE_WORK/SOURCE_BOUNDARY.md: OK
author_replay/pair_01/source_inputs/docs/papers204_208_sequence/scouting/word_local/LNR_INVERSE_WORK/verify_inverse.py: OK
author_replay/pair_01/source_inputs/docs/papers204_208_sequence/scouting/word_local/UGR_GATE/CANDIDATE_GATE.md: OK
author_replay/pair_01/source_inputs/docs/papers204_208_sequence/scouting/word_local/UGR_GATE/INPUT_PINS.sha256: OK
author_replay/pair_01/source_inputs/docs/papers204_208_sequence/scouting/word_local/UGR_GATE/MANIFEST.sha256: OK
author_replay/pair_01/source_inputs/docs/papers204_208_sequence/scouting/word_local/UGR_GATE/SOURCE_AUDIT.md: OK
author_replay/pair_01/source_inputs/docs/papers204_208_sequence/scouting/word_local/UGR_PROOF_WORK/CANONICAL.json: OK
author_replay/pair_01/source_inputs/docs/papers204_208_sequence/scouting/word_local/UGR_PROOF_WORK/MANIFEST.sha256: OK
author_replay/pair_01/source_inputs/docs/papers204_208_sequence/scouting/word_local/UGR_PROOF_WORK/PROOF_PACKAGE.md: OK
author_replay/pair_01/source_inputs/docs/papers204_208_sequence/scouting/word_local/UGR_PROOF_WORK/verify_ugr.py: OK
author_replay/pair_01/source_inputs/papers/207-upper-neighbor-rank-dynamics/record_author.py: OK
author_replay/pair_01/source_inputs/papers/207-upper-neighbor-rank-dynamics/verify.py: OK
author_replay/pair_01/verify.py: OK
author_replay/run1.stdout: OK
author_replay/run2.stdout: OK
main.pdf: OK
main.tex: OK
math_commands.tex: OK
record_author.py: OK
references.bib: OK
sections/00_abstract.tex: OK
sections/01_setup.tex: OK
sections/02_temporal.tex: OK
sections/03_core_seed.tex: OK
sections/04_fibres.tex: OK
sections/05_scope.tex: OK
verify.py: OK
