	linux-vdso.so.1 (0x00007ffc4b9ab000)
	libpoppler.so.118 => /usr/lib/x86_64-linux-gnu/libpoppler.so.118 (0x00007f487551d000)
	liblcms2.so.2 => /usr/lib/x86_64-linux-gnu/liblcms2.so.2 (0x00007f48754bb000)
	libstdc++.so.6 => /usr/lib/x86_64-linux-gnu/libstdc++.so.6 (0x00007f487528f000)
	libm.so.6 => /usr/lib/x86_64-linux-gnu/libm.so.6 (0x00007f48751a8000)
	libc.so.6 => /usr/lib/x86_64-linux-gnu/libc.so.6 (0x00007f4874f7f000)
	libfreetype.so.6 => /usr/lib/x86_64-linux-gnu/libfreetype.so.6 (0x00007f4874eb5000)
	libfontconfig.so.1 => /usr/lib/x86_64-linux-gnu/libfontconfig.so.1 (0x00007f4874e6b000)
	libjpeg.so.8 => /usr/lib/x86_64-linux-gnu/libjpeg.so.8 (0x00007f4874dea000)
	libz.so.1 => /usr/lib/x86_64-linux-gnu/libz.so.1 (0x00007f4874dce000)
	libopenjp2.so.7 => /usr/lib/x86_64-linux-gnu/libopenjp2.so.7 (0x00007f4874d76000)
	libpng16.so.16 => /usr/lib/x86_64-linux-gnu/libpng16.so.16 (0x00007f4874d3b000)
	libtiff.so.5 => /usr/lib/x86_64-linux-gnu/libtiff.so.5 (0x00007f4874cb1000)
	libnss3.so => /usr/lib/x86_64-linux-gnu/libnss3.so (0x00007f4874b80000)
	libsmime3.so => /usr/lib/x86_64-linux-gnu/libsmime3.so (0x00007f4874b56000)
	libplc4.so => /usr/lib/x86_64-linux-gnu/libplc4.so (0x00007f4874b4f000)
	libnspr4.so => /usr/lib/x86_64-linux-gnu/libnspr4.so (0x00007f4874b0f000)
	/lib64/ld-linux-x86-64.so.2 (0x00007f4875894000)
	libgcc_s.so.1 => /usr/lib/x86_64-linux-gnu/libgcc_s.so.1 (0x00007f4874aef000)
	libbrotlidec.so.1 => /usr/lib/x86_64-linux-gnu/libbrotlidec.so.1 (0x00007f4874adf000)
	libexpat.so.1 => /usr/lib/x86_64-linux-gnu/libexpat.so.1 (0x00007f4874aae000)
	libuuid.so.1 => /usr/lib/x86_64-linux-gnu/libuuid.so.1 (0x00007f4874aa5000)
	libwebp.so.7 => /usr/lib/x86_64-linux-gnu/libwebp.so.7 (0x00007f4874a38000)
	libzstd.so.1 => /usr/lib/x86_64-linux-gnu/libzstd.so.1 (0x00007f4874969000)
	liblzma.so.5 => /usr/lib/x86_64-linux-gnu/liblzma.so.5 (0x00007f487493c000)
	libjbig.so.0 => /usr/lib/x86_64-linux-gnu/libjbig.so.0 (0x00007f487492b000)
	libdeflate.so.0 => /usr/lib/x86_64-linux-gnu/libdeflate.so.0 (0x00007f4874907000)
	libnssutil3.so => /usr/lib/x86_64-linux-gnu/libnssutil3.so (0x00007f48748d4000)
	libplds4.so => /usr/lib/x86_64-linux-gnu/libplds4.so (0x00007f48748cf000)
	libbrotlicommon.so.1 => /usr/lib/x86_64-linux-gnu/libbrotlicommon.so.1 (0x00007f48748aa000)
