/root/miniconda3/bin/python3.12:
	linux-vdso.so.1 (0x00007fff83963000)
	libpthread.so.0 => /usr/lib/x86_64-linux-gnu/libpthread.so.0 (0x00007fd1896a8000)
	libdl.so.2 => /usr/lib/x86_64-linux-gnu/libdl.so.2 (0x00007fd1896a3000)
	libutil.so.1 => /usr/lib/x86_64-linux-gnu/libutil.so.1 (0x00007fd18969e000)
	libm.so.6 => /usr/lib/x86_64-linux-gnu/libm.so.6 (0x00007fd1895b7000)
	libc.so.6 => /usr/lib/x86_64-linux-gnu/libc.so.6 (0x00007fd18938e000)
	/lib64/ld-linux-x86-64.so.2 (0x00007fd1896c0000)
/root/miniconda3/lib/python3.12/lib-dynload/_asyncio.cpython-312-x86_64-linux-gnu.so:
	linux-vdso.so.1 (0x00007ffef4b4c000)
	libc.so.6 => /usr/lib/x86_64-linux-gnu/libc.so.6 (0x00007f4a27223000)
	/lib64/ld-linux-x86-64.so.2 (0x00007f4a27472000)
/root/miniconda3/lib/python3.12/lib-dynload/_bisect.cpython-312-x86_64-linux-gnu.so:
	linux-vdso.so.1 (0x00007fffbc173000)
	libc.so.6 => /usr/lib/x86_64-linux-gnu/libc.so.6 (0x00007f33003b9000)
	/lib64/ld-linux-x86-64.so.2 (0x00007f33005fd000)
/root/miniconda3/lib/python3.12/lib-dynload/_blake2.cpython-312-x86_64-linux-gnu.so:
	linux-vdso.so.1 (0x00007ffd67d89000)
	libc.so.6 => /usr/lib/x86_64-linux-gnu/libc.so.6 (0x00007f9000da8000)
	/lib64/ld-linux-x86-64.so.2 (0x00007f9000ff2000)
/root/miniconda3/lib/python3.12/lib-dynload/_bz2.cpython-312-x86_64-linux-gnu.so:
	linux-vdso.so.1 (0x00007ffeabbda000)
	libbz2.so.1.0 => /root/miniconda3/lib/python3.12/lib-dynload/../../libbz2.so.1.0 (0x00007fe3ea76b000)
	libc.so.6 => /usr/lib/x86_64-linux-gnu/libc.so.6 (0x00007fe3ea531000)
	/lib64/ld-linux-x86-64.so.2 (0x00007fe3ea789000)
/root/miniconda3/lib/python3.12/lib-dynload/_codecs_cn.cpython-312-x86_64-linux-gnu.so:
	linux-vdso.so.1 (0x00007fff9c193000)
	libc.so.6 => /usr/lib/x86_64-linux-gnu/libc.so.6 (0x00007fb5eae37000)
	/lib64/ld-linux-x86-64.so.2 (0x00007fb5eb09b000)
/root/miniconda3/lib/python3.12/lib-dynload/_codecs_hk.cpython-312-x86_64-linux-gnu.so:
	linux-vdso.so.1 (0x00007fff8d3da000)
	libc.so.6 => /usr/lib/x86_64-linux-gnu/libc.so.6 (0x00007f58c4568000)
	/lib64/ld-linux-x86-64.so.2 (0x00007f58c47cd000)
/root/miniconda3/lib/python3.12/lib-dynload/_codecs_iso2022.cpython-312-x86_64-linux-gnu.so:
	linux-vdso.so.1 (0x00007ffc072a1000)
	libc.so.6 => /usr/lib/x86_64-linux-gnu/libc.so.6 (0x00007f6271c00000)
	/lib64/ld-linux-x86-64.so.2 (0x00007f6271e45000)
/root/miniconda3/lib/python3.12/lib-dynload/_codecs_jp.cpython-312-x86_64-linux-gnu.so:
	linux-vdso.so.1 (0x00007fff8f7ef000)
	libc.so.6 => /usr/lib/x86_64-linux-gnu/libc.so.6 (0x00007fb3104f1000)
	/lib64/ld-linux-x86-64.so.2 (0x00007fb310771000)
/root/miniconda3/lib/python3.12/lib-dynload/_codecs_kr.cpython-312-x86_64-linux-gnu.so:
	linux-vdso.so.1 (0x00007fff6e7cb000)
	libc.so.6 => /usr/lib/x86_64-linux-gnu/libc.so.6 (0x00007f720023d000)
	/lib64/ld-linux-x86-64.so.2 (0x00007f720049d000)
/root/miniconda3/lib/python3.12/lib-dynload/_codecs_tw.cpython-312-x86_64-linux-gnu.so:
	linux-vdso.so.1 (0x00007ffcf19a5000)
	libc.so.6 => /usr/lib/x86_64-linux-gnu/libc.so.6 (0x00007f4f5a9a1000)
	/lib64/ld-linux-x86-64.so.2 (0x00007f4f5abfb000)
/root/miniconda3/lib/python3.12/lib-dynload/_contextvars.cpython-312-x86_64-linux-gnu.so:
	statically linked
/root/miniconda3/lib/python3.12/lib-dynload/_crypt.cpython-312-x86_64-linux-gnu.so:
	linux-vdso.so.1 (0x00007fff0ad31000)
	libcrypt.so.1 => /usr/lib/x86_64-linux-gnu/libcrypt.so.1 (0x00007f303770a000)
	libpthread.so.0 => /usr/lib/x86_64-linux-gnu/libpthread.so.0 (0x00007f3037705000)
	libc.so.6 => /usr/lib/x86_64-linux-gnu/libc.so.6 (0x00007f30374dc000)
	/lib64/ld-linux-x86-64.so.2 (0x00007f303775c000)
/root/miniconda3/lib/python3.12/lib-dynload/_csv.cpython-312-x86_64-linux-gnu.so:
	linux-vdso.so.1 (0x00007ffe5cbcd000)
	libc.so.6 => /usr/lib/x86_64-linux-gnu/libc.so.6 (0x00007fa104bd4000)
	/lib64/ld-linux-x86-64.so.2 (0x00007fa104e1d000)
/root/miniconda3/lib/python3.12/lib-dynload/_ctypes.cpython-312-x86_64-linux-gnu.so:
	linux-vdso.so.1 (0x00007ffc275c4000)
	libffi.so.8 => /root/miniconda3/lib/python3.12/lib-dynload/../../libffi.so.8 (0x00007fb8966a0000)
	libdl.so.2 => /usr/lib/x86_64-linux-gnu/libdl.so.2 (0x00007fb89668a000)
	libpthread.so.0 => /usr/lib/x86_64-linux-gnu/libpthread.so.0 (0x00007fb896685000)
	libc.so.6 => /usr/lib/x86_64-linux-gnu/libc.so.6 (0x00007fb89645c000)
	/lib64/ld-linux-x86-64.so.2 (0x00007fb8966d4000)
/root/miniconda3/lib/python3.12/lib-dynload/_ctypes_test.cpython-312-x86_64-linux-gnu.so:
	linux-vdso.so.1 (0x00007ffc0157b000)
	libm.so.6 => /usr/lib/x86_64-linux-gnu/libm.so.6 (0x00007f2ba3019000)
	libpthread.so.0 => /usr/lib/x86_64-linux-gnu/libpthread.so.0 (0x00007f2ba3014000)
	libc.so.6 => /usr/lib/x86_64-linux-gnu/libc.so.6 (0x00007f2ba2deb000)
	/lib64/ld-linux-x86-64.so.2 (0x00007f2ba311c000)
/root/miniconda3/lib/python3.12/lib-dynload/_curses.cpython-312-x86_64-linux-gnu.so:
	linux-vdso.so.1 (0x00007ffd564ff000)
	libncursesw.so.6 => /root/miniconda3/lib/python3.12/lib-dynload/../../libncursesw.so.6 (0x00007fb80a381000)
	libtinfow.so.6 => /root/miniconda3/lib/python3.12/lib-dynload/../../libtinfow.so.6 (0x00007fb80a33c000)
	libpthread.so.0 => /usr/lib/x86_64-linux-gnu/libpthread.so.0 (0x00007fb80a326000)
	libc.so.6 => /usr/lib/x86_64-linux-gnu/libc.so.6 (0x00007fb80a0fd000)
	/lib64/ld-linux-x86-64.so.2 (0x00007fb80a3e2000)
/root/miniconda3/lib/python3.12/lib-dynload/_curses_panel.cpython-312-x86_64-linux-gnu.so:
	linux-vdso.so.1 (0x00007ffe799e8000)
	libpanelw.so.6 => /root/miniconda3/lib/python3.12/lib-dynload/../../libpanelw.so.6 (0x00007efe3e997000)
	libc.so.6 => /usr/lib/x86_64-linux-gnu/libc.so.6 (0x00007efe3e75d000)
	libncursesw.so.6 => /root/miniconda3/lib/python3.12/lib-dynload/../.././libncursesw.so.6 (0x00007efe3e721000)
	libtinfow.so.6 => /root/miniconda3/lib/python3.12/lib-dynload/../.././libtinfow.so.6 (0x00007efe3e6dc000)
	/lib64/ld-linux-x86-64.so.2 (0x00007efe3e9a8000)
/root/miniconda3/lib/python3.12/lib-dynload/_datetime.cpython-312-x86_64-linux-gnu.so:
	linux-vdso.so.1 (0x00007ffd51731000)
	libm.so.6 => /usr/lib/x86_64-linux-gnu/libm.so.6 (0x00007f47bf85b000)
	libpthread.so.0 => /usr/lib/x86_64-linux-gnu/libpthread.so.0 (0x00007f47bf856000)
	libc.so.6 => /usr/lib/x86_64-linux-gnu/libc.so.6 (0x00007f47bf62d000)
	/lib64/ld-linux-x86-64.so.2 (0x00007f47bf975000)
/root/miniconda3/lib/python3.12/lib-dynload/_decimal.cpython-312-x86_64-linux-gnu.so:
	linux-vdso.so.1 (0x00007ffcd38fc000)
	libm.so.6 => /usr/lib/x86_64-linux-gnu/libm.so.6 (0x00007f49e0108000)
	libpthread.so.0 => /usr/lib/x86_64-linux-gnu/libpthread.so.0 (0x00007f49e0103000)
	libc.so.6 => /usr/lib/x86_64-linux-gnu/libc.so.6 (0x00007f49dfeda000)
	/lib64/ld-linux-x86-64.so.2 (0x00007f49e0254000)
/root/miniconda3/lib/python3.12/lib-dynload/_elementtree.cpython-312-x86_64-linux-gnu.so:
	linux-vdso.so.1 (0x00007ffcd016f000)
	libc.so.6 => /usr/lib/x86_64-linux-gnu/libc.so.6 (0x00007f7fba769000)
	/lib64/ld-linux-x86-64.so.2 (0x00007f7fba9ba000)
/root/miniconda3/lib/python3.12/lib-dynload/_hashlib.cpython-312-x86_64-linux-gnu.so:
	linux-vdso.so.1 (0x00007ffd9b7d3000)
	libcrypto.so.3 => /root/miniconda3/lib/python3.12/lib-dynload/../../libcrypto.so.3 (0x00007ff3c7ec0000)
	libc.so.6 => /usr/lib/x86_64-linux-gnu/libc.so.6 (0x00007ff3c7c86000)
	libdl.so.2 => /usr/lib/x86_64-linux-gnu/libdl.so.2 (0x00007ff3c7c81000)
	libpthread.so.0 => /usr/lib/x86_64-linux-gnu/libpthread.so.0 (0x00007ff3c7c7c000)
	/lib64/ld-linux-x86-64.so.2 (0x00007ff3c84e4000)
/root/miniconda3/lib/python3.12/lib-dynload/_heapq.cpython-312-x86_64-linux-gnu.so:
	statically linked
/root/miniconda3/lib/python3.12/lib-dynload/_json.cpython-312-x86_64-linux-gnu.so:
	linux-vdso.so.1 (0x00007ffefd14d000)
	libc.so.6 => /usr/lib/x86_64-linux-gnu/libc.so.6 (0x00007f7e4dd41000)
	/lib64/ld-linux-x86-64.so.2 (0x00007f7e4df8a000)
/root/miniconda3/lib/python3.12/lib-dynload/_lsprof.cpython-312-x86_64-linux-gnu.so:
	linux-vdso.so.1 (0x00007ffe415bd000)
	libc.so.6 => /usr/lib/x86_64-linux-gnu/libc.so.6 (0x00007f7cc69d1000)
	/lib64/ld-linux-x86-64.so.2 (0x00007f7cc6c16000)
/root/miniconda3/lib/python3.12/lib-dynload/_lzma.cpython-312-x86_64-linux-gnu.so:
	linux-vdso.so.1 (0x00007fffbb4e9000)
	liblzma.so.5 => /root/miniconda3/lib/python3.12/lib-dynload/../../liblzma.so.5 (0x00007f708d7ac000)
	libc.so.6 => /usr/lib/x86_64-linux-gnu/libc.so.6 (0x00007f708d572000)
	libpthread.so.0 => /usr/lib/x86_64-linux-gnu/libpthread.so.0 (0x00007f708d56d000)
	/lib64/ld-linux-x86-64.so.2 (0x00007f708d7ea000)
/root/miniconda3/lib/python3.12/lib-dynload/_md5.cpython-312-x86_64-linux-gnu.so:
	linux-vdso.so.1 (0x00007fff73978000)
	libc.so.6 => /usr/lib/x86_64-linux-gnu/libc.so.6 (0x00007f26e8333000)
	/lib64/ld-linux-x86-64.so.2 (0x00007f26e8577000)
/root/miniconda3/lib/python3.12/lib-dynload/_multibytecodec.cpython-312-x86_64-linux-gnu.so:
	linux-vdso.so.1 (0x00007fff455e0000)
	libc.so.6 => /usr/lib/x86_64-linux-gnu/libc.so.6 (0x00007f7cdbb61000)
	/lib64/ld-linux-x86-64.so.2 (0x00007f7cdbdab000)
/root/miniconda3/lib/python3.12/lib-dynload/_multiprocessing.cpython-312-x86_64-linux-gnu.so:
	linux-vdso.so.1 (0x00007ffed19d9000)
	libpthread.so.0 => /usr/lib/x86_64-linux-gnu/libpthread.so.0 (0x00007f7e6e432000)
	libc.so.6 => /usr/lib/x86_64-linux-gnu/libc.so.6 (0x00007f7e6e209000)
	/lib64/ld-linux-x86-64.so.2 (0x00007f7e6e450000)
/root/miniconda3/lib/python3.12/lib-dynload/_opcode.cpython-312-x86_64-linux-gnu.so:
	linux-vdso.so.1 (0x00007ffd6e36d000)
	libc.so.6 => /usr/lib/x86_64-linux-gnu/libc.so.6 (0x00007f7f3a0a4000)
	/lib64/ld-linux-x86-64.so.2 (0x00007f7f3a2e5000)
/root/miniconda3/lib/python3.12/lib-dynload/_pickle.cpython-312-x86_64-linux-gnu.so:
	linux-vdso.so.1 (0x00007ffe274cc000)
	libpthread.so.0 => /usr/lib/x86_64-linux-gnu/libpthread.so.0 (0x00007f692d9bf000)
	libc.so.6 => /usr/lib/x86_64-linux-gnu/libc.so.6 (0x00007f692d796000)
	/lib64/ld-linux-x86-64.so.2 (0x00007f692d9f9000)
/root/miniconda3/lib/python3.12/lib-dynload/_posixshmem.cpython-312-x86_64-linux-gnu.so:
	linux-vdso.so.1 (0x00007ffea8fd0000)
	librt.so.1 => /usr/lib/x86_64-linux-gnu/librt.so.1 (0x00007fcd3878b000)
	libpthread.so.0 => /usr/lib/x86_64-linux-gnu/libpthread.so.0 (0x00007fcd38786000)
	libc.so.6 => /usr/lib/x86_64-linux-gnu/libc.so.6 (0x00007fcd3855d000)
	/lib64/ld-linux-x86-64.so.2 (0x00007fcd387a8000)
/root/miniconda3/lib/python3.12/lib-dynload/_posixsubprocess.cpython-312-x86_64-linux-gnu.so:
	linux-vdso.so.1 (0x00007ffda31f4000)
	libpthread.so.0 => /usr/lib/x86_64-linux-gnu/libpthread.so.0 (0x00007f07ae325000)
	libc.so.6 => /usr/lib/x86_64-linux-gnu/libc.so.6 (0x00007f07ae0fc000)
	/lib64/ld-linux-x86-64.so.2 (0x00007f07ae345000)
/root/miniconda3/lib/python3.12/lib-dynload/_queue.cpython-312-x86_64-linux-gnu.so:
	linux-vdso.so.1 (0x00007ffce40e3000)
	libc.so.6 => /usr/lib/x86_64-linux-gnu/libc.so.6 (0x00007f1c4b928000)
	/lib64/ld-linux-x86-64.so.2 (0x00007f1c4bb6a000)
/root/miniconda3/lib/python3.12/lib-dynload/_random.cpython-312-x86_64-linux-gnu.so:
	linux-vdso.so.1 (0x00007ffe2098e000)
	libc.so.6 => /usr/lib/x86_64-linux-gnu/libc.so.6 (0x00007f888b9dd000)
	/lib64/ld-linux-x86-64.so.2 (0x00007f888bc20000)
/root/miniconda3/lib/python3.12/lib-dynload/_sha1.cpython-312-x86_64-linux-gnu.so:
	linux-vdso.so.1 (0x00007ffda0392000)
	libc.so.6 => /usr/lib/x86_64-linux-gnu/libc.so.6 (0x00007f46cedff000)
	/lib64/ld-linux-x86-64.so.2 (0x00007f46cf042000)
/root/miniconda3/lib/python3.12/lib-dynload/_sha2.cpython-312-x86_64-linux-gnu.so:
	linux-vdso.so.1 (0x00007fff16955000)
	libc.so.6 => /usr/lib/x86_64-linux-gnu/libc.so.6 (0x00007f4ab5028000)
	/lib64/ld-linux-x86-64.so.2 (0x00007f4ab5273000)
/root/miniconda3/lib/python3.12/lib-dynload/_sha3.cpython-312-x86_64-linux-gnu.so:
	linux-vdso.so.1 (0x00007ffcfa309000)
	libc.so.6 => /usr/lib/x86_64-linux-gnu/libc.so.6 (0x00007f954f70c000)
	/lib64/ld-linux-x86-64.so.2 (0x00007f954f951000)
/root/miniconda3/lib/python3.12/lib-dynload/_socket.cpython-312-x86_64-linux-gnu.so:
	linux-vdso.so.1 (0x00007ffd527dd000)
	libpthread.so.0 => /usr/lib/x86_64-linux-gnu/libpthread.so.0 (0x00007f60cc575000)
	libc.so.6 => /usr/lib/x86_64-linux-gnu/libc.so.6 (0x00007f60cc34c000)
	/lib64/ld-linux-x86-64.so.2 (0x00007f60cc5a7000)
/root/miniconda3/lib/python3.12/lib-dynload/_sqlite3.cpython-312-x86_64-linux-gnu.so:
	linux-vdso.so.1 (0x00007ffc22178000)
	libsqlite3.so.0 => /root/miniconda3/lib/python3.12/lib-dynload/../../libsqlite3.so.0 (0x00007f13fc074000)
	libc.so.6 => /usr/lib/x86_64-linux-gnu/libc.so.6 (0x00007f13fbe3a000)
	libpthread.so.0 => /usr/lib/x86_64-linux-gnu/libpthread.so.0 (0x00007f13fbe35000)
	libm.so.6 => /usr/lib/x86_64-linux-gnu/libm.so.6 (0x00007f13fbd4e000)
	libdl.so.2 => /usr/lib/x86_64-linux-gnu/libdl.so.2 (0x00007f13fbd49000)
	/lib64/ld-linux-x86-64.so.2 (0x00007f13fc22c000)
/root/miniconda3/lib/python3.12/lib-dynload/_ssl.cpython-312-x86_64-linux-gnu.so:
	linux-vdso.so.1 (0x00007ffdc55a6000)
	libssl.so.3 => /root/miniconda3/lib/python3.12/lib-dynload/../../libssl.so.3 (0x00007fdd881fe000)
	libcrypto.so.3 => /root/miniconda3/lib/python3.12/lib-dynload/../../libcrypto.so.3 (0x00007fdd87bed000)
	libpthread.so.0 => /usr/lib/x86_64-linux-gnu/libpthread.so.0 (0x00007fdd87bd7000)
	libc.so.6 => /usr/lib/x86_64-linux-gnu/libc.so.6 (0x00007fdd879ae000)
	libdl.so.2 => /usr/lib/x86_64-linux-gnu/libdl.so.2 (0x00007fdd879a9000)
	/lib64/ld-linux-x86-64.so.2 (0x00007fdd88332000)
/root/miniconda3/lib/python3.12/lib-dynload/_statistics.cpython-312-x86_64-linux-gnu.so:
	linux-vdso.so.1 (0x00007ffc9b3f4000)
	libm.so.6 => /usr/lib/x86_64-linux-gnu/libm.so.6 (0x00007f908bb45000)
	libpthread.so.0 => /usr/lib/x86_64-linux-gnu/libpthread.so.0 (0x00007f908bb40000)
	libc.so.6 => /usr/lib/x86_64-linux-gnu/libc.so.6 (0x00007f908b917000)
	/lib64/ld-linux-x86-64.so.2 (0x00007f908bc44000)
/root/miniconda3/lib/python3.12/lib-dynload/_struct.cpython-312-x86_64-linux-gnu.so:
	linux-vdso.so.1 (0x00007ffd6bab0000)
	libc.so.6 => /usr/lib/x86_64-linux-gnu/libc.so.6 (0x00007fca015d0000)
	/lib64/ld-linux-x86-64.so.2 (0x00007fca0181b000)
/root/miniconda3/lib/python3.12/lib-dynload/_testbuffer.cpython-312-x86_64-linux-gnu.so:
	linux-vdso.so.1 (0x00007ffc09df1000)
	libc.so.6 => /usr/lib/x86_64-linux-gnu/libc.so.6 (0x00007fc249287000)
	/lib64/ld-linux-x86-64.so.2 (0x00007fc2494d3000)
/root/miniconda3/lib/python3.12/lib-dynload/_testcapi.cpython-312-x86_64-linux-gnu.so:
	linux-vdso.so.1 (0x00007ffc91104000)
	libpthread.so.0 => /usr/lib/x86_64-linux-gnu/libpthread.so.0 (0x00007f9d4aced000)
	libc.so.6 => /usr/lib/x86_64-linux-gnu/libc.so.6 (0x00007f9d4aac4000)
	/lib64/ld-linux-x86-64.so.2 (0x00007f9d4ad63000)
/root/miniconda3/lib/python3.12/lib-dynload/_testclinic.cpython-312-x86_64-linux-gnu.so:
	linux-vdso.so.1 (0x00007ffd94db3000)
	libc.so.6 => /usr/lib/x86_64-linux-gnu/libc.so.6 (0x00007fab39c34000)
	/lib64/ld-linux-x86-64.so.2 (0x00007fab39e84000)
/root/miniconda3/lib/python3.12/lib-dynload/_testimportmultiple.cpython-312-x86_64-linux-gnu.so:
	statically linked
/root/miniconda3/lib/python3.12/lib-dynload/_testinternalcapi.cpython-312-x86_64-linux-gnu.so:
	linux-vdso.so.1 (0x00007ffd27194000)
	libc.so.6 => /usr/lib/x86_64-linux-gnu/libc.so.6 (0x00007f9622bc2000)
	/lib64/ld-linux-x86-64.so.2 (0x00007f9622e09000)
/root/miniconda3/lib/python3.12/lib-dynload/_testmultiphase.cpython-312-x86_64-linux-gnu.so:
	linux-vdso.so.1 (0x00007ffe7c7d0000)
	libc.so.6 => /usr/lib/x86_64-linux-gnu/libc.so.6 (0x00007fc069a04000)
	/lib64/ld-linux-x86-64.so.2 (0x00007fc069c49000)
/root/miniconda3/lib/python3.12/lib-dynload/_testsinglephase.cpython-312-x86_64-linux-gnu.so:
	linux-vdso.so.1 (0x00007ffecedf0000)
	libc.so.6 => /usr/lib/x86_64-linux-gnu/libc.so.6 (0x00007fc3189bc000)
	/lib64/ld-linux-x86-64.so.2 (0x00007fc318bfe000)
/root/miniconda3/lib/python3.12/lib-dynload/_tkinter.cpython-312-x86_64-linux-gnu.so:
	linux-vdso.so.1 (0x00007ffe869fd000)
	libtk8.6.so => /root/miniconda3/lib/python3.12/lib-dynload/../../libtk8.6.so (0x00007fc4e01ed000)
	libtcl8.6.so => /root/miniconda3/lib/python3.12/lib-dynload/../../libtcl8.6.so (0x00007fc4e002a000)
	libc.so.6 => /usr/lib/x86_64-linux-gnu/libc.so.6 (0x00007fc4dfdf0000)
	libX11.so.6 => /usr/lib/x86_64-linux-gnu/libX11.so.6 (0x00007fc4dfcb0000)
	libm.so.6 => /usr/lib/x86_64-linux-gnu/libm.so.6 (0x00007fc4dfbc7000)
	libdl.so.2 => /usr/lib/x86_64-linux-gnu/libdl.so.2 (0x00007fc4dfbc2000)
	libz.so.1 => /root/miniconda3/lib/libz.so.1 (0x00007fc4dfba7000)
	libpthread.so.0 => /usr/lib/x86_64-linux-gnu/libpthread.so.0 (0x00007fc4dfba2000)
	/lib64/ld-linux-x86-64.so.2 (0x00007fc4e036a000)
	libxcb.so.1 => /usr/lib/x86_64-linux-gnu/libxcb.so.1 (0x00007fc4dfb78000)
	libXau.so.6 => /usr/lib/x86_64-linux-gnu/libXau.so.6 (0x00007fc4dfb70000)
	libXdmcp.so.6 => /usr/lib/x86_64-linux-gnu/libXdmcp.so.6 (0x00007fc4dfb68000)
	libbsd.so.0 => /usr/lib/x86_64-linux-gnu/libbsd.so.0 (0x00007fc4dfb50000)
	libmd.so.0 => /usr/lib/x86_64-linux-gnu/libmd.so.0 (0x00007fc4dfb43000)
/root/miniconda3/lib/python3.12/lib-dynload/_uuid.cpython-312-x86_64-linux-gnu.so:
	linux-vdso.so.1 (0x00007ffe06bb2000)
	libuuid.so.1 => /root/miniconda3/lib/python3.12/lib-dynload/../../libuuid.so.1 (0x00007f3ebc27c000)
	libpthread.so.0 => /usr/lib/x86_64-linux-gnu/libpthread.so.0 (0x00007f3ebc266000)
	libc.so.6 => /usr/lib/x86_64-linux-gnu/libc.so.6 (0x00007f3ebc03d000)
	/lib64/ld-linux-x86-64.so.2 (0x00007f3ebc28c000)
/root/miniconda3/lib/python3.12/lib-dynload/_xxinterpchannels.cpython-312-x86_64-linux-gnu.so:
	linux-vdso.so.1 (0x00007ffc9c1a1000)
	libc.so.6 => /usr/lib/x86_64-linux-gnu/libc.so.6 (0x00007ff5a2fac000)
	/lib64/ld-linux-x86-64.so.2 (0x00007ff5a31f3000)
/root/miniconda3/lib/python3.12/lib-dynload/_xxsubinterpreters.cpython-312-x86_64-linux-gnu.so:
	linux-vdso.so.1 (0x00007fff6b9a3000)
	libc.so.6 => /usr/lib/x86_64-linux-gnu/libc.so.6 (0x00007f3d33d94000)
	/lib64/ld-linux-x86-64.so.2 (0x00007f3d33fd7000)
/root/miniconda3/lib/python3.12/lib-dynload/_xxtestfuzz.cpython-312-x86_64-linux-gnu.so:
	linux-vdso.so.1 (0x00007ffffe4d8000)
	libc.so.6 => /usr/lib/x86_64-linux-gnu/libc.so.6 (0x00007f1ac17e1000)
	/lib64/ld-linux-x86-64.so.2 (0x00007f1ac1a24000)
/root/miniconda3/lib/python3.12/lib-dynload/_zoneinfo.cpython-312-x86_64-linux-gnu.so:
	linux-vdso.so.1 (0x00007ffd2cb23000)
	libc.so.6 => /usr/lib/x86_64-linux-gnu/libc.so.6 (0x00007f626bff7000)
	/lib64/ld-linux-x86-64.so.2 (0x00007f626c23f000)
/root/miniconda3/lib/python3.12/lib-dynload/array.cpython-312-x86_64-linux-gnu.so:
	linux-vdso.so.1 (0x00007ffe48dd0000)
	libc.so.6 => /usr/lib/x86_64-linux-gnu/libc.so.6 (0x00007fc6f195f000)
	/lib64/ld-linux-x86-64.so.2 (0x00007fc6f1bad000)
/root/miniconda3/lib/python3.12/lib-dynload/audioop.cpython-312-x86_64-linux-gnu.so:
	linux-vdso.so.1 (0x00007ffc940dd000)
	libm.so.6 => /usr/lib/x86_64-linux-gnu/libm.so.6 (0x00007fed38597000)
	libpthread.so.0 => /usr/lib/x86_64-linux-gnu/libpthread.so.0 (0x00007fed38592000)
	libc.so.6 => /usr/lib/x86_64-linux-gnu/libc.so.6 (0x00007fed38369000)
	/lib64/ld-linux-x86-64.so.2 (0x00007fed386a4000)
/root/miniconda3/lib/python3.12/lib-dynload/binascii.cpython-312-x86_64-linux-gnu.so:
	linux-vdso.so.1 (0x00007ffc0dfb5000)
	libz.so.1 => /root/miniconda3/lib/python3.12/lib-dynload/../../libz.so.1 (0x00007f20d0329000)
	libpthread.so.0 => /usr/lib/x86_64-linux-gnu/libpthread.so.0 (0x00007f20d0313000)
	libc.so.6 => /usr/lib/x86_64-linux-gnu/libc.so.6 (0x00007f20d00ea000)
	/lib64/ld-linux-x86-64.so.2 (0x00007f20d0350000)
/root/miniconda3/lib/python3.12/lib-dynload/cmath.cpython-312-x86_64-linux-gnu.so:
	linux-vdso.so.1 (0x00007fff7a9fc000)
	libm.so.6 => /usr/lib/x86_64-linux-gnu/libm.so.6 (0x00007fca1ea75000)
	libpthread.so.0 => /usr/lib/x86_64-linux-gnu/libpthread.so.0 (0x00007fca1ea70000)
	libc.so.6 => /usr/lib/x86_64-linux-gnu/libc.so.6 (0x00007fca1e847000)
	/lib64/ld-linux-x86-64.so.2 (0x00007fca1eb80000)
/root/miniconda3/lib/python3.12/lib-dynload/fcntl.cpython-312-x86_64-linux-gnu.so:
	linux-vdso.so.1 (0x00007ffca2913000)
	libpthread.so.0 => /usr/lib/x86_64-linux-gnu/libpthread.so.0 (0x00007fd8154c4000)
	libc.so.6 => /usr/lib/x86_64-linux-gnu/libc.so.6 (0x00007fd81529b000)
	/lib64/ld-linux-x86-64.so.2 (0x00007fd8154e4000)
/root/miniconda3/lib/python3.12/lib-dynload/grp.cpython-312-x86_64-linux-gnu.so:
	linux-vdso.so.1 (0x00007fffc9af4000)
	libc.so.6 => /usr/lib/x86_64-linux-gnu/libc.so.6 (0x00007f3f1c070000)
	/lib64/ld-linux-x86-64.so.2 (0x00007f3f1c2b2000)
/root/miniconda3/lib/python3.12/lib-dynload/math.cpython-312-x86_64-linux-gnu.so:
	linux-vdso.so.1 (0x00007ffca7fe2000)
	libm.so.6 => /usr/lib/x86_64-linux-gnu/libm.so.6 (0x00007fadfa260000)
	libpthread.so.0 => /usr/lib/x86_64-linux-gnu/libpthread.so.0 (0x00007fadfa25b000)
	libc.so.6 => /usr/lib/x86_64-linux-gnu/libc.so.6 (0x00007fadfa032000)
	/lib64/ld-linux-x86-64.so.2 (0x00007fadfa36f000)
/root/miniconda3/lib/python3.12/lib-dynload/mmap.cpython-312-x86_64-linux-gnu.so:
	linux-vdso.so.1 (0x00007fff51326000)
	libpthread.so.0 => /usr/lib/x86_64-linux-gnu/libpthread.so.0 (0x00007ff79c026000)
	libc.so.6 => /usr/lib/x86_64-linux-gnu/libc.so.6 (0x00007ff79bdfd000)
	/lib64/ld-linux-x86-64.so.2 (0x00007ff79c047000)
/root/miniconda3/lib/python3.12/lib-dynload/nis.cpython-312-x86_64-linux-gnu.so:
	linux-vdso.so.1 (0x00007ffe1c9de000)
	libnsl.so.1 => /usr/lib/x86_64-linux-gnu/libnsl.so.1 (0x00007f8445ac3000)
	libpthread.so.0 => /usr/lib/x86_64-linux-gnu/libpthread.so.0 (0x00007f8445abe000)
	libc.so.6 => /usr/lib/x86_64-linux-gnu/libc.so.6 (0x00007f8445895000)
	/lib64/ld-linux-x86-64.so.2 (0x00007f8445af8000)
/root/miniconda3/lib/python3.12/lib-dynload/ossaudiodev.cpython-312-x86_64-linux-gnu.so:
	linux-vdso.so.1 (0x00007ffee7355000)
	libpthread.so.0 => /usr/lib/x86_64-linux-gnu/libpthread.so.0 (0x00007f3b7f3c0000)
	libc.so.6 => /usr/lib/x86_64-linux-gnu/libc.so.6 (0x00007f3b7f197000)
	/lib64/ld-linux-x86-64.so.2 (0x00007f3b7f3e1000)
/root/miniconda3/lib/python3.12/lib-dynload/pyexpat.cpython-312-x86_64-linux-gnu.so:
	linux-vdso.so.1 (0x00007ffd897fb000)
	libexpat.so.1 => /root/miniconda3/lib/python3.12/lib-dynload/../../libexpat.so.1 (0x00007fa07ca00000)
	libpthread.so.0 => /usr/lib/x86_64-linux-gnu/libpthread.so.0 (0x00007fa07c9ea000)
	libc.so.6 => /usr/lib/x86_64-linux-gnu/libc.so.6 (0x00007fa07c7c1000)
	libm.so.6 => /usr/lib/x86_64-linux-gnu/libm.so.6 (0x00007fa07c6da000)
	/lib64/ld-linux-x86-64.so.2 (0x00007fa07ca44000)
/root/miniconda3/lib/python3.12/lib-dynload/readline.cpython-312-x86_64-linux-gnu.so:
	linux-vdso.so.1 (0x00007ffe469d4000)
	libreadline.so.8 => /root/miniconda3/lib/python3.12/lib-dynload/../../libreadline.so.8 (0x00007f6baff59000)
	libpthread.so.0 => /usr/lib/x86_64-linux-gnu/libpthread.so.0 (0x00007f6baff43000)
	libc.so.6 => /usr/lib/x86_64-linux-gnu/libc.so.6 (0x00007f6bafd1a000)
	libtinfo.so.6 => /root/miniconda3/lib/python3.12/lib-dynload/../.././libtinfo.so.6 (0x00007f6bafcd5000)
	/lib64/ld-linux-x86-64.so.2 (0x00007f6baffc4000)
/root/miniconda3/lib/python3.12/lib-dynload/resource.cpython-312-x86_64-linux-gnu.so:
	linux-vdso.so.1 (0x00007ffe67997000)
	libpthread.so.0 => /usr/lib/x86_64-linux-gnu/libpthread.so.0 (0x00007fc3147c5000)
	libc.so.6 => /usr/lib/x86_64-linux-gnu/libc.so.6 (0x00007fc31459c000)
	/lib64/ld-linux-x86-64.so.2 (0x00007fc3147e3000)
/root/miniconda3/lib/python3.12/lib-dynload/select.cpython-312-x86_64-linux-gnu.so:
	linux-vdso.so.1 (0x00007ffee434e000)
	libpthread.so.0 => /usr/lib/x86_64-linux-gnu/libpthread.so.0 (0x00007f9ff1d11000)
	libc.so.6 => /usr/lib/x86_64-linux-gnu/libc.so.6 (0x00007f9ff1ae8000)
	/lib64/ld-linux-x86-64.so.2 (0x00007f9ff1d34000)
/root/miniconda3/lib/python3.12/lib-dynload/spwd.cpython-312-x86_64-linux-gnu.so:
	linux-vdso.so.1 (0x00007ffdb5dbf000)
	libpthread.so.0 => /usr/lib/x86_64-linux-gnu/libpthread.so.0 (0x00007f8d30b41000)
	libc.so.6 => /usr/lib/x86_64-linux-gnu/libc.so.6 (0x00007f8d30918000)
	/lib64/ld-linux-x86-64.so.2 (0x00007f8d30b5f000)
/root/miniconda3/lib/python3.12/lib-dynload/syslog.cpython-312-x86_64-linux-gnu.so:
	linux-vdso.so.1 (0x00007ffc1dda1000)
	libc.so.6 => /usr/lib/x86_64-linux-gnu/libc.so.6 (0x00007f2746142000)
	/lib64/ld-linux-x86-64.so.2 (0x00007f2746384000)
/root/miniconda3/lib/python3.12/lib-dynload/termios.cpython-312-x86_64-linux-gnu.so:
	linux-vdso.so.1 (0x00007ffe04e72000)
	libpthread.so.0 => /usr/lib/x86_64-linux-gnu/libpthread.so.0 (0x00007fca62fa2000)
	libc.so.6 => /usr/lib/x86_64-linux-gnu/libc.so.6 (0x00007fca62d79000)
	/lib64/ld-linux-x86-64.so.2 (0x00007fca62fc4000)
/root/miniconda3/lib/python3.12/lib-dynload/unicodedata.cpython-312-x86_64-linux-gnu.so:
	linux-vdso.so.1 (0x00007ffca81d2000)
	libc.so.6 => /usr/lib/x86_64-linux-gnu/libc.so.6 (0x00007fa585fe9000)
	/lib64/ld-linux-x86-64.so.2 (0x00007fa58633a000)
/root/miniconda3/lib/python3.12/lib-dynload/xxlimited.cpython-312-x86_64-linux-gnu.so:
	linux-vdso.so.1 (0x00007fff4138b000)
	libc.so.6 => /usr/lib/x86_64-linux-gnu/libc.so.6 (0x00007f438e0ad000)
	/lib64/ld-linux-x86-64.so.2 (0x00007f438e2ef000)
/root/miniconda3/lib/python3.12/lib-dynload/xxlimited_35.cpython-312-x86_64-linux-gnu.so:
	linux-vdso.so.1 (0x00007ffe1eb51000)
	libc.so.6 => /usr/lib/x86_64-linux-gnu/libc.so.6 (0x00007fcc89a4d000)
	/lib64/ld-linux-x86-64.so.2 (0x00007fcc89c8f000)
/root/miniconda3/lib/python3.12/lib-dynload/xxsubtype.cpython-312-x86_64-linux-gnu.so:
	linux-vdso.so.1 (0x00007ffc86fba000)
	libc.so.6 => /usr/lib/x86_64-linux-gnu/libc.so.6 (0x00007fef954c8000)
	/lib64/ld-linux-x86-64.so.2 (0x00007fef95709000)
/root/miniconda3/lib/python3.12/lib-dynload/zlib.cpython-312-x86_64-linux-gnu.so:
	linux-vdso.so.1 (0x00007fff23743000)
	libz.so.1 => /root/miniconda3/lib/python3.12/lib-dynload/../../libz.so.1 (0x00007effbe46e000)
	libpthread.so.0 => /usr/lib/x86_64-linux-gnu/libpthread.so.0 (0x00007effbe458000)
	libc.so.6 => /usr/lib/x86_64-linux-gnu/libc.so.6 (0x00007effbe22f000)
	/lib64/ld-linux-x86-64.so.2 (0x00007effbe498000)
/usr/bin/bash:
	linux-vdso.so.1 (0x00007ffcb01a8000)
	libtinfo.so.6 => /usr/lib/x86_64-linux-gnu/libtinfo.so.6 (0x00007f5f74d9b000)
	libc.so.6 => /usr/lib/x86_64-linux-gnu/libc.so.6 (0x00007f5f74b72000)
	/lib64/ld-linux-x86-64.so.2 (0x00007f5f74f41000)
/usr/bin/bibtex.original:
	linux-vdso.so.1 (0x00007ffd110f8000)
	libkpathsea.so.6 => /usr/lib/x86_64-linux-gnu/libkpathsea.so.6 (0x00007f837779e000)
	libc.so.6 => /usr/lib/x86_64-linux-gnu/libc.so.6 (0x00007f8377575000)
	/lib64/ld-linux-x86-64.so.2 (0x00007f83777ec000)
/usr/bin/cmp:
	linux-vdso.so.1 (0x00007ffdbd9c2000)
	libc.so.6 => /usr/lib/x86_64-linux-gnu/libc.so.6 (0x00007f66e9e37000)
	/lib64/ld-linux-x86-64.so.2 (0x00007f66ea08f000)
/usr/bin/kpsewhich:
	linux-vdso.so.1 (0x00007fffde9d9000)
	libkpathsea.so.6 => /usr/lib/x86_64-linux-gnu/libkpathsea.so.6 (0x00007ff62fff4000)
	libc.so.6 => /usr/lib/x86_64-linux-gnu/libc.so.6 (0x00007ff62fdcb000)
	/lib64/ld-linux-x86-64.so.2 (0x00007ff63002b000)
/usr/bin/pdffonts:
	linux-vdso.so.1 (0x00007ffe9edb8000)
	libpoppler.so.118 => /usr/lib/x86_64-linux-gnu/libpoppler.so.118 (0x00007ff6216f1000)
	libstdc++.so.6 => /usr/lib/x86_64-linux-gnu/libstdc++.so.6 (0x00007ff6214c5000)
	libc.so.6 => /usr/lib/x86_64-linux-gnu/libc.so.6 (0x00007ff62129c000)
	libfreetype.so.6 => /usr/lib/x86_64-linux-gnu/libfreetype.so.6 (0x00007ff6211d4000)
	libfontconfig.so.1 => /usr/lib/x86_64-linux-gnu/libfontconfig.so.1 (0x00007ff62118a000)
	libjpeg.so.8 => /usr/lib/x86_64-linux-gnu/libjpeg.so.8 (0x00007ff621107000)
	libz.so.1 => /usr/lib/x86_64-linux-gnu/libz.so.1 (0x00007ff6210eb000)
	libopenjp2.so.7 => /usr/lib/x86_64-linux-gnu/libopenjp2.so.7 (0x00007ff621093000)
	liblcms2.so.2 => /usr/lib/x86_64-linux-gnu/liblcms2.so.2 (0x00007ff621031000)
	libpng16.so.16 => /usr/lib/x86_64-linux-gnu/libpng16.so.16 (0x00007ff620ff6000)
	libtiff.so.5 => /usr/lib/x86_64-linux-gnu/libtiff.so.5 (0x00007ff620f6e000)
	libnss3.so => /usr/lib/x86_64-linux-gnu/libnss3.so (0x00007ff620e3b000)
	libsmime3.so => /usr/lib/x86_64-linux-gnu/libsmime3.so (0x00007ff620e11000)
	libplc4.so => /usr/lib/x86_64-linux-gnu/libplc4.so (0x00007ff620e0a000)
	libnspr4.so => /usr/lib/x86_64-linux-gnu/libnspr4.so (0x00007ff620dca000)
	libm.so.6 => /usr/lib/x86_64-linux-gnu/libm.so.6 (0x00007ff620ce3000)
	/lib64/ld-linux-x86-64.so.2 (0x00007ff621a65000)
	libgcc_s.so.1 => /usr/lib/x86_64-linux-gnu/libgcc_s.so.1 (0x00007ff620cc3000)
	libbrotlidec.so.1 => /usr/lib/x86_64-linux-gnu/libbrotlidec.so.1 (0x00007ff620cb3000)
	libexpat.so.1 => /usr/lib/x86_64-linux-gnu/libexpat.so.1 (0x00007ff620c82000)
	libuuid.so.1 => /usr/lib/x86_64-linux-gnu/libuuid.so.1 (0x00007ff620c79000)
	libwebp.so.7 => /usr/lib/x86_64-linux-gnu/libwebp.so.7 (0x00007ff620c0c000)
	libzstd.so.1 => /usr/lib/x86_64-linux-gnu/libzstd.so.1 (0x00007ff620b3d000)
	liblzma.so.5 => /usr/lib/x86_64-linux-gnu/liblzma.so.5 (0x00007ff620b10000)
	libjbig.so.0 => /usr/lib/x86_64-linux-gnu/libjbig.so.0 (0x00007ff620aff000)
	libdeflate.so.0 => /usr/lib/x86_64-linux-gnu/libdeflate.so.0 (0x00007ff620adb000)
	libnssutil3.so => /usr/lib/x86_64-linux-gnu/libnssutil3.so (0x00007ff620aa8000)
	libplds4.so => /usr/lib/x86_64-linux-gnu/libplds4.so (0x00007ff620aa3000)
	libbrotlicommon.so.1 => /usr/lib/x86_64-linux-gnu/libbrotlicommon.so.1 (0x00007ff620a7e000)
/usr/bin/pdfinfo:
	linux-vdso.so.1 (0x00007ffe03df7000)
	libpoppler.so.118 => /usr/lib/x86_64-linux-gnu/libpoppler.so.118 (0x00007f935ba07000)
	libstdc++.so.6 => /usr/lib/x86_64-linux-gnu/libstdc++.so.6 (0x00007f935b7db000)
	libc.so.6 => /usr/lib/x86_64-linux-gnu/libc.so.6 (0x00007f935b5b2000)
	libfreetype.so.6 => /usr/lib/x86_64-linux-gnu/libfreetype.so.6 (0x00007f935b4ea000)
	libfontconfig.so.1 => /usr/lib/x86_64-linux-gnu/libfontconfig.so.1 (0x00007f935b4a0000)
	libjpeg.so.8 => /usr/lib/x86_64-linux-gnu/libjpeg.so.8 (0x00007f935b41d000)
	libz.so.1 => /usr/lib/x86_64-linux-gnu/libz.so.1 (0x00007f935b401000)
	libopenjp2.so.7 => /usr/lib/x86_64-linux-gnu/libopenjp2.so.7 (0x00007f935b3a9000)
	liblcms2.so.2 => /usr/lib/x86_64-linux-gnu/liblcms2.so.2 (0x00007f935b347000)
	libpng16.so.16 => /usr/lib/x86_64-linux-gnu/libpng16.so.16 (0x00007f935b30c000)
	libtiff.so.5 => /usr/lib/x86_64-linux-gnu/libtiff.so.5 (0x00007f935b284000)
	libnss3.so => /usr/lib/x86_64-linux-gnu/libnss3.so (0x00007f935b151000)
	libsmime3.so => /usr/lib/x86_64-linux-gnu/libsmime3.so (0x00007f935b127000)
	libplc4.so => /usr/lib/x86_64-linux-gnu/libplc4.so (0x00007f935b120000)
	libnspr4.so => /usr/lib/x86_64-linux-gnu/libnspr4.so (0x00007f935b0e0000)
	libm.so.6 => /usr/lib/x86_64-linux-gnu/libm.so.6 (0x00007f935aff9000)
	/lib64/ld-linux-x86-64.so.2 (0x00007f935bd84000)
	libgcc_s.so.1 => /usr/lib/x86_64-linux-gnu/libgcc_s.so.1 (0x00007f935afd9000)
	libbrotlidec.so.1 => /usr/lib/x86_64-linux-gnu/libbrotlidec.so.1 (0x00007f935afc9000)
	libexpat.so.1 => /usr/lib/x86_64-linux-gnu/libexpat.so.1 (0x00007f935af98000)
	libuuid.so.1 => /usr/lib/x86_64-linux-gnu/libuuid.so.1 (0x00007f935af8f000)
	libwebp.so.7 => /usr/lib/x86_64-linux-gnu/libwebp.so.7 (0x00007f935af22000)
	libzstd.so.1 => /usr/lib/x86_64-linux-gnu/libzstd.so.1 (0x00007f935ae53000)
	liblzma.so.5 => /usr/lib/x86_64-linux-gnu/liblzma.so.5 (0x00007f935ae26000)
	libjbig.so.0 => /usr/lib/x86_64-linux-gnu/libjbig.so.0 (0x00007f935ae15000)
	libdeflate.so.0 => /usr/lib/x86_64-linux-gnu/libdeflate.so.0 (0x00007f935adf1000)
	libnssutil3.so => /usr/lib/x86_64-linux-gnu/libnssutil3.so (0x00007f935adbe000)
	libplds4.so => /usr/lib/x86_64-linux-gnu/libplds4.so (0x00007f935adb9000)
	libbrotlicommon.so.1 => /usr/lib/x86_64-linux-gnu/libbrotlicommon.so.1 (0x00007f935ad94000)
/usr/bin/pdftex:
	linux-vdso.so.1 (0x00007ffc651b0000)
	libpng16.so.16 => /usr/lib/x86_64-linux-gnu/libpng16.so.16 (0x00007f09264b1000)
	libz.so.1 => /usr/lib/x86_64-linux-gnu/libz.so.1 (0x00007f0926495000)
	libkpathsea.so.6 => /usr/lib/x86_64-linux-gnu/libkpathsea.so.6 (0x00007f0926479000)
	libstdc++.so.6 => /usr/lib/x86_64-linux-gnu/libstdc++.so.6 (0x00007f092624d000)
	libm.so.6 => /usr/lib/x86_64-linux-gnu/libm.so.6 (0x00007f0926166000)
	libgcc_s.so.1 => /usr/lib/x86_64-linux-gnu/libgcc_s.so.1 (0x00007f0926144000)
	libc.so.6 => /usr/lib/x86_64-linux-gnu/libc.so.6 (0x00007f0925f1b000)
	/lib64/ld-linux-x86-64.so.2 (0x00007f0926746000)
/usr/bin/pdftoppm:
	linux-vdso.so.1 (0x00007ffc5a38f000)
	libpoppler.so.118 => /usr/lib/x86_64-linux-gnu/libpoppler.so.118 (0x00007fbee9706000)
	liblcms2.so.2 => /usr/lib/x86_64-linux-gnu/liblcms2.so.2 (0x00007fbee96a4000)
	libstdc++.so.6 => /usr/lib/x86_64-linux-gnu/libstdc++.so.6 (0x00007fbee9478000)
	libm.so.6 => /usr/lib/x86_64-linux-gnu/libm.so.6 (0x00007fbee9391000)
	libc.so.6 => /usr/lib/x86_64-linux-gnu/libc.so.6 (0x00007fbee9168000)
	libfreetype.so.6 => /usr/lib/x86_64-linux-gnu/libfreetype.so.6 (0x00007fbee909e000)
	libfontconfig.so.1 => /usr/lib/x86_64-linux-gnu/libfontconfig.so.1 (0x00007fbee9054000)
	libjpeg.so.8 => /usr/lib/x86_64-linux-gnu/libjpeg.so.8 (0x00007fbee8fd3000)
	libz.so.1 => /usr/lib/x86_64-linux-gnu/libz.so.1 (0x00007fbee8fb7000)
	libopenjp2.so.7 => /usr/lib/x86_64-linux-gnu/libopenjp2.so.7 (0x00007fbee8f5f000)
	libpng16.so.16 => /usr/lib/x86_64-linux-gnu/libpng16.so.16 (0x00007fbee8f24000)
	libtiff.so.5 => /usr/lib/x86_64-linux-gnu/libtiff.so.5 (0x00007fbee8e9a000)
	libnss3.so => /usr/lib/x86_64-linux-gnu/libnss3.so (0x00007fbee8d69000)
	libsmime3.so => /usr/lib/x86_64-linux-gnu/libsmime3.so (0x00007fbee8d3f000)
	libplc4.so => /usr/lib/x86_64-linux-gnu/libplc4.so (0x00007fbee8d38000)
	libnspr4.so => /usr/lib/x86_64-linux-gnu/libnspr4.so (0x00007fbee8cf8000)
	/lib64/ld-linux-x86-64.so.2 (0x00007fbee9a7d000)
	libgcc_s.so.1 => /usr/lib/x86_64-linux-gnu/libgcc_s.so.1 (0x00007fbee8cd8000)
	libbrotlidec.so.1 => /usr/lib/x86_64-linux-gnu/libbrotlidec.so.1 (0x00007fbee8cc8000)
	libexpat.so.1 => /usr/lib/x86_64-linux-gnu/libexpat.so.1 (0x00007fbee8c97000)
	libuuid.so.1 => /usr/lib/x86_64-linux-gnu/libuuid.so.1 (0x00007fbee8c8e000)
	libwebp.so.7 => /usr/lib/x86_64-linux-gnu/libwebp.so.7 (0x00007fbee8c21000)
	libzstd.so.1 => /usr/lib/x86_64-linux-gnu/libzstd.so.1 (0x00007fbee8b52000)
	liblzma.so.5 => /usr/lib/x86_64-linux-gnu/liblzma.so.5 (0x00007fbee8b25000)
	libjbig.so.0 => /usr/lib/x86_64-linux-gnu/libjbig.so.0 (0x00007fbee8b14000)
	libdeflate.so.0 => /usr/lib/x86_64-linux-gnu/libdeflate.so.0 (0x00007fbee8af0000)
	libnssutil3.so => /usr/lib/x86_64-linux-gnu/libnssutil3.so (0x00007fbee8abd000)
	libplds4.so => /usr/lib/x86_64-linux-gnu/libplds4.so (0x00007fbee8ab8000)
	libbrotlicommon.so.1 => /usr/lib/x86_64-linux-gnu/libbrotlicommon.so.1 (0x00007fbee8a93000)
/usr/bin/pdftotext:
	linux-vdso.so.1 (0x00007ffdf29fa000)
	libpoppler.so.118 => /usr/lib/x86_64-linux-gnu/libpoppler.so.118 (0x00007fdf698a0000)
	libstdc++.so.6 => /usr/lib/x86_64-linux-gnu/libstdc++.so.6 (0x00007fdf69674000)
	libc.so.6 => /usr/lib/x86_64-linux-gnu/libc.so.6 (0x00007fdf6944b000)
	libfreetype.so.6 => /usr/lib/x86_64-linux-gnu/libfreetype.so.6 (0x00007fdf69383000)
	libfontconfig.so.1 => /usr/lib/x86_64-linux-gnu/libfontconfig.so.1 (0x00007fdf69339000)
	libjpeg.so.8 => /usr/lib/x86_64-linux-gnu/libjpeg.so.8 (0x00007fdf692b6000)
	libz.so.1 => /usr/lib/x86_64-linux-gnu/libz.so.1 (0x00007fdf6929a000)
	libopenjp2.so.7 => /usr/lib/x86_64-linux-gnu/libopenjp2.so.7 (0x00007fdf69242000)
	liblcms2.so.2 => /usr/lib/x86_64-linux-gnu/liblcms2.so.2 (0x00007fdf691e0000)
	libpng16.so.16 => /usr/lib/x86_64-linux-gnu/libpng16.so.16 (0x00007fdf691a5000)
	libtiff.so.5 => /usr/lib/x86_64-linux-gnu/libtiff.so.5 (0x00007fdf6911d000)
	libnss3.so => /usr/lib/x86_64-linux-gnu/libnss3.so (0x00007fdf68fea000)
	libsmime3.so => /usr/lib/x86_64-linux-gnu/libsmime3.so (0x00007fdf68fc0000)
	libplc4.so => /usr/lib/x86_64-linux-gnu/libplc4.so (0x00007fdf68fb9000)
	libnspr4.so => /usr/lib/x86_64-linux-gnu/libnspr4.so (0x00007fdf68f79000)
	libm.so.6 => /usr/lib/x86_64-linux-gnu/libm.so.6 (0x00007fdf68e92000)
	/lib64/ld-linux-x86-64.so.2 (0x00007fdf69c19000)
	libgcc_s.so.1 => /usr/lib/x86_64-linux-gnu/libgcc_s.so.1 (0x00007fdf68e72000)
	libbrotlidec.so.1 => /usr/lib/x86_64-linux-gnu/libbrotlidec.so.1 (0x00007fdf68e62000)
	libexpat.so.1 => /usr/lib/x86_64-linux-gnu/libexpat.so.1 (0x00007fdf68e31000)
	libuuid.so.1 => /usr/lib/x86_64-linux-gnu/libuuid.so.1 (0x00007fdf68e28000)
	libwebp.so.7 => /usr/lib/x86_64-linux-gnu/libwebp.so.7 (0x00007fdf68dbb000)
	libzstd.so.1 => /usr/lib/x86_64-linux-gnu/libzstd.so.1 (0x00007fdf68cec000)
	liblzma.so.5 => /usr/lib/x86_64-linux-gnu/liblzma.so.5 (0x00007fdf68cbf000)
	libjbig.so.0 => /usr/lib/x86_64-linux-gnu/libjbig.so.0 (0x00007fdf68cae000)
	libdeflate.so.0 => /usr/lib/x86_64-linux-gnu/libdeflate.so.0 (0x00007fdf68c8a000)
	libnssutil3.so => /usr/lib/x86_64-linux-gnu/libnssutil3.so (0x00007fdf68c57000)
	libplds4.so => /usr/lib/x86_64-linux-gnu/libplds4.so (0x00007fdf68c52000)
	libbrotlicommon.so.1 => /usr/lib/x86_64-linux-gnu/libbrotlicommon.so.1 (0x00007fdf68c2d000)
