/root/miniconda3/bin/python3.12:
	linux-vdso.so.1 (0x00007ffd4e2a6000)
	libpthread.so.0 => /usr/lib/x86_64-linux-gnu/libpthread.so.0 (0x00007f9e58071000)
	libdl.so.2 => /usr/lib/x86_64-linux-gnu/libdl.so.2 (0x00007f9e5806c000)
	libutil.so.1 => /usr/lib/x86_64-linux-gnu/libutil.so.1 (0x00007f9e58067000)
	libm.so.6 => /usr/lib/x86_64-linux-gnu/libm.so.6 (0x00007f9e57f80000)
	libc.so.6 => /usr/lib/x86_64-linux-gnu/libc.so.6 (0x00007f9e57d57000)
	/lib64/ld-linux-x86-64.so.2 (0x00007f9e58089000)
/root/miniconda3/lib/python3.12/lib-dynload/_asyncio.cpython-312-x86_64-linux-gnu.so:
	linux-vdso.so.1 (0x00007ffc4ffa3000)
	libc.so.6 => /usr/lib/x86_64-linux-gnu/libc.so.6 (0x00007f523fce2000)
	/lib64/ld-linux-x86-64.so.2 (0x00007f523ff31000)
/root/miniconda3/lib/python3.12/lib-dynload/_bisect.cpython-312-x86_64-linux-gnu.so:
	linux-vdso.so.1 (0x00007ffea93c9000)
	libc.so.6 => /usr/lib/x86_64-linux-gnu/libc.so.6 (0x00007f0595a2b000)
	/lib64/ld-linux-x86-64.so.2 (0x00007f0595c6f000)
/root/miniconda3/lib/python3.12/lib-dynload/_blake2.cpython-312-x86_64-linux-gnu.so:
	linux-vdso.so.1 (0x00007fffe43f5000)
	libc.so.6 => /usr/lib/x86_64-linux-gnu/libc.so.6 (0x00007fc17488f000)
	/lib64/ld-linux-x86-64.so.2 (0x00007fc174ad9000)
/root/miniconda3/lib/python3.12/lib-dynload/_bz2.cpython-312-x86_64-linux-gnu.so:
	linux-vdso.so.1 (0x00007ffc8c960000)
	libbz2.so.1.0 => /root/miniconda3/lib/python3.12/lib-dynload/../../libbz2.so.1.0 (0x00007fb957744000)
	libc.so.6 => /usr/lib/x86_64-linux-gnu/libc.so.6 (0x00007fb95750a000)
	/lib64/ld-linux-x86-64.so.2 (0x00007fb957762000)
/root/miniconda3/lib/python3.12/lib-dynload/_codecs_cn.cpython-312-x86_64-linux-gnu.so:
	linux-vdso.so.1 (0x00007ffcb35ba000)
	libc.so.6 => /usr/lib/x86_64-linux-gnu/libc.so.6 (0x00007ff0e3f95000)
	/lib64/ld-linux-x86-64.so.2 (0x00007ff0e41f9000)
/root/miniconda3/lib/python3.12/lib-dynload/_codecs_hk.cpython-312-x86_64-linux-gnu.so:
	linux-vdso.so.1 (0x00007ffc5a96c000)
	libc.so.6 => /usr/lib/x86_64-linux-gnu/libc.so.6 (0x00007f7bfbd86000)
	/lib64/ld-linux-x86-64.so.2 (0x00007f7bfbfeb000)
/root/miniconda3/lib/python3.12/lib-dynload/_codecs_iso2022.cpython-312-x86_64-linux-gnu.so:
	linux-vdso.so.1 (0x00007ffeb85e8000)
	libc.so.6 => /usr/lib/x86_64-linux-gnu/libc.so.6 (0x00007f5bf4b82000)
	/lib64/ld-linux-x86-64.so.2 (0x00007f5bf4dc7000)
/root/miniconda3/lib/python3.12/lib-dynload/_codecs_jp.cpython-312-x86_64-linux-gnu.so:
	linux-vdso.so.1 (0x00007ffc25da6000)
	libc.so.6 => /usr/lib/x86_64-linux-gnu/libc.so.6 (0x00007f8f0f812000)
	/lib64/ld-linux-x86-64.so.2 (0x00007f8f0fa92000)
/root/miniconda3/lib/python3.12/lib-dynload/_codecs_kr.cpython-312-x86_64-linux-gnu.so:
	linux-vdso.so.1 (0x00007fffd20dc000)
	libc.so.6 => /usr/lib/x86_64-linux-gnu/libc.so.6 (0x00007f2776e5d000)
	/lib64/ld-linux-x86-64.so.2 (0x00007f27770bd000)
/root/miniconda3/lib/python3.12/lib-dynload/_codecs_tw.cpython-312-x86_64-linux-gnu.so:
	linux-vdso.so.1 (0x00007ffd003e6000)
	libc.so.6 => /usr/lib/x86_64-linux-gnu/libc.so.6 (0x00007f71636bd000)
	/lib64/ld-linux-x86-64.so.2 (0x00007f7163917000)
/root/miniconda3/lib/python3.12/lib-dynload/_contextvars.cpython-312-x86_64-linux-gnu.so:
	statically linked
/root/miniconda3/lib/python3.12/lib-dynload/_crypt.cpython-312-x86_64-linux-gnu.so:
	linux-vdso.so.1 (0x00007fff9a9f7000)
	libcrypt.so.1 => /usr/lib/x86_64-linux-gnu/libcrypt.so.1 (0x00007fb41ebb1000)
	libpthread.so.0 => /usr/lib/x86_64-linux-gnu/libpthread.so.0 (0x00007fb41ebac000)
	libc.so.6 => /usr/lib/x86_64-linux-gnu/libc.so.6 (0x00007fb41e983000)
	/lib64/ld-linux-x86-64.so.2 (0x00007fb41ec03000)
/root/miniconda3/lib/python3.12/lib-dynload/_csv.cpython-312-x86_64-linux-gnu.so:
	linux-vdso.so.1 (0x00007fff4ab2d000)
	libc.so.6 => /usr/lib/x86_64-linux-gnu/libc.so.6 (0x00007fa8a556e000)
	/lib64/ld-linux-x86-64.so.2 (0x00007fa8a57b7000)
/root/miniconda3/lib/python3.12/lib-dynload/_ctypes.cpython-312-x86_64-linux-gnu.so:
	linux-vdso.so.1 (0x00007fffbd1ad000)
	libffi.so.8 => /root/miniconda3/lib/python3.12/lib-dynload/../../libffi.so.8 (0x00007f8b3f8ff000)
	libdl.so.2 => /usr/lib/x86_64-linux-gnu/libdl.so.2 (0x00007f8b3f8e9000)
	libpthread.so.0 => /usr/lib/x86_64-linux-gnu/libpthread.so.0 (0x00007f8b3f8e4000)
	libc.so.6 => /usr/lib/x86_64-linux-gnu/libc.so.6 (0x00007f8b3f6bb000)
	/lib64/ld-linux-x86-64.so.2 (0x00007f8b3f933000)
/root/miniconda3/lib/python3.12/lib-dynload/_ctypes_test.cpython-312-x86_64-linux-gnu.so:
	linux-vdso.so.1 (0x00007fff2c5a8000)
	libm.so.6 => /usr/lib/x86_64-linux-gnu/libm.so.6 (0x00007f987a233000)
	libpthread.so.0 => /usr/lib/x86_64-linux-gnu/libpthread.so.0 (0x00007f987a22e000)
	libc.so.6 => /usr/lib/x86_64-linux-gnu/libc.so.6 (0x00007f987a005000)
	/lib64/ld-linux-x86-64.so.2 (0x00007f987a336000)
/root/miniconda3/lib/python3.12/lib-dynload/_curses.cpython-312-x86_64-linux-gnu.so:
	linux-vdso.so.1 (0x00007ffdd2d1f000)
	libncursesw.so.6 => /root/miniconda3/lib/python3.12/lib-dynload/../../libncursesw.so.6 (0x00007f8c1338f000)
	libtinfow.so.6 => /root/miniconda3/lib/python3.12/lib-dynload/../../libtinfow.so.6 (0x00007f8c1334a000)
	libpthread.so.0 => /usr/lib/x86_64-linux-gnu/libpthread.so.0 (0x00007f8c13334000)
	libc.so.6 => /usr/lib/x86_64-linux-gnu/libc.so.6 (0x00007f8c1310b000)
	/lib64/ld-linux-x86-64.so.2 (0x00007f8c133f0000)
/root/miniconda3/lib/python3.12/lib-dynload/_curses_panel.cpython-312-x86_64-linux-gnu.so:
	linux-vdso.so.1 (0x00007ffc7f6e2000)
	libpanelw.so.6 => /root/miniconda3/lib/python3.12/lib-dynload/../../libpanelw.so.6 (0x00007f98e00eb000)
	libc.so.6 => /usr/lib/x86_64-linux-gnu/libc.so.6 (0x00007f98dfeb1000)
	libncursesw.so.6 => /root/miniconda3/lib/python3.12/lib-dynload/../.././libncursesw.so.6 (0x00007f98dfe75000)
	libtinfow.so.6 => /root/miniconda3/lib/python3.12/lib-dynload/../.././libtinfow.so.6 (0x00007f98dfe30000)
	/lib64/ld-linux-x86-64.so.2 (0x00007f98e00fc000)
/root/miniconda3/lib/python3.12/lib-dynload/_datetime.cpython-312-x86_64-linux-gnu.so:
	linux-vdso.so.1 (0x00007ffcbd7c7000)
	libm.so.6 => /usr/lib/x86_64-linux-gnu/libm.so.6 (0x00007fc2d8e8c000)
	libpthread.so.0 => /usr/lib/x86_64-linux-gnu/libpthread.so.0 (0x00007fc2d8e87000)
	libc.so.6 => /usr/lib/x86_64-linux-gnu/libc.so.6 (0x00007fc2d8c5e000)
	/lib64/ld-linux-x86-64.so.2 (0x00007fc2d8fa6000)
/root/miniconda3/lib/python3.12/lib-dynload/_decimal.cpython-312-x86_64-linux-gnu.so:
	linux-vdso.so.1 (0x00007ffc32df1000)
	libm.so.6 => /usr/lib/x86_64-linux-gnu/libm.so.6 (0x00007f4d5b460000)
	libpthread.so.0 => /usr/lib/x86_64-linux-gnu/libpthread.so.0 (0x00007f4d5b45b000)
	libc.so.6 => /usr/lib/x86_64-linux-gnu/libc.so.6 (0x00007f4d5b232000)
	/lib64/ld-linux-x86-64.so.2 (0x00007f4d5b5ac000)
/root/miniconda3/lib/python3.12/lib-dynload/_elementtree.cpython-312-x86_64-linux-gnu.so:
	linux-vdso.so.1 (0x00007ffde4ad7000)
	libc.so.6 => /usr/lib/x86_64-linux-gnu/libc.so.6 (0x00007fc045b3c000)
	/lib64/ld-linux-x86-64.so.2 (0x00007fc045d8d000)
/root/miniconda3/lib/python3.12/lib-dynload/_hashlib.cpython-312-x86_64-linux-gnu.so:
	linux-vdso.so.1 (0x00007ffde85ee000)
	libcrypto.so.3 => /root/miniconda3/lib/python3.12/lib-dynload/../../libcrypto.so.3 (0x00007fca65ac9000)
	libc.so.6 => /usr/lib/x86_64-linux-gnu/libc.so.6 (0x00007fca6588f000)
	libdl.so.2 => /usr/lib/x86_64-linux-gnu/libdl.so.2 (0x00007fca6588a000)
	libpthread.so.0 => /usr/lib/x86_64-linux-gnu/libpthread.so.0 (0x00007fca65885000)
	/lib64/ld-linux-x86-64.so.2 (0x00007fca660ed000)
/root/miniconda3/lib/python3.12/lib-dynload/_heapq.cpython-312-x86_64-linux-gnu.so:
	statically linked
/root/miniconda3/lib/python3.12/lib-dynload/_json.cpython-312-x86_64-linux-gnu.so:
	linux-vdso.so.1 (0x00007fffd71f2000)
	libc.so.6 => /usr/lib/x86_64-linux-gnu/libc.so.6 (0x00007f10a2827000)
	/lib64/ld-linux-x86-64.so.2 (0x00007f10a2a70000)
/root/miniconda3/lib/python3.12/lib-dynload/_lsprof.cpython-312-x86_64-linux-gnu.so:
	linux-vdso.so.1 (0x00007ffc59afb000)
	libc.so.6 => /usr/lib/x86_64-linux-gnu/libc.so.6 (0x00007fd56bba7000)
	/lib64/ld-linux-x86-64.so.2 (0x00007fd56bdec000)
/root/miniconda3/lib/python3.12/lib-dynload/_lzma.cpython-312-x86_64-linux-gnu.so:
	linux-vdso.so.1 (0x00007ffc11b18000)
	liblzma.so.5 => /root/miniconda3/lib/python3.12/lib-dynload/../../liblzma.so.5 (0x00007f0614226000)
	libc.so.6 => /usr/lib/x86_64-linux-gnu/libc.so.6 (0x00007f0613fec000)
	libpthread.so.0 => /usr/lib/x86_64-linux-gnu/libpthread.so.0 (0x00007f0613fe7000)
	/lib64/ld-linux-x86-64.so.2 (0x00007f0614264000)
/root/miniconda3/lib/python3.12/lib-dynload/_md5.cpython-312-x86_64-linux-gnu.so:
	linux-vdso.so.1 (0x00007fff50f8b000)
	libc.so.6 => /usr/lib/x86_64-linux-gnu/libc.so.6 (0x00007f5f91de8000)
	/lib64/ld-linux-x86-64.so.2 (0x00007f5f9202c000)
/root/miniconda3/lib/python3.12/lib-dynload/_multibytecodec.cpython-312-x86_64-linux-gnu.so:
	linux-vdso.so.1 (0x00007fffc9db1000)
	libc.so.6 => /usr/lib/x86_64-linux-gnu/libc.so.6 (0x00007f03c9109000)
	/lib64/ld-linux-x86-64.so.2 (0x00007f03c9353000)
/root/miniconda3/lib/python3.12/lib-dynload/_multiprocessing.cpython-312-x86_64-linux-gnu.so:
	linux-vdso.so.1 (0x00007ffd2354b000)
	libpthread.so.0 => /usr/lib/x86_64-linux-gnu/libpthread.so.0 (0x00007f51d8ed6000)
	libc.so.6 => /usr/lib/x86_64-linux-gnu/libc.so.6 (0x00007f51d8cad000)
	/lib64/ld-linux-x86-64.so.2 (0x00007f51d8ef4000)
/root/miniconda3/lib/python3.12/lib-dynload/_opcode.cpython-312-x86_64-linux-gnu.so:
	linux-vdso.so.1 (0x00007fffec4cd000)
	libc.so.6 => /usr/lib/x86_64-linux-gnu/libc.so.6 (0x00007f00eea4b000)
	/lib64/ld-linux-x86-64.so.2 (0x00007f00eec8c000)
/root/miniconda3/lib/python3.12/lib-dynload/_pickle.cpython-312-x86_64-linux-gnu.so:
	linux-vdso.so.1 (0x00007ffe3deb8000)
	libpthread.so.0 => /usr/lib/x86_64-linux-gnu/libpthread.so.0 (0x00007f2972da4000)
	libc.so.6 => /usr/lib/x86_64-linux-gnu/libc.so.6 (0x00007f2972b7b000)
	/lib64/ld-linux-x86-64.so.2 (0x00007f2972dde000)
/root/miniconda3/lib/python3.12/lib-dynload/_posixshmem.cpython-312-x86_64-linux-gnu.so:
	linux-vdso.so.1 (0x00007fff3e5b6000)
	librt.so.1 => /usr/lib/x86_64-linux-gnu/librt.so.1 (0x00007f618a28f000)
	libpthread.so.0 => /usr/lib/x86_64-linux-gnu/libpthread.so.0 (0x00007f618a28a000)
	libc.so.6 => /usr/lib/x86_64-linux-gnu/libc.so.6 (0x00007f618a061000)
	/lib64/ld-linux-x86-64.so.2 (0x00007f618a2ac000)
/root/miniconda3/lib/python3.12/lib-dynload/_posixsubprocess.cpython-312-x86_64-linux-gnu.so:
	linux-vdso.so.1 (0x00007ffeecdcb000)
	libpthread.so.0 => /usr/lib/x86_64-linux-gnu/libpthread.so.0 (0x00007fdb4aeaf000)
	libc.so.6 => /usr/lib/x86_64-linux-gnu/libc.so.6 (0x00007fdb4ac86000)
	/lib64/ld-linux-x86-64.so.2 (0x00007fdb4aecf000)
/root/miniconda3/lib/python3.12/lib-dynload/_queue.cpython-312-x86_64-linux-gnu.so:
	linux-vdso.so.1 (0x00007ffcd8d7f000)
	libc.so.6 => /usr/lib/x86_64-linux-gnu/libc.so.6 (0x00007f8fee2dd000)
	/lib64/ld-linux-x86-64.so.2 (0x00007f8fee51f000)
/root/miniconda3/lib/python3.12/lib-dynload/_random.cpython-312-x86_64-linux-gnu.so:
	linux-vdso.so.1 (0x00007ffff59da000)
	libc.so.6 => /usr/lib/x86_64-linux-gnu/libc.so.6 (0x00007f176dcb8000)
	/lib64/ld-linux-x86-64.so.2 (0x00007f176defb000)
/root/miniconda3/lib/python3.12/lib-dynload/_sha1.cpython-312-x86_64-linux-gnu.so:
	linux-vdso.so.1 (0x00007ffdf338e000)
	libc.so.6 => /usr/lib/x86_64-linux-gnu/libc.so.6 (0x00007f228dc88000)
	/lib64/ld-linux-x86-64.so.2 (0x00007f228decb000)
/root/miniconda3/lib/python3.12/lib-dynload/_sha2.cpython-312-x86_64-linux-gnu.so:
	linux-vdso.so.1 (0x00007ffea854c000)
	libc.so.6 => /usr/lib/x86_64-linux-gnu/libc.so.6 (0x00007f066379c000)
	/lib64/ld-linux-x86-64.so.2 (0x00007f06639e7000)
/root/miniconda3/lib/python3.12/lib-dynload/_sha3.cpython-312-x86_64-linux-gnu.so:
	linux-vdso.so.1 (0x00007fff189fd000)
	libc.so.6 => /usr/lib/x86_64-linux-gnu/libc.so.6 (0x00007fc1d839e000)
	/lib64/ld-linux-x86-64.so.2 (0x00007fc1d85e3000)
/root/miniconda3/lib/python3.12/lib-dynload/_socket.cpython-312-x86_64-linux-gnu.so:
	linux-vdso.so.1 (0x00007ffeb1bca000)
	libpthread.so.0 => /usr/lib/x86_64-linux-gnu/libpthread.so.0 (0x00007f467873e000)
	libc.so.6 => /usr/lib/x86_64-linux-gnu/libc.so.6 (0x00007f4678515000)
	/lib64/ld-linux-x86-64.so.2 (0x00007f4678770000)
/root/miniconda3/lib/python3.12/lib-dynload/_sqlite3.cpython-312-x86_64-linux-gnu.so:
	linux-vdso.so.1 (0x00007ffcafff7000)
	libsqlite3.so.0 => /root/miniconda3/lib/python3.12/lib-dynload/../../libsqlite3.so.0 (0x00007ff799771000)
	libc.so.6 => /usr/lib/x86_64-linux-gnu/libc.so.6 (0x00007ff799537000)
	libpthread.so.0 => /usr/lib/x86_64-linux-gnu/libpthread.so.0 (0x00007ff799532000)
	libm.so.6 => /usr/lib/x86_64-linux-gnu/libm.so.6 (0x00007ff79944b000)
	libdl.so.2 => /usr/lib/x86_64-linux-gnu/libdl.so.2 (0x00007ff799446000)
	/lib64/ld-linux-x86-64.so.2 (0x00007ff799929000)
/root/miniconda3/lib/python3.12/lib-dynload/_ssl.cpython-312-x86_64-linux-gnu.so:
	linux-vdso.so.1 (0x00007ffcecdfa000)
	libssl.so.3 => /root/miniconda3/lib/python3.12/lib-dynload/../../libssl.so.3 (0x00007fe07debe000)
	libcrypto.so.3 => /root/miniconda3/lib/python3.12/lib-dynload/../../libcrypto.so.3 (0x00007fe07d8ad000)
	libpthread.so.0 => /usr/lib/x86_64-linux-gnu/libpthread.so.0 (0x00007fe07d897000)
	libc.so.6 => /usr/lib/x86_64-linux-gnu/libc.so.6 (0x00007fe07d66e000)
	libdl.so.2 => /usr/lib/x86_64-linux-gnu/libdl.so.2 (0x00007fe07d669000)
	/lib64/ld-linux-x86-64.so.2 (0x00007fe07dff2000)
/root/miniconda3/lib/python3.12/lib-dynload/_statistics.cpython-312-x86_64-linux-gnu.so:
	linux-vdso.so.1 (0x00007fff3c7e9000)
	libm.so.6 => /usr/lib/x86_64-linux-gnu/libm.so.6 (0x00007f5f8ccb7000)
	libpthread.so.0 => /usr/lib/x86_64-linux-gnu/libpthread.so.0 (0x00007f5f8ccb2000)
	libc.so.6 => /usr/lib/x86_64-linux-gnu/libc.so.6 (0x00007f5f8ca89000)
	/lib64/ld-linux-x86-64.so.2 (0x00007f5f8cdb6000)
/root/miniconda3/lib/python3.12/lib-dynload/_struct.cpython-312-x86_64-linux-gnu.so:
	linux-vdso.so.1 (0x00007fff62787000)
	libc.so.6 => /usr/lib/x86_64-linux-gnu/libc.so.6 (0x00007fd6b230e000)
	/lib64/ld-linux-x86-64.so.2 (0x00007fd6b2559000)
/root/miniconda3/lib/python3.12/lib-dynload/_testbuffer.cpython-312-x86_64-linux-gnu.so:
	linux-vdso.so.1 (0x00007fffef573000)
	libc.so.6 => /usr/lib/x86_64-linux-gnu/libc.so.6 (0x00007f96ffe8e000)
	/lib64/ld-linux-x86-64.so.2 (0x00007f97000da000)
/root/miniconda3/lib/python3.12/lib-dynload/_testcapi.cpython-312-x86_64-linux-gnu.so:
	linux-vdso.so.1 (0x00007ffd8c3fd000)
	libpthread.so.0 => /usr/lib/x86_64-linux-gnu/libpthread.so.0 (0x00007fa86ac34000)
	libc.so.6 => /usr/lib/x86_64-linux-gnu/libc.so.6 (0x00007fa86aa0b000)
	/lib64/ld-linux-x86-64.so.2 (0x00007fa86acaa000)
/root/miniconda3/lib/python3.12/lib-dynload/_testclinic.cpython-312-x86_64-linux-gnu.so:
	linux-vdso.so.1 (0x00007ffe981fb000)
	libc.so.6 => /usr/lib/x86_64-linux-gnu/libc.so.6 (0x00007fb34a35d000)
	/lib64/ld-linux-x86-64.so.2 (0x00007fb34a5ad000)
/root/miniconda3/lib/python3.12/lib-dynload/_testimportmultiple.cpython-312-x86_64-linux-gnu.so:
	statically linked
/root/miniconda3/lib/python3.12/lib-dynload/_testinternalcapi.cpython-312-x86_64-linux-gnu.so:
	linux-vdso.so.1 (0x00007ffef7338000)
	libc.so.6 => /usr/lib/x86_64-linux-gnu/libc.so.6 (0x00007f68110c6000)
	/lib64/ld-linux-x86-64.so.2 (0x00007f681130d000)
/root/miniconda3/lib/python3.12/lib-dynload/_testmultiphase.cpython-312-x86_64-linux-gnu.so:
	linux-vdso.so.1 (0x00007ffd100e3000)
	libc.so.6 => /usr/lib/x86_64-linux-gnu/libc.so.6 (0x00007f4a48a39000)
	/lib64/ld-linux-x86-64.so.2 (0x00007f4a48c7e000)
/root/miniconda3/lib/python3.12/lib-dynload/_testsinglephase.cpython-312-x86_64-linux-gnu.so:
	linux-vdso.so.1 (0x00007ffda9e3b000)
	libc.so.6 => /usr/lib/x86_64-linux-gnu/libc.so.6 (0x00007f0e2a115000)
	/lib64/ld-linux-x86-64.so.2 (0x00007f0e2a357000)
/root/miniconda3/lib/python3.12/lib-dynload/_tkinter.cpython-312-x86_64-linux-gnu.so:
	linux-vdso.so.1 (0x00007ffd0c74f000)
	libtk8.6.so => /root/miniconda3/lib/python3.12/lib-dynload/../../libtk8.6.so (0x00007f537ba54000)
	libtcl8.6.so => /root/miniconda3/lib/python3.12/lib-dynload/../../libtcl8.6.so (0x00007f537b891000)
	libc.so.6 => /usr/lib/x86_64-linux-gnu/libc.so.6 (0x00007f537b657000)
	libX11.so.6 => /usr/lib/x86_64-linux-gnu/libX11.so.6 (0x00007f537b517000)
	libm.so.6 => /usr/lib/x86_64-linux-gnu/libm.so.6 (0x00007f537b42e000)
	libdl.so.2 => /usr/lib/x86_64-linux-gnu/libdl.so.2 (0x00007f537b429000)
	libz.so.1 => /root/miniconda3/lib/libz.so.1 (0x00007f537b40e000)
	libpthread.so.0 => /usr/lib/x86_64-linux-gnu/libpthread.so.0 (0x00007f537b409000)
	/lib64/ld-linux-x86-64.so.2 (0x00007f537bbd1000)
	libxcb.so.1 => /usr/lib/x86_64-linux-gnu/libxcb.so.1 (0x00007f537b3df000)
	libXau.so.6 => /usr/lib/x86_64-linux-gnu/libXau.so.6 (0x00007f537b3d7000)
	libXdmcp.so.6 => /usr/lib/x86_64-linux-gnu/libXdmcp.so.6 (0x00007f537b3cf000)
	libbsd.so.0 => /usr/lib/x86_64-linux-gnu/libbsd.so.0 (0x00007f537b3b7000)
	libmd.so.0 => /usr/lib/x86_64-linux-gnu/libmd.so.0 (0x00007f537b3aa000)
/root/miniconda3/lib/python3.12/lib-dynload/_uuid.cpython-312-x86_64-linux-gnu.so:
	linux-vdso.so.1 (0x00007fffe7f9f000)
	libuuid.so.1 => /root/miniconda3/lib/python3.12/lib-dynload/../../libuuid.so.1 (0x00007f88d060a000)
	libpthread.so.0 => /usr/lib/x86_64-linux-gnu/libpthread.so.0 (0x00007f88d05f4000)
	libc.so.6 => /usr/lib/x86_64-linux-gnu/libc.so.6 (0x00007f88d03cb000)
	/lib64/ld-linux-x86-64.so.2 (0x00007f88d061a000)
/root/miniconda3/lib/python3.12/lib-dynload/_xxinterpchannels.cpython-312-x86_64-linux-gnu.so:
	linux-vdso.so.1 (0x00007ffd5916c000)
	libc.so.6 => /usr/lib/x86_64-linux-gnu/libc.so.6 (0x00007f31db21f000)
	/lib64/ld-linux-x86-64.so.2 (0x00007f31db466000)
/root/miniconda3/lib/python3.12/lib-dynload/_xxsubinterpreters.cpython-312-x86_64-linux-gnu.so:
	linux-vdso.so.1 (0x00007ffe08556000)
	libc.so.6 => /usr/lib/x86_64-linux-gnu/libc.so.6 (0x00007f3f309a0000)
	/lib64/ld-linux-x86-64.so.2 (0x00007f3f30be3000)
/root/miniconda3/lib/python3.12/lib-dynload/_xxtestfuzz.cpython-312-x86_64-linux-gnu.so:
	linux-vdso.so.1 (0x00007ffe9056c000)
	libc.so.6 => /usr/lib/x86_64-linux-gnu/libc.so.6 (0x00007effb12f7000)
	/lib64/ld-linux-x86-64.so.2 (0x00007effb153a000)
/root/miniconda3/lib/python3.12/lib-dynload/_zoneinfo.cpython-312-x86_64-linux-gnu.so:
	linux-vdso.so.1 (0x00007ffcff7f6000)
	libc.so.6 => /usr/lib/x86_64-linux-gnu/libc.so.6 (0x00007f5cae2a0000)
	/lib64/ld-linux-x86-64.so.2 (0x00007f5cae4e8000)
/root/miniconda3/lib/python3.12/lib-dynload/array.cpython-312-x86_64-linux-gnu.so:
	linux-vdso.so.1 (0x00007ffee5bbd000)
	libc.so.6 => /usr/lib/x86_64-linux-gnu/libc.so.6 (0x00007f291ea19000)
	/lib64/ld-linux-x86-64.so.2 (0x00007f291ec67000)
/root/miniconda3/lib/python3.12/lib-dynload/audioop.cpython-312-x86_64-linux-gnu.so:
	linux-vdso.so.1 (0x00007ffc215cc000)
	libm.so.6 => /usr/lib/x86_64-linux-gnu/libm.so.6 (0x00007fb8bb050000)
	libpthread.so.0 => /usr/lib/x86_64-linux-gnu/libpthread.so.0 (0x00007fb8bb04b000)
	libc.so.6 => /usr/lib/x86_64-linux-gnu/libc.so.6 (0x00007fb8bae22000)
	/lib64/ld-linux-x86-64.so.2 (0x00007fb8bb15d000)
/root/miniconda3/lib/python3.12/lib-dynload/binascii.cpython-312-x86_64-linux-gnu.so:
	linux-vdso.so.1 (0x00007ffddb91f000)
	libz.so.1 => /root/miniconda3/lib/python3.12/lib-dynload/../../libz.so.1 (0x00007fe20e336000)
	libpthread.so.0 => /usr/lib/x86_64-linux-gnu/libpthread.so.0 (0x00007fe20e320000)
	libc.so.6 => /usr/lib/x86_64-linux-gnu/libc.so.6 (0x00007fe20e0f7000)
	/lib64/ld-linux-x86-64.so.2 (0x00007fe20e35d000)
/root/miniconda3/lib/python3.12/lib-dynload/cmath.cpython-312-x86_64-linux-gnu.so:
	linux-vdso.so.1 (0x00007ffc58fb8000)
	libm.so.6 => /usr/lib/x86_64-linux-gnu/libm.so.6 (0x00007f3221963000)
	libpthread.so.0 => /usr/lib/x86_64-linux-gnu/libpthread.so.0 (0x00007f322195e000)
	libc.so.6 => /usr/lib/x86_64-linux-gnu/libc.so.6 (0x00007f3221735000)
	/lib64/ld-linux-x86-64.so.2 (0x00007f3221a6e000)
/root/miniconda3/lib/python3.12/lib-dynload/fcntl.cpython-312-x86_64-linux-gnu.so:
	linux-vdso.so.1 (0x00007ffc3fe84000)
	libpthread.so.0 => /usr/lib/x86_64-linux-gnu/libpthread.so.0 (0x00007fa050f25000)
	libc.so.6 => /usr/lib/x86_64-linux-gnu/libc.so.6 (0x00007fa050cfc000)
	/lib64/ld-linux-x86-64.so.2 (0x00007fa050f45000)
/root/miniconda3/lib/python3.12/lib-dynload/grp.cpython-312-x86_64-linux-gnu.so:
	linux-vdso.so.1 (0x00007fffc96a8000)
	libc.so.6 => /usr/lib/x86_64-linux-gnu/libc.so.6 (0x00007f5e84fed000)
	/lib64/ld-linux-x86-64.so.2 (0x00007f5e8522f000)
/root/miniconda3/lib/python3.12/lib-dynload/math.cpython-312-x86_64-linux-gnu.so:
	linux-vdso.so.1 (0x00007ffeb0afa000)
	libm.so.6 => /usr/lib/x86_64-linux-gnu/libm.so.6 (0x00007fda9f968000)
	libpthread.so.0 => /usr/lib/x86_64-linux-gnu/libpthread.so.0 (0x00007fda9f963000)
	libc.so.6 => /usr/lib/x86_64-linux-gnu/libc.so.6 (0x00007fda9f73a000)
	/lib64/ld-linux-x86-64.so.2 (0x00007fda9fa77000)
/root/miniconda3/lib/python3.12/lib-dynload/mmap.cpython-312-x86_64-linux-gnu.so:
	linux-vdso.so.1 (0x00007ffe589fe000)
	libpthread.so.0 => /usr/lib/x86_64-linux-gnu/libpthread.so.0 (0x00007fc0e21da000)
	libc.so.6 => /usr/lib/x86_64-linux-gnu/libc.so.6 (0x00007fc0e1fb1000)
	/lib64/ld-linux-x86-64.so.2 (0x00007fc0e21fb000)
/root/miniconda3/lib/python3.12/lib-dynload/nis.cpython-312-x86_64-linux-gnu.so:
	linux-vdso.so.1 (0x00007ffff1162000)
	libnsl.so.1 => /usr/lib/x86_64-linux-gnu/libnsl.so.1 (0x00007f53c242a000)
	libpthread.so.0 => /usr/lib/x86_64-linux-gnu/libpthread.so.0 (0x00007f53c2425000)
	libc.so.6 => /usr/lib/x86_64-linux-gnu/libc.so.6 (0x00007f53c21fc000)
	/lib64/ld-linux-x86-64.so.2 (0x00007f53c245f000)
/root/miniconda3/lib/python3.12/lib-dynload/ossaudiodev.cpython-312-x86_64-linux-gnu.so:
	linux-vdso.so.1 (0x00007fff4351e000)
	libpthread.so.0 => /usr/lib/x86_64-linux-gnu/libpthread.so.0 (0x00007ff9f1c5c000)
	libc.so.6 => /usr/lib/x86_64-linux-gnu/libc.so.6 (0x00007ff9f1a33000)
	/lib64/ld-linux-x86-64.so.2 (0x00007ff9f1c7d000)
/root/miniconda3/lib/python3.12/lib-dynload/pyexpat.cpython-312-x86_64-linux-gnu.so:
	linux-vdso.so.1 (0x00007ffc0fcf1000)
	libexpat.so.1 => /root/miniconda3/lib/python3.12/lib-dynload/../../libexpat.so.1 (0x00007f1c13a7f000)
	libpthread.so.0 => /usr/lib/x86_64-linux-gnu/libpthread.so.0 (0x00007f1c13a69000)
	libc.so.6 => /usr/lib/x86_64-linux-gnu/libc.so.6 (0x00007f1c13840000)
	libm.so.6 => /usr/lib/x86_64-linux-gnu/libm.so.6 (0x00007f1c13759000)
	/lib64/ld-linux-x86-64.so.2 (0x00007f1c13ac3000)
/root/miniconda3/lib/python3.12/lib-dynload/readline.cpython-312-x86_64-linux-gnu.so:
	linux-vdso.so.1 (0x00007ffef4db5000)
	libreadline.so.8 => /root/miniconda3/lib/python3.12/lib-dynload/../../libreadline.so.8 (0x00007f923ea14000)
	libpthread.so.0 => /usr/lib/x86_64-linux-gnu/libpthread.so.0 (0x00007f923e9fe000)
	libc.so.6 => /usr/lib/x86_64-linux-gnu/libc.so.6 (0x00007f923e7d5000)
	libtinfo.so.6 => /root/miniconda3/lib/python3.12/lib-dynload/../.././libtinfo.so.6 (0x00007f923e790000)
	/lib64/ld-linux-x86-64.so.2 (0x00007f923ea7f000)
/root/miniconda3/lib/python3.12/lib-dynload/resource.cpython-312-x86_64-linux-gnu.so:
	linux-vdso.so.1 (0x00007ffe3db6b000)
	libpthread.so.0 => /usr/lib/x86_64-linux-gnu/libpthread.so.0 (0x00007f0bd0f3f000)
	libc.so.6 => /usr/lib/x86_64-linux-gnu/libc.so.6 (0x00007f0bd0d16000)
	/lib64/ld-linux-x86-64.so.2 (0x00007f0bd0f5d000)
/root/miniconda3/lib/python3.12/lib-dynload/select.cpython-312-x86_64-linux-gnu.so:
	linux-vdso.so.1 (0x00007ffcea34d000)
	libpthread.so.0 => /usr/lib/x86_64-linux-gnu/libpthread.so.0 (0x00007f17c14f4000)
	libc.so.6 => /usr/lib/x86_64-linux-gnu/libc.so.6 (0x00007f17c12cb000)
	/lib64/ld-linux-x86-64.so.2 (0x00007f17c1517000)
/root/miniconda3/lib/python3.12/lib-dynload/spwd.cpython-312-x86_64-linux-gnu.so:
	linux-vdso.so.1 (0x00007ffd8b9de000)
	libpthread.so.0 => /usr/lib/x86_64-linux-gnu/libpthread.so.0 (0x00007f4caf6b5000)
	libc.so.6 => /usr/lib/x86_64-linux-gnu/libc.so.6 (0x00007f4caf48c000)
	/lib64/ld-linux-x86-64.so.2 (0x00007f4caf6d3000)
/root/miniconda3/lib/python3.12/lib-dynload/syslog.cpython-312-x86_64-linux-gnu.so:
	linux-vdso.so.1 (0x00007ffe58535000)
	libc.so.6 => /usr/lib/x86_64-linux-gnu/libc.so.6 (0x00007f15e2ceb000)
	/lib64/ld-linux-x86-64.so.2 (0x00007f15e2f2d000)
/root/miniconda3/lib/python3.12/lib-dynload/termios.cpython-312-x86_64-linux-gnu.so:
	linux-vdso.so.1 (0x00007ffda21e4000)
	libpthread.so.0 => /usr/lib/x86_64-linux-gnu/libpthread.so.0 (0x00007f7187128000)
	libc.so.6 => /usr/lib/x86_64-linux-gnu/libc.so.6 (0x00007f7186eff000)
	/lib64/ld-linux-x86-64.so.2 (0x00007f718714a000)
/root/miniconda3/lib/python3.12/lib-dynload/unicodedata.cpython-312-x86_64-linux-gnu.so:
	linux-vdso.so.1 (0x00007fff429e2000)
	libc.so.6 => /usr/lib/x86_64-linux-gnu/libc.so.6 (0x00007f0114641000)
	/lib64/ld-linux-x86-64.so.2 (0x00007f0114992000)
/root/miniconda3/lib/python3.12/lib-dynload/xxlimited.cpython-312-x86_64-linux-gnu.so:
	linux-vdso.so.1 (0x00007ffe38fca000)
	libc.so.6 => /usr/lib/x86_64-linux-gnu/libc.so.6 (0x00007fafc2512000)
	/lib64/ld-linux-x86-64.so.2 (0x00007fafc2754000)
/root/miniconda3/lib/python3.12/lib-dynload/xxlimited_35.cpython-312-x86_64-linux-gnu.so:
	linux-vdso.so.1 (0x00007ffc679d0000)
	libc.so.6 => /usr/lib/x86_64-linux-gnu/libc.so.6 (0x00007f200e011000)
	/lib64/ld-linux-x86-64.so.2 (0x00007f200e253000)
/root/miniconda3/lib/python3.12/lib-dynload/xxsubtype.cpython-312-x86_64-linux-gnu.so:
	linux-vdso.so.1 (0x00007ffd573ae000)
	libc.so.6 => /usr/lib/x86_64-linux-gnu/libc.so.6 (0x00007feab654b000)
	/lib64/ld-linux-x86-64.so.2 (0x00007feab678c000)
/root/miniconda3/lib/python3.12/lib-dynload/zlib.cpython-312-x86_64-linux-gnu.so:
	linux-vdso.so.1 (0x00007fff9efac000)
	libz.so.1 => /root/miniconda3/lib/python3.12/lib-dynload/../../libz.so.1 (0x00007f1832c6e000)
	libpthread.so.0 => /usr/lib/x86_64-linux-gnu/libpthread.so.0 (0x00007f1832c58000)
	libc.so.6 => /usr/lib/x86_64-linux-gnu/libc.so.6 (0x00007f1832a2f000)
	/lib64/ld-linux-x86-64.so.2 (0x00007f1832c98000)
/usr/bin/bash:
	linux-vdso.so.1 (0x00007ffdb2dc4000)
	libtinfo.so.6 => /usr/lib/x86_64-linux-gnu/libtinfo.so.6 (0x00007fdd91b1d000)
	libc.so.6 => /usr/lib/x86_64-linux-gnu/libc.so.6 (0x00007fdd918f4000)
	/lib64/ld-linux-x86-64.so.2 (0x00007fdd91cc3000)
/usr/bin/bibtex.original:
	linux-vdso.so.1 (0x00007ffe075fc000)
	libkpathsea.so.6 => /usr/lib/x86_64-linux-gnu/libkpathsea.so.6 (0x00007fc166d1f000)
	libc.so.6 => /usr/lib/x86_64-linux-gnu/libc.so.6 (0x00007fc166af6000)
	/lib64/ld-linux-x86-64.so.2 (0x00007fc166d6d000)
/usr/bin/cmp:
	linux-vdso.so.1 (0x00007ffee03d4000)
	libc.so.6 => /usr/lib/x86_64-linux-gnu/libc.so.6 (0x00007f3e83b2c000)
	/lib64/ld-linux-x86-64.so.2 (0x00007f3e83d84000)
/usr/bin/kpsewhich:
	linux-vdso.so.1 (0x00007fffc41f9000)
	libkpathsea.so.6 => /usr/lib/x86_64-linux-gnu/libkpathsea.so.6 (0x00007f5b62b3f000)
	libc.so.6 => /usr/lib/x86_64-linux-gnu/libc.so.6 (0x00007f5b62916000)
	/lib64/ld-linux-x86-64.so.2 (0x00007f5b62b76000)
/usr/bin/pdffonts:
	linux-vdso.so.1 (0x00007fff6d541000)
	libpoppler.so.118 => /usr/lib/x86_64-linux-gnu/libpoppler.so.118 (0x00007f1e7595f000)
	libstdc++.so.6 => /usr/lib/x86_64-linux-gnu/libstdc++.so.6 (0x00007f1e75733000)
	libc.so.6 => /usr/lib/x86_64-linux-gnu/libc.so.6 (0x00007f1e7550a000)
	libfreetype.so.6 => /usr/lib/x86_64-linux-gnu/libfreetype.so.6 (0x00007f1e75442000)
	libfontconfig.so.1 => /usr/lib/x86_64-linux-gnu/libfontconfig.so.1 (0x00007f1e753f8000)
	libjpeg.so.8 => /usr/lib/x86_64-linux-gnu/libjpeg.so.8 (0x00007f1e75375000)
	libz.so.1 => /usr/lib/x86_64-linux-gnu/libz.so.1 (0x00007f1e75359000)
	libopenjp2.so.7 => /usr/lib/x86_64-linux-gnu/libopenjp2.so.7 (0x00007f1e75301000)
	liblcms2.so.2 => /usr/lib/x86_64-linux-gnu/liblcms2.so.2 (0x00007f1e7529f000)
	libpng16.so.16 => /usr/lib/x86_64-linux-gnu/libpng16.so.16 (0x00007f1e75264000)
	libtiff.so.5 => /usr/lib/x86_64-linux-gnu/libtiff.so.5 (0x00007f1e751dc000)
	libnss3.so => /usr/lib/x86_64-linux-gnu/libnss3.so (0x00007f1e750a9000)
	libsmime3.so => /usr/lib/x86_64-linux-gnu/libsmime3.so (0x00007f1e7507f000)
	libplc4.so => /usr/lib/x86_64-linux-gnu/libplc4.so (0x00007f1e75078000)
	libnspr4.so => /usr/lib/x86_64-linux-gnu/libnspr4.so (0x00007f1e75038000)
	libm.so.6 => /usr/lib/x86_64-linux-gnu/libm.so.6 (0x00007f1e74f51000)
	/lib64/ld-linux-x86-64.so.2 (0x00007f1e75cd3000)
	libgcc_s.so.1 => /usr/lib/x86_64-linux-gnu/libgcc_s.so.1 (0x00007f1e74f31000)
	libbrotlidec.so.1 => /usr/lib/x86_64-linux-gnu/libbrotlidec.so.1 (0x00007f1e74f21000)
	libexpat.so.1 => /usr/lib/x86_64-linux-gnu/libexpat.so.1 (0x00007f1e74ef0000)
	libuuid.so.1 => /usr/lib/x86_64-linux-gnu/libuuid.so.1 (0x00007f1e74ee7000)
	libwebp.so.7 => /usr/lib/x86_64-linux-gnu/libwebp.so.7 (0x00007f1e74e7a000)
	libzstd.so.1 => /usr/lib/x86_64-linux-gnu/libzstd.so.1 (0x00007f1e74dab000)
	liblzma.so.5 => /usr/lib/x86_64-linux-gnu/liblzma.so.5 (0x00007f1e74d7e000)
	libjbig.so.0 => /usr/lib/x86_64-linux-gnu/libjbig.so.0 (0x00007f1e74d6d000)
	libdeflate.so.0 => /usr/lib/x86_64-linux-gnu/libdeflate.so.0 (0x00007f1e74d49000)
	libnssutil3.so => /usr/lib/x86_64-linux-gnu/libnssutil3.so (0x00007f1e74d16000)
	libplds4.so => /usr/lib/x86_64-linux-gnu/libplds4.so (0x00007f1e74d11000)
	libbrotlicommon.so.1 => /usr/lib/x86_64-linux-gnu/libbrotlicommon.so.1 (0x00007f1e74cec000)
/usr/bin/pdfinfo:
	linux-vdso.so.1 (0x00007ffff1919000)
	libpoppler.so.118 => /usr/lib/x86_64-linux-gnu/libpoppler.so.118 (0x00007fededfc0000)
	libstdc++.so.6 => /usr/lib/x86_64-linux-gnu/libstdc++.so.6 (0x00007fededd94000)
	libc.so.6 => /usr/lib/x86_64-linux-gnu/libc.so.6 (0x00007fededb6b000)
	libfreetype.so.6 => /usr/lib/x86_64-linux-gnu/libfreetype.so.6 (0x00007fededaa3000)
	libfontconfig.so.1 => /usr/lib/x86_64-linux-gnu/libfontconfig.so.1 (0x00007fededa59000)
	libjpeg.so.8 => /usr/lib/x86_64-linux-gnu/libjpeg.so.8 (0x00007feded9d6000)
	libz.so.1 => /usr/lib/x86_64-linux-gnu/libz.so.1 (0x00007feded9ba000)
	libopenjp2.so.7 => /usr/lib/x86_64-linux-gnu/libopenjp2.so.7 (0x00007feded962000)
	liblcms2.so.2 => /usr/lib/x86_64-linux-gnu/liblcms2.so.2 (0x00007feded900000)
	libpng16.so.16 => /usr/lib/x86_64-linux-gnu/libpng16.so.16 (0x00007feded8c5000)
	libtiff.so.5 => /usr/lib/x86_64-linux-gnu/libtiff.so.5 (0x00007feded83d000)
	libnss3.so => /usr/lib/x86_64-linux-gnu/libnss3.so (0x00007feded70a000)
	libsmime3.so => /usr/lib/x86_64-linux-gnu/libsmime3.so (0x00007feded6e0000)
	libplc4.so => /usr/lib/x86_64-linux-gnu/libplc4.so (0x00007feded6d9000)
	libnspr4.so => /usr/lib/x86_64-linux-gnu/libnspr4.so (0x00007feded699000)
	libm.so.6 => /usr/lib/x86_64-linux-gnu/libm.so.6 (0x00007feded5b2000)
	/lib64/ld-linux-x86-64.so.2 (0x00007fedee33d000)
	libgcc_s.so.1 => /usr/lib/x86_64-linux-gnu/libgcc_s.so.1 (0x00007feded592000)
	libbrotlidec.so.1 => /usr/lib/x86_64-linux-gnu/libbrotlidec.so.1 (0x00007feded582000)
	libexpat.so.1 => /usr/lib/x86_64-linux-gnu/libexpat.so.1 (0x00007feded551000)
	libuuid.so.1 => /usr/lib/x86_64-linux-gnu/libuuid.so.1 (0x00007feded548000)
	libwebp.so.7 => /usr/lib/x86_64-linux-gnu/libwebp.so.7 (0x00007feded4db000)
	libzstd.so.1 => /usr/lib/x86_64-linux-gnu/libzstd.so.1 (0x00007feded40c000)
	liblzma.so.5 => /usr/lib/x86_64-linux-gnu/liblzma.so.5 (0x00007feded3df000)
	libjbig.so.0 => /usr/lib/x86_64-linux-gnu/libjbig.so.0 (0x00007feded3ce000)
	libdeflate.so.0 => /usr/lib/x86_64-linux-gnu/libdeflate.so.0 (0x00007feded3aa000)
	libnssutil3.so => /usr/lib/x86_64-linux-gnu/libnssutil3.so (0x00007feded377000)
	libplds4.so => /usr/lib/x86_64-linux-gnu/libplds4.so (0x00007feded372000)
	libbrotlicommon.so.1 => /usr/lib/x86_64-linux-gnu/libbrotlicommon.so.1 (0x00007feded34d000)
/usr/bin/pdftex:
	linux-vdso.so.1 (0x00007ffc3df48000)
	libpng16.so.16 => /usr/lib/x86_64-linux-gnu/libpng16.so.16 (0x00007ff21cf56000)
	libz.so.1 => /usr/lib/x86_64-linux-gnu/libz.so.1 (0x00007ff21cf3a000)
	libkpathsea.so.6 => /usr/lib/x86_64-linux-gnu/libkpathsea.so.6 (0x00007ff21cf1e000)
	libstdc++.so.6 => /usr/lib/x86_64-linux-gnu/libstdc++.so.6 (0x00007ff21ccf2000)
	libm.so.6 => /usr/lib/x86_64-linux-gnu/libm.so.6 (0x00007ff21cc0b000)
	libgcc_s.so.1 => /usr/lib/x86_64-linux-gnu/libgcc_s.so.1 (0x00007ff21cbe9000)
	libc.so.6 => /usr/lib/x86_64-linux-gnu/libc.so.6 (0x00007ff21c9c0000)
	/lib64/ld-linux-x86-64.so.2 (0x00007ff21d1eb000)
/usr/bin/pdftoppm:
	linux-vdso.so.1 (0x00007fff0177b000)
	libpoppler.so.118 => /usr/lib/x86_64-linux-gnu/libpoppler.so.118 (0x00007f7d899ff000)
	liblcms2.so.2 => /usr/lib/x86_64-linux-gnu/liblcms2.so.2 (0x00007f7d8999d000)
	libstdc++.so.6 => /usr/lib/x86_64-linux-gnu/libstdc++.so.6 (0x00007f7d89771000)
	libm.so.6 => /usr/lib/x86_64-linux-gnu/libm.so.6 (0x00007f7d8968a000)
	libc.so.6 => /usr/lib/x86_64-linux-gnu/libc.so.6 (0x00007f7d89461000)
	libfreetype.so.6 => /usr/lib/x86_64-linux-gnu/libfreetype.so.6 (0x00007f7d89397000)
	libfontconfig.so.1 => /usr/lib/x86_64-linux-gnu/libfontconfig.so.1 (0x00007f7d8934d000)
	libjpeg.so.8 => /usr/lib/x86_64-linux-gnu/libjpeg.so.8 (0x00007f7d892cc000)
	libz.so.1 => /usr/lib/x86_64-linux-gnu/libz.so.1 (0x00007f7d892b0000)
	libopenjp2.so.7 => /usr/lib/x86_64-linux-gnu/libopenjp2.so.7 (0x00007f7d89258000)
	libpng16.so.16 => /usr/lib/x86_64-linux-gnu/libpng16.so.16 (0x00007f7d8921d000)
	libtiff.so.5 => /usr/lib/x86_64-linux-gnu/libtiff.so.5 (0x00007f7d89193000)
	libnss3.so => /usr/lib/x86_64-linux-gnu/libnss3.so (0x00007f7d89062000)
	libsmime3.so => /usr/lib/x86_64-linux-gnu/libsmime3.so (0x00007f7d89038000)
	libplc4.so => /usr/lib/x86_64-linux-gnu/libplc4.so (0x00007f7d89031000)
	libnspr4.so => /usr/lib/x86_64-linux-gnu/libnspr4.so (0x00007f7d88ff1000)
	/lib64/ld-linux-x86-64.so.2 (0x00007f7d89d76000)
	libgcc_s.so.1 => /usr/lib/x86_64-linux-gnu/libgcc_s.so.1 (0x00007f7d88fd1000)
	libbrotlidec.so.1 => /usr/lib/x86_64-linux-gnu/libbrotlidec.so.1 (0x00007f7d88fc1000)
	libexpat.so.1 => /usr/lib/x86_64-linux-gnu/libexpat.so.1 (0x00007f7d88f90000)
	libuuid.so.1 => /usr/lib/x86_64-linux-gnu/libuuid.so.1 (0x00007f7d88f87000)
	libwebp.so.7 => /usr/lib/x86_64-linux-gnu/libwebp.so.7 (0x00007f7d88f1a000)
	libzstd.so.1 => /usr/lib/x86_64-linux-gnu/libzstd.so.1 (0x00007f7d88e4b000)
	liblzma.so.5 => /usr/lib/x86_64-linux-gnu/liblzma.so.5 (0x00007f7d88e1e000)
	libjbig.so.0 => /usr/lib/x86_64-linux-gnu/libjbig.so.0 (0x00007f7d88e0d000)
	libdeflate.so.0 => /usr/lib/x86_64-linux-gnu/libdeflate.so.0 (0x00007f7d88de9000)
	libnssutil3.so => /usr/lib/x86_64-linux-gnu/libnssutil3.so (0x00007f7d88db6000)
	libplds4.so => /usr/lib/x86_64-linux-gnu/libplds4.so (0x00007f7d88db1000)
	libbrotlicommon.so.1 => /usr/lib/x86_64-linux-gnu/libbrotlicommon.so.1 (0x00007f7d88d8c000)
/usr/bin/pdftotext:
	linux-vdso.so.1 (0x00007fffe83ab000)
	libpoppler.so.118 => /usr/lib/x86_64-linux-gnu/libpoppler.so.118 (0x00007fe77392b000)
	libstdc++.so.6 => /usr/lib/x86_64-linux-gnu/libstdc++.so.6 (0x00007fe7736ff000)
	libc.so.6 => /usr/lib/x86_64-linux-gnu/libc.so.6 (0x00007fe7734d6000)
	libfreetype.so.6 => /usr/lib/x86_64-linux-gnu/libfreetype.so.6 (0x00007fe77340e000)
	libfontconfig.so.1 => /usr/lib/x86_64-linux-gnu/libfontconfig.so.1 (0x00007fe7733c4000)
	libjpeg.so.8 => /usr/lib/x86_64-linux-gnu/libjpeg.so.8 (0x00007fe773341000)
	libz.so.1 => /usr/lib/x86_64-linux-gnu/libz.so.1 (0x00007fe773325000)
	libopenjp2.so.7 => /usr/lib/x86_64-linux-gnu/libopenjp2.so.7 (0x00007fe7732cd000)
	liblcms2.so.2 => /usr/lib/x86_64-linux-gnu/liblcms2.so.2 (0x00007fe77326b000)
	libpng16.so.16 => /usr/lib/x86_64-linux-gnu/libpng16.so.16 (0x00007fe773230000)
	libtiff.so.5 => /usr/lib/x86_64-linux-gnu/libtiff.so.5 (0x00007fe7731a8000)
	libnss3.so => /usr/lib/x86_64-linux-gnu/libnss3.so (0x00007fe773075000)
	libsmime3.so => /usr/lib/x86_64-linux-gnu/libsmime3.so (0x00007fe77304b000)
	libplc4.so => /usr/lib/x86_64-linux-gnu/libplc4.so (0x00007fe773044000)
	libnspr4.so => /usr/lib/x86_64-linux-gnu/libnspr4.so (0x00007fe773004000)
	libm.so.6 => /usr/lib/x86_64-linux-gnu/libm.so.6 (0x00007fe772f1d000)
	/lib64/ld-linux-x86-64.so.2 (0x00007fe773ca4000)
	libgcc_s.so.1 => /usr/lib/x86_64-linux-gnu/libgcc_s.so.1 (0x00007fe772efd000)
	libbrotlidec.so.1 => /usr/lib/x86_64-linux-gnu/libbrotlidec.so.1 (0x00007fe772eed000)
	libexpat.so.1 => /usr/lib/x86_64-linux-gnu/libexpat.so.1 (0x00007fe772ebc000)
	libuuid.so.1 => /usr/lib/x86_64-linux-gnu/libuuid.so.1 (0x00007fe772eb3000)
	libwebp.so.7 => /usr/lib/x86_64-linux-gnu/libwebp.so.7 (0x00007fe772e46000)
	libzstd.so.1 => /usr/lib/x86_64-linux-gnu/libzstd.so.1 (0x00007fe772d77000)
	liblzma.so.5 => /usr/lib/x86_64-linux-gnu/liblzma.so.5 (0x00007fe772d4a000)
	libjbig.so.0 => /usr/lib/x86_64-linux-gnu/libjbig.so.0 (0x00007fe772d39000)
	libdeflate.so.0 => /usr/lib/x86_64-linux-gnu/libdeflate.so.0 (0x00007fe772d15000)
	libnssutil3.so => /usr/lib/x86_64-linux-gnu/libnssutil3.so (0x00007fe772ce2000)
	libplds4.so => /usr/lib/x86_64-linux-gnu/libplds4.so (0x00007fe772cdd000)
	libbrotlicommon.so.1 => /usr/lib/x86_64-linux-gnu/libbrotlicommon.so.1 (0x00007fe772cb8000)
