	linux-vdso.so.1 (0x00007ffd33d64000)
	libpoppler.so.118 => /usr/lib/x86_64-linux-gnu/libpoppler.so.118 (0x00007f4a601fb000)
	libstdc++.so.6 => /usr/lib/x86_64-linux-gnu/libstdc++.so.6 (0x00007f4a5ffcf000)
	libc.so.6 => /usr/lib/x86_64-linux-gnu/libc.so.6 (0x00007f4a5fda6000)
	libfreetype.so.6 => /usr/lib/x86_64-linux-gnu/libfreetype.so.6 (0x00007f4a5fcde000)
	libfontconfig.so.1 => /usr/lib/x86_64-linux-gnu/libfontconfig.so.1 (0x00007f4a5fc94000)
	libjpeg.so.8 => /usr/lib/x86_64-linux-gnu/libjpeg.so.8 (0x00007f4a5fc11000)
	libz.so.1 => /usr/lib/x86_64-linux-gnu/libz.so.1 (0x00007f4a5fbf5000)
	libopenjp2.so.7 => /usr/lib/x86_64-linux-gnu/libopenjp2.so.7 (0x00007f4a5fb9d000)
	liblcms2.so.2 => /usr/lib/x86_64-linux-gnu/liblcms2.so.2 (0x00007f4a5fb3b000)
	libpng16.so.16 => /usr/lib/x86_64-linux-gnu/libpng16.so.16 (0x00007f4a5fb00000)
	libtiff.so.5 => /usr/lib/x86_64-linux-gnu/libtiff.so.5 (0x00007f4a5fa78000)
	libnss3.so => /usr/lib/x86_64-linux-gnu/libnss3.so (0x00007f4a5f945000)
	libsmime3.so => /usr/lib/x86_64-linux-gnu/libsmime3.so (0x00007f4a5f91b000)
	libplc4.so => /usr/lib/x86_64-linux-gnu/libplc4.so (0x00007f4a5f914000)
	libnspr4.so => /usr/lib/x86_64-linux-gnu/libnspr4.so (0x00007f4a5f8d4000)
	libm.so.6 => /usr/lib/x86_64-linux-gnu/libm.so.6 (0x00007f4a5f7ed000)
	/lib64/ld-linux-x86-64.so.2 (0x00007f4a6056f000)
	libgcc_s.so.1 => /usr/lib/x86_64-linux-gnu/libgcc_s.so.1 (0x00007f4a5f7cd000)
	libbrotlidec.so.1 => /usr/lib/x86_64-linux-gnu/libbrotlidec.so.1 (0x00007f4a5f7bd000)
	libexpat.so.1 => /usr/lib/x86_64-linux-gnu/libexpat.so.1 (0x00007f4a5f78c000)
	libuuid.so.1 => /usr/lib/x86_64-linux-gnu/libuuid.so.1 (0x00007f4a5f783000)
	libwebp.so.7 => /usr/lib/x86_64-linux-gnu/libwebp.so.7 (0x00007f4a5f716000)
	libzstd.so.1 => /usr/lib/x86_64-linux-gnu/libzstd.so.1 (0x00007f4a5f647000)
	liblzma.so.5 => /usr/lib/x86_64-linux-gnu/liblzma.so.5 (0x00007f4a5f61a000)
	libjbig.so.0 => /usr/lib/x86_64-linux-gnu/libjbig.so.0 (0x00007f4a5f609000)
	libdeflate.so.0 => /usr/lib/x86_64-linux-gnu/libdeflate.so.0 (0x00007f4a5f5e5000)
	libnssutil3.so => /usr/lib/x86_64-linux-gnu/libnssutil3.so (0x00007f4a5f5b2000)
	libplds4.so => /usr/lib/x86_64-linux-gnu/libplds4.so (0x00007f4a5f5ad000)
	libbrotlicommon.so.1 => /usr/lib/x86_64-linux-gnu/libbrotlicommon.so.1 (0x00007f4a5f588000)
