This is LuaHBTeX, Version 1.14.0 (TeX Live 2022/dev/Debian) 
 restricted system commands enabled.
LaTeX2e <2021-11-15> patch level 1
L3 programming layer <2022-01-21> (./manuscript.tex
(/usr/share/texlive/texmf-dist/tex/latex/base/article.cls
Document Class: article 2021/10/04 v1.4n Standard LaTeX document class
(/usr/share/texlive/texmf-dist/tex/latex/base/size11.clo))
(/usr/share/texlive/texmf-dist/tex/latex/fontspec/fontspec.sty
(/usr/share/texlive/texmf-dist/tex/latex/l3packages/xparse/xparse.sty
(/usr/share/texlive/texmf-dist/tex/latex/l3kernel/expl3.sty
(/usr/share/texlive/texmf-dist/tex/latex/l3backend/l3backend-luatex.def)))
(/usr/share/texlive/texmf-dist/tex/latex/fontspec/fontspec-luatex.sty
(/usr/share/texlive/texmf-dist/tex/latex/base/fontenc.sty)
(/usr/share/texlive/texmf-dist/tex/latex/fontspec/fontspec.cfg)))
(/usr/share/texlive/texmf-dist/tex/latex/geometry/geometry.sty
(/usr/share/texlive/texmf-dist/tex/latex/graphics/keyval.sty)
(/usr/share/texlive/texmf-dist/tex/generic/iftex/ifvtex.sty
(/usr/share/texlive/texmf-dist/tex/generic/iftex/iftex.sty)))
(/usr/share/texlive/texmf-dist/tex/latex/amsmath/amsmath.sty
For additional information on amsmath, use the `?' option.
(/usr/share/texlive/texmf-dist/tex/latex/amsmath/amstext.sty
(/usr/share/texlive/texmf-dist/tex/latex/amsmath/amsgen.sty))
(/usr/share/texlive/texmf-dist/tex/latex/amsmath/amsbsy.sty)
(/usr/share/texlive/texmf-dist/tex/latex/amsmath/amsopn.sty))
(/usr/share/texlive/texmf-dist/tex/latex/amsfonts/amssymb.sty
(/usr/share/texlive/texmf-dist/tex/latex/amsfonts/amsfonts.sty))
(/usr/share/texlive/texmf-dist/tex/latex/amscls/amsthm.sty)
(/usr/share/texlive/texmf-dist/tex/latex/mathtools/mathtools.sty
(/usr/share/texlive/texmf-dist/tex/latex/tools/calc.sty)
(/usr/share/texlive/texmf-dist/tex/latex/mathtools/mhsetup.sty))
(/usr/share/texlive/texmf-dist/tex/latex/booktabs/booktabs.sty)
(/usr/share/texlive/texmf-dist/tex/latex/tools/array.sty)
(/usr/share/texlive/texmf-dist/tex/latex/tools/longtable.sty)
(/usr/share/texlive/texmf-dist/tex/latex/microtype/microtype.sty
(/usr/share/texlive/texmf-dist/tex/latex/etoolbox/etoolbox.sty)
(/usr/share/texlive/texmf-dist/tex/latex/microtype/microtype-luatex.def)
(/usr/share/texlive/texmf-dist/tex/latex/microtype/microtype.cfg))
(/usr/share/texlive/texmf-dist/tex/latex/enumitem/enumitem.sty)
(/usr/share/texlive/texmf-dist/tex/latex/natbib/natbib.sty)
(/usr/share/texlive/texmf-dist/tex/latex/xurl/xurl.sty
(/usr/share/texlive/texmf-dist/tex/latex/url/url.sty))
(/usr/share/texlive/texmf-dist/tex/latex/hyperref/hyperref.sty
(/usr/share/texlive/texmf-dist/tex/generic/ltxcmds/ltxcmds.sty)
(/usr/share/texlive/texmf-dist/tex/generic/pdftexcmds/pdftexcmds.sty
(/usr/share/texlive/texmf-dist/tex/generic/infwarerr/infwarerr.sty))
(/usr/share/texlive/texmf-dist/tex/generic/kvsetkeys/kvsetkeys.sty)
(/usr/share/texlive/texmf-dist/tex/generic/kvdefinekeys/kvdefinekeys.sty)
(/usr/share/texlive/texmf-dist/tex/generic/pdfescape/pdfescape.sty)
(/usr/share/texlive/texmf-dist/tex/latex/hycolor/hycolor.sty)
(/usr/share/texlive/texmf-dist/tex/latex/letltxmacro/letltxmacro.sty)
(/usr/share/texlive/texmf-dist/tex/latex/auxhook/auxhook.sty)
(/usr/share/texlive/texmf-dist/tex/latex/kvoptions/kvoptions.sty)
(/usr/share/texlive/texmf-dist/tex/latex/hyperref/pd1enc.def)
(/usr/share/texlive/texmf-dist/tex/latex/hyperref/hyperref-langpatches.def)
(/usr/share/texlive/texmf-dist/tex/generic/intcalc/intcalc.sty)
(/usr/share/texlive/texmf-dist/tex/generic/etexcmds/etexcmds.sty)
(/usr/share/texlive/texmf-dist/tex/latex/hyperref/puenc.def)
(/usr/share/texlive/texmf-dist/tex/generic/bitset/bitset.sty
(/usr/share/texlive/texmf-dist/tex/generic/bigintcalc/bigintcalc.sty))
(/usr/share/texlive/texmf-dist/tex/latex/base/atbegshi-ltx.sty))
(/usr/share/texlive/texmf-dist/tex/latex/hyperref/hluatex.def
(/usr/share/texlive/texmf-dist/tex/generic/stringenc/stringenc.sty)
(/usr/share/texlive/texmf-dist/tex/latex/base/atveryend-ltx.sty)
(/usr/share/texlive/texmf-dist/tex/latex/rerunfilecheck/rerunfilecheck.sty
(/usr/share/texlive/texmf-dist/tex/generic/uniquecounter/uniquecounter.sty)))
No file paper.aux.
(/usr/share/texlive/texmf-dist/tex/latex/base/ts1cmr.fd)
*geometry* driver: auto-detecting
*geometry* detected driver: luatex
(/usr/share/texlive/texmf-dist/tex/latex/graphics/graphicx.sty
(/usr/share/texlive/texmf-dist/tex/latex/graphics/graphics.sty
(/usr/share/texlive/texmf-dist/tex/latex/graphics/trig.sty)
(/usr/share/texlive/texmf-dist/tex/latex/graphics-cfg/graphics.cfg)
(/usr/share/texlive/texmf-dist/tex/latex/graphics-def/luatex.def
(/usr/share/texlive/texmf-dist/tex/context/base/mkii/supp-pdf.mkii
[Loading MPS to PDF converter (version 2006.09.02).]
))) (/usr/share/texlive/texmf-dist/tex/latex/epstopdf-pkg/epstopdf-base.sty
(/usr/share/texlive/texmf-dist/tex/latex/latexconfig/epstopdf-sys.cfg)))
(/usr/share/texlive/texmf-dist/tex/latex/graphics/color.sty
(/usr/share/texlive/texmf-dist/tex/latex/graphics-cfg/color.cfg))
(/usr/share/texlive/texmf-dist/tex/latex/hyperref/nameref.sty
(/usr/share/texlive/texmf-dist/tex/latex/refcount/refcount.sty)
(/usr/share/texlive/texmf-dist/tex/generic/gettitlestring/gettitlestring.sty))
(/usr/share/texlive/texmf-dist/tex/latex/amsfonts/umsa.fd)
(/usr/share/texlive/texmf-dist/tex/latex/microtype/mt-msa.cfg)
(/usr/share/texlive/texmf-dist/tex/latex/amsfonts/umsb.fd)
(/usr/share/texlive/texmf-dist/tex/latex/microtype/mt-msb.cfg)
(/usr/share/texlive/texmf-dist/tex/latex/microtype/mt-cmr.cfg) [1{/var/lib/texm
f/fonts/map/pdftex/updmap/pdftex.map}]

Package natbib Warning: Citation `Nazarenko2013' on page 2 undefined on input l
ine 134.


Package natbib Warning: Citation `AigonDupuyEtAl2005' on page 2 undefined on in
put line 140.


LaTeX Warning: Reference `eq:main-systole' on page 2 undefined on input line 16
6.

[2]

LaTeX Warning: Reference `eq:g01' on page 3 undefined on input line 239.


LaTeX Warning: Reference `eq:relator' on page 3 undefined on input line 239.


Package natbib Warning: Citation `Nazarenko2013' on page 3 undefined on input l
ine 241.


LaTeX Warning: Reference `eq:relator' on page 3 undefined on input line 262.

[3]

LaTeX Warning: Reference `eq:main-systole' on page 4 undefined on input line 27
9.


Package natbib Warning: Citation `Popescu2024' on page 4 undefined on input lin
e 318.


Package natbib Warning: Citation `Takeuchi1975' on page 4 undefined on input li
ne 328.

[4]

Package natbib Warning: Citation `Voight2009' on page 5 undefined on input line
 348.


Package natbib Warning: Citation `DespreEtAl2023' on page 5 undefined on input 
line 350.


Package natbib Warning: Citation `Nazarenko2013' on page 5 undefined on input l
ine 356.


Package natbib Warning: Citation `AigonDupuyEtAl2005' on page 5 undefined on in
put line 358.


LaTeX Warning: Reference `eq:g01' on page 5 undefined on input line 398.


LaTeX Warning: Reference `eq:g23' on page 5 undefined on input line 398.

[5]

LaTeX Warning: Reference `eq:state-form' on page 6 undefined on input line 417.



LaTeX Warning: Reference `lem:key' on page 6 undefined on input line 438.

[6]

LaTeX Warning: Reference `lem:key' on page 7 undefined on input line 490.


LaTeX Warning: Reference `sec:systole' on page 7 undefined on input line 491.


LaTeX Warning: Reference `eq:relator' on page 7 undefined on input line 504.


LaTeX Warning: Reference `eq:DF' on page 7 undefined on input line 555.

[7]

LaTeX Warning: Reference `eq:length-trace' on page 8 undefined on input line 57
1.


LaTeX Warning: Reference `lem:recenter' on page 8 undefined on input line 599.


LaTeX Warning: Reference `eq:chain-radius' on page 8 undefined on input line 60
1.


LaTeX Warning: Reference `eq:guard' on page 8 undefined on input line 601.


LaTeX Warning: Reference `lem:key' on page 8 undefined on input line 608.


LaTeX Warning: Reference `thm:complete' on page 8 undefined on input line 624.

[8]

LaTeX Warning: Reference `eq:length-trace' on page 9 undefined on input line 66
9.


LaTeX Warning: Reference `eq:main-systole' on page 9 undefined on input line 66
9.


LaTeX Warning: Reference `sec:surface' on page 9 undefined on input line 701.


LaTeX Warning: Reference `sec:implementation' on page 9 undefined on input line
 709.


LaTeX Warning: Reference `eq:H' on page 9 undefined on input line 711.


LaTeX Warning: Reference `eq:candidate-cutoff' on page 9 undefined on input lin
e 716.


LaTeX Warning: Reference `thm:complete' on page 9 undefined on input line 717.

[9]

LaTeX Warning: Reference `thm:systole' on page 10 undefined on input line 735.


LaTeX Warning: Reference `eq:relator' on page 10 undefined on input line 761.


LaTeX Warning: Reference `eq:center-poly' on page 10 undefined on input line 76
6.


LaTeX Warning: Reference `eq:H' on page 10 undefined on input line 769.


LaTeX Warning: Reference `tab:results' on page 10 undefined on input line 783.

[10] [11]

LaTeX Warning: Reference `lem:key' on page 12 undefined on input line 888.


LaTeX Warning: Reference `eq:H' on page 12 undefined on input line 890.

[12] [13]

LaTeX Warning: Reference `sec:implementation' on page 14 undefined on input lin
e 1021.

No file paper.bbl.

Package natbib Warning: There were undefined citations.

[14] (./paper.aux)

LaTeX Warning: There were undefined references.


LaTeX Warning: Label(s) may have changed. Rerun to get cross-references right.


Package rerunfilecheck Warning: File `paper.out' has changed.
(rerunfilecheck)                Rerun to get outlines right
(rerunfilecheck)                or use package `bookmark'.

)
 858 words of node memory still in use:
   8 hlist, 2 vlist, 2 rule, 1 local_par, 4 glue, 5 kern, 1 penalty, 1 margin_k
ern, 4 glyph, 64 attribute, 65 glue_spec, 64 attribute_list, 1 write, 1 pdf_act
ion nodes
   avail lists: 1:1,2:600,3:239,4:91,5:783,6:33,7:9848,8:107,9:641,10:11,11:814

</usr/share/texmf/fonts/opentype/public/tex-gyre/texgyretermes-italic.otf></usr
/share/texlive/texmf-dist/fonts/truetype/public/arphic-ttf/bsmi00lp.ttf></usr/s
hare/texmf/fonts/opentype/public/tex-gyre/texgyretermes-bold.otf></usr/share/te
xmf/fonts/opentype/public/lm/lmmono10-regular.otf></usr/share/texmf/fonts/opent
ype/public/tex-gyre/texgyretermes-regular.otf></usr/share/texlive/texmf-dist/fo
nts/type1/public/amsfonts/cm/cmex10.pfb></usr/share/texlive/texmf-dist/fonts/ty
pe1/public/amsfonts/cm/cmmi10.pfb></usr/share/texlive/texmf-dist/fonts/type1/pu
blic/amsfonts/cm/cmmi12.pfb></usr/share/texlive/texmf-dist/fonts/type1/public/a
msfonts/cm/cmmi8.pfb></usr/share/texlive/texmf-dist/fonts/type1/public/amsfonts
/cm/cmr10.pfb></usr/share/texlive/texmf-dist/fonts/type1/public/amsfonts/cm/cmr
12.pfb></usr/share/texlive/texmf-dist/fonts/type1/public/amsfonts/cm/cmr7.pfb><
/usr/share/texlive/texmf-dist/fonts/type1/public/amsfonts/cm/cmr8.pfb></usr/sha
re/texlive/texmf-dist/fonts/type1/public/amsfonts/cm/cmsy10.pfb></usr/share/tex
live/texmf-dist/fonts/type1/public/amsfonts/cm/cmsy7.pfb></usr/share/texlive/te
xmf-dist/fonts/type1/public/amsfonts/cm/cmsy8.pfb></usr/share/texlive/texmf-dis
t/fonts/type1/public/amsfonts/symbols/msbm10.pfb>
Output written on paper.pdf (14 pages, 315115 bytes).
Transcript written on paper.log.
