/root/autodl-tmp/hilbert-polya-structure/symbolic_dynamics/docs/papers127_131_sequence/scouting/algebraic/verify_algebraic_scout.py:363:def run_r01():
/root/autodl-tmp/hilbert-polya-structure/symbolic_dynamics/docs/papers127_131_sequence/scouting/algebraic/verify_algebraic_scout.py:382:        "R01", "finite_rings", "Artin-Schreier x->x^2+x on F_(2^m), 2<=m<=5",
/root/autodl-tmp/hilbert-polya-structure/symbolic_dynamics/docs/papers127_131_sequence/scouting/algebraic/verify_algebraic_scout.py:1355:        run_r01, run_r02, run_r03, run_r04,
/root/autodl-tmp/hilbert-polya-structure/symbolic_dynamics/docs/papers127_131_sequence/scouting/algebraic/SCOUT.md:85:| `R01` | Artin--Schreier map `x -> x^2+x` in `F_(2^m)` using fixed irreducible polynomial bases. | every element for `2<=m<=5`, 60 states; **1,480** | profiles `m2:t2p1`, `m3:t1p3`, `m4:t4p1`, `m5:t1p15`. | **KILL.**  A linearized-polynomial/Frobenius map in disguise. |
/root/autodl-tmp/hilbert-polya-structure/symbolic_dynamics/docs/papers162_166_sequence/scouting/open_fresh_p166_round8/IDEA_LEDGER.md:36:| `QTF` | ordered DAGs; toggle an arrow iff it has exactly one two-arrow factorization | triangular-by-span bijection; periods through `n=6` are powers up to `8` | all fibres are singleton and no all-`n` cycle formula closed; the exact-one two-walk engine is the killed `UWS` neighbourhood | `KILL_NO_SECOND_AXIS_UWS` |
/root/autodl-tmp/hilbert-polya-structure/symbolic_dynamics/docs/papers127_131_sequence/scouting/combinatorial/SCOUT.md:168:  [*Enumerative perspectives on chord diagrams*](https://uwspace.uwaterloo.ca/items/51239c85-b044-4e6b-97c6-710332c37c93),
/root/autodl-tmp/hilbert-polya-structure/symbolic_dynamics/docs/papers167_171_sequence/scouting/p170_replacement_lane/SCOUT.md:33:| `R01` | `B_ij=1` iff `R_i` is a proper subset of `R_j` | at `n=4`: image 219, only the empty fixed state, 74 period-two states, tail 2 | tempting “second image is always a weak order” law holds through `n=4` but a random `n=5` counterexample appears immediately; no stable spine |
/root/autodl-tmp/hilbert-polya-structure/symbolic_dynamics/docs/papers132_136_sequence/scouting/algebraic/SCOUT.md:112:| `R01` | `Z/2^e Z`; `x -> x^2(3-2x)`. | `2<=e<=13`; 16,380 states; **123,064** assertions.  Parity selects 0 or 1 and the 2-adic defect valuation doubles, giving every depth layer. | **KILL INTERNAL.**  Newton/Hensel error squaring was already rejected near P100. |
/root/autodl-tmp/hilbert-polya-structure/symbolic_dynamics/docs/papers132_136_sequence/scouting/algebraic/SCOUT.md:390:- `R01` is explicitly killed by the prior Newton/Hensel error-squaring
/root/autodl-tmp/hilbert-polya-structure/symbolic_dynamics/docs/papers172_176_sequence/scouting/fresh_nonlinear_algebra/verify_scout.py:594:def verify_r01_inverse_sum() -> None:
/root/autodl-tmp/hilbert-polya-structure/symbolic_dynamics/docs/papers172_176_sequence/scouting/fresh_nonlinear_algebra/verify_scout.py:595:    print("\n[R01_IFS_inverse_sum_rational_feedback]")
/root/autodl-tmp/hilbert-polya-structure/symbolic_dynamics/docs/papers172_176_sequence/scouting/fresh_nonlinear_algebra/verify_scout.py:602:        analyze(f"R01/q={q}", states, update)
/root/autodl-tmp/hilbert-polya-structure/symbolic_dynamics/docs/papers172_176_sequence/scouting/fresh_nonlinear_algebra/verify_scout.py:639:    verify_r01_inverse_sum()
/root/autodl-tmp/hilbert-polya-structure/symbolic_dynamics/docs/papers172_176_sequence/scouting/fresh_nonlinear_algebra/SCOUT_AND_KILL_LEDGER.md:39:| `R01/IFS` | (\mathbb F_p); (0\mapsto0), (x\mapsto x+x^{-1}) for (x\ne0) | Primes (5\) through (19) show changing periods (1,2,3,4,6), heights 1--3, and irregular fibre histograms. | **`KILL_NO_STABLE_SPINE_P150`**.  No uniform clock emerged, and finite-field rational functional graphs are already represented by P150's stronger trace-reduced programme. |
/root/autodl-tmp/hilbert-polya-structure/symbolic_dynamics/docs/papers162_166_sequence/scouting/replacement_matchings_incidence/SCOUT.md:41:The next most complicated maps (`R01 UWS`, `R02 UCN`, `R04 DOM`) have rich
/root/autodl-tmp/hilbert-polya-structure/symbolic_dynamics/docs/papers162_166_sequence/scouting/replacement_matchings_incidence/SCOUT.md:89:| `R01 UWS` | Boolean relation: `(i,j)` is on iff there is exactly one selected two-walk `i-k-j` | `512 / 238 / 28 / {1,2,3} / 5` | temporal and fibres sought | **`KILL_NO_PARAMETER_SPINE`** |
/root/autodl-tmp/hilbert-polya-structure/symbolic_dynamics/docs/papers132_136_sequence/scouting/stochastic/verify_stochastic_scout.py:93:# R01: Fibonacci rewrite 100 -> 011
/root/autodl-tmp/hilbert-polya-structure/symbolic_dynamics/docs/papers132_136_sequence/scouting/stochastic/verify_stochastic_scout.py:130:def run_r01():
/root/autodl-tmp/hilbert-polya-structure/symbolic_dynamics/docs/papers132_136_sequence/scouting/stochastic/verify_stochastic_scout.py:143:            check(len(terminals) == 1, "R01 lost confluence")
/root/autodl-tmp/hilbert-polya-structure/symbolic_dynamics/docs/papers132_136_sequence/scouting/stochastic/verify_stochastic_scout.py:144:            check(len(lengths) == 1, "R01 path length depends on scheduler")
/root/autodl-tmp/hilbert-polya-structure/symbolic_dynamics/docs/papers132_136_sequence/scouting/stochastic/verify_stochastic_scout.py:163:              "R01 forbidden-word image count failed")
/root/autodl-tmp/hilbert-polya-structure/symbolic_dynamics/docs/papers132_136_sequence/scouting/stochastic/verify_stochastic_scout.py:171:              "R01 extremal fibre signal failed")
/root/autodl-tmp/hilbert-polya-structure/symbolic_dynamics/docs/papers132_136_sequence/scouting/stochastic/verify_stochastic_scout.py:175:        "R01", "finite word rewrite",
/root/autodl-tmp/hilbert-polya-structure/symbolic_dynamics/docs/papers132_136_sequence/scouting/stochastic/verify_stochastic_scout.py:1237:        run_r01, run_r02, run_r03, run_r04, run_r05, run_r06, run_r07,
/root/autodl-tmp/hilbert-polya-structure/symbolic_dynamics/docs/papers162_166_sequence/scouting/open_fresh_p166_round8/SCOUT.md:138:and killed as `UWS`; XOR feedback does not create a second theorem axis.
/root/autodl-tmp/hilbert-polya-structure/symbolic_dynamics/docs/papers162_166_sequence/scouting/open_fresh_p166_round8/SCOUT.md:139:**Decision: `KILL_NO_SECOND_AXIS_UWS`.**
/root/autodl-tmp/hilbert-polya-structure/symbolic_dynamics/docs/papers142_146_sequence/scouting/combinatorial/verify_combinatorial_scout.py:581:# R01: directed-relation path doubling
/root/autodl-tmp/hilbert-polya-structure/symbolic_dynamics/docs/papers142_146_sequence/scouting/combinatorial/verify_combinatorial_scout.py:651:                        ("R01-closure", n, state, target))
/root/autodl-tmp/hilbert-polya-structure/symbolic_dynamics/docs/papers142_146_sequence/scouting/combinatorial/verify_combinatorial_scout.py:653:                        ("R01-clock", n, state, depth, diameter))
/root/autodl-tmp/hilbert-polya-structure/symbolic_dynamics/docs/papers142_146_sequence/scouting/combinatorial/verify_combinatorial_scout.py:655:    print(f"FOCUS R01 | n<=4 | exact_powers=PASS | diameter_clock=PASS | assertions={assertions}")
/root/autodl-tmp/hilbert-polya-structure/symbolic_dynamics/docs/papers142_146_sequence/scouting/combinatorial/verify_combinatorial_scout.py:1000:    rows.append(scan_family("R01", relation_instances()))
/root/autodl-tmp/hilbert-polya-structure/symbolic_dynamics/docs/papers142_146_sequence/scouting/combinatorial/SCOUT.md:63:| **R01** | Directed relations; send `R` to `R union R^2`. | `1<=n<=4`; 66,066 relations; periods `1`; max tail `2`; last `I/F=6,080/3,994`.  Endpoint is transitive closure and depth is `ceil(log_2 delta^+(R))`, including positive diagonal cycle distances. | **PERMANENT KILL -- GENERIC POWER/CLOSURE.**  This is not relation cubing, but it is precisely the standard path-doubling closure excluded by the intake gate. |
/root/autodl-tmp/hilbert-polya-structure/symbolic_dynamics/docs/papers142_146_sequence/scouting/combinatorial/SCOUT.md:366:| S01/R01 | P97 squaring vocabulary and the hard generic-closure exclusion | Semilattice/path powers give the theorem verbatim.  **Kill.** |
/root/autodl-tmp/hilbert-polya-structure/symbolic_dynamics/docs/papers132_136_sequence/scouting/stochastic/SCOUT.md:41:| `R01` | Binary line; rewrite any `100 -> 011`. Audit Fibonacci value, terminal, depth, image size, and terminal fibres. | lengths 1--14; 32,766 | Confluent with a sharp clock and extremal fibres, but Fibonacci-normalization and maximal-representation owners eat the core. **`KILL_OWNER_FIBONACCI_REPRESENTATIONS`.** |
/root/autodl-tmp/hilbert-polya-structure/symbolic_dynamics/docs/papers132_136_sequence/scouting/stochastic/SCOUT.md:72:R01 286766   R02 976143   R03 393213   R04 88572    R05 1572861
/root/autodl-tmp/hilbert-polya-structure/symbolic_dynamics/docs/papers132_136_sequence/scouting/stochastic/SCOUT.md:246:### 4.1 `R01`: Fibonacci rewrite `100 -> 011`
/root/autodl-tmp/hilbert-polya-structure/symbolic_dynamics/docs/papers132_136_sequence/scouting/stochastic/SCOUT.md:248:With Fibonacci weights read from right to left, `R01` preserves value, raises
/root/autodl-tmp/hilbert-polya-structure/symbolic_dynamics/docs/papers132_136_sequence/scouting/stochastic/SCOUT.md:307:gates: `R02` survives only after severe subtraction, while `R01` and `P01` are
/root/autodl-tmp/hilbert-polya-structure/symbolic_dynamics/docs/papers132_136_sequence/scouting/stochastic/SCOUT.md:358:- `R01` and `P01` are killed despite clean formulas. They are not fallback
/root/autodl-tmp/hilbert-polya-structure/symbolic_dynamics/docs/papers132_136_sequence/scouting/stochastic/SCOUT.md:377:`R01` is the strongest discarded signal, but its direct Fibonacci owners make
/root/autodl-tmp/hilbert-polya-structure/symbolic_dynamics/docs/papers132_136_sequence/scouting/algebraic/verify_algebraic_scout.py:1323:# R01--R02: local/residue-ring controls completing the literal 27
/root/autodl-tmp/hilbert-polya-structure/symbolic_dynamics/docs/papers132_136_sequence/scouting/algebraic/verify_algebraic_scout.py:1336:def run_r01():
/root/autodl-tmp/hilbert-polya-structure/symbolic_dynamics/docs/papers132_136_sequence/scouting/algebraic/verify_algebraic_scout.py:1375:        "R01", "local_ring_controls",
/root/autodl-tmp/hilbert-polya-structure/symbolic_dynamics/docs/papers132_136_sequence/scouting/algebraic/verify_algebraic_scout.py:1413:        run_r01, run_r02,
/root/autodl-tmp/hilbert-polya-structure/symbolic_dynamics/docs/papers162_166_sequence/scouting/replacement_matchings_incidence/verify_scout.py:425:def unique_common_neighbour(i, j, neighbours, _state, _edges):
/root/autodl-tmp/hilbert-polya-structure/symbolic_dynamics/docs/papers162_166_sequence/scouting/replacement_matchings_incidence/verify_scout.py:739:    systems.append(("R01 UWS",) + unique_walk_square_system())
/root/autodl-tmp/hilbert-polya-structure/symbolic_dynamics/docs/papers162_166_sequence/scouting/replacement_matchings_incidence/verify_scout.py:740:    systems.append(("R02 UCN",) + simple_graph_system(6, unique_common_neighbour))
/root/autodl-tmp/hilbert-polya-structure/symbolic_dynamics/docs/papers172_176_sequence/scouting/stochastic_matrix/SCOUT_AND_KILL_LEDGER.md:21:`M01`, `H01`, `R01`, `C01`, and `C02` are replayed only to catch entry-gate
/root/autodl-tmp/hilbert-polya-structure/symbolic_dynamics/docs/papers172_176_sequence/scouting/stochastic_matrix/SCOUT_AND_KILL_LEDGER.md:49:| `R01` | row-support inclusion relation | All Boolean matrices through `n=4`; preorder image and transpose-on-preorders checked; image counts `1,4,29,355` | **ZERO ADDITION.** Literal P143, including its one/two-cycle mechanism. |
/root/autodl-tmp/hilbert-polya-structure/symbolic_dynamics/papers/01-falsification-first-audit/farey_gauss_transfer/results/exact_orbit_ledger.csv.gz: binary file matches (found "\0" byte around offset 32)
/root/autodl-tmp/hilbert-polya-structure/symbolic_dynamics/docs/papers152_156_sequence/scouting/root/verify_root_scout.py:35:        check(len(nxt) < len(current), "R01 strict descent off the fixed set")
/root/autodl-tmp/hilbert-polya-structure/symbolic_dynamics/docs/papers152_156_sequence/scouting/root/verify_root_scout.py:73:            check(terminal == alternating(len(terminal)), "R01 terminal form")
/root/autodl-tmp/hilbert-polya-structure/symbolic_dynamics/docs/papers152_156_sequence/scouting/root/verify_root_scout.py:77:        check(max_tail == expected_tail, "R01 sharp clock profile")
/root/autodl-tmp/hilbert-polya-structure/symbolic_dynamics/docs/papers152_156_sequence/scouting/root/verify_root_scout.py:79:        check(zero_tail == expected_tail, "R01 all-zero sharp witness")
/root/autodl-tmp/hilbert-polya-structure/symbolic_dynamics/docs/papers152_156_sequence/scouting/root/verify_root_scout.py:83:                "R01 binomial terminal layer",
/root/autodl-tmp/hilbert-polya-structure/symbolic_dynamics/docs/papers152_156_sequence/scouting/root/verify_root_scout.py:95:                check(incoming[target] == predicted, "R01 every-target fibre")
/root/autodl-tmp/hilbert-polya-structure/symbolic_dynamics/docs/papers152_156_sequence/scouting/root/verify_root_scout.py:98:                    "R01 greedy image criterion",
/root/autodl-tmp/hilbert-polya-structure/symbolic_dynamics/docs/papers152_156_sequence/scouting/root/verify_root_scout.py:128:        "R01 "
/root/autodl-tmp/hilbert-polya-structure/symbolic_dynamics/docs/papers152_156_sequence/scouting/root/SCOUT.md:10:| R01 | binary parity-match sieve: retain `w_i` iff `w_i=i (mod 2)` and reindex | unique alternating fixed word in every length; apparent sharp clock `floor(log2 n)+1`; exact one-step fibres; binomial terminal layers | **KILL / owner-heavy negative control**: Piergallini's alternating erasing substitution is a close direct positional-parity erasure owner, and the proof mechanism is too close to excluded parity/run word systems |
/root/autodl-tmp/hilbert-polya-structure/symbolic_dynamics/docs/papers152_156_sequence/scouting/root/SCOUT.md:28:## R01 exact profile retained as a negative control
/root/autodl-tmp/hilbert-polya-structure/symbolic_dynamics/docs/papers152_156_sequence/scouting/root/SCOUT.md:61:develops sections/fibres.  R01 is not asserted identical to that map, but the
/root/autodl-tmp/hilbert-polya-structure/symbolic_dynamics/docs/papers152_156_sequence/scouting/root/SCOUT.md:82:`verify_root_scout.py` exhausts R01 through length 18, independently compares
/root/autodl-tmp/hilbert-polya-structure/docs/papers187_191_sequence/scouting/algebra_lane/replacement/KILL_LEDGER.md:11:| `R01/BSE` | For all tested `n=1,2,3`, including `m=1,2`, every orbit reaches a fixed point with the exact run-erasure tail.  Fixed counts, sharp parity-sensitive maximum tails, every target's transfer fibre, gap factorization, zero-target spectrum, and total fibre mass all match the closed formulas. | `PROVISIONAL_SURVIVOR_OWNER_AMBER` | Generic support/run erosion receives zero credit.  The residual package is stronger: natural Brandt sandwich multiplication, an all-parameter parity obstruction for the sharp tail, and an independent labelled-target inverse theory with an explicit local matrix spectrum.  Direct-owner status remains unresolved, so this is not numbered. |
/root/autodl-tmp/hilbert-polya-structure/docs/papers187_191_sequence/scouting/algebra_lane/replacement/KILL_LEDGER.md:26:survivors=1 (R01 provisional)
/root/autodl-tmp/hilbert-polya-structure/docs/papers187_191_sequence/scouting/algebra_lane/replacement/KILL_LEDGER.md:32:R01 is retained because the strengthened inverse calculation became an exact
/root/autodl-tmp/symbolic_dynamics/docs/papers172_176_sequence/scouting/stochastic_matrix/SCOUT_AND_KILL_LEDGER.md:21:`M01`, `H01`, `R01`, `C01`, and `C02` are replayed only to catch entry-gate
/root/autodl-tmp/symbolic_dynamics/docs/papers172_176_sequence/scouting/stochastic_matrix/SCOUT_AND_KILL_LEDGER.md:49:| `R01` | row-support inclusion relation | All Boolean matrices through `n=4`; preorder image and transpose-on-preorders checked; image counts `1,4,29,355` | **ZERO ADDITION.** Literal P143, including its one/two-cycle mechanism. |
/root/autodl-tmp/symbolic_dynamics/docs/papers132_136_sequence/scouting/algebraic/verify_algebraic_scout.py:1323:# R01--R02: local/residue-ring controls completing the literal 27
/root/autodl-tmp/symbolic_dynamics/docs/papers132_136_sequence/scouting/algebraic/verify_algebraic_scout.py:1336:def run_r01():
/root/autodl-tmp/symbolic_dynamics/docs/papers132_136_sequence/scouting/algebraic/verify_algebraic_scout.py:1375:        "R01", "local_ring_controls",
/root/autodl-tmp/symbolic_dynamics/docs/papers132_136_sequence/scouting/algebraic/verify_algebraic_scout.py:1413:        run_r01, run_r02,
/root/autodl-tmp/symbolic_dynamics/docs/papers187_191_sequence/phase1/BREADTH_LEDGER.md:21:| algebra/cross-domain replacement | 10 | one survivor (`R01`), nine killed |
/root/autodl-tmp/hilbert-polya-structure/docs/papers204_208_sequence/scouting/finite_systems_nineteenth/evidence_capture_02/history_proof_engine.stdout:476:/root/autodl-tmp/symbolic_dynamics/docs/papers187_191_sequence/scouting/algebra_lane/replacement/KILL_LEDGER.md:11:| `R01/BSE` | For all tested `n=1,2,3`, including `m=1,2`, every orbit reaches a fixed point with the exact run-erasure tail.  Fixed counts, sharp parity-sensitive maximum tails, every target's transfer fibre, gap factorization, zero-target spectrum, and total fibre mass all match the closed formulas. | `PROVISIONAL_SURVIVOR_OWNER_AMBER` | Generic support/run erosion receives zero credit.  The residual package is stronger: natural Brandt sandwich multiplication, an all-parameter parity obstruction for the sharp tail, and an independent labelled-target inverse theory with an explicit local matrix spectrum.  Direct-owner status remains unresolved, so this is not numbered. |
/root/autodl-tmp/hilbert-polya-structure/docs/papers204_208_sequence/scouting/finite_systems_nineteenth/evidence_capture_02/history_proof_engine.stdout:721:/root/autodl-tmp/hilbert-polya-structure/docs/papers187_191_sequence/scouting/algebra_lane/replacement/KILL_LEDGER.md:11:| `R01/BSE` | For all tested `n=1,2,3`, including `m=1,2`, every orbit reaches a fixed point with the exact run-erasure tail.  Fixed counts, sharp parity-sensitive maximum tails, every target's transfer fibre, gap factorization, zero-target spectrum, and total fibre mass all match the closed formulas. | `PROVISIONAL_SURVIVOR_OWNER_AMBER` | Generic support/run erosion receives zero credit.  The residual package is stronger: natural Brandt sandwich multiplication, an all-parameter parity obstruction for the sharp tail, and an independent labelled-target inverse theory with an explicit local matrix spectrum.  Direct-owner status remains unresolved, so this is not numbered. |
/root/autodl-tmp/hilbert-polya-structure/docs/papers187_191_sequence/phase1/BREADTH_LEDGER.md:21:| algebra/cross-domain replacement | 10 | one survivor (`R01`), nine killed |
/root/autodl-tmp/symbolic_dynamics/docs/papers172_176_sequence/scouting/fresh_nonlinear_algebra/verify_scout.py:594:def verify_r01_inverse_sum() -> None:
/root/autodl-tmp/symbolic_dynamics/docs/papers172_176_sequence/scouting/fresh_nonlinear_algebra/verify_scout.py:595:    print("\n[R01_IFS_inverse_sum_rational_feedback]")
/root/autodl-tmp/symbolic_dynamics/docs/papers172_176_sequence/scouting/fresh_nonlinear_algebra/verify_scout.py:602:        analyze(f"R01/q={q}", states, update)
/root/autodl-tmp/symbolic_dynamics/docs/papers172_176_sequence/scouting/fresh_nonlinear_algebra/verify_scout.py:639:    verify_r01_inverse_sum()
/root/autodl-tmp/hilbert-polya-structure/docs/papers204_208_sequence/scouting/finite_systems_twelfth/INTAKE.md:34:The initial ideas UCN (unique common-neighbor graph), quartic Hessian,
/root/autodl-tmp/symbolic_dynamics/docs/papers187_191_sequence/scouting/algebra_lane/replacement/KILL_LEDGER.md:11:| `R01/BSE` | For all tested `n=1,2,3`, including `m=1,2`, every orbit reaches a fixed point with the exact run-erasure tail.  Fixed counts, sharp parity-sensitive maximum tails, every target's transfer fibre, gap factorization, zero-target spectrum, and total fibre mass all match the closed formulas. | `PROVISIONAL_SURVIVOR_OWNER_AMBER` | Generic support/run erosion receives zero credit.  The residual package is stronger: natural Brandt sandwich multiplication, an all-parameter parity obstruction for the sharp tail, and an independent labelled-target inverse theory with an explicit local matrix spectrum.  Direct-owner status remains unresolved, so this is not numbered. |
/root/autodl-tmp/symbolic_dynamics/docs/papers187_191_sequence/scouting/algebra_lane/replacement/KILL_LEDGER.md:26:survivors=1 (R01 provisional)
/root/autodl-tmp/symbolic_dynamics/docs/papers187_191_sequence/scouting/algebra_lane/replacement/KILL_LEDGER.md:32:R01 is retained because the strengthened inverse calculation became an exact
/root/autodl-tmp/symbolic_dynamics/docs/papers152_156_sequence/scouting/root/SCOUT.md:10:| R01 | binary parity-match sieve: retain `w_i` iff `w_i=i (mod 2)` and reindex | unique alternating fixed word in every length; apparent sharp clock `floor(log2 n)+1`; exact one-step fibres; binomial terminal layers | **KILL / owner-heavy negative control**: Piergallini's alternating erasing substitution is a close direct positional-parity erasure owner, and the proof mechanism is too close to excluded parity/run word systems |
/root/autodl-tmp/symbolic_dynamics/docs/papers152_156_sequence/scouting/root/SCOUT.md:28:## R01 exact profile retained as a negative control
/root/autodl-tmp/symbolic_dynamics/docs/papers152_156_sequence/scouting/root/SCOUT.md:61:develops sections/fibres.  R01 is not asserted identical to that map, but the
/root/autodl-tmp/symbolic_dynamics/docs/papers152_156_sequence/scouting/root/SCOUT.md:82:`verify_root_scout.py` exhausts R01 through length 18, independently compares
/root/autodl-tmp/hilbert-polya-structure/symbolic_dynamics/papers/21-successor-divisor-cycle-flood/sections/5_finite_confinement.tex:50:and every remaining edge increases by exactly one.  The rotated walk is
/root/autodl-tmp/symbolic_dynamics/docs/papers172_176_sequence/scouting/fresh_nonlinear_algebra/SCOUT_AND_KILL_LEDGER.md:39:| `R01/IFS` | (\mathbb F_p); (0\mapsto0), (x\mapsto x+x^{-1}) for (x\ne0) | Primes (5\) through (19) show changing periods (1,2,3,4,6), heights 1--3, and irregular fibre histograms. | **`KILL_NO_STABLE_SPINE_P150`**.  No uniform clock emerged, and finite-field rational functional graphs are already represented by P150's stronger trace-reduced programme. |
/root/autodl-tmp/symbolic_dynamics/docs/papers132_136_sequence/scouting/algebraic/SCOUT.md:112:| `R01` | `Z/2^e Z`; `x -> x^2(3-2x)`. | `2<=e<=13`; 16,380 states; **123,064** assertions.  Parity selects 0 or 1 and the 2-adic defect valuation doubles, giving every depth layer. | **KILL INTERNAL.**  Newton/Hensel error squaring was already rejected near P100. |
/root/autodl-tmp/symbolic_dynamics/docs/papers132_136_sequence/scouting/algebraic/SCOUT.md:390:- `R01` is explicitly killed by the prior Newton/Hensel error-squaring
/root/autodl-tmp/symbolic_dynamics/docs/papers127_131_sequence/scouting/algebraic/SCOUT.md:85:| `R01` | Artin--Schreier map `x -> x^2+x` in `F_(2^m)` using fixed irreducible polynomial bases. | every element for `2<=m<=5`, 60 states; **1,480** | profiles `m2:t2p1`, `m3:t1p3`, `m4:t4p1`, `m5:t1p15`. | **KILL.**  A linearized-polynomial/Frobenius map in disguise. |
/root/autodl-tmp/symbolic_dynamics/docs/papers127_131_sequence/scouting/combinatorial/SCOUT.md:168:  [*Enumerative perspectives on chord diagrams*](https://uwspace.uwaterloo.ca/items/51239c85-b044-4e6b-97c6-710332c37c93),
/root/autodl-tmp/symbolic_dynamics/docs/papers152_156_sequence/scouting/root/verify_root_scout.py:35:        check(len(nxt) < len(current), "R01 strict descent off the fixed set")
/root/autodl-tmp/symbolic_dynamics/docs/papers152_156_sequence/scouting/root/verify_root_scout.py:73:            check(terminal == alternating(len(terminal)), "R01 terminal form")
/root/autodl-tmp/symbolic_dynamics/docs/papers152_156_sequence/scouting/root/verify_root_scout.py:77:        check(max_tail == expected_tail, "R01 sharp clock profile")
/root/autodl-tmp/symbolic_dynamics/docs/papers152_156_sequence/scouting/root/verify_root_scout.py:79:        check(zero_tail == expected_tail, "R01 all-zero sharp witness")
/root/autodl-tmp/symbolic_dynamics/docs/papers152_156_sequence/scouting/root/verify_root_scout.py:83:                "R01 binomial terminal layer",
/root/autodl-tmp/symbolic_dynamics/docs/papers152_156_sequence/scouting/root/verify_root_scout.py:95:                check(incoming[target] == predicted, "R01 every-target fibre")
/root/autodl-tmp/symbolic_dynamics/docs/papers152_156_sequence/scouting/root/verify_root_scout.py:98:                    "R01 greedy image criterion",
/root/autodl-tmp/symbolic_dynamics/docs/papers152_156_sequence/scouting/root/verify_root_scout.py:128:        "R01 "
/root/autodl-tmp/symbolic_dynamics/docs/papers127_131_sequence/scouting/algebraic/verify_algebraic_scout.py:363:def run_r01():
/root/autodl-tmp/symbolic_dynamics/docs/papers127_131_sequence/scouting/algebraic/verify_algebraic_scout.py:382:        "R01", "finite_rings", "Artin-Schreier x->x^2+x on F_(2^m), 2<=m<=5",
/root/autodl-tmp/symbolic_dynamics/docs/papers127_131_sequence/scouting/algebraic/verify_algebraic_scout.py:1355:        run_r01, run_r02, run_r03, run_r04,
/root/autodl-tmp/symbolic_dynamics/docs/papers142_146_sequence/scouting/combinatorial/verify_combinatorial_scout.py:581:# R01: directed-relation path doubling
/root/autodl-tmp/symbolic_dynamics/docs/papers142_146_sequence/scouting/combinatorial/verify_combinatorial_scout.py:651:                        ("R01-closure", n, state, target))
/root/autodl-tmp/symbolic_dynamics/docs/papers142_146_sequence/scouting/combinatorial/verify_combinatorial_scout.py:653:                        ("R01-clock", n, state, depth, diameter))
/root/autodl-tmp/symbolic_dynamics/docs/papers142_146_sequence/scouting/combinatorial/verify_combinatorial_scout.py:655:    print(f"FOCUS R01 | n<=4 | exact_powers=PASS | diameter_clock=PASS | assertions={assertions}")
/root/autodl-tmp/symbolic_dynamics/docs/papers142_146_sequence/scouting/combinatorial/verify_combinatorial_scout.py:1000:    rows.append(scan_family("R01", relation_instances()))
/root/autodl-tmp/symbolic_dynamics/docs/papers167_171_sequence/scouting/p170_replacement_lane/SCOUT.md:33:| `R01` | `B_ij=1` iff `R_i` is a proper subset of `R_j` | at `n=4`: image 219, only the empty fixed state, 74 period-two states, tail 2 | tempting “second image is always a weak order” law holds through `n=4` but a random `n=5` counterexample appears immediately; no stable spine |
/root/autodl-tmp/symbolic_dynamics/docs/papers162_166_sequence/scouting/open_fresh_p166_round8/IDEA_LEDGER.md:36:| `QTF` | ordered DAGs; toggle an arrow iff it has exactly one two-arrow factorization | triangular-by-span bijection; periods through `n=6` are powers up to `8` | all fibres are singleton and no all-`n` cycle formula closed; the exact-one two-walk engine is the killed `UWS` neighbourhood | `KILL_NO_SECOND_AXIS_UWS` |
/root/autodl-tmp/symbolic_dynamics/docs/papers162_166_sequence/scouting/replacement_matchings_incidence/SCOUT.md:41:The next most complicated maps (`R01 UWS`, `R02 UCN`, `R04 DOM`) have rich
/root/autodl-tmp/symbolic_dynamics/docs/papers162_166_sequence/scouting/replacement_matchings_incidence/SCOUT.md:89:| `R01 UWS` | Boolean relation: `(i,j)` is on iff there is exactly one selected two-walk `i-k-j` | `512 / 238 / 28 / {1,2,3} / 5` | temporal and fibres sought | **`KILL_NO_PARAMETER_SPINE`** |
/root/autodl-tmp/symbolic_dynamics/docs/papers162_166_sequence/scouting/replacement_matchings_incidence/verify_scout.py:425:def unique_common_neighbour(i, j, neighbours, _state, _edges):
/root/autodl-tmp/symbolic_dynamics/docs/papers162_166_sequence/scouting/replacement_matchings_incidence/verify_scout.py:739:    systems.append(("R01 UWS",) + unique_walk_square_system())
/root/autodl-tmp/symbolic_dynamics/docs/papers162_166_sequence/scouting/replacement_matchings_incidence/verify_scout.py:740:    systems.append(("R02 UCN",) + simple_graph_system(6, unique_common_neighbour))
/root/autodl-tmp/symbolic_dynamics/docs/papers204_208_sequence/scouting/finite_systems_nineteenth/evidence_capture_02/history_proof_engine.stdout:476:/root/autodl-tmp/symbolic_dynamics/docs/papers187_191_sequence/scouting/algebra_lane/replacement/KILL_LEDGER.md:11:| `R01/BSE` | For all tested `n=1,2,3`, including `m=1,2`, every orbit reaches a fixed point with the exact run-erasure tail.  Fixed counts, sharp parity-sensitive maximum tails, every target's transfer fibre, gap factorization, zero-target spectrum, and total fibre mass all match the closed formulas. | `PROVISIONAL_SURVIVOR_OWNER_AMBER` | Generic support/run erosion receives zero credit.  The residual package is stronger: natural Brandt sandwich multiplication, an all-parameter parity obstruction for the sharp tail, and an independent labelled-target inverse theory with an explicit local matrix spectrum.  Direct-owner status remains unresolved, so this is not numbered. |
/root/autodl-tmp/symbolic_dynamics/docs/papers204_208_sequence/scouting/finite_systems_nineteenth/evidence_capture_02/history_proof_engine.stdout:721:/root/autodl-tmp/hilbert-polya-structure/docs/papers187_191_sequence/scouting/algebra_lane/replacement/KILL_LEDGER.md:11:| `R01/BSE` | For all tested `n=1,2,3`, including `m=1,2`, every orbit reaches a fixed point with the exact run-erasure tail.  Fixed counts, sharp parity-sensitive maximum tails, every target's transfer fibre, gap factorization, zero-target spectrum, and total fibre mass all match the closed formulas. | `PROVISIONAL_SURVIVOR_OWNER_AMBER` | Generic support/run erosion receives zero credit.  The residual package is stronger: natural Brandt sandwich multiplication, an all-parameter parity obstruction for the sharp tail, and an independent labelled-target inverse theory with an explicit local matrix spectrum.  Direct-owner status remains unresolved, so this is not numbered. |
/root/autodl-tmp/symbolic_dynamics/docs/papers204_208_sequence/scouting/FTH_GATE/reviewed_input_snapshot/docs/papers162_166_sequence/scouting/replacement_matchings_incidence/SCOUT.md:41:The next most complicated maps (`R01 UWS`, `R02 UCN`, `R04 DOM`) have rich
/root/autodl-tmp/symbolic_dynamics/docs/papers204_208_sequence/scouting/FTH_GATE/reviewed_input_snapshot/docs/papers162_166_sequence/scouting/replacement_matchings_incidence/SCOUT.md:89:| `R01 UWS` | Boolean relation: `(i,j)` is on iff there is exactly one selected two-walk `i-k-j` | `512 / 238 / 28 / {1,2,3} / 5` | temporal and fibres sought | **`KILL_NO_PARAMETER_SPINE`** |
/root/autodl-tmp/symbolic_dynamics/docs/papers204_208_sequence/scouting/finite_systems_twelfth/INTAKE.md:34:The initial ideas UCN (unique common-neighbor graph), quartic Hessian,
/root/autodl-tmp/symbolic_dynamics/docs/papers204_208_sequence/scouting/FTH_GATE/reviewed_input_snapshot/docs/papers204_208_sequence/scouting/finite_systems_nineteenth/evidence_capture_02/history_proof_engine.stdout:476:/root/autodl-tmp/symbolic_dynamics/docs/papers187_191_sequence/scouting/algebra_lane/replacement/KILL_LEDGER.md:11:| `R01/BSE` | For all tested `n=1,2,3`, including `m=1,2`, every orbit reaches a fixed point with the exact run-erasure tail.  Fixed counts, sharp parity-sensitive maximum tails, every target's transfer fibre, gap factorization, zero-target spectrum, and total fibre mass all match the closed formulas. | `PROVISIONAL_SURVIVOR_OWNER_AMBER` | Generic support/run erosion receives zero credit.  The residual package is stronger: natural Brandt sandwich multiplication, an all-parameter parity obstruction for the sharp tail, and an independent labelled-target inverse theory with an explicit local matrix spectrum.  Direct-owner status remains unresolved, so this is not numbered. |
/root/autodl-tmp/symbolic_dynamics/docs/papers204_208_sequence/scouting/FTH_GATE/reviewed_input_snapshot/docs/papers204_208_sequence/scouting/finite_systems_nineteenth/evidence_capture_02/history_proof_engine.stdout:721:/root/autodl-tmp/hilbert-polya-structure/docs/papers187_191_sequence/scouting/algebra_lane/replacement/KILL_LEDGER.md:11:| `R01/BSE` | For all tested `n=1,2,3`, including `m=1,2`, every orbit reaches a fixed point with the exact run-erasure tail.  Fixed counts, sharp parity-sensitive maximum tails, every target's transfer fibre, gap factorization, zero-target spectrum, and total fibre mass all match the closed formulas. | `PROVISIONAL_SURVIVOR_OWNER_AMBER` | Generic support/run erosion receives zero credit.  The residual package is stronger: natural Brandt sandwich multiplication, an all-parameter parity obstruction for the sharp tail, and an independent labelled-target inverse theory with an explicit local matrix spectrum.  Direct-owner status remains unresolved, so this is not numbered. |
/root/autodl-tmp/symbolic_dynamics/papers/21-successor-divisor-cycle-flood/sections/5_finite_confinement.tex:50:and every remaining edge increases by exactly one.  The rotated walk is
/root/autodl-tmp/symbolic_dynamics/docs/papers162_166_sequence/scouting/open_fresh_p166_round8/SCOUT.md:138:and killed as `UWS`; XOR feedback does not create a second theorem axis.
/root/autodl-tmp/symbolic_dynamics/docs/papers162_166_sequence/scouting/open_fresh_p166_round8/SCOUT.md:139:**Decision: `KILL_NO_SECOND_AXIS_UWS`.**
/root/autodl-tmp/symbolic_dynamics/papers/01-falsification-first-audit/farey_gauss_transfer/results/exact_orbit_ledger.csv.gz: binary file matches (found "\0" byte around offset 32)
/root/autodl-tmp/symbolic_dynamics/docs/papers142_146_sequence/scouting/combinatorial/SCOUT.md:63:| **R01** | Directed relations; send `R` to `R union R^2`. | `1<=n<=4`; 66,066 relations; periods `1`; max tail `2`; last `I/F=6,080/3,994`.  Endpoint is transitive closure and depth is `ceil(log_2 delta^+(R))`, including positive diagonal cycle distances. | **PERMANENT KILL -- GENERIC POWER/CLOSURE.**  This is not relation cubing, but it is precisely the standard path-doubling closure excluded by the intake gate. |
/root/autodl-tmp/symbolic_dynamics/docs/papers142_146_sequence/scouting/combinatorial/SCOUT.md:366:| S01/R01 | P97 squaring vocabulary and the hard generic-closure exclusion | Semilattice/path powers give the theorem verbatim.  **Kill.** |
/root/autodl-tmp/symbolic_dynamics/docs/papers132_136_sequence/scouting/stochastic/verify_stochastic_scout.py:93:# R01: Fibonacci rewrite 100 -> 011
/root/autodl-tmp/symbolic_dynamics/docs/papers132_136_sequence/scouting/stochastic/verify_stochastic_scout.py:130:def run_r01():
/root/autodl-tmp/symbolic_dynamics/docs/papers132_136_sequence/scouting/stochastic/verify_stochastic_scout.py:143:            check(len(terminals) == 1, "R01 lost confluence")
/root/autodl-tmp/symbolic_dynamics/docs/papers132_136_sequence/scouting/stochastic/verify_stochastic_scout.py:144:            check(len(lengths) == 1, "R01 path length depends on scheduler")
/root/autodl-tmp/symbolic_dynamics/docs/papers132_136_sequence/scouting/stochastic/verify_stochastic_scout.py:163:              "R01 forbidden-word image count failed")
/root/autodl-tmp/symbolic_dynamics/docs/papers132_136_sequence/scouting/stochastic/verify_stochastic_scout.py:171:              "R01 extremal fibre signal failed")
/root/autodl-tmp/symbolic_dynamics/docs/papers132_136_sequence/scouting/stochastic/verify_stochastic_scout.py:175:        "R01", "finite word rewrite",
/root/autodl-tmp/symbolic_dynamics/docs/papers132_136_sequence/scouting/stochastic/verify_stochastic_scout.py:1237:        run_r01, run_r02, run_r03, run_r04, run_r05, run_r06, run_r07,
/root/autodl-tmp/symbolic_dynamics/docs/papers132_136_sequence/scouting/stochastic/SCOUT.md:41:| `R01` | Binary line; rewrite any `100 -> 011`. Audit Fibonacci value, terminal, depth, image size, and terminal fibres. | lengths 1--14; 32,766 | Confluent with a sharp clock and extremal fibres, but Fibonacci-normalization and maximal-representation owners eat the core. **`KILL_OWNER_FIBONACCI_REPRESENTATIONS`.** |
/root/autodl-tmp/symbolic_dynamics/docs/papers132_136_sequence/scouting/stochastic/SCOUT.md:72:R01 286766   R02 976143   R03 393213   R04 88572    R05 1572861
/root/autodl-tmp/symbolic_dynamics/docs/papers132_136_sequence/scouting/stochastic/SCOUT.md:246:### 4.1 `R01`: Fibonacci rewrite `100 -> 011`
/root/autodl-tmp/symbolic_dynamics/docs/papers132_136_sequence/scouting/stochastic/SCOUT.md:248:With Fibonacci weights read from right to left, `R01` preserves value, raises
/root/autodl-tmp/symbolic_dynamics/docs/papers132_136_sequence/scouting/stochastic/SCOUT.md:307:gates: `R02` survives only after severe subtraction, while `R01` and `P01` are
/root/autodl-tmp/symbolic_dynamics/docs/papers132_136_sequence/scouting/stochastic/SCOUT.md:358:- `R01` and `P01` are killed despite clean formulas. They are not fallback
/root/autodl-tmp/symbolic_dynamics/docs/papers132_136_sequence/scouting/stochastic/SCOUT.md:377:`R01` is the strongest discarded signal, but its direct Fibonacci owners make
