name                                 type              encoding         emb sub uni object ID
------------------------------------ ----------------- ---------------- --- --- --- ---------
NHVZPX+CMR17                         Type 1            Builtin          yes yes yes      4  0
NNJYVZ+CMR12                         Type 1            Builtin          yes yes yes      5  0
BXILYG+CMBX10                        Type 1            Builtin          yes yes yes      6  0
HFMLGP+CMR10                         Type 1            Builtin          yes yes yes      7  0
TZPMUM+CMMI10                        Type 1            Builtin          yes yes yes      8  0
YALILR+CMSY10                        Type 1            Builtin          yes yes yes      9  0
LGORUL+MSBM10                        Type 1            Builtin          yes yes yes     10  0
MRTMEF+CMMI7                         Type 1            Builtin          yes yes yes     11  0
TETUSV+CMSY7                         Type 1            Builtin          yes yes yes     12  0
RKDUWA+CMR7                          Type 1            Builtin          yes yes yes     13  0
AUVGAC+CMSS8                         Type 1            Builtin          yes yes yes     14  0
LGEEQS+CMBX12                        Type 1            Builtin          yes yes yes     15  0
PTHRCO+CMMI8                         Type 1            Builtin          yes yes yes     16  0
IDIRLJ+CMSY8                         Type 1            Builtin          yes yes yes     28  0
HZDIVJ+CMR8                          Type 1            Builtin          yes yes yes     29  0
XYRRYC+CMEX10                        Type 1            Builtin          yes yes yes     30  0
NTLVYK+CMMI6                         Type 1            Builtin          yes yes yes     31  0
SQCZCY+CMR6                          Type 1            Builtin          yes yes yes     38  0
KJZCGG+CMTI10                        Type 1            Builtin          yes yes yes     42  0
CRPSRL+CMEX8                         Type 1            Builtin          yes yes yes     50  0
VERFNL+CMBX8                         Type 1            Builtin          yes yes yes     51  0
HBIEHQ+CMSY6                         Type 1            Builtin          yes yes yes     83  0
