This is LuaHBTeX, Version 1.14.0 (TeX Live 2022/dev/Debian) 
 restricted system commands enabled.
(./manuscript.tex
LaTeX2e <2021-11-15> patch level 1
 L3 programming layer <2022-01-21>
(/usr/share/texlive/texmf-dist/tex/latex/base/article.cls
Document Class: article 2021/10/04 v1.4n Standard LaTeX document class
(/usr/share/texlive/texmf-dist/tex/latex/base/size11.clo))
(/usr/share/texlive/texmf-dist/tex/latex/fontspec/fontspec.sty
(/usr/share/texlive/texmf-dist/tex/latex/l3packages/xparse/xparse.sty
(/usr/share/texlive/texmf-dist/tex/latex/l3kernel/expl3.sty
(/usr/share/texlive/texmf-dist/tex/latex/l3backend/l3backend-luatex.def)))
(/usr/share/texlive/texmf-dist/tex/latex/fontspec/fontspec-luatex.sty
(/usr/share/texlive/texmf-dist/tex/latex/base/fontenc.sty)
(/usr/share/texlive/texmf-dist/tex/latex/fontspec/fontspec.cfg)))
(/usr/share/texlive/texmf-dist/tex/generic/babel/babel.sty
(/usr/share/texlive/texmf-dist/tex/generic/babel/luababel.def)
(/usr/share/texlive/texmf-dist/tex/generic/babel/luababel.def)
(/usr/share/texlive/texmf-dist/tex/generic/babel-english/english.ldf))
(/usr/share/texlive/texmf-dist/tex/generic/babel/locale/zh/babel-chinese-tradit
ional.tex)
(/usr/share/texlive/texmf-dist/tex/generic/babel/locale/en/babel-english.tex)
(/usr/share/texlive/texmf-dist/tex/latex/geometry/geometry.sty
(/usr/share/texlive/texmf-dist/tex/latex/graphics/keyval.sty)
(/usr/share/texlive/texmf-dist/tex/generic/iftex/ifvtex.sty
(/usr/share/texlive/texmf-dist/tex/generic/iftex/iftex.sty)))
(/usr/share/texlive/texmf-dist/tex/latex/microtype/microtype.sty
(/usr/share/texlive/texmf-dist/tex/latex/etoolbox/etoolbox.sty)
(/usr/share/texlive/texmf-dist/tex/latex/microtype/microtype-luatex.def)
(/usr/share/texlive/texmf-dist/tex/latex/microtype/microtype.cfg))
(/usr/share/texlive/texmf-dist/tex/latex/setspace/setspace.sty)
(/usr/share/texlive/texmf-dist/tex/latex/amsmath/amsmath.sty
For additional information on amsmath, use the `?' option.
(/usr/share/texlive/texmf-dist/tex/latex/amsmath/amstext.sty
(/usr/share/texlive/texmf-dist/tex/latex/amsmath/amsgen.sty))
(/usr/share/texlive/texmf-dist/tex/latex/amsmath/amsbsy.sty)
(/usr/share/texlive/texmf-dist/tex/latex/amsmath/amsopn.sty))
(/usr/share/texlive/texmf-dist/tex/latex/amsfonts/amssymb.sty
(/usr/share/texlive/texmf-dist/tex/latex/amsfonts/amsfonts.sty))
(/usr/share/texlive/texmf-dist/tex/latex/mathtools/mathtools.sty
(/usr/share/texlive/texmf-dist/tex/latex/tools/calc.sty)
(/usr/share/texlive/texmf-dist/tex/latex/mathtools/mhsetup.sty))
(/usr/share/texlive/texmf-dist/tex/latex/booktabs/booktabs.sty)
(/usr/share/texlive/texmf-dist/tex/latex/tools/tabularx.sty
(/usr/share/texlive/texmf-dist/tex/latex/tools/array.sty))
(/usr/share/texlive/texmf-dist/tex/latex/enumitem/enumitem.sty)
(/usr/share/texlive/texmf-dist/tex/latex/natbib/natbib.sty)
(/usr/share/texlive/texmf-dist/tex/latex/xurl/xurl.sty
(/usr/share/texlive/texmf-dist/tex/latex/url/url.sty))
(/usr/share/texlive/texmf-dist/tex/latex/xcolor/xcolor.sty
(/usr/share/texlive/texmf-dist/tex/latex/graphics-cfg/color.cfg)
(/usr/share/texlive/texmf-dist/tex/latex/graphics-def/luatex.def))
(/usr/share/texlive/texmf-dist/tex/latex/hyperref/hyperref.sty
(/usr/share/texlive/texmf-dist/tex/generic/ltxcmds/ltxcmds.sty)
(/usr/share/texlive/texmf-dist/tex/generic/pdftexcmds/pdftexcmds.sty
(/usr/share/texlive/texmf-dist/tex/generic/infwarerr/infwarerr.sty))
(/usr/share/texlive/texmf-dist/tex/generic/kvsetkeys/kvsetkeys.sty)
(/usr/share/texlive/texmf-dist/tex/generic/kvdefinekeys/kvdefinekeys.sty)
(/usr/share/texlive/texmf-dist/tex/generic/pdfescape/pdfescape.sty)
(/usr/share/texlive/texmf-dist/tex/latex/hycolor/hycolor.sty)
(/usr/share/texlive/texmf-dist/tex/latex/letltxmacro/letltxmacro.sty)
(/usr/share/texlive/texmf-dist/tex/latex/auxhook/auxhook.sty)
(/usr/share/texlive/texmf-dist/tex/latex/kvoptions/kvoptions.sty)
(/usr/share/texlive/texmf-dist/tex/latex/hyperref/pd1enc.def)
(/usr/share/texlive/texmf-dist/tex/latex/hyperref/hyperref-langpatches.def)
(/usr/share/texlive/texmf-dist/tex/generic/intcalc/intcalc.sty)
(/usr/share/texlive/texmf-dist/tex/generic/etexcmds/etexcmds.sty)
(/usr/share/texlive/texmf-dist/tex/latex/hyperref/puenc.def)
(/usr/share/texlive/texmf-dist/tex/generic/bitset/bitset.sty
(/usr/share/texlive/texmf-dist/tex/generic/bigintcalc/bigintcalc.sty))
(/usr/share/texlive/texmf-dist/tex/latex/base/atbegshi-ltx.sty))
(/usr/share/texlive/texmf-dist/tex/latex/hyperref/hluatex.def
(/usr/share/texlive/texmf-dist/tex/generic/stringenc/stringenc.sty)
(/usr/share/texlive/texmf-dist/tex/latex/base/atveryend-ltx.sty)
(/usr/share/texlive/texmf-dist/tex/latex/rerunfilecheck/rerunfilecheck.sty
(/usr/share/texlive/texmf-dist/tex/generic/uniquecounter/uniquecounter.sty)))
(./manuscript.aux

Package babel Info: The following font families will use the default
(babel)             settings for all or some languages:
(babel)             * \rmfamily = Tinos(0)
(babel)               Tinos:mode=node;script=latn;language=dflt;+tlig; at 10.95
pt
(babel)             * \sffamily = lmss
(babel)               [lmsans10-regular]:+tlig; at 10.95pt
(babel)             * \ttfamily = lmtt
(babel)               [lmmono10-regular]: at 10.95pt
(babel)             There is nothing intrinsically wrong with it, but
(babel)             'babel' will no set Script and Language, which could
(babel)             be relevant in some languages. If your document uses
(babel)             these families, consider redefining them with \babelfont.
(babel)             Reported on input line 4.

) (/usr/share/texlive/texmf-dist/tex/latex/base/ts1cmr.fd)
*geometry* driver: auto-detecting
*geometry* detected driver: luatex
(/usr/share/texlive/texmf-dist/tex/latex/graphics/graphicx.sty
(/usr/share/texlive/texmf-dist/tex/latex/graphics/graphics.sty
(/usr/share/texlive/texmf-dist/tex/latex/graphics/trig.sty)
(/usr/share/texlive/texmf-dist/tex/latex/graphics-cfg/graphics.cfg)))
(/usr/share/texlive/texmf-dist/tex/context/base/mkii/supp-pdf.mkii
[Loading MPS to PDF converter (version 2006.09.02).]
) (/usr/share/texlive/texmf-dist/tex/latex/epstopdf-pkg/epstopdf-base.sty
(/usr/share/texlive/texmf-dist/tex/latex/latexconfig/epstopdf-sys.cfg))
(/usr/share/texlive/texmf-dist/tex/latex/hyperref/nameref.sty
(/usr/share/texlive/texmf-dist/tex/latex/refcount/refcount.sty)
(/usr/share/texlive/texmf-dist/tex/generic/gettitlestring/gettitlestring.sty))
(./manuscript.out) (./manuscript.out)
(/usr/share/texlive/texmf-dist/tex/latex/amsfonts/umsa.fd)
(/usr/share/texlive/texmf-dist/tex/latex/microtype/mt-msa.cfg)
(/usr/share/texlive/texmf-dist/tex/latex/amsfonts/umsb.fd)
(/usr/share/texlive/texmf-dist/tex/latex/microtype/mt-msb.cfg)
(/usr/share/texlive/texmf-dist/tex/latex/microtype/mt-cmr.cfg) [1{/var/lib/texm
f/fonts/map/pdftex/updmap/pdftex.map}] [2]
Overfull \hbox (28.02614pt too wide) in paragraph at lines 63--64
\TU/Tinos(0)/m/n/10.95 then emit a schema-valid empty/re-sult skele-ton, or sto
p as \TU/lmtt/m/n/10.95 PERFORMANCE_POPULATION_HASH_MISMATCH_STOP\TU/Tinos(0)/m
/n/10.95 ,

Overfull \hbox (7.45413pt too wide) in paragraph at lines 63--64
\TU/lmtt/m/n/10.95 PERFORMANCE_MECHANISM_HASH_MISMATCH_STOP\TU/Tinos(0)/m/n/10.
95 , \TU/lmtt/m/n/10.95 PERFORMANCE_POST_FREEZE_MUTATION_STOP\TU/Tinos(0)/m/n/1
0.95 , or

Overfull \hbox (38.33852pt too wide) in paragraph at lines 63--64
\TU/lmtt/m/n/10.95 PERFORMANCE_POPULATION_RECONCILIATION_STOP\TU/Tinos(0)/m/n/1
0.95 . $\TU/lmtt/m/n/10.95 I n d e p e n d e n t R e p l a y R e c e i p t / v 
1$ \TU/Tinos(0)/m/n/10.95 emits \TU/lmtt/m/n/10.95 REPLAY_PASS

Package natbib Warning: Citation `P29-S01' on page 3 undefined on input line 71
.


Package natbib Warning: Citation `P29-S02' on page 3 undefined on input line 75
.


Package natbib Warning: Citation `P29-S03' on page 3 undefined on input line 79
.


Package natbib Warning: Citation `P29-S08' on page 3 undefined on input line 83
.


Package natbib Warning: Citation `P29-S04' on page 3 undefined on input line 87
.

[3]

Package natbib Warning: Citation `P29-S05' on page 4 undefined on input line 91
.


Package natbib Warning: Citation `P29-S06' on page 4 undefined on input line 95
.


Package natbib Warning: Citation `P29-S07' on page 4 undefined on input line 99
.


Package natbib Warning: Citation `P29-S09' on page 4 undefined on input line 10
3.


Package natbib Warning: Citation `P29-S17' on page 4 undefined on input line 10
7.


Package natbib Warning: Citation `P29-S18' on page 4 undefined on input line 11
1.


Package natbib Warning: Citation `P29-S10' on page 4 undefined on input line 11
9.


Package natbib Warning: Citation `P29-S11' on page 4 undefined on input line 12
3.


Package natbib Warning: Citation `P29-S15' on page 4 undefined on input line 12
7.


Package natbib Warning: Citation `P29-S16' on page 4 undefined on input line 13
1.


Package natbib Warning: Citation `P29-S12' on page 4 undefined on input line 13
5.


Package natbib Warning: Citation `P29-S13' on page 4 undefined on input line 13
9.

[4]

Package natbib Warning: Citation `P29-S14' on page 5 undefined on input line 14
3.


Package natbib Warning: Citation `P29-S19' on page 5 undefined on input line 15
1.


Package natbib Warning: Citation `P29-S20' on page 5 undefined on input line 15
5.


Package natbib Warning: Citation `P29-S21' on page 5 undefined on input line 15
9.


Package natbib Warning: Citation `P29-S22' on page 5 undefined on input line 16
3.

(/usr/share/texlive/texmf-dist/tex/latex/amsfonts/ueuf.fd)
(/usr/share/texlive/texmf-dist/tex/latex/microtype/mt-euf.cfg) [5] [6] [7]
Overfull \hbox (69.53595pt too wide) in paragraph at lines 221--222
\TU/Tinos(0)/m/n/10.95 ordered con-ju-gate pair, changes the out-put type; non-
com-pa-ra-bil-ity pro-duces \TU/lmtt/m/n/10.95 CONTROL_CODOMAIN_COMPARABILITY_S
TOP
[8]
Overfull \hbox (28.86852pt too wide) in paragraph at lines 235--236
\TU/lmtt/m/n/10.95 source-inventory-to-literature-matrix-crosswalk/1.0\TU/Tinos
(0)/m/n/10.95 , \TU/lmtt/m/n/10.95 fde57cac6ae3a41d9d895eff6a7a480b
[9] [10] [11] [12] (./manuscript.bbl [13] [14])

Package natbib Warning: There were undefined citations.

[15] (./manuscript.aux

Package natbib Warning: Citation(s) may have changed.
(natbib)                Rerun to get citations correct.

))
(see the transcript file for additional information)
 669 words of node memory still in use:
   6 hlist, 2 vlist, 2 rule, 2 glue, 4 kern, 1 glyph, 33 attribute, 59 glue_spe
c, 18 attribute_list, 1 write, 12 pdf_action nodes
   avail lists: 2:1009,3:1028,4:184,5:198,6:29,7:10614,8:155,9:257,10:23,11:953
,12:1
</usr/share/texlive/texmf-dist/fonts/truetype/google/tinos/Tinos-Italic.ttf></u
sr/share/texlive/texmf-dist/fonts/truetype/public/arphic-ttf/bsmi00lp.ttf></usr
/share/texlive/texmf-dist/fonts/truetype/google/tinos/Tinos-Bold.ttf></usr/shar
e/texmf/fonts/opentype/public/lm/lmmono10-regular.otf></usr/share/texlive/texmf
-dist/fonts/truetype/google/tinos/Tinos-Regular.ttf></usr/share/texlive/texmf-d
ist/fonts/type1/public/amsfonts/cm/cmmi10.pfb></usr/share/texlive/texmf-dist/fo
nts/type1/public/amsfonts/cm/cmmi8.pfb></usr/share/texlive/texmf-dist/fonts/typ
e1/public/amsfonts/cm/cmr10.pfb></usr/share/texlive/texmf-dist/fonts/type1/publ
ic/amsfonts/cm/cmr8.pfb></usr/share/texlive/texmf-dist/fonts/type1/public/amsfo
nts/cm/cmsy10.pfb></usr/share/texlive/texmf-dist/fonts/type1/public/amsfonts/cm
/cmsy8.pfb></usr/share/texlive/texmf-dist/fonts/type1/public/amsfonts/euler/euf
m10.pfb></usr/share/texlive/texmf-dist/fonts/type1/public/amsfonts/symbols/msbm
10.pfb>
Output written on manuscript.pdf (15 pages, 290068 bytes).
Transcript written on manuscript.log.
