Rc files read:
  /etc/LatexMk
Latexmk: This is Latexmk, John Collins, 20 November 2021, version: 4.76.
Rule 'pdflatex': File changes, etc:
   Changed files, or newly in use since previous run(s):
      'main.tex'
------------
Run number 1 of rule 'pdflatex'
------------
------------
Running 'pdflatex  -interaction=nonstopmode -halt-on-error -file-line-error -recorder  "main.tex"'
------------
Latexmk: applying rule 'pdflatex'...
This is pdfTeX, Version 3.141592653-2.6-1.40.22 (TeX Live 2022/dev/Debian) (preloaded format=pdflatex)
 restricted \write18 enabled.
entering extended mode
(./main.tex
LaTeX2e <2021-11-15> patch level 1
L3 programming layer <2022-01-21>
(/usr/share/texlive/texmf-dist/tex/latex/base/article.cls
Document Class: article 2021/10/04 v1.4n Standard LaTeX document class
(/usr/share/texlive/texmf-dist/tex/latex/base/size11.clo))
(/usr/share/texlive/texmf-dist/tex/latex/geometry/geometry.sty
(/usr/share/texlive/texmf-dist/tex/latex/graphics/keyval.sty)
(/usr/share/texlive/texmf-dist/tex/generic/iftex/ifvtex.sty
(/usr/share/texlive/texmf-dist/tex/generic/iftex/iftex.sty)))
(/usr/share/texlive/texmf-dist/tex/latex/base/fontenc.sty)
(/usr/share/texmf/tex/latex/lm/lmodern.sty)
(/usr/share/texlive/texmf-dist/tex/latex/amsmath/amsmath.sty
For additional information on amsmath, use the `?' option.
(/usr/share/texlive/texmf-dist/tex/latex/amsmath/amstext.sty
(/usr/share/texlive/texmf-dist/tex/latex/amsmath/amsgen.sty))
(/usr/share/texlive/texmf-dist/tex/latex/amsmath/amsbsy.sty)
(/usr/share/texlive/texmf-dist/tex/latex/amsmath/amsopn.sty))
(/usr/share/texlive/texmf-dist/tex/latex/amsfonts/amssymb.sty
(/usr/share/texlive/texmf-dist/tex/latex/amsfonts/amsfonts.sty))
(/usr/share/texlive/texmf-dist/tex/latex/amscls/amsthm.sty)
(/usr/share/texlive/texmf-dist/tex/latex/mathtools/mathtools.sty
(/usr/share/texlive/texmf-dist/tex/latex/tools/calc.sty)
(/usr/share/texlive/texmf-dist/tex/latex/mathtools/mhsetup.sty))
(/usr/share/texlive/texmf-dist/tex/latex/microtype/microtype.sty
(/usr/share/texlive/texmf-dist/tex/latex/etoolbox/etoolbox.sty)
(/usr/share/texlive/texmf-dist/tex/latex/microtype/microtype-pdftex.def)
(/usr/share/texlive/texmf-dist/tex/latex/microtype/microtype.cfg))
(/usr/share/texlive/texmf-dist/tex/latex/xurl/xurl.sty
(/usr/share/texlive/texmf-dist/tex/latex/url/url.sty))
(/usr/share/texlive/texmf-dist/tex/latex/hyperref/hyperref.sty
(/usr/share/texlive/texmf-dist/tex/generic/ltxcmds/ltxcmds.sty)
(/usr/share/texlive/texmf-dist/tex/generic/pdftexcmds/pdftexcmds.sty
(/usr/share/texlive/texmf-dist/tex/generic/infwarerr/infwarerr.sty))
(/usr/share/texlive/texmf-dist/tex/generic/kvsetkeys/kvsetkeys.sty)
(/usr/share/texlive/texmf-dist/tex/generic/kvdefinekeys/kvdefinekeys.sty)
(/usr/share/texlive/texmf-dist/tex/generic/pdfescape/pdfescape.sty)
(/usr/share/texlive/texmf-dist/tex/latex/hycolor/hycolor.sty)
(/usr/share/texlive/texmf-dist/tex/latex/letltxmacro/letltxmacro.sty)
(/usr/share/texlive/texmf-dist/tex/latex/auxhook/auxhook.sty)
(/usr/share/texlive/texmf-dist/tex/latex/kvoptions/kvoptions.sty)
(/usr/share/texlive/texmf-dist/tex/latex/hyperref/pd1enc.def)
(/usr/share/texlive/texmf-dist/tex/latex/hyperref/hyperref-langpatches.def)
(/usr/share/texlive/texmf-dist/tex/generic/intcalc/intcalc.sty)
(/usr/share/texlive/texmf-dist/tex/generic/etexcmds/etexcmds.sty)
(/usr/share/texlive/texmf-dist/tex/latex/hyperref/puenc.def)
(/usr/share/texlive/texmf-dist/tex/generic/bitset/bitset.sty
(/usr/share/texlive/texmf-dist/tex/generic/bigintcalc/bigintcalc.sty))
(/usr/share/texlive/texmf-dist/tex/latex/base/atbegshi-ltx.sty))
(/usr/share/texlive/texmf-dist/tex/latex/hyperref/hpdftex.def
(/usr/share/texlive/texmf-dist/tex/latex/base/atveryend-ltx.sty)
(/usr/share/texlive/texmf-dist/tex/latex/rerunfilecheck/rerunfilecheck.sty
(/usr/share/texlive/texmf-dist/tex/generic/uniquecounter/uniquecounter.sty)))
(./math_commands.tex) (/usr/share/texmf/tex/latex/lm/t1lmr.fd)
(/usr/share/texlive/texmf-dist/tex/latex/l3backend/l3backend-pdftex.def)
(./main.aux)
*geometry* driver: auto-detecting
*geometry* detected driver: pdftex
(/usr/share/texlive/texmf-dist/tex/latex/graphics/graphicx.sty
(/usr/share/texlive/texmf-dist/tex/latex/graphics/graphics.sty
(/usr/share/texlive/texmf-dist/tex/latex/graphics/trig.sty)
(/usr/share/texlive/texmf-dist/tex/latex/graphics-cfg/graphics.cfg)
(/usr/share/texlive/texmf-dist/tex/latex/graphics-def/pdftex.def
(/usr/share/texlive/texmf-dist/tex/context/base/mkii/supp-pdf.mkii
[Loading MPS to PDF converter (version 2006.09.02).]
))) (/usr/share/texlive/texmf-dist/tex/latex/epstopdf-pkg/epstopdf-base.sty
(/usr/share/texlive/texmf-dist/tex/latex/latexconfig/epstopdf-sys.cfg)))
(/usr/share/texlive/texmf-dist/tex/latex/microtype/mt-cmr.cfg)
(/usr/share/texlive/texmf-dist/tex/latex/hyperref/nameref.sty
(/usr/share/texlive/texmf-dist/tex/latex/refcount/refcount.sty)
(/usr/share/texlive/texmf-dist/tex/generic/gettitlestring/gettitlestring.sty))
(/usr/share/texmf/tex/latex/lm/ot1lmr.fd)
(/usr/share/texmf/tex/latex/lm/omllmm.fd)
(/usr/share/texmf/tex/latex/lm/omslmsy.fd)
(/usr/share/texmf/tex/latex/lm/omxlmex.fd)
(/usr/share/texlive/texmf-dist/tex/latex/amsfonts/umsa.fd)
(/usr/share/texlive/texmf-dist/tex/latex/microtype/mt-msa.cfg)
(/usr/share/texlive/texmf-dist/tex/latex/amsfonts/umsb.fd)
(/usr/share/texlive/texmf-dist/tex/latex/microtype/mt-msb.cfg)
(./sections/0_abstract.tex) (./sections/1_introduction.tex

LaTeX Warning: Reference `eq:frobenius' on page 1 undefined on input line 27.

[1{/var/lib/texmf/fonts/map/pdftex/updmap/pdftex.map}]

LaTeX Warning: Reference `eq:equalizer' on page 2 undefined on input line 39.


LaTeX Warning: Reference `eq:map' on page 2 undefined on input line 45.


LaTeX Warning: Reference `eq:maxlaw' on page 2 undefined on input line 60.


LaTeX Warning: Reference `eq:map' on page 2 undefined on input line 61.


LaTeX Warning: Reference `sec:context' on page 2 undefined on input line 79.


LaTeX Warning: Reference `sec:geometry' on page 2 undefined on input line 80.


LaTeX Warning: Reference `sec:boundary' on page 2 undefined on input line 81.


LaTeX Warning: Reference `sec:slices' on page 2 undefined on input line 82.


LaTeX Warning: Reference `sec:diagonal' on page 2 undefined on input line 84.

) (./sections/2_context.tex

LaTeX Warning: Citation `fujiwara1997rigid' on page 2 undefined on input line 5
.


LaTeX Warning: Citation `varshavsky2007trace' on page 2 undefined on input line
 8.


LaTeX Warning: Reference `thm:main' on page 2 undefined on input line 13.


LaTeX Warning: Citation `shuddhodan2019constraints' on page 2 undefined on inpu
t line 19.

[2]

LaTeX Warning: Citation `stacks2026intersection' on page 3 undefined on input l
ine 37.


LaTeX Warning: Citation `milne2013etale' on page 3 undefined on input line 42.


LaTeX Warning: Reference `eq:map' on page 3 undefined on input line 48.

) (./sections/3_projective_geometry.tex

LaTeX Warning: Reference `eq:inverse' on page 3 undefined on input line 41.

[3]

LaTeX Warning: Reference `eq:map' on page 4 undefined on input line 59.


LaTeX Warning: Reference `eq:homogeneous' on page 4 undefined on input line 60.



LaTeX Warning: Reference `lem:degrees' on page 4 undefined on input line 94.


LaTeX Warning: Reference `eq:chowring' on page 4 undefined on input line 111.


LaTeX Warning: Reference `eq:classes' on page 4 undefined on input line 129.

[4]

LaTeX Warning: Reference `eq:total' on page 5 undefined on input line 157.

) (./sections/4_boundary_count.tex

LaTeX Warning: Reference `eq:affine_equations' on page 5 undefined on input lin
e 15.


LaTeX Warning: Reference `eq:affine_equations' on page 5 undefined on input lin
e 28.


LaTeX Warning: Reference `lem:degrees' on page 5 undefined on input line 40.


LaTeX Warning: Reference `lem:graphcharts' on page 5 undefined on input line 40
.

[5]

LaTeX Warning: Reference `eq:homogeneous' on page 6 undefined on input line 59.



LaTeX Warning: Reference `eq:localquotient' on page 6 undefined on input line 8
9.


LaTeX Warning: Reference `eq:unitdata' on page 6 undefined on input line 90.


LaTeX Warning: Reference `eq:Bmodv' on page 6 undefined on input line 107.


LaTeX Warning: Reference `eq:minuslength' on page 6 undefined on input line 119
.


LaTeX Warning: Reference `lem:graphcharts' on page 6 undefined on input line 13
0.

[6]

LaTeX Warning: Reference `eq:plus_equation' on page 7 undefined on input line 1
39.

(/usr/share/texlive/texmf-dist/tex/latex/amsfonts/ueuf.fd)
(/usr/share/texlive/texmf-dist/tex/latex/microtype/mt-euf.cfg)

LaTeX Warning: Reference `thm:main' on page 7 undefined on input line 150.


LaTeX Warning: Reference `lem:affine' on page 7 undefined on input line 151.


LaTeX Warning: Reference `lem:location' on page 7 undefined on input line 152.


LaTeX Warning: Reference `lem:minuslength' on page 7 undefined on input line 15
3.


LaTeX Warning: Reference `lem:pluslength' on page 7 undefined on input line 154
.


LaTeX Warning: Reference `lem:graphcharts' on page 7 undefined on input line 16
1.


LaTeX Warning: Citation `stacks2026intersection' on page 7 undefined on input l
ine 164.


LaTeX Warning: Reference `eq:total' on page 7 undefined on input line 168.


LaTeX Warning: Reference `cor:allclocks' on page 7 undefined on input line 179.



LaTeX Warning: Reference `thm:main' on page 7 undefined on input line 183.

) (./sections/5_threshold_slices.tex [7]

LaTeX Warning: Reference `eq:affinecohom' on page 8 undefined on input line 24.



LaTeX Warning: Reference `sec:context' on page 8 undefined on input line 25.


LaTeX Warning: Reference `cor:allclocks' on page 8 undefined on input line 58.


LaTeX Warning: Reference `thm:main' on page 8 undefined on input line 61.


LaTeX Warning: Reference `eq:tracevalue' on page 8 undefined on input line 61.


LaTeX Warning: Reference `eq:defect' on page 8 undefined on input line 62.


LaTeX Warning: Reference `eq:map' on page 8 undefined on input line 70.


LaTeX Warning: Reference `prop:threshold' on page 8 undefined on input line 71.



LaTeX Warning: Reference `eq:defect' on page 8 undefined on input line 100.


LaTeX Warning: Reference `eq:slicedef' on page 8 undefined on input line 100.


LaTeX Warning: Reference `eq:sliceformula' on page 8 undefined on input line 10
5.

[8]

LaTeX Warning: Reference `eq:defect' on page 9 undefined on input line 109.


LaTeX Warning: Reference `eq:algebraicrelation' on page 9 undefined on input li
ne 121.


LaTeX Warning: Reference `eq:equalizer' on page 9 undefined on input line 135.


LaTeX Warning: Reference `def:slice' on page 9 undefined on input line 136.


LaTeX Warning: Citation `dwork1960rationality' on page 9 undefined on input lin
e 138.


LaTeX Warning: Reference `prop:slice' on page 9 undefined on input line 141.


LaTeX Warning: Reference `sec:context' on page 9 undefined on input line 143.


LaTeX Warning: Reference `eq:weightedtrace' on page 9 undefined on input line 1
63.

[9]

LaTeX Warning: Reference `prop:threshold' on page 10 undefined on input line 19
2.


LaTeX Warning: Reference `eq:backward' on page 10 undefined on input line 193.


LaTeX Warning: Reference `eq:defect' on page 10 undefined on input line 200.

) (./sections/6_diagonal_resonance.tex

LaTeX Warning: Reference `eq:map' on page 10 undefined on input line 37.


LaTeX Warning: Reference `thm:main' on page 10 undefined on input line 46.


LaTeX Warning: Reference `cor:allclocks' on page 10 undefined on input line 46.


[10]

LaTeX Warning: Reference `eq:diagonalzeta' on page 11 undefined on input line 5
6.


LaTeX Warning: Reference `eq:affinecohom' on page 11 undefined on input line 58
.


LaTeX Warning: Reference `eq:diagonalzeta' on page 11 undefined on input line 7
0.


LaTeX Warning: Reference `lem:minuslength' on page 11 undefined on input line 7
8.


LaTeX Warning: Reference `eq:resonantmap' on page 11 undefined on input line 10
9.


LaTeX Warning: Reference `lem:affine' on page 11 undefined on input line 111.


LaTeX Warning: Reference `thm:main' on page 11 undefined on input line 114.

) (./sections/7_scope.tex [11]

LaTeX Warning: Reference `prop:traceobstruction' on page 12 undefined on input 
line 21.

(/usr/share/texmf/tex/latex/lm/t1lmtt.fd)

LaTeX Warning: Reference `eq:affine_equations' on page 12 undefined on input li
ne 28.

)
No file main.bbl.
[12] (./main.aux)

LaTeX Warning: There were undefined references.


LaTeX Warning: Label(s) may have changed. Rerun to get cross-references right.


Package rerunfilecheck Warning: File `main.out' has changed.
(rerunfilecheck)                Rerun to get outlines right
(rerunfilecheck)                or use package `bookmark'.

 ){/usr/share/texmf/fonts/enc/dvips/lm/lm-ec.enc}{/usr/share/texmf/fonts/enc/dv
ips/lm/lm-mathsy.enc}{/usr/share/texmf/fonts/enc/dvips/lm/lm-rm.enc}{/usr/share
/texmf/fonts/enc/dvips/lm/lm-mathit.enc}{/usr/share/texmf/fonts/enc/dvips/lm/lm
-mathex.enc}</usr/share/texlive/texmf-dist/fonts/type1/public/amsfonts/euler/eu
fm10.pfb></usr/share/texmf/fonts/type1/public/lm/lmbx10.pfb></usr/share/texmf/f
onts/type1/public/lm/lmbx12.pfb></usr/share/texmf/fonts/type1/public/lm/lmex10.
pfb></usr/share/texmf/fonts/type1/public/lm/lmmi10.pfb></usr/share/texmf/fonts/
type1/public/lm/lmmi6.pfb></usr/share/texmf/fonts/type1/public/lm/lmmi7.pfb></u
sr/share/texmf/fonts/type1/public/lm/lmmi8.pfb></usr/share/texmf/fonts/type1/pu
blic/lm/lmr10.pfb></usr/share/texmf/fonts/type1/public/lm/lmr12.pfb></usr/share
/texmf/fonts/type1/public/lm/lmr17.pfb></usr/share/texmf/fonts/type1/public/lm/
lmr6.pfb></usr/share/texmf/fonts/type1/public/lm/lmr7.pfb></usr/share/texmf/fon
ts/type1/public/lm/lmr8.pfb></usr/share/texmf/fonts/type1/public/lm/lmri10.pfb>
</usr/share/texmf/fonts/type1/public/lm/lmsy10.pfb></usr/share/texmf/fonts/type
1/public/lm/lmsy6.pfb></usr/share/texmf/fonts/type1/public/lm/lmsy7.pfb></usr/s
hare/texmf/fonts/type1/public/lm/lmsy8.pfb></usr/share/texmf/fonts/type1/public
/lm/lmtt10.pfb></usr/share/texlive/texmf-dist/fonts/type1/public/amsfonts/symbo
ls/msbm10.pfb>
Output written on main.pdf (12 pages, 382709 bytes).
Transcript written on main.log.
Latexmk: Missing bbl file 'main.bbl' in following:
 No file main.bbl.
Latexmk: References changed.
Latexmk: References changed.
Latexmk: Log file says output to 'main.pdf'
Latexmk: List of undefined refs and citations:
  Citation `dwork1960rationality' on page 9 undefined on input line 138
  Citation `fujiwara1997rigid' on page 2 undefined on input line 5
  Citation `milne2013etale' on page 3 undefined on input line 42
  Citation `shuddhodan2019constraints' on page 2 undefined on input line 19
  Citation `stacks2026intersection' on page 3 undefined on input line 37
  Citation `stacks2026intersection' on page 7 undefined on input line 164
  Citation `varshavsky2007trace' on page 2 undefined on input line 8
  Reference `cor:allclocks' on page 10 undefined on input line 46
  Reference `cor:allclocks' on page 7 undefined on input line 179
  Reference `cor:allclocks' on page 8 undefined on input line 58
  Reference `def:slice' on page 9 undefined on input line 136
  Reference `eq:Bmodv' on page 6 undefined on input line 107
  Reference `eq:affine_equations' on page 12 undefined on input line 28
  Reference `eq:affine_equations' on page 5 undefined on input line 15
  Reference `eq:affine_equations' on page 5 undefined on input line 28
  Reference `eq:affinecohom' on page 11 undefined on input line 58
  Reference `eq:affinecohom' on page 8 undefined on input line 24
  Reference `eq:algebraicrelation' on page 9 undefined on input line 121
  Reference `eq:backward' on page 10 undefined on input line 193
  Reference `eq:chowring' on page 4 undefined on input line 111
  Reference `eq:classes' on page 4 undefined on input line 129
  Reference `eq:defect' on page 10 undefined on input line 200
  Reference `eq:defect' on page 8 undefined on input line 100
  Reference `eq:defect' on page 8 undefined on input line 62
  Reference `eq:defect' on page 9 undefined on input line 109
  Reference `eq:diagonalzeta' on page 11 undefined on input line 56
  Reference `eq:diagonalzeta' on page 11 undefined on input line 70
  Reference `eq:equalizer' on page 2 undefined on input line 39
  Reference `eq:equalizer' on page 9 undefined on input line 135
  Reference `eq:frobenius' on page 1 undefined on input line 27
  Reference `eq:homogeneous' on page 4 undefined on input line 60
  Reference `eq:homogeneous' on page 6 undefined on input line 59
  Reference `eq:inverse' on page 3 undefined on input line 41
  Reference `eq:localquotient' on page 6 undefined on input line 89
  Reference `eq:map' on page 10 undefined on input line 37
  Reference `eq:map' on page 2 undefined on input line 45
  Reference `eq:map' on page 2 undefined on input line 61
  Reference `eq:map' on page 3 undefined on input line 48
  Reference `eq:map' on page 4 undefined on input line 59
  Reference `eq:map' on page 8 undefined on input line 70
  Reference `eq:maxlaw' on page 2 undefined on input line 60
  Reference `eq:minuslength' on page 6 undefined on input line 119
  Reference `eq:plus_equation' on page 7 undefined on input line 139
  Reference `eq:resonantmap' on page 11 undefined on input line 109
  Reference `eq:slicedef' on page 8 undefined on input line 100
  Reference `eq:sliceformula' on page 8 undefined on input line 105
  Reference `eq:total' on page 5 undefined on input line 157
  Reference `eq:total' on page 7 undefined on input line 168
  Reference `eq:tracevalue' on page 8 undefined on input line 61
  Reference `eq:unitdata' on page 6 undefined on input line 90
  Reference `eq:weightedtrace' on page 9 undefined on input line 163
  Reference `lem:affine' on page 11 undefined on input line 111
  Reference `lem:affine' on page 7 undefined on input line 151
  Reference `lem:degrees' on page 4 undefined on input line 94
  Reference `lem:degrees' on page 5 undefined on input line 40
  Reference `lem:graphcharts' on page 5 undefined on input line 40
  Reference `lem:graphcharts' on page 6 undefined on input line 130
  Reference `lem:graphcharts' on page 7 undefined on input line 161
  Reference `lem:location' on page 7 undefined on input line 152
  Reference `lem:minuslength' on page 11 undefined on input line 78
  Reference `lem:minuslength' on page 7 undefined on input line 153
  Reference `lem:pluslength' on page 7 undefined on input line 154
  Reference `prop:slice' on page 9 undefined on input line 141
  Reference `prop:threshold' on page 10 undefined on input line 192
  Reference `prop:threshold' on page 8 undefined on input line 71
  Reference `prop:traceobstruction' on page 12 undefined on input line 21
  Reference `sec:boundary' on page 2 undefined on input line 81
  Reference `sec:context' on page 2 undefined on input line 79
  Reference `sec:context' on page 8 undefined on input line 25
  Reference `sec:context' on page 9 undefined on input line 143
  Reference `sec:diagonal' on page 2 undefined on input line 84
  Reference `sec:geometry' on page 2 undefined on input line 80
  Reference `sec:slices' on page 2 undefined on input line 82
  Reference `thm:main' on page 10 undefined on input line 46
  Reference `thm:main' on page 11 undefined on input line 114
  Reference `thm:main' on page 2 undefined on input line 13
  Reference `thm:main' on page 7 undefined on input line 150
  Reference `thm:main' on page 7 undefined on input line 183
  Reference `thm:main' on page 8 undefined on input line 61
Latexmk: Examining 'main.log'
=== TeX engine is 'pdfTeX'
Latexmk: Found bibliography file(s) [references.bib]
Rule 'bibtex main': File changes, etc:
   Changed files, or newly in use since previous run(s):
      'main.aux'
------------
Run number 1 of rule 'bibtex main'
------------
------------
Running 'bibtex  "main.aux"'
------------
Latexmk: applying rule 'bibtex main'...
This is BibTeX, Version 0.99d (TeX Live 2022/dev/Debian)
The top-level auxiliary file: main.aux
The style file: amsplain.bst
Database file #1: references.bib
Rule 'pdflatex': File changes, etc:
   Changed files, or newly in use since previous run(s):
      'main.aux'
      'main.bbl'
      'main.out'
------------
Run number 2 of rule 'pdflatex'
------------
------------
Running 'pdflatex  -interaction=nonstopmode -halt-on-error -file-line-error -recorder  "main.tex"'
------------
Latexmk: applying rule 'pdflatex'...
This is pdfTeX, Version 3.141592653-2.6-1.40.22 (TeX Live 2022/dev/Debian) (preloaded format=pdflatex)
 restricted \write18 enabled.
entering extended mode
(./main.tex
LaTeX2e <2021-11-15> patch level 1
L3 programming layer <2022-01-21>
(/usr/share/texlive/texmf-dist/tex/latex/base/article.cls
Document Class: article 2021/10/04 v1.4n Standard LaTeX document class
(/usr/share/texlive/texmf-dist/tex/latex/base/size11.clo))
(/usr/share/texlive/texmf-dist/tex/latex/geometry/geometry.sty
(/usr/share/texlive/texmf-dist/tex/latex/graphics/keyval.sty)
(/usr/share/texlive/texmf-dist/tex/generic/iftex/ifvtex.sty
(/usr/share/texlive/texmf-dist/tex/generic/iftex/iftex.sty)))
(/usr/share/texlive/texmf-dist/tex/latex/base/fontenc.sty)
(/usr/share/texmf/tex/latex/lm/lmodern.sty)
(/usr/share/texlive/texmf-dist/tex/latex/amsmath/amsmath.sty
For additional information on amsmath, use the `?' option.
(/usr/share/texlive/texmf-dist/tex/latex/amsmath/amstext.sty
(/usr/share/texlive/texmf-dist/tex/latex/amsmath/amsgen.sty))
(/usr/share/texlive/texmf-dist/tex/latex/amsmath/amsbsy.sty)
(/usr/share/texlive/texmf-dist/tex/latex/amsmath/amsopn.sty))
(/usr/share/texlive/texmf-dist/tex/latex/amsfonts/amssymb.sty
(/usr/share/texlive/texmf-dist/tex/latex/amsfonts/amsfonts.sty))
(/usr/share/texlive/texmf-dist/tex/latex/amscls/amsthm.sty)
(/usr/share/texlive/texmf-dist/tex/latex/mathtools/mathtools.sty
(/usr/share/texlive/texmf-dist/tex/latex/tools/calc.sty)
(/usr/share/texlive/texmf-dist/tex/latex/mathtools/mhsetup.sty))
(/usr/share/texlive/texmf-dist/tex/latex/microtype/microtype.sty
(/usr/share/texlive/texmf-dist/tex/latex/etoolbox/etoolbox.sty)
(/usr/share/texlive/texmf-dist/tex/latex/microtype/microtype-pdftex.def)
(/usr/share/texlive/texmf-dist/tex/latex/microtype/microtype.cfg))
(/usr/share/texlive/texmf-dist/tex/latex/xurl/xurl.sty
(/usr/share/texlive/texmf-dist/tex/latex/url/url.sty))
(/usr/share/texlive/texmf-dist/tex/latex/hyperref/hyperref.sty
(/usr/share/texlive/texmf-dist/tex/generic/ltxcmds/ltxcmds.sty)
(/usr/share/texlive/texmf-dist/tex/generic/pdftexcmds/pdftexcmds.sty
(/usr/share/texlive/texmf-dist/tex/generic/infwarerr/infwarerr.sty))
(/usr/share/texlive/texmf-dist/tex/generic/kvsetkeys/kvsetkeys.sty)
(/usr/share/texlive/texmf-dist/tex/generic/kvdefinekeys/kvdefinekeys.sty)
(/usr/share/texlive/texmf-dist/tex/generic/pdfescape/pdfescape.sty)
(/usr/share/texlive/texmf-dist/tex/latex/hycolor/hycolor.sty)
(/usr/share/texlive/texmf-dist/tex/latex/letltxmacro/letltxmacro.sty)
(/usr/share/texlive/texmf-dist/tex/latex/auxhook/auxhook.sty)
(/usr/share/texlive/texmf-dist/tex/latex/kvoptions/kvoptions.sty)
(/usr/share/texlive/texmf-dist/tex/latex/hyperref/pd1enc.def)
(/usr/share/texlive/texmf-dist/tex/latex/hyperref/hyperref-langpatches.def)
(/usr/share/texlive/texmf-dist/tex/generic/intcalc/intcalc.sty)
(/usr/share/texlive/texmf-dist/tex/generic/etexcmds/etexcmds.sty)
(/usr/share/texlive/texmf-dist/tex/latex/hyperref/puenc.def)
(/usr/share/texlive/texmf-dist/tex/generic/bitset/bitset.sty
(/usr/share/texlive/texmf-dist/tex/generic/bigintcalc/bigintcalc.sty))
(/usr/share/texlive/texmf-dist/tex/latex/base/atbegshi-ltx.sty))
(/usr/share/texlive/texmf-dist/tex/latex/hyperref/hpdftex.def
(/usr/share/texlive/texmf-dist/tex/latex/base/atveryend-ltx.sty)
(/usr/share/texlive/texmf-dist/tex/latex/rerunfilecheck/rerunfilecheck.sty
(/usr/share/texlive/texmf-dist/tex/generic/uniquecounter/uniquecounter.sty)))
(./math_commands.tex) (/usr/share/texmf/tex/latex/lm/t1lmr.fd)
(/usr/share/texlive/texmf-dist/tex/latex/l3backend/l3backend-pdftex.def)
(./main.aux)
*geometry* driver: auto-detecting
*geometry* detected driver: pdftex
(/usr/share/texlive/texmf-dist/tex/latex/graphics/graphicx.sty
(/usr/share/texlive/texmf-dist/tex/latex/graphics/graphics.sty
(/usr/share/texlive/texmf-dist/tex/latex/graphics/trig.sty)
(/usr/share/texlive/texmf-dist/tex/latex/graphics-cfg/graphics.cfg)
(/usr/share/texlive/texmf-dist/tex/latex/graphics-def/pdftex.def
(/usr/share/texlive/texmf-dist/tex/context/base/mkii/supp-pdf.mkii
[Loading MPS to PDF converter (version 2006.09.02).]
))) (/usr/share/texlive/texmf-dist/tex/latex/epstopdf-pkg/epstopdf-base.sty
(/usr/share/texlive/texmf-dist/tex/latex/latexconfig/epstopdf-sys.cfg)))
(/usr/share/texlive/texmf-dist/tex/latex/microtype/mt-cmr.cfg)
(/usr/share/texlive/texmf-dist/tex/latex/hyperref/nameref.sty
(/usr/share/texlive/texmf-dist/tex/latex/refcount/refcount.sty)
(/usr/share/texlive/texmf-dist/tex/generic/gettitlestring/gettitlestring.sty))
(./main.out) (./main.out) (/usr/share/texmf/tex/latex/lm/ot1lmr.fd)
(/usr/share/texmf/tex/latex/lm/omllmm.fd)
(/usr/share/texmf/tex/latex/lm/omslmsy.fd)
(/usr/share/texmf/tex/latex/lm/omxlmex.fd)
(/usr/share/texlive/texmf-dist/tex/latex/amsfonts/umsa.fd)
(/usr/share/texlive/texmf-dist/tex/latex/microtype/mt-msa.cfg)
(/usr/share/texlive/texmf-dist/tex/latex/amsfonts/umsb.fd)
(/usr/share/texlive/texmf-dist/tex/latex/microtype/mt-msb.cfg)
(./sections/0_abstract.tex) (./sections/1_introduction.tex [1{/var/lib/texmf/fo
nts/map/pdftex/updmap/pdftex.map}]) (./sections/2_context.tex

LaTeX Warning: Citation `fujiwara1997rigid' on page 2 undefined on input line 5
.


LaTeX Warning: Citation `varshavsky2007trace' on page 2 undefined on input line
 8.


LaTeX Warning: Citation `shuddhodan2019constraints' on page 2 undefined on inpu
t line 19.

[2]

LaTeX Warning: Citation `stacks2026intersection' on page 3 undefined on input l
ine 37.


LaTeX Warning: Citation `milne2013etale' on page 3 undefined on input line 42.

) (./sections/3_projective_geometry.tex [3] [4])
(./sections/4_boundary_count.tex [5] [6]
(/usr/share/texlive/texmf-dist/tex/latex/amsfonts/ueuf.fd)
(/usr/share/texlive/texmf-dist/tex/latex/microtype/mt-euf.cfg)

LaTeX Warning: Citation `stacks2026intersection' on page 7 undefined on input l
ine 164.

) (./sections/5_threshold_slices.tex [7] [8]

LaTeX Warning: Citation `dwork1960rationality' on page 9 undefined on input lin
e 138.

[9]) (./sections/6_diagonal_resonance.tex [10]) (./sections/7_scope.tex
[11] (/usr/share/texmf/tex/latex/lm/t1lmtt.fd)) (./main.bbl [12]) [13]
(./main.aux)

LaTeX Warning: There were undefined references.


LaTeX Warning: Label(s) may have changed. Rerun to get cross-references right.

 ){/usr/share/texmf/fonts/enc/dvips/lm/lm-ec.enc}{/usr/share/texmf/fonts/enc/dv
ips/lm/lm-mathsy.enc}{/usr/share/texmf/fonts/enc/dvips/lm/lm-rm.enc}{/usr/share
/texmf/fonts/enc/dvips/lm/lm-mathit.enc}{/usr/share/texmf/fonts/enc/dvips/lm/lm
-mathex.enc}</usr/share/texlive/texmf-dist/fonts/type1/public/amsfonts/euler/eu
fm10.pfb></usr/share/texmf/fonts/type1/public/lm/lmbx10.pfb></usr/share/texmf/f
onts/type1/public/lm/lmbx12.pfb></usr/share/texmf/fonts/type1/public/lm/lmex10.
pfb></usr/share/texmf/fonts/type1/public/lm/lmmi10.pfb></usr/share/texmf/fonts/
type1/public/lm/lmmi6.pfb></usr/share/texmf/fonts/type1/public/lm/lmmi7.pfb></u
sr/share/texmf/fonts/type1/public/lm/lmmi8.pfb></usr/share/texmf/fonts/type1/pu
blic/lm/lmr10.pfb></usr/share/texmf/fonts/type1/public/lm/lmr12.pfb></usr/share
/texmf/fonts/type1/public/lm/lmr17.pfb></usr/share/texmf/fonts/type1/public/lm/
lmr6.pfb></usr/share/texmf/fonts/type1/public/lm/lmr7.pfb></usr/share/texmf/fon
ts/type1/public/lm/lmr8.pfb></usr/share/texmf/fonts/type1/public/lm/lmri10.pfb>
</usr/share/texmf/fonts/type1/public/lm/lmsy10.pfb></usr/share/texmf/fonts/type
1/public/lm/lmsy6.pfb></usr/share/texmf/fonts/type1/public/lm/lmsy7.pfb></usr/s
hare/texmf/fonts/type1/public/lm/lmsy8.pfb></usr/share/texmf/fonts/type1/public
/lm/lmtt10.pfb></usr/share/texlive/texmf-dist/fonts/type1/public/amsfonts/symbo
ls/msbm10.pfb>
Output written on main.pdf (13 pages, 396742 bytes).
Transcript written on main.log.
Latexmk: Found input bbl file 'main.bbl'
Latexmk: References changed.
Latexmk: Log file says output to 'main.pdf'
Latexmk: List of undefined refs and citations:
  Citation `dwork1960rationality' on page 9 undefined on input line 138
  Citation `fujiwara1997rigid' on page 2 undefined on input line 5
  Citation `milne2013etale' on page 3 undefined on input line 42
  Citation `shuddhodan2019constraints' on page 2 undefined on input line 19
  Citation `stacks2026intersection' on page 3 undefined on input line 37
  Citation `stacks2026intersection' on page 7 undefined on input line 164
  Citation `varshavsky2007trace' on page 2 undefined on input line 8
Latexmk: Examining 'main.log'
=== TeX engine is 'pdfTeX'
Latexmk: Found bibliography file(s) [references.bib]
Rule 'bibtex main': File changes, etc:
   Changed files, or newly in use since previous run(s):
      'main.aux'
------------
Run number 2 of rule 'bibtex main'
------------
------------
Running 'bibtex  "main.aux"'
------------
Latexmk: applying rule 'bibtex main'...
This is BibTeX, Version 0.99d (TeX Live 2022/dev/Debian)
The top-level auxiliary file: main.aux
The style file: amsplain.bst
Database file #1: references.bib
Rule 'pdflatex': File changes, etc:
   Changed files, or newly in use since previous run(s):
      'main.aux'
------------
Run number 3 of rule 'pdflatex'
------------
------------
Running 'pdflatex  -interaction=nonstopmode -halt-on-error -file-line-error -recorder  "main.tex"'
------------
Latexmk: applying rule 'pdflatex'...
This is pdfTeX, Version 3.141592653-2.6-1.40.22 (TeX Live 2022/dev/Debian) (preloaded format=pdflatex)
 restricted \write18 enabled.
entering extended mode
(./main.tex
LaTeX2e <2021-11-15> patch level 1
L3 programming layer <2022-01-21>
(/usr/share/texlive/texmf-dist/tex/latex/base/article.cls
Document Class: article 2021/10/04 v1.4n Standard LaTeX document class
(/usr/share/texlive/texmf-dist/tex/latex/base/size11.clo))
(/usr/share/texlive/texmf-dist/tex/latex/geometry/geometry.sty
(/usr/share/texlive/texmf-dist/tex/latex/graphics/keyval.sty)
(/usr/share/texlive/texmf-dist/tex/generic/iftex/ifvtex.sty
(/usr/share/texlive/texmf-dist/tex/generic/iftex/iftex.sty)))
(/usr/share/texlive/texmf-dist/tex/latex/base/fontenc.sty)
(/usr/share/texmf/tex/latex/lm/lmodern.sty)
(/usr/share/texlive/texmf-dist/tex/latex/amsmath/amsmath.sty
For additional information on amsmath, use the `?' option.
(/usr/share/texlive/texmf-dist/tex/latex/amsmath/amstext.sty
(/usr/share/texlive/texmf-dist/tex/latex/amsmath/amsgen.sty))
(/usr/share/texlive/texmf-dist/tex/latex/amsmath/amsbsy.sty)
(/usr/share/texlive/texmf-dist/tex/latex/amsmath/amsopn.sty))
(/usr/share/texlive/texmf-dist/tex/latex/amsfonts/amssymb.sty
(/usr/share/texlive/texmf-dist/tex/latex/amsfonts/amsfonts.sty))
(/usr/share/texlive/texmf-dist/tex/latex/amscls/amsthm.sty)
(/usr/share/texlive/texmf-dist/tex/latex/mathtools/mathtools.sty
(/usr/share/texlive/texmf-dist/tex/latex/tools/calc.sty)
(/usr/share/texlive/texmf-dist/tex/latex/mathtools/mhsetup.sty))
(/usr/share/texlive/texmf-dist/tex/latex/microtype/microtype.sty
(/usr/share/texlive/texmf-dist/tex/latex/etoolbox/etoolbox.sty)
(/usr/share/texlive/texmf-dist/tex/latex/microtype/microtype-pdftex.def)
(/usr/share/texlive/texmf-dist/tex/latex/microtype/microtype.cfg))
(/usr/share/texlive/texmf-dist/tex/latex/xurl/xurl.sty
(/usr/share/texlive/texmf-dist/tex/latex/url/url.sty))
(/usr/share/texlive/texmf-dist/tex/latex/hyperref/hyperref.sty
(/usr/share/texlive/texmf-dist/tex/generic/ltxcmds/ltxcmds.sty)
(/usr/share/texlive/texmf-dist/tex/generic/pdftexcmds/pdftexcmds.sty
(/usr/share/texlive/texmf-dist/tex/generic/infwarerr/infwarerr.sty))
(/usr/share/texlive/texmf-dist/tex/generic/kvsetkeys/kvsetkeys.sty)
(/usr/share/texlive/texmf-dist/tex/generic/kvdefinekeys/kvdefinekeys.sty)
(/usr/share/texlive/texmf-dist/tex/generic/pdfescape/pdfescape.sty)
(/usr/share/texlive/texmf-dist/tex/latex/hycolor/hycolor.sty)
(/usr/share/texlive/texmf-dist/tex/latex/letltxmacro/letltxmacro.sty)
(/usr/share/texlive/texmf-dist/tex/latex/auxhook/auxhook.sty)
(/usr/share/texlive/texmf-dist/tex/latex/kvoptions/kvoptions.sty)
(/usr/share/texlive/texmf-dist/tex/latex/hyperref/pd1enc.def)
(/usr/share/texlive/texmf-dist/tex/latex/hyperref/hyperref-langpatches.def)
(/usr/share/texlive/texmf-dist/tex/generic/intcalc/intcalc.sty)
(/usr/share/texlive/texmf-dist/tex/generic/etexcmds/etexcmds.sty)
(/usr/share/texlive/texmf-dist/tex/latex/hyperref/puenc.def)
(/usr/share/texlive/texmf-dist/tex/generic/bitset/bitset.sty
(/usr/share/texlive/texmf-dist/tex/generic/bigintcalc/bigintcalc.sty))
(/usr/share/texlive/texmf-dist/tex/latex/base/atbegshi-ltx.sty))
(/usr/share/texlive/texmf-dist/tex/latex/hyperref/hpdftex.def
(/usr/share/texlive/texmf-dist/tex/latex/base/atveryend-ltx.sty)
(/usr/share/texlive/texmf-dist/tex/latex/rerunfilecheck/rerunfilecheck.sty
(/usr/share/texlive/texmf-dist/tex/generic/uniquecounter/uniquecounter.sty)))
(./math_commands.tex) (/usr/share/texmf/tex/latex/lm/t1lmr.fd)
(/usr/share/texlive/texmf-dist/tex/latex/l3backend/l3backend-pdftex.def)
(./main.aux)
*geometry* driver: auto-detecting
*geometry* detected driver: pdftex
(/usr/share/texlive/texmf-dist/tex/latex/graphics/graphicx.sty
(/usr/share/texlive/texmf-dist/tex/latex/graphics/graphics.sty
(/usr/share/texlive/texmf-dist/tex/latex/graphics/trig.sty)
(/usr/share/texlive/texmf-dist/tex/latex/graphics-cfg/graphics.cfg)
(/usr/share/texlive/texmf-dist/tex/latex/graphics-def/pdftex.def
(/usr/share/texlive/texmf-dist/tex/context/base/mkii/supp-pdf.mkii
[Loading MPS to PDF converter (version 2006.09.02).]
))) (/usr/share/texlive/texmf-dist/tex/latex/epstopdf-pkg/epstopdf-base.sty
(/usr/share/texlive/texmf-dist/tex/latex/latexconfig/epstopdf-sys.cfg)))
(/usr/share/texlive/texmf-dist/tex/latex/microtype/mt-cmr.cfg)
(/usr/share/texlive/texmf-dist/tex/latex/hyperref/nameref.sty
(/usr/share/texlive/texmf-dist/tex/latex/refcount/refcount.sty)
(/usr/share/texlive/texmf-dist/tex/generic/gettitlestring/gettitlestring.sty))
(./main.out) (./main.out) (/usr/share/texmf/tex/latex/lm/ot1lmr.fd)
(/usr/share/texmf/tex/latex/lm/omllmm.fd)
(/usr/share/texmf/tex/latex/lm/omslmsy.fd)
(/usr/share/texmf/tex/latex/lm/omxlmex.fd)
(/usr/share/texlive/texmf-dist/tex/latex/amsfonts/umsa.fd)
(/usr/share/texlive/texmf-dist/tex/latex/microtype/mt-msa.cfg)
(/usr/share/texlive/texmf-dist/tex/latex/amsfonts/umsb.fd)
(/usr/share/texlive/texmf-dist/tex/latex/microtype/mt-msb.cfg)
(./sections/0_abstract.tex) (./sections/1_introduction.tex [1{/var/lib/texmf/fo
nts/map/pdftex/updmap/pdftex.map}]) (./sections/2_context.tex [2])
(./sections/3_projective_geometry.tex [3] [4]) (./sections/4_boundary_count.tex
[5] [6] (/usr/share/texlive/texmf-dist/tex/latex/amsfonts/ueuf.fd)
(/usr/share/texlive/texmf-dist/tex/latex/microtype/mt-euf.cfg))
(./sections/5_threshold_slices.tex [7] [8] [9])
(./sections/6_diagonal_resonance.tex [10]) (./sections/7_scope.tex [11]
(/usr/share/texmf/tex/latex/lm/t1lmtt.fd)) (./main.bbl [12]) [13] (./main.aux) 
){/usr/share/texmf/fonts/enc/dvips/lm/lm-ec.enc}{/usr/share/texmf/fonts/enc/dvi
ps/lm/lm-mathsy.enc}{/usr/share/texmf/fonts/enc/dvips/lm/lm-rm.enc}{/usr/share/
texmf/fonts/enc/dvips/lm/lm-mathit.enc}{/usr/share/texmf/fonts/enc/dvips/lm/lm-
mathex.enc}</usr/share/texlive/texmf-dist/fonts/type1/public/amsfonts/euler/euf
m10.pfb></usr/share/texmf/fonts/type1/public/lm/lmbx10.pfb></usr/share/texmf/fo
nts/type1/public/lm/lmbx12.pfb></usr/share/texmf/fonts/type1/public/lm/lmex10.p
fb></usr/share/texmf/fonts/type1/public/lm/lmmi10.pfb></usr/share/texmf/fonts/t
ype1/public/lm/lmmi6.pfb></usr/share/texmf/fonts/type1/public/lm/lmmi7.pfb></us
r/share/texmf/fonts/type1/public/lm/lmmi8.pfb></usr/share/texmf/fonts/type1/pub
lic/lm/lmr10.pfb></usr/share/texmf/fonts/type1/public/lm/lmr12.pfb></usr/share/
texmf/fonts/type1/public/lm/lmr17.pfb></usr/share/texmf/fonts/type1/public/lm/l
mr6.pfb></usr/share/texmf/fonts/type1/public/lm/lmr7.pfb></usr/share/texmf/font
s/type1/public/lm/lmr8.pfb></usr/share/texmf/fonts/type1/public/lm/lmri10.pfb><
/usr/share/texmf/fonts/type1/public/lm/lmsy10.pfb></usr/share/texmf/fonts/type1
/public/lm/lmsy6.pfb></usr/share/texmf/fonts/type1/public/lm/lmsy7.pfb></usr/sh
are/texmf/fonts/type1/public/lm/lmsy8.pfb></usr/share/texmf/fonts/type1/public/
lm/lmtt10.pfb></usr/share/texlive/texmf-dist/fonts/type1/public/amsfonts/symbol
s/msbm10.pfb>
Output written on main.pdf (13 pages, 397003 bytes).
Transcript written on main.log.
Latexmk: Found input bbl file 'main.bbl'
Latexmk: Log file says output to 'main.pdf'
Latexmk: Examining 'main.log'
=== TeX engine is 'pdfTeX'
Latexmk: Found bibliography file(s) [references.bib]
Latexmk: All targets (main.pdf) are up-to-date
