{
  "dont_write_bytecode": true,
  "environment": {
    "LANG": "C.UTF-8",
    "LC_ALL": "C.UTF-8",
    "PATH": "/usr/bin:/bin",
    "PYTHONHASHSEED": "0",
    "TZ": "UTC"
  },
  "executable": "/root/miniconda3/bin/python3.12",
  "flags": "sys.flags(debug=0, inspect=0, interactive=0, optimize=0, dont_write_bytecode=1, no_user_site=1, no_site=0, ignore_environment=1, verbose=0, bytes_warning=0, quiet=0, hash_randomization=1, isolated=1, dev_mode=False, utf8_mode=0, warn_default_encoding=0, safe_path=True, int_max_str_digits=4300)",
  "isolated": 1,
  "module_files": {
    "_blake2": {
      "path": "/root/miniconda3/lib/python3.12/lib-dynload/_blake2.cpython-312-x86_64-linux-gnu.so",
      "sha256": "467e67a0a2e3332a2a85ea92be4aa5b0ed044dd3cb883b81faf858e4154f5907"
    },
    "_collections_abc": {
      "path": "/root/miniconda3/lib/python3.12/_collections_abc.py",
      "sha256": "90324ee3e1c4ca5319f7242d4b7c1e90eb8418b3f999d07c853aa488356282e6"
    },
    "_distutils_hack": {
      "path": "/root/miniconda3/lib/python3.12/site-packages/_distutils_hack/__init__.py",
      "sha256": "4bf5b0bc8f8af7ce7096e96f7167cf4f776f2cc0983f5c8f876ca780b3a67781"
    },
    "_frozen_importlib": {
      "path": "/root/miniconda3/lib/python3.12/importlib/_bootstrap.py",
      "sha256": "9653944363a4773cc32bbb34426024597a9d2ee4cd42e7912b4daf8cadfb53ed"
    },
    "_frozen_importlib_external": {
      "path": "/root/miniconda3/lib/python3.12/importlib/_bootstrap_external.py",
      "sha256": "949e115a77dd6b25280195c30b6f5146a303212816b3221430ad82467d4f3133"
    },
    "_hashlib": {
      "path": "/root/miniconda3/lib/python3.12/lib-dynload/_hashlib.cpython-312-x86_64-linux-gnu.so",
      "sha256": "e3e2d2df60a4c6f9c579a977f666b06e7b5ff43c1b58ec487574679f0d4fa7fa"
    },
    "_json": {
      "path": "/root/miniconda3/lib/python3.12/lib-dynload/_json.cpython-312-x86_64-linux-gnu.so",
      "sha256": "9d9be0eb2d0cef38fc2fd704c7b80277689f1acd64a2a14da20e652336cb4cc1"
    },
    "_sitebuiltins": {
      "path": "/root/miniconda3/lib/python3.12/_sitebuiltins.py",
      "sha256": "b9388bc1d6d12ed6be12da420ab1feca40f99c0e33ec315d92b1e01cb69b25bc"
    },
    "_weakrefset": {
      "path": "/root/miniconda3/lib/python3.12/_weakrefset.py",
      "sha256": "91895a451d06e9f521a1171b31b9b19bc9740f35af00d4fa106338ab7167c9ac"
    },
    "abc": {
      "path": "/root/miniconda3/lib/python3.12/abc.py",
      "sha256": "e558702a95cdce3febd289da021715d2b92bc43995b8a1bc58dfa1c3d8010287"
    },
    "codecs": {
      "path": "/root/miniconda3/lib/python3.12/codecs.py",
      "sha256": "7b7839e53a77961153240aecfe11edc8054d05b1dedd83894450dae21ec05785"
    },
    "collections": {
      "path": "/root/miniconda3/lib/python3.12/collections/__init__.py",
      "sha256": "0af967cd58036507b3d0fbc33b7a996c61dbb52a94b0b738c8bef12cd4cc7dd4"
    },
    "copyreg": {
      "path": "/root/miniconda3/lib/python3.12/copyreg.py",
      "sha256": "c8eda41f05c6bf95a4da4726a530409d2485ae060b8d019b3a8034389a15d3e9"
    },
    "encodings": {
      "path": "/root/miniconda3/lib/python3.12/encodings/__init__.py",
      "sha256": "78c4744d407690f321565488710b5aaf6486b5afa8d185637aa1e7633ab59cd8"
    },
    "encodings.aliases": {
      "path": "/root/miniconda3/lib/python3.12/encodings/aliases.py",
      "sha256": "6fdcc49ba23a0203ae6cf28e608f8e6297d7c4d77d52e651db3cb49b9564c6d2"
    },
    "encodings.utf_8": {
      "path": "/root/miniconda3/lib/python3.12/encodings/utf_8.py",
      "sha256": "ba0cac060269583523ca9506473a755203037c57d466a11aa89a30a5f6756f3d"
    },
    "enum": {
      "path": "/root/miniconda3/lib/python3.12/enum.py",
      "sha256": "c8ead615c159598370295649eb296819ad4b40d50b200c4fec2d4269bf7af9ae"
    },
    "fnmatch": {
      "path": "/root/miniconda3/lib/python3.12/fnmatch.py",
      "sha256": "6683da36e47af523f3f41e18ad244d837783e19e98911cc0b7415dea81494ebc"
    },
    "functools": {
      "path": "/root/miniconda3/lib/python3.12/functools.py",
      "sha256": "cca971c456e1bec8b751aecdf41466f34dbf72321ee0840627280ba2ccf9d033"
    },
    "genericpath": {
      "path": "/root/miniconda3/lib/python3.12/genericpath.py",
      "sha256": "6a271770c5e0c0a594075cc0063c807421fac3474df05d91a01c91d12c36eb5f"
    },
    "hashlib": {
      "path": "/root/miniconda3/lib/python3.12/hashlib.py",
      "sha256": "6dbdebf270868b391080e21dc9687eddfaf321c965ad979f68d3f5c423c613ab"
    },
    "importlib": {
      "path": "/root/miniconda3/lib/python3.12/importlib/__init__.py",
      "sha256": "c9e1b3dbc619ac31e7017ac43668a20200872c1c0e79ae379c0dab6ed399b730"
    },
    "importlib._abc": {
      "path": "/root/miniconda3/lib/python3.12/importlib/_abc.py",
      "sha256": "80aab7931dc999dee581c8b8b56fcd973fe156335a96ceeaf6acfc03cebf10e8"
    },
    "importlib._bootstrap": {
      "path": "/root/miniconda3/lib/python3.12/importlib/_bootstrap.py",
      "sha256": "9653944363a4773cc32bbb34426024597a9d2ee4cd42e7912b4daf8cadfb53ed"
    },
    "importlib._bootstrap_external": {
      "path": "/root/miniconda3/lib/python3.12/importlib/_bootstrap_external.py",
      "sha256": "949e115a77dd6b25280195c30b6f5146a303212816b3221430ad82467d4f3133"
    },
    "importlib.machinery": {
      "path": "/root/miniconda3/lib/python3.12/importlib/machinery.py",
      "sha256": "d045cd7ecf2a12b6ecbfbef79eb114e87ef2ebd756f5b705f73e6f3266e3dede"
    },
    "importlib.util": {
      "path": "/root/miniconda3/lib/python3.12/importlib/util.py",
      "sha256": "ca54e6458dbe521d591e5b8d9bb651ef929bfae946706c98470cdd569041a64f"
    },
    "io": {
      "path": "/root/miniconda3/lib/python3.12/io.py",
      "sha256": "7cec3cb8ac004058dd0a5af246e6d950fb59c7ddd0058fda48bcb3fcb98d8822"
    },
    "ipaddress": {
      "path": "/root/miniconda3/lib/python3.12/ipaddress.py",
      "sha256": "687e343fa31d6470a3856d825e410509b24f7117be12ccba8a704d88214e206a"
    },
    "json": {
      "path": "/root/miniconda3/lib/python3.12/json/__init__.py",
      "sha256": "d5d41e2c29049515d295d81a6d40b4890fbec8d8482cfb401630f8ef2f77e4d5"
    },
    "json.decoder": {
      "path": "/root/miniconda3/lib/python3.12/json/decoder.py",
      "sha256": "9f02654649816145bc76f8c210a5fe3ba1de142d4d97a1c93105732e747c285b"
    },
    "json.encoder": {
      "path": "/root/miniconda3/lib/python3.12/json/encoder.py",
      "sha256": "af7bd40a0d0d0a3e726a9b4b3a2a543019f6ab97a340d0162a9c29ca9da97869"
    },
    "json.scanner": {
      "path": "/root/miniconda3/lib/python3.12/json/scanner.py",
      "sha256": "8604d9d03786d0d509abb49e9f069337278ea988c244069ae8ca2c89acc2cb08"
    },
    "keyword": {
      "path": "/root/miniconda3/lib/python3.12/keyword.py",
      "sha256": "18c2be738c04ad20ad375f6a71db34b3823c7f40b0340f5294d0e89f3c9b093b"
    },
    "math": {
      "path": "/root/miniconda3/lib/python3.12/lib-dynload/math.cpython-312-x86_64-linux-gnu.so",
      "sha256": "4f3f76c2e7043b33d562ec3e0789e843322f8107a73f36d737ee013719e5a807"
    },
    "ntpath": {
      "path": "/root/miniconda3/lib/python3.12/ntpath.py",
      "sha256": "0ba5b71169c209deaf39bb3c6f043f65586c931424236ed10cfe9b932b1e6197"
    },
    "operator": {
      "path": "/root/miniconda3/lib/python3.12/operator.py",
      "sha256": "b2af20f67667203c1730e686cc5d0427becc94db4c97f1d3efe3ed2158473f6a"
    },
    "os": {
      "path": "/root/miniconda3/lib/python3.12/os.py",
      "sha256": "316d1b7307fd851bded3423c9d437e0a383c725d993f0fcff2e8b749fe560b62"
    },
    "os.path": {
      "path": "/root/miniconda3/lib/python3.12/posixpath.py",
      "sha256": "8396232224e1b9df7896a32980046825b64c00bb010ddd2a4ccc23fe4fbfe262"
    },
    "pathlib": {
      "path": "/root/miniconda3/lib/python3.12/pathlib.py",
      "sha256": "dc14d8207519fb8bcdd9c7bae1d54da3ad1b339aa83d4979c16057cd552a3487"
    },
    "platform": {
      "path": "/root/miniconda3/lib/python3.12/platform.py",
      "sha256": "e8d6ed5c7e295bcd2f28002e338d235440c74b42403f010560b32691c9d57571"
    },
    "posixpath": {
      "path": "/root/miniconda3/lib/python3.12/posixpath.py",
      "sha256": "8396232224e1b9df7896a32980046825b64c00bb010ddd2a4ccc23fe4fbfe262"
    },
    "re": {
      "path": "/root/miniconda3/lib/python3.12/re/__init__.py",
      "sha256": "8ff3c37c63b917fcf8dc8d50993a502292a3dc159e41de4f4018c72a53d1c07b"
    },
    "re._casefix": {
      "path": "/root/miniconda3/lib/python3.12/re/_casefix.py",
      "sha256": "41572ac50cf96b04496e676d8a6708898bb8e752e06dad34ed4c50c5d8f1fe40"
    },
    "re._compiler": {
      "path": "/root/miniconda3/lib/python3.12/re/_compiler.py",
      "sha256": "c05067f8bfa4c13cbbf1eedc4d5cafc9b621bcb6ebc5771ba0518a18095af15a"
    },
    "re._constants": {
      "path": "/root/miniconda3/lib/python3.12/re/_constants.py",
      "sha256": "fa4fdb200f238f9e7817b63892b0d69833d8165134801e775e10cc113348a375"
    },
    "re._parser": {
      "path": "/root/miniconda3/lib/python3.12/re/_parser.py",
      "sha256": "a51a85b37cf3f44ba7ff25754da5f31306e4ccfa6eb3c017f9d37bdf4e770840"
    },
    "reprlib": {
      "path": "/root/miniconda3/lib/python3.12/reprlib.py",
      "sha256": "8da31054076803065758311f54b18b8a616824941977d907dc3ee729228e9015"
    },
    "site": {
      "path": "/root/miniconda3/lib/python3.12/site.py",
      "sha256": "72296c68b28b4af912b6cf361d529562210679468e0e3ed04bec8e40a273bb62"
    },
    "stat": {
      "path": "/root/miniconda3/lib/python3.12/stat.py",
      "sha256": "052af0327eae6941b69b05c088b3e748f79995635f80ac4cc7125eb333eb4c77"
    },
    "threading": {
      "path": "/root/miniconda3/lib/python3.12/threading.py",
      "sha256": "8273b4cf5b6f274b4993f5cae08634dd272c6952af9867ff9aa13ed446f1549b"
    },
    "types": {
      "path": "/root/miniconda3/lib/python3.12/types.py",
      "sha256": "345474ef027a1273f353da9bdc1f7c18f65335e72e681bcc0376774cc51f2405"
    },
    "urllib": {
      "path": "/root/miniconda3/lib/python3.12/urllib/__init__.py",
      "sha256": "e3b0c44298fc1c149afbf4c8996fb92427ae41e4649b934ca495991b7852b855"
    },
    "urllib.parse": {
      "path": "/root/miniconda3/lib/python3.12/urllib/parse.py",
      "sha256": "19db1c75711a43c7c11bcf8962586dfdd1f6c1c6ee759c3018d866cfb87380ba"
    },
    "warnings": {
      "path": "/root/miniconda3/lib/python3.12/warnings.py",
      "sha256": "8eb1bb88d0beb82ebecfe7ee5cf54ed9b77b4a7acee1989e392a65de42017c49"
    },
    "zipimport": {
      "path": "/root/miniconda3/lib/python3.12/zipimport.py",
      "sha256": "4ac94d92219c2e1c0d67ad3fff3753ec3a3756af62a36a2f696f02cd12d518f0"
    }
  },
  "optimize": 0,
  "platform": "Linux-5.15.0-78-generic-x86_64-with-glibc2.35",
  "version": "3.12.3 | packaged by Anaconda, Inc. | (main, Apr 19 2024, 16:50:38) [GCC 11.2.0]"
}
