/root/miniconda3/bin/python3.12:
	linux-vdso.so.1 (0x00007ffdac9d4000)
	libpthread.so.0 => /usr/lib/x86_64-linux-gnu/libpthread.so.0 (0x00007f537253c000)
	libdl.so.2 => /usr/lib/x86_64-linux-gnu/libdl.so.2 (0x00007f5372537000)
	libutil.so.1 => /usr/lib/x86_64-linux-gnu/libutil.so.1 (0x00007f5372532000)
	libm.so.6 => /usr/lib/x86_64-linux-gnu/libm.so.6 (0x00007f537244b000)
	libc.so.6 => /usr/lib/x86_64-linux-gnu/libc.so.6 (0x00007f5372222000)
	/lib64/ld-linux-x86-64.so.2 (0x00007f5372554000)
/usr/bin/cmp:
	linux-vdso.so.1 (0x00007ffc98fb6000)
	libc.so.6 => /usr/lib/x86_64-linux-gnu/libc.so.6 (0x00007fa4a6e26000)
	/lib64/ld-linux-x86-64.so.2 (0x00007fa4a707e000)
/bin/bash:
	linux-vdso.so.1 (0x00007ffd761fe000)
	libtinfo.so.6 => /usr/lib/x86_64-linux-gnu/libtinfo.so.6 (0x00007f5e5cbd1000)
	libc.so.6 => /usr/lib/x86_64-linux-gnu/libc.so.6 (0x00007f5e5c9a8000)
	/lib64/ld-linux-x86-64.so.2 (0x00007f5e5cd77000)
/root/miniconda3/lib/python3.12/lib-dynload/_asyncio.cpython-312-x86_64-linux-gnu.so:
	linux-vdso.so.1 (0x00007ffd42f5f000)
	libc.so.6 => /usr/lib/x86_64-linux-gnu/libc.so.6 (0x00007f330b0f2000)
	/lib64/ld-linux-x86-64.so.2 (0x00007f330b341000)
/root/miniconda3/lib/python3.12/lib-dynload/_bisect.cpython-312-x86_64-linux-gnu.so:
	linux-vdso.so.1 (0x00007fff0cea9000)
	libc.so.6 => /usr/lib/x86_64-linux-gnu/libc.so.6 (0x00007ff9c90a2000)
	/lib64/ld-linux-x86-64.so.2 (0x00007ff9c92e6000)
/root/miniconda3/lib/python3.12/lib-dynload/_blake2.cpython-312-x86_64-linux-gnu.so:
	linux-vdso.so.1 (0x00007ffef674c000)
	libc.so.6 => /usr/lib/x86_64-linux-gnu/libc.so.6 (0x00007f6f8dc1f000)
	/lib64/ld-linux-x86-64.so.2 (0x00007f6f8de69000)
/root/miniconda3/lib/python3.12/lib-dynload/_bz2.cpython-312-x86_64-linux-gnu.so:
	linux-vdso.so.1 (0x00007ffcbadef000)
	libbz2.so.1.0 => /root/miniconda3/lib/python3.12/lib-dynload/../../libbz2.so.1.0 (0x00007feb2a9a0000)
	libc.so.6 => /usr/lib/x86_64-linux-gnu/libc.so.6 (0x00007feb2a766000)
	/lib64/ld-linux-x86-64.so.2 (0x00007feb2a9be000)
/root/miniconda3/lib/python3.12/lib-dynload/_codecs_cn.cpython-312-x86_64-linux-gnu.so:
	linux-vdso.so.1 (0x00007ffd96df1000)
	libc.so.6 => /usr/lib/x86_64-linux-gnu/libc.so.6 (0x00007f28e165f000)
	/lib64/ld-linux-x86-64.so.2 (0x00007f28e18c3000)
/root/miniconda3/lib/python3.12/lib-dynload/_codecs_hk.cpython-312-x86_64-linux-gnu.so:
	linux-vdso.so.1 (0x00007ffc0c725000)
	libc.so.6 => /usr/lib/x86_64-linux-gnu/libc.so.6 (0x00007f6e96602000)
	/lib64/ld-linux-x86-64.so.2 (0x00007f6e96867000)
/root/miniconda3/lib/python3.12/lib-dynload/_codecs_iso2022.cpython-312-x86_64-linux-gnu.so:
	linux-vdso.so.1 (0x00007ffcc1fbe000)
	libc.so.6 => /usr/lib/x86_64-linux-gnu/libc.so.6 (0x00007f4990897000)
	/lib64/ld-linux-x86-64.so.2 (0x00007f4990adc000)
/root/miniconda3/lib/python3.12/lib-dynload/_codecs_jp.cpython-312-x86_64-linux-gnu.so:
	linux-vdso.so.1 (0x00007ffc04fc0000)
	libc.so.6 => /usr/lib/x86_64-linux-gnu/libc.so.6 (0x00007fa3f80d1000)
	/lib64/ld-linux-x86-64.so.2 (0x00007fa3f8351000)
/root/miniconda3/lib/python3.12/lib-dynload/_codecs_kr.cpython-312-x86_64-linux-gnu.so:
	linux-vdso.so.1 (0x00007fffd7b67000)
	libc.so.6 => /usr/lib/x86_64-linux-gnu/libc.so.6 (0x00007f246116e000)
	/lib64/ld-linux-x86-64.so.2 (0x00007f24613ce000)
/root/miniconda3/lib/python3.12/lib-dynload/_codecs_tw.cpython-312-x86_64-linux-gnu.so:
	linux-vdso.so.1 (0x00007ffef07fc000)
	libc.so.6 => /usr/lib/x86_64-linux-gnu/libc.so.6 (0x00007f86bae01000)
	/lib64/ld-linux-x86-64.so.2 (0x00007f86bb05b000)
/root/miniconda3/lib/python3.12/lib-dynload/_contextvars.cpython-312-x86_64-linux-gnu.so:
	statically linked
/root/miniconda3/lib/python3.12/lib-dynload/_crypt.cpython-312-x86_64-linux-gnu.so:
	linux-vdso.so.1 (0x00007ffe079ec000)
	libcrypt.so.1 => /usr/lib/x86_64-linux-gnu/libcrypt.so.1 (0x00007f1146ad8000)
	libpthread.so.0 => /usr/lib/x86_64-linux-gnu/libpthread.so.0 (0x00007f1146ad3000)
	libc.so.6 => /usr/lib/x86_64-linux-gnu/libc.so.6 (0x00007f11468aa000)
	/lib64/ld-linux-x86-64.so.2 (0x00007f1146b2a000)
/root/miniconda3/lib/python3.12/lib-dynload/_csv.cpython-312-x86_64-linux-gnu.so:
	linux-vdso.so.1 (0x00007ffea0de5000)
	libc.so.6 => /usr/lib/x86_64-linux-gnu/libc.so.6 (0x00007f9ea648b000)
	/lib64/ld-linux-x86-64.so.2 (0x00007f9ea66d4000)
/root/miniconda3/lib/python3.12/lib-dynload/_ctypes.cpython-312-x86_64-linux-gnu.so:
	linux-vdso.so.1 (0x00007fffe32f6000)
	libffi.so.8 => /root/miniconda3/lib/python3.12/lib-dynload/../../libffi.so.8 (0x00007fc43d2c1000)
	libdl.so.2 => /usr/lib/x86_64-linux-gnu/libdl.so.2 (0x00007fc43d2ab000)
	libpthread.so.0 => /usr/lib/x86_64-linux-gnu/libpthread.so.0 (0x00007fc43d2a6000)
	libc.so.6 => /usr/lib/x86_64-linux-gnu/libc.so.6 (0x00007fc43d07d000)
	/lib64/ld-linux-x86-64.so.2 (0x00007fc43d2f5000)
/root/miniconda3/lib/python3.12/lib-dynload/_ctypes_test.cpython-312-x86_64-linux-gnu.so:
	linux-vdso.so.1 (0x00007ffcb55dd000)
	libm.so.6 => /usr/lib/x86_64-linux-gnu/libm.so.6 (0x00007f2ac8444000)
	libpthread.so.0 => /usr/lib/x86_64-linux-gnu/libpthread.so.0 (0x00007f2ac843f000)
	libc.so.6 => /usr/lib/x86_64-linux-gnu/libc.so.6 (0x00007f2ac8216000)
	/lib64/ld-linux-x86-64.so.2 (0x00007f2ac8547000)
/root/miniconda3/lib/python3.12/lib-dynload/_curses.cpython-312-x86_64-linux-gnu.so:
	linux-vdso.so.1 (0x00007fff650a4000)
	libncursesw.so.6 => /root/miniconda3/lib/python3.12/lib-dynload/../../libncursesw.so.6 (0x00007fdf58bb7000)
	libtinfow.so.6 => /root/miniconda3/lib/python3.12/lib-dynload/../../libtinfow.so.6 (0x00007fdf58b72000)
	libpthread.so.0 => /usr/lib/x86_64-linux-gnu/libpthread.so.0 (0x00007fdf58b5c000)
	libc.so.6 => /usr/lib/x86_64-linux-gnu/libc.so.6 (0x00007fdf58933000)
	/lib64/ld-linux-x86-64.so.2 (0x00007fdf58c18000)
/root/miniconda3/lib/python3.12/lib-dynload/_curses_panel.cpython-312-x86_64-linux-gnu.so:
	linux-vdso.so.1 (0x00007ffc7b6f1000)
	libpanelw.so.6 => /root/miniconda3/lib/python3.12/lib-dynload/../../libpanelw.so.6 (0x00007fdedb669000)
	libc.so.6 => /usr/lib/x86_64-linux-gnu/libc.so.6 (0x00007fdedb42f000)
	libncursesw.so.6 => /root/miniconda3/lib/python3.12/lib-dynload/../.././libncursesw.so.6 (0x00007fdedb3f3000)
	libtinfow.so.6 => /root/miniconda3/lib/python3.12/lib-dynload/../.././libtinfow.so.6 (0x00007fdedb3ae000)
	/lib64/ld-linux-x86-64.so.2 (0x00007fdedb67a000)
/root/miniconda3/lib/python3.12/lib-dynload/_datetime.cpython-312-x86_64-linux-gnu.so:
	linux-vdso.so.1 (0x00007ffd883b5000)
	libm.so.6 => /usr/lib/x86_64-linux-gnu/libm.so.6 (0x00007f845e562000)
	libpthread.so.0 => /usr/lib/x86_64-linux-gnu/libpthread.so.0 (0x00007f845e55d000)
	libc.so.6 => /usr/lib/x86_64-linux-gnu/libc.so.6 (0x00007f845e334000)
	/lib64/ld-linux-x86-64.so.2 (0x00007f845e67c000)
/root/miniconda3/lib/python3.12/lib-dynload/_decimal.cpython-312-x86_64-linux-gnu.so:
	linux-vdso.so.1 (0x00007ffe4bbe6000)
	libm.so.6 => /usr/lib/x86_64-linux-gnu/libm.so.6 (0x00007f56a43ba000)
	libpthread.so.0 => /usr/lib/x86_64-linux-gnu/libpthread.so.0 (0x00007f56a43b5000)
	libc.so.6 => /usr/lib/x86_64-linux-gnu/libc.so.6 (0x00007f56a418c000)
	/lib64/ld-linux-x86-64.so.2 (0x00007f56a4506000)
/root/miniconda3/lib/python3.12/lib-dynload/_elementtree.cpython-312-x86_64-linux-gnu.so:
	linux-vdso.so.1 (0x00007fff4b336000)
	libc.so.6 => /usr/lib/x86_64-linux-gnu/libc.so.6 (0x00007fd1f5d4d000)
	/lib64/ld-linux-x86-64.so.2 (0x00007fd1f5f9e000)
/root/miniconda3/lib/python3.12/lib-dynload/_hashlib.cpython-312-x86_64-linux-gnu.so:
	linux-vdso.so.1 (0x00007fff2bb21000)
	libcrypto.so.3 => /root/miniconda3/lib/python3.12/lib-dynload/../../libcrypto.so.3 (0x00007feedfd30000)
	libc.so.6 => /usr/lib/x86_64-linux-gnu/libc.so.6 (0x00007feedfaf6000)
	libdl.so.2 => /usr/lib/x86_64-linux-gnu/libdl.so.2 (0x00007feedfaf1000)
	libpthread.so.0 => /usr/lib/x86_64-linux-gnu/libpthread.so.0 (0x00007feedfaec000)
	/lib64/ld-linux-x86-64.so.2 (0x00007feee0354000)
/root/miniconda3/lib/python3.12/lib-dynload/_heapq.cpython-312-x86_64-linux-gnu.so:
	statically linked
/root/miniconda3/lib/python3.12/lib-dynload/_json.cpython-312-x86_64-linux-gnu.so:
	linux-vdso.so.1 (0x00007ffef567e000)
	libc.so.6 => /usr/lib/x86_64-linux-gnu/libc.so.6 (0x00007f106bc3d000)
	/lib64/ld-linux-x86-64.so.2 (0x00007f106be86000)
/root/miniconda3/lib/python3.12/lib-dynload/_lsprof.cpython-312-x86_64-linux-gnu.so:
	linux-vdso.so.1 (0x00007fff0a099000)
	libc.so.6 => /usr/lib/x86_64-linux-gnu/libc.so.6 (0x00007fdae460d000)
	/lib64/ld-linux-x86-64.so.2 (0x00007fdae4852000)
/root/miniconda3/lib/python3.12/lib-dynload/_lzma.cpython-312-x86_64-linux-gnu.so:
	linux-vdso.so.1 (0x00007ffddc3e9000)
	liblzma.so.5 => /root/miniconda3/lib/python3.12/lib-dynload/../../liblzma.so.5 (0x00007f8de55cd000)
	libc.so.6 => /usr/lib/x86_64-linux-gnu/libc.so.6 (0x00007f8de5393000)
	libpthread.so.0 => /usr/lib/x86_64-linux-gnu/libpthread.so.0 (0x00007f8de538e000)
	/lib64/ld-linux-x86-64.so.2 (0x00007f8de560b000)
/root/miniconda3/lib/python3.12/lib-dynload/_md5.cpython-312-x86_64-linux-gnu.so:
	linux-vdso.so.1 (0x00007ffea3df5000)
	libc.so.6 => /usr/lib/x86_64-linux-gnu/libc.so.6 (0x00007ff266a0a000)
	/lib64/ld-linux-x86-64.so.2 (0x00007ff266c4e000)
/root/miniconda3/lib/python3.12/lib-dynload/_multibytecodec.cpython-312-x86_64-linux-gnu.so:
	linux-vdso.so.1 (0x00007ffd2593d000)
	libc.so.6 => /usr/lib/x86_64-linux-gnu/libc.so.6 (0x00007f7b5fa30000)
	/lib64/ld-linux-x86-64.so.2 (0x00007f7b5fc7a000)
/root/miniconda3/lib/python3.12/lib-dynload/_multiprocessing.cpython-312-x86_64-linux-gnu.so:
	linux-vdso.so.1 (0x00007ffca7d80000)
	libpthread.so.0 => /usr/lib/x86_64-linux-gnu/libpthread.so.0 (0x00007f3205656000)
	libc.so.6 => /usr/lib/x86_64-linux-gnu/libc.so.6 (0x00007f320542d000)
	/lib64/ld-linux-x86-64.so.2 (0x00007f3205674000)
/root/miniconda3/lib/python3.12/lib-dynload/_opcode.cpython-312-x86_64-linux-gnu.so:
	linux-vdso.so.1 (0x00007ffc43363000)
	libc.so.6 => /usr/lib/x86_64-linux-gnu/libc.so.6 (0x00007f6c91375000)
	/lib64/ld-linux-x86-64.so.2 (0x00007f6c915b6000)
/root/miniconda3/lib/python3.12/lib-dynload/_pickle.cpython-312-x86_64-linux-gnu.so:
	linux-vdso.so.1 (0x00007ffe0b3f9000)
	libpthread.so.0 => /usr/lib/x86_64-linux-gnu/libpthread.so.0 (0x00007f0fbde6e000)
	libc.so.6 => /usr/lib/x86_64-linux-gnu/libc.so.6 (0x00007f0fbdc45000)
	/lib64/ld-linux-x86-64.so.2 (0x00007f0fbdea8000)
/root/miniconda3/lib/python3.12/lib-dynload/_posixshmem.cpython-312-x86_64-linux-gnu.so:
	linux-vdso.so.1 (0x00007fff4f294000)
	librt.so.1 => /usr/lib/x86_64-linux-gnu/librt.so.1 (0x00007f83d8391000)
	libpthread.so.0 => /usr/lib/x86_64-linux-gnu/libpthread.so.0 (0x00007f83d838c000)
	libc.so.6 => /usr/lib/x86_64-linux-gnu/libc.so.6 (0x00007f83d8163000)
	/lib64/ld-linux-x86-64.so.2 (0x00007f83d83ae000)
/root/miniconda3/lib/python3.12/lib-dynload/_posixsubprocess.cpython-312-x86_64-linux-gnu.so:
	linux-vdso.so.1 (0x00007ffd92bfa000)
	libpthread.so.0 => /usr/lib/x86_64-linux-gnu/libpthread.so.0 (0x00007fa25988e000)
	libc.so.6 => /usr/lib/x86_64-linux-gnu/libc.so.6 (0x00007fa259665000)
	/lib64/ld-linux-x86-64.so.2 (0x00007fa2598ae000)
/root/miniconda3/lib/python3.12/lib-dynload/_queue.cpython-312-x86_64-linux-gnu.so:
	linux-vdso.so.1 (0x00007fff63d7d000)
	libc.so.6 => /usr/lib/x86_64-linux-gnu/libc.so.6 (0x00007ff0cd062000)
	/lib64/ld-linux-x86-64.so.2 (0x00007ff0cd2a4000)
/root/miniconda3/lib/python3.12/lib-dynload/_random.cpython-312-x86_64-linux-gnu.so:
	linux-vdso.so.1 (0x00007ffe563d8000)
	libc.so.6 => /usr/lib/x86_64-linux-gnu/libc.so.6 (0x00007f800c425000)
	/lib64/ld-linux-x86-64.so.2 (0x00007f800c668000)
/root/miniconda3/lib/python3.12/lib-dynload/_sha1.cpython-312-x86_64-linux-gnu.so:
	linux-vdso.so.1 (0x00007ffe381fb000)
	libc.so.6 => /usr/lib/x86_64-linux-gnu/libc.so.6 (0x00007fe98741d000)
	/lib64/ld-linux-x86-64.so.2 (0x00007fe987660000)
/root/miniconda3/lib/python3.12/lib-dynload/_sha2.cpython-312-x86_64-linux-gnu.so:
	linux-vdso.so.1 (0x00007ffcc636f000)
	libc.so.6 => /usr/lib/x86_64-linux-gnu/libc.so.6 (0x00007f2be3359000)
	/lib64/ld-linux-x86-64.so.2 (0x00007f2be35a4000)
/root/miniconda3/lib/python3.12/lib-dynload/_sha3.cpython-312-x86_64-linux-gnu.so:
	linux-vdso.so.1 (0x00007ffda35f1000)
	libc.so.6 => /usr/lib/x86_64-linux-gnu/libc.so.6 (0x00007fab1598a000)
	/lib64/ld-linux-x86-64.so.2 (0x00007fab15bcf000)
/root/miniconda3/lib/python3.12/lib-dynload/_socket.cpython-312-x86_64-linux-gnu.so:
	linux-vdso.so.1 (0x00007ffc6fd71000)
	libpthread.so.0 => /usr/lib/x86_64-linux-gnu/libpthread.so.0 (0x00007f6526df9000)
	libc.so.6 => /usr/lib/x86_64-linux-gnu/libc.so.6 (0x00007f6526bd0000)
	/lib64/ld-linux-x86-64.so.2 (0x00007f6526e2b000)
/root/miniconda3/lib/python3.12/lib-dynload/_sqlite3.cpython-312-x86_64-linux-gnu.so:
	linux-vdso.so.1 (0x00007ffea93c9000)
	libsqlite3.so.0 => /root/miniconda3/lib/python3.12/lib-dynload/../../libsqlite3.so.0 (0x00007f7820720000)
	libc.so.6 => /usr/lib/x86_64-linux-gnu/libc.so.6 (0x00007f78204e6000)
	libpthread.so.0 => /usr/lib/x86_64-linux-gnu/libpthread.so.0 (0x00007f78204e1000)
	libm.so.6 => /usr/lib/x86_64-linux-gnu/libm.so.6 (0x00007f78203fa000)
	libdl.so.2 => /usr/lib/x86_64-linux-gnu/libdl.so.2 (0x00007f78203f5000)
	/lib64/ld-linux-x86-64.so.2 (0x00007f78208d8000)
/root/miniconda3/lib/python3.12/lib-dynload/_ssl.cpython-312-x86_64-linux-gnu.so:
	linux-vdso.so.1 (0x00007ffff69b8000)
	libssl.so.3 => /root/miniconda3/lib/python3.12/lib-dynload/../../libssl.so.3 (0x00007f555203c000)
	libcrypto.so.3 => /root/miniconda3/lib/python3.12/lib-dynload/../../libcrypto.so.3 (0x00007f5551a2b000)
	libpthread.so.0 => /usr/lib/x86_64-linux-gnu/libpthread.so.0 (0x00007f5551a15000)
	libc.so.6 => /usr/lib/x86_64-linux-gnu/libc.so.6 (0x00007f55517ec000)
	libdl.so.2 => /usr/lib/x86_64-linux-gnu/libdl.so.2 (0x00007f55517e7000)
	/lib64/ld-linux-x86-64.so.2 (0x00007f5552170000)
/root/miniconda3/lib/python3.12/lib-dynload/_statistics.cpython-312-x86_64-linux-gnu.so:
	linux-vdso.so.1 (0x00007ffdd6fee000)
	libm.so.6 => /usr/lib/x86_64-linux-gnu/libm.so.6 (0x00007fd0ffb9d000)
	libpthread.so.0 => /usr/lib/x86_64-linux-gnu/libpthread.so.0 (0x00007fd0ffb98000)
	libc.so.6 => /usr/lib/x86_64-linux-gnu/libc.so.6 (0x00007fd0ff96f000)
	/lib64/ld-linux-x86-64.so.2 (0x00007fd0ffc9c000)
/root/miniconda3/lib/python3.12/lib-dynload/_struct.cpython-312-x86_64-linux-gnu.so:
	linux-vdso.so.1 (0x00007ffcbfbf2000)
	libc.so.6 => /usr/lib/x86_64-linux-gnu/libc.so.6 (0x00007f84ee482000)
	/lib64/ld-linux-x86-64.so.2 (0x00007f84ee6cd000)
/root/miniconda3/lib/python3.12/lib-dynload/_testbuffer.cpython-312-x86_64-linux-gnu.so:
	linux-vdso.so.1 (0x00007fff5919f000)
	libc.so.6 => /usr/lib/x86_64-linux-gnu/libc.so.6 (0x00007f9eaf826000)
	/lib64/ld-linux-x86-64.so.2 (0x00007f9eafa72000)
/root/miniconda3/lib/python3.12/lib-dynload/_testcapi.cpython-312-x86_64-linux-gnu.so:
	linux-vdso.so.1 (0x00007fff771e7000)
	libpthread.so.0 => /usr/lib/x86_64-linux-gnu/libpthread.so.0 (0x00007f9c02a17000)
	libc.so.6 => /usr/lib/x86_64-linux-gnu/libc.so.6 (0x00007f9c027ee000)
	/lib64/ld-linux-x86-64.so.2 (0x00007f9c02a8d000)
/root/miniconda3/lib/python3.12/lib-dynload/_testclinic.cpython-312-x86_64-linux-gnu.so:
	linux-vdso.so.1 (0x00007ffe557ce000)
	libc.so.6 => /usr/lib/x86_64-linux-gnu/libc.so.6 (0x00007f335dd41000)
	/lib64/ld-linux-x86-64.so.2 (0x00007f335df91000)
/root/miniconda3/lib/python3.12/lib-dynload/_testimportmultiple.cpython-312-x86_64-linux-gnu.so:
	statically linked
/root/miniconda3/lib/python3.12/lib-dynload/_testinternalcapi.cpython-312-x86_64-linux-gnu.so:
	linux-vdso.so.1 (0x00007ffdec5ba000)
	libc.so.6 => /usr/lib/x86_64-linux-gnu/libc.so.6 (0x00007fa61b24e000)
	/lib64/ld-linux-x86-64.so.2 (0x00007fa61b495000)
/root/miniconda3/lib/python3.12/lib-dynload/_testmultiphase.cpython-312-x86_64-linux-gnu.so:
	linux-vdso.so.1 (0x00007ffc82fe5000)
	libc.so.6 => /usr/lib/x86_64-linux-gnu/libc.so.6 (0x00007f872ef35000)
	/lib64/ld-linux-x86-64.so.2 (0x00007f872f17a000)
/root/miniconda3/lib/python3.12/lib-dynload/_testsinglephase.cpython-312-x86_64-linux-gnu.so:
	linux-vdso.so.1 (0x00007ffffd81f000)
	libc.so.6 => /usr/lib/x86_64-linux-gnu/libc.so.6 (0x00007fd836148000)
	/lib64/ld-linux-x86-64.so.2 (0x00007fd83638a000)
/root/miniconda3/lib/python3.12/lib-dynload/_tkinter.cpython-312-x86_64-linux-gnu.so:
	linux-vdso.so.1 (0x00007fff559a7000)
	libtk8.6.so => /root/miniconda3/lib/python3.12/lib-dynload/../../libtk8.6.so (0x00007f7cf500e000)
	libtcl8.6.so => /root/miniconda3/lib/python3.12/lib-dynload/../../libtcl8.6.so (0x00007f7cf4e4b000)
	libc.so.6 => /usr/lib/x86_64-linux-gnu/libc.so.6 (0x00007f7cf4c11000)
	libX11.so.6 => /usr/lib/x86_64-linux-gnu/libX11.so.6 (0x00007f7cf4ad1000)
	libm.so.6 => /usr/lib/x86_64-linux-gnu/libm.so.6 (0x00007f7cf49e8000)
	libdl.so.2 => /usr/lib/x86_64-linux-gnu/libdl.so.2 (0x00007f7cf49e3000)
	libz.so.1 => /root/miniconda3/lib/libz.so.1 (0x00007f7cf49c8000)
	libpthread.so.0 => /usr/lib/x86_64-linux-gnu/libpthread.so.0 (0x00007f7cf49c3000)
	/lib64/ld-linux-x86-64.so.2 (0x00007f7cf518b000)
	libxcb.so.1 => /usr/lib/x86_64-linux-gnu/libxcb.so.1 (0x00007f7cf4999000)
	libXau.so.6 => /usr/lib/x86_64-linux-gnu/libXau.so.6 (0x00007f7cf4991000)
	libXdmcp.so.6 => /usr/lib/x86_64-linux-gnu/libXdmcp.so.6 (0x00007f7cf4989000)
	libbsd.so.0 => /usr/lib/x86_64-linux-gnu/libbsd.so.0 (0x00007f7cf4971000)
	libmd.so.0 => /usr/lib/x86_64-linux-gnu/libmd.so.0 (0x00007f7cf4964000)
/root/miniconda3/lib/python3.12/lib-dynload/_uuid.cpython-312-x86_64-linux-gnu.so:
	linux-vdso.so.1 (0x00007ffd08168000)
	libuuid.so.1 => /root/miniconda3/lib/python3.12/lib-dynload/../../libuuid.so.1 (0x00007f4165dea000)
	libpthread.so.0 => /usr/lib/x86_64-linux-gnu/libpthread.so.0 (0x00007f4165dd4000)
	libc.so.6 => /usr/lib/x86_64-linux-gnu/libc.so.6 (0x00007f4165bab000)
	/lib64/ld-linux-x86-64.so.2 (0x00007f4165dfa000)
/root/miniconda3/lib/python3.12/lib-dynload/_xxinterpchannels.cpython-312-x86_64-linux-gnu.so:
	linux-vdso.so.1 (0x00007ffce8b02000)
	libc.so.6 => /usr/lib/x86_64-linux-gnu/libc.so.6 (0x00007f089403c000)
	/lib64/ld-linux-x86-64.so.2 (0x00007f0894283000)
/root/miniconda3/lib/python3.12/lib-dynload/_xxsubinterpreters.cpython-312-x86_64-linux-gnu.so:
	linux-vdso.so.1 (0x00007ffd9cae7000)
	libc.so.6 => /usr/lib/x86_64-linux-gnu/libc.so.6 (0x00007ff9aa4da000)
	/lib64/ld-linux-x86-64.so.2 (0x00007ff9aa71d000)
/root/miniconda3/lib/python3.12/lib-dynload/_xxtestfuzz.cpython-312-x86_64-linux-gnu.so:
	linux-vdso.so.1 (0x00007fff00fa8000)
	libc.so.6 => /usr/lib/x86_64-linux-gnu/libc.so.6 (0x00007f159c2c1000)
	/lib64/ld-linux-x86-64.so.2 (0x00007f159c504000)
/root/miniconda3/lib/python3.12/lib-dynload/_zoneinfo.cpython-312-x86_64-linux-gnu.so:
	linux-vdso.so.1 (0x00007ffdbad5d000)
	libc.so.6 => /usr/lib/x86_64-linux-gnu/libc.so.6 (0x00007fcaf5a21000)
	/lib64/ld-linux-x86-64.so.2 (0x00007fcaf5c69000)
/root/miniconda3/lib/python3.12/lib-dynload/array.cpython-312-x86_64-linux-gnu.so:
	linux-vdso.so.1 (0x00007ffda2346000)
	libc.so.6 => /usr/lib/x86_64-linux-gnu/libc.so.6 (0x00007f52cfc1f000)
	/lib64/ld-linux-x86-64.so.2 (0x00007f52cfe6d000)
/root/miniconda3/lib/python3.12/lib-dynload/audioop.cpython-312-x86_64-linux-gnu.so:
	linux-vdso.so.1 (0x00007ffca4759000)
	libm.so.6 => /usr/lib/x86_64-linux-gnu/libm.so.6 (0x00007f9273ae9000)
	libpthread.so.0 => /usr/lib/x86_64-linux-gnu/libpthread.so.0 (0x00007f9273ae4000)
	libc.so.6 => /usr/lib/x86_64-linux-gnu/libc.so.6 (0x00007f92738bb000)
	/lib64/ld-linux-x86-64.so.2 (0x00007f9273bf6000)
/root/miniconda3/lib/python3.12/lib-dynload/binascii.cpython-312-x86_64-linux-gnu.so:
	linux-vdso.so.1 (0x00007ffcae52d000)
	libz.so.1 => /root/miniconda3/lib/python3.12/lib-dynload/../../libz.so.1 (0x00007f14864a0000)
	libpthread.so.0 => /usr/lib/x86_64-linux-gnu/libpthread.so.0 (0x00007f148648a000)
	libc.so.6 => /usr/lib/x86_64-linux-gnu/libc.so.6 (0x00007f1486261000)
	/lib64/ld-linux-x86-64.so.2 (0x00007f14864c7000)
/root/miniconda3/lib/python3.12/lib-dynload/cmath.cpython-312-x86_64-linux-gnu.so:
	linux-vdso.so.1 (0x00007ffc50be3000)
	libm.so.6 => /usr/lib/x86_64-linux-gnu/libm.so.6 (0x00007ff301fbc000)
	libpthread.so.0 => /usr/lib/x86_64-linux-gnu/libpthread.so.0 (0x00007ff301fb7000)
	libc.so.6 => /usr/lib/x86_64-linux-gnu/libc.so.6 (0x00007ff301d8e000)
	/lib64/ld-linux-x86-64.so.2 (0x00007ff3020c7000)
/root/miniconda3/lib/python3.12/lib-dynload/fcntl.cpython-312-x86_64-linux-gnu.so:
	linux-vdso.so.1 (0x00007ffda1be7000)
	libpthread.so.0 => /usr/lib/x86_64-linux-gnu/libpthread.so.0 (0x00007f10e7e1e000)
	libc.so.6 => /usr/lib/x86_64-linux-gnu/libc.so.6 (0x00007f10e7bf5000)
	/lib64/ld-linux-x86-64.so.2 (0x00007f10e7e3e000)
/root/miniconda3/lib/python3.12/lib-dynload/grp.cpython-312-x86_64-linux-gnu.so:
	linux-vdso.so.1 (0x00007ffdb0652000)
	libc.so.6 => /usr/lib/x86_64-linux-gnu/libc.so.6 (0x00007f530de56000)
	/lib64/ld-linux-x86-64.so.2 (0x00007f530e098000)
/root/miniconda3/lib/python3.12/lib-dynload/math.cpython-312-x86_64-linux-gnu.so:
	linux-vdso.so.1 (0x00007fff8f3d1000)
	libm.so.6 => /usr/lib/x86_64-linux-gnu/libm.so.6 (0x00007f5bc0974000)
	libpthread.so.0 => /usr/lib/x86_64-linux-gnu/libpthread.so.0 (0x00007f5bc096f000)
	libc.so.6 => /usr/lib/x86_64-linux-gnu/libc.so.6 (0x00007f5bc0746000)
	/lib64/ld-linux-x86-64.so.2 (0x00007f5bc0a83000)
/root/miniconda3/lib/python3.12/lib-dynload/mmap.cpython-312-x86_64-linux-gnu.so:
	linux-vdso.so.1 (0x00007fffaa15b000)
	libpthread.so.0 => /usr/lib/x86_64-linux-gnu/libpthread.so.0 (0x00007f46ca482000)
	libc.so.6 => /usr/lib/x86_64-linux-gnu/libc.so.6 (0x00007f46ca259000)
	/lib64/ld-linux-x86-64.so.2 (0x00007f46ca4a3000)
/root/miniconda3/lib/python3.12/lib-dynload/nis.cpython-312-x86_64-linux-gnu.so:
	linux-vdso.so.1 (0x00007ffc1e7f7000)
	libnsl.so.1 => /usr/lib/x86_64-linux-gnu/libnsl.so.1 (0x00007efc123c7000)
	libpthread.so.0 => /usr/lib/x86_64-linux-gnu/libpthread.so.0 (0x00007efc123c2000)
	libc.so.6 => /usr/lib/x86_64-linux-gnu/libc.so.6 (0x00007efc12199000)
	/lib64/ld-linux-x86-64.so.2 (0x00007efc123fc000)
/root/miniconda3/lib/python3.12/lib-dynload/ossaudiodev.cpython-312-x86_64-linux-gnu.so:
	linux-vdso.so.1 (0x00007ffd4a9fc000)
	libpthread.so.0 => /usr/lib/x86_64-linux-gnu/libpthread.so.0 (0x00007f6be1b9e000)
	libc.so.6 => /usr/lib/x86_64-linux-gnu/libc.so.6 (0x00007f6be1975000)
	/lib64/ld-linux-x86-64.so.2 (0x00007f6be1bbf000)
/root/miniconda3/lib/python3.12/lib-dynload/pyexpat.cpython-312-x86_64-linux-gnu.so:
	linux-vdso.so.1 (0x00007ffdb517c000)
	libexpat.so.1 => /root/miniconda3/lib/python3.12/lib-dynload/../../libexpat.so.1 (0x00007fbb297b7000)
	libpthread.so.0 => /usr/lib/x86_64-linux-gnu/libpthread.so.0 (0x00007fbb297a1000)
	libc.so.6 => /usr/lib/x86_64-linux-gnu/libc.so.6 (0x00007fbb29578000)
	libm.so.6 => /usr/lib/x86_64-linux-gnu/libm.so.6 (0x00007fbb29491000)
	/lib64/ld-linux-x86-64.so.2 (0x00007fbb297fb000)
/root/miniconda3/lib/python3.12/lib-dynload/readline.cpython-312-x86_64-linux-gnu.so:
	linux-vdso.so.1 (0x00007fffdc1c9000)
	libreadline.so.8 => /root/miniconda3/lib/python3.12/lib-dynload/../../libreadline.so.8 (0x00007f3db1b81000)
	libpthread.so.0 => /usr/lib/x86_64-linux-gnu/libpthread.so.0 (0x00007f3db1b6b000)
	libc.so.6 => /usr/lib/x86_64-linux-gnu/libc.so.6 (0x00007f3db1942000)
	libtinfo.so.6 => /root/miniconda3/lib/python3.12/lib-dynload/../.././libtinfo.so.6 (0x00007f3db18fd000)
	/lib64/ld-linux-x86-64.so.2 (0x00007f3db1bec000)
/root/miniconda3/lib/python3.12/lib-dynload/resource.cpython-312-x86_64-linux-gnu.so:
	linux-vdso.so.1 (0x00007ffe26ea3000)
	libpthread.so.0 => /usr/lib/x86_64-linux-gnu/libpthread.so.0 (0x00007fcb6cb79000)
	libc.so.6 => /usr/lib/x86_64-linux-gnu/libc.so.6 (0x00007fcb6c950000)
	/lib64/ld-linux-x86-64.so.2 (0x00007fcb6cb97000)
/root/miniconda3/lib/python3.12/lib-dynload/select.cpython-312-x86_64-linux-gnu.so:
	linux-vdso.so.1 (0x00007ffe5ccf1000)
	libpthread.so.0 => /usr/lib/x86_64-linux-gnu/libpthread.so.0 (0x00007f964e72e000)
	libc.so.6 => /usr/lib/x86_64-linux-gnu/libc.so.6 (0x00007f964e505000)
	/lib64/ld-linux-x86-64.so.2 (0x00007f964e751000)
/root/miniconda3/lib/python3.12/lib-dynload/spwd.cpython-312-x86_64-linux-gnu.so:
	linux-vdso.so.1 (0x00007ffdba3d3000)
	libpthread.so.0 => /usr/lib/x86_64-linux-gnu/libpthread.so.0 (0x00007fbf853a5000)
	libc.so.6 => /usr/lib/x86_64-linux-gnu/libc.so.6 (0x00007fbf8517c000)
	/lib64/ld-linux-x86-64.so.2 (0x00007fbf853c3000)
/root/miniconda3/lib/python3.12/lib-dynload/syslog.cpython-312-x86_64-linux-gnu.so:
	linux-vdso.so.1 (0x00007fff7e3d3000)
	libc.so.6 => /usr/lib/x86_64-linux-gnu/libc.so.6 (0x00007f82df1dd000)
	/lib64/ld-linux-x86-64.so.2 (0x00007f82df41f000)
/root/miniconda3/lib/python3.12/lib-dynload/termios.cpython-312-x86_64-linux-gnu.so:
	linux-vdso.so.1 (0x00007ffc9e3d2000)
	libpthread.so.0 => /usr/lib/x86_64-linux-gnu/libpthread.so.0 (0x00007f3716606000)
	libc.so.6 => /usr/lib/x86_64-linux-gnu/libc.so.6 (0x00007f37163dd000)
	/lib64/ld-linux-x86-64.so.2 (0x00007f3716628000)
/root/miniconda3/lib/python3.12/lib-dynload/unicodedata.cpython-312-x86_64-linux-gnu.so:
	linux-vdso.so.1 (0x00007fffc9db2000)
	libc.so.6 => /usr/lib/x86_64-linux-gnu/libc.so.6 (0x00007f91a1784000)
	/lib64/ld-linux-x86-64.so.2 (0x00007f91a1ad5000)
/root/miniconda3/lib/python3.12/lib-dynload/xxlimited.cpython-312-x86_64-linux-gnu.so:
	linux-vdso.so.1 (0x00007ffcf2ee0000)
	libc.so.6 => /usr/lib/x86_64-linux-gnu/libc.so.6 (0x00007f1eb2be5000)
	/lib64/ld-linux-x86-64.so.2 (0x00007f1eb2e27000)
/root/miniconda3/lib/python3.12/lib-dynload/xxlimited_35.cpython-312-x86_64-linux-gnu.so:
	linux-vdso.so.1 (0x00007ffda38a9000)
	libc.so.6 => /usr/lib/x86_64-linux-gnu/libc.so.6 (0x00007f5eb7c43000)
	/lib64/ld-linux-x86-64.so.2 (0x00007f5eb7e85000)
/root/miniconda3/lib/python3.12/lib-dynload/xxsubtype.cpython-312-x86_64-linux-gnu.so:
	linux-vdso.so.1 (0x00007ffee2feb000)
	libc.so.6 => /usr/lib/x86_64-linux-gnu/libc.so.6 (0x00007f6444aa5000)
	/lib64/ld-linux-x86-64.so.2 (0x00007f6444ce6000)
/root/miniconda3/lib/python3.12/lib-dynload/zlib.cpython-312-x86_64-linux-gnu.so:
	linux-vdso.so.1 (0x00007ffce1cf2000)
	libz.so.1 => /root/miniconda3/lib/python3.12/lib-dynload/../../libz.so.1 (0x00007fec82f61000)
	libpthread.so.0 => /usr/lib/x86_64-linux-gnu/libpthread.so.0 (0x00007fec82f4b000)
	libc.so.6 => /usr/lib/x86_64-linux-gnu/libc.so.6 (0x00007fec82d22000)
	/lib64/ld-linux-x86-64.so.2 (0x00007fec82f8b000)
