/usr/bin/bash:
	linux-vdso.so.1 (0x00007ffeaa1c4000)
	libtinfo.so.6 => /usr/lib/x86_64-linux-gnu/libtinfo.so.6 (0x00007f67e9d6c000)
	libc.so.6 => /usr/lib/x86_64-linux-gnu/libc.so.6 (0x00007f67e9b43000)
	/lib64/ld-linux-x86-64.so.2 (0x00007f67e9f12000)
/usr/bin/bibtex.original:
	linux-vdso.so.1 (0x00007ffcaefe3000)
	libkpathsea.so.6 => /usr/lib/x86_64-linux-gnu/libkpathsea.so.6 (0x00007ff1afffd000)
	libc.so.6 => /usr/lib/x86_64-linux-gnu/libc.so.6 (0x00007ff1afdd4000)
	/lib64/ld-linux-x86-64.so.2 (0x00007ff1b004b000)
/usr/bin/cmp:
	linux-vdso.so.1 (0x00007ffefe5b2000)
	libc.so.6 => /usr/lib/x86_64-linux-gnu/libc.so.6 (0x00007f3cd352e000)
	/lib64/ld-linux-x86-64.so.2 (0x00007f3cd3786000)
/usr/bin/dash:
	linux-vdso.so.1 (0x00007fff78d21000)
	libc.so.6 => /usr/lib/x86_64-linux-gnu/libc.so.6 (0x00007fdcc17a1000)
	/lib64/ld-linux-x86-64.so.2 (0x00007fdcc19ff000)
/usr/bin/env:
	linux-vdso.so.1 (0x00007ffde75a7000)
	libc.so.6 => /usr/lib/x86_64-linux-gnu/libc.so.6 (0x00007f41d0ee5000)
	/lib64/ld-linux-x86-64.so.2 (0x00007f41d112d000)
/usr/bin/kpsewhich:
	linux-vdso.so.1 (0x00007ffc84af0000)
	libkpathsea.so.6 => /usr/lib/x86_64-linux-gnu/libkpathsea.so.6 (0x00007ff7809b9000)
	libc.so.6 => /usr/lib/x86_64-linux-gnu/libc.so.6 (0x00007ff780790000)
	/lib64/ld-linux-x86-64.so.2 (0x00007ff7809f0000)
/usr/bin/pdffonts:
	linux-vdso.so.1 (0x00007ffe0ddcb000)
	libpoppler.so.118 => /usr/lib/x86_64-linux-gnu/libpoppler.so.118 (0x00007ff1195d5000)
	libstdc++.so.6 => /usr/lib/x86_64-linux-gnu/libstdc++.so.6 (0x00007ff1193a9000)
	libc.so.6 => /usr/lib/x86_64-linux-gnu/libc.so.6 (0x00007ff119180000)
	libfreetype.so.6 => /usr/lib/x86_64-linux-gnu/libfreetype.so.6 (0x00007ff1190b8000)
	libfontconfig.so.1 => /usr/lib/x86_64-linux-gnu/libfontconfig.so.1 (0x00007ff11906e000)
	libjpeg.so.8 => /usr/lib/x86_64-linux-gnu/libjpeg.so.8 (0x00007ff118feb000)
	libz.so.1 => /usr/lib/x86_64-linux-gnu/libz.so.1 (0x00007ff118fcf000)
	libopenjp2.so.7 => /usr/lib/x86_64-linux-gnu/libopenjp2.so.7 (0x00007ff118f77000)
	liblcms2.so.2 => /usr/lib/x86_64-linux-gnu/liblcms2.so.2 (0x00007ff118f15000)
	libpng16.so.16 => /usr/lib/x86_64-linux-gnu/libpng16.so.16 (0x00007ff118eda000)
	libtiff.so.5 => /usr/lib/x86_64-linux-gnu/libtiff.so.5 (0x00007ff118e52000)
	libnss3.so => /usr/lib/x86_64-linux-gnu/libnss3.so (0x00007ff118d1f000)
	libsmime3.so => /usr/lib/x86_64-linux-gnu/libsmime3.so (0x00007ff118cf5000)
	libplc4.so => /usr/lib/x86_64-linux-gnu/libplc4.so (0x00007ff118cee000)
	libnspr4.so => /usr/lib/x86_64-linux-gnu/libnspr4.so (0x00007ff118cae000)
	libm.so.6 => /usr/lib/x86_64-linux-gnu/libm.so.6 (0x00007ff118bc7000)
	/lib64/ld-linux-x86-64.so.2 (0x00007ff119949000)
	libgcc_s.so.1 => /usr/lib/x86_64-linux-gnu/libgcc_s.so.1 (0x00007ff118ba7000)
	libbrotlidec.so.1 => /usr/lib/x86_64-linux-gnu/libbrotlidec.so.1 (0x00007ff118b97000)
	libexpat.so.1 => /usr/lib/x86_64-linux-gnu/libexpat.so.1 (0x00007ff118b66000)
	libuuid.so.1 => /usr/lib/x86_64-linux-gnu/libuuid.so.1 (0x00007ff118b5d000)
	libwebp.so.7 => /usr/lib/x86_64-linux-gnu/libwebp.so.7 (0x00007ff118af0000)
	libzstd.so.1 => /usr/lib/x86_64-linux-gnu/libzstd.so.1 (0x00007ff118a21000)
	liblzma.so.5 => /usr/lib/x86_64-linux-gnu/liblzma.so.5 (0x00007ff1189f4000)
	libjbig.so.0 => /usr/lib/x86_64-linux-gnu/libjbig.so.0 (0x00007ff1189e3000)
	libdeflate.so.0 => /usr/lib/x86_64-linux-gnu/libdeflate.so.0 (0x00007ff1189bf000)
	libnssutil3.so => /usr/lib/x86_64-linux-gnu/libnssutil3.so (0x00007ff11898c000)
	libplds4.so => /usr/lib/x86_64-linux-gnu/libplds4.so (0x00007ff118987000)
	libbrotlicommon.so.1 => /usr/lib/x86_64-linux-gnu/libbrotlicommon.so.1 (0x00007ff118962000)
/usr/bin/pdfinfo:
	linux-vdso.so.1 (0x00007ffed2bda000)
	libpoppler.so.118 => /usr/lib/x86_64-linux-gnu/libpoppler.so.118 (0x00007f3ee977f000)
	libstdc++.so.6 => /usr/lib/x86_64-linux-gnu/libstdc++.so.6 (0x00007f3ee9553000)
	libc.so.6 => /usr/lib/x86_64-linux-gnu/libc.so.6 (0x00007f3ee932a000)
	libfreetype.so.6 => /usr/lib/x86_64-linux-gnu/libfreetype.so.6 (0x00007f3ee9262000)
	libfontconfig.so.1 => /usr/lib/x86_64-linux-gnu/libfontconfig.so.1 (0x00007f3ee9218000)
	libjpeg.so.8 => /usr/lib/x86_64-linux-gnu/libjpeg.so.8 (0x00007f3ee9195000)
	libz.so.1 => /usr/lib/x86_64-linux-gnu/libz.so.1 (0x00007f3ee9179000)
	libopenjp2.so.7 => /usr/lib/x86_64-linux-gnu/libopenjp2.so.7 (0x00007f3ee9121000)
	liblcms2.so.2 => /usr/lib/x86_64-linux-gnu/liblcms2.so.2 (0x00007f3ee90bf000)
	libpng16.so.16 => /usr/lib/x86_64-linux-gnu/libpng16.so.16 (0x00007f3ee9084000)
	libtiff.so.5 => /usr/lib/x86_64-linux-gnu/libtiff.so.5 (0x00007f3ee8ffc000)
	libnss3.so => /usr/lib/x86_64-linux-gnu/libnss3.so (0x00007f3ee8ec9000)
	libsmime3.so => /usr/lib/x86_64-linux-gnu/libsmime3.so (0x00007f3ee8e9f000)
	libplc4.so => /usr/lib/x86_64-linux-gnu/libplc4.so (0x00007f3ee8e98000)
	libnspr4.so => /usr/lib/x86_64-linux-gnu/libnspr4.so (0x00007f3ee8e58000)
	libm.so.6 => /usr/lib/x86_64-linux-gnu/libm.so.6 (0x00007f3ee8d71000)
	/lib64/ld-linux-x86-64.so.2 (0x00007f3ee9afc000)
	libgcc_s.so.1 => /usr/lib/x86_64-linux-gnu/libgcc_s.so.1 (0x00007f3ee8d51000)
	libbrotlidec.so.1 => /usr/lib/x86_64-linux-gnu/libbrotlidec.so.1 (0x00007f3ee8d41000)
	libexpat.so.1 => /usr/lib/x86_64-linux-gnu/libexpat.so.1 (0x00007f3ee8d10000)
	libuuid.so.1 => /usr/lib/x86_64-linux-gnu/libuuid.so.1 (0x00007f3ee8d07000)
	libwebp.so.7 => /usr/lib/x86_64-linux-gnu/libwebp.so.7 (0x00007f3ee8c9a000)
	libzstd.so.1 => /usr/lib/x86_64-linux-gnu/libzstd.so.1 (0x00007f3ee8bcb000)
	liblzma.so.5 => /usr/lib/x86_64-linux-gnu/liblzma.so.5 (0x00007f3ee8b9e000)
	libjbig.so.0 => /usr/lib/x86_64-linux-gnu/libjbig.so.0 (0x00007f3ee8b8d000)
	libdeflate.so.0 => /usr/lib/x86_64-linux-gnu/libdeflate.so.0 (0x00007f3ee8b69000)
	libnssutil3.so => /usr/lib/x86_64-linux-gnu/libnssutil3.so (0x00007f3ee8b36000)
	libplds4.so => /usr/lib/x86_64-linux-gnu/libplds4.so (0x00007f3ee8b31000)
	libbrotlicommon.so.1 => /usr/lib/x86_64-linux-gnu/libbrotlicommon.so.1 (0x00007f3ee8b0c000)
/usr/bin/pdftex:
	linux-vdso.so.1 (0x00007ffec9968000)
	libpng16.so.16 => /usr/lib/x86_64-linux-gnu/libpng16.so.16 (0x00007f374fb0d000)
	libz.so.1 => /usr/lib/x86_64-linux-gnu/libz.so.1 (0x00007f374faf1000)
	libkpathsea.so.6 => /usr/lib/x86_64-linux-gnu/libkpathsea.so.6 (0x00007f374fad5000)
	libstdc++.so.6 => /usr/lib/x86_64-linux-gnu/libstdc++.so.6 (0x00007f374f8a9000)
	libm.so.6 => /usr/lib/x86_64-linux-gnu/libm.so.6 (0x00007f374f7c2000)
	libgcc_s.so.1 => /usr/lib/x86_64-linux-gnu/libgcc_s.so.1 (0x00007f374f7a0000)
	libc.so.6 => /usr/lib/x86_64-linux-gnu/libc.so.6 (0x00007f374f577000)
	/lib64/ld-linux-x86-64.so.2 (0x00007f374fda2000)
/usr/bin/pdftoppm:
	linux-vdso.so.1 (0x00007ffc85315000)
	libpoppler.so.118 => /usr/lib/x86_64-linux-gnu/libpoppler.so.118 (0x00007f2087e69000)
	liblcms2.so.2 => /usr/lib/x86_64-linux-gnu/liblcms2.so.2 (0x00007f2087e07000)
	libstdc++.so.6 => /usr/lib/x86_64-linux-gnu/libstdc++.so.6 (0x00007f2087bdb000)
	libm.so.6 => /usr/lib/x86_64-linux-gnu/libm.so.6 (0x00007f2087af4000)
	libc.so.6 => /usr/lib/x86_64-linux-gnu/libc.so.6 (0x00007f20878cb000)
	libfreetype.so.6 => /usr/lib/x86_64-linux-gnu/libfreetype.so.6 (0x00007f2087801000)
	libfontconfig.so.1 => /usr/lib/x86_64-linux-gnu/libfontconfig.so.1 (0x00007f20877b7000)
	libjpeg.so.8 => /usr/lib/x86_64-linux-gnu/libjpeg.so.8 (0x00007f2087736000)
	libz.so.1 => /usr/lib/x86_64-linux-gnu/libz.so.1 (0x00007f208771a000)
	libopenjp2.so.7 => /usr/lib/x86_64-linux-gnu/libopenjp2.so.7 (0x00007f20876c2000)
	libpng16.so.16 => /usr/lib/x86_64-linux-gnu/libpng16.so.16 (0x00007f2087687000)
	libtiff.so.5 => /usr/lib/x86_64-linux-gnu/libtiff.so.5 (0x00007f20875fd000)
	libnss3.so => /usr/lib/x86_64-linux-gnu/libnss3.so (0x00007f20874cc000)
	libsmime3.so => /usr/lib/x86_64-linux-gnu/libsmime3.so (0x00007f20874a2000)
	libplc4.so => /usr/lib/x86_64-linux-gnu/libplc4.so (0x00007f208749b000)
	libnspr4.so => /usr/lib/x86_64-linux-gnu/libnspr4.so (0x00007f208745b000)
	/lib64/ld-linux-x86-64.so.2 (0x00007f20881e0000)
	libgcc_s.so.1 => /usr/lib/x86_64-linux-gnu/libgcc_s.so.1 (0x00007f208743b000)
	libbrotlidec.so.1 => /usr/lib/x86_64-linux-gnu/libbrotlidec.so.1 (0x00007f208742b000)
	libexpat.so.1 => /usr/lib/x86_64-linux-gnu/libexpat.so.1 (0x00007f20873fa000)
	libuuid.so.1 => /usr/lib/x86_64-linux-gnu/libuuid.so.1 (0x00007f20873f1000)
	libwebp.so.7 => /usr/lib/x86_64-linux-gnu/libwebp.so.7 (0x00007f2087384000)
	libzstd.so.1 => /usr/lib/x86_64-linux-gnu/libzstd.so.1 (0x00007f20872b5000)
	liblzma.so.5 => /usr/lib/x86_64-linux-gnu/liblzma.so.5 (0x00007f2087288000)
	libjbig.so.0 => /usr/lib/x86_64-linux-gnu/libjbig.so.0 (0x00007f2087277000)
	libdeflate.so.0 => /usr/lib/x86_64-linux-gnu/libdeflate.so.0 (0x00007f2087253000)
	libnssutil3.so => /usr/lib/x86_64-linux-gnu/libnssutil3.so (0x00007f2087220000)
	libplds4.so => /usr/lib/x86_64-linux-gnu/libplds4.so (0x00007f208721b000)
	libbrotlicommon.so.1 => /usr/lib/x86_64-linux-gnu/libbrotlicommon.so.1 (0x00007f20871f6000)
/usr/bin/pdftotext:
	linux-vdso.so.1 (0x00007ffea4181000)
	libpoppler.so.118 => /usr/lib/x86_64-linux-gnu/libpoppler.so.118 (0x00007f0746734000)
	libstdc++.so.6 => /usr/lib/x86_64-linux-gnu/libstdc++.so.6 (0x00007f0746508000)
	libc.so.6 => /usr/lib/x86_64-linux-gnu/libc.so.6 (0x00007f07462df000)
	libfreetype.so.6 => /usr/lib/x86_64-linux-gnu/libfreetype.so.6 (0x00007f0746217000)
	libfontconfig.so.1 => /usr/lib/x86_64-linux-gnu/libfontconfig.so.1 (0x00007f07461cd000)
	libjpeg.so.8 => /usr/lib/x86_64-linux-gnu/libjpeg.so.8 (0x00007f074614a000)
	libz.so.1 => /usr/lib/x86_64-linux-gnu/libz.so.1 (0x00007f074612e000)
	libopenjp2.so.7 => /usr/lib/x86_64-linux-gnu/libopenjp2.so.7 (0x00007f07460d6000)
	liblcms2.so.2 => /usr/lib/x86_64-linux-gnu/liblcms2.so.2 (0x00007f0746074000)
	libpng16.so.16 => /usr/lib/x86_64-linux-gnu/libpng16.so.16 (0x00007f0746039000)
	libtiff.so.5 => /usr/lib/x86_64-linux-gnu/libtiff.so.5 (0x00007f0745fb1000)
	libnss3.so => /usr/lib/x86_64-linux-gnu/libnss3.so (0x00007f0745e7e000)
	libsmime3.so => /usr/lib/x86_64-linux-gnu/libsmime3.so (0x00007f0745e54000)
	libplc4.so => /usr/lib/x86_64-linux-gnu/libplc4.so (0x00007f0745e4d000)
	libnspr4.so => /usr/lib/x86_64-linux-gnu/libnspr4.so (0x00007f0745e0d000)
	libm.so.6 => /usr/lib/x86_64-linux-gnu/libm.so.6 (0x00007f0745d26000)
	/lib64/ld-linux-x86-64.so.2 (0x00007f0746aad000)
	libgcc_s.so.1 => /usr/lib/x86_64-linux-gnu/libgcc_s.so.1 (0x00007f0745d06000)
	libbrotlidec.so.1 => /usr/lib/x86_64-linux-gnu/libbrotlidec.so.1 (0x00007f0745cf6000)
	libexpat.so.1 => /usr/lib/x86_64-linux-gnu/libexpat.so.1 (0x00007f0745cc5000)
	libuuid.so.1 => /usr/lib/x86_64-linux-gnu/libuuid.so.1 (0x00007f0745cbc000)
	libwebp.so.7 => /usr/lib/x86_64-linux-gnu/libwebp.so.7 (0x00007f0745c4f000)
	libzstd.so.1 => /usr/lib/x86_64-linux-gnu/libzstd.so.1 (0x00007f0745b80000)
	liblzma.so.5 => /usr/lib/x86_64-linux-gnu/liblzma.so.5 (0x00007f0745b53000)
	libjbig.so.0 => /usr/lib/x86_64-linux-gnu/libjbig.so.0 (0x00007f0745b42000)
	libdeflate.so.0 => /usr/lib/x86_64-linux-gnu/libdeflate.so.0 (0x00007f0745b1e000)
	libnssutil3.so => /usr/lib/x86_64-linux-gnu/libnssutil3.so (0x00007f0745aeb000)
	libplds4.so => /usr/lib/x86_64-linux-gnu/libplds4.so (0x00007f0745ae6000)
	libbrotlicommon.so.1 => /usr/lib/x86_64-linux-gnu/libbrotlicommon.so.1 (0x00007f0745ac1000)
/usr/bin/python3.10:
	linux-vdso.so.1 (0x00007ffefd5f8000)
	libm.so.6 => /usr/lib/x86_64-linux-gnu/libm.so.6 (0x00007f772b8e7000)
	libexpat.so.1 => /usr/lib/x86_64-linux-gnu/libexpat.so.1 (0x00007f772b8b6000)
	libz.so.1 => /usr/lib/x86_64-linux-gnu/libz.so.1 (0x00007f772b89a000)
	libc.so.6 => /usr/lib/x86_64-linux-gnu/libc.so.6 (0x00007f772b671000)
	/lib64/ld-linux-x86-64.so.2 (0x00007f772bfd1000)
/usr/lib/python3.10/lib-dynload/_asyncio.cpython-310-x86_64-linux-gnu.so:
	linux-vdso.so.1 (0x00007ffccbde9000)
	libc.so.6 => /usr/lib/x86_64-linux-gnu/libc.so.6 (0x00007f7ae1583000)
	/lib64/ld-linux-x86-64.so.2 (0x00007f7ae17d3000)
/usr/lib/python3.10/lib-dynload/_bz2.cpython-310-x86_64-linux-gnu.so:
	linux-vdso.so.1 (0x00007ffc929f6000)
	libbz2.so.1.0 => /usr/lib/x86_64-linux-gnu/libbz2.so.1.0 (0x00007f46d9e71000)
	libc.so.6 => /usr/lib/x86_64-linux-gnu/libc.so.6 (0x00007f46d9c48000)
	/lib64/ld-linux-x86-64.so.2 (0x00007f46d9ea0000)
/usr/lib/python3.10/lib-dynload/_codecs_cn.cpython-310-x86_64-linux-gnu.so:
	linux-vdso.so.1 (0x00007fff66d8b000)
	libc.so.6 => /usr/lib/x86_64-linux-gnu/libc.so.6 (0x00007fec3e7be000)
	/lib64/ld-linux-x86-64.so.2 (0x00007fec3ea21000)
/usr/lib/python3.10/lib-dynload/_codecs_hk.cpython-310-x86_64-linux-gnu.so:
	linux-vdso.so.1 (0x00007ffe68783000)
	libc.so.6 => /usr/lib/x86_64-linux-gnu/libc.so.6 (0x00007faa7a84d000)
	/lib64/ld-linux-x86-64.so.2 (0x00007faa7aab2000)
/usr/lib/python3.10/lib-dynload/_codecs_iso2022.cpython-310-x86_64-linux-gnu.so:
	linux-vdso.so.1 (0x00007ffc23b8f000)
	libc.so.6 => /usr/lib/x86_64-linux-gnu/libc.so.6 (0x00007f0add325000)
	/lib64/ld-linux-x86-64.so.2 (0x00007f0add56a000)
/usr/lib/python3.10/lib-dynload/_codecs_jp.cpython-310-x86_64-linux-gnu.so:
	linux-vdso.so.1 (0x00007ffc9e4b9000)
	libc.so.6 => /usr/lib/x86_64-linux-gnu/libc.so.6 (0x00007fe9a1949000)
	/lib64/ld-linux-x86-64.so.2 (0x00007fe9a1bc9000)
/usr/lib/python3.10/lib-dynload/_codecs_kr.cpython-310-x86_64-linux-gnu.so:
	linux-vdso.so.1 (0x00007fff0fbb5000)
	libc.so.6 => /usr/lib/x86_64-linux-gnu/libc.so.6 (0x00007f171b5ca000)
	/lib64/ld-linux-x86-64.so.2 (0x00007f171b82a000)
/usr/lib/python3.10/lib-dynload/_codecs_tw.cpython-310-x86_64-linux-gnu.so:
	linux-vdso.so.1 (0x00007ffc8ef45000)
	libc.so.6 => /usr/lib/x86_64-linux-gnu/libc.so.6 (0x00007fb4a8c5e000)
	/lib64/ld-linux-x86-64.so.2 (0x00007fb4a8eb7000)
/usr/lib/python3.10/lib-dynload/_contextvars.cpython-310-x86_64-linux-gnu.so:
	statically linked
/usr/lib/python3.10/lib-dynload/_crypt.cpython-310-x86_64-linux-gnu.so:
	linux-vdso.so.1 (0x00007ffdefb2b000)
	libcrypt.so.1 => /usr/lib/x86_64-linux-gnu/libcrypt.so.1 (0x00007f83bd4fc000)
	libc.so.6 => /usr/lib/x86_64-linux-gnu/libc.so.6 (0x00007f83bd2d3000)
	/lib64/ld-linux-x86-64.so.2 (0x00007f83bd54e000)
/usr/lib/python3.10/lib-dynload/_ctypes.cpython-310-x86_64-linux-gnu.so:
	linux-vdso.so.1 (0x00007ffce898c000)
	libffi.so.8 => /usr/lib/x86_64-linux-gnu/libffi.so.8 (0x00007f86a5fde000)
	libc.so.6 => /usr/lib/x86_64-linux-gnu/libc.so.6 (0x00007f86a5db5000)
	/lib64/ld-linux-x86-64.so.2 (0x00007f86a601f000)
/usr/lib/python3.10/lib-dynload/_ctypes_test.cpython-310-x86_64-linux-gnu.so:
	linux-vdso.so.1 (0x00007fff84bc4000)
	libm.so.6 => /usr/lib/x86_64-linux-gnu/libm.so.6 (0x00007f485d8ff000)
	libc.so.6 => /usr/lib/x86_64-linux-gnu/libc.so.6 (0x00007f485d6d6000)
	/lib64/ld-linux-x86-64.so.2 (0x00007f485da00000)
/usr/lib/python3.10/lib-dynload/_curses.cpython-310-x86_64-linux-gnu.so:
	linux-vdso.so.1 (0x00007ffd223bc000)
	libncursesw.so.6 => /usr/lib/x86_64-linux-gnu/libncursesw.so.6 (0x00007fcb71f8a000)
	libtinfo.so.6 => /usr/lib/x86_64-linux-gnu/libtinfo.so.6 (0x00007fcb71f58000)
	libc.so.6 => /usr/lib/x86_64-linux-gnu/libc.so.6 (0x00007fcb71d2f000)
	/lib64/ld-linux-x86-64.so.2 (0x00007fcb71ff9000)
/usr/lib/python3.10/lib-dynload/_curses_panel.cpython-310-x86_64-linux-gnu.so:
	linux-vdso.so.1 (0x00007ffd2ff2a000)
	libpanelw.so.6 => /usr/lib/x86_64-linux-gnu/libpanelw.so.6 (0x00007f4e437b9000)
	libncursesw.so.6 => /usr/lib/x86_64-linux-gnu/libncursesw.so.6 (0x00007f4e4377d000)
	libtinfo.so.6 => /usr/lib/x86_64-linux-gnu/libtinfo.so.6 (0x00007f4e4374b000)
	libc.so.6 => /usr/lib/x86_64-linux-gnu/libc.so.6 (0x00007f4e43522000)
	/lib64/ld-linux-x86-64.so.2 (0x00007f4e437db000)
/usr/lib/python3.10/lib-dynload/_dbm.cpython-310-x86_64-linux-gnu.so:
	linux-vdso.so.1 (0x00007ffc1156d000)
	libdb-5.3.so => /usr/lib/x86_64-linux-gnu/libdb-5.3.so (0x00007f03e2d54000)
	libc.so.6 => /usr/lib/x86_64-linux-gnu/libc.so.6 (0x00007f03e2b2b000)
	/lib64/ld-linux-x86-64.so.2 (0x00007f03e2f1d000)
/usr/lib/python3.10/lib-dynload/_decimal.cpython-310-x86_64-linux-gnu.so:
	linux-vdso.so.1 (0x00007ffc3f3c8000)
	libmpdec.so.3 => /usr/lib/x86_64-linux-gnu/libmpdec.so.3 (0x00007f7c5a3a3000)
	libc.so.6 => /usr/lib/x86_64-linux-gnu/libc.so.6 (0x00007f7c5a17a000)
	libm.so.6 => /usr/lib/x86_64-linux-gnu/libm.so.6 (0x00007f7c5a093000)
	/lib64/ld-linux-x86-64.so.2 (0x00007f7c5a412000)
/usr/lib/python3.10/lib-dynload/_hashlib.cpython-310-x86_64-linux-gnu.so:
	linux-vdso.so.1 (0x00007ffed91b1000)
	libcrypto.so.3 => /usr/lib/x86_64-linux-gnu/libcrypto.so.3 (0x00007f0faab10000)
	libc.so.6 => /usr/lib/x86_64-linux-gnu/libc.so.6 (0x00007f0faa8e7000)
	/lib64/ld-linux-x86-64.so.2 (0x00007f0faaf78000)
/usr/lib/python3.10/lib-dynload/_json.cpython-310-x86_64-linux-gnu.so:
	statically linked
/usr/lib/python3.10/lib-dynload/_lsprof.cpython-310-x86_64-linux-gnu.so:
	statically linked
/usr/lib/python3.10/lib-dynload/_lzma.cpython-310-x86_64-linux-gnu.so:
	linux-vdso.so.1 (0x00007ffd3cd4d000)
	liblzma.so.5 => /usr/lib/x86_64-linux-gnu/liblzma.so.5 (0x00007f3cb5554000)
	libc.so.6 => /usr/lib/x86_64-linux-gnu/libc.so.6 (0x00007f3cb532b000)
	/lib64/ld-linux-x86-64.so.2 (0x00007f3cb559e000)
/usr/lib/python3.10/lib-dynload/_multibytecodec.cpython-310-x86_64-linux-gnu.so:
	linux-vdso.so.1 (0x00007fff51b7a000)
	libc.so.6 => /usr/lib/x86_64-linux-gnu/libc.so.6 (0x00007f92f397a000)
	/lib64/ld-linux-x86-64.so.2 (0x00007f92f3bc3000)
/usr/lib/python3.10/lib-dynload/_multiprocessing.cpython-310-x86_64-linux-gnu.so:
	linux-vdso.so.1 (0x00007ffc7c356000)
	libc.so.6 => /usr/lib/x86_64-linux-gnu/libc.so.6 (0x00007fc9140c0000)
	/lib64/ld-linux-x86-64.so.2 (0x00007fc914303000)
/usr/lib/python3.10/lib-dynload/_opcode.cpython-310-x86_64-linux-gnu.so:
	statically linked
/usr/lib/python3.10/lib-dynload/_posixshmem.cpython-310-x86_64-linux-gnu.so:
	linux-vdso.so.1 (0x00007ffec6fca000)
	libc.so.6 => /usr/lib/x86_64-linux-gnu/libc.so.6 (0x00007f35eae4a000)
	/lib64/ld-linux-x86-64.so.2 (0x00007f35eb08b000)
/usr/lib/python3.10/lib-dynload/_queue.cpython-310-x86_64-linux-gnu.so:
	statically linked
/usr/lib/python3.10/lib-dynload/_sqlite3.cpython-310-x86_64-linux-gnu.so:
	linux-vdso.so.1 (0x00007ffe49bd7000)
	libsqlite3.so.0 => /usr/lib/x86_64-linux-gnu/libsqlite3.so.0 (0x00007f75eb956000)
	libc.so.6 => /usr/lib/x86_64-linux-gnu/libc.so.6 (0x00007f75eb72d000)
	libm.so.6 => /usr/lib/x86_64-linux-gnu/libm.so.6 (0x00007f75eb646000)
	/lib64/ld-linux-x86-64.so.2 (0x00007f75ebad2000)
/usr/lib/python3.10/lib-dynload/_ssl.cpython-310-x86_64-linux-gnu.so:
	linux-vdso.so.1 (0x00007ffe52fdc000)
	libssl.so.3 => /usr/lib/x86_64-linux-gnu/libssl.so.3 (0x00007fbccd53b000)
	libcrypto.so.3 => /usr/lib/x86_64-linux-gnu/libcrypto.so.3 (0x00007fbccd0f7000)
	libc.so.6 => /usr/lib/x86_64-linux-gnu/libc.so.6 (0x00007fbcccece000)
	/lib64/ld-linux-x86-64.so.2 (0x00007fbccd62a000)
/usr/lib/python3.10/lib-dynload/_testbuffer.cpython-310-x86_64-linux-gnu.so:
	linux-vdso.so.1 (0x00007ffcb9d50000)
	libc.so.6 => /usr/lib/x86_64-linux-gnu/libc.so.6 (0x00007f3bcbf59000)
	/lib64/ld-linux-x86-64.so.2 (0x00007f3bcc1a4000)
/usr/lib/python3.10/lib-dynload/_testcapi.cpython-310-x86_64-linux-gnu.so:
	linux-vdso.so.1 (0x00007ffe5bb97000)
	libc.so.6 => /usr/lib/x86_64-linux-gnu/libc.so.6 (0x00007fc917ca4000)
	/lib64/ld-linux-x86-64.so.2 (0x00007fc917f07000)
/usr/lib/python3.10/lib-dynload/_testclinic.cpython-310-x86_64-linux-gnu.so:
	linux-vdso.so.1 (0x00007ffe9d02a000)
	libc.so.6 => /usr/lib/x86_64-linux-gnu/libc.so.6 (0x00007f3092e57000)
	/lib64/ld-linux-x86-64.so.2 (0x00007f30930a2000)
/usr/lib/python3.10/lib-dynload/_testimportmultiple.cpython-310-x86_64-linux-gnu.so:
	statically linked
/usr/lib/python3.10/lib-dynload/_testinternalcapi.cpython-310-x86_64-linux-gnu.so:
	linux-vdso.so.1 (0x00007fff62795000)
	libc.so.6 => /usr/lib/x86_64-linux-gnu/libc.so.6 (0x00007fa3e2e2f000)
	/lib64/ld-linux-x86-64.so.2 (0x00007fa3e3071000)
/usr/lib/python3.10/lib-dynload/_testmultiphase.cpython-310-x86_64-linux-gnu.so:
	statically linked
/usr/lib/python3.10/lib-dynload/_uuid.cpython-310-x86_64-linux-gnu.so:
	linux-vdso.so.1 (0x00007ffcfdbe8000)
	libuuid.so.1 => /usr/lib/x86_64-linux-gnu/libuuid.so.1 (0x00007fcab87c0000)
	libc.so.6 => /usr/lib/x86_64-linux-gnu/libc.so.6 (0x00007fcab8597000)
	/lib64/ld-linux-x86-64.so.2 (0x00007fcab87e1000)
/usr/lib/python3.10/lib-dynload/_xxsubinterpreters.cpython-310-x86_64-linux-gnu.so:
	linux-vdso.so.1 (0x00007ffcc23fc000)
	libc.so.6 => /usr/lib/x86_64-linux-gnu/libc.so.6 (0x00007f1d8652b000)
	/lib64/ld-linux-x86-64.so.2 (0x00007f1d86774000)
/usr/lib/python3.10/lib-dynload/_xxtestfuzz.cpython-310-x86_64-linux-gnu.so:
	linux-vdso.so.1 (0x00007ffe6cd0b000)
	libc.so.6 => /usr/lib/x86_64-linux-gnu/libc.so.6 (0x00007f006fefd000)
	/lib64/ld-linux-x86-64.so.2 (0x00007f0070140000)
/usr/lib/python3.10/lib-dynload/_zoneinfo.cpython-310-x86_64-linux-gnu.so:
	linux-vdso.so.1 (0x00007ffcd39f3000)
	libc.so.6 => /usr/lib/x86_64-linux-gnu/libc.so.6 (0x00007f85bd249000)
	/lib64/ld-linux-x86-64.so.2 (0x00007f85bd491000)
/usr/lib/python3.10/lib-dynload/audioop.cpython-310-x86_64-linux-gnu.so:
	linux-vdso.so.1 (0x00007ffec9cfa000)
	libm.so.6 => /usr/lib/x86_64-linux-gnu/libm.so.6 (0x00007f0e9966b000)
	libc.so.6 => /usr/lib/x86_64-linux-gnu/libc.so.6 (0x00007f0e99442000)
	/lib64/ld-linux-x86-64.so.2 (0x00007f0e99775000)
/usr/lib/python3.10/lib-dynload/mmap.cpython-310-x86_64-linux-gnu.so:
	linux-vdso.so.1 (0x00007ffd12ca9000)
	libc.so.6 => /usr/lib/x86_64-linux-gnu/libc.so.6 (0x00007fdfe966c000)
	/lib64/ld-linux-x86-64.so.2 (0x00007fdfe98b1000)
/usr/lib/python3.10/lib-dynload/nis.cpython-310-x86_64-linux-gnu.so:
	linux-vdso.so.1 (0x00007ffd38390000)
	libnsl.so.2 => /usr/lib/x86_64-linux-gnu/libnsl.so.2 (0x00007fd091f3b000)
	libtirpc.so.3 => /usr/lib/x86_64-linux-gnu/libtirpc.so.3 (0x00007fd091f0d000)
	libc.so.6 => /usr/lib/x86_64-linux-gnu/libc.so.6 (0x00007fd091ce4000)
	/lib64/ld-linux-x86-64.so.2 (0x00007fd091f6e000)
	libgssapi_krb5.so.2 => /usr/lib/x86_64-linux-gnu/libgssapi_krb5.so.2 (0x00007fd091c90000)
	libkrb5.so.3 => /usr/lib/x86_64-linux-gnu/libkrb5.so.3 (0x00007fd091bc5000)
	libk5crypto.so.3 => /usr/lib/x86_64-linux-gnu/libk5crypto.so.3 (0x00007fd091b94000)
	libcom_err.so.2 => /usr/lib/x86_64-linux-gnu/libcom_err.so.2 (0x00007fd091b8e000)
	libkrb5support.so.0 => /usr/lib/x86_64-linux-gnu/libkrb5support.so.0 (0x00007fd091b80000)
	libkeyutils.so.1 => /usr/lib/x86_64-linux-gnu/libkeyutils.so.1 (0x00007fd091b79000)
	libresolv.so.2 => /usr/lib/x86_64-linux-gnu/libresolv.so.2 (0x00007fd091b65000)
/usr/lib/python3.10/lib-dynload/ossaudiodev.cpython-310-x86_64-linux-gnu.so:
	linux-vdso.so.1 (0x00007fffb8781000)
	libc.so.6 => /usr/lib/x86_64-linux-gnu/libc.so.6 (0x00007fb1cb2c3000)
	/lib64/ld-linux-x86-64.so.2 (0x00007fb1cb508000)
/usr/lib/python3.10/lib-dynload/readline.cpython-310-x86_64-linux-gnu.so:
	linux-vdso.so.1 (0x00007ffef13c0000)
	libreadline.so.8 => /usr/lib/x86_64-linux-gnu/libreadline.so.8 (0x00007f966e050000)
	libc.so.6 => /usr/lib/x86_64-linux-gnu/libc.so.6 (0x00007f966de27000)
	libtinfo.so.6 => /usr/lib/x86_64-linux-gnu/libtinfo.so.6 (0x00007f966ddf5000)
	/lib64/ld-linux-x86-64.so.2 (0x00007f966e0c2000)
/usr/lib/python3.10/lib-dynload/resource.cpython-310-x86_64-linux-gnu.so:
	linux-vdso.so.1 (0x00007ffd8bce1000)
	libc.so.6 => /usr/lib/x86_64-linux-gnu/libc.so.6 (0x00007fd44396e000)
	/lib64/ld-linux-x86-64.so.2 (0x00007fd443bb0000)
/usr/lib/python3.10/lib-dynload/termios.cpython-310-x86_64-linux-gnu.so:
	linux-vdso.so.1 (0x00007ffd3fb6f000)
	libc.so.6 => /usr/lib/x86_64-linux-gnu/libc.so.6 (0x00007f84672e8000)
	/lib64/ld-linux-x86-64.so.2 (0x00007f846752d000)
/usr/lib/python3.10/lib-dynload/xxlimited.cpython-310-x86_64-linux-gnu.so:
	statically linked
/usr/lib/python3.10/lib-dynload/xxlimited_35.cpython-310-x86_64-linux-gnu.so:
	statically linked
