	linux-vdso.so.1 (0x00007ffe511ed000)
	libpoppler.so.118 => /usr/lib/x86_64-linux-gnu/libpoppler.so.118 (0x00007f2ae317f000)
	libstdc++.so.6 => /usr/lib/x86_64-linux-gnu/libstdc++.so.6 (0x00007f2ae2f53000)
	libc.so.6 => /usr/lib/x86_64-linux-gnu/libc.so.6 (0x00007f2ae2d2a000)
	libfreetype.so.6 => /usr/lib/x86_64-linux-gnu/libfreetype.so.6 (0x00007f2ae2c62000)
	libfontconfig.so.1 => /usr/lib/x86_64-linux-gnu/libfontconfig.so.1 (0x00007f2ae2c18000)
	libjpeg.so.8 => /usr/lib/x86_64-linux-gnu/libjpeg.so.8 (0x00007f2ae2b95000)
	libz.so.1 => /usr/lib/x86_64-linux-gnu/libz.so.1 (0x00007f2ae2b79000)
	libopenjp2.so.7 => /usr/lib/x86_64-linux-gnu/libopenjp2.so.7 (0x00007f2ae2b21000)
	liblcms2.so.2 => /usr/lib/x86_64-linux-gnu/liblcms2.so.2 (0x00007f2ae2abf000)
	libpng16.so.16 => /usr/lib/x86_64-linux-gnu/libpng16.so.16 (0x00007f2ae2a84000)
	libtiff.so.5 => /usr/lib/x86_64-linux-gnu/libtiff.so.5 (0x00007f2ae29fc000)
	libnss3.so => /usr/lib/x86_64-linux-gnu/libnss3.so (0x00007f2ae28c9000)
	libsmime3.so => /usr/lib/x86_64-linux-gnu/libsmime3.so (0x00007f2ae289f000)
	libplc4.so => /usr/lib/x86_64-linux-gnu/libplc4.so (0x00007f2ae2898000)
	libnspr4.so => /usr/lib/x86_64-linux-gnu/libnspr4.so (0x00007f2ae2858000)
	libm.so.6 => /usr/lib/x86_64-linux-gnu/libm.so.6 (0x00007f2ae2771000)
	/lib64/ld-linux-x86-64.so.2 (0x00007f2ae34f3000)
	libgcc_s.so.1 => /usr/lib/x86_64-linux-gnu/libgcc_s.so.1 (0x00007f2ae2751000)
	libbrotlidec.so.1 => /usr/lib/x86_64-linux-gnu/libbrotlidec.so.1 (0x00007f2ae2741000)
	libexpat.so.1 => /usr/lib/x86_64-linux-gnu/libexpat.so.1 (0x00007f2ae2710000)
	libuuid.so.1 => /usr/lib/x86_64-linux-gnu/libuuid.so.1 (0x00007f2ae2707000)
	libwebp.so.7 => /usr/lib/x86_64-linux-gnu/libwebp.so.7 (0x00007f2ae269a000)
	libzstd.so.1 => /usr/lib/x86_64-linux-gnu/libzstd.so.1 (0x00007f2ae25cb000)
	liblzma.so.5 => /usr/lib/x86_64-linux-gnu/liblzma.so.5 (0x00007f2ae259e000)
	libjbig.so.0 => /usr/lib/x86_64-linux-gnu/libjbig.so.0 (0x00007f2ae258d000)
	libdeflate.so.0 => /usr/lib/x86_64-linux-gnu/libdeflate.so.0 (0x00007f2ae2569000)
	libnssutil3.so => /usr/lib/x86_64-linux-gnu/libnssutil3.so (0x00007f2ae2536000)
	libplds4.so => /usr/lib/x86_64-linux-gnu/libplds4.so (0x00007f2ae2531000)
	libbrotlicommon.so.1 => /usr/lib/x86_64-linux-gnu/libbrotlicommon.so.1 (0x00007f2ae250c000)
