{
  "audit": "NS_author_v1",
  "checks": {
    "all_target_fibre": 184932,
    "core_action": 987,
    "core_period": 987,
    "fibre_mass": 32,
    "fixed_census": 8,
    "flagged_ascent_count": 315,
    "one_or_rise": 159602,
    "recurrent_census": 8,
    "sharp_height": 8,
    "two_step_core": 46233,
    "two_step_endpoint": 46233,
    "zero_barriers": 46233
  },
  "reports": [
    {
      "depths": {
        "0": 1
      },
      "fixed": 1,
      "image": 1,
      "n": 1,
      "recurrent": 1,
      "states": 1
    },
    {
      "depths": {
        "0": 2
      },
      "fixed": 2,
      "image": 2,
      "n": 2,
      "recurrent": 2,
      "states": 2
    },
    {
      "depths": {
        "0": 5,
        "1": 1
      },
      "fixed": 3,
      "image": 5,
      "n": 3,
      "recurrent": 5,
      "states": 6
    },
    {
      "depths": {
        "0": 13,
        "1": 10,
        "2": 1
      },
      "fixed": 5,
      "image": 14,
      "n": 4,
      "recurrent": 13,
      "states": 24
    },
    {
      "depths": {
        "0": 34,
        "1": 72,
        "2": 14
      },
      "fixed": 8,
      "image": 42,
      "n": 5,
      "recurrent": 34,
      "states": 120
    },
    {
      "depths": {
        "0": 89,
        "1": 479,
        "2": 152
      },
      "fixed": 13,
      "image": 132,
      "n": 6,
      "recurrent": 89,
      "states": 720
    },
    {
      "depths": {
        "0": 233,
        "1": 3226,
        "2": 1581
      },
      "fixed": 21,
      "image": 429,
      "n": 7,
      "recurrent": 233,
      "states": 5040
    },
    {
      "depths": {
        "0": 610,
        "1": 22934,
        "2": 16776
      },
      "fixed": 34,
      "image": 1430,
      "n": 8,
      "recurrent": 610,
      "states": 40320
    }
  ],
  "total_checks": 485578
}
