Rc files read:
  /etc/LatexMk
Latexmk: This is Latexmk, John Collins, 20 November 2021, version: 4.76.
Rule 'pdflatex': File changes, etc:
   Changed files, or newly in use since previous run(s):
      'main.tex'
------------
Run number 1 of rule 'pdflatex'
------------
------------
Running 'pdflatex  -interaction=nonstopmode -halt-on-error -file-line-error -recorder -output-directory="build_round1_01"  "main.tex"'
------------
Latexmk: applying rule 'pdflatex'...
This is pdfTeX, Version 3.141592653-2.6-1.40.22 (TeX Live 2022/dev/Debian) (preloaded format=pdflatex)
 restricted \write18 enabled.
entering extended mode
(./main.tex
LaTeX2e <2021-11-15> patch level 1
L3 programming layer <2022-01-21>
(/usr/share/texlive/texmf-dist/tex/latex/base/article.cls
Document Class: article 2021/10/04 v1.4n Standard LaTeX document class
(/usr/share/texlive/texmf-dist/tex/latex/base/size11.clo))
(/usr/share/texlive/texmf-dist/tex/latex/geometry/geometry.sty
(/usr/share/texlive/texmf-dist/tex/latex/graphics/keyval.sty)
(/usr/share/texlive/texmf-dist/tex/generic/iftex/ifvtex.sty
(/usr/share/texlive/texmf-dist/tex/generic/iftex/iftex.sty)))
(/usr/share/texlive/texmf-dist/tex/latex/base/fontenc.sty)
(/usr/share/texmf/tex/latex/lm/lmodern.sty)
(/usr/share/texlive/texmf-dist/tex/latex/amsmath/amsmath.sty
For additional information on amsmath, use the `?' option.
(/usr/share/texlive/texmf-dist/tex/latex/amsmath/amstext.sty
(/usr/share/texlive/texmf-dist/tex/latex/amsmath/amsgen.sty))
(/usr/share/texlive/texmf-dist/tex/latex/amsmath/amsbsy.sty)
(/usr/share/texlive/texmf-dist/tex/latex/amsmath/amsopn.sty))
(/usr/share/texlive/texmf-dist/tex/latex/amsfonts/amssymb.sty
(/usr/share/texlive/texmf-dist/tex/latex/amsfonts/amsfonts.sty))
(/usr/share/texlive/texmf-dist/tex/latex/amscls/amsthm.sty)
(/usr/share/texlive/texmf-dist/tex/latex/mathtools/mathtools.sty
(/usr/share/texlive/texmf-dist/tex/latex/tools/calc.sty)
(/usr/share/texlive/texmf-dist/tex/latex/mathtools/mhsetup.sty))
(/usr/share/texlive/texmf-dist/tex/latex/booktabs/booktabs.sty)
(/usr/share/texlive/texmf-dist/tex/latex/tools/array.sty)
(/usr/share/texlive/texmf-dist/tex/latex/tools/tabularx.sty)
(/usr/share/texlive/texmf-dist/tex/latex/natbib/natbib.sty)
(/usr/share/texlive/texmf-dist/tex/latex/xcolor/xcolor.sty
(/usr/share/texlive/texmf-dist/tex/latex/graphics-cfg/color.cfg)
(/usr/share/texlive/texmf-dist/tex/latex/graphics-def/pdftex.def))
(/usr/share/texlive/texmf-dist/tex/latex/hyperref/hyperref.sty
(/usr/share/texlive/texmf-dist/tex/generic/ltxcmds/ltxcmds.sty)
(/usr/share/texlive/texmf-dist/tex/generic/pdftexcmds/pdftexcmds.sty
(/usr/share/texlive/texmf-dist/tex/generic/infwarerr/infwarerr.sty))
(/usr/share/texlive/texmf-dist/tex/generic/kvsetkeys/kvsetkeys.sty)
(/usr/share/texlive/texmf-dist/tex/generic/kvdefinekeys/kvdefinekeys.sty)
(/usr/share/texlive/texmf-dist/tex/generic/pdfescape/pdfescape.sty)
(/usr/share/texlive/texmf-dist/tex/latex/hycolor/hycolor.sty)
(/usr/share/texlive/texmf-dist/tex/latex/letltxmacro/letltxmacro.sty)
(/usr/share/texlive/texmf-dist/tex/latex/auxhook/auxhook.sty)
(/usr/share/texlive/texmf-dist/tex/latex/kvoptions/kvoptions.sty)
(/usr/share/texlive/texmf-dist/tex/latex/hyperref/pd1enc.def)
(/usr/share/texlive/texmf-dist/tex/latex/hyperref/hyperref-langpatches.def)
(/usr/share/texlive/texmf-dist/tex/generic/intcalc/intcalc.sty)
(/usr/share/texlive/texmf-dist/tex/generic/etexcmds/etexcmds.sty)
(/usr/share/texlive/texmf-dist/tex/latex/hyperref/puenc.def)
(/usr/share/texlive/texmf-dist/tex/latex/url/url.sty)
(/usr/share/texlive/texmf-dist/tex/generic/bitset/bitset.sty
(/usr/share/texlive/texmf-dist/tex/generic/bigintcalc/bigintcalc.sty))
(/usr/share/texlive/texmf-dist/tex/latex/base/atbegshi-ltx.sty))
(/usr/share/texlive/texmf-dist/tex/latex/hyperref/hpdftex.def
(/usr/share/texlive/texmf-dist/tex/latex/base/atveryend-ltx.sty)
(/usr/share/texlive/texmf-dist/tex/latex/rerunfilecheck/rerunfilecheck.sty
(/usr/share/texlive/texmf-dist/tex/generic/uniquecounter/uniquecounter.sty)))
(./math_commands.tex) (/usr/share/texmf/tex/latex/lm/t1lmr.fd)
(/usr/share/texlive/texmf-dist/tex/latex/l3backend/l3backend-pdftex.def)
(build_round1_01/main.aux)
*geometry* driver: auto-detecting
*geometry* detected driver: pdftex
(/usr/share/texlive/texmf-dist/tex/latex/graphics/graphicx.sty
(/usr/share/texlive/texmf-dist/tex/latex/graphics/graphics.sty
(/usr/share/texlive/texmf-dist/tex/latex/graphics/trig.sty)
(/usr/share/texlive/texmf-dist/tex/latex/graphics-cfg/graphics.cfg)))
(/usr/share/texlive/texmf-dist/tex/context/base/mkii/supp-pdf.mkii
[Loading MPS to PDF converter (version 2006.09.02).]
) (/usr/share/texlive/texmf-dist/tex/latex/epstopdf-pkg/epstopdf-base.sty
(/usr/share/texlive/texmf-dist/tex/latex/latexconfig/epstopdf-sys.cfg))
(/usr/share/texlive/texmf-dist/tex/latex/hyperref/nameref.sty
(/usr/share/texlive/texmf-dist/tex/latex/refcount/refcount.sty)
(/usr/share/texlive/texmf-dist/tex/generic/gettitlestring/gettitlestring.sty))
(/usr/share/texmf/tex/latex/lm/ot1lmr.fd)
(/usr/share/texmf/tex/latex/lm/omllmm.fd)
(/usr/share/texmf/tex/latex/lm/omslmsy.fd)
(/usr/share/texmf/tex/latex/lm/omxlmex.fd)
(/usr/share/texlive/texmf-dist/tex/latex/amsfonts/umsa.fd)
(/usr/share/texlive/texmf-dist/tex/latex/amsfonts/umsb.fd)
(./sections/00_abstract.tex) (./sections/01_introduction.tex [1{/var/lib/texmf/
fonts/map/pdftex/updmap/pdftex.map}]

LaTeX Warning: Reference `sec:graph' on page 2 undefined on input line 66.


LaTeX Warning: Reference `thm:main' on page 2 undefined on input line 75.


Package natbib Warning: Citation `shin2026character' on page 2 undefined on inp
ut line 82.


Package natbib Warning: Citation `cantat2009bers' on page 2 undefined on input 
line 96.


Package natbib Warning: Citation `c4212026integral' on page 2 undefined on inpu
t line 108.

[2]

Package natbib Warning: Citation `vishkautsan2016residual' on page 3 undefined 
on input line 118.


Package natbib Warning: Citation `abboud2025rigidity' on page 3 undefined on in
put line 121.


Package natbib Warning: Citation `planat2024dynamics' on page 3 undefined on in
put line 124.


Package natbib Warning: Citation `shin2026character' on page 3 undefined on inp
ut line 147.


Package natbib Warning: Citation `cantat2009bers' on page 3 undefined on input 
line 147.


Package natbib Warning: Citation `c4212026integral' on page 3 undefined on inpu
t line 147.


LaTeX Warning: Reference `sec:phase' on page 3 undefined on input line 158.


LaTeX Warning: Reference `sec:graph' on page 3 undefined on input line 159.


LaTeX Warning: Reference `sec:lines' on page 3 undefined on input line 159.


LaTeX Warning: Reference `sec:effective' on page 3 undefined on input line 160.



LaTeX Warning: Reference `sec:levels' on page 3 undefined on input line 160.

) (./sections/02_phase_lift.tex [3]

LaTeX Warning: Reference `eq:recurrence' on page 4 undefined on input line 44.


LaTeX Warning: Reference `lem:entry' on page 4 undefined on input line 77.


LaTeX Warning: Reference `sec:forcing' on page 4 undefined on input line 79.

) (./sections/03_state_graph.tex

LaTeX Warning: Reference `tab:edges' on page 4 undefined on input line 10.


LaTeX Warning: Reference `tab:edges' on page 4 undefined on input line 32.


LaTeX Warning: Reference `eq:edge_identity' on page 4 undefined on input line 3
3.

[4]) (./sections/04_height_forcing.tex

LaTeX Warning: Reference `tab:edges' on page 5 undefined on input line 16.


LaTeX Warning: Reference `lem:edges' on page 5 undefined on input line 19.

[5]

LaTeX Warning: Reference `eq:zero_successors' on page 6 undefined on input line
 43.


LaTeX Warning: Reference `eq:zero_successors' on page 6 undefined on input line
 60.


LaTeX Warning: Reference `eq:max_native' on page 6 undefined on input line 76.


LaTeX Warning: Reference `lem:entry' on page 6 undefined on input line 77.


LaTeX Warning: Reference `lem:forcing' on page 6 undefined on input line 79.

) (./sections/05_line_exhaustion.tex [6]

LaTeX Warning: Reference `tab:returns' on page 7 undefined on input line 44.


LaTeX Warning: Reference `eq:cycle_return' on page 7 undefined on input line 52
.


LaTeX Warning: Reference `eq:lift_line_union' on page 7 undefined on input line
 66.


LaTeX Warning: Reference `eq:edge_identity' on page 7 undefined on input line 7
8.


LaTeX Warning: Reference `prop:graph_cycle_entry' on page 7 undefined on input 
line 94.


LaTeX Warning: Reference `lem:cycle_lines' on page 7 undefined on input line 96
.


LaTeX Warning: Reference `lem:backward' on page 7 undefined on input line 97.

[7]

LaTeX Warning: Reference `lem:edges' on page 8 undefined on input line 106.


LaTeX Warning: Reference `lem:cycle_lines' on page 8 undefined on input line 11
3.


LaTeX Warning: Reference `eq:clock' on page 8 undefined on input line 113.

) (./sections/06_effective_classification.tex

LaTeX Warning: Reference `eq:involutions' on page 8 undefined on input line 8.


LaTeX Warning: Reference `eq:native' on page 8 undefined on input line 8.


LaTeX Warning: Reference `thm:main' on page 8 undefined on input line 35.


LaTeX Warning: Reference `lem:cycle_lines' on page 8 undefined on input line 37
.


LaTeX Warning: Reference `lem:core' on page 8 undefined on input line 38.


LaTeX Warning: Reference `prop:exhaustion' on page 8 undefined on input line 40
.


LaTeX Warning: Reference `eq:exhaustive_union' on page 8 undefined on input lin
e 42.


LaTeX Warning: Reference `eq:lift_line_union' on page 8 undefined on input line
 48.

[8]

LaTeX Warning: Reference `eq:period_polynomials' on page 9 undefined on input l
ine 95.


LaTeX Warning: Reference `prop:periods' on page 9 undefined on input line 102.


LaTeX Warning: Reference `thm:main' on page 9 undefined on input line 108.


LaTeX Warning: Reference `tab:edges' on page 9 undefined on input line 115.


LaTeX Warning: Reference `tab:returns' on page 9 undefined on input line 117.


LaTeX Warning: Reference `eq:period_polynomials' on page 9 undefined on input l
ine 121.

[9]

LaTeX Warning: Reference `sec:levels' on page 10 undefined on input line 132.


LaTeX Warning: Reference `lem:core' on page 10 undefined on input line 137.

) (./sections/07_level_counts.tex

LaTeX Warning: Reference `eq:phase_invariant' on page 10 undefined on input lin
e 17.


LaTeX Warning: Reference `eq:invariant_transport' on page 10 undefined on input
 line 26.


LaTeX Warning: Reference `sec:effective' on page 10 undefined on input line 46.



LaTeX Warning: Reference `thm:main' on page 10 undefined on input line 49.

[10]

LaTeX Warning: Reference `eq:zeta' on page 11 undefined on input line 78.

) (./sections/08_scope.tex

LaTeX Warning: Reference `prop:exhaustion' on page 11 undefined on input line 1
3.


LaTeX Warning: Reference `proc:atlas' on page 11 undefined on input line 16.


LaTeX Warning: Reference `eq:fixed_counts' on page 11 undefined on input line 3
0.


LaTeX Warning: Reference `eq:zeta' on page 11 undefined on input line 31.

) [11]
No file main.bbl.

Package natbib Warning: There were undefined citations.

(build_round1_01/main.aux)

LaTeX Warning: There were undefined references.


LaTeX Warning: Label(s) may have changed. Rerun to get cross-references right.


Package rerunfilecheck Warning: File `main.out' has changed.
(rerunfilecheck)                Rerun to get outlines right
(rerunfilecheck)                or use package `bookmark'.

 ){/usr/share/texmf/fonts/enc/dvips/lm/lm-rm.enc}{/usr/share/texmf/fonts/enc/dv
ips/lm/lm-ec.enc}{/usr/share/texmf/fonts/enc/dvips/lm/lm-mathex.enc}{/usr/share
/texmf/fonts/enc/dvips/lm/lm-mathit.enc}{/usr/share/texmf/fonts/enc/dvips/lm/lm
-mathsy.enc}</usr/share/texmf/fonts/type1/public/lm/lmbx10.pfb></usr/share/texm
f/fonts/type1/public/lm/lmbx12.pfb></usr/share/texmf/fonts/type1/public/lm/lmex
10.pfb></usr/share/texmf/fonts/type1/public/lm/lmmi10.pfb></usr/share/texmf/fon
ts/type1/public/lm/lmmi6.pfb></usr/share/texmf/fonts/type1/public/lm/lmmi7.pfb>
</usr/share/texmf/fonts/type1/public/lm/lmmi8.pfb></usr/share/texmf/fonts/type1
/public/lm/lmr10.pfb></usr/share/texmf/fonts/type1/public/lm/lmr12.pfb></usr/sh
are/texmf/fonts/type1/public/lm/lmr17.pfb></usr/share/texmf/fonts/type1/public/
lm/lmr6.pfb></usr/share/texmf/fonts/type1/public/lm/lmr7.pfb></usr/share/texmf/
fonts/type1/public/lm/lmr8.pfb></usr/share/texmf/fonts/type1/public/lm/lmri10.p
fb></usr/share/texmf/fonts/type1/public/lm/lmsy10.pfb></usr/share/texmf/fonts/t
ype1/public/lm/lmsy6.pfb></usr/share/texmf/fonts/type1/public/lm/lmsy7.pfb></us
r/share/texmf/fonts/type1/public/lm/lmsy8.pfb></usr/share/texlive/texmf-dist/fo
nts/type1/public/amsfonts/symbols/msam10.pfb></usr/share/texlive/texmf-dist/fon
ts/type1/public/amsfonts/symbols/msbm10.pfb>
Output written on build_round1_01/main.pdf (11 pages, 343924 bytes).
Transcript written on build_round1_01/main.log.
Latexmk: Missing bbl file 'build_round1_01/main.bbl' in following:
 No file main.bbl.
Latexmk: References changed.
Latexmk: References changed.
Latexmk: Log file says output to 'build_round1_01/main.pdf'
Latexmk: List of undefined refs and citations:
  Citation `abboud2025rigidity' on page 3 undefined on input line 121
  Citation `c4212026integral' on page 2 undefined on input line 108
  Citation `c4212026integral' on page 3 undefined on input line 147
  Citation `cantat2009bers' on page 2 undefined on input line 96
  Citation `cantat2009bers' on page 3 undefined on input line 147
  Citation `planat2024dynamics' on page 3 undefined on input line 124
  Citation `shin2026character' on page 2 undefined on input line 82
  Citation `shin2026character' on page 3 undefined on input line 147
  Citation `vishkautsan2016residual' on page 3 undefined on input line 118
  Reference `eq:clock' on page 8 undefined on input line 113
  Reference `eq:cycle_return' on page 7 undefined on input line 52
  Reference `eq:edge_identity' on page 4 undefined on input line 33
  Reference `eq:edge_identity' on page 7 undefined on input line 78
  Reference `eq:exhaustive_union' on page 8 undefined on input line 42
  Reference `eq:fixed_counts' on page 11 undefined on input line 30
  Reference `eq:invariant_transport' on page 10 undefined on input line 26
  Reference `eq:involutions' on page 8 undefined on input line 8
  Reference `eq:lift_line_union' on page 7 undefined on input line 66
  Reference `eq:lift_line_union' on page 8 undefined on input line 48
  Reference `eq:max_native' on page 6 undefined on input line 76
  Reference `eq:native' on page 8 undefined on input line 8
  Reference `eq:period_polynomials' on page 9 undefined on input line 121
  Reference `eq:period_polynomials' on page 9 undefined on input line 95
  Reference `eq:phase_invariant' on page 10 undefined on input line 17
  Reference `eq:recurrence' on page 4 undefined on input line 44
  Reference `eq:zero_successors' on page 6 undefined on input line 43
  Reference `eq:zero_successors' on page 6 undefined on input line 60
  Reference `eq:zeta' on page 11 undefined on input line 31
  Reference `eq:zeta' on page 11 undefined on input line 78
  Reference `lem:backward' on page 7 undefined on input line 97
  Reference `lem:core' on page 10 undefined on input line 137
  Reference `lem:core' on page 8 undefined on input line 38
  Reference `lem:cycle_lines' on page 7 undefined on input line 96
  Reference `lem:cycle_lines' on page 8 undefined on input line 113
  Reference `lem:cycle_lines' on page 8 undefined on input line 37
  Reference `lem:edges' on page 5 undefined on input line 19
  Reference `lem:edges' on page 8 undefined on input line 106
  Reference `lem:entry' on page 4 undefined on input line 77
  Reference `lem:entry' on page 6 undefined on input line 77
  Reference `lem:forcing' on page 6 undefined on input line 79
  Reference `proc:atlas' on page 11 undefined on input line 16
  Reference `prop:exhaustion' on page 11 undefined on input line 13
  Reference `prop:exhaustion' on page 8 undefined on input line 40
  Reference `prop:graph_cycle_entry' on page 7 undefined on input line 94
  Reference `prop:periods' on page 9 undefined on input line 102
  Reference `sec:effective' on page 10 undefined on input line 46
  Reference `sec:effective' on page 3 undefined on input line 160
  Reference `sec:forcing' on page 4 undefined on input line 79
  Reference `sec:graph' on page 2 undefined on input line 66
  Reference `sec:graph' on page 3 undefined on input line 159
  Reference `sec:levels' on page 10 undefined on input line 132
  Reference `sec:levels' on page 3 undefined on input line 160
  Reference `sec:lines' on page 3 undefined on input line 159
  Reference `sec:phase' on page 3 undefined on input line 158
  Reference `tab:edges' on page 4 undefined on input line 10
  Reference `tab:edges' on page 4 undefined on input line 32
  Reference `tab:edges' on page 5 undefined on input line 16
  Reference `tab:edges' on page 9 undefined on input line 115
  Reference `tab:returns' on page 7 undefined on input line 44
  Reference `tab:returns' on page 9 undefined on input line 117
  Reference `thm:main' on page 10 undefined on input line 49
  Reference `thm:main' on page 2 undefined on input line 75
  Reference `thm:main' on page 8 undefined on input line 35
  Reference `thm:main' on page 9 undefined on input line 108
Latexmk: Examining 'build_round1_01/main.log'
=== TeX engine is 'pdfTeX'
Latexmk: Found bibliography file(s) [references.bib]
Rule 'bibtex build_round1_01/main': File changes, etc:
   Changed files, or newly in use since previous run(s):
      'build_round1_01/main.aux'
------------
Run number 1 of rule 'bibtex build_round1_01/main'
------------
Latexmk: applying rule 'bibtex build_round1_01/main'...
------------
Running 'bibtex  "main.aux"'
------------
Latexmk: Change directory to 'build_round1_01/'.
To assist finding of files in document
directory, I set
  BIBINPUTS='/root/autodl-tmp/hilbert-polya-structure/henon_dynamics/research_c424_c428/papers/C425_fricke_return:build_round1_01:'
  BSTINPUTS='/root/autodl-tmp/hilbert-polya-structure/henon_dynamics/research_c424_c428/papers/C425_fricke_return:'.
This is BibTeX, Version 0.99d (TeX Live 2022/dev/Debian)
The top-level auxiliary file: main.aux
The style file: plainnat.bst
Database file #1: references.bib
Rule 'pdflatex': File changes, etc:
   Changed files, or newly in use since previous run(s):
      'build_round1_01/main.aux'
      'build_round1_01/main.bbl'
      'build_round1_01/main.out'
------------
Run number 2 of rule 'pdflatex'
------------
------------
Running 'pdflatex  -interaction=nonstopmode -halt-on-error -file-line-error -recorder -output-directory="build_round1_01"  "main.tex"'
------------
Latexmk: Change directory back to '/root/autodl-tmp/hilbert-polya-structure/henon_dynamics/research_c424_c428/papers/C425_fricke_return'
Latexmk: applying rule 'pdflatex'...
This is pdfTeX, Version 3.141592653-2.6-1.40.22 (TeX Live 2022/dev/Debian) (preloaded format=pdflatex)
 restricted \write18 enabled.
entering extended mode
(./main.tex
LaTeX2e <2021-11-15> patch level 1
L3 programming layer <2022-01-21>
(/usr/share/texlive/texmf-dist/tex/latex/base/article.cls
Document Class: article 2021/10/04 v1.4n Standard LaTeX document class
(/usr/share/texlive/texmf-dist/tex/latex/base/size11.clo))
(/usr/share/texlive/texmf-dist/tex/latex/geometry/geometry.sty
(/usr/share/texlive/texmf-dist/tex/latex/graphics/keyval.sty)
(/usr/share/texlive/texmf-dist/tex/generic/iftex/ifvtex.sty
(/usr/share/texlive/texmf-dist/tex/generic/iftex/iftex.sty)))
(/usr/share/texlive/texmf-dist/tex/latex/base/fontenc.sty)
(/usr/share/texmf/tex/latex/lm/lmodern.sty)
(/usr/share/texlive/texmf-dist/tex/latex/amsmath/amsmath.sty
For additional information on amsmath, use the `?' option.
(/usr/share/texlive/texmf-dist/tex/latex/amsmath/amstext.sty
(/usr/share/texlive/texmf-dist/tex/latex/amsmath/amsgen.sty))
(/usr/share/texlive/texmf-dist/tex/latex/amsmath/amsbsy.sty)
(/usr/share/texlive/texmf-dist/tex/latex/amsmath/amsopn.sty))
(/usr/share/texlive/texmf-dist/tex/latex/amsfonts/amssymb.sty
(/usr/share/texlive/texmf-dist/tex/latex/amsfonts/amsfonts.sty))
(/usr/share/texlive/texmf-dist/tex/latex/amscls/amsthm.sty)
(/usr/share/texlive/texmf-dist/tex/latex/mathtools/mathtools.sty
(/usr/share/texlive/texmf-dist/tex/latex/tools/calc.sty)
(/usr/share/texlive/texmf-dist/tex/latex/mathtools/mhsetup.sty))
(/usr/share/texlive/texmf-dist/tex/latex/booktabs/booktabs.sty)
(/usr/share/texlive/texmf-dist/tex/latex/tools/array.sty)
(/usr/share/texlive/texmf-dist/tex/latex/tools/tabularx.sty)
(/usr/share/texlive/texmf-dist/tex/latex/natbib/natbib.sty)
(/usr/share/texlive/texmf-dist/tex/latex/xcolor/xcolor.sty
(/usr/share/texlive/texmf-dist/tex/latex/graphics-cfg/color.cfg)
(/usr/share/texlive/texmf-dist/tex/latex/graphics-def/pdftex.def))
(/usr/share/texlive/texmf-dist/tex/latex/hyperref/hyperref.sty
(/usr/share/texlive/texmf-dist/tex/generic/ltxcmds/ltxcmds.sty)
(/usr/share/texlive/texmf-dist/tex/generic/pdftexcmds/pdftexcmds.sty
(/usr/share/texlive/texmf-dist/tex/generic/infwarerr/infwarerr.sty))
(/usr/share/texlive/texmf-dist/tex/generic/kvsetkeys/kvsetkeys.sty)
(/usr/share/texlive/texmf-dist/tex/generic/kvdefinekeys/kvdefinekeys.sty)
(/usr/share/texlive/texmf-dist/tex/generic/pdfescape/pdfescape.sty)
(/usr/share/texlive/texmf-dist/tex/latex/hycolor/hycolor.sty)
(/usr/share/texlive/texmf-dist/tex/latex/letltxmacro/letltxmacro.sty)
(/usr/share/texlive/texmf-dist/tex/latex/auxhook/auxhook.sty)
(/usr/share/texlive/texmf-dist/tex/latex/kvoptions/kvoptions.sty)
(/usr/share/texlive/texmf-dist/tex/latex/hyperref/pd1enc.def)
(/usr/share/texlive/texmf-dist/tex/latex/hyperref/hyperref-langpatches.def)
(/usr/share/texlive/texmf-dist/tex/generic/intcalc/intcalc.sty)
(/usr/share/texlive/texmf-dist/tex/generic/etexcmds/etexcmds.sty)
(/usr/share/texlive/texmf-dist/tex/latex/hyperref/puenc.def)
(/usr/share/texlive/texmf-dist/tex/latex/url/url.sty)
(/usr/share/texlive/texmf-dist/tex/generic/bitset/bitset.sty
(/usr/share/texlive/texmf-dist/tex/generic/bigintcalc/bigintcalc.sty))
(/usr/share/texlive/texmf-dist/tex/latex/base/atbegshi-ltx.sty))
(/usr/share/texlive/texmf-dist/tex/latex/hyperref/hpdftex.def
(/usr/share/texlive/texmf-dist/tex/latex/base/atveryend-ltx.sty)
(/usr/share/texlive/texmf-dist/tex/latex/rerunfilecheck/rerunfilecheck.sty
(/usr/share/texlive/texmf-dist/tex/generic/uniquecounter/uniquecounter.sty)))
(./math_commands.tex) (/usr/share/texmf/tex/latex/lm/t1lmr.fd)
(/usr/share/texlive/texmf-dist/tex/latex/l3backend/l3backend-pdftex.def)
(build_round1_01/main.aux)
*geometry* driver: auto-detecting
*geometry* detected driver: pdftex
(/usr/share/texlive/texmf-dist/tex/latex/graphics/graphicx.sty
(/usr/share/texlive/texmf-dist/tex/latex/graphics/graphics.sty
(/usr/share/texlive/texmf-dist/tex/latex/graphics/trig.sty)
(/usr/share/texlive/texmf-dist/tex/latex/graphics-cfg/graphics.cfg)))
(/usr/share/texlive/texmf-dist/tex/context/base/mkii/supp-pdf.mkii
[Loading MPS to PDF converter (version 2006.09.02).]
) (/usr/share/texlive/texmf-dist/tex/latex/epstopdf-pkg/epstopdf-base.sty
(/usr/share/texlive/texmf-dist/tex/latex/latexconfig/epstopdf-sys.cfg))
(/usr/share/texlive/texmf-dist/tex/latex/hyperref/nameref.sty
(/usr/share/texlive/texmf-dist/tex/latex/refcount/refcount.sty)
(/usr/share/texlive/texmf-dist/tex/generic/gettitlestring/gettitlestring.sty))
(build_round1_01/main.out) (build_round1_01/main.out)
(/usr/share/texmf/tex/latex/lm/ot1lmr.fd)
(/usr/share/texmf/tex/latex/lm/omllmm.fd)
(/usr/share/texmf/tex/latex/lm/omslmsy.fd)
(/usr/share/texmf/tex/latex/lm/omxlmex.fd)
(/usr/share/texlive/texmf-dist/tex/latex/amsfonts/umsa.fd)
(/usr/share/texlive/texmf-dist/tex/latex/amsfonts/umsb.fd)
(./sections/00_abstract.tex) (./sections/01_introduction.tex [1{/var/lib/texmf/
fonts/map/pdftex/updmap/pdftex.map}]

Package natbib Warning: Citation `shin2026character' on page 2 undefined on inp
ut line 82.


Package natbib Warning: Citation `cantat2009bers' on page 2 undefined on input 
line 96.


Package natbib Warning: Citation `c4212026integral' on page 2 undefined on inpu
t line 108.

[2]

Package natbib Warning: Citation `vishkautsan2016residual' on page 3 undefined 
on input line 118.


Package natbib Warning: Citation `abboud2025rigidity' on page 3 undefined on in
put line 121.


Package natbib Warning: Citation `planat2024dynamics' on page 3 undefined on in
put line 124.


Package natbib Warning: Citation `shin2026character' on page 3 undefined on inp
ut line 147.


Package natbib Warning: Citation `cantat2009bers' on page 3 undefined on input 
line 147.


Package natbib Warning: Citation `c4212026integral' on page 3 undefined on inpu
t line 147.

) (./sections/02_phase_lift.tex [3]) (./sections/03_state_graph.tex [4])
(./sections/04_height_forcing.tex [5]) (./sections/05_line_exhaustion.tex
[6] [7]) (./sections/06_effective_classification.tex [8] [9])
(./sections/07_level_counts.tex [10]) (./sections/08_scope.tex) [11]
(build_round1_01/main.bbl (/usr/share/texmf/tex/latex/lm/t1lmtt.fd))

Package natbib Warning: There were undefined citations.

[12] (build_round1_01/main.aux

Package natbib Warning: Citation(s) may have changed.
(natbib)                Rerun to get citations correct.

) ){/usr/share/texmf/fonts/enc/dvips/lm/lm-ec.enc}{/usr/share/texmf/fonts/enc/d
vips/lm/lm-rm.enc}{/usr/share/texmf/fonts/enc/dvips/lm/lm-mathex.enc}{/usr/shar
e/texmf/fonts/enc/dvips/lm/lm-mathit.enc}{/usr/share/texmf/fonts/enc/dvips/lm/l
m-mathsy.enc}</usr/share/texmf/fonts/type1/public/lm/lmbx10.pfb></usr/share/tex
mf/fonts/type1/public/lm/lmbx12.pfb></usr/share/texmf/fonts/type1/public/lm/lme
x10.pfb></usr/share/texmf/fonts/type1/public/lm/lmmi10.pfb></usr/share/texmf/fo
nts/type1/public/lm/lmmi6.pfb></usr/share/texmf/fonts/type1/public/lm/lmmi7.pfb
></usr/share/texmf/fonts/type1/public/lm/lmmi8.pfb></usr/share/texmf/fonts/type
1/public/lm/lmr10.pfb></usr/share/texmf/fonts/type1/public/lm/lmr12.pfb></usr/s
hare/texmf/fonts/type1/public/lm/lmr17.pfb></usr/share/texmf/fonts/type1/public
/lm/lmr6.pfb></usr/share/texmf/fonts/type1/public/lm/lmr7.pfb></usr/share/texmf
/fonts/type1/public/lm/lmr8.pfb></usr/share/texmf/fonts/type1/public/lm/lmri10.
pfb></usr/share/texmf/fonts/type1/public/lm/lmsy10.pfb></usr/share/texmf/fonts/
type1/public/lm/lmsy6.pfb></usr/share/texmf/fonts/type1/public/lm/lmsy7.pfb></u
sr/share/texmf/fonts/type1/public/lm/lmsy8.pfb></usr/share/texmf/fonts/type1/pu
blic/lm/lmtt10.pfb></usr/share/texlive/texmf-dist/fonts/type1/public/amsfonts/s
ymbols/msam10.pfb></usr/share/texlive/texmf-dist/fonts/type1/public/amsfonts/sy
mbols/msbm10.pfb>
Output written on build_round1_01/main.pdf (12 pages, 378061 bytes).
Transcript written on build_round1_01/main.log.
Latexmk: Found input bbl file 'build_round1_01/main.bbl'
Latexmk: References changed.
Latexmk: Log file says output to 'build_round1_01/main.pdf'
Latexmk: List of undefined refs and citations:
  Citation `abboud2025rigidity' on page 3 undefined on input line 121
  Citation `c4212026integral' on page 2 undefined on input line 108
  Citation `c4212026integral' on page 3 undefined on input line 147
  Citation `cantat2009bers' on page 2 undefined on input line 96
  Citation `cantat2009bers' on page 3 undefined on input line 147
  Citation `planat2024dynamics' on page 3 undefined on input line 124
  Citation `shin2026character' on page 2 undefined on input line 82
  Citation `shin2026character' on page 3 undefined on input line 147
  Citation `vishkautsan2016residual' on page 3 undefined on input line 118
Latexmk: Examining 'build_round1_01/main.log'
=== TeX engine is 'pdfTeX'
Latexmk: Found bibliography file(s) [references.bib]
Rule 'bibtex build_round1_01/main': File changes, etc:
   Changed files, or newly in use since previous run(s):
      'build_round1_01/main.aux'
------------
Run number 2 of rule 'bibtex build_round1_01/main'
------------
Latexmk: applying rule 'bibtex build_round1_01/main'...
------------
Running 'bibtex  "main.aux"'
------------
Latexmk: Change directory to 'build_round1_01/'.
To assist finding of files in document
directory, I set
  BIBINPUTS='/root/autodl-tmp/hilbert-polya-structure/henon_dynamics/research_c424_c428/papers/C425_fricke_return:build_round1_01:'
  BSTINPUTS='/root/autodl-tmp/hilbert-polya-structure/henon_dynamics/research_c424_c428/papers/C425_fricke_return:'.
This is BibTeX, Version 0.99d (TeX Live 2022/dev/Debian)
The top-level auxiliary file: main.aux
The style file: plainnat.bst
Database file #1: references.bib
Rule 'pdflatex': File changes, etc:
   Changed files, or newly in use since previous run(s):
      'build_round1_01/main.aux'
------------
Run number 3 of rule 'pdflatex'
------------
------------
Running 'pdflatex  -interaction=nonstopmode -halt-on-error -file-line-error -recorder -output-directory="build_round1_01"  "main.tex"'
------------
Latexmk: Change directory back to '/root/autodl-tmp/hilbert-polya-structure/henon_dynamics/research_c424_c428/papers/C425_fricke_return'
Latexmk: applying rule 'pdflatex'...
This is pdfTeX, Version 3.141592653-2.6-1.40.22 (TeX Live 2022/dev/Debian) (preloaded format=pdflatex)
 restricted \write18 enabled.
entering extended mode
(./main.tex
LaTeX2e <2021-11-15> patch level 1
L3 programming layer <2022-01-21>
(/usr/share/texlive/texmf-dist/tex/latex/base/article.cls
Document Class: article 2021/10/04 v1.4n Standard LaTeX document class
(/usr/share/texlive/texmf-dist/tex/latex/base/size11.clo))
(/usr/share/texlive/texmf-dist/tex/latex/geometry/geometry.sty
(/usr/share/texlive/texmf-dist/tex/latex/graphics/keyval.sty)
(/usr/share/texlive/texmf-dist/tex/generic/iftex/ifvtex.sty
(/usr/share/texlive/texmf-dist/tex/generic/iftex/iftex.sty)))
(/usr/share/texlive/texmf-dist/tex/latex/base/fontenc.sty)
(/usr/share/texmf/tex/latex/lm/lmodern.sty)
(/usr/share/texlive/texmf-dist/tex/latex/amsmath/amsmath.sty
For additional information on amsmath, use the `?' option.
(/usr/share/texlive/texmf-dist/tex/latex/amsmath/amstext.sty
(/usr/share/texlive/texmf-dist/tex/latex/amsmath/amsgen.sty))
(/usr/share/texlive/texmf-dist/tex/latex/amsmath/amsbsy.sty)
(/usr/share/texlive/texmf-dist/tex/latex/amsmath/amsopn.sty))
(/usr/share/texlive/texmf-dist/tex/latex/amsfonts/amssymb.sty
(/usr/share/texlive/texmf-dist/tex/latex/amsfonts/amsfonts.sty))
(/usr/share/texlive/texmf-dist/tex/latex/amscls/amsthm.sty)
(/usr/share/texlive/texmf-dist/tex/latex/mathtools/mathtools.sty
(/usr/share/texlive/texmf-dist/tex/latex/tools/calc.sty)
(/usr/share/texlive/texmf-dist/tex/latex/mathtools/mhsetup.sty))
(/usr/share/texlive/texmf-dist/tex/latex/booktabs/booktabs.sty)
(/usr/share/texlive/texmf-dist/tex/latex/tools/array.sty)
(/usr/share/texlive/texmf-dist/tex/latex/tools/tabularx.sty)
(/usr/share/texlive/texmf-dist/tex/latex/natbib/natbib.sty)
(/usr/share/texlive/texmf-dist/tex/latex/xcolor/xcolor.sty
(/usr/share/texlive/texmf-dist/tex/latex/graphics-cfg/color.cfg)
(/usr/share/texlive/texmf-dist/tex/latex/graphics-def/pdftex.def))
(/usr/share/texlive/texmf-dist/tex/latex/hyperref/hyperref.sty
(/usr/share/texlive/texmf-dist/tex/generic/ltxcmds/ltxcmds.sty)
(/usr/share/texlive/texmf-dist/tex/generic/pdftexcmds/pdftexcmds.sty
(/usr/share/texlive/texmf-dist/tex/generic/infwarerr/infwarerr.sty))
(/usr/share/texlive/texmf-dist/tex/generic/kvsetkeys/kvsetkeys.sty)
(/usr/share/texlive/texmf-dist/tex/generic/kvdefinekeys/kvdefinekeys.sty)
(/usr/share/texlive/texmf-dist/tex/generic/pdfescape/pdfescape.sty)
(/usr/share/texlive/texmf-dist/tex/latex/hycolor/hycolor.sty)
(/usr/share/texlive/texmf-dist/tex/latex/letltxmacro/letltxmacro.sty)
(/usr/share/texlive/texmf-dist/tex/latex/auxhook/auxhook.sty)
(/usr/share/texlive/texmf-dist/tex/latex/kvoptions/kvoptions.sty)
(/usr/share/texlive/texmf-dist/tex/latex/hyperref/pd1enc.def)
(/usr/share/texlive/texmf-dist/tex/latex/hyperref/hyperref-langpatches.def)
(/usr/share/texlive/texmf-dist/tex/generic/intcalc/intcalc.sty)
(/usr/share/texlive/texmf-dist/tex/generic/etexcmds/etexcmds.sty)
(/usr/share/texlive/texmf-dist/tex/latex/hyperref/puenc.def)
(/usr/share/texlive/texmf-dist/tex/latex/url/url.sty)
(/usr/share/texlive/texmf-dist/tex/generic/bitset/bitset.sty
(/usr/share/texlive/texmf-dist/tex/generic/bigintcalc/bigintcalc.sty))
(/usr/share/texlive/texmf-dist/tex/latex/base/atbegshi-ltx.sty))
(/usr/share/texlive/texmf-dist/tex/latex/hyperref/hpdftex.def
(/usr/share/texlive/texmf-dist/tex/latex/base/atveryend-ltx.sty)
(/usr/share/texlive/texmf-dist/tex/latex/rerunfilecheck/rerunfilecheck.sty
(/usr/share/texlive/texmf-dist/tex/generic/uniquecounter/uniquecounter.sty)))
(./math_commands.tex) (/usr/share/texmf/tex/latex/lm/t1lmr.fd)
(/usr/share/texlive/texmf-dist/tex/latex/l3backend/l3backend-pdftex.def)
(build_round1_01/main.aux)
*geometry* driver: auto-detecting
*geometry* detected driver: pdftex
(/usr/share/texlive/texmf-dist/tex/latex/graphics/graphicx.sty
(/usr/share/texlive/texmf-dist/tex/latex/graphics/graphics.sty
(/usr/share/texlive/texmf-dist/tex/latex/graphics/trig.sty)
(/usr/share/texlive/texmf-dist/tex/latex/graphics-cfg/graphics.cfg)))
(/usr/share/texlive/texmf-dist/tex/context/base/mkii/supp-pdf.mkii
[Loading MPS to PDF converter (version 2006.09.02).]
) (/usr/share/texlive/texmf-dist/tex/latex/epstopdf-pkg/epstopdf-base.sty
(/usr/share/texlive/texmf-dist/tex/latex/latexconfig/epstopdf-sys.cfg))
(/usr/share/texlive/texmf-dist/tex/latex/hyperref/nameref.sty
(/usr/share/texlive/texmf-dist/tex/latex/refcount/refcount.sty)
(/usr/share/texlive/texmf-dist/tex/generic/gettitlestring/gettitlestring.sty))
(build_round1_01/main.out) (build_round1_01/main.out)
(/usr/share/texmf/tex/latex/lm/ot1lmr.fd)
(/usr/share/texmf/tex/latex/lm/omllmm.fd)
(/usr/share/texmf/tex/latex/lm/omslmsy.fd)
(/usr/share/texmf/tex/latex/lm/omxlmex.fd)
(/usr/share/texlive/texmf-dist/tex/latex/amsfonts/umsa.fd)
(/usr/share/texlive/texmf-dist/tex/latex/amsfonts/umsb.fd)
(./sections/00_abstract.tex) (./sections/01_introduction.tex [1{/var/lib/texmf/
fonts/map/pdftex/updmap/pdftex.map}] [2]) (./sections/02_phase_lift.tex
[3]) (./sections/03_state_graph.tex [4]) (./sections/04_height_forcing.tex
[5]) (./sections/05_line_exhaustion.tex [6] [7])
(./sections/06_effective_classification.tex [8] [9])
(./sections/07_level_counts.tex [10]) (./sections/08_scope.tex) [11]
(build_round1_01/main.bbl (/usr/share/texmf/tex/latex/lm/t1lmtt.fd)) [12]
(build_round1_01/main.aux) ){/usr/share/texmf/fonts/enc/dvips/lm/lm-ec.enc}{/us
r/share/texmf/fonts/enc/dvips/lm/lm-rm.enc}{/usr/share/texmf/fonts/enc/dvips/lm
/lm-mathex.enc}{/usr/share/texmf/fonts/enc/dvips/lm/lm-mathit.enc}{/usr/share/t
exmf/fonts/enc/dvips/lm/lm-mathsy.enc}</usr/share/texmf/fonts/type1/public/lm/l
mbx10.pfb></usr/share/texmf/fonts/type1/public/lm/lmbx12.pfb></usr/share/texmf/
fonts/type1/public/lm/lmex10.pfb></usr/share/texmf/fonts/type1/public/lm/lmmi10
.pfb></usr/share/texmf/fonts/type1/public/lm/lmmi6.pfb></usr/share/texmf/fonts/
type1/public/lm/lmmi7.pfb></usr/share/texmf/fonts/type1/public/lm/lmmi8.pfb></u
sr/share/texmf/fonts/type1/public/lm/lmr10.pfb></usr/share/texmf/fonts/type1/pu
blic/lm/lmr12.pfb></usr/share/texmf/fonts/type1/public/lm/lmr17.pfb></usr/share
/texmf/fonts/type1/public/lm/lmr6.pfb></usr/share/texmf/fonts/type1/public/lm/l
mr7.pfb></usr/share/texmf/fonts/type1/public/lm/lmr8.pfb></usr/share/texmf/font
s/type1/public/lm/lmri10.pfb></usr/share/texmf/fonts/type1/public/lm/lmsy10.pfb
></usr/share/texmf/fonts/type1/public/lm/lmsy6.pfb></usr/share/texmf/fonts/type
1/public/lm/lmsy7.pfb></usr/share/texmf/fonts/type1/public/lm/lmsy8.pfb></usr/s
hare/texmf/fonts/type1/public/lm/lmtt10.pfb></usr/share/texlive/texmf-dist/font
s/type1/public/amsfonts/symbols/msam10.pfb></usr/share/texlive/texmf-dist/fonts
/type1/public/amsfonts/symbols/msbm10.pfb>
Output written on build_round1_01/main.pdf (12 pages, 378223 bytes).
Transcript written on build_round1_01/main.log.
Latexmk: Found input bbl file 'build_round1_01/main.bbl'
Latexmk: Log file says output to 'build_round1_01/main.pdf'
Latexmk: Examining 'build_round1_01/main.log'
=== TeX engine is 'pdfTeX'
Latexmk: Found bibliography file(s) [references.bib]
Latexmk: All targets (build_round1_01/main.pdf) are up-to-date
