This is pdfTeX, Version 3.141592653-2.6-1.40.22 (TeX Live 2022/dev/Debian) (preloaded format=pdflatex 2026.8.5)  1 JAN 1970 00:00
entering extended mode
 file:line:error style messages enabled.
 %&-line parsing enabled.
**main.tex
(./main.tex
LaTeX2e <2021-11-15> patch level 1
L3 programming layer <2022-01-21>
(/usr/share/texlive/texmf-dist/tex/latex/base/article.cls
Document Class: article 2021/10/04 v1.4n Standard LaTeX document class
(/usr/share/texlive/texmf-dist/tex/latex/base/size11.clo
File: size11.clo 2021/10/04 v1.4n Standard LaTeX file (size option)
)
\c@part=\count185
\c@section=\count186
\c@subsection=\count187
\c@subsubsection=\count188
\c@paragraph=\count189
\c@subparagraph=\count190
\c@figure=\count191
\c@table=\count192
\abovecaptionskip=\skip47
\belowcaptionskip=\skip48
\bibindent=\dimen138
)
(/usr/share/texmf/tex/latex/lm/lmodern.sty
Package: lmodern 2009/10/30 v1.6 Latin Modern Fonts
LaTeX Font Info:    Overwriting symbol font `operators' in version `normal'
(Font)                  OT1/cmr/m/n --> OT1/lmr/m/n on input line 22.
LaTeX Font Info:    Overwriting symbol font `letters' in version `normal'
(Font)                  OML/cmm/m/it --> OML/lmm/m/it on input line 23.
LaTeX Font Info:    Overwriting symbol font `symbols' in version `normal'
(Font)                  OMS/cmsy/m/n --> OMS/lmsy/m/n on input line 24.
LaTeX Font Info:    Overwriting symbol font `largesymbols' in version `normal'
(Font)                  OMX/cmex/m/n --> OMX/lmex/m/n on input line 25.
LaTeX Font Info:    Overwriting symbol font `operators' in version `bold'
(Font)                  OT1/cmr/bx/n --> OT1/lmr/bx/n on input line 26.
LaTeX Font Info:    Overwriting symbol font `letters' in version `bold'
(Font)                  OML/cmm/b/it --> OML/lmm/b/it on input line 27.
LaTeX Font Info:    Overwriting symbol font `symbols' in version `bold'
(Font)                  OMS/cmsy/b/n --> OMS/lmsy/b/n on input line 28.
LaTeX Font Info:    Overwriting symbol font `largesymbols' in version `bold'
(Font)                  OMX/cmex/m/n --> OMX/lmex/m/n on input line 29.
LaTeX Font Info:    Overwriting math alphabet `\mathbf' in version `normal'
(Font)                  OT1/cmr/bx/n --> OT1/lmr/bx/n on input line 31.
LaTeX Font Info:    Overwriting math alphabet `\mathsf' in version `normal'
(Font)                  OT1/cmss/m/n --> OT1/lmss/m/n on input line 32.
LaTeX Font Info:    Overwriting math alphabet `\mathit' in version `normal'
(Font)                  OT1/cmr/m/it --> OT1/lmr/m/it on input line 33.
LaTeX Font Info:    Overwriting math alphabet `\mathtt' in version `normal'
(Font)                  OT1/cmtt/m/n --> OT1/lmtt/m/n on input line 34.
LaTeX Font Info:    Overwriting math alphabet `\mathbf' in version `bold'
(Font)                  OT1/cmr/bx/n --> OT1/lmr/bx/n on input line 35.
LaTeX Font Info:    Overwriting math alphabet `\mathsf' in version `bold'
(Font)                  OT1/cmss/bx/n --> OT1/lmss/bx/n on input line 36.
LaTeX Font Info:    Overwriting math alphabet `\mathit' in version `bold'
(Font)                  OT1/cmr/bx/it --> OT1/lmr/bx/it on input line 37.
LaTeX Font Info:    Overwriting math alphabet `\mathtt' in version `bold'
(Font)                  OT1/cmtt/m/n --> OT1/lmtt/m/n on input line 38.
)
(/usr/share/texlive/texmf-dist/tex/latex/base/fontenc.sty
Package: fontenc 2021/04/29 v2.0v Standard LaTeX package
LaTeX Font Info:    Trying to load font information for T1+lmr on input line 11
2.

(/usr/share/texmf/tex/latex/lm/t1lmr.fd
File: t1lmr.fd 2009/10/30 v1.6 Font defs for Latin Modern
))
(/usr/share/texlive/texmf-dist/tex/latex/base/inputenc.sty
Package: inputenc 2021/02/14 v1.3d Input encoding file
\inpenc@prehook=\toks16
\inpenc@posthook=\toks17
)
(/usr/share/texlive/texmf-dist/tex/latex/geometry/geometry.sty
Package: geometry 2020/01/02 v5.9 Page Geometry

(/usr/share/texlive/texmf-dist/tex/latex/graphics/keyval.sty
Package: keyval 2014/10/28 v1.15 key=value parser (DPC)
\KV@toks@=\toks18
)
(/usr/share/texlive/texmf-dist/tex/generic/iftex/ifvtex.sty
Package: ifvtex 2019/10/25 v1.7 ifvtex legacy package. Use iftex instead.

(/usr/share/texlive/texmf-dist/tex/generic/iftex/iftex.sty
Package: iftex 2020/03/06 v1.0d TeX engine tests
))
\Gm@cnth=\count193
\Gm@cntv=\count194
\c@Gm@tempcnt=\count195
\Gm@bindingoffset=\dimen139
\Gm@wd@mp=\dimen140
\Gm@odd@mp=\dimen141
\Gm@even@mp=\dimen142
\Gm@layoutwidth=\dimen143
\Gm@layoutheight=\dimen144
\Gm@layouthoffset=\dimen145
\Gm@layoutvoffset=\dimen146
\Gm@dimlist=\toks19
)
(/usr/share/texlive/texmf-dist/tex/latex/amsmath/amsmath.sty
Package: amsmath 2021/10/15 v2.17l AMS math features
\@mathmargin=\skip49

For additional information on amsmath, use the `?' option.
(/usr/share/texlive/texmf-dist/tex/latex/amsmath/amstext.sty
Package: amstext 2021/08/26 v2.01 AMS text

(/usr/share/texlive/texmf-dist/tex/latex/amsmath/amsgen.sty
File: amsgen.sty 1999/11/30 v2.0 generic functions
\@emptytoks=\toks20
\ex@=\dimen147
))
(/usr/share/texlive/texmf-dist/tex/latex/amsmath/amsbsy.sty
Package: amsbsy 1999/11/29 v1.2d Bold Symbols
\pmbraise@=\dimen148
)
(/usr/share/texlive/texmf-dist/tex/latex/amsmath/amsopn.sty
Package: amsopn 2021/08/26 v2.02 operator names
)
\inf@bad=\count196
LaTeX Info: Redefining \frac on input line 234.
\uproot@=\count197
\leftroot@=\count198
LaTeX Info: Redefining \overline on input line 399.
\classnum@=\count199
\DOTSCASE@=\count266
LaTeX Info: Redefining \ldots on input line 496.
LaTeX Info: Redefining \dots on input line 499.
LaTeX Info: Redefining \cdots on input line 620.
\Mathstrutbox@=\box50
\strutbox@=\box51
\big@size=\dimen149
LaTeX Font Info:    Redeclaring font encoding OML on input line 743.
LaTeX Font Info:    Redeclaring font encoding OMS on input line 744.
\macc@depth=\count267
\c@MaxMatrixCols=\count268
\dotsspace@=\muskip16
\c@parentequation=\count269
\dspbrk@lvl=\count270
\tag@help=\toks21
\row@=\count271
\column@=\count272
\maxfields@=\count273
\andhelp@=\toks22
\eqnshift@=\dimen150
\alignsep@=\dimen151
\tagshift@=\dimen152
\tagwidth@=\dimen153
\totwidth@=\dimen154
\lineht@=\dimen155
\@envbody=\toks23
\multlinegap=\skip50
\multlinetaggap=\skip51
\mathdisplay@stack=\toks24
LaTeX Info: Redefining \[ on input line 2938.
LaTeX Info: Redefining \] on input line 2939.
)
(/usr/share/texlive/texmf-dist/tex/latex/amsfonts/amssymb.sty
Package: amssymb 2013/01/14 v3.01 AMS font symbols

(/usr/share/texlive/texmf-dist/tex/latex/amsfonts/amsfonts.sty
Package: amsfonts 2013/01/14 v3.01 Basic AMSFonts support
\symAMSa=\mathgroup4
\symAMSb=\mathgroup5
LaTeX Font Info:    Redeclaring math symbol \hbar on input line 98.
LaTeX Font Info:    Overwriting math alphabet `\mathfrak' in version `bold'
(Font)                  U/euf/m/n --> U/euf/b/n on input line 106.
))
(/usr/share/texlive/texmf-dist/tex/latex/amscls/amsthm.sty
Package: amsthm 2020/05/29 v2.20.6
\thm@style=\toks25
\thm@bodyfont=\toks26
\thm@headfont=\toks27
\thm@notefont=\toks28
\thm@headpunct=\toks29
\thm@preskip=\skip52
\thm@postskip=\skip53
\thm@headsep=\skip54
\dth@everypar=\toks30
)
(/usr/share/texlive/texmf-dist/tex/latex/mathtools/mathtools.sty
Package: mathtools 2021/02/02 v1.28 mathematical typesetting tools

(/usr/share/texlive/texmf-dist/tex/latex/tools/calc.sty
Package: calc 2017/05/25 v4.3 Infix arithmetic (KKT,FJ)
\calc@Acount=\count274
\calc@Bcount=\count275
\calc@Adimen=\dimen156
\calc@Bdimen=\dimen157
\calc@Askip=\skip55
\calc@Bskip=\skip56
LaTeX Info: Redefining \setlength on input line 80.
LaTeX Info: Redefining \addtolength on input line 81.
\calc@Ccount=\count276
\calc@Cskip=\skip57
)
(/usr/share/texlive/texmf-dist/tex/latex/mathtools/mhsetup.sty
Package: mhsetup 2021/03/18 v1.4 programming setup (MH)
)
\g_MT_multlinerow_int=\count277
\l_MT_multwidth_dim=\dimen158
\origjot=\skip58
\l_MT_shortvdotswithinadjustabove_dim=\dimen159
\l_MT_shortvdotswithinadjustbelow_dim=\dimen160
\l_MT_above_intertext_sep=\dimen161
\l_MT_below_intertext_sep=\dimen162
\l_MT_above_shortintertext_sep=\dimen163
\l_MT_below_shortintertext_sep=\dimen164
\xmathstrut@box=\box52
\xmathstrut@dim=\dimen165
)
(/usr/share/texlive/texmf-dist/tex/latex/booktabs/booktabs.sty
Package: booktabs 2020/01/12 v1.61803398 Publication quality tables
\heavyrulewidth=\dimen166
\lightrulewidth=\dimen167
\cmidrulewidth=\dimen168
\belowrulesep=\dimen169
\belowbottomsep=\dimen170
\aboverulesep=\dimen171
\abovetopsep=\dimen172
\cmidrulesep=\dimen173
\cmidrulekern=\dimen174
\defaultaddspace=\dimen175
\@cmidla=\count278
\@cmidlb=\count279
\@aboverulesep=\dimen176
\@belowrulesep=\dimen177
\@thisruleclass=\count280
\@lastruleclass=\count281
\@thisrulewidth=\dimen178
)
(/usr/share/texlive/texmf-dist/tex/latex/tools/array.sty
Package: array 2021/10/04 v2.5f Tabular extension package (FMi)
\col@sep=\dimen179
\ar@mcellbox=\box53
\extrarowheight=\dimen180
\NC@list=\toks31
\extratabsurround=\skip59
\backup@length=\skip60
\ar@cellbox=\box54
)
(/usr/share/texlive/texmf-dist/tex/latex/natbib/natbib.sty
Package: natbib 2010/09/13 8.31b (PWD, AO)
\bibhang=\skip61
\bibsep=\skip62
LaTeX Info: Redefining \cite on input line 694.
\c@NAT@ctr=\count282
)
(/usr/share/texlive/texmf-dist/tex/latex/hyperref/hyperref.sty
Package: hyperref 2021-06-07 v7.00m Hypertext links for LaTeX

(/usr/share/texlive/texmf-dist/tex/generic/ltxcmds/ltxcmds.sty
Package: ltxcmds 2020-05-10 v1.25 LaTeX kernel commands for general use (HO)
)
(/usr/share/texlive/texmf-dist/tex/generic/pdftexcmds/pdftexcmds.sty
Package: pdftexcmds 2020-06-27 v0.33 Utility functions of pdfTeX for LuaTeX (HO
)

(/usr/share/texlive/texmf-dist/tex/generic/infwarerr/infwarerr.sty
Package: infwarerr 2019/12/03 v1.5 Providing info/warning/error messages (HO)
)
Package pdftexcmds Info: \pdf@primitive is available.
Package pdftexcmds Info: \pdf@ifprimitive is available.
Package pdftexcmds Info: \pdfdraftmode found.
)
(/usr/share/texlive/texmf-dist/tex/generic/kvsetkeys/kvsetkeys.sty
Package: kvsetkeys 2019/12/15 v1.18 Key value parser (HO)
)
(/usr/share/texlive/texmf-dist/tex/generic/kvdefinekeys/kvdefinekeys.sty
Package: kvdefinekeys 2019-12-19 v1.6 Define keys (HO)
)
(/usr/share/texlive/texmf-dist/tex/generic/pdfescape/pdfescape.sty
Package: pdfescape 2019/12/09 v1.15 Implements pdfTeX's escape features (HO)
)
(/usr/share/texlive/texmf-dist/tex/latex/hycolor/hycolor.sty
Package: hycolor 2020-01-27 v1.10 Color options for hyperref/bookmark (HO)
)
(/usr/share/texlive/texmf-dist/tex/latex/letltxmacro/letltxmacro.sty
Package: letltxmacro 2019/12/03 v1.6 Let assignment for LaTeX macros (HO)
)
(/usr/share/texlive/texmf-dist/tex/latex/auxhook/auxhook.sty
Package: auxhook 2019-12-17 v1.6 Hooks for auxiliary files (HO)
)
(/usr/share/texlive/texmf-dist/tex/latex/kvoptions/kvoptions.sty
Package: kvoptions 2020-10-07 v3.14 Key value format for package options (HO)
)
\@linkdim=\dimen181
\Hy@linkcounter=\count283
\Hy@pagecounter=\count284

(/usr/share/texlive/texmf-dist/tex/latex/hyperref/pd1enc.def
File: pd1enc.def 2021-06-07 v7.00m Hyperref: PDFDocEncoding definition (HO)
Now handling font encoding PD1 ...
... no UTF-8 mapping file for font encoding PD1
)
(/usr/share/texlive/texmf-dist/tex/latex/hyperref/hyperref-langpatches.def
File: hyperref-langpatches.def 2021-06-07 v7.00m Hyperref: patches for babel la
nguages
)
(/usr/share/texlive/texmf-dist/tex/generic/intcalc/intcalc.sty
Package: intcalc 2019/12/15 v1.3 Expandable calculations with integers (HO)
)
(/usr/share/texlive/texmf-dist/tex/generic/etexcmds/etexcmds.sty
Package: etexcmds 2019/12/15 v1.7 Avoid name clashes with e-TeX commands (HO)
)
\Hy@SavedSpaceFactor=\count285

(/usr/share/texlive/texmf-dist/tex/latex/hyperref/puenc.def
File: puenc.def 2021-06-07 v7.00m Hyperref: PDF Unicode definition (HO)
Now handling font encoding PU ...
... no UTF-8 mapping file for font encoding PU
)
Package hyperref Info: Hyper figures OFF on input line 4192.
Package hyperref Info: Link nesting OFF on input line 4197.
Package hyperref Info: Hyper index ON on input line 4200.
Package hyperref Info: Plain pages OFF on input line 4207.
Package hyperref Info: Backreferencing OFF on input line 4212.
Package hyperref Info: Implicit mode ON; LaTeX internals redefined.
Package hyperref Info: Bookmarks ON on input line 4445.
\c@Hy@tempcnt=\count286

(/usr/share/texlive/texmf-dist/tex/latex/url/url.sty
\Urlmuskip=\muskip17
Package: url 2013/09/16  ver 3.4  Verb mode for urls, etc.
)
LaTeX Info: Redefining \url on input line 4804.
\XeTeXLinkMargin=\dimen182

(/usr/share/texlive/texmf-dist/tex/generic/bitset/bitset.sty
Package: bitset 2019/12/09 v1.3 Handle bit-vector datatype (HO)

(/usr/share/texlive/texmf-dist/tex/generic/bigintcalc/bigintcalc.sty
Package: bigintcalc 2019/12/15 v1.5 Expandable calculations on big integers (HO
)
))
\Fld@menulength=\count287
\Field@Width=\dimen183
\Fld@charsize=\dimen184
Package hyperref Info: Hyper figures OFF on input line 6076.
Package hyperref Info: Link nesting OFF on input line 6081.
Package hyperref Info: Hyper index ON on input line 6084.
Package hyperref Info: backreferencing OFF on input line 6091.
Package hyperref Info: Link coloring OFF on input line 6096.
Package hyperref Info: Link coloring with OCG OFF on input line 6101.
Package hyperref Info: PDF/A mode OFF on input line 6106.
LaTeX Info: Redefining \ref on input line 6146.
LaTeX Info: Redefining \pageref on input line 6150.

(/usr/share/texlive/texmf-dist/tex/latex/base/atbegshi-ltx.sty
Package: atbegshi-ltx 2021/01/10 v1.0c Emulation of the original atbegshi
package with kernel methods
)
\Hy@abspage=\count288
\c@Item=\count289
\c@Hfootnote=\count290
)
Package hyperref Info: Driver (autodetected): hpdftex.

(/usr/share/texlive/texmf-dist/tex/latex/hyperref/hpdftex.def
File: hpdftex.def 2021-06-07 v7.00m Hyperref driver for pdfTeX

(/usr/share/texlive/texmf-dist/tex/latex/base/atveryend-ltx.sty
Package: atveryend-ltx 2020/08/19 v1.0a Emulation of the original atveryend pac
kage
with kernel methods
)
\Fld@listcount=\count291
\c@bookmark@seq@number=\count292

(/usr/share/texlive/texmf-dist/tex/latex/rerunfilecheck/rerunfilecheck.sty
Package: rerunfilecheck 2019/12/05 v1.9 Rerun checks for auxiliary files (HO)

(/usr/share/texlive/texmf-dist/tex/generic/uniquecounter/uniquecounter.sty
Package: uniquecounter 2019/12/15 v1.4 Provide unlimited unique counter (HO)
)
Package uniquecounter Info: New unique counter `rerunfilecheck' on input line 2
86.
)
\Hy@SectionHShift=\skip63
)
(./macros.tex
\c@theorem=\count293
)
(/usr/share/texlive/texmf-dist/tex/latex/l3backend/l3backend-pdftex.def
File: l3backend-pdftex.def 2022-01-12 L3 backend support: PDF output (pdfTeX)
\l__color_backend_stack_int=\count294
\l__pdf_internal_box=\box55
)
No file main.aux.
\openout1 = `main.aux'.

LaTeX Font Info:    Checking defaults for OML/cmm/m/it on input line 24.
LaTeX Font Info:    ... okay on input line 24.
LaTeX Font Info:    Checking defaults for OMS/cmsy/m/n on input line 24.
LaTeX Font Info:    ... okay on input line 24.
LaTeX Font Info:    Checking defaults for OT1/cmr/m/n on input line 24.
LaTeX Font Info:    ... okay on input line 24.
LaTeX Font Info:    Checking defaults for T1/cmr/m/n on input line 24.
LaTeX Font Info:    ... okay on input line 24.
LaTeX Font Info:    Checking defaults for TS1/cmr/m/n on input line 24.
LaTeX Font Info:    ... okay on input line 24.
LaTeX Font Info:    Checking defaults for OMX/cmex/m/n on input line 24.
LaTeX Font Info:    ... okay on input line 24.
LaTeX Font Info:    Checking defaults for U/cmr/m/n on input line 24.
LaTeX Font Info:    ... okay on input line 24.
LaTeX Font Info:    Checking defaults for PD1/pdf/m/n on input line 24.
LaTeX Font Info:    ... okay on input line 24.
LaTeX Font Info:    Checking defaults for PU/pdf/m/n on input line 24.
LaTeX Font Info:    ... okay on input line 24.
*geometry* driver: auto-detecting
*geometry* detected driver: pdftex
*geometry* verbose mode - [ preamble ] result:
* driver: pdftex
* paper: letterpaper
* layout: <same size as paper>
* layoutoffset:(h,v)=(0.0pt,0.0pt)
* modes: 
* h-part:(L,W,R)=(72.26999pt, 469.75502pt, 72.26999pt)
* v-part:(T,H,B)=(72.26999pt, 650.43001pt, 72.26999pt)
* \paperwidth=614.295pt
* \paperheight=794.96999pt
* \textwidth=469.75502pt
* \textheight=650.43001pt
* \oddsidemargin=0.0pt
* \evensidemargin=0.0pt
* \topmargin=-37.0pt
* \headheight=12.0pt
* \headsep=25.0pt
* \topskip=11.0pt
* \footskip=30.0pt
* \marginparwidth=59.0pt
* \marginparsep=10.0pt
* \columnsep=10.0pt
* \skip\footins=10.0pt plus 4.0pt minus 2.0pt
* \hoffset=0.0pt
* \voffset=0.0pt
* \mag=1000
* \@twocolumnfalse
* \@twosidefalse
* \@mparswitchfalse
* \@reversemarginfalse
* (1in=72.27pt=25.4mm, 1cm=28.453pt)

(/usr/share/texlive/texmf-dist/tex/latex/graphics/graphicx.sty
Package: graphicx 2021/09/16 v1.2d Enhanced LaTeX Graphics (DPC,SPQR)

(/usr/share/texlive/texmf-dist/tex/latex/graphics/graphics.sty
Package: graphics 2021/03/04 v1.4d Standard LaTeX Graphics (DPC,SPQR)

(/usr/share/texlive/texmf-dist/tex/latex/graphics/trig.sty
Package: trig 2021/08/11 v1.11 sin cos tan (DPC)
)
(/usr/share/texlive/texmf-dist/tex/latex/graphics-cfg/graphics.cfg
File: graphics.cfg 2016/06/04 v1.11 sample graphics configuration
)
Package graphics Info: Driver file: pdftex.def on input line 107.

(/usr/share/texlive/texmf-dist/tex/latex/graphics-def/pdftex.def
File: pdftex.def 2020/10/05 v1.2a Graphics/color driver for pdftex

(/usr/share/texlive/texmf-dist/tex/context/base/mkii/supp-pdf.mkii
[Loading MPS to PDF converter (version 2006.09.02).]
\scratchcounter=\count295
\scratchdimen=\dimen185
\scratchbox=\box56
\nofMPsegments=\count296
\nofMParguments=\count297
\everyMPshowfont=\toks32
\MPscratchCnt=\count298
\MPscratchDim=\dimen186
\MPnumerator=\count299
\makeMPintoPDFobject=\count300
\everyMPtoPDFconversion=\toks33
)))
\Gin@req@height=\dimen187
\Gin@req@width=\dimen188
)
Package hyperref Info: Link coloring OFF on input line 24.
 (/usr/share/texlive/texmf-dist/tex/latex/hyperref/nameref.sty
Package: nameref 2021-04-02 v2.47 Cross-referencing by name of section

(/usr/share/texlive/texmf-dist/tex/latex/refcount/refcount.sty
Package: refcount 2019/12/15 v3.6 Data extraction from label references (HO)
)
(/usr/share/texlive/texmf-dist/tex/generic/gettitlestring/gettitlestring.sty
Package: gettitlestring 2019/12/15 v1.6 Cleanup title references (HO)
)
\c@section@level=\count301
)
LaTeX Info: Redefining \ref on input line 24.
LaTeX Info: Redefining \pageref on input line 24.
LaTeX Info: Redefining \nameref on input line 24.
\@outlinefile=\write3
\openout3 = `main.out'.

LaTeX Font Info:    Trying to load font information for OT1+lmr on input line 2
6.

(/usr/share/texmf/tex/latex/lm/ot1lmr.fd
File: ot1lmr.fd 2009/10/30 v1.6 Font defs for Latin Modern
)
LaTeX Font Info:    Trying to load font information for OML+lmm on input line 2
6.

(/usr/share/texmf/tex/latex/lm/omllmm.fd
File: omllmm.fd 2009/10/30 v1.6 Font defs for Latin Modern
)
LaTeX Font Info:    Trying to load font information for OMS+lmsy on input line 
26.

(/usr/share/texmf/tex/latex/lm/omslmsy.fd
File: omslmsy.fd 2009/10/30 v1.6 Font defs for Latin Modern
)
LaTeX Font Info:    Trying to load font information for OMX+lmex on input line 
26.

(/usr/share/texmf/tex/latex/lm/omxlmex.fd
File: omxlmex.fd 2009/10/30 v1.6 Font defs for Latin Modern
)
LaTeX Font Info:    External font `lmex10' loaded for size
(Font)              <12> on input line 26.
LaTeX Font Info:    External font `lmex10' loaded for size
(Font)              <8> on input line 26.
LaTeX Font Info:    External font `lmex10' loaded for size
(Font)              <6> on input line 26.
LaTeX Font Info:    Trying to load font information for U+msa on input line 26.


(/usr/share/texlive/texmf-dist/tex/latex/amsfonts/umsa.fd
File: umsa.fd 2013/01/14 v3.01 AMS symbols A
)
LaTeX Font Info:    Trying to load font information for U+msb on input line 26.


(/usr/share/texlive/texmf-dist/tex/latex/amsfonts/umsb.fd
File: umsb.fd 2013/01/14 v3.01 AMS symbols B
)
(./sections/01-introduction.tex

Package natbib Warning: Citation `JoshiRoffelsen2026' on page 1 undefined on in
put line 27.

LaTeX Font Info:    External font `lmex10' loaded for size
(Font)              <10.95> on input line 28.
[1

{/var/lib/texmf/fonts/map/pdftex/updmap/pdftex.map}]

LaTeX Warning: Reference `geom:section' on page 2 undefined on input line 63.


LaTeX Warning: Reference `trace:regular' on page 2 undefined on input line 87.


LaTeX Warning: Reference `spec:section' on page 2 undefined on input line 105.


LaTeX Warning: Reference `hasse:section' on page 2 undefined on input line 105.


LaTeX Font Info:    Trying to load font information for U+euf on input line 110
.
(/usr/share/texlive/texmf-dist/tex/latex/amsfonts/ueuf.fd
File: ueuf.fd 2013/01/14 v3.01 Euler Fraktur
) [2]

LaTeX Warning: Reference `first:section' on page 3 undefined on input line 148.



LaTeX Warning: Reference `main:first-ideal' on page 3 undefined on input line 1
49.


LaTeX Warning: Reference `main:first' on page 3 undefined on input line 177.


LaTeX Warning: Reference `odd:section' on page 3 undefined on input line 178.


LaTeX Warning: Reference `two:section' on page 3 undefined on input line 211.


LaTeX Warning: Reference `main:length-five' on page 3 undefined on input line 2
13.

[3]

Package natbib Warning: Citation `JoshiLobb2016' on page 4 undefined on input l
ine 247.


Package natbib Warning: Citation `JoshiRoffelsen2026' on page 4 undefined on in
put line 247.


Package natbib Warning: Citation `GrossHackingKeel2015' on page 4 undefined on 
input line 250.


Package natbib Warning: Citation `CantatDolgachev2012' on page 4 undefined on i
nput line 250.


Package natbib Warning: Citation `Beauville1990' on page 4 undefined on input l
ine 254.


Package natbib Warning: Citation `InoueVanhaeckeYamazaki2015' on page 4 undefin
ed on input line 254.


Package natbib Warning: Citation `StacksProject2026' on page 4 undefined on inp
ut line 258.


Package natbib Warning: Citation `AchterHowe2019' on page 4 undefined on input 
line 263.


Package natbib Warning: Citation `Vlasenko2018' on page 4 undefined on input li
ne 266.


Package natbib Warning: Citation `BeukersVlasenko2021' on page 4 undefined on i
nput line 270.


Package natbib Warning: Citation `Vlasenko2024' on page 4 undefined on input li
ne 270.


Package natbib Warning: Citation `DeligneIllusie1987' on page 4 undefined on in
put line 276.


Package natbib Warning: Citation `DupuyZureickBrown2019' on page 4 undefined on
 input line 276.


Package natbib Warning: Citation `DupuyKatzRabinoffZureickBrown2019' on page 4 
undefined on input line 276.


Package natbib Warning: Citation `Shimada2026' on page 4 undefined on input lin
e 278.


Package natbib Warning: Citation `KoroteevSmirnov2026' on page 4 undefined on i
nput line 283.


Package natbib Warning: Citation `LubinTate1966' on page 4 undefined on input l
ine 286.

[4]

LaTeX Warning: Reference `geom:section' on page 5 undefined on input line 292.


LaTeX Warning: Reference `hasse:section' on page 5 undefined on input line 292.



LaTeX Warning: Reference `trace:section' on page 5 undefined on input line 294.



LaTeX Warning: Reference `first:section' on page 5 undefined on input line 294.



LaTeX Warning: Reference `odd:section' on page 5 undefined on input line 295.


LaTeX Warning: Reference `two:section' on page 5 undefined on input line 296.

) (./sections/02-surface-pencil.tex

Package natbib Warning: Citation `JoshiRoffelsen2026' on page 5 undefined on in
put line 27.


LaTeX Warning: Reference `geom:charts' on page 5 undefined on input line 53.


LaTeX Warning: Reference `geom:charts' on page 5 undefined on input line 67.

[5]

LaTeX Warning: Reference `geom:boundary-order' on page 6 undefined on input lin
e 83.


LaTeX Warning: Reference `geom:charts' on page 6 undefined on input line 100.


LaTeX Warning: Reference `main:matrix' on page 6 undefined on input line 117.


LaTeX Warning: Reference `main:integral' on page 6 undefined on input line 117.



Package natbib Warning: Citation `JoshiRoffelsen2026' on page 6 undefined on in
put line 131.


LaTeX Warning: Reference `geom:laurent-input' on page 6 undefined on input line
 146.

[6]

LaTeX Warning: Reference `geom:laurent-input' on page 7 undefined on input line
 185.

[7]

Package natbib Warning: Citation `CantatDolgachev2012' on page 8 undefined on i
nput line 231.


LaTeX Warning: Reference `geom:boundary-order' on page 8 undefined on input lin
e 277.


LaTeX Warning: Reference `geom:surface' on page 8 undefined on input line 286.


LaTeX Warning: Reference `geom:node-frames' on page 8 undefined on input line 2
88.

[8]

LaTeX Warning: Reference `geom:boundary-complex' on page 9 undefined on input l
ine 318.


LaTeX Warning: Reference `geom:constants' on page 9 undefined on input line 367
.


LaTeX Warning: Reference `geom:poles' on page 9 undefined on input line 370.


Package natbib Warning: Citation `StacksProject2026' on page 9 undefined on inp
ut line 374.

[9]) (./sections/03-spectral-jacobian.tex

LaTeX Warning: Reference `geom:pencil' on page 10 undefined on input line 8.


Package natbib Warning: Citation `Beauville1990' on page 10 undefined on input 
line 11.


Package natbib Warning: Citation `InoueVanhaeckeYamazaki2015' on page 10 undefi
ned on input line 11.

[10]

LaTeX Warning: Reference `spec:critical-algebra' on page 11 undefined on input 
line 104.

[11]

LaTeX Warning: Reference `spec:birational-change' on page 12 undefined on input
 line 182.

[12]

LaTeX Warning: Reference `main:matrix' on page 13 undefined on input line 209.


LaTeX Warning: Reference `spec:module-pushdown' on page 13 undefined on input l
ine 245.

[13]

LaTeX Warning: Reference `spec:state-inverse' on page 14 undefined on input lin
e 303.


Overfull \hbox (9.96825pt too wide) in paragraph at lines 313--321
[]\T1/lmr/m/it/10.95 The fixed Pi-card dif-fer-ence. \T1/lmr/m/n/10.95 Cycli-ca
lly ro-tat-ing the orig-i-nal prod-uct gives $\OML/lmm/m/it/10.95 M\OT1/lmr/m/n
/10.95 (\OML/lmm/m/it/10.95 sz\OT1/lmr/m/n/10.95 )\OML/lmm/m/it/10.95 A\OT1/lmr
/m/n/10.95 (\OML/lmm/m/it/10.95 z\OT1/lmr/m/n/10.95 ) = \OML/lmm/m/it/10.95 A\O
T1/lmr/m/n/10.95 (\OML/lmm/m/it/10.95 z\OT1/lmr/m/n/10.95 )\OML/lmm/m/it/10.95 
M\OT1/lmr/m/n/10.95 (\OML/lmm/m/it/10.95 z\OT1/lmr/m/n/10.95 )$\T1/lmr/m/n/10.9
5 ,
 []


LaTeX Warning: Reference `spec:cyclic-composite' on page 14 undefined on input 
line 336.

[14]

LaTeX Warning: Reference `spec:function-field-inverse' on page 15 undefined on 
input line 400.


LaTeX Warning: Reference `spec:function-field-inverse' on page 15 undefined on 
input line 403.


LaTeX Warning: Reference `geom:pencil' on page 15 undefined on input line 412.

) (./sections/04-closed-hasse.tex [15]

LaTeX Warning: Reference `spec:weierstrass' on page 16 undefined on input line 
24.


LaTeX Warning: Reference `spec:quotient-charts' on page 16 undefined on input l
ine 25.


LaTeX Warning: Reference `geom:pencil' on page 16 undefined on input line 31.


LaTeX Warning: Reference `geom:pencil' on page 16 undefined on input line 71.


LaTeX Warning: Reference `spec:finite-critical' on page 16 undefined on input l
ine 75.


Package natbib Warning: Citation `StacksProject2026' on page 16 undefined on in
put line 87.


LaTeX Warning: Reference `spec:jacobian' on page 16 undefined on input line 91.



LaTeX Warning: Reference `spec:birational-change' on page 16 undefined on input
 line 92.


Package natbib Warning: Citation `StacksProject2026' on page 16 undefined on in
put line 108.

[16]

Package natbib Warning: Citation `StacksProject2026' on page 17 undefined on in
put line 118.


LaTeX Warning: Reference `spec:birational-change' on page 17 undefined on input
 line 135.


LaTeX Warning: Reference `spec:finite-pushdown' on page 17 undefined on input l
ine 138.

[17]

Package natbib Warning: Citation `AchterHowe2019' on page 18 undefined on input
 line 203.


LaTeX Warning: Reference `hasse:differential' on page 18 undefined on input lin
e 223.


LaTeX Warning: Reference `hasse:closed' on page 18 undefined on input line 239.


[18]) (./sections/05-integral-trace.tex

LaTeX Warning: Reference `main:matrix' on page 19 undefined on input line 18.


LaTeX Warning: Reference `main:integral' on page 19 undefined on input line 19.



LaTeX Warning: Reference `trace:insertion' on page 19 undefined on input line 6
3.

[19]
Overfull \hbox (50.51622pt too wide) in paragraph at lines 69--77
\T1/lmr/m/n/10.95 Empty prod-ucts are iden-tity ma-tri-ces. Re-duc-ing the in-t
e-gral in-ser-tion for-mula gives $[] \OT1/lmr/m/n/10.95 = \OML/lmm/m/it/10.95 
m\OT1/lmr/m/n/10.95 [\OML/lmm/m/it/10.95 z[]\OT1/lmr/m/n/10.95 ] [](\OML/lmm/m/
it/10.95 B[]C[]\OT1/lmr/m/n/10.95 )$\T1/lmr/m/n/10.95 .
 []


LaTeX Warning: Reference `trace:rank-two' on page 20 undefined on input line 10
0.


LaTeX Warning: Reference `trace:reduced-insertion' on page 20 undefined on inpu
t line 109.


LaTeX Warning: Reference `trace:coefficient' on page 20 undefined on input line
 119.

[20]

LaTeX Warning: Reference `geom:surface' on page 21 undefined on input line 176.



LaTeX Warning: Reference `geom:section' on page 21 undefined on input line 185.



Package natbib Warning: Citation `StacksProject2026' on page 21 undefined on in
put line 190.


LaTeX Warning: Reference `trace:insertion' on page 21 undefined on input line 1
96.


LaTeX Warning: Reference `trace:global-residue' on page 21 undefined on input l
ine 199.


LaTeX Warning: Reference `trace:residue' on page 21 undefined on input line 201
.


LaTeX Warning: Reference `geom:charts' on page 21 undefined on input line 213.


LaTeX Warning: Reference `trace:global-residue' on page 21 undefined on input l
ine 229.

[21]

LaTeX Warning: Reference `geom:pencil' on page 22 undefined on input line 236.


LaTeX Warning: Reference `trace:residue' on page 22 undefined on input line 238
.

) (./sections/06-first-layer.tex

LaTeX Warning: Reference `geom:constants' on page 22 undefined on input line 46
.


LaTeX Warning: Reference `geom:boundary-complex' on page 22 undefined on input 
line 49.


Overfull \hbox (4.74084pt too wide) in paragraph at lines 46--51
[]\T1/lmr/m/n/10.95 The ac-tual blowup-chart cal-cu-la-tion of Lemma [] gives $
\OML/lmm/m/it/10.95 H[]\OT1/lmr/m/n/10.95 (\OML/lmm/m/it/10.95 S[]; \OMS/lmsy/m
/n/10.95 O\OT1/lmr/m/n/10.95 ) = \OML/lmm/m/it/10.95 A\OMS/lmsy/m/n/10.95 h\OT1
/lmr/m/n/10.95 1\OMS/lmsy/m/n/10.95 i$ \T1/lmr/m/n/10.95 and $\OML/lmm/m/it/10.
95 H[]\OT1/lmr/m/n/10.95 (\OML/lmm/m/it/10.95 S[]; \OMS/lmsy/m/n/10.95 O\OT1/lm
r/m/n/10.95 ) =
 []


LaTeX Warning: Reference `first:boundary-complex' on page 22 undefined on input
 line 62.

[22]

LaTeX Warning: Reference `first:kappa' on page 23 undefined on input line 108.

[23]

LaTeX Warning: Reference `first:congruence' on page 24 undefined on input line 
202.


LaTeX Warning: Reference `trace:residue' on page 24 undefined on input line 217
.


LaTeX Warning: Reference `first:F-derivative' on page 24 undefined on input lin
e 218.

[24]

LaTeX Warning: Reference `first:taylor-residue' on page 25 undefined on input l
ine 253.


LaTeX Warning: Reference `first:F-derivative' on page 25 undefined on input lin
e 253.


LaTeX Warning: Reference `first:prime-congruence' on page 25 undefined on input
 line 260.


LaTeX Warning: Reference `first:taylor' on page 25 undefined on input line 260.



LaTeX Warning: Reference `trace:regular' on page 25 undefined on input line 263
.


LaTeX Warning: Reference `trace:chart-injection' on page 25 undefined on input 
line 263.


LaTeX Warning: Reference `first:Gi' on page 25 undefined on input line 293.


LaTeX Warning: Reference `first:obstruction' on page 25 undefined on input line
 301.


LaTeX Warning: Reference `first:local-form' on page 25 undefined on input line 
309.

[25]

LaTeX Warning: Reference `first:obstruction' on page 26 undefined on input line
 333.


LaTeX Warning: Reference `hasse:closed' on page 26 undefined on input line 338.



LaTeX Warning: Reference `trace:global-residue' on page 26 undefined on input l
ine 357.


LaTeX Warning: Reference `first:local-form' on page 26 undefined on input line 
365.


LaTeX Warning: Reference `first:tangent' on page 26 undefined on input line 369
.


LaTeX Warning: Reference `first:full-ideal' on page 26 undefined on input line 
373.


LaTeX Warning: Reference `first:Gi' on page 26 undefined on input line 374.

) (./sections/07-odd-jets.tex

Package natbib Warning: Citation `BeukersVlasenko2021' on page 26 undefined on 
input line 10.


Package natbib Warning: Citation `Vlasenko2024' on page 26 undefined on input l
ine 11.

[26]

LaTeX Warning: Reference `geom:charts' on page 27 undefined on input line 47.


LaTeX Warning: Reference `odd:common-ring' on page 27 undefined on input line 5
2.


LaTeX Warning: Reference `trace:integral-insertion' on page 27 undefined on inp
ut line 56.


LaTeX Warning: Reference `trace:chart-injection' on page 27 undefined on input 
line 59.


LaTeX Warning: Reference `two:section' on page 27 undefined on input line 78.


LaTeX Warning: Reference `main:matrix' on page 27 undefined on input line 86.

LaTeX Font Info:    Trying to load font information for OT1+lmss on input line 
88.
(/usr/share/texmf/tex/latex/lm/ot1lmss.fd
File: ot1lmss.fd 2009/10/30 v1.6 Font defs for Latin Modern
) [27]

LaTeX Warning: Reference `trace:insertion' on page 28 undefined on input line 1
07.


LaTeX Warning: Reference `odd:insertion-equation' on page 28 undefined on input
 line 113.


LaTeX Warning: Reference `odd:block-variation' on page 28 undefined on input li
ne 184.


LaTeX Warning: Reference `odd:deformed-trace' on page 28 undefined on input lin
e 184.


LaTeX Warning: Reference `odd:leading-jets' on page 28 undefined on input line 
189.

[28]

LaTeX Warning: Reference `odd:deformed-trace' on page 29 undefined on input lin
e 194.


LaTeX Warning: Reference `odd:projection-rule' on page 29 undefined on input li
ne 211.


LaTeX Warning: Reference `trace:residue' on page 29 undefined on input line 225
.


LaTeX Warning: Reference `trace:rank-two' on page 29 undefined on input line 22
6.


LaTeX Warning: Reference `odd:projection' on page 29 undefined on input line 22
7.

[29]

LaTeX Warning: Reference `odd:weighted-operator' on page 30 undefined on input 
line 282.


LaTeX Warning: Reference `odd:weighted-commutator' on page 30 undefined on inpu
t line 297.


LaTeX Warning: Reference `odd:insertion-equation' on page 30 undefined on input
 line 316.


LaTeX Warning: Reference `odd:weighted-commutator' on page 30 undefined on inpu
t line 319.

./sections/07-odd-jets.tex:338: Illegal unit of measure (pt inserted).
<to be read again> 
                   >
l.338  \begin{cases}[1,4],&m=1,\\[1,5]
                                      ,&m\ge2. 
Here is how much of TeX's memory you used:
 11574 strings out of 479727
 179009 string characters out of 5884999
 474430 words of memory out of 5000000
 29327 multiletter control sequences out of 15000+600000
 551256 words of font info for 79 fonts, out of 8000000 for 9000
 264 hyphenation exceptions out of 8191
 60i,19n,63p,236b,436s stack positions out of 5000i,500n,10000p,200000b,80000s

./sections/07-odd-jets.tex:338:  ==> Fatal error occurred, no output PDF file p
roduced!
