This is pdfTeX, Version 3.141592653-2.6-1.40.22 (TeX Live 2022/dev/Debian) (preloaded format=pdflatex 2026.8.5)  1 JAN 1970 00:00
entering extended mode
 file:line:error style messages enabled.
 %&-line parsing enabled.
**\pdfinfoomitdate=1\relax\pdftrailerid{}\pdfsuppressptexinfo=15\relax\pdfcompr
esslevel=0\relax\pdfobjcompresslevel=0\relax\pdfminorversion=5\relax\input{main
.tex}
 (/source/main.tex
(/usr/share/texlive/texmf-dist/tex/latex/base/article.cls
Document Class: article 2021/10/04 v1.4n Standard LaTeX document class
(/usr/share/texlive/texmf-dist/tex/latex/base/size11.clo
File: size11.clo 2021/10/04 v1.4n Standard LaTeX file (size option)
)
\c@part=\count185
\c@section=\count186
\c@subsection=\count187
\c@subsubsection=\count188
\c@paragraph=\count189
\c@subparagraph=\count190
\c@figure=\count191
\c@table=\count192
\abovecaptionskip=\skip47
\belowcaptionskip=\skip48
\bibindent=\dimen138
)
(/usr/share/texlive/texmf-dist/tex/latex/base/fontenc.sty
Package: fontenc 2021/04/29 v2.0v Standard LaTeX package

/usr/share/texlive/texmf-dist/tex/latex/base/fontenc.sty:112: Font T1/cmr/m/n/1
0.95=ecrm1095 at 10.95pt not loadable: Metric (TFM) file not found.
<to be read again> 
                   relax 
l.112 ...\familydefault\seriesdefault\shapedefault
                                                   
Here is how much of TeX's memory you used:
 448 strings out of 479727
 4644 string characters out of 5884999
 288839 words of memory out of 5000000
 18629 multiletter control sequences out of 15000+600000
 469559 words of font info for 29 fonts, out of 8000000 for 9000
 264 hyphenation exceptions out of 8191
 36i,0n,41p,298b,37s stack positions out of 5000i,500n,10000p,200000b,80000s

/usr/share/texlive/texmf-dist/tex/latex/base/fontenc.sty:112:  ==> Fatal error 
occurred, no output PDF file produced!
