	linux-vdso.so.1 (0x00007ffc4b787000)
	libpoppler.so.118 => /usr/lib/x86_64-linux-gnu/libpoppler.so.118 (0x00007fc35e698000)
	libstdc++.so.6 => /usr/lib/x86_64-linux-gnu/libstdc++.so.6 (0x00007fc35e46c000)
	libc.so.6 => /usr/lib/x86_64-linux-gnu/libc.so.6 (0x00007fc35e243000)
	libfreetype.so.6 => /usr/lib/x86_64-linux-gnu/libfreetype.so.6 (0x00007fc35e17b000)
	libfontconfig.so.1 => /usr/lib/x86_64-linux-gnu/libfontconfig.so.1 (0x00007fc35e131000)
	libjpeg.so.8 => /usr/lib/x86_64-linux-gnu/libjpeg.so.8 (0x00007fc35e0ae000)
	libz.so.1 => /usr/lib/x86_64-linux-gnu/libz.so.1 (0x00007fc35e092000)
	libopenjp2.so.7 => /usr/lib/x86_64-linux-gnu/libopenjp2.so.7 (0x00007fc35e03a000)
	liblcms2.so.2 => /usr/lib/x86_64-linux-gnu/liblcms2.so.2 (0x00007fc35dfd8000)
	libpng16.so.16 => /usr/lib/x86_64-linux-gnu/libpng16.so.16 (0x00007fc35df9d000)
	libtiff.so.5 => /usr/lib/x86_64-linux-gnu/libtiff.so.5 (0x00007fc35df15000)
	libnss3.so => /usr/lib/x86_64-linux-gnu/libnss3.so (0x00007fc35dde2000)
	libsmime3.so => /usr/lib/x86_64-linux-gnu/libsmime3.so (0x00007fc35ddb8000)
	libplc4.so => /usr/lib/x86_64-linux-gnu/libplc4.so (0x00007fc35ddb1000)
	libnspr4.so => /usr/lib/x86_64-linux-gnu/libnspr4.so (0x00007fc35dd71000)
	libm.so.6 => /usr/lib/x86_64-linux-gnu/libm.so.6 (0x00007fc35dc8a000)
	/lib64/ld-linux-x86-64.so.2 (0x00007fc35ea15000)
	libgcc_s.so.1 => /usr/lib/x86_64-linux-gnu/libgcc_s.so.1 (0x00007fc35dc6a000)
	libbrotlidec.so.1 => /usr/lib/x86_64-linux-gnu/libbrotlidec.so.1 (0x00007fc35dc5a000)
	libexpat.so.1 => /usr/lib/x86_64-linux-gnu/libexpat.so.1 (0x00007fc35dc29000)
	libuuid.so.1 => /usr/lib/x86_64-linux-gnu/libuuid.so.1 (0x00007fc35dc20000)
	libwebp.so.7 => /usr/lib/x86_64-linux-gnu/libwebp.so.7 (0x00007fc35dbb3000)
	libzstd.so.1 => /usr/lib/x86_64-linux-gnu/libzstd.so.1 (0x00007fc35dae4000)
	liblzma.so.5 => /usr/lib/x86_64-linux-gnu/liblzma.so.5 (0x00007fc35dab7000)
	libjbig.so.0 => /usr/lib/x86_64-linux-gnu/libjbig.so.0 (0x00007fc35daa6000)
	libdeflate.so.0 => /usr/lib/x86_64-linux-gnu/libdeflate.so.0 (0x00007fc35da82000)
	libnssutil3.so => /usr/lib/x86_64-linux-gnu/libnssutil3.so (0x00007fc35da4f000)
	libplds4.so => /usr/lib/x86_64-linux-gnu/libplds4.so (0x00007fc35da4a000)
	libbrotlicommon.so.1 => /usr/lib/x86_64-linux-gnu/libbrotlicommon.so.1 (0x00007fc35da25000)
