	linux-vdso.so.1 (0x00007ffe0f917000)
	libpoppler.so.118 => /usr/lib/x86_64-linux-gnu/libpoppler.so.118 (0x00007fe455efd000)
	liblcms2.so.2 => /usr/lib/x86_64-linux-gnu/liblcms2.so.2 (0x00007fe455e9b000)
	libstdc++.so.6 => /usr/lib/x86_64-linux-gnu/libstdc++.so.6 (0x00007fe455c6f000)
	libm.so.6 => /usr/lib/x86_64-linux-gnu/libm.so.6 (0x00007fe455b88000)
	libc.so.6 => /usr/lib/x86_64-linux-gnu/libc.so.6 (0x00007fe45595f000)
	libfreetype.so.6 => /usr/lib/x86_64-linux-gnu/libfreetype.so.6 (0x00007fe455895000)
	libfontconfig.so.1 => /usr/lib/x86_64-linux-gnu/libfontconfig.so.1 (0x00007fe45584b000)
	libjpeg.so.8 => /usr/lib/x86_64-linux-gnu/libjpeg.so.8 (0x00007fe4557ca000)
	libz.so.1 => /usr/lib/x86_64-linux-gnu/libz.so.1 (0x00007fe4557ae000)
	libopenjp2.so.7 => /usr/lib/x86_64-linux-gnu/libopenjp2.so.7 (0x00007fe455756000)
	libpng16.so.16 => /usr/lib/x86_64-linux-gnu/libpng16.so.16 (0x00007fe45571b000)
	libtiff.so.5 => /usr/lib/x86_64-linux-gnu/libtiff.so.5 (0x00007fe455691000)
	libnss3.so => /usr/lib/x86_64-linux-gnu/libnss3.so (0x00007fe455560000)
	libsmime3.so => /usr/lib/x86_64-linux-gnu/libsmime3.so (0x00007fe455536000)
	libplc4.so => /usr/lib/x86_64-linux-gnu/libplc4.so (0x00007fe45552f000)
	libnspr4.so => /usr/lib/x86_64-linux-gnu/libnspr4.so (0x00007fe4554ef000)
	/lib64/ld-linux-x86-64.so.2 (0x00007fe456274000)
	libgcc_s.so.1 => /usr/lib/x86_64-linux-gnu/libgcc_s.so.1 (0x00007fe4554cf000)
	libbrotlidec.so.1 => /usr/lib/x86_64-linux-gnu/libbrotlidec.so.1 (0x00007fe4554bf000)
	libexpat.so.1 => /usr/lib/x86_64-linux-gnu/libexpat.so.1 (0x00007fe45548e000)
	libuuid.so.1 => /usr/lib/x86_64-linux-gnu/libuuid.so.1 (0x00007fe455485000)
	libwebp.so.7 => /usr/lib/x86_64-linux-gnu/libwebp.so.7 (0x00007fe455418000)
	libzstd.so.1 => /usr/lib/x86_64-linux-gnu/libzstd.so.1 (0x00007fe455349000)
	liblzma.so.5 => /usr/lib/x86_64-linux-gnu/liblzma.so.5 (0x00007fe45531c000)
	libjbig.so.0 => /usr/lib/x86_64-linux-gnu/libjbig.so.0 (0x00007fe45530b000)
	libdeflate.so.0 => /usr/lib/x86_64-linux-gnu/libdeflate.so.0 (0x00007fe4552e7000)
	libnssutil3.so => /usr/lib/x86_64-linux-gnu/libnssutil3.so (0x00007fe4552b4000)
	libplds4.so => /usr/lib/x86_64-linux-gnu/libplds4.so (0x00007fe4552af000)
	libbrotlicommon.so.1 => /usr/lib/x86_64-linux-gnu/libbrotlicommon.so.1 (0x00007fe45528a000)
