	linux-vdso.so.1 (0x00007ffe339ee000)
	libfreetype.so.6 => /usr/lib/x86_64-linux-gnu/libfreetype.so.6 (0x00007f4ac7d47000)
	libfontconfig.so.1 => /usr/lib/x86_64-linux-gnu/libfontconfig.so.1 (0x00007f4ac7cfd000)
	libjpeg.so.8 => /usr/lib/x86_64-linux-gnu/libjpeg.so.8 (0x00007f4ac7c7c000)
	libz.so.1 => /usr/lib/x86_64-linux-gnu/libz.so.1 (0x00007f4ac7c60000)
	libopenjp2.so.7 => /usr/lib/x86_64-linux-gnu/libopenjp2.so.7 (0x00007f4ac7c08000)
	liblcms2.so.2 => /usr/lib/x86_64-linux-gnu/liblcms2.so.2 (0x00007f4ac7ba4000)
	libpng16.so.16 => /usr/lib/x86_64-linux-gnu/libpng16.so.16 (0x00007f4ac7b69000)
	libtiff.so.5 => /usr/lib/x86_64-linux-gnu/libtiff.so.5 (0x00007f4ac7ae1000)
	libnss3.so => /usr/lib/x86_64-linux-gnu/libnss3.so (0x00007f4ac79b0000)
	libsmime3.so => /usr/lib/x86_64-linux-gnu/libsmime3.so (0x00007f4ac7986000)
	libplc4.so => /usr/lib/x86_64-linux-gnu/libplc4.so (0x00007f4ac797f000)
	libnspr4.so => /usr/lib/x86_64-linux-gnu/libnspr4.so (0x00007f4ac793d000)
	libstdc++.so.6 => /usr/lib/x86_64-linux-gnu/libstdc++.so.6 (0x00007f4ac7711000)
	libm.so.6 => /usr/lib/x86_64-linux-gnu/libm.so.6 (0x00007f4ac762a000)
	libc.so.6 => /usr/lib/x86_64-linux-gnu/libc.so.6 (0x00007f4ac7401000)
	/lib64/ld-linux-x86-64.so.2 (0x00007f4ac817c000)
	libbrotlidec.so.1 => /usr/lib/x86_64-linux-gnu/libbrotlidec.so.1 (0x00007f4ac73f3000)
	libexpat.so.1 => /usr/lib/x86_64-linux-gnu/libexpat.so.1 (0x00007f4ac73c2000)
	libuuid.so.1 => /usr/lib/x86_64-linux-gnu/libuuid.so.1 (0x00007f4ac73b7000)
	libwebp.so.7 => /usr/lib/x86_64-linux-gnu/libwebp.so.7 (0x00007f4ac734a000)
	libzstd.so.1 => /usr/lib/x86_64-linux-gnu/libzstd.so.1 (0x00007f4ac727b000)
	liblzma.so.5 => /usr/lib/x86_64-linux-gnu/liblzma.so.5 (0x00007f4ac7250000)
	libjbig.so.0 => /usr/lib/x86_64-linux-gnu/libjbig.so.0 (0x00007f4ac723f000)
	libdeflate.so.0 => /usr/lib/x86_64-linux-gnu/libdeflate.so.0 (0x00007f4ac7219000)
	libnssutil3.so => /usr/lib/x86_64-linux-gnu/libnssutil3.so (0x00007f4ac71e6000)
	libplds4.so => /usr/lib/x86_64-linux-gnu/libplds4.so (0x00007f4ac71e1000)
	libgcc_s.so.1 => /usr/lib/x86_64-linux-gnu/libgcc_s.so.1 (0x00007f4ac71c1000)
	libbrotlicommon.so.1 => /usr/lib/x86_64-linux-gnu/libbrotlicommon.so.1 (0x00007f4ac719e000)
