	linux-vdso.so.1 (0x00007ffca0ba5000)
	libpoppler.so.118 => /usr/lib/x86_64-linux-gnu/libpoppler.so.118 (0x00007fef31f3b000)
	libstdc++.so.6 => /usr/lib/x86_64-linux-gnu/libstdc++.so.6 (0x00007fef31d0f000)
	libc.so.6 => /usr/lib/x86_64-linux-gnu/libc.so.6 (0x00007fef31ae6000)
	libfreetype.so.6 => /usr/lib/x86_64-linux-gnu/libfreetype.so.6 (0x00007fef31a1e000)
	libfontconfig.so.1 => /usr/lib/x86_64-linux-gnu/libfontconfig.so.1 (0x00007fef319d4000)
	libjpeg.so.8 => /usr/lib/x86_64-linux-gnu/libjpeg.so.8 (0x00007fef31951000)
	libz.so.1 => /usr/lib/x86_64-linux-gnu/libz.so.1 (0x00007fef31935000)
	libopenjp2.so.7 => /usr/lib/x86_64-linux-gnu/libopenjp2.so.7 (0x00007fef318dd000)
	liblcms2.so.2 => /usr/lib/x86_64-linux-gnu/liblcms2.so.2 (0x00007fef3187b000)
	libpng16.so.16 => /usr/lib/x86_64-linux-gnu/libpng16.so.16 (0x00007fef31840000)
	libtiff.so.5 => /usr/lib/x86_64-linux-gnu/libtiff.so.5 (0x00007fef317b8000)
	libnss3.so => /usr/lib/x86_64-linux-gnu/libnss3.so (0x00007fef31685000)
	libsmime3.so => /usr/lib/x86_64-linux-gnu/libsmime3.so (0x00007fef3165b000)
	libplc4.so => /usr/lib/x86_64-linux-gnu/libplc4.so (0x00007fef31654000)
	libnspr4.so => /usr/lib/x86_64-linux-gnu/libnspr4.so (0x00007fef31614000)
	libm.so.6 => /usr/lib/x86_64-linux-gnu/libm.so.6 (0x00007fef3152d000)
	/lib64/ld-linux-x86-64.so.2 (0x00007fef322b4000)
	libgcc_s.so.1 => /usr/lib/x86_64-linux-gnu/libgcc_s.so.1 (0x00007fef3150d000)
	libbrotlidec.so.1 => /usr/lib/x86_64-linux-gnu/libbrotlidec.so.1 (0x00007fef314fd000)
	libexpat.so.1 => /usr/lib/x86_64-linux-gnu/libexpat.so.1 (0x00007fef314cc000)
	libuuid.so.1 => /usr/lib/x86_64-linux-gnu/libuuid.so.1 (0x00007fef314c3000)
	libwebp.so.7 => /usr/lib/x86_64-linux-gnu/libwebp.so.7 (0x00007fef31456000)
	libzstd.so.1 => /usr/lib/x86_64-linux-gnu/libzstd.so.1 (0x00007fef31387000)
	liblzma.so.5 => /usr/lib/x86_64-linux-gnu/liblzma.so.5 (0x00007fef3135a000)
	libjbig.so.0 => /usr/lib/x86_64-linux-gnu/libjbig.so.0 (0x00007fef31349000)
	libdeflate.so.0 => /usr/lib/x86_64-linux-gnu/libdeflate.so.0 (0x00007fef31325000)
	libnssutil3.so => /usr/lib/x86_64-linux-gnu/libnssutil3.so (0x00007fef312f2000)
	libplds4.so => /usr/lib/x86_64-linux-gnu/libplds4.so (0x00007fef312ed000)
	libbrotlicommon.so.1 => /usr/lib/x86_64-linux-gnu/libbrotlicommon.so.1 (0x00007fef312c8000)
