/bin/bash: OK
/etc/fonts/conf.d/10-antialias.conf: OK
/etc/fonts/conf.d/10-hinting-slight.conf: OK
/etc/fonts/conf.d/10-scale-bitmap-fonts.conf: OK
/etc/fonts/conf.d/11-lcdfilter-default.conf: OK
/etc/fonts/conf.d/20-unhint-small-dejavu-lgc-sans-mono.conf: OK
/etc/fonts/conf.d/20-unhint-small-dejavu-lgc-sans.conf: OK
/etc/fonts/conf.d/20-unhint-small-dejavu-lgc-serif.conf: OK
/etc/fonts/conf.d/20-unhint-small-dejavu-sans-mono.conf: OK
/etc/fonts/conf.d/20-unhint-small-dejavu-sans.conf: OK
/etc/fonts/conf.d/20-unhint-small-dejavu-serif.conf: OK
/etc/fonts/conf.d/20-unhint-small-vera.conf: OK
/etc/fonts/conf.d/30-0-google-crosextra-carlito-fontconfig.conf: OK
/etc/fonts/conf.d/30-metric-aliases.conf: OK
/etc/fonts/conf.d/40-nonlatin.conf: OK
/etc/fonts/conf.d/45-generic.conf: OK
/etc/fonts/conf.d/45-latin.conf: OK
/etc/fonts/conf.d/49-sansserif.conf: OK
/etc/fonts/conf.d/50-user.conf: OK
/etc/fonts/conf.d/51-local.conf: OK
/etc/fonts/conf.d/57-dejavu-sans-mono.conf: OK
/etc/fonts/conf.d/57-dejavu-sans.conf: OK
/etc/fonts/conf.d/57-dejavu-serif.conf: OK
/etc/fonts/conf.d/58-dejavu-lgc-sans-mono.conf: OK
/etc/fonts/conf.d/58-dejavu-lgc-sans.conf: OK
/etc/fonts/conf.d/58-dejavu-lgc-serif.conf: OK
/etc/fonts/conf.d/60-generic.conf: OK
/etc/fonts/conf.d/60-latin.conf: OK
/etc/fonts/conf.d/61-urw-bookman.conf: OK
/etc/fonts/conf.d/61-urw-c059.conf: OK
/etc/fonts/conf.d/61-urw-d050000l.conf: OK
/etc/fonts/conf.d/61-urw-fallback-backwards.conf: OK
/etc/fonts/conf.d/61-urw-fallback-generics.conf: OK
/etc/fonts/conf.d/61-urw-gothic.conf: OK
/etc/fonts/conf.d/61-urw-nimbus-mono-ps.conf: OK
/etc/fonts/conf.d/61-urw-nimbus-roman.conf: OK
/etc/fonts/conf.d/61-urw-nimbus-sans.conf: OK
/etc/fonts/conf.d/61-urw-p052.conf: OK
/etc/fonts/conf.d/61-urw-standard-symbols-ps.conf: OK
/etc/fonts/conf.d/61-urw-z003.conf: OK
/etc/fonts/conf.d/65-droid-sans-fallback.conf: OK
/etc/fonts/conf.d/65-fonts-lmodern.conf: OK
/etc/fonts/conf.d/65-fonts-persian.conf: OK
/etc/fonts/conf.d/65-fonts-texgyre.conf: OK
/etc/fonts/conf.d/65-nonlatin.conf: OK
/etc/fonts/conf.d/69-unifont.conf: OK
/etc/fonts/conf.d/70-no-bitmaps.conf: OK
/etc/fonts/conf.d/80-delicious.conf: OK
/etc/fonts/conf.d/90-fonts-linux-libertine.conf: OK
/etc/fonts/conf.d/90-synthetic.conf: OK
/etc/fonts/fonts.conf: OK
/etc/ld.so.cache: OK
/etc/texmf/web2c/mktex.cnf: OK
/etc/texmf/web2c/texmf.cnf: OK
/lib64/ld-linux-x86-64.so.2: OK
/usr/bin/awk: OK
/usr/bin/bibtex: OK
/usr/bin/cmp: OK
/usr/bin/cp: OK
/usr/bin/env: OK
/usr/bin/kpsewhich: OK
/usr/bin/mkdir: OK
/usr/bin/pdffonts: OK
/usr/bin/pdfinfo: OK
/usr/bin/pdflatex: OK
/usr/bin/pdftex: OK
/usr/bin/pdftoppm: OK
/usr/bin/pdftotext: OK
/usr/bin/sha256sum: OK
/usr/bin/timeout: OK
/usr/lib/x86_64-linux-gnu/libacl.so.1: OK
/usr/lib/x86_64-linux-gnu/libattr.so.1: OK
/usr/lib/x86_64-linux-gnu/libbrotlicommon.so.1: OK
/usr/lib/x86_64-linux-gnu/libbrotlidec.so.1: OK
/usr/lib/x86_64-linux-gnu/libc.so.6: OK
/usr/lib/x86_64-linux-gnu/libdeflate.so.0: OK
/usr/lib/x86_64-linux-gnu/libexpat.so.1: OK
/usr/lib/x86_64-linux-gnu/libfontconfig.so.1: OK
/usr/lib/x86_64-linux-gnu/libfreetype.so.6: OK
/usr/lib/x86_64-linux-gnu/libgcc_s.so.1: OK
/usr/lib/x86_64-linux-gnu/libjbig.so.0: OK
/usr/lib/x86_64-linux-gnu/libjpeg.so.8: OK
/usr/lib/x86_64-linux-gnu/libkpathsea.so.6: OK
/usr/lib/x86_64-linux-gnu/liblcms2.so.2: OK
/usr/lib/x86_64-linux-gnu/liblzma.so.5: OK
/usr/lib/x86_64-linux-gnu/libm.so.6: OK
/usr/lib/x86_64-linux-gnu/libnspr4.so: OK
/usr/lib/x86_64-linux-gnu/libnss3.so: OK
/usr/lib/x86_64-linux-gnu/libnssutil3.so: OK
/usr/lib/x86_64-linux-gnu/libopenjp2.so.7: OK
/usr/lib/x86_64-linux-gnu/libpcre2-8.so.0: OK
/usr/lib/x86_64-linux-gnu/libplc4.so: OK
/usr/lib/x86_64-linux-gnu/libplds4.so: OK
/usr/lib/x86_64-linux-gnu/libpng16.so.16: OK
/usr/lib/x86_64-linux-gnu/libpoppler.so.118: OK
/usr/lib/x86_64-linux-gnu/libselinux.so.1: OK
/usr/lib/x86_64-linux-gnu/libsmime3.so: OK
/usr/lib/x86_64-linux-gnu/libstdc++.so.6: OK
/usr/lib/x86_64-linux-gnu/libtiff.so.5: OK
/usr/lib/x86_64-linux-gnu/libtinfo.so.6: OK
/usr/lib/x86_64-linux-gnu/libuuid.so.1: OK
/usr/lib/x86_64-linux-gnu/libwebp.so.7: OK
/usr/lib/x86_64-linux-gnu/libz.so.1: OK
/usr/lib/x86_64-linux-gnu/libzstd.so.1: OK
/usr/share/texlive/texmf-dist/bibtex/bst/base/plain.bst: OK
/usr/share/texlive/texmf-dist/fonts/tfm/public/amsfonts/cmextra/cmex7.tfm: OK
/usr/share/texlive/texmf-dist/fonts/tfm/public/amsfonts/cmextra/cmex8.tfm: OK
/usr/share/texlive/texmf-dist/fonts/tfm/public/amsfonts/cmextra/cmex9.tfm: OK
/usr/share/texlive/texmf-dist/fonts/tfm/public/amsfonts/symbols/msam10.tfm: OK
/usr/share/texlive/texmf-dist/fonts/tfm/public/amsfonts/symbols/msam5.tfm: OK
/usr/share/texlive/texmf-dist/fonts/tfm/public/amsfonts/symbols/msam7.tfm: OK
/usr/share/texlive/texmf-dist/fonts/tfm/public/amsfonts/symbols/msbm10.tfm: OK
/usr/share/texlive/texmf-dist/fonts/tfm/public/amsfonts/symbols/msbm5.tfm: OK
/usr/share/texlive/texmf-dist/fonts/tfm/public/amsfonts/symbols/msbm7.tfm: OK
/usr/share/texlive/texmf-dist/fonts/tfm/public/cm/cmbsy10.tfm: OK
/usr/share/texlive/texmf-dist/fonts/tfm/public/cm/cmbx10.tfm: OK
/usr/share/texlive/texmf-dist/fonts/tfm/public/cm/cmbx12.tfm: OK
/usr/share/texlive/texmf-dist/fonts/tfm/public/cm/cmbx6.tfm: OK
/usr/share/texlive/texmf-dist/fonts/tfm/public/cm/cmbx8.tfm: OK
/usr/share/texlive/texmf-dist/fonts/tfm/public/cm/cmex10.tfm: OK
/usr/share/texlive/texmf-dist/fonts/tfm/public/cm/cmmi10.tfm: OK
/usr/share/texlive/texmf-dist/fonts/tfm/public/cm/cmmi12.tfm: OK
/usr/share/texlive/texmf-dist/fonts/tfm/public/cm/cmmi5.tfm: OK
/usr/share/texlive/texmf-dist/fonts/tfm/public/cm/cmmi6.tfm: OK
/usr/share/texlive/texmf-dist/fonts/tfm/public/cm/cmmi7.tfm: OK
/usr/share/texlive/texmf-dist/fonts/tfm/public/cm/cmmi8.tfm: OK
/usr/share/texlive/texmf-dist/fonts/tfm/public/cm/cmmi9.tfm: OK
/usr/share/texlive/texmf-dist/fonts/tfm/public/cm/cmmib10.tfm: OK
/usr/share/texlive/texmf-dist/fonts/tfm/public/cm/cmr10.tfm: OK
/usr/share/texlive/texmf-dist/fonts/tfm/public/cm/cmr12.tfm: OK
/usr/share/texlive/texmf-dist/fonts/tfm/public/cm/cmr17.tfm: OK
/usr/share/texlive/texmf-dist/fonts/tfm/public/cm/cmr5.tfm: OK
/usr/share/texlive/texmf-dist/fonts/tfm/public/cm/cmr6.tfm: OK
/usr/share/texlive/texmf-dist/fonts/tfm/public/cm/cmr7.tfm: OK
/usr/share/texlive/texmf-dist/fonts/tfm/public/cm/cmr8.tfm: OK
/usr/share/texlive/texmf-dist/fonts/tfm/public/cm/cmr9.tfm: OK
/usr/share/texlive/texmf-dist/fonts/tfm/public/cm/cmsy10.tfm: OK
/usr/share/texlive/texmf-dist/fonts/tfm/public/cm/cmsy5.tfm: OK
/usr/share/texlive/texmf-dist/fonts/tfm/public/cm/cmsy6.tfm: OK
/usr/share/texlive/texmf-dist/fonts/tfm/public/cm/cmsy7.tfm: OK
/usr/share/texlive/texmf-dist/fonts/tfm/public/cm/cmsy8.tfm: OK
/usr/share/texlive/texmf-dist/fonts/tfm/public/cm/cmsy9.tfm: OK
/usr/share/texlive/texmf-dist/fonts/tfm/public/cm/cmti10.tfm: OK
/usr/share/texlive/texmf-dist/fonts/tfm/public/cm/cmti12.tfm: OK
/usr/share/texlive/texmf-dist/fonts/tfm/public/cm/cmti7.tfm: OK
/usr/share/texlive/texmf-dist/fonts/tfm/public/cm/cmti8.tfm: OK
/usr/share/texlive/texmf-dist/fonts/tfm/public/cm/cmti9.tfm: OK
/usr/share/texlive/texmf-dist/fonts/tfm/public/cm/cmtt10.tfm: OK
/usr/share/texlive/texmf-dist/fonts/type1/public/amsfonts/cm/cmbsy10.pfb: OK
/usr/share/texlive/texmf-dist/fonts/type1/public/amsfonts/cm/cmbx10.pfb: OK
/usr/share/texlive/texmf-dist/fonts/type1/public/amsfonts/cm/cmbx12.pfb: OK
/usr/share/texlive/texmf-dist/fonts/type1/public/amsfonts/cm/cmbx6.pfb: OK
/usr/share/texlive/texmf-dist/fonts/type1/public/amsfonts/cm/cmbx8.pfb: OK
/usr/share/texlive/texmf-dist/fonts/type1/public/amsfonts/cm/cmex10.pfb: OK
/usr/share/texlive/texmf-dist/fonts/type1/public/amsfonts/cm/cmmi10.pfb: OK
/usr/share/texlive/texmf-dist/fonts/type1/public/amsfonts/cm/cmmi12.pfb: OK
/usr/share/texlive/texmf-dist/fonts/type1/public/amsfonts/cm/cmmi5.pfb: OK
/usr/share/texlive/texmf-dist/fonts/type1/public/amsfonts/cm/cmmi6.pfb: OK
/usr/share/texlive/texmf-dist/fonts/type1/public/amsfonts/cm/cmmi7.pfb: OK
/usr/share/texlive/texmf-dist/fonts/type1/public/amsfonts/cm/cmmi8.pfb: OK
/usr/share/texlive/texmf-dist/fonts/type1/public/amsfonts/cm/cmmi9.pfb: OK
/usr/share/texlive/texmf-dist/fonts/type1/public/amsfonts/cm/cmmib10.pfb: OK
/usr/share/texlive/texmf-dist/fonts/type1/public/amsfonts/cm/cmr10.pfb: OK
/usr/share/texlive/texmf-dist/fonts/type1/public/amsfonts/cm/cmr12.pfb: OK
/usr/share/texlive/texmf-dist/fonts/type1/public/amsfonts/cm/cmr17.pfb: OK
/usr/share/texlive/texmf-dist/fonts/type1/public/amsfonts/cm/cmr5.pfb: OK
/usr/share/texlive/texmf-dist/fonts/type1/public/amsfonts/cm/cmr6.pfb: OK
/usr/share/texlive/texmf-dist/fonts/type1/public/amsfonts/cm/cmr7.pfb: OK
/usr/share/texlive/texmf-dist/fonts/type1/public/amsfonts/cm/cmr8.pfb: OK
/usr/share/texlive/texmf-dist/fonts/type1/public/amsfonts/cm/cmr9.pfb: OK
/usr/share/texlive/texmf-dist/fonts/type1/public/amsfonts/cm/cmsy10.pfb: OK
/usr/share/texlive/texmf-dist/fonts/type1/public/amsfonts/cm/cmsy5.pfb: OK
/usr/share/texlive/texmf-dist/fonts/type1/public/amsfonts/cm/cmsy6.pfb: OK
/usr/share/texlive/texmf-dist/fonts/type1/public/amsfonts/cm/cmsy7.pfb: OK
/usr/share/texlive/texmf-dist/fonts/type1/public/amsfonts/cm/cmsy8.pfb: OK
/usr/share/texlive/texmf-dist/fonts/type1/public/amsfonts/cm/cmsy9.pfb: OK
/usr/share/texlive/texmf-dist/fonts/type1/public/amsfonts/cm/cmti10.pfb: OK
/usr/share/texlive/texmf-dist/fonts/type1/public/amsfonts/cm/cmti12.pfb: OK
/usr/share/texlive/texmf-dist/fonts/type1/public/amsfonts/cm/cmti7.pfb: OK
/usr/share/texlive/texmf-dist/fonts/type1/public/amsfonts/cm/cmti8.pfb: OK
/usr/share/texlive/texmf-dist/fonts/type1/public/amsfonts/cm/cmti9.pfb: OK
/usr/share/texlive/texmf-dist/fonts/type1/public/amsfonts/cm/cmtt10.pfb: OK
/usr/share/texlive/texmf-dist/fonts/type1/public/amsfonts/cmextra/cmex7.pfb: OK
/usr/share/texlive/texmf-dist/fonts/type1/public/amsfonts/cmextra/cmex8.pfb: OK
/usr/share/texlive/texmf-dist/fonts/type1/public/amsfonts/cmextra/cmex9.pfb: OK
/usr/share/texlive/texmf-dist/fonts/type1/public/amsfonts/symbols/msam10.pfb: OK
/usr/share/texlive/texmf-dist/fonts/type1/public/amsfonts/symbols/msam5.pfb: OK
/usr/share/texlive/texmf-dist/fonts/type1/public/amsfonts/symbols/msam7.pfb: OK
/usr/share/texlive/texmf-dist/fonts/type1/public/amsfonts/symbols/msbm10.pfb: OK
/usr/share/texlive/texmf-dist/fonts/type1/public/amsfonts/symbols/msbm5.pfb: OK
/usr/share/texlive/texmf-dist/fonts/type1/public/amsfonts/symbols/msbm7.pfb: OK
/usr/share/texlive/texmf-dist/ls-R: OK
/usr/share/texlive/texmf-dist/tex/latex/amscls/amsthm.sty: OK
/usr/share/texlive/texmf-dist/tex/latex/amsfonts/amsfonts.sty: OK
/usr/share/texlive/texmf-dist/tex/latex/amsfonts/amssymb.sty: OK
/usr/share/texlive/texmf-dist/tex/latex/amsfonts/umsa.fd: OK
/usr/share/texlive/texmf-dist/tex/latex/amsfonts/umsb.fd: OK
/usr/share/texlive/texmf-dist/tex/latex/amsmath/amsbsy.sty: OK
/usr/share/texlive/texmf-dist/tex/latex/amsmath/amsgen.sty: OK
/usr/share/texlive/texmf-dist/tex/latex/amsmath/amsmath.sty: OK
/usr/share/texlive/texmf-dist/tex/latex/amsmath/amsopn.sty: OK
/usr/share/texlive/texmf-dist/tex/latex/amsmath/amstext.sty: OK
/usr/share/texlive/texmf-dist/tex/latex/base/article.cls: OK
/usr/share/texlive/texmf-dist/tex/latex/base/fontmath.ltx: OK
/usr/share/texlive/texmf-dist/tex/latex/base/fonttext.ltx: OK
/usr/share/texlive/texmf-dist/tex/latex/base/latex.ltx: OK
/usr/share/texlive/texmf-dist/tex/latex/base/omlcmm.fd: OK
/usr/share/texlive/texmf-dist/tex/latex/base/omscmsy.fd: OK
/usr/share/texlive/texmf-dist/tex/latex/base/omxcmex.fd: OK
/usr/share/texlive/texmf-dist/tex/latex/base/ot1cmr.fd: OK
/usr/share/texlive/texmf-dist/tex/latex/base/ot1cmss.fd: OK
/usr/share/texlive/texmf-dist/tex/latex/base/ot1cmtt.fd: OK
/usr/share/texlive/texmf-dist/tex/latex/base/size11.clo: OK
/usr/share/texlive/texmf-dist/tex/latex/base/ts1cmr.fd: OK
/usr/share/texlive/texmf-dist/tex/latex/l3backend/l3backend-pdftex.def: OK
/usr/share/texlive/texmf-dist/web2c/texmf.cnf: OK
/usr/share/texmf/ls-R: OK
/usr/share/texmf/web2c/texmf.cnf: OK
/var/lib/texmf/fonts/map/pdftex/updmap/pdftex.map: OK
/var/lib/texmf/ls-R: OK
/var/lib/texmf/tex/generic/tex-ini-files/pdftexconfig.tex: OK
/var/lib/texmf/web2c/pdftex/pdflatex.fmt: OK
/usr/share/texlive/texmf-dist/fonts/map/fontname/texfonts.map: OK
