{
  "TeX_execution_performed": false,
  "aliases": {
    "cold07": {
      "alias_groups": {
        "/root/miniconda3/lib/libncursesw.so.6.6": [
          "/root/miniconda3/lib/python3.12/lib-dynload/../.././libncursesw.so.6",
          "/root/miniconda3/lib/python3.12/lib-dynload/../../libncursesw.so.6"
        ],
        "/root/miniconda3/lib/libtinfow.so.6.6": [
          "/root/miniconda3/lib/python3.12/lib-dynload/../.././libtinfow.so.6",
          "/root/miniconda3/lib/python3.12/lib-dynload/../../libtinfow.so.6"
        ],
        "/root/miniconda3/lib/libz.so.1.3.2": [
          "/root/miniconda3/lib/libz.so.1",
          "/root/miniconda3/lib/python3.12/lib-dynload/../../libz.so.1"
        ]
      },
      "all_resolutions": {
        "/root/miniconda3/lib/libbz2.so.1.0.8": [
          "/root/miniconda3/lib/python3.12/lib-dynload/../../libbz2.so.1.0"
        ],
        "/root/miniconda3/lib/libcrypto.so.3": [
          "/root/miniconda3/lib/python3.12/lib-dynload/../../libcrypto.so.3"
        ],
        "/root/miniconda3/lib/libexpat.so.1.9.2": [
          "/root/miniconda3/lib/python3.12/lib-dynload/../../libexpat.so.1"
        ],
        "/root/miniconda3/lib/libffi.so.8.1.2": [
          "/root/miniconda3/lib/python3.12/lib-dynload/../../libffi.so.8"
        ],
        "/root/miniconda3/lib/liblzma.so.5.4.6": [
          "/root/miniconda3/lib/python3.12/lib-dynload/../../liblzma.so.5"
        ],
        "/root/miniconda3/lib/libncursesw.so.6.6": [
          "/root/miniconda3/lib/python3.12/lib-dynload/../.././libncursesw.so.6",
          "/root/miniconda3/lib/python3.12/lib-dynload/../../libncursesw.so.6"
        ],
        "/root/miniconda3/lib/libpanelw.so.6.6": [
          "/root/miniconda3/lib/python3.12/lib-dynload/../../libpanelw.so.6"
        ],
        "/root/miniconda3/lib/libreadline.so.8.3": [
          "/root/miniconda3/lib/python3.12/lib-dynload/../../libreadline.so.8"
        ],
        "/root/miniconda3/lib/libsqlite3.so.3.53.1": [
          "/root/miniconda3/lib/python3.12/lib-dynload/../../libsqlite3.so.0"
        ],
        "/root/miniconda3/lib/libssl.so.3": [
          "/root/miniconda3/lib/python3.12/lib-dynload/../../libssl.so.3"
        ],
        "/root/miniconda3/lib/libtcl8.6.so": [
          "/root/miniconda3/lib/python3.12/lib-dynload/../../libtcl8.6.so"
        ],
        "/root/miniconda3/lib/libtinfo.so.6.6": [
          "/root/miniconda3/lib/python3.12/lib-dynload/../.././libtinfo.so.6"
        ],
        "/root/miniconda3/lib/libtinfow.so.6.6": [
          "/root/miniconda3/lib/python3.12/lib-dynload/../.././libtinfow.so.6",
          "/root/miniconda3/lib/python3.12/lib-dynload/../../libtinfow.so.6"
        ],
        "/root/miniconda3/lib/libtk8.6.so": [
          "/root/miniconda3/lib/python3.12/lib-dynload/../../libtk8.6.so"
        ],
        "/root/miniconda3/lib/libuuid.so.1.3.0": [
          "/root/miniconda3/lib/python3.12/lib-dynload/../../libuuid.so.1"
        ],
        "/root/miniconda3/lib/libz.so.1.3.2": [
          "/root/miniconda3/lib/libz.so.1",
          "/root/miniconda3/lib/python3.12/lib-dynload/../../libz.so.1"
        ],
        "/usr/lib/x86_64-linux-gnu/ld-linux-x86-64.so.2": [
          "/lib64/ld-linux-x86-64.so.2"
        ],
        "/usr/lib/x86_64-linux-gnu/libX11.so.6.4.0": [
          "/usr/lib/x86_64-linux-gnu/libX11.so.6"
        ],
        "/usr/lib/x86_64-linux-gnu/libXau.so.6.0.0": [
          "/usr/lib/x86_64-linux-gnu/libXau.so.6"
        ],
        "/usr/lib/x86_64-linux-gnu/libXdmcp.so.6.0.0": [
          "/usr/lib/x86_64-linux-gnu/libXdmcp.so.6"
        ],
        "/usr/lib/x86_64-linux-gnu/libbsd.so.0.11.5": [
          "/usr/lib/x86_64-linux-gnu/libbsd.so.0"
        ],
        "/usr/lib/x86_64-linux-gnu/libc.so.6": [
          "/usr/lib/x86_64-linux-gnu/libc.so.6"
        ],
        "/usr/lib/x86_64-linux-gnu/libcrypt.so.1.1.0": [
          "/usr/lib/x86_64-linux-gnu/libcrypt.so.1"
        ],
        "/usr/lib/x86_64-linux-gnu/libdl.so.2": [
          "/usr/lib/x86_64-linux-gnu/libdl.so.2"
        ],
        "/usr/lib/x86_64-linux-gnu/libm.so.6": [
          "/usr/lib/x86_64-linux-gnu/libm.so.6"
        ],
        "/usr/lib/x86_64-linux-gnu/libmd.so.0.0.5": [
          "/usr/lib/x86_64-linux-gnu/libmd.so.0"
        ],
        "/usr/lib/x86_64-linux-gnu/libnsl.so.1": [
          "/usr/lib/x86_64-linux-gnu/libnsl.so.1"
        ],
        "/usr/lib/x86_64-linux-gnu/libpthread.so.0": [
          "/usr/lib/x86_64-linux-gnu/libpthread.so.0"
        ],
        "/usr/lib/x86_64-linux-gnu/librt.so.1": [
          "/usr/lib/x86_64-linux-gnu/librt.so.1"
        ],
        "/usr/lib/x86_64-linux-gnu/libtinfo.so.6.3": [
          "/usr/lib/x86_64-linux-gnu/libtinfo.so.6"
        ],
        "/usr/lib/x86_64-linux-gnu/libutil.so.1": [
          "/usr/lib/x86_64-linux-gnu/libutil.so.1"
        ],
        "/usr/lib/x86_64-linux-gnu/libxcb.so.1.1.0": [
          "/usr/lib/x86_64-linux-gnu/libxcb.so.1"
        ]
      },
      "canonical_distinct_files": 32,
      "exact_before_after_map_coverage": true,
      "extra_pinned_files": [],
      "missing_resolved_files": [],
      "raw_distinct_spellings": 35
    },
    "cold08": {
      "alias_groups": {
        "/root/miniconda3/lib/libncursesw.so.6.6": [
          "/root/miniconda3/lib/python3.12/lib-dynload/../.././libncursesw.so.6",
          "/root/miniconda3/lib/python3.12/lib-dynload/../../libncursesw.so.6"
        ],
        "/root/miniconda3/lib/libtinfow.so.6.6": [
          "/root/miniconda3/lib/python3.12/lib-dynload/../.././libtinfow.so.6",
          "/root/miniconda3/lib/python3.12/lib-dynload/../../libtinfow.so.6"
        ],
        "/root/miniconda3/lib/libz.so.1.3.2": [
          "/root/miniconda3/lib/libz.so.1",
          "/root/miniconda3/lib/python3.12/lib-dynload/../../libz.so.1"
        ]
      },
      "all_resolutions": {
        "/root/miniconda3/lib/libbz2.so.1.0.8": [
          "/root/miniconda3/lib/python3.12/lib-dynload/../../libbz2.so.1.0"
        ],
        "/root/miniconda3/lib/libcrypto.so.3": [
          "/root/miniconda3/lib/python3.12/lib-dynload/../../libcrypto.so.3"
        ],
        "/root/miniconda3/lib/libexpat.so.1.9.2": [
          "/root/miniconda3/lib/python3.12/lib-dynload/../../libexpat.so.1"
        ],
        "/root/miniconda3/lib/libffi.so.8.1.2": [
          "/root/miniconda3/lib/python3.12/lib-dynload/../../libffi.so.8"
        ],
        "/root/miniconda3/lib/liblzma.so.5.4.6": [
          "/root/miniconda3/lib/python3.12/lib-dynload/../../liblzma.so.5"
        ],
        "/root/miniconda3/lib/libncursesw.so.6.6": [
          "/root/miniconda3/lib/python3.12/lib-dynload/../.././libncursesw.so.6",
          "/root/miniconda3/lib/python3.12/lib-dynload/../../libncursesw.so.6"
        ],
        "/root/miniconda3/lib/libpanelw.so.6.6": [
          "/root/miniconda3/lib/python3.12/lib-dynload/../../libpanelw.so.6"
        ],
        "/root/miniconda3/lib/libreadline.so.8.3": [
          "/root/miniconda3/lib/python3.12/lib-dynload/../../libreadline.so.8"
        ],
        "/root/miniconda3/lib/libsqlite3.so.3.53.1": [
          "/root/miniconda3/lib/python3.12/lib-dynload/../../libsqlite3.so.0"
        ],
        "/root/miniconda3/lib/libssl.so.3": [
          "/root/miniconda3/lib/python3.12/lib-dynload/../../libssl.so.3"
        ],
        "/root/miniconda3/lib/libtcl8.6.so": [
          "/root/miniconda3/lib/python3.12/lib-dynload/../../libtcl8.6.so"
        ],
        "/root/miniconda3/lib/libtinfo.so.6.6": [
          "/root/miniconda3/lib/python3.12/lib-dynload/../.././libtinfo.so.6"
        ],
        "/root/miniconda3/lib/libtinfow.so.6.6": [
          "/root/miniconda3/lib/python3.12/lib-dynload/../.././libtinfow.so.6",
          "/root/miniconda3/lib/python3.12/lib-dynload/../../libtinfow.so.6"
        ],
        "/root/miniconda3/lib/libtk8.6.so": [
          "/root/miniconda3/lib/python3.12/lib-dynload/../../libtk8.6.so"
        ],
        "/root/miniconda3/lib/libuuid.so.1.3.0": [
          "/root/miniconda3/lib/python3.12/lib-dynload/../../libuuid.so.1"
        ],
        "/root/miniconda3/lib/libz.so.1.3.2": [
          "/root/miniconda3/lib/libz.so.1",
          "/root/miniconda3/lib/python3.12/lib-dynload/../../libz.so.1"
        ],
        "/usr/lib/x86_64-linux-gnu/ld-linux-x86-64.so.2": [
          "/lib64/ld-linux-x86-64.so.2"
        ],
        "/usr/lib/x86_64-linux-gnu/libX11.so.6.4.0": [
          "/usr/lib/x86_64-linux-gnu/libX11.so.6"
        ],
        "/usr/lib/x86_64-linux-gnu/libXau.so.6.0.0": [
          "/usr/lib/x86_64-linux-gnu/libXau.so.6"
        ],
        "/usr/lib/x86_64-linux-gnu/libXdmcp.so.6.0.0": [
          "/usr/lib/x86_64-linux-gnu/libXdmcp.so.6"
        ],
        "/usr/lib/x86_64-linux-gnu/libbsd.so.0.11.5": [
          "/usr/lib/x86_64-linux-gnu/libbsd.so.0"
        ],
        "/usr/lib/x86_64-linux-gnu/libc.so.6": [
          "/usr/lib/x86_64-linux-gnu/libc.so.6"
        ],
        "/usr/lib/x86_64-linux-gnu/libcrypt.so.1.1.0": [
          "/usr/lib/x86_64-linux-gnu/libcrypt.so.1"
        ],
        "/usr/lib/x86_64-linux-gnu/libdl.so.2": [
          "/usr/lib/x86_64-linux-gnu/libdl.so.2"
        ],
        "/usr/lib/x86_64-linux-gnu/libm.so.6": [
          "/usr/lib/x86_64-linux-gnu/libm.so.6"
        ],
        "/usr/lib/x86_64-linux-gnu/libmd.so.0.0.5": [
          "/usr/lib/x86_64-linux-gnu/libmd.so.0"
        ],
        "/usr/lib/x86_64-linux-gnu/libnsl.so.1": [
          "/usr/lib/x86_64-linux-gnu/libnsl.so.1"
        ],
        "/usr/lib/x86_64-linux-gnu/libpthread.so.0": [
          "/usr/lib/x86_64-linux-gnu/libpthread.so.0"
        ],
        "/usr/lib/x86_64-linux-gnu/librt.so.1": [
          "/usr/lib/x86_64-linux-gnu/librt.so.1"
        ],
        "/usr/lib/x86_64-linux-gnu/libtinfo.so.6.3": [
          "/usr/lib/x86_64-linux-gnu/libtinfo.so.6"
        ],
        "/usr/lib/x86_64-linux-gnu/libutil.so.1": [
          "/usr/lib/x86_64-linux-gnu/libutil.so.1"
        ],
        "/usr/lib/x86_64-linux-gnu/libxcb.so.1.1.0": [
          "/usr/lib/x86_64-linux-gnu/libxcb.so.1"
        ]
      },
      "canonical_distinct_files": 32,
      "exact_before_after_map_coverage": true,
      "extra_pinned_files": [],
      "missing_resolved_files": [],
      "raw_distinct_spellings": 35
    }
  },
  "assertions": 9083,
  "baseline_referents": 4219,
  "initial_payload_mapping": null,
  "initial_payloads_preserved": 743,
  "mathematical_execution_performed": false,
  "root_pair_assertions_per_run": 130961,
  "root_pair_commands": 7,
  "root_pair_historical_relocations": [],
  "root_pair_states_per_run": 2055,
  "runtime": {
    "environment": {
      "LANG": "C",
      "LC_ALL": "C",
      "PATH": "/usr/bin:/bin",
      "TZ": "UTC"
    },
    "flags": {
      "dont_write_bytecode": true,
      "isolated": 1,
      "no_site": 1,
      "optimize": 0
    },
    "mapped_files": {
      "/root/miniconda3/bin/python3.12": {
        "bytes": 30626264,
        "sha256": "9a3d9e94d2be60d9a2a91d08f62292a152e28175fb4ee1d871aa5850fbb7a101"
      },
      "/root/miniconda3/lib/libcrypto.so.3": {
        "bytes": 7202968,
        "sha256": "84af28800e6b5f1eba630255b6fa9ea431f06c362b59df702615734e21130655"
      },
      "/root/miniconda3/lib/python3.12/lib-dynload/_blake2.cpython-312-x86_64-linux-gnu.so": {
        "bytes": 264680,
        "sha256": "467e67a0a2e3332a2a85ea92be4aa5b0ed044dd3cb883b81faf858e4154f5907"
      },
      "/root/miniconda3/lib/python3.12/lib-dynload/_hashlib.cpython-312-x86_64-linux-gnu.so": {
        "bytes": 218728,
        "sha256": "e3e2d2df60a4c6f9c579a977f666b06e7b5ff43c1b58ec487574679f0d4fa7fa"
      },
      "/root/miniconda3/lib/python3.12/lib-dynload/_json.cpython-312-x86_64-linux-gnu.so": {
        "bytes": 284944,
        "sha256": "9d9be0eb2d0cef38fc2fd704c7b80277689f1acd64a2a14da20e652336cb4cc1"
      },
      "/root/miniconda3/lib/python3.12/lib-dynload/_posixsubprocess.cpython-312-x86_64-linux-gnu.so": {
        "bytes": 172808,
        "sha256": "a8b7f451a4f1c002c1f5c5197ed066b3fe9c0e40bf5bcd588503eeb3ded8a614"
      },
      "/root/miniconda3/lib/python3.12/lib-dynload/fcntl.cpython-312-x86_64-linux-gnu.so": {
        "bytes": 58608,
        "sha256": "986876a5a741db84ef4c7c487a7b237263193fab69a6aafd738119c793bf0d05"
      },
      "/root/miniconda3/lib/python3.12/lib-dynload/math.cpython-312-x86_64-linux-gnu.so": {
        "bytes": 388440,
        "sha256": "4f3f76c2e7043b33d562ec3e0789e843322f8107a73f36d737ee013719e5a807"
      },
      "/root/miniconda3/lib/python3.12/lib-dynload/select.cpython-312-x86_64-linux-gnu.so": {
        "bytes": 118512,
        "sha256": "68ffbbf95529273f2b01358eaf3975048879396ae8e8b75acda9f14335f7a143"
      },
      "/usr/lib/x86_64-linux-gnu/ld-linux-x86-64.so.2": {
        "bytes": 240936,
        "sha256": "8c7e2990d2847ca210d6f716d4b9aa62997c2fd2acfcda587c1ec398ed364618"
      },
      "/usr/lib/x86_64-linux-gnu/libc.so.6": {
        "bytes": 2220400,
        "sha256": "c662f0eb3e4b8da67692edd53934263e9e4807105d4228b0c12c3d93dca49fd3"
      },
      "/usr/lib/x86_64-linux-gnu/libdl.so.2": {
        "bytes": 14432,
        "sha256": "6d6060611eecdc455d9e2eac5138270c5db42f4735d1188038801dc7c4efbf3e"
      },
      "/usr/lib/x86_64-linux-gnu/libm.so.6": {
        "bytes": 940560,
        "sha256": "2877e828e386ca225c14ec01cb2d7f07e61dbc025ffb15e524c100a1e9ab3070"
      },
      "/usr/lib/x86_64-linux-gnu/libpthread.so.0": {
        "bytes": 21448,
        "sha256": "fdfd7d83a335ba12bd73e857f95a798dae0355f37935231966fd088647978e23"
      },
      "/usr/lib/x86_64-linux-gnu/libutil.so.1": {
        "bytes": 14432,
        "sha256": "3888e3c1e2bd8ec41d59b5322b43911d2c163a27ddbde1adcb00f2e6fe17a144"
      }
    },
    "modules": {
      "/root/autodl-tmp/symbolic_dynamics/docs/papers204_208_sequence/reviews/p208_a/delta_audit.py": {
        "bytes": 16203,
        "sha256": "3ef664d3c66cea27d02ce0cb1cc1f9d49fc2ce3e2e3c8478e688ec2fcc008db1"
      },
      "/root/miniconda3/lib/python3.12/_collections_abc.py": {
        "bytes": 32082,
        "sha256": "90324ee3e1c4ca5319f7242d4b7c1e90eb8418b3f999d07c853aa488356282e6"
      },
      "/root/miniconda3/lib/python3.12/_weakrefset.py": {
        "bytes": 5893,
        "sha256": "91895a451d06e9f521a1171b31b9b19bc9740f35af00d4fa106338ab7167c9ac"
      },
      "/root/miniconda3/lib/python3.12/abc.py": {
        "bytes": 6538,
        "sha256": "e558702a95cdce3febd289da021715d2b92bc43995b8a1bc58dfa1c3d8010287"
      },
      "/root/miniconda3/lib/python3.12/codecs.py": {
        "bytes": 36870,
        "sha256": "7b7839e53a77961153240aecfe11edc8054d05b1dedd83894450dae21ec05785"
      },
      "/root/miniconda3/lib/python3.12/collections/__init__.py": {
        "bytes": 52378,
        "sha256": "0af967cd58036507b3d0fbc33b7a996c61dbb52a94b0b738c8bef12cd4cc7dd4"
      },
      "/root/miniconda3/lib/python3.12/collections/abc.py": {
        "bytes": 119,
        "sha256": "9cb4208f99128a0489b6c8e6c61637617dd7d4250c59e065491957eda084dd10"
      },
      "/root/miniconda3/lib/python3.12/contextlib.py": {
        "bytes": 27637,
        "sha256": "8b7a477f978a8532852fd81e241c78182516bc4975d672d580a5848a76e11eb6"
      },
      "/root/miniconda3/lib/python3.12/copyreg.py": {
        "bytes": 7614,
        "sha256": "c8eda41f05c6bf95a4da4726a530409d2485ae060b8d019b3a8034389a15d3e9"
      },
      "/root/miniconda3/lib/python3.12/encodings/__init__.py": {
        "bytes": 5884,
        "sha256": "78c4744d407690f321565488710b5aaf6486b5afa8d185637aa1e7633ab59cd8"
      },
      "/root/miniconda3/lib/python3.12/encodings/aliases.py": {
        "bytes": 15677,
        "sha256": "6fdcc49ba23a0203ae6cf28e608f8e6297d7c4d77d52e651db3cb49b9564c6d2"
      },
      "/root/miniconda3/lib/python3.12/encodings/utf_8.py": {
        "bytes": 1005,
        "sha256": "ba0cac060269583523ca9506473a755203037c57d466a11aa89a30a5f6756f3d"
      },
      "/root/miniconda3/lib/python3.12/enum.py": {
        "bytes": 81636,
        "sha256": "c8ead615c159598370295649eb296819ad4b40d50b200c4fec2d4269bf7af9ae"
      },
      "/root/miniconda3/lib/python3.12/fnmatch.py": {
        "bytes": 5999,
        "sha256": "6683da36e47af523f3f41e18ad244d837783e19e98911cc0b7415dea81494ebc"
      },
      "/root/miniconda3/lib/python3.12/functools.py": {
        "bytes": 38126,
        "sha256": "cca971c456e1bec8b751aecdf41466f34dbf72321ee0840627280ba2ccf9d033"
      },
      "/root/miniconda3/lib/python3.12/genericpath.py": {
        "bytes": 5301,
        "sha256": "6a271770c5e0c0a594075cc0063c807421fac3474df05d91a01c91d12c36eb5f"
      },
      "/root/miniconda3/lib/python3.12/hashlib.py": {
        "bytes": 9349,
        "sha256": "6dbdebf270868b391080e21dc9687eddfaf321c965ad979f68d3f5c423c613ab"
      },
      "/root/miniconda3/lib/python3.12/importlib/_bootstrap_external.py": {
        "bytes": 69175,
        "sha256": "949e115a77dd6b25280195c30b6f5146a303212816b3221430ad82467d4f3133"
      },
      "/root/miniconda3/lib/python3.12/io.py": {
        "bytes": 3582,
        "sha256": "7cec3cb8ac004058dd0a5af246e6d950fb59c7ddd0058fda48bcb3fcb98d8822"
      },
      "/root/miniconda3/lib/python3.12/ipaddress.py": {
        "bytes": 75012,
        "sha256": "687e343fa31d6470a3856d825e410509b24f7117be12ccba8a704d88214e206a"
      },
      "/root/miniconda3/lib/python3.12/json/__init__.py": {
        "bytes": 14020,
        "sha256": "d5d41e2c29049515d295d81a6d40b4890fbec8d8482cfb401630f8ef2f77e4d5"
      },
      "/root/miniconda3/lib/python3.12/json/decoder.py": {
        "bytes": 12473,
        "sha256": "9f02654649816145bc76f8c210a5fe3ba1de142d4d97a1c93105732e747c285b"
      },
      "/root/miniconda3/lib/python3.12/json/encoder.py": {
        "bytes": 16070,
        "sha256": "af7bd40a0d0d0a3e726a9b4b3a2a543019f6ab97a340d0162a9c29ca9da97869"
      },
      "/root/miniconda3/lib/python3.12/json/scanner.py": {
        "bytes": 2425,
        "sha256": "8604d9d03786d0d509abb49e9f069337278ea988c244069ae8ca2c89acc2cb08"
      },
      "/root/miniconda3/lib/python3.12/keyword.py": {
        "bytes": 1073,
        "sha256": "18c2be738c04ad20ad375f6a71db34b3823c7f40b0340f5294d0e89f3c9b093b"
      },
      "/root/miniconda3/lib/python3.12/lib-dynload/_blake2.cpython-312-x86_64-linux-gnu.so": {
        "bytes": 264680,
        "sha256": "467e67a0a2e3332a2a85ea92be4aa5b0ed044dd3cb883b81faf858e4154f5907"
      },
      "/root/miniconda3/lib/python3.12/lib-dynload/_hashlib.cpython-312-x86_64-linux-gnu.so": {
        "bytes": 218728,
        "sha256": "e3e2d2df60a4c6f9c579a977f666b06e7b5ff43c1b58ec487574679f0d4fa7fa"
      },
      "/root/miniconda3/lib/python3.12/lib-dynload/_json.cpython-312-x86_64-linux-gnu.so": {
        "bytes": 284944,
        "sha256": "9d9be0eb2d0cef38fc2fd704c7b80277689f1acd64a2a14da20e652336cb4cc1"
      },
      "/root/miniconda3/lib/python3.12/lib-dynload/_posixsubprocess.cpython-312-x86_64-linux-gnu.so": {
        "bytes": 172808,
        "sha256": "a8b7f451a4f1c002c1f5c5197ed066b3fe9c0e40bf5bcd588503eeb3ded8a614"
      },
      "/root/miniconda3/lib/python3.12/lib-dynload/fcntl.cpython-312-x86_64-linux-gnu.so": {
        "bytes": 58608,
        "sha256": "986876a5a741db84ef4c7c487a7b237263193fab69a6aafd738119c793bf0d05"
      },
      "/root/miniconda3/lib/python3.12/lib-dynload/math.cpython-312-x86_64-linux-gnu.so": {
        "bytes": 388440,
        "sha256": "4f3f76c2e7043b33d562ec3e0789e843322f8107a73f36d737ee013719e5a807"
      },
      "/root/miniconda3/lib/python3.12/lib-dynload/select.cpython-312-x86_64-linux-gnu.so": {
        "bytes": 118512,
        "sha256": "68ffbbf95529273f2b01358eaf3975048879396ae8e8b75acda9f14335f7a143"
      },
      "/root/miniconda3/lib/python3.12/locale.py": {
        "bytes": 78558,
        "sha256": "5caa43b5ca0d60fd8a6c0bf7e9b8c8a23e86c58e49f1f8b4398f0d2fdf237b6e"
      },
      "/root/miniconda3/lib/python3.12/ntpath.py": {
        "bytes": 31483,
        "sha256": "0ba5b71169c209deaf39bb3c6f043f65586c931424236ed10cfe9b932b1e6197"
      },
      "/root/miniconda3/lib/python3.12/operator.py": {
        "bytes": 10965,
        "sha256": "b2af20f67667203c1730e686cc5d0427becc94db4c97f1d3efe3ed2158473f6a"
      },
      "/root/miniconda3/lib/python3.12/os.py": {
        "bytes": 39786,
        "sha256": "316d1b7307fd851bded3423c9d437e0a383c725d993f0fcff2e8b749fe560b62"
      },
      "/root/miniconda3/lib/python3.12/pathlib.py": {
        "bytes": 51105,
        "sha256": "dc14d8207519fb8bcdd9c7bae1d54da3ad1b339aa83d4979c16057cd552a3487"
      },
      "/root/miniconda3/lib/python3.12/posixpath.py": {
        "bytes": 17564,
        "sha256": "8396232224e1b9df7896a32980046825b64c00bb010ddd2a4ccc23fe4fbfe262"
      },
      "/root/miniconda3/lib/python3.12/re/__init__.py": {
        "bytes": 16315,
        "sha256": "8ff3c37c63b917fcf8dc8d50993a502292a3dc159e41de4f4018c72a53d1c07b"
      },
      "/root/miniconda3/lib/python3.12/re/_casefix.py": {
        "bytes": 5446,
        "sha256": "41572ac50cf96b04496e676d8a6708898bb8e752e06dad34ed4c50c5d8f1fe40"
      },
      "/root/miniconda3/lib/python3.12/re/_compiler.py": {
        "bytes": 26089,
        "sha256": "c05067f8bfa4c13cbbf1eedc4d5cafc9b621bcb6ebc5771ba0518a18095af15a"
      },
      "/root/miniconda3/lib/python3.12/re/_constants.py": {
        "bytes": 5930,
        "sha256": "fa4fdb200f238f9e7817b63892b0d69833d8165134801e775e10cc113348a375"
      },
      "/root/miniconda3/lib/python3.12/re/_parser.py": {
        "bytes": 41201,
        "sha256": "a51a85b37cf3f44ba7ff25754da5f31306e4ccfa6eb3c017f9d37bdf4e770840"
      },
      "/root/miniconda3/lib/python3.12/reprlib.py": {
        "bytes": 6569,
        "sha256": "8da31054076803065758311f54b18b8a616824941977d907dc3ee729228e9015"
      },
      "/root/miniconda3/lib/python3.12/selectors.py": {
        "bytes": 19671,
        "sha256": "1eeb102373e18c96311203f30c516e785bd8642275aa0bd66e43a284c9692385"
      },
      "/root/miniconda3/lib/python3.12/signal.py": {
        "bytes": 2495,
        "sha256": "0363c964c90ac0b3e515de5749205e6e6454051a1211058375d84d91eab6071a"
      },
      "/root/miniconda3/lib/python3.12/stat.py": {
        "bytes": 5485,
        "sha256": "052af0327eae6941b69b05c088b3e748f79995635f80ac4cc7125eb333eb4c77"
      },
      "/root/miniconda3/lib/python3.12/subprocess.py": {
        "bytes": 88725,
        "sha256": "baa9f9138d8d20df6284f67e7d2e790f847f65e2c5370de322d54cccd737f2d9"
      },
      "/root/miniconda3/lib/python3.12/threading.py": {
        "bytes": 60123,
        "sha256": "8273b4cf5b6f274b4993f5cae08634dd272c6952af9867ff9aa13ed446f1549b"
      },
      "/root/miniconda3/lib/python3.12/types.py": {
        "bytes": 10993,
        "sha256": "345474ef027a1273f353da9bdc1f7c18f65335e72e681bcc0376774cc51f2405"
      },
      "/root/miniconda3/lib/python3.12/urllib/__init__.py": {
        "bytes": 0,
        "sha256": "e3b0c44298fc1c149afbf4c8996fb92427ae41e4649b934ca495991b7852b855"
      },
      "/root/miniconda3/lib/python3.12/urllib/parse.py": {
        "bytes": 44923,
        "sha256": "19db1c75711a43c7c11bcf8962586dfdd1f6c1c6ee759c3018d866cfb87380ba"
      },
      "/root/miniconda3/lib/python3.12/warnings.py": {
        "bytes": 21760,
        "sha256": "8eb1bb88d0beb82ebecfe7ee5cf54ed9b77b4a7acee1989e392a65de42017c49"
      },
      "/root/miniconda3/lib/python3.12/zipimport.py": {
        "bytes": 28132,
        "sha256": "4ac94d92219c2e1c0d67ad3fff3753ec3a3756af62a36a2f696f02cd12d518f0"
      }
    },
    "pycache_prefix": "/root/autodl-tmp/symbolic_dynamics/docs/papers204_208_sequence/reviews/p208_a/delta/audit01/unused_pycache"
  },
  "status": "PASS_LIBRARY_COUNT_AUDIT"
}
