### Ranking after subtraction

1. **`M01` is the strongest raw package but not a select.**  Before
   subtraction it has three clean axes: a sharp pointwise clock, complete
   recurrent/endpoint classification, and every-target graded basins.  After
   subtraction, only the exact scheduler-oriented functional graph remains,
   and its proof is adjacent-inversion sorting.
2. **`B01` is the mathematical second.**  Its permutation-by-permutation
   basin polynomial is unusually explicit, including unique extremal basins.
   It is nevertheless unusable without waiving the hard prohibition on
   another greedy matching process.
3. **`U01` is the cleanest nonmatching control.**  Its Möbius fibre identity
   is exact for every target, but it is precisely a generic finite closure
   system.  It is a useful standard for what the value gate must reject.

There is consequently no honest same-lane replacement for `M01`.  A final
five-paper freeze should draw the replacement from another scouting lane,
not relax either the P130 or the generic-sorting/matching firewall.

## 2. `M01`: exact subtraction of the strongest raw signal

### 2.1 Literal map and finite profile

Let a matching on `[2n]={0,...,2n-1}` be written with each chord `(a,b)` in
increasing order.  Among all crossings

```text
(a,c), (b,d),       a < b < c < d,
```

choose the lexicographically least quadruple `(a,b,c,d)` and replace those
two chords by the nesting `(a,d),(b,c)`.  Fix a matching with no crossing.

For `n=1,...,7`, the exact triples `(states,image,fixed)` are

```text
(1,1,1), (3,2,2), (15,8,5), (105,53,14),
(945,473,42), (10395,5198,132), (135135,67568,429).
```

The exact maximal tails are

```text
0, 1, 3, 6, 10, 15, 21 = binom(n,2).
```

The last box exhausts all `135,135` matchings.  It checks all `429` terminal
basins and every coefficient of every target polynomial.

### 2.2 Raw theorem package and proof route

The following conjunction is valid all parameters.

1. Resolving the selected crossing decreases the total crossing number by
   exactly one.  A direct interval case split shows that any third chord that
   would change the net external crossing count would itself form an earlier
   crossing, contrary to the scheduler choice.  Thus
   `tau(M)=cr(M)` pointwise.
2. The set of opener positions is invariant.  For each admissible opener set
   there is one noncrossing matching: scan left to right and match every
   closer to the last still-open opener.  This is the endpoint of every state
   in that opener fibre.  Recurrent states are exactly the Catalan
   noncrossing matchings.
3. If a target has closer heights `h_1,...,h_n` immediately before its down
   steps, then its complete depth-basin polynomial is

   ```text
   B_T(u) = product_(j=1)^n (1+u+...+u^(h_j-1)).
   ```

   The basin size is `product h_j`.  The adjacent matching has basin one;
   the rainbow target has basin `n!`.
4. The unique global deepest state is
   `(0,n),(1,n+1),...,(n-1,2n-1)`, in which every pair of chords crosses.

The verifier's exact falsifier is stronger than a tail census: at every
nonfixed state it checks the one-unit decrement and opener invariance; it
iterates to the stack target; and it compares the observed depth counter of
every target with the full product polynomial.  `M01` contributes more than
the displayed `146,599` state visits because every orbit edge and every
coefficient is asserted independently.

### 2.3 Owner search and claim subtraction

The exact-scheduler search on 2026-09-01 used primary/official records only,
including the phrases

```text
matching "leftmost crossing" uncrossing
chord matching "lexicographically first" crossing uncrossing
perfect matching leftmost uncrossing crossings
matching crossing nesting adjacent transposition
chord diagram uncrossing bubble sort
```

No source located in that bounded search stated this exact repeated
lexicographic self-map.  This is only a non-hit, not novelty evidence.

The subtraction is nevertheless decisive.

- Lam's [*The uncrossing partial order on matchings is
  Eulerian*](https://arxiv.org/abs/1406.5671) directly owns the matching
  crossing-resolution order and its noncrossing extremal layer.
- Josuat-Vergès's [*Crossings, Motzkin paths and
  moments*](https://doi.org/10.1016/j.disc.2011.05.019) gives the
  opener/closer Hermite-history encoding in which a closer at height `h`
  carries a `q`-choice.  Consequently `prod [h_j]_q` and all its coefficient
  consequences receive zero credit.
- Chen--Deng--Du--Stanley--Yan's [*Crossings and Nestings of Matchings and
  Partitions*](https://arxiv.org/abs/math/0501230) owns the fixed-endpoint
  crossing/nesting distributional setting.
- Internally, P130 already uses chord matchings, noncrossing endpoints,
  uncrossing literature, and target-local nesting-fibre geometry.  A
  different deterministic scheduler proves nonidentity, not paper-scale
  separation.

Finally, with opener positions fixed, a matching is a constrained close-order
word.  A crossing is an inversion, and the selected cover exchanges an
adjacent inverted pair.  The exact clock is therefore the inversion clock of
a constrained bubble sort.  This consumes the putative temporal residual
under the batch's explicit classical-sorting rule.  `M01` is
**`KILL_OWNER_THIN`**, not a paper assignment.

## 3. `B01`: strongest mathematical second, portfolio-ineligible

### 3.1 Literal map and profile

A state is an injective partial map from left vertices `[n]` to right
vertices `[n]`, written as a tuple with `-1` for a hole.  If holes remain,
match the least unmatched left vertex to the least unused right vertex.

For `n=1,...,7`, the exact state counts are

```text
