                           FIBRE GEOMETRY OF A CUT-DEPENDENT
                             CROSSING-COMPONENT RETRACTION


                                                       ANONYMOUS


         Abstract. Fix a cut in a chord matching and, simultaneously for every component of its crossing graph,
         replace the component by consecutive pairs on the same endpoint support. This is a one-step retraction
         onto noncrossing matchings. For a target matching T , its nesting forest turns the inverse problem into
         independent choices on the ordered lists of immediate siblings. We prove an all-size bijection: partition
         each sibling list noncrossingly and decorate every part by a crossing-connected matching. It gives the
         pointwise fibre product                             Y
                                                   |Φ−1
                                                     n (T )| =          adT (v) ,
                                                                    v
         where dT (v) is a child degree, including the virtual root, and ad is the already-known noncrossing-
         partition transform of connected chord diagrams. Strict supermultiplicativity then identifies the consec-
         utive matching as the unique largest-fibre target. Component decompositions, parallel parts, Catalan
         counts, the transform and its coefficient sequence are explicitly treated as background. The owner search
         is bounded; no novelty or priority claim is made, and external release remains on hold.




                          1. The rooted map and the subtraction boundary
   Put the endpoints 1 < · · · < 2n on a circle with a fixed cut immediately before 1. Let Mn be the
perfect matchings of these endpoints. Thus “rooted” means the fixed linear order, not a distinguished
chord. Chords (a, b) and (c, d), written with smaller endpoint first, cross when a < c < b < d or
c < a < d < b. The crossing graph G(M ) has the chords of M as vertices and these crossings as edges.
   For a component K of G(M ), sort all its endpoints as s1 < · · · < s2k . Define Φn (M ) by replacing,
simultaneously for every component, its chords by
(1)                                       (s1 , s2 ), (s3 , s4 ), . . . , (s2k−1 , s2k ).
The cut is essential: rotating an unrooted diagram need not commute with (1).
    We record the ownership boundary before proving anything. Kreweras owns the classical noncrossing-
partition framework [6]; Flajolet–Noy own connected chord-diagram decomposition and enumeration
[4]; and Nabergall gives a decorated even-block decomposition in this setting [8]. Acan treats chord
intersection graphs and their components [1]. Callan owns the generic noncrossing-partition transform
[3], while Alman–Lian–Tran directly enumerate the full-wiring sequence that occurs below, including
its recurrence and asymptotics [2]. Igusa’s definition of parallel parts and his adjacency criterion [5,
Definition 1.7 and Proposition 1.8] specialize exactly to the nonempty matching sibling lists used below:
top-level chords are maximal parts, while members of a nonempty list of immediate siblings are covered by
the same parent chord and no endpoint of that parent lies between them. Degree-zero lists contribute only
the singleton A0 bookkeeping factor. Sibling localization and compatible noncrossing merging therefore
receive zero credit, as does Thomas Lam’s uncrossing order on matchings [7]. In particular, the Lam
paper is by Thomas Lam, not by Alman–Lian–Tran. We claim only the literal cut-dependent section
together with its connected decorations, target-wise fibre product and unique maximizer. The bounded
search found no direct owner of that conjunction; a bounded non-hit is not a novelty certificate.
    For a matching M , let π(M ) be the partition of [2n] into endpoint supports of the components of
G(M ). The classical component-support lemma says that π(M ) is a noncrossing partition into even
blocks [4, 8]. If P is such a partition, let s(P ) pair successive elements of each block. Then
(2)                                                      Φn = s ◦ π.
Proposition 1.1 (background dynamics). The map Φn is a retraction onto the noncrossing matchings:
                                    Φ2n = Φn ,          im Φn = Fix Φn = NC2 (n).

   2020 Mathematics Subject Classification. 05A18, 05A15, 37B15.
   Key words and phrases. chord matching, crossing graph, noncrossing partition, finite dynamical system, pointwise fibre,
nesting forest.


                                                                1
2                                               ANONYMOUS


Hence the image and fixed-set size is Catn , every nonfixed state has depth one and indegree zero, and
                                          ζΦn (z) = (1 − z)− Catn .
For n = 0, M0 = {∅}, (−1)!! = Cat0 = 1, and the empty matching is fixed.
Proof. Equation (2) makes every image noncrossing. A noncrossing matching has singleton crossing
components and is unchanged, proving the retraction statements and the Catalan count. If Φ(y) = x
then Φ(x) = Φ2 (y) = x, so a nonfixed x has no predecessor. Finally every positive iterate has the
same Catn fixed points, which gives the stated fixed-n Artin–Mazur zeta function. These are formal
consequences of a one-step retraction and receive no contribution credit.                       □

                            2. The section fibre and its sibling inverse
    Fix T ∈ NC2 (n). Its nesting forest has one vertex per chord: a chord x = (a, b) is below the least chord
(c, d) satisfying c < a < b < d, if one exists. Add a virtual root b
                                                                   0 above all top-level chords. Children are
ordered from left to right. Write dT (v) for the number of immediate children of v, including v = b   0.
    Let ck be the number of crossing-connected matchings on [2k] and put c1 = 1. Define Ad to consist of
a noncrossing partition ρ ∈ NC(d) together with, for every block B of ρ, a crossing-connected matching
on [2|B|]. Set
                                                  X Y
(3)                                ad = |Ad | =            c|B| ,    a0 = 1.
                                              ρ∈NC(d) B∈ρ

   We use one elementary property repeatedly: if P is a noncrossing partition and B is one of its blocks,
every other block lies in one of the open cyclic gaps between consecutive elements of B. This is equivalent
to the absence of alternating elements from two blocks.
Theorem 2.1 (all-size sibling inverse). For every T ∈ NC2 (n), extraction from a source gives a bijection
                                                     Y
(4)                                 Φ−1
                                      n (T ) ←→               AdT (v) .
                                                           0}
                                                 v∈V (T )∪{b

Consequently
                                                         Y
(5)                                    |Φ−1
                                         n (T )| =                  adT (v) .
                                                               0}
                                                     v∈V (T )∪{b

Proof. We prove the promised inverse in four directions.
Step 1: forward localization. Take M ∈ Φ−1     n (T ) and set P = π(M ). For a block B = {b1 < · · · < b2k }
of P , its section chords are xi = (b2i−1 , b2i ). They are pairwise disjoint, so no two are in an ancestor–
descendant relation. We claim that they are immediate siblings. If xi has parent pi , the endpoints of pi
belong to a different block of P . By the cyclic-gap property, those endpoints can enclose xi only by lying
on opposite sides in the outer gap of B; hence pi encloses every element of B. Thus the parents of any
two xi and xj both enclose all section chords. They are comparable by nesting, and if they were unequal,
say pi lay strictly inside pj , then pi would enclose xj as well. Thus pi would be a strict intermediate
container between xj and its alleged immediate parent pj , a contradiction. Hence all parents coincide. If
one xi is top-level, any parent of another xj would enclose xi as well, again a contradiction. The claim
follows, with the virtual root in the top-level case.
    For a fixed parent v, the P -blocks therefore group its ordered sibling list. These groups form a
noncrossing partition of the sibling indices. Indeed, groups containing indices i < k and j < ℓ, with
i < j < k < ℓ, would give alternating endpoints from their two P -blocks, contrary to noncrossing of P .
We have extracted a unique ρv ∈ NC(dT (v)) for every v.
Step 2: converse section construction. Conversely choose all ρv independently. For each block Q of ρv ,
form an endpoint block BQ by taking both endpoints of the siblings indexed by Q. Every target chord
is a child exactly once and every sibling index belongs to one block of its ρv ; hence the BQ are disjoint
and cover [2n]. They therefore form an even-block partition P .
   We prove that P is noncrossing by induction from the leaves. Assume for a parent v that the blocks
constructed strictly below each child already form a noncrossing partition inside that child’s open interval.
At v, nonalternation of the index blocks in ρv is exactly nonalternation of the corresponding endpoint
blocks. Fix a child x = xi = (a, b) and a parent-level block BQ . If i ∈ Q, then a, b are consecutive in the
sorted list of BQ , so the descendant interval Ix = (a, b) is a gap of BQ . If i ∈
                                                                                 / Q, the whole closed support
[a, b] lies strictly inside one gap of BQ (the outer cyclic gap when all members of Q lie on one side). Thus
every block constructed strictly below x, being contained in Ix , lies in one gap of every parent-level block.
                                 CROSSING-COMPONENT FIBRE GEOMETRY                                          3


Blocks below different children lie in disjoint intervals, and the already distinct BQ neither merge nor
alternate across levels. The leaf induction therefore proves noncrossing in every chord subtree. The same
two-case argument for the top-level children at the virtual root closes the induction and proves that no
two blocks of P cross.
   If Q = {i1 < · · · < ir }, the elements of BQ occur as the left and right endpoints of child i1 , then
those of child i2 , and so on. Descendant endpoints lie inside these chord intervals but are in other blocks.
Successive pairing inside BQ therefore recovers precisely those siblings. Every chord is a child exactly
once, so s(P ) = T .
Step 3: connected decorations. For each Q, choose the connected matching recorded by its A-decoration
and transport it order-preservingly from [2|Q|] to BQ . Take the union over all Q and all parents. Chords
on distinct blocks cannot cross because P is noncrossing; within BQ the decoration is crossing-connected.
Thus the crossing components of the constructed source M have supports exactly the blocks BQ . It
follows that π(M ) = P and Φn (M ) = s(P ) = T .
Step 4: mutual inverse. Starting from M , its crossing components recover P uniquely. Step 1 recovers the
unique sibling groups, and order-standardizing each component recovers its connected decoration. Step 3
then returns the same chords of M . In the other direction, Step 3 proves that the constructed blocks are
the exact crossing components, so extraction returns every chosen ρv and decoration. The constructions
are mutual inverses in every size, including repeated block sizes and the virtual-root case. Independence
over v now gives (4) and (5).                                                                             □
Remark 2.2 (firewall). For the noncrossing endpoint partition whose parts are the chords of T , each
nonempty immediate-sibling list (including the nonempty top-level list) is exactly an Igusa parallel set
[5, Definition 1.7]; his [5, Proposition 1.8] also owns the compatible-merge criterion. An empty child list
contributes only the singleton factor A0 and is not identified with an Igusa parallel set. The localization
and static merge geometry in Steps 1–2 are therefore fully zero-credit. The residual is only their use inside
this specified cut-dependent section, where connected decorations identify the exact crossing components
and yield every target fibre. The nesting forest is a proof coordinate, not a tree dynamic. This separates
the result from the cyclic partition shift–join dynamics of P110 (whose deepest-shell witness uses one
two-element chord block), the tree involution of P120, graph-component complementation in P123, and
the run/composition maps P117, P122 and P126. Componentwise behavior alone receives no portfolio
credit.

                       3. Formal transform and the unique largest fibre
  Let                                         X                             X
                                  C(u) =            ck uk ,        A(u) =         ad ud .
                                              k≥1                           d≥0
The owned noncrossing-partition transform applied to (3) gives the identity of formal ordinary power
series
                                                           
(6)                                    A(u) = 1 + C uA(u) .
There is no convergence or asymptotic claim: connected chord counts grow factorially. The first values
are
                                 d    0   1    2      3       4      5      6               7
                                 cd   –   1    1      4       27   248   2830      38232
                                 ad   1   1    2      8       52   464   5184      68928
This is an all-size identification, not an inference from the displayed prefix: the owned decomposition of
full wiring diagrams into connected pieces underlying (6) identifies Ad with that class for every d. Thus
ad = Xd in the notation of Alman–Lian–Tran. Their Theorem 4.1.6 gives the full-wiring recurrence, Re-
mark 4.1.7 identifies the sequence A111088, Theorem 4.1.8 gives its coefficient identity, and Theorem 4.2.1
gives its asymptotic [2]. All of those enumerative facts, as well as the transform itself, receive zero credit
here.
Theorem 3.1 (unique largest fibre). For every n ≥ 0, the unique largest fibre of Φn lies over the
consecutive matching
                               Tncon = (1, 2)(3, 4) · · · (2n − 1, 2n),
and has size an .
