CANONICAL.json: OK
EXECUTION_RECEIPT.md: OK
FAILED_V1.stderr: OK
FAILED_V1.stdout: OK
HANDOFF.md: OK
INPUT_PINS.sha256: OK
LOCAL_PROBE_CANONICAL.json: OK
LOCAL_PROBE_V2_CANONICAL.json: OK
LOCAL_PROBE_V3_CANONICAL.json: OK
LOCAL_PROBE_V4_CANONICAL.json: OK
PROOF_PACKAGE.md: OK
SOURCE_HOLD.md: OK
canonical.stderr: OK
local_probe.py: OK
local_probe_v2.py: OK
local_probe_v3.py: OK
local_probe_v4.py: OK
replay1.cmp.stderr: OK
replay1.cmp.stdout: OK
replay1.stderr: OK
replay1.stdout: OK
replay2.cmp.stderr: OK
replay2.cmp.stdout: OK
replay2.stderr: OK
replay2.stdout: OK
verify_ugr.failed_v1.py: OK
verify_ugr.py: OK
