docs/papers204_208_sequence/reviews/p207_a/AFTER_FROZEN_PINS.sha256: OK
docs/papers204_208_sequence/reviews/p207_a/AFTER_LIVE_PINS.sha256: OK
docs/papers204_208_sequence/reviews/p207_a/AUTHOR_ARTIFACT_AUDIT.json: OK
docs/papers204_208_sequence/reviews/p207_a/BUILD_EXECUTION.json: OK
docs/papers204_208_sequence/reviews/p207_a/BUILD_REPORT.md: OK
docs/papers204_208_sequence/reviews/p207_a/CANONICAL.json: OK
docs/papers204_208_sequence/reviews/p207_a/CONTEXT_SOURCE_PINS.sha256: OK
docs/papers204_208_sequence/reviews/p207_a/DELTA.md: OK
docs/papers204_208_sequence/reviews/p207_a/DELTA_RESPONSE_AND_REPLAY_PINS.sha256: OK
docs/papers204_208_sequence/reviews/p207_a/FINAL_INPUT_CHECK.json: OK
docs/papers204_208_sequence/reviews/p207_a/FINDINGS.initial.json: OK
docs/papers204_208_sequence/reviews/p207_a/FINDINGS.json: OK
docs/papers204_208_sequence/reviews/p207_a/INPUT_PINS.sha256: OK
docs/papers204_208_sequence/reviews/p207_a/REPLAY_LOG.md: OK
docs/papers204_208_sequence/reviews/p207_a/REPORT.md: OK
docs/papers204_208_sequence/reviews/p207_a/SHA256SUMS: OK
docs/papers204_208_sequence/reviews/p207_a/SHA256SUMS.initial: OK
docs/papers204_208_sequence/reviews/p207_a/SOURCE_AND_PROOF.md: OK
docs/papers204_208_sequence/reviews/p207_a/audit_artifacts.py: OK
docs/papers204_208_sequence/reviews/p207_a/cold_build_01/BIBTEX_ENGINE.txt: OK
docs/papers204_208_sequence/reviews/p207_a/cold_build_01/BUILD_ENVIRONMENT.txt: OK
docs/papers204_208_sequence/reviews/p207_a/cold_build_01/DIAGNOSTICS.txt: OK
docs/papers204_208_sequence/reviews/p207_a/cold_build_01/ENGINE.txt: OK
docs/papers204_208_sequence/reviews/p207_a/cold_build_01/FONTS.txt: OK
docs/papers204_208_sequence/reviews/p207_a/cold_build_01/PDF.sha256: OK
docs/papers204_208_sequence/reviews/p207_a/cold_build_01/PDFINFO.txt: OK
docs/papers204_208_sequence/reviews/p207_a/cold_build_01/SOURCE_INPUTS.sha256: OK
docs/papers204_208_sequence/reviews/p207_a/cold_build_01/bibtex.stdout: OK
docs/papers204_208_sequence/reviews/p207_a/cold_build_01/main.aux: OK
docs/papers204_208_sequence/reviews/p207_a/cold_build_01/main.bbl: OK
docs/papers204_208_sequence/reviews/p207_a/cold_build_01/main.blg: OK
docs/papers204_208_sequence/reviews/p207_a/cold_build_01/main.fls: OK
docs/papers204_208_sequence/reviews/p207_a/cold_build_01/main.log: OK
docs/papers204_208_sequence/reviews/p207_a/cold_build_01/main.out: OK
docs/papers204_208_sequence/reviews/p207_a/cold_build_01/main.pdf: OK
docs/papers204_208_sequence/reviews/p207_a/cold_build_01/main.tex: OK
docs/papers204_208_sequence/reviews/p207_a/cold_build_01/main.txt: OK
docs/papers204_208_sequence/reviews/p207_a/cold_build_01/math_commands.tex: OK
docs/papers204_208_sequence/reviews/p207_a/cold_build_01/pass1.stdout: OK
docs/papers204_208_sequence/reviews/p207_a/cold_build_01/pass2.stdout: OK
docs/papers204_208_sequence/reviews/p207_a/cold_build_01/pass3.stdout: OK
docs/papers204_208_sequence/reviews/p207_a/cold_build_01/references.bib: OK
docs/papers204_208_sequence/reviews/p207_a/cold_build_01/sections/00_abstract.tex: OK
docs/papers204_208_sequence/reviews/p207_a/cold_build_01/sections/01_setup.tex: OK
docs/papers204_208_sequence/reviews/p207_a/cold_build_01/sections/02_temporal.tex: OK
docs/papers204_208_sequence/reviews/p207_a/cold_build_01/sections/03_core_seed.tex: OK
docs/papers204_208_sequence/reviews/p207_a/cold_build_01/sections/04_fibres.tex: OK
docs/papers204_208_sequence/reviews/p207_a/cold_build_01/sections/05_scope.tex: OK
docs/papers204_208_sequence/reviews/p207_a/delta_checks/context_after.json: OK
docs/papers204_208_sequence/reviews/p207_a/delta_checks/context_before.json: OK
docs/papers204_208_sequence/reviews/p207_a/delta_checks/frozen_after.json: OK
docs/papers204_208_sequence/reviews/p207_a/delta_checks/frozen_before.json: OK
docs/papers204_208_sequence/reviews/p207_a/delta_checks/initial_package.json: OK
docs/papers204_208_sequence/reviews/p207_a/delta_checks/live_after.json: OK
docs/papers204_208_sequence/reviews/p207_a/delta_checks/live_cmp.json: OK
docs/papers204_208_sequence/reviews/p207_a/delta_checks/response_replay_pin_check.json: OK
docs/papers204_208_sequence/reviews/p207_a/delta_checks/root_controlled_receipt.json: OK
docs/papers204_208_sequence/reviews/p207_a/execution/initial/CANONICAL.input.json: OK
docs/papers204_208_sequence/reviews/p207_a/execution/initial/INPUT_PINS.after.sha256: OK
docs/papers204_208_sequence/reviews/p207_a/execution/initial/INPUT_PINS.before.sha256: OK
docs/papers204_208_sequence/reviews/p207_a/execution/initial/MANIFEST.sha256: OK
docs/papers204_208_sequence/reviews/p207_a/execution/initial/RECEIPT.json: OK
docs/papers204_208_sequence/reviews/p207_a/execution/initial/live_canonical.cmp.stderr: OK
docs/papers204_208_sequence/reviews/p207_a/execution/initial/live_canonical.cmp.stdout: OK
docs/papers204_208_sequence/reviews/p207_a/execution/initial/python_link_dependencies.stderr: OK
docs/papers204_208_sequence/reviews/p207_a/execution/initial/python_link_dependencies.stdout: OK
docs/papers204_208_sequence/reviews/p207_a/execution/initial/python_version.stderr: OK
docs/papers204_208_sequence/reviews/p207_a/execution/initial/python_version.stdout: OK
docs/papers204_208_sequence/reviews/p207_a/execution/initial/run0/canonical.cmp.stderr: OK
docs/papers204_208_sequence/reviews/p207_a/execution/initial/run0/canonical.cmp.stdout: OK
docs/papers204_208_sequence/reviews/p207_a/execution/initial/run0/producer.stderr: OK
docs/papers204_208_sequence/reviews/p207_a/execution/initial/run0/producer.stdout: OK
docs/papers204_208_sequence/reviews/p207_a/execution/initial/run0/verify.py: OK
docs/papers204_208_sequence/reviews/p207_a/execution/pair_01/CANONICAL.input.json: OK
docs/papers204_208_sequence/reviews/p207_a/execution/pair_01/INPUT_PINS.after.sha256: OK
docs/papers204_208_sequence/reviews/p207_a/execution/pair_01/INPUT_PINS.before.sha256: OK
docs/papers204_208_sequence/reviews/p207_a/execution/pair_01/MANIFEST.sha256: OK
docs/papers204_208_sequence/reviews/p207_a/execution/pair_01/RECEIPT.json: OK
docs/papers204_208_sequence/reviews/p207_a/execution/pair_01/live_canonical.cmp.stderr: OK
docs/papers204_208_sequence/reviews/p207_a/execution/pair_01/live_canonical.cmp.stdout: OK
docs/papers204_208_sequence/reviews/p207_a/execution/pair_01/pair.cmp.stderr: OK
docs/papers204_208_sequence/reviews/p207_a/execution/pair_01/pair.cmp.stdout: OK
docs/papers204_208_sequence/reviews/p207_a/execution/pair_01/python_link_dependencies.stderr: OK
docs/papers204_208_sequence/reviews/p207_a/execution/pair_01/python_link_dependencies.stdout: OK
docs/papers204_208_sequence/reviews/p207_a/execution/pair_01/python_version.stderr: OK
docs/papers204_208_sequence/reviews/p207_a/execution/pair_01/python_version.stdout: OK
docs/papers204_208_sequence/reviews/p207_a/execution/pair_01/run1/canonical.cmp.stderr: OK
docs/papers204_208_sequence/reviews/p207_a/execution/pair_01/run1/canonical.cmp.stdout: OK
docs/papers204_208_sequence/reviews/p207_a/execution/pair_01/run1/producer.stderr: OK
docs/papers204_208_sequence/reviews/p207_a/execution/pair_01/run1/producer.stdout: OK
docs/papers204_208_sequence/reviews/p207_a/execution/pair_01/run1/verify.py: OK
docs/papers204_208_sequence/reviews/p207_a/execution/pair_01/run2/canonical.cmp.stderr: OK
docs/papers204_208_sequence/reviews/p207_a/execution/pair_01/run2/canonical.cmp.stdout: OK
docs/papers204_208_sequence/reviews/p207_a/execution/pair_01/run2/producer.stderr: OK
docs/papers204_208_sequence/reviews/p207_a/execution/pair_01/run2/producer.stdout: OK
docs/papers204_208_sequence/reviews/p207_a/execution/pair_01/run2/verify.py: OK
docs/papers204_208_sequence/reviews/p207_a/execution/pair_02/CANONICAL.input.json: OK
docs/papers204_208_sequence/reviews/p207_a/execution/pair_02/INPUT_PINS.after.sha256: OK
docs/papers204_208_sequence/reviews/p207_a/execution/pair_02/INPUT_PINS.before.sha256: OK
docs/papers204_208_sequence/reviews/p207_a/execution/pair_02/MANIFEST.sha256: OK
docs/papers204_208_sequence/reviews/p207_a/execution/pair_02/RECEIPT.json: OK
docs/papers204_208_sequence/reviews/p207_a/execution/pair_02/live_canonical.cmp.stderr: OK
docs/papers204_208_sequence/reviews/p207_a/execution/pair_02/live_canonical.cmp.stdout: OK
docs/papers204_208_sequence/reviews/p207_a/execution/pair_02/pair.cmp.stderr: OK
docs/papers204_208_sequence/reviews/p207_a/execution/pair_02/pair.cmp.stdout: OK
docs/papers204_208_sequence/reviews/p207_a/execution/pair_02/python_link_dependencies.stderr: OK
docs/papers204_208_sequence/reviews/p207_a/execution/pair_02/python_link_dependencies.stdout: OK
docs/papers204_208_sequence/reviews/p207_a/execution/pair_02/python_version.stderr: OK
docs/papers204_208_sequence/reviews/p207_a/execution/pair_02/python_version.stdout: OK
docs/papers204_208_sequence/reviews/p207_a/execution/pair_02/run1/canonical.cmp.stderr: OK
docs/papers204_208_sequence/reviews/p207_a/execution/pair_02/run1/canonical.cmp.stdout: OK
docs/papers204_208_sequence/reviews/p207_a/execution/pair_02/run1/producer.stderr: OK
docs/papers204_208_sequence/reviews/p207_a/execution/pair_02/run1/producer.stdout: OK
docs/papers204_208_sequence/reviews/p207_a/execution/pair_02/run1/verify.py: OK
docs/papers204_208_sequence/reviews/p207_a/execution/pair_02/run2/canonical.cmp.stderr: OK
docs/papers204_208_sequence/reviews/p207_a/execution/pair_02/run2/canonical.cmp.stdout: OK
docs/papers204_208_sequence/reviews/p207_a/execution/pair_02/run2/producer.stderr: OK
docs/papers204_208_sequence/reviews/p207_a/execution/pair_02/run2/producer.stdout: OK
docs/papers204_208_sequence/reviews/p207_a/execution/pair_02/run2/verify.py: OK
docs/papers204_208_sequence/reviews/p207_a/intake/FREEZE_PIN_CHECK.json: OK
docs/papers204_208_sequence/reviews/p207_a/page_views/page-1.png: OK
docs/papers204_208_sequence/reviews/p207_a/page_views/page-2.png: OK
docs/papers204_208_sequence/reviews/p207_a/page_views/page-3.png: OK
docs/papers204_208_sequence/reviews/p207_a/page_views/page-4.png: OK
docs/papers204_208_sequence/reviews/p207_a/page_views/page-5.png: OK
docs/papers204_208_sequence/reviews/p207_a/page_views/page-6.png: OK
docs/papers204_208_sequence/reviews/p207_a/page_views/page-7.png: OK
docs/papers204_208_sequence/reviews/p207_a/record_review.py: OK
docs/papers204_208_sequence/reviews/p207_a/sources/SEARCH_PROTOCOL.json: OK
docs/papers204_208_sequence/reviews/p207_a/sources/fibre_queries.json: OK
docs/papers204_208_sequence/reviews/p207_a/sources/primary_open.json: OK
docs/papers204_208_sequence/reviews/p207_a/sources/rank_queries.json: OK
docs/papers204_208_sequence/reviews/p207_a/sources/threshold_queries.json: OK
docs/papers204_208_sequence/reviews/p207_a/verify.py: OK
docs/papers197_201_sequence/scouting/word_poset_lane/TCSD_THEOREM_CONTRACT.md: OK
docs/papers197_201_sequence/scouting/word_poset_lane/TCSD_EXACT_GAP_PROOF.md: OK
docs/papers204_208_sequence/scouting/word_local/UGR_PROOF_WORK/PROOF_PACKAGE.md: OK
docs/papers204_208_sequence/scouting/word_local/LNR_INVERSE_WORK/PROOF_PACKAGE.md: OK
docs/papers204_208_sequence/scouting/word_local/LNR_INVERSE_WORK/Tro22-Matrix-Analysis-LN.pdf: OK
docs/papers204_208_sequence/scouting/word_local/LNR_INVERSE_WORK/Tro22-Matrix-Analysis-LN.txt: OK
docs/papers204_208_sequence/scouting/word_local/LNR_GATE/sources/ZabihWoodfill1994.pdf: OK
docs/papers204_208_sequence/qa/cold_build.sh: OK
docs/papers204_208_sequence/ARTIFACT_CONTRACT.md: OK
docs/papers197_201_sequence/HOSTILE_REVIEW_PROTOCOL.md: OK
