This is pdfTeX, Version 3.141592653-2.6-1.40.22 (TeX Live 2022/dev/Debian) (preloaded format=pdflatex)
entering extended mode
(./main.tex
LaTeX2e <2021-11-15> patch level 1
L3 programming layer <2022-01-21>
(/usr/share/texlive/texmf-dist/tex/latex/amscls/amsart.cls
Document Class: amsart 2020/05/29 v2.20.6
(/usr/share/texlive/texmf-dist/tex/latex/amsmath/amsmath.sty
For additional information on amsmath, use the `?' option.
(/usr/share/texlive/texmf-dist/tex/latex/amsmath/amstext.sty
(/usr/share/texlive/texmf-dist/tex/latex/amsmath/amsgen.sty))
(/usr/share/texlive/texmf-dist/tex/latex/amsmath/amsbsy.sty)
(/usr/share/texlive/texmf-dist/tex/latex/amsmath/amsopn.sty))
(/usr/share/texlive/texmf-dist/tex/latex/amsfonts/umsa.fd)
(/usr/share/texlive/texmf-dist/tex/latex/amsfonts/amsfonts.sty))
(/usr/share/texlive/texmf-dist/tex/latex/base/fontenc.sty)
(/usr/share/texmf/tex/latex/lm/lmodern.sty)
(/usr/share/texlive/texmf-dist/tex/latex/geometry/geometry.sty
(/usr/share/texlive/texmf-dist/tex/latex/graphics/keyval.sty)
(/usr/share/texlive/texmf-dist/tex/generic/iftex/ifvtex.sty
(/usr/share/texlive/texmf-dist/tex/generic/iftex/iftex.sty)))
(/usr/share/texlive/texmf-dist/tex/latex/amsfonts/amssymb.sty)
(/usr/share/texlive/texmf-dist/tex/latex/mathtools/mathtools.sty
(/usr/share/texlive/texmf-dist/tex/latex/tools/calc.sty)
(/usr/share/texlive/texmf-dist/tex/latex/mathtools/mhsetup.sty))
(/usr/share/texlive/texmf-dist/tex/latex/booktabs/booktabs.sty)
(/usr/share/texlive/texmf-dist/tex/latex/xcolor/xcolor.sty
(/usr/share/texlive/texmf-dist/tex/latex/graphics-cfg/color.cfg)
(/usr/share/texlive/texmf-dist/tex/latex/graphics-def/pdftex.def))
(/usr/share/texlive/texmf-dist/tex/latex/microtype/microtype.sty
(/usr/share/texlive/texmf-dist/tex/latex/etoolbox/etoolbox.sty)
(/usr/share/texlive/texmf-dist/tex/latex/microtype/microtype-pdftex.def)
(/usr/share/texlive/texmf-dist/tex/latex/microtype/microtype.cfg))
(/usr/share/texlive/texmf-dist/tex/latex/natbib/natbib.sty)
(/usr/share/texlive/texmf-dist/tex/latex/hyperref/hyperref.sty
(/usr/share/texlive/texmf-dist/tex/generic/ltxcmds/ltxcmds.sty)
(/usr/share/texlive/texmf-dist/tex/generic/pdftexcmds/pdftexcmds.sty
(/usr/share/texlive/texmf-dist/tex/generic/infwarerr/infwarerr.sty))
(/usr/share/texlive/texmf-dist/tex/generic/kvsetkeys/kvsetkeys.sty)
(/usr/share/texlive/texmf-dist/tex/generic/kvdefinekeys/kvdefinekeys.sty)
(/usr/share/texlive/texmf-dist/tex/generic/pdfescape/pdfescape.sty)
(/usr/share/texlive/texmf-dist/tex/latex/hycolor/hycolor.sty)
(/usr/share/texlive/texmf-dist/tex/latex/letltxmacro/letltxmacro.sty)
(/usr/share/texlive/texmf-dist/tex/latex/auxhook/auxhook.sty)
(/usr/share/texlive/texmf-dist/tex/latex/kvoptions/kvoptions.sty)
(/usr/share/texlive/texmf-dist/tex/latex/hyperref/pd1enc.def)
(/usr/share/texlive/texmf-dist/tex/latex/hyperref/hyperref-langpatches.def)
(/usr/share/texlive/texmf-dist/tex/generic/intcalc/intcalc.sty)
(/usr/share/texlive/texmf-dist/tex/generic/etexcmds/etexcmds.sty)
(/usr/share/texlive/texmf-dist/tex/latex/hyperref/puenc.def)
(/usr/share/texlive/texmf-dist/tex/latex/url/url.sty)
(/usr/share/texlive/texmf-dist/tex/generic/bitset/bitset.sty
(/usr/share/texlive/texmf-dist/tex/generic/bigintcalc/bigintcalc.sty))
(/usr/share/texlive/texmf-dist/tex/latex/base/atbegshi-ltx.sty))
(/usr/share/texlive/texmf-dist/tex/latex/hyperref/hpdftex.def
(/usr/share/texlive/texmf-dist/tex/latex/base/atveryend-ltx.sty)
(/usr/share/texlive/texmf-dist/tex/latex/rerunfilecheck/rerunfilecheck.sty
(/usr/share/texlive/texmf-dist/tex/generic/uniquecounter/uniquecounter.sty)))
(./math_commands.tex) (/usr/share/texmf/tex/latex/lm/t1lmr.fd)
(/usr/share/texlive/texmf-dist/tex/latex/l3backend/l3backend-pdftex.def)
No file main.aux.
(/usr/share/texmf/tex/latex/lm/ot1lmr.fd)
(/usr/share/texmf/tex/latex/lm/omllmm.fd)
(/usr/share/texmf/tex/latex/lm/omslmsy.fd)
(/usr/share/texmf/tex/latex/lm/omxlmex.fd)
(/usr/share/texlive/texmf-dist/tex/latex/amsfonts/umsa.fd)
(/usr/share/texlive/texmf-dist/tex/latex/amsfonts/umsb.fd)
*geometry* driver: auto-detecting
*geometry* detected driver: pdftex
(/usr/share/texlive/texmf-dist/tex/latex/graphics/graphicx.sty
(/usr/share/texlive/texmf-dist/tex/latex/graphics/graphics.sty
(/usr/share/texlive/texmf-dist/tex/latex/graphics/trig.sty)
(/usr/share/texlive/texmf-dist/tex/latex/graphics-cfg/graphics.cfg)))
(/usr/share/texlive/texmf-dist/tex/context/base/mkii/supp-pdf.mkii
[Loading MPS to PDF converter (version 2006.09.02).]
) (/usr/share/texlive/texmf-dist/tex/latex/microtype/mt-cmr.cfg)
(/usr/share/texlive/texmf-dist/tex/latex/hyperref/nameref.sty
(/usr/share/texlive/texmf-dist/tex/latex/refcount/refcount.sty)
(/usr/share/texlive/texmf-dist/tex/generic/gettitlestring/gettitlestring.sty))
(./sections/00_abstract.tex) (./sections/01_setup.tex
(/usr/share/texlive/texmf-dist/tex/latex/microtype/mt-msa.cfg)
(/usr/share/texlive/texmf-dist/tex/latex/microtype/mt-msb.cfg)

Package natbib Warning: Citation `pallo2006' on page 1 undefined on input line 
15.


LaTeX Warning: Reference `sec:sources' on page 1 undefined on input line 27.


LaTeX Warning: Reference `eq:h' on page 1 undefined on input line 38.


LaTeX Warning: Reference `thm:inverse' on page 1 undefined on input line 61.


LaTeX Warning: Reference `thm:clock' on page 1 undefined on input line 62.


LaTeX Warning: Reference `sec:scope' on page 1 undefined on input line 64.

) (./sections/02_cells.tex [1{/var/lib/texmf/fonts/map/pdftex/updmap/pdftex.map
}]

LaTeX Warning: Reference `eq:product' on page 2 undefined on input line 63.


LaTeX Warning: Reference `eq:non-ear' on page 2 undefined on input line 63.


LaTeX Warning: Reference `eq:ear-one' on page 2 undefined on input line 73.


LaTeX Warning: Reference `eq:ear-many' on page 2 undefined on input line 84.


LaTeX Warning: Reference `eq:non-ear' on page 2 undefined on input line 92.


LaTeX Warning: Reference `eq:ear-many' on page 2 undefined on input line 93.


LaTeX Warning: Reference `eq:ear-one' on page 2 undefined on input line 93.

) (./sections/03_sources.tex (/usr/share/texmf/tex/latex/lm/ot1lmss.fd)
[2]

LaTeX Warning: Reference `eq:non-ear' on page 3 undefined on input line 32.


LaTeX Warning: Reference `eq:ear-many' on page 3 undefined on input line 36.


LaTeX Warning: Reference `eq:ear-one' on page 3 undefined on input line 37.


LaTeX Warning: Reference `eq:ear-one' on page 3 undefined on input line 40.


LaTeX Warning: Reference `lem:inverse-boundaries' on page 3 undefined on input 
line 64.


LaTeX Warning: Reference `eq:product' on page 3 undefined on input line 80.


LaTeX Warning: Reference `lem:inverse-boundaries' on page 3 undefined on input 
line 88.

) (./sections/04_extremum.tex
Overfull \hbox (44.62468pt too wide) detected at line 19
[][][]\OML/lmm/m/it/10 h\OT1/lmr/m/n/10 (\OML/lmm/m/it/10 R\OT1/lmr/m/n/10 ) = 
[]  \OML/lmm/m/it/10 E\OT1/lmr/m/n/10 (\OML/lmm/m/it/10 R\OT1/lmr/m/n/10 ) = []
(\OML/lmm/m/it/10 a[] \OMS/lmsy/m/n/10 ^^@ \OT1/lmr/m/n/10 1\OML/lmm/m/it/10 ; 
\OT1/lmr/m/n/10 0) + [](\OML/lmm/m/it/10 a[] \OMS/lmsy/m/n/10 ^^@ \OT1/lmr/m/n/
10 1) + [](\OML/lmm/m/it/10 a[] \OMS/lmsy/m/n/10 ^^@ \OT1/lmr/m/n/10 1\OML/lmm/
m/it/10 ; \OT1/lmr/m/n/10 0)\OML/lmm/m/it/10 :
[3]

LaTeX Warning: Reference `thm:inverse' on page 4 undefined on input line 22.


LaTeX Warning: Reference `prop:parser' on page 4 undefined on input line 24.


LaTeX Warning: Reference `eq:h' on page 4 undefined on input line 41.


LaTeX Warning: Reference `lem:inverse-boundaries' on page 4 undefined on input 
line 41.


LaTeX Warning: Reference `eq:h' on page 4 undefined on input line 56.


LaTeX Warning: Reference `lem:strict' on page 4 undefined on input line 69.


LaTeX Warning: Reference `thm:inverse' on page 4 undefined on input line 73.

) (./sections/05_kmap.tex

LaTeX Warning: Reference `eq:comb-action' on page 4 undefined on input line 22.


[4]

LaTeX Warning: Reference `eq:k-definition' on page 5 undefined on input line 49
.


LaTeX Warning: Reference `eq:comb-action' on page 5 undefined on input line 62.



LaTeX Warning: Reference `eq:k-definition' on page 5 undefined on input line 63
.


LaTeX Warning: Reference `eq:strong-closure' on page 5 undefined on input line 
76.


LaTeX Warning: Reference `eq:intertwine' on page 5 undefined on input line 92.


LaTeX Warning: Reference `eq:strong-closure' on page 5 undefined on input line 
93.

) (./sections/06_clock.tex

LaTeX Warning: Reference `eq:comb-action' on page 5 undefined on input line 17.



LaTeX Warning: Reference `thm:clock' on page 5 undefined on input line 29.


LaTeX Warning: Reference `eq:core-action' on page 5 undefined on input line 31.



LaTeX Warning: Reference `prop:k-clock' on page 5 undefined on input line 36.


LaTeX Warning: Reference `eq:intertwine' on page 5 undefined on input line 44.

[5]

LaTeX Warning: Reference `eq:squares' on page 6 undefined on input line 65.


LaTeX Warning: Reference `eq:intertwine' on page 6 undefined on input line 74.


LaTeX Warning: Reference `eq:comb-action' on page 6 undefined on input line 74.



LaTeX Warning: Reference `eq:witness' on page 6 undefined on input line 76.


LaTeX Warning: Reference `thm:clock' on page 6 undefined on input line 98.

) (./sections/07_scope.tex

Package natbib Warning: Citation `pallo2006' on page 6 undefined on input line 
5.


Package natbib Warning: Citation `bose2018' on page 6 undefined on input line 1
1.


Package natbib Warning: Citation `hong2022' on page 6 undefined on input line 2
7.


Package natbib Warning: Citation `barnard2023' on page 6 undefined on input lin
e 29.


Package natbib Warning: Citation `ajran2025' on page 6 undefined on input line 
30.


Package natbib Warning: Citation `mansour2006' on page 6 undefined on input lin
e 43.

[6])
No file main.bbl.

Package natbib Warning: There were undefined citations.

[7] (./main.aux)

LaTeX Warning: There were undefined references.


LaTeX Warning: Label(s) may have changed. Rerun to get cross-references right.


Package rerunfilecheck Warning: File `main.out' has changed.
(rerunfilecheck)                Rerun to get outlines right
(rerunfilecheck)                or use package `bookmark'.

 )
(see the transcript file for additional information){/usr/share/texmf/fonts/enc
/dvips/lm/lm-mathit.enc}{/usr/share/texmf/fonts/enc/dvips/lm/lm-rm.enc}{/usr/sh
are/texmf/fonts/enc/dvips/lm/lm-ec.enc}{/usr/share/texmf/fonts/enc/dvips/lm/lm-
mathex.enc}{/usr/share/texmf/fonts/enc/dvips/lm/lm-mathsy.enc}</usr/share/texmf
/fonts/type1/public/lm/lmbx10.pfb></usr/share/texmf/fonts/type1/public/lm/lmcsc
10.pfb></usr/share/texmf/fonts/type1/public/lm/lmex10.pfb></usr/share/texmf/fon
ts/type1/public/lm/lmmi10.pfb></usr/share/texmf/fonts/type1/public/lm/lmmi5.pfb
></usr/share/texmf/fonts/type1/public/lm/lmmi6.pfb></usr/share/texmf/fonts/type
1/public/lm/lmmi7.pfb></usr/share/texmf/fonts/type1/public/lm/lmmi8.pfb></usr/s
hare/texmf/fonts/type1/public/lm/lmr10.pfb></usr/share/texmf/fonts/type1/public
/lm/lmr5.pfb></usr/share/texmf/fonts/type1/public/lm/lmr6.pfb></usr/share/texmf
/fonts/type1/public/lm/lmr7.pfb></usr/share/texmf/fonts/type1/public/lm/lmr8.pf
b></usr/share/texmf/fonts/type1/public/lm/lmri10.pfb></usr/share/texmf/fonts/ty
pe1/public/lm/lmri8.pfb></usr/share/texmf/fonts/type1/public/lm/lmss10.pfb></us
r/share/texmf/fonts/type1/public/lm/lmsy10.pfb></usr/share/texmf/fonts/type1/pu
blic/lm/lmsy6.pfb></usr/share/texmf/fonts/type1/public/lm/lmsy7.pfb></usr/share
/texmf/fonts/type1/public/lm/lmsy8.pfb></usr/share/texlive/texmf-dist/fonts/typ
e1/public/amsfonts/symbols/msam10.pfb></usr/share/texlive/texmf-dist/fonts/type
1/public/amsfonts/symbols/msbm10.pfb>
Output written on main.pdf (7 pages, 341665 bytes).
Transcript written on main.log.
