Rc files read:
  /etc/LatexMk
Latexmk: This is Latexmk, John Collins, 20 November 2021, version: 4.76.
Rule 'pdflatex': File changes, etc:
   Changed files, or newly in use since previous run(s):
      'main.tex'
------------
Run number 1 of rule 'pdflatex'
------------
------------
Running 'pdflatex  -interaction=nonstopmode -halt-on-error -file-line-error -recorder  "main.tex"'
------------
Latexmk: applying rule 'pdflatex'...
This is pdfTeX, Version 3.141592653-2.6-1.40.22 (TeX Live 2022/dev/Debian) (preloaded format=pdflatex)
 restricted \write18 enabled.
entering extended mode
(./main.tex
LaTeX2e <2021-11-15> patch level 1
L3 programming layer <2022-01-21>
(/usr/share/texlive/texmf-dist/tex/latex/base/article.cls
Document Class: article 2021/10/04 v1.4n Standard LaTeX document class
(/usr/share/texlive/texmf-dist/tex/latex/base/size11.clo))
(/usr/share/texlive/texmf-dist/tex/latex/geometry/geometry.sty
(/usr/share/texlive/texmf-dist/tex/latex/graphics/keyval.sty)
(/usr/share/texlive/texmf-dist/tex/generic/iftex/ifvtex.sty
(/usr/share/texlive/texmf-dist/tex/generic/iftex/iftex.sty)))
(/usr/share/texlive/texmf-dist/tex/latex/base/fontenc.sty)
(/usr/share/texlive/texmf-dist/tex/latex/base/inputenc.sty)
(/usr/share/texmf/tex/latex/lm/lmodern.sty)
(/usr/share/texlive/texmf-dist/tex/latex/amsmath/amsmath.sty
For additional information on amsmath, use the `?' option.
(/usr/share/texlive/texmf-dist/tex/latex/amsmath/amstext.sty
(/usr/share/texlive/texmf-dist/tex/latex/amsmath/amsgen.sty))
(/usr/share/texlive/texmf-dist/tex/latex/amsmath/amsbsy.sty)
(/usr/share/texlive/texmf-dist/tex/latex/amsmath/amsopn.sty))
(/usr/share/texlive/texmf-dist/tex/latex/amsfonts/amssymb.sty
(/usr/share/texlive/texmf-dist/tex/latex/amsfonts/amsfonts.sty))
(/usr/share/texlive/texmf-dist/tex/latex/amscls/amsthm.sty)
(/usr/share/texlive/texmf-dist/tex/latex/mathtools/mathtools.sty
(/usr/share/texlive/texmf-dist/tex/latex/tools/calc.sty)
(/usr/share/texlive/texmf-dist/tex/latex/mathtools/mhsetup.sty))
(/usr/share/texlive/texmf-dist/tex/latex/microtype/microtype.sty
(/usr/share/texlive/texmf-dist/tex/latex/etoolbox/etoolbox.sty)
(/usr/share/texlive/texmf-dist/tex/latex/microtype/microtype-pdftex.def)
(/usr/share/texlive/texmf-dist/tex/latex/microtype/microtype.cfg))
(/usr/share/texlive/texmf-dist/tex/latex/natbib/natbib.sty)
(/usr/share/texlive/texmf-dist/tex/latex/enumitem/enumitem.sty)
(/usr/share/texlive/texmf-dist/tex/latex/hyperref/hyperref.sty
(/usr/share/texlive/texmf-dist/tex/generic/ltxcmds/ltxcmds.sty)
(/usr/share/texlive/texmf-dist/tex/generic/pdftexcmds/pdftexcmds.sty
(/usr/share/texlive/texmf-dist/tex/generic/infwarerr/infwarerr.sty))
(/usr/share/texlive/texmf-dist/tex/generic/kvsetkeys/kvsetkeys.sty)
(/usr/share/texlive/texmf-dist/tex/generic/kvdefinekeys/kvdefinekeys.sty)
(/usr/share/texlive/texmf-dist/tex/generic/pdfescape/pdfescape.sty)
(/usr/share/texlive/texmf-dist/tex/latex/hycolor/hycolor.sty)
(/usr/share/texlive/texmf-dist/tex/latex/letltxmacro/letltxmacro.sty)
(/usr/share/texlive/texmf-dist/tex/latex/auxhook/auxhook.sty)
(/usr/share/texlive/texmf-dist/tex/latex/kvoptions/kvoptions.sty)
(/usr/share/texlive/texmf-dist/tex/latex/hyperref/pd1enc.def)
(/usr/share/texlive/texmf-dist/tex/latex/hyperref/hyperref-langpatches.def)
(/usr/share/texlive/texmf-dist/tex/generic/intcalc/intcalc.sty)
(/usr/share/texlive/texmf-dist/tex/generic/etexcmds/etexcmds.sty)
(/usr/share/texlive/texmf-dist/tex/latex/hyperref/puenc.def)
(/usr/share/texlive/texmf-dist/tex/latex/url/url.sty)
(/usr/share/texlive/texmf-dist/tex/generic/bitset/bitset.sty
(/usr/share/texlive/texmf-dist/tex/generic/bigintcalc/bigintcalc.sty))
(/usr/share/texlive/texmf-dist/tex/latex/base/atbegshi-ltx.sty))
(/usr/share/texlive/texmf-dist/tex/latex/hyperref/hpdftex.def
(/usr/share/texlive/texmf-dist/tex/latex/base/atveryend-ltx.sty)
(/usr/share/texlive/texmf-dist/tex/latex/rerunfilecheck/rerunfilecheck.sty
(/usr/share/texlive/texmf-dist/tex/generic/uniquecounter/uniquecounter.sty)))
(./math_commands.tex) (/usr/share/texmf/tex/latex/lm/t1lmr.fd)
(/usr/share/texlive/texmf-dist/tex/latex/l3backend/l3backend-pdftex.def)
(./main.aux)
*geometry* driver: auto-detecting
*geometry* detected driver: pdftex
(/usr/share/texlive/texmf-dist/tex/latex/graphics/graphicx.sty
(/usr/share/texlive/texmf-dist/tex/latex/graphics/graphics.sty
(/usr/share/texlive/texmf-dist/tex/latex/graphics/trig.sty)
(/usr/share/texlive/texmf-dist/tex/latex/graphics-cfg/graphics.cfg)
(/usr/share/texlive/texmf-dist/tex/latex/graphics-def/pdftex.def
(/usr/share/texlive/texmf-dist/tex/context/base/mkii/supp-pdf.mkii
[Loading MPS to PDF converter (version 2006.09.02).]
))) (/usr/share/texlive/texmf-dist/tex/latex/epstopdf-pkg/epstopdf-base.sty
(/usr/share/texlive/texmf-dist/tex/latex/latexconfig/epstopdf-sys.cfg)))
(/usr/share/texlive/texmf-dist/tex/latex/microtype/mt-cmr.cfg)
(/usr/share/texlive/texmf-dist/tex/latex/graphics/color.sty
(/usr/share/texlive/texmf-dist/tex/latex/graphics-cfg/color.cfg))
(/usr/share/texlive/texmf-dist/tex/latex/hyperref/nameref.sty
(/usr/share/texlive/texmf-dist/tex/latex/refcount/refcount.sty)
(/usr/share/texlive/texmf-dist/tex/generic/gettitlestring/gettitlestring.sty))
(/usr/share/texmf/tex/latex/lm/ot1lmr.fd)
(/usr/share/texmf/tex/latex/lm/omllmm.fd)
(/usr/share/texmf/tex/latex/lm/omslmsy.fd)
(/usr/share/texmf/tex/latex/lm/omxlmex.fd)
(/usr/share/texlive/texmf-dist/tex/latex/amsfonts/umsa.fd)
(/usr/share/texlive/texmf-dist/tex/latex/microtype/mt-msa.cfg)
(/usr/share/texlive/texmf-dist/tex/latex/amsfonts/umsb.fd)
(/usr/share/texlive/texmf-dist/tex/latex/microtype/mt-msb.cfg)
(./sections/0_abstract.tex) (./sections/1_introduction.tex

Package natbib Warning: Citation `cattani1996residues' on page 1 undefined on i
nput line 26.


Package natbib Warning: Citation `molinari2008determinants' on page 1 undefined
 on input line 32.


Package natbib Warning: Citation `timeordered2026notes' on page 1 undefined on 
input line 36.


Package natbib Warning: Citation `bornemann2010fredholm' on page 1 undefined on
 input line 42.

[1{/var/lib/texmf/fonts/map/pdftex/updmap/pdftex.map}]

LaTeX Warning: Reference `sec:setup' on page 2 undefined on input line 73.


LaTeX Warning: Reference `sec:flow' on page 2 undefined on input line 73.


LaTeX Warning: Reference `sec:consequences' on page 2 undefined on input line 7
4.


LaTeX Warning: Reference `sec:scope' on page 2 undefined on input line 75.

) (./sections/2_setup.tex

LaTeX Warning: Reference `eq:parameters' on page 2 undefined on input line 9.


LaTeX Warning: Reference `eq:cyclic' on page 2 undefined on input line 30.


LaTeX Warning: Reference `eq:cyclic' on page 2 undefined on input line 37.

[2]

LaTeX Warning: Reference `eq:parameters' on page 3 undefined on input line 57.


LaTeX Warning: Reference `eq:cyclic' on page 3 undefined on input line 62.


LaTeX Warning: Reference `lem:normal-form' on page 3 undefined on input line 73
.


LaTeX Warning: Reference `eq:residue-trace' on page 3 undefined on input line 7
4.


LaTeX Warning: Reference `lem:hill' on page 3 undefined on input line 75.


LaTeX Warning: Reference `eq:residue-trace' on page 3 undefined on input line 7
5.


LaTeX Warning: Reference `eq:pointwise-trace' on page 3 undefined on input line
 76.


LaTeX Warning: Reference `eq:generating-function' on page 3 undefined on input 
line 78.


LaTeX Warning: Reference `eq:parameters' on page 3 undefined on input line 101.



LaTeX Warning: Reference `def:residue-trace' on page 3 undefined on input line 
102.


LaTeX Warning: Reference `eq:main' on page 3 undefined on input line 113.


LaTeX Warning: Reference `eq:parameters' on page 3 undefined on input line 114.


[3]) (./sections/3_residues.tex

LaTeX Warning: Reference `eq:period-one' on page 4 undefined on input line 19.


LaTeX Warning: Reference `eq:period-two' on page 4 undefined on input line 19.


Package natbib Warning: Citation `cattani1996residues' on page 4 undefined on i
nput line 35.


LaTeX Warning: Reference `eq:normal-form' on page 4 undefined on input line 36.



LaTeX Warning: Reference `eq:normal-form' on page 4 undefined on input line 41.



LaTeX Warning: Reference `eq:monodromy' on page 4 undefined on input line 54.


LaTeX Warning: Reference `eq:residue-trace' on page 4 undefined on input line 6
5.


LaTeX Warning: Reference `eq:pointwise-trace' on page 4 undefined on input line
 66.


Package natbib Warning: Citation `molinari2008determinants' on page 4 undefined
 on input line 72.

[4]

LaTeX Warning: Reference `eq:hill' on page 5 undefined on input line 79.


LaTeX Warning: Reference `eq:hill' on page 5 undefined on input line 99.


LaTeX Warning: Reference `eq:scheme-correspondence' on page 5 undefined on inpu
t line 101.


Package natbib Warning: Citation `cattani1996residues' on page 5 undefined on i
nput line 132.


LaTeX Warning: Reference `def:residue-trace' on page 5 undefined on input line 
143.


LaTeX Warning: Reference `eq:radius' on page 5 undefined on input line 153.


LaTeX Warning: Reference `eq:configuration-sum' on page 5 undefined on input li
ne 161.


LaTeX Warning: Reference `eq:period-one' on page 5 undefined on input line 166.



LaTeX Warning: Reference `eq:configuration-sum' on page 5 undefined on input li
ne 168.

[5]

LaTeX Warning: Reference `eq:local-coefficient' on page 6 undefined on input li
ne 172.


LaTeX Warning: Reference `eq:flow-inequality' on page 6 undefined on input line
 177.

) (./sections/4_flow.tex

LaTeX Warning: Reference `eq:abstract-flow' on page 6 undefined on input line 2
3.


LaTeX Warning: Reference `eq:iterated-flow' on page 6 undefined on input line 5
4.

[6]

LaTeX Warning: Reference `eq:iterated-flow' on page 7 undefined on input line 6
9.


LaTeX Warning: Reference `eq:row-sum' on page 7 undefined on input line 70.


LaTeX Warning: Reference `eq:uniform-bound' on page 7 undefined on input line 7
7.


LaTeX Warning: Reference `thm:main' on page 7 undefined on input line 85.


LaTeX Warning: Reference `lem:normal-form' on page 7 undefined on input line 86
.


LaTeX Warning: Reference `lem:local-expansion' on page 7 undefined on input lin
e 87.


LaTeX Warning: Reference `eq:configuration-sum' on page 7 undefined on input li
ne 88.


LaTeX Warning: Reference `eq:abstract-flow' on page 7 undefined on input line 8
9.


LaTeX Warning: Reference `lem:uniform-flow' on page 7 undefined on input line 9
0.


LaTeX Warning: Reference `eq:state-bound' on page 7 undefined on input line 95.



LaTeX Warning: Reference `eq:configuration-sum' on page 7 undefined on input li
ne 104.


LaTeX Warning: Reference `eq:edge-bijection' on page 7 undefined on input line 
112.


LaTeX Warning: Reference `eq:local-coefficient' on page 7 undefined on input li
ne 135.


LaTeX Warning: Reference `eq:edge-matrix' on page 7 undefined on input line 137
.


LaTeX Warning: Reference `eq:coefficient-ring' on page 7 undefined on input lin
e 138.


LaTeX Warning: Reference `def:residue-trace' on page 7 undefined on input line 
140.

[7]

LaTeX Warning: Reference `eq:generating-function' on page 8 undefined on input 
line 146.


LaTeX Warning: Reference `eq:main' on page 8 undefined on input line 147.


Package natbib Warning: Citation `cattani1996residues' on page 8 undefined on i
nput line 164.

) (./sections/5_consequences.tex

LaTeX Warning: Reference `eq:quadratic-parameters' on page 8 undefined on input
 line 13.


LaTeX Warning: Reference `eq:edge-matrix' on page 8 undefined on input line 23.



LaTeX Warning: Reference `eq:local-degree-condition' on page 8 undefined on inp
ut line 24.


LaTeX Warning: Reference `eq:quadratic-support' on page 8 undefined on input li
ne 35.


LaTeX Warning: Reference `eq:quadratic-support' on page 8 undefined on input li
ne 44.


LaTeX Warning: Reference `eq:local-coefficient' on page 8 undefined on input li
ne 54.

[8]

LaTeX Warning: Reference `thm:main' on page 9 undefined on input line 86.


LaTeX Warning: Reference `eq:quadratic-determinant' on page 9 undefined on inpu
t line 86.


LaTeX Warning: Reference `eq:quadratic-determinant' on page 9 undefined on inpu
t line 94.


LaTeX Warning: Reference `eq:cyclic-blocks' on page 9 undefined on input line 1
07.


LaTeX Warning: Reference `rem:threshold' on page 9 undefined on input line 111.



LaTeX Warning: Reference `prop:quadratic' on page 9 undefined on input line 123
.

[9]

LaTeX Warning: Reference `eq:parameters' on page 10 undefined on input line 141
.


Package natbib Warning: Citation `bornemann2010fredholm' on page 10 undefined o
n input line 157.


LaTeX Warning: Reference `eq:ordinary-representative' on page 10 undefined on i
nput line 158.


LaTeX Warning: Reference `thm:main' on page 10 undefined on input line 158.

) (./sections/6_scope.tex

LaTeX Warning: Reference `thm:main' on page 10 undefined on input line 3.


LaTeX Warning: Reference `eq:pointwise-trace' on page 10 undefined on input lin
e 14.


LaTeX Warning: Reference `eq:quadratic-parameters' on page 10 undefined on inpu
t line 22.


LaTeX Warning: Reference `eq:quadratic-determinant' on page 10 undefined on inp
ut line 23.


LaTeX Warning: Reference `eq:coefficient-ring' on page 10 undefined on input li
ne 26.

(/usr/share/texmf/tex/latex/lm/t1lmtt.fd)

LaTeX Warning: Reference `eq:normal-form' on page 10 undefined on input line 36
.

[10]

LaTeX Warning: Reference `lem:uniform-flow' on page 11 undefined on input line 
48.


LaTeX Warning: Reference `eq:edge-bijection' on page 11 undefined on input line
 49.

) (./sections/7_declarations.tex)
No file main.bbl.

Package natbib Warning: There were undefined citations.

[11] (./main.aux)

LaTeX Warning: There were undefined references.


LaTeX Warning: Label(s) may have changed. Rerun to get cross-references right.


Package rerunfilecheck Warning: File `main.out' has changed.
(rerunfilecheck)                Rerun to get outlines right
(rerunfilecheck)                or use package `bookmark'.

 ){/usr/share/texmf/fonts/enc/dvips/lm/lm-ec.enc}{/usr/share/texmf/fonts/enc/dv
ips/lm/lm-mathsy.enc}{/usr/share/texmf/fonts/enc/dvips/lm/lm-rm.enc}{/usr/share
/texmf/fonts/enc/dvips/lm/lm-mathit.enc}{/usr/share/texmf/fonts/enc/dvips/lm/lm
-mathex.enc}</usr/share/texmf/fonts/type1/public/lm/lmbx10.pfb></usr/share/texm
f/fonts/type1/public/lm/lmbx12.pfb></usr/share/texmf/fonts/type1/public/lm/lmex
10.pfb></usr/share/texmf/fonts/type1/public/lm/lmmi10.pfb></usr/share/texmf/fon
ts/type1/public/lm/lmmi6.pfb></usr/share/texmf/fonts/type1/public/lm/lmmi7.pfb>
</usr/share/texmf/fonts/type1/public/lm/lmmi8.pfb></usr/share/texmf/fonts/type1
/public/lm/lmr10.pfb></usr/share/texmf/fonts/type1/public/lm/lmr12.pfb></usr/sh
are/texmf/fonts/type1/public/lm/lmr17.pfb></usr/share/texmf/fonts/type1/public/
lm/lmr6.pfb></usr/share/texmf/fonts/type1/public/lm/lmr7.pfb></usr/share/texmf/
fonts/type1/public/lm/lmr8.pfb></usr/share/texmf/fonts/type1/public/lm/lmri10.p
fb></usr/share/texmf/fonts/type1/public/lm/lmsy10.pfb></usr/share/texmf/fonts/t
ype1/public/lm/lmsy6.pfb></usr/share/texmf/fonts/type1/public/lm/lmsy7.pfb></us
r/share/texmf/fonts/type1/public/lm/lmsy8.pfb></usr/share/texmf/fonts/type1/pub
lic/lm/lmtt10.pfb></usr/share/texlive/texmf-dist/fonts/type1/public/amsfonts/sy
mbols/msbm10.pfb>
Output written on main.pdf (11 pages, 367919 bytes).
Transcript written on main.log.
Latexmk: Missing bbl file 'main.bbl' in following:
 No file main.bbl.
Latexmk: References changed.
Latexmk: References changed.
Latexmk: Log file says output to 'main.pdf'
Latexmk: List of undefined refs and citations:
  Citation `bornemann2010fredholm' on page 1 undefined on input line 42
  Citation `bornemann2010fredholm' on page 10 undefined on input line 157
  Citation `cattani1996residues' on page 1 undefined on input line 26
  Citation `cattani1996residues' on page 4 undefined on input line 35
  Citation `cattani1996residues' on page 5 undefined on input line 132
  Citation `cattani1996residues' on page 8 undefined on input line 164
  Citation `molinari2008determinants' on page 1 undefined on input line 32
  Citation `molinari2008determinants' on page 4 undefined on input line 72
  Citation `timeordered2026notes' on page 1 undefined on input line 36
  Reference `def:residue-trace' on page 3 undefined on input line 102
  Reference `def:residue-trace' on page 5 undefined on input line 143
  Reference `def:residue-trace' on page 7 undefined on input line 140
  Reference `eq:abstract-flow' on page 6 undefined on input line 23
  Reference `eq:abstract-flow' on page 7 undefined on input line 89
  Reference `eq:coefficient-ring' on page 10 undefined on input line 26
  Reference `eq:coefficient-ring' on page 7 undefined on input line 138
  Reference `eq:configuration-sum' on page 5 undefined on input line 161
  Reference `eq:configuration-sum' on page 5 undefined on input line 168
  Reference `eq:configuration-sum' on page 7 undefined on input line 104
  Reference `eq:configuration-sum' on page 7 undefined on input line 88
  Reference `eq:cyclic' on page 2 undefined on input line 30
  Reference `eq:cyclic' on page 2 undefined on input line 37
  Reference `eq:cyclic' on page 3 undefined on input line 62
  Reference `eq:cyclic-blocks' on page 9 undefined on input line 107
  Reference `eq:edge-bijection' on page 11 undefined on input line 49
  Reference `eq:edge-bijection' on page 7 undefined on input line 112
  Reference `eq:edge-matrix' on page 7 undefined on input line 137
  Reference `eq:edge-matrix' on page 8 undefined on input line 23
  Reference `eq:flow-inequality' on page 6 undefined on input line 177
  Reference `eq:generating-function' on page 3 undefined on input line 78
  Reference `eq:generating-function' on page 8 undefined on input line 146
  Reference `eq:hill' on page 5 undefined on input line 79
  Reference `eq:hill' on page 5 undefined on input line 99
  Reference `eq:iterated-flow' on page 6 undefined on input line 54
  Reference `eq:iterated-flow' on page 7 undefined on input line 69
  Reference `eq:local-coefficient' on page 6 undefined on input line 172
  Reference `eq:local-coefficient' on page 7 undefined on input line 135
  Reference `eq:local-coefficient' on page 8 undefined on input line 54
  Reference `eq:local-degree-condition' on page 8 undefined on input line 24
  Reference `eq:main' on page 3 undefined on input line 113
  Reference `eq:main' on page 8 undefined on input line 147
  Reference `eq:monodromy' on page 4 undefined on input line 54
  Reference `eq:normal-form' on page 10 undefined on input line 36
  Reference `eq:normal-form' on page 4 undefined on input line 36
  Reference `eq:normal-form' on page 4 undefined on input line 41
  Reference `eq:ordinary-representative' on page 10 undefined on input line 158
  Reference `eq:parameters' on page 10 undefined on input line 141
  Reference `eq:parameters' on page 2 undefined on input line 9
  Reference `eq:parameters' on page 3 undefined on input line 101
  Reference `eq:parameters' on page 3 undefined on input line 114
  Reference `eq:parameters' on page 3 undefined on input line 57
  Reference `eq:period-one' on page 4 undefined on input line 19
  Reference `eq:period-one' on page 5 undefined on input line 166
  Reference `eq:period-two' on page 4 undefined on input line 19
  Reference `eq:pointwise-trace' on page 10 undefined on input line 14
  Reference `eq:pointwise-trace' on page 3 undefined on input line 76
  Reference `eq:pointwise-trace' on page 4 undefined on input line 66
  Reference `eq:quadratic-determinant' on page 10 undefined on input line 23
  Reference `eq:quadratic-determinant' on page 9 undefined on input line 86
  Reference `eq:quadratic-determinant' on page 9 undefined on input line 94
  Reference `eq:quadratic-parameters' on page 10 undefined on input line 22
  Reference `eq:quadratic-parameters' on page 8 undefined on input line 13
  Reference `eq:quadratic-support' on page 8 undefined on input line 35
  Reference `eq:quadratic-support' on page 8 undefined on input line 44
  Reference `eq:radius' on page 5 undefined on input line 153
  Reference `eq:residue-trace' on page 3 undefined on input line 74
  Reference `eq:residue-trace' on page 3 undefined on input line 75
  Reference `eq:residue-trace' on page 4 undefined on input line 65
  Reference `eq:row-sum' on page 7 undefined on input line 70
  Reference `eq:scheme-correspondence' on page 5 undefined on input line 101
  Reference `eq:state-bound' on page 7 undefined on input line 95
  Reference `eq:uniform-bound' on page 7 undefined on input line 77
  Reference `lem:hill' on page 3 undefined on input line 75
  Reference `lem:local-expansion' on page 7 undefined on input line 87
  Reference `lem:normal-form' on page 3 undefined on input line 73
  Reference `lem:normal-form' on page 7 undefined on input line 86
  Reference `lem:uniform-flow' on page 11 undefined on input line 48
  Reference `lem:uniform-flow' on page 7 undefined on input line 90
  Reference `prop:quadratic' on page 9 undefined on input line 123
  Reference `rem:threshold' on page 9 undefined on input line 111
  Reference `sec:consequences' on page 2 undefined on input line 74
  Reference `sec:flow' on page 2 undefined on input line 73
  Reference `sec:scope' on page 2 undefined on input line 75
  Reference `sec:setup' on page 2 undefined on input line 73
  Reference `thm:main' on page 10 undefined on input line 158
  Reference `thm:main' on page 10 undefined on input line 3
  Reference `thm:main' on page 7 undefined on input line 85
  Reference `thm:main' on page 9 undefined on input line 86
Latexmk: Examining 'main.log'
=== TeX engine is 'pdfTeX'
Latexmk: Found bibliography file(s) [references.bib]
Rule 'bibtex main': File changes, etc:
   Changed files, or newly in use since previous run(s):
      'main.aux'
------------
Run number 1 of rule 'bibtex main'
------------
------------
Running 'bibtex  "main.aux"'
------------
Latexmk: applying rule 'bibtex main'...
This is BibTeX, Version 0.99d (TeX Live 2022/dev/Debian)
The top-level auxiliary file: main.aux
The style file: plainnat.bst
Database file #1: references.bib
Rule 'pdflatex': File changes, etc:
   Changed files, or newly in use since previous run(s):
      'main.aux'
      'main.bbl'
      'main.out'
------------
Run number 2 of rule 'pdflatex'
------------
------------
Running 'pdflatex  -interaction=nonstopmode -halt-on-error -file-line-error -recorder  "main.tex"'
------------
Latexmk: applying rule 'pdflatex'...
This is pdfTeX, Version 3.141592653-2.6-1.40.22 (TeX Live 2022/dev/Debian) (preloaded format=pdflatex)
 restricted \write18 enabled.
entering extended mode
(./main.tex
LaTeX2e <2021-11-15> patch level 1
L3 programming layer <2022-01-21>
(/usr/share/texlive/texmf-dist/tex/latex/base/article.cls
Document Class: article 2021/10/04 v1.4n Standard LaTeX document class
(/usr/share/texlive/texmf-dist/tex/latex/base/size11.clo))
(/usr/share/texlive/texmf-dist/tex/latex/geometry/geometry.sty
(/usr/share/texlive/texmf-dist/tex/latex/graphics/keyval.sty)
(/usr/share/texlive/texmf-dist/tex/generic/iftex/ifvtex.sty
(/usr/share/texlive/texmf-dist/tex/generic/iftex/iftex.sty)))
(/usr/share/texlive/texmf-dist/tex/latex/base/fontenc.sty)
(/usr/share/texlive/texmf-dist/tex/latex/base/inputenc.sty)
(/usr/share/texmf/tex/latex/lm/lmodern.sty)
(/usr/share/texlive/texmf-dist/tex/latex/amsmath/amsmath.sty
For additional information on amsmath, use the `?' option.
(/usr/share/texlive/texmf-dist/tex/latex/amsmath/amstext.sty
(/usr/share/texlive/texmf-dist/tex/latex/amsmath/amsgen.sty))
(/usr/share/texlive/texmf-dist/tex/latex/amsmath/amsbsy.sty)
(/usr/share/texlive/texmf-dist/tex/latex/amsmath/amsopn.sty))
(/usr/share/texlive/texmf-dist/tex/latex/amsfonts/amssymb.sty
(/usr/share/texlive/texmf-dist/tex/latex/amsfonts/amsfonts.sty))
(/usr/share/texlive/texmf-dist/tex/latex/amscls/amsthm.sty)
(/usr/share/texlive/texmf-dist/tex/latex/mathtools/mathtools.sty
(/usr/share/texlive/texmf-dist/tex/latex/tools/calc.sty)
(/usr/share/texlive/texmf-dist/tex/latex/mathtools/mhsetup.sty))
(/usr/share/texlive/texmf-dist/tex/latex/microtype/microtype.sty
(/usr/share/texlive/texmf-dist/tex/latex/etoolbox/etoolbox.sty)
(/usr/share/texlive/texmf-dist/tex/latex/microtype/microtype-pdftex.def)
(/usr/share/texlive/texmf-dist/tex/latex/microtype/microtype.cfg))
(/usr/share/texlive/texmf-dist/tex/latex/natbib/natbib.sty)
(/usr/share/texlive/texmf-dist/tex/latex/enumitem/enumitem.sty)
(/usr/share/texlive/texmf-dist/tex/latex/hyperref/hyperref.sty
(/usr/share/texlive/texmf-dist/tex/generic/ltxcmds/ltxcmds.sty)
(/usr/share/texlive/texmf-dist/tex/generic/pdftexcmds/pdftexcmds.sty
(/usr/share/texlive/texmf-dist/tex/generic/infwarerr/infwarerr.sty))
(/usr/share/texlive/texmf-dist/tex/generic/kvsetkeys/kvsetkeys.sty)
(/usr/share/texlive/texmf-dist/tex/generic/kvdefinekeys/kvdefinekeys.sty)
(/usr/share/texlive/texmf-dist/tex/generic/pdfescape/pdfescape.sty)
(/usr/share/texlive/texmf-dist/tex/latex/hycolor/hycolor.sty)
(/usr/share/texlive/texmf-dist/tex/latex/letltxmacro/letltxmacro.sty)
(/usr/share/texlive/texmf-dist/tex/latex/auxhook/auxhook.sty)
(/usr/share/texlive/texmf-dist/tex/latex/kvoptions/kvoptions.sty)
(/usr/share/texlive/texmf-dist/tex/latex/hyperref/pd1enc.def)
(/usr/share/texlive/texmf-dist/tex/latex/hyperref/hyperref-langpatches.def)
(/usr/share/texlive/texmf-dist/tex/generic/intcalc/intcalc.sty)
(/usr/share/texlive/texmf-dist/tex/generic/etexcmds/etexcmds.sty)
(/usr/share/texlive/texmf-dist/tex/latex/hyperref/puenc.def)
(/usr/share/texlive/texmf-dist/tex/latex/url/url.sty)
(/usr/share/texlive/texmf-dist/tex/generic/bitset/bitset.sty
(/usr/share/texlive/texmf-dist/tex/generic/bigintcalc/bigintcalc.sty))
(/usr/share/texlive/texmf-dist/tex/latex/base/atbegshi-ltx.sty))
(/usr/share/texlive/texmf-dist/tex/latex/hyperref/hpdftex.def
(/usr/share/texlive/texmf-dist/tex/latex/base/atveryend-ltx.sty)
(/usr/share/texlive/texmf-dist/tex/latex/rerunfilecheck/rerunfilecheck.sty
(/usr/share/texlive/texmf-dist/tex/generic/uniquecounter/uniquecounter.sty)))
(./math_commands.tex) (/usr/share/texmf/tex/latex/lm/t1lmr.fd)
(/usr/share/texlive/texmf-dist/tex/latex/l3backend/l3backend-pdftex.def)
(./main.aux)
*geometry* driver: auto-detecting
*geometry* detected driver: pdftex
(/usr/share/texlive/texmf-dist/tex/latex/graphics/graphicx.sty
(/usr/share/texlive/texmf-dist/tex/latex/graphics/graphics.sty
(/usr/share/texlive/texmf-dist/tex/latex/graphics/trig.sty)
(/usr/share/texlive/texmf-dist/tex/latex/graphics-cfg/graphics.cfg)
(/usr/share/texlive/texmf-dist/tex/latex/graphics-def/pdftex.def
(/usr/share/texlive/texmf-dist/tex/context/base/mkii/supp-pdf.mkii
[Loading MPS to PDF converter (version 2006.09.02).]
))) (/usr/share/texlive/texmf-dist/tex/latex/epstopdf-pkg/epstopdf-base.sty
(/usr/share/texlive/texmf-dist/tex/latex/latexconfig/epstopdf-sys.cfg)))
(/usr/share/texlive/texmf-dist/tex/latex/microtype/mt-cmr.cfg)
(/usr/share/texlive/texmf-dist/tex/latex/graphics/color.sty
(/usr/share/texlive/texmf-dist/tex/latex/graphics-cfg/color.cfg))
(/usr/share/texlive/texmf-dist/tex/latex/hyperref/nameref.sty
(/usr/share/texlive/texmf-dist/tex/latex/refcount/refcount.sty)
(/usr/share/texlive/texmf-dist/tex/generic/gettitlestring/gettitlestring.sty))
(./main.out) (./main.out) (/usr/share/texmf/tex/latex/lm/ot1lmr.fd)
(/usr/share/texmf/tex/latex/lm/omllmm.fd)
(/usr/share/texmf/tex/latex/lm/omslmsy.fd)
(/usr/share/texmf/tex/latex/lm/omxlmex.fd)
(/usr/share/texlive/texmf-dist/tex/latex/amsfonts/umsa.fd)
(/usr/share/texlive/texmf-dist/tex/latex/microtype/mt-msa.cfg)
(/usr/share/texlive/texmf-dist/tex/latex/amsfonts/umsb.fd)
(/usr/share/texlive/texmf-dist/tex/latex/microtype/mt-msb.cfg)
(./sections/0_abstract.tex) (./sections/1_introduction.tex

Package natbib Warning: Citation `cattani1996residues' on page 1 undefined on i
nput line 26.


Package natbib Warning: Citation `molinari2008determinants' on page 1 undefined
 on input line 32.


Package natbib Warning: Citation `timeordered2026notes' on page 1 undefined on 
input line 36.


Package natbib Warning: Citation `bornemann2010fredholm' on page 1 undefined on
 input line 42.

[1{/var/lib/texmf/fonts/map/pdftex/updmap/pdftex.map}]) (./sections/2_setup.tex
 [2] [3]) (./sections/3_residues.tex

Package natbib Warning: Citation `cattani1996residues' on page 4 undefined on i
nput line 35.


Package natbib Warning: Citation `molinari2008determinants' on page 4 undefined
 on input line 72.

[4]

Package natbib Warning: Citation `cattani1996residues' on page 5 undefined on i
nput line 132.

[5]) (./sections/4_flow.tex [6] [7]

Package natbib Warning: Citation `cattani1996residues' on page 8 undefined on i
nput line 164.

) (./sections/5_consequences.tex [8] [9]

Package natbib Warning: Citation `bornemann2010fredholm' on page 10 undefined o
n input line 157.

) (./sections/6_scope.tex (/usr/share/texmf/tex/latex/lm/t1lmtt.fd) [10])
(./sections/7_declarations.tex) (./main.bbl [11])

Package natbib Warning: There were undefined citations.

[12] (./main.aux

Package natbib Warning: Citation(s) may have changed.
(natbib)                Rerun to get citations correct.

) ){/usr/share/texmf/fonts/enc/dvips/lm/lm-ec.enc}{/usr/share/texmf/fonts/enc/d
vips/lm/lm-mathsy.enc}{/usr/share/texmf/fonts/enc/dvips/lm/lm-rm.enc}{/usr/shar
e/texmf/fonts/enc/dvips/lm/lm-mathit.enc}{/usr/share/texmf/fonts/enc/dvips/lm/l
m-mathex.enc}</usr/share/texmf/fonts/type1/public/lm/lmbx10.pfb></usr/share/tex
mf/fonts/type1/public/lm/lmbx12.pfb></usr/share/texmf/fonts/type1/public/lm/lme
x10.pfb></usr/share/texmf/fonts/type1/public/lm/lmmi10.pfb></usr/share/texmf/fo
nts/type1/public/lm/lmmi6.pfb></usr/share/texmf/fonts/type1/public/lm/lmmi7.pfb
></usr/share/texmf/fonts/type1/public/lm/lmmi8.pfb></usr/share/texmf/fonts/type
1/public/lm/lmr10.pfb></usr/share/texmf/fonts/type1/public/lm/lmr12.pfb></usr/s
hare/texmf/fonts/type1/public/lm/lmr17.pfb></usr/share/texmf/fonts/type1/public
/lm/lmr6.pfb></usr/share/texmf/fonts/type1/public/lm/lmr7.pfb></usr/share/texmf
/fonts/type1/public/lm/lmr8.pfb></usr/share/texmf/fonts/type1/public/lm/lmri10.
pfb></usr/share/texmf/fonts/type1/public/lm/lmsy10.pfb></usr/share/texmf/fonts/
type1/public/lm/lmsy6.pfb></usr/share/texmf/fonts/type1/public/lm/lmsy7.pfb></u
sr/share/texmf/fonts/type1/public/lm/lmsy8.pfb></usr/share/texmf/fonts/type1/pu
blic/lm/lmtt10.pfb></usr/share/texlive/texmf-dist/fonts/type1/public/amsfonts/s
ymbols/msbm10.pfb>
Output written on main.pdf (12 pages, 381310 bytes).
Transcript written on main.log.
Latexmk: Found input bbl file 'main.bbl'
Latexmk: References changed.
Latexmk: Log file says output to 'main.pdf'
Latexmk: List of undefined refs and citations:
  Citation `bornemann2010fredholm' on page 1 undefined on input line 42
  Citation `bornemann2010fredholm' on page 10 undefined on input line 157
  Citation `cattani1996residues' on page 1 undefined on input line 26
  Citation `cattani1996residues' on page 4 undefined on input line 35
  Citation `cattani1996residues' on page 5 undefined on input line 132
  Citation `cattani1996residues' on page 8 undefined on input line 164
  Citation `molinari2008determinants' on page 1 undefined on input line 32
  Citation `molinari2008determinants' on page 4 undefined on input line 72
  Citation `timeordered2026notes' on page 1 undefined on input line 36
Latexmk: Examining 'main.log'
=== TeX engine is 'pdfTeX'
Latexmk: Found bibliography file(s) [references.bib]
Rule 'bibtex main': File changes, etc:
   Changed files, or newly in use since previous run(s):
      'main.aux'
------------
Run number 2 of rule 'bibtex main'
------------
------------
Running 'bibtex  "main.aux"'
------------
Latexmk: applying rule 'bibtex main'...
This is BibTeX, Version 0.99d (TeX Live 2022/dev/Debian)
The top-level auxiliary file: main.aux
The style file: plainnat.bst
Database file #1: references.bib
Rule 'pdflatex': File changes, etc:
   Changed files, or newly in use since previous run(s):
      'main.aux'
------------
Run number 3 of rule 'pdflatex'
------------
------------
Running 'pdflatex  -interaction=nonstopmode -halt-on-error -file-line-error -recorder  "main.tex"'
------------
Latexmk: applying rule 'pdflatex'...
This is pdfTeX, Version 3.141592653-2.6-1.40.22 (TeX Live 2022/dev/Debian) (preloaded format=pdflatex)
 restricted \write18 enabled.
entering extended mode
(./main.tex
LaTeX2e <2021-11-15> patch level 1
L3 programming layer <2022-01-21>
(/usr/share/texlive/texmf-dist/tex/latex/base/article.cls
Document Class: article 2021/10/04 v1.4n Standard LaTeX document class
(/usr/share/texlive/texmf-dist/tex/latex/base/size11.clo))
(/usr/share/texlive/texmf-dist/tex/latex/geometry/geometry.sty
(/usr/share/texlive/texmf-dist/tex/latex/graphics/keyval.sty)
(/usr/share/texlive/texmf-dist/tex/generic/iftex/ifvtex.sty
(/usr/share/texlive/texmf-dist/tex/generic/iftex/iftex.sty)))
(/usr/share/texlive/texmf-dist/tex/latex/base/fontenc.sty)
(/usr/share/texlive/texmf-dist/tex/latex/base/inputenc.sty)
(/usr/share/texmf/tex/latex/lm/lmodern.sty)
(/usr/share/texlive/texmf-dist/tex/latex/amsmath/amsmath.sty
For additional information on amsmath, use the `?' option.
(/usr/share/texlive/texmf-dist/tex/latex/amsmath/amstext.sty
(/usr/share/texlive/texmf-dist/tex/latex/amsmath/amsgen.sty))
(/usr/share/texlive/texmf-dist/tex/latex/amsmath/amsbsy.sty)
(/usr/share/texlive/texmf-dist/tex/latex/amsmath/amsopn.sty))
(/usr/share/texlive/texmf-dist/tex/latex/amsfonts/amssymb.sty
(/usr/share/texlive/texmf-dist/tex/latex/amsfonts/amsfonts.sty))
(/usr/share/texlive/texmf-dist/tex/latex/amscls/amsthm.sty)
(/usr/share/texlive/texmf-dist/tex/latex/mathtools/mathtools.sty
(/usr/share/texlive/texmf-dist/tex/latex/tools/calc.sty)
(/usr/share/texlive/texmf-dist/tex/latex/mathtools/mhsetup.sty))
(/usr/share/texlive/texmf-dist/tex/latex/microtype/microtype.sty
(/usr/share/texlive/texmf-dist/tex/latex/etoolbox/etoolbox.sty)
(/usr/share/texlive/texmf-dist/tex/latex/microtype/microtype-pdftex.def)
(/usr/share/texlive/texmf-dist/tex/latex/microtype/microtype.cfg))
(/usr/share/texlive/texmf-dist/tex/latex/natbib/natbib.sty)
(/usr/share/texlive/texmf-dist/tex/latex/enumitem/enumitem.sty)
(/usr/share/texlive/texmf-dist/tex/latex/hyperref/hyperref.sty
(/usr/share/texlive/texmf-dist/tex/generic/ltxcmds/ltxcmds.sty)
(/usr/share/texlive/texmf-dist/tex/generic/pdftexcmds/pdftexcmds.sty
(/usr/share/texlive/texmf-dist/tex/generic/infwarerr/infwarerr.sty))
(/usr/share/texlive/texmf-dist/tex/generic/kvsetkeys/kvsetkeys.sty)
(/usr/share/texlive/texmf-dist/tex/generic/kvdefinekeys/kvdefinekeys.sty)
(/usr/share/texlive/texmf-dist/tex/generic/pdfescape/pdfescape.sty)
(/usr/share/texlive/texmf-dist/tex/latex/hycolor/hycolor.sty)
(/usr/share/texlive/texmf-dist/tex/latex/letltxmacro/letltxmacro.sty)
(/usr/share/texlive/texmf-dist/tex/latex/auxhook/auxhook.sty)
(/usr/share/texlive/texmf-dist/tex/latex/kvoptions/kvoptions.sty)
(/usr/share/texlive/texmf-dist/tex/latex/hyperref/pd1enc.def)
(/usr/share/texlive/texmf-dist/tex/latex/hyperref/hyperref-langpatches.def)
(/usr/share/texlive/texmf-dist/tex/generic/intcalc/intcalc.sty)
(/usr/share/texlive/texmf-dist/tex/generic/etexcmds/etexcmds.sty)
(/usr/share/texlive/texmf-dist/tex/latex/hyperref/puenc.def)
(/usr/share/texlive/texmf-dist/tex/latex/url/url.sty)
(/usr/share/texlive/texmf-dist/tex/generic/bitset/bitset.sty
(/usr/share/texlive/texmf-dist/tex/generic/bigintcalc/bigintcalc.sty))
(/usr/share/texlive/texmf-dist/tex/latex/base/atbegshi-ltx.sty))
(/usr/share/texlive/texmf-dist/tex/latex/hyperref/hpdftex.def
(/usr/share/texlive/texmf-dist/tex/latex/base/atveryend-ltx.sty)
(/usr/share/texlive/texmf-dist/tex/latex/rerunfilecheck/rerunfilecheck.sty
(/usr/share/texlive/texmf-dist/tex/generic/uniquecounter/uniquecounter.sty)))
(./math_commands.tex) (/usr/share/texmf/tex/latex/lm/t1lmr.fd)
(/usr/share/texlive/texmf-dist/tex/latex/l3backend/l3backend-pdftex.def)
(./main.aux)
*geometry* driver: auto-detecting
*geometry* detected driver: pdftex
(/usr/share/texlive/texmf-dist/tex/latex/graphics/graphicx.sty
(/usr/share/texlive/texmf-dist/tex/latex/graphics/graphics.sty
(/usr/share/texlive/texmf-dist/tex/latex/graphics/trig.sty)
(/usr/share/texlive/texmf-dist/tex/latex/graphics-cfg/graphics.cfg)
(/usr/share/texlive/texmf-dist/tex/latex/graphics-def/pdftex.def
(/usr/share/texlive/texmf-dist/tex/context/base/mkii/supp-pdf.mkii
[Loading MPS to PDF converter (version 2006.09.02).]
))) (/usr/share/texlive/texmf-dist/tex/latex/epstopdf-pkg/epstopdf-base.sty
(/usr/share/texlive/texmf-dist/tex/latex/latexconfig/epstopdf-sys.cfg)))
(/usr/share/texlive/texmf-dist/tex/latex/microtype/mt-cmr.cfg)
(/usr/share/texlive/texmf-dist/tex/latex/graphics/color.sty
(/usr/share/texlive/texmf-dist/tex/latex/graphics-cfg/color.cfg))
(/usr/share/texlive/texmf-dist/tex/latex/hyperref/nameref.sty
(/usr/share/texlive/texmf-dist/tex/latex/refcount/refcount.sty)
(/usr/share/texlive/texmf-dist/tex/generic/gettitlestring/gettitlestring.sty))
(./main.out) (./main.out) (/usr/share/texmf/tex/latex/lm/ot1lmr.fd)
(/usr/share/texmf/tex/latex/lm/omllmm.fd)
(/usr/share/texmf/tex/latex/lm/omslmsy.fd)
(/usr/share/texmf/tex/latex/lm/omxlmex.fd)
(/usr/share/texlive/texmf-dist/tex/latex/amsfonts/umsa.fd)
(/usr/share/texlive/texmf-dist/tex/latex/microtype/mt-msa.cfg)
(/usr/share/texlive/texmf-dist/tex/latex/amsfonts/umsb.fd)
(/usr/share/texlive/texmf-dist/tex/latex/microtype/mt-msb.cfg)
(./sections/0_abstract.tex) (./sections/1_introduction.tex [1{/var/lib/texmf/fo
nts/map/pdftex/updmap/pdftex.map}]) (./sections/2_setup.tex [2] [3])
(./sections/3_residues.tex [4] [5]) (./sections/4_flow.tex [6] [7])
(./sections/5_consequences.tex [8] [9]) (./sections/6_scope.tex
(/usr/share/texmf/tex/latex/lm/t1lmtt.fd) [10]) (./sections/7_declarations.tex)
 (./main.bbl [11]) [12] (./main.aux) ){/usr/share/texmf/fonts/enc/dvips/lm/lm-e
c.enc}{/usr/share/texmf/fonts/enc/dvips/lm/lm-mathsy.enc}{/usr/share/texmf/font
s/enc/dvips/lm/lm-rm.enc}{/usr/share/texmf/fonts/enc/dvips/lm/lm-mathit.enc}{/u
sr/share/texmf/fonts/enc/dvips/lm/lm-mathex.enc}</usr/share/texmf/fonts/type1/p
ublic/lm/lmbx10.pfb></usr/share/texmf/fonts/type1/public/lm/lmbx12.pfb></usr/sh
are/texmf/fonts/type1/public/lm/lmex10.pfb></usr/share/texmf/fonts/type1/public
/lm/lmmi10.pfb></usr/share/texmf/fonts/type1/public/lm/lmmi6.pfb></usr/share/te
xmf/fonts/type1/public/lm/lmmi7.pfb></usr/share/texmf/fonts/type1/public/lm/lmm
i8.pfb></usr/share/texmf/fonts/type1/public/lm/lmr10.pfb></usr/share/texmf/font
s/type1/public/lm/lmr12.pfb></usr/share/texmf/fonts/type1/public/lm/lmr17.pfb><
/usr/share/texmf/fonts/type1/public/lm/lmr6.pfb></usr/share/texmf/fonts/type1/p
ublic/lm/lmr7.pfb></usr/share/texmf/fonts/type1/public/lm/lmr8.pfb></usr/share/
texmf/fonts/type1/public/lm/lmri10.pfb></usr/share/texmf/fonts/type1/public/lm/
lmsy10.pfb></usr/share/texmf/fonts/type1/public/lm/lmsy6.pfb></usr/share/texmf/
fonts/type1/public/lm/lmsy7.pfb></usr/share/texmf/fonts/type1/public/lm/lmsy8.p
fb></usr/share/texmf/fonts/type1/public/lm/lmtt10.pfb></usr/share/texlive/texmf
-dist/fonts/type1/public/amsfonts/symbols/msbm10.pfb>
Output written on main.pdf (12 pages, 381727 bytes).
Transcript written on main.log.
Latexmk: Found input bbl file 'main.bbl'
Latexmk: Log file says output to 'main.pdf'
Latexmk: Examining 'main.log'
=== TeX engine is 'pdfTeX'
Latexmk: Found bibliography file(s) [references.bib]
Latexmk: All targets (main.pdf) are up-to-date
