Rc files read:
  /etc/LatexMk
Latexmk: This is Latexmk, John Collins, 20 November 2021, version: 4.76.
Rule 'pdflatex': File changes, etc:
   Changed files, or newly in use since previous run(s):
      'main.tex'
------------
Run number 1 of rule 'pdflatex'
------------
------------
Running 'pdflatex  -interaction=nonstopmode -halt-on-error -recorder -output-directory="builds/round1_revised_03"  "main.tex"'
------------
Latexmk: applying rule 'pdflatex'...
This is pdfTeX, Version 3.141592653-2.6-1.40.22 (TeX Live 2022/dev/Debian) (preloaded format=pdflatex)
 restricted \write18 enabled.
entering extended mode
(./main.tex
LaTeX2e <2021-11-15> patch level 1
L3 programming layer <2022-01-21>
(/usr/share/texlive/texmf-dist/tex/latex/base/article.cls
Document Class: article 2021/10/04 v1.4n Standard LaTeX document class
(/usr/share/texlive/texmf-dist/tex/latex/base/size11.clo))
(/usr/share/texlive/texmf-dist/tex/latex/geometry/geometry.sty
(/usr/share/texlive/texmf-dist/tex/latex/graphics/keyval.sty)
(/usr/share/texlive/texmf-dist/tex/generic/iftex/ifvtex.sty
(/usr/share/texlive/texmf-dist/tex/generic/iftex/iftex.sty)))
(/usr/share/texlive/texmf-dist/tex/latex/base/fontenc.sty)
(/usr/share/texmf/tex/latex/lm/lmodern.sty)
(/usr/share/texlive/texmf-dist/tex/latex/amsmath/amsmath.sty
For additional information on amsmath, use the `?' option.
(/usr/share/texlive/texmf-dist/tex/latex/amsmath/amstext.sty
(/usr/share/texlive/texmf-dist/tex/latex/amsmath/amsgen.sty))
(/usr/share/texlive/texmf-dist/tex/latex/amsmath/amsbsy.sty)
(/usr/share/texlive/texmf-dist/tex/latex/amsmath/amsopn.sty))
(/usr/share/texlive/texmf-dist/tex/latex/amsfonts/amssymb.sty
(/usr/share/texlive/texmf-dist/tex/latex/amsfonts/amsfonts.sty))
(/usr/share/texlive/texmf-dist/tex/latex/amscls/amsthm.sty)
(/usr/share/texlive/texmf-dist/tex/latex/mathtools/mathtools.sty
(/usr/share/texlive/texmf-dist/tex/latex/tools/calc.sty)
(/usr/share/texlive/texmf-dist/tex/latex/mathtools/mhsetup.sty))
(/usr/share/texlive/texmf-dist/tex/latex/booktabs/booktabs.sty)
(/usr/share/texlive/texmf-dist/tex/latex/tools/array.sty)
(/usr/share/texlive/texmf-dist/tex/latex/microtype/microtype.sty
(/usr/share/texlive/texmf-dist/tex/latex/etoolbox/etoolbox.sty)
(/usr/share/texlive/texmf-dist/tex/latex/microtype/microtype-pdftex.def)
(/usr/share/texlive/texmf-dist/tex/latex/microtype/microtype.cfg))
(/usr/share/texlive/texmf-dist/tex/latex/fancyvrb/fancyvrb.sty)
(/usr/share/texlive/texmf-dist/tex/latex/hyperref/hyperref.sty
(/usr/share/texlive/texmf-dist/tex/generic/ltxcmds/ltxcmds.sty)
(/usr/share/texlive/texmf-dist/tex/generic/pdftexcmds/pdftexcmds.sty
(/usr/share/texlive/texmf-dist/tex/generic/infwarerr/infwarerr.sty))
(/usr/share/texlive/texmf-dist/tex/generic/kvsetkeys/kvsetkeys.sty)
(/usr/share/texlive/texmf-dist/tex/generic/kvdefinekeys/kvdefinekeys.sty)
(/usr/share/texlive/texmf-dist/tex/generic/pdfescape/pdfescape.sty)
(/usr/share/texlive/texmf-dist/tex/latex/hycolor/hycolor.sty)
(/usr/share/texlive/texmf-dist/tex/latex/letltxmacro/letltxmacro.sty)
(/usr/share/texlive/texmf-dist/tex/latex/auxhook/auxhook.sty)
(/usr/share/texlive/texmf-dist/tex/latex/kvoptions/kvoptions.sty)
(/usr/share/texlive/texmf-dist/tex/latex/hyperref/pd1enc.def)
(/usr/share/texlive/texmf-dist/tex/latex/hyperref/hyperref-langpatches.def)
(/usr/share/texlive/texmf-dist/tex/generic/intcalc/intcalc.sty)
(/usr/share/texlive/texmf-dist/tex/generic/etexcmds/etexcmds.sty)
(/usr/share/texlive/texmf-dist/tex/latex/hyperref/puenc.def)
(/usr/share/texlive/texmf-dist/tex/latex/url/url.sty)
(/usr/share/texlive/texmf-dist/tex/generic/bitset/bitset.sty
(/usr/share/texlive/texmf-dist/tex/generic/bigintcalc/bigintcalc.sty))
(/usr/share/texlive/texmf-dist/tex/latex/base/atbegshi-ltx.sty))
(/usr/share/texlive/texmf-dist/tex/latex/hyperref/hpdftex.def
(/usr/share/texlive/texmf-dist/tex/latex/base/atveryend-ltx.sty)
(/usr/share/texlive/texmf-dist/tex/latex/rerunfilecheck/rerunfilecheck.sty
(/usr/share/texlive/texmf-dist/tex/generic/uniquecounter/uniquecounter.sty)))
(/usr/share/texmf/tex/latex/lm/t1lmr.fd)
(/usr/share/texlive/texmf-dist/tex/latex/l3backend/l3backend-pdftex.def)
(builds/round1_revised_03/main.aux)
*geometry* driver: auto-detecting
*geometry* detected driver: pdftex
(/usr/share/texlive/texmf-dist/tex/latex/graphics/graphicx.sty
(/usr/share/texlive/texmf-dist/tex/latex/graphics/graphics.sty
(/usr/share/texlive/texmf-dist/tex/latex/graphics/trig.sty)
(/usr/share/texlive/texmf-dist/tex/latex/graphics-cfg/graphics.cfg)
(/usr/share/texlive/texmf-dist/tex/latex/graphics-def/pdftex.def
(/usr/share/texlive/texmf-dist/tex/context/base/mkii/supp-pdf.mkii
[Loading MPS to PDF converter (version 2006.09.02).]
))) (/usr/share/texlive/texmf-dist/tex/latex/epstopdf-pkg/epstopdf-base.sty
(/usr/share/texlive/texmf-dist/tex/latex/latexconfig/epstopdf-sys.cfg)))
(/usr/share/texlive/texmf-dist/tex/latex/microtype/mt-cmr.cfg)
(/usr/share/texlive/texmf-dist/tex/latex/hyperref/nameref.sty
(/usr/share/texlive/texmf-dist/tex/latex/refcount/refcount.sty)
(/usr/share/texlive/texmf-dist/tex/generic/gettitlestring/gettitlestring.sty))
(/usr/share/texmf/tex/latex/lm/ot1lmr.fd)
(/usr/share/texmf/tex/latex/lm/omllmm.fd)
(/usr/share/texmf/tex/latex/lm/omslmsy.fd)
(/usr/share/texmf/tex/latex/lm/omxlmex.fd)
(/usr/share/texlive/texmf-dist/tex/latex/amsfonts/umsa.fd)
(/usr/share/texlive/texmf-dist/tex/latex/microtype/mt-msa.cfg)
(/usr/share/texlive/texmf-dist/tex/latex/amsfonts/umsb.fd)
(/usr/share/texlive/texmf-dist/tex/latex/microtype/mt-msb.cfg)
(./sections/01_theorem_sources.tex

LaTeX Warning: Reference `eq:map' on page 1 undefined on input line 11.


LaTeX Warning: Reference `eq:map' on page 1 undefined on input line 18.


LaTeX Warning: Reference `sec:small' on page 1 undefined on input line 26.


LaTeX Warning: Reference `sec:symbolic' on page 1 undefined on input line 26.


LaTeX Warning: Reference `tab:witnesses' on page 1 undefined on input line 28.


LaTeX Warning: Reference `eq:spectra' on page 1 undefined on input line 31.


LaTeX Warning: Citation `Pezda2002' on page 1 undefined on input line 42.


LaTeX Warning: Reference `eq:pezda' on page 1 undefined on input line 46.

[1{/var/lib/texmf/fonts/map/pdftex/updmap/pdftex.map}]

LaTeX Warning: Citation `C412Working' on page 2 undefined on input line 55.


LaTeX Warning: Citation `C417Working' on page 2 undefined on input line 58.


LaTeX Warning: Reference `eq:spectra' on page 2 undefined on input line 59.


LaTeX Warning: Citation `KimEtAl2025' on page 2 undefined on input line 71.


LaTeX Warning: Citation `KimEtAl2025' on page 2 undefined on input line 72.


LaTeX Warning: Citation `deHenon2024' on page 2 undefined on input line 74.


LaTeX Warning: Reference `eq:spectra' on page 2 undefined on input line 75.


LaTeX Warning: Citation `IH6Working' on page 2 undefined on input line 80.


LaTeX Warning: Citation `IH6Review' on page 2 undefined on input line 81.


LaTeX Warning: Reference `sec:secant' on page 2 undefined on input line 90.


LaTeX Warning: Reference `sec:reduction' on page 2 undefined on input line 92.


LaTeX Warning: Reference `sec:small' on page 2 undefined on input line 94.


LaTeX Warning: Reference `sec:symbolic' on page 2 undefined on input line 95.


LaTeX Warning: Reference `app:pseudocode' on page 2 undefined on input line 96.


) (./sections/02_secant.tex [2]

LaTeX Warning: Reference `eq:recurrence' on page 3 undefined on input line 23.


LaTeX Warning: Reference `eq:secant' on page 3 undefined on input line 54.


LaTeX Warning: Reference `eq:errorbound' on page 3 undefined on input line 58.


LaTeX Warning: Reference `eq:congruence' on page 3 undefined on input line 58.


LaTeX Warning: Reference `lem:secant' on page 3 undefined on input line 62.

) (./sections/03_large_reduction.tex

LaTeX Warning: Reference `eq:endbounds' on page 3 undefined on input line 16.


LaTeX Warning: Reference `eq:congruence' on page 3 undefined on input line 17.

[3]

LaTeX Warning: Reference `eq:endbounds' on page 4 undefined on input line 31.


LaTeX Warning: Reference `eq:congruence' on page 4 undefined on input line 47.

[4]

LaTeX Warning: Reference `sec:symbolic' on page 5 undefined on input line 102.

) (./sections/04_small_certificate.tex

LaTeX Warning: Reference `eq:newton' on page 5 undefined on input line 27.


LaTeX Warning: Reference `eq:newton' on page 5 undefined on input line 33.


LaTeX Warning: Reference `app:pseudocode' on page 5 undefined on input line 66.


[5]

LaTeX Warning: Reference `eq:extension' on page 6 undefined on input line 70.


LaTeX Warning: Reference `eq:edge' on page 6 undefined on input line 70.


LaTeX Warning: Reference `tab:small' on page 6 undefined on input line 71.

(/usr/share/texmf/tex/latex/lm/t1lmtt.fd)

LaTeX Warning: Citation `IH6Working' on page 6 undefined on input line 78.


LaTeX Warning: Reference `lem:graph' on page 6 undefined on input line 80.


LaTeX Warning: Citation `IH6Review' on page 6 undefined on input line 82.


LaTeX Warning: Reference `app:independent' on page 6 undefined on input line 87
.


LaTeX Warning: Reference `sec:evidence' on page 6 undefined on input line 90.

(./tables/small_diameter.tex

LaTeX Warning: Reference `thm:spectra' on page 6 undefined on input line 10.


LaTeX Warning: Reference `thm:spectra' on page 6 undefined on input line 10.

)

LaTeX Warning: Reference `lem:newton' on page 6 undefined on input line 96.

) (./sections/05_symbolic_certificate.tex [6]

LaTeX Warning: Reference `lem:templates' on page 7 undefined on input line 11.


LaTeX Warning: Reference `lem:roots' on page 7 undefined on input line 79.

[7]

LaTeX Warning: Reference `tab:largeauthor' on page 8 undefined on input line 85
.


LaTeX Warning: Citation `IH6Working' on page 8 undefined on input line 91.


LaTeX Warning: Reference `eq:intercepts' on page 8 undefined on input line 92.


LaTeX Warning: Reference `lem:roots' on page 8 undefined on input line 95.


LaTeX Warning: Reference `lem:graph' on page 8 undefined on input line 96.


LaTeX Warning: Reference `tab:largeauthor' on page 8 undefined on input line 97
.


LaTeX Warning: Citation `IH6Review' on page 8 undefined on input line 101.


LaTeX Warning: Reference `tab:largeindependent' on page 8 undefined on input li
ne 104.


LaTeX Warning: Reference `app:pseudocode' on page 8 undefined on input line 110
.

(./tables/large_author.tex) (./tables/large_independent.tex

LaTeX Warning: Reference `tab:largeauthor' on page 8 undefined on input line 9.



LaTeX Warning: Reference `tab:largeauthor' on page 8 undefined on input line 9.


)

LaTeX Warning: Reference `thm:spectra' on page 8 undefined on input line 118.


LaTeX Warning: Reference `eq:map' on page 8 undefined on input line 119.


LaTeX Warning: Reference `eq:translation' on page 8 undefined on input line 120
.


LaTeX Warning: Reference `lem:smallcertificate' on page 8 undefined on input li
ne 121.


LaTeX Warning: Reference `lem:affine' on page 8 undefined on input line 122.


LaTeX Warning: Reference `lem:templates' on page 8 undefined on input line 123.



LaTeX Warning: Reference `lem:largecertificate' on page 8 undefined on input li
ne 125.

) (./sections/06_witnesses.tex [8]

LaTeX Warning: Reference `tab:witnesses' on page 9 undefined on input line 9.


LaTeX Warning: Citation `IH6Review' on page 9 undefined on input line 20.


LaTeX Warning: Reference `thm:spectra' on page 9 undefined on input line 32.

(./tables/witnesses.tex)) (./sections/07_evidence_scope.tex

LaTeX Warning: Citation `IH6Working' on page 9 undefined on input line 11.

[9]

LaTeX Warning: Citation `IH6Review' on page 10 undefined on input line 27.

[10]) [11] (./sections/A_pseudocode.tex [12]

LaTeX Warning: Reference `eq:extension' on page 13 undefined on input line 64.


LaTeX Warning: Reference `lem:newton' on page 13 undefined on input line 65.


LaTeX Warning: Reference `tab:small' on page 13 undefined on input line 66.

[13]

LaTeX Warning: Reference `sec:symbolic' on page 14 undefined on input line 149.


) (./sections/B_reconstruction.tex [14]

LaTeX Warning: Reference `lem:newton' on page 15 undefined on input line 27.


LaTeX Warning: Reference `lem:graph' on page 15 undefined on input line 40.

)
No file main.bbl.
[15] (builds/round1_revised_03/main.aux)

LaTeX Warning: There were undefined references.


LaTeX Warning: Label(s) may have changed. Rerun to get cross-references right.


Package rerunfilecheck Warning: File `main.out' has changed.
(rerunfilecheck)                Rerun to get outlines right
(rerunfilecheck)                or use package `bookmark'.

 ){/usr/share/texmf/fonts/enc/dvips/lm/lm-ec.enc}{/usr/share/texmf/fonts/enc/dv
ips/lm/lm-mathsy.enc}{/usr/share/texmf/fonts/enc/dvips/lm/lm-rm.enc}{/usr/share
/texmf/fonts/enc/dvips/lm/lm-mathex.enc}{/usr/share/texmf/fonts/enc/dvips/lm/lm
-mathit.enc}</usr/share/texmf/fonts/type1/public/lm/lmbx10.pfb></usr/share/texm
f/fonts/type1/public/lm/lmbx12.pfb></usr/share/texmf/fonts/type1/public/lm/lmex
10.pfb></usr/share/texmf/fonts/type1/public/lm/lmmi10.pfb></usr/share/texmf/fon
ts/type1/public/lm/lmmi7.pfb></usr/share/texmf/fonts/type1/public/lm/lmmi8.pfb>
</usr/share/texmf/fonts/type1/public/lm/lmr10.pfb></usr/share/texmf/fonts/type1
/public/lm/lmr17.pfb></usr/share/texmf/fonts/type1/public/lm/lmr7.pfb></usr/sha
re/texmf/fonts/type1/public/lm/lmr8.pfb></usr/share/texmf/fonts/type1/public/lm
/lmr9.pfb></usr/share/texmf/fonts/type1/public/lm/lmri10.pfb></usr/share/texmf/
fonts/type1/public/lm/lmsy10.pfb></usr/share/texmf/fonts/type1/public/lm/lmsy7.
pfb></usr/share/texmf/fonts/type1/public/lm/lmsy8.pfb></usr/share/texmf/fonts/t
ype1/public/lm/lmtt10.pfb></usr/share/texmf/fonts/type1/public/lm/lmtt9.pfb></u
sr/share/texlive/texmf-dist/fonts/type1/public/amsfonts/symbols/msbm10.pfb>
Output written on builds/round1_revised_03/main.pdf (15 pages, 379093 bytes).
Transcript written on builds/round1_revised_03/main.log.
Latexmk: Missing bbl file 'builds/round1_revised_03/main.bbl' in following:
 No file main.bbl.
Latexmk: References changed.
Latexmk: References changed.
Latexmk: Log file says output to 'builds/round1_revised_03/main.pdf'
Latexmk: List of undefined refs and citations:
  Citation `C412Working' on page 2 undefined on input line 55
  Citation `C417Working' on page 2 undefined on input line 58
  Citation `IH6Review' on page 10 undefined on input line 27
  Citation `IH6Review' on page 2 undefined on input line 81
  Citation `IH6Review' on page 6 undefined on input line 82
  Citation `IH6Review' on page 8 undefined on input line 101
  Citation `IH6Review' on page 9 undefined on input line 20
  Citation `IH6Working' on page 2 undefined on input line 80
  Citation `IH6Working' on page 6 undefined on input line 78
  Citation `IH6Working' on page 8 undefined on input line 91
  Citation `IH6Working' on page 9 undefined on input line 11
  Citation `KimEtAl2025' on page 2 undefined on input line 71
  Citation `KimEtAl2025' on page 2 undefined on input line 72
  Citation `Pezda2002' on page 1 undefined on input line 42
  Citation `deHenon2024' on page 2 undefined on input line 74
  Reference `app:independent' on page 6 undefined on input line 87
  Reference `app:pseudocode' on page 2 undefined on input line 96
  Reference `app:pseudocode' on page 5 undefined on input line 66
  Reference `app:pseudocode' on page 8 undefined on input line 110
  Reference `eq:congruence' on page 3 undefined on input line 17
  Reference `eq:congruence' on page 3 undefined on input line 58
  Reference `eq:congruence' on page 4 undefined on input line 47
  Reference `eq:edge' on page 6 undefined on input line 70
  Reference `eq:endbounds' on page 3 undefined on input line 16
  Reference `eq:endbounds' on page 4 undefined on input line 31
  Reference `eq:errorbound' on page 3 undefined on input line 58
  Reference `eq:extension' on page 13 undefined on input line 64
  Reference `eq:extension' on page 6 undefined on input line 70
  Reference `eq:intercepts' on page 8 undefined on input line 92
  Reference `eq:map' on page 1 undefined on input line 11
  Reference `eq:map' on page 1 undefined on input line 18
  Reference `eq:map' on page 8 undefined on input line 119
  Reference `eq:newton' on page 5 undefined on input line 27
  Reference `eq:newton' on page 5 undefined on input line 33
  Reference `eq:pezda' on page 1 undefined on input line 46
  Reference `eq:recurrence' on page 3 undefined on input line 23
  Reference `eq:secant' on page 3 undefined on input line 54
  Reference `eq:spectra' on page 1 undefined on input line 31
  Reference `eq:spectra' on page 2 undefined on input line 59
  Reference `eq:spectra' on page 2 undefined on input line 75
  Reference `eq:translation' on page 8 undefined on input line 120
  Reference `lem:affine' on page 8 undefined on input line 122
  Reference `lem:graph' on page 15 undefined on input line 40
  Reference `lem:graph' on page 6 undefined on input line 80
  Reference `lem:graph' on page 8 undefined on input line 96
  Reference `lem:largecertificate' on page 8 undefined on input line 125
  Reference `lem:newton' on page 13 undefined on input line 65
  Reference `lem:newton' on page 15 undefined on input line 27
  Reference `lem:newton' on page 6 undefined on input line 96
  Reference `lem:roots' on page 7 undefined on input line 79
  Reference `lem:roots' on page 8 undefined on input line 95
  Reference `lem:secant' on page 3 undefined on input line 62
  Reference `lem:smallcertificate' on page 8 undefined on input line 121
  Reference `lem:templates' on page 7 undefined on input line 11
  Reference `lem:templates' on page 8 undefined on input line 123
  Reference `sec:evidence' on page 6 undefined on input line 90
  Reference `sec:reduction' on page 2 undefined on input line 92
  Reference `sec:secant' on page 2 undefined on input line 90
  Reference `sec:small' on page 1 undefined on input line 26
  Reference `sec:small' on page 2 undefined on input line 94
  Reference `sec:symbolic' on page 1 undefined on input line 26
  Reference `sec:symbolic' on page 14 undefined on input line 149
  Reference `sec:symbolic' on page 2 undefined on input line 95
  Reference `sec:symbolic' on page 5 undefined on input line 102
  Reference `tab:largeauthor' on page 8 undefined on input line 85
  Reference `tab:largeauthor' on page 8 undefined on input line 9
  Reference `tab:largeauthor' on page 8 undefined on input line 97
  Reference `tab:largeindependent' on page 8 undefined on input line 104
  Reference `tab:small' on page 13 undefined on input line 66
  Reference `tab:small' on page 6 undefined on input line 71
  Reference `tab:witnesses' on page 1 undefined on input line 28
  Reference `tab:witnesses' on page 9 undefined on input line 9
  Reference `thm:spectra' on page 6 undefined on input line 10
  Reference `thm:spectra' on page 8 undefined on input line 118
  Reference `thm:spectra' on page 9 undefined on input line 32
Latexmk: Examining 'builds/round1_revised_03/main.log'
=== TeX engine is 'pdfTeX'
Latexmk: Found bibliography file(s) [references.bib]
Rule 'bibtex builds/round1_revised_03/main': File changes, etc:
   Changed files, or newly in use since previous run(s):
      'builds/round1_revised_03/main.aux'
------------
Run number 1 of rule 'bibtex builds/round1_revised_03/main'
------------
Latexmk: applying rule 'bibtex builds/round1_revised_03/main'...
------------
Running 'bibtex  "main.aux"'
------------
Latexmk: Change directory to 'builds/round1_revised_03/'.
To assist finding of files in document
directory, I set
  BIBINPUTS='/root/autodl-tmp/hilbert-polya-structure/henon_dynamics/research_c424_c428/papers/C428_integer_period_spectrum:builds/round1_revised_03:'
  BSTINPUTS='/root/autodl-tmp/hilbert-polya-structure/henon_dynamics/research_c424_c428/papers/C428_integer_period_spectrum:'.
This is BibTeX, Version 0.99d (TeX Live 2022/dev/Debian)
The top-level auxiliary file: main.aux
The style file: plain.bst
Database file #1: references.bib
Rule 'pdflatex': File changes, etc:
   Changed files, or newly in use since previous run(s):
      'builds/round1_revised_03/main.aux'
      'builds/round1_revised_03/main.bbl'
      'builds/round1_revised_03/main.out'
------------
Run number 2 of rule 'pdflatex'
------------
------------
Running 'pdflatex  -interaction=nonstopmode -halt-on-error -recorder -output-directory="builds/round1_revised_03"  "main.tex"'
------------
Latexmk: Change directory back to '/root/autodl-tmp/hilbert-polya-structure/henon_dynamics/research_c424_c428/papers/C428_integer_period_spectrum'
Latexmk: applying rule 'pdflatex'...
This is pdfTeX, Version 3.141592653-2.6-1.40.22 (TeX Live 2022/dev/Debian) (preloaded format=pdflatex)
 restricted \write18 enabled.
entering extended mode
(./main.tex
LaTeX2e <2021-11-15> patch level 1
L3 programming layer <2022-01-21>
(/usr/share/texlive/texmf-dist/tex/latex/base/article.cls
Document Class: article 2021/10/04 v1.4n Standard LaTeX document class
(/usr/share/texlive/texmf-dist/tex/latex/base/size11.clo))
(/usr/share/texlive/texmf-dist/tex/latex/geometry/geometry.sty
(/usr/share/texlive/texmf-dist/tex/latex/graphics/keyval.sty)
(/usr/share/texlive/texmf-dist/tex/generic/iftex/ifvtex.sty
(/usr/share/texlive/texmf-dist/tex/generic/iftex/iftex.sty)))
(/usr/share/texlive/texmf-dist/tex/latex/base/fontenc.sty)
(/usr/share/texmf/tex/latex/lm/lmodern.sty)
(/usr/share/texlive/texmf-dist/tex/latex/amsmath/amsmath.sty
For additional information on amsmath, use the `?' option.
(/usr/share/texlive/texmf-dist/tex/latex/amsmath/amstext.sty
(/usr/share/texlive/texmf-dist/tex/latex/amsmath/amsgen.sty))
(/usr/share/texlive/texmf-dist/tex/latex/amsmath/amsbsy.sty)
(/usr/share/texlive/texmf-dist/tex/latex/amsmath/amsopn.sty))
(/usr/share/texlive/texmf-dist/tex/latex/amsfonts/amssymb.sty
(/usr/share/texlive/texmf-dist/tex/latex/amsfonts/amsfonts.sty))
(/usr/share/texlive/texmf-dist/tex/latex/amscls/amsthm.sty)
(/usr/share/texlive/texmf-dist/tex/latex/mathtools/mathtools.sty
(/usr/share/texlive/texmf-dist/tex/latex/tools/calc.sty)
(/usr/share/texlive/texmf-dist/tex/latex/mathtools/mhsetup.sty))
(/usr/share/texlive/texmf-dist/tex/latex/booktabs/booktabs.sty)
(/usr/share/texlive/texmf-dist/tex/latex/tools/array.sty)
(/usr/share/texlive/texmf-dist/tex/latex/microtype/microtype.sty
(/usr/share/texlive/texmf-dist/tex/latex/etoolbox/etoolbox.sty)
(/usr/share/texlive/texmf-dist/tex/latex/microtype/microtype-pdftex.def)
(/usr/share/texlive/texmf-dist/tex/latex/microtype/microtype.cfg))
(/usr/share/texlive/texmf-dist/tex/latex/fancyvrb/fancyvrb.sty)
(/usr/share/texlive/texmf-dist/tex/latex/hyperref/hyperref.sty
(/usr/share/texlive/texmf-dist/tex/generic/ltxcmds/ltxcmds.sty)
(/usr/share/texlive/texmf-dist/tex/generic/pdftexcmds/pdftexcmds.sty
(/usr/share/texlive/texmf-dist/tex/generic/infwarerr/infwarerr.sty))
(/usr/share/texlive/texmf-dist/tex/generic/kvsetkeys/kvsetkeys.sty)
(/usr/share/texlive/texmf-dist/tex/generic/kvdefinekeys/kvdefinekeys.sty)
(/usr/share/texlive/texmf-dist/tex/generic/pdfescape/pdfescape.sty)
(/usr/share/texlive/texmf-dist/tex/latex/hycolor/hycolor.sty)
(/usr/share/texlive/texmf-dist/tex/latex/letltxmacro/letltxmacro.sty)
(/usr/share/texlive/texmf-dist/tex/latex/auxhook/auxhook.sty)
(/usr/share/texlive/texmf-dist/tex/latex/kvoptions/kvoptions.sty)
(/usr/share/texlive/texmf-dist/tex/latex/hyperref/pd1enc.def)
(/usr/share/texlive/texmf-dist/tex/latex/hyperref/hyperref-langpatches.def)
(/usr/share/texlive/texmf-dist/tex/generic/intcalc/intcalc.sty)
(/usr/share/texlive/texmf-dist/tex/generic/etexcmds/etexcmds.sty)
(/usr/share/texlive/texmf-dist/tex/latex/hyperref/puenc.def)
(/usr/share/texlive/texmf-dist/tex/latex/url/url.sty)
(/usr/share/texlive/texmf-dist/tex/generic/bitset/bitset.sty
(/usr/share/texlive/texmf-dist/tex/generic/bigintcalc/bigintcalc.sty))
(/usr/share/texlive/texmf-dist/tex/latex/base/atbegshi-ltx.sty))
(/usr/share/texlive/texmf-dist/tex/latex/hyperref/hpdftex.def
(/usr/share/texlive/texmf-dist/tex/latex/base/atveryend-ltx.sty)
(/usr/share/texlive/texmf-dist/tex/latex/rerunfilecheck/rerunfilecheck.sty
(/usr/share/texlive/texmf-dist/tex/generic/uniquecounter/uniquecounter.sty)))
(/usr/share/texmf/tex/latex/lm/t1lmr.fd)
(/usr/share/texlive/texmf-dist/tex/latex/l3backend/l3backend-pdftex.def)
(builds/round1_revised_03/main.aux)
*geometry* driver: auto-detecting
*geometry* detected driver: pdftex
(/usr/share/texlive/texmf-dist/tex/latex/graphics/graphicx.sty
(/usr/share/texlive/texmf-dist/tex/latex/graphics/graphics.sty
(/usr/share/texlive/texmf-dist/tex/latex/graphics/trig.sty)
(/usr/share/texlive/texmf-dist/tex/latex/graphics-cfg/graphics.cfg)
(/usr/share/texlive/texmf-dist/tex/latex/graphics-def/pdftex.def
(/usr/share/texlive/texmf-dist/tex/context/base/mkii/supp-pdf.mkii
[Loading MPS to PDF converter (version 2006.09.02).]
))) (/usr/share/texlive/texmf-dist/tex/latex/epstopdf-pkg/epstopdf-base.sty
(/usr/share/texlive/texmf-dist/tex/latex/latexconfig/epstopdf-sys.cfg)))
(/usr/share/texlive/texmf-dist/tex/latex/microtype/mt-cmr.cfg)
(/usr/share/texlive/texmf-dist/tex/latex/hyperref/nameref.sty
(/usr/share/texlive/texmf-dist/tex/latex/refcount/refcount.sty)
(/usr/share/texlive/texmf-dist/tex/generic/gettitlestring/gettitlestring.sty))
(builds/round1_revised_03/main.out) (builds/round1_revised_03/main.out)
(/usr/share/texmf/tex/latex/lm/ot1lmr.fd)
(/usr/share/texmf/tex/latex/lm/omllmm.fd)
(/usr/share/texmf/tex/latex/lm/omslmsy.fd)
(/usr/share/texmf/tex/latex/lm/omxlmex.fd)
(/usr/share/texlive/texmf-dist/tex/latex/amsfonts/umsa.fd)
(/usr/share/texlive/texmf-dist/tex/latex/microtype/mt-msa.cfg)
(/usr/share/texlive/texmf-dist/tex/latex/amsfonts/umsb.fd)
(/usr/share/texlive/texmf-dist/tex/latex/microtype/mt-msb.cfg)
(./sections/01_theorem_sources.tex

LaTeX Warning: Citation `Pezda2002' on page 1 undefined on input line 42.

[1{/var/lib/texmf/fonts/map/pdftex/updmap/pdftex.map}]

LaTeX Warning: Citation `C412Working' on page 2 undefined on input line 55.


LaTeX Warning: Citation `C417Working' on page 2 undefined on input line 58.


LaTeX Warning: Citation `KimEtAl2025' on page 2 undefined on input line 71.


LaTeX Warning: Citation `KimEtAl2025' on page 2 undefined on input line 72.


LaTeX Warning: Citation `deHenon2024' on page 2 undefined on input line 74.


LaTeX Warning: Citation `IH6Working' on page 2 undefined on input line 80.


LaTeX Warning: Citation `IH6Review' on page 2 undefined on input line 81.

) (./sections/02_secant.tex [2]) (./sections/03_large_reduction.tex [3]
[4]) (./sections/04_small_certificate.tex [5]
(/usr/share/texmf/tex/latex/lm/t1lmtt.fd)

LaTeX Warning: Citation `IH6Working' on page 6 undefined on input line 78.


LaTeX Warning: Citation `IH6Review' on page 6 undefined on input line 82.

(./tables/small_diameter.tex)) (./sections/05_symbolic_certificate.tex [6]
[7]

LaTeX Warning: Citation `IH6Working' on page 8 undefined on input line 91.


LaTeX Warning: Citation `IH6Review' on page 8 undefined on input line 101.

(./tables/large_author.tex) (./tables/large_independent.tex))
(./sections/06_witnesses.tex [8]

LaTeX Warning: Citation `IH6Review' on page 9 undefined on input line 20.

(./tables/witnesses.tex)) (./sections/07_evidence_scope.tex

LaTeX Warning: Citation `IH6Working' on page 9 undefined on input line 11.

[9]

LaTeX Warning: Citation `IH6Review' on page 10 undefined on input line 27.

[10]) [11] (./sections/A_pseudocode.tex [12] [13])
(./sections/B_reconstruction.tex [14]) (builds/round1_revised_03/main.bbl
[15]) [16] (builds/round1_revised_03/main.aux)

LaTeX Warning: There were undefined references.


LaTeX Warning: Label(s) may have changed. Rerun to get cross-references right.

 ){/usr/share/texmf/fonts/enc/dvips/lm/lm-ec.enc}{/usr/share/texmf/fonts/enc/dv
ips/lm/lm-mathsy.enc}{/usr/share/texmf/fonts/enc/dvips/lm/lm-rm.enc}{/usr/share
/texmf/fonts/enc/dvips/lm/lm-mathex.enc}{/usr/share/texmf/fonts/enc/dvips/lm/lm
-mathit.enc}</usr/share/texmf/fonts/type1/public/lm/lmbx10.pfb></usr/share/texm
f/fonts/type1/public/lm/lmbx12.pfb></usr/share/texmf/fonts/type1/public/lm/lmex
10.pfb></usr/share/texmf/fonts/type1/public/lm/lmmi10.pfb></usr/share/texmf/fon
ts/type1/public/lm/lmmi7.pfb></usr/share/texmf/fonts/type1/public/lm/lmmi8.pfb>
</usr/share/texmf/fonts/type1/public/lm/lmr10.pfb></usr/share/texmf/fonts/type1
/public/lm/lmr17.pfb></usr/share/texmf/fonts/type1/public/lm/lmr7.pfb></usr/sha
re/texmf/fonts/type1/public/lm/lmr8.pfb></usr/share/texmf/fonts/type1/public/lm
/lmr9.pfb></usr/share/texmf/fonts/type1/public/lm/lmri10.pfb></usr/share/texmf/
fonts/type1/public/lm/lmsy10.pfb></usr/share/texmf/fonts/type1/public/lm/lmsy7.
pfb></usr/share/texmf/fonts/type1/public/lm/lmsy8.pfb></usr/share/texmf/fonts/t
ype1/public/lm/lmtt10.pfb></usr/share/texmf/fonts/type1/public/lm/lmtt9.pfb></u
sr/share/texlive/texmf-dist/fonts/type1/public/amsfonts/symbols/msbm10.pfb>
Output written on builds/round1_revised_03/main.pdf (16 pages, 388703 bytes).
Transcript written on builds/round1_revised_03/main.log.
Latexmk: Found input bbl file 'builds/round1_revised_03/main.bbl'
Latexmk: References changed.
Latexmk: Log file says output to 'builds/round1_revised_03/main.pdf'
Latexmk: List of undefined refs and citations:
  Citation `C412Working' on page 2 undefined on input line 55
  Citation `C417Working' on page 2 undefined on input line 58
  Citation `IH6Review' on page 10 undefined on input line 27
  Citation `IH6Review' on page 2 undefined on input line 81
  Citation `IH6Review' on page 6 undefined on input line 82
  Citation `IH6Review' on page 8 undefined on input line 101
  Citation `IH6Review' on page 9 undefined on input line 20
  Citation `IH6Working' on page 2 undefined on input line 80
  Citation `IH6Working' on page 6 undefined on input line 78
  Citation `IH6Working' on page 8 undefined on input line 91
  Citation `IH6Working' on page 9 undefined on input line 11
  Citation `KimEtAl2025' on page 2 undefined on input line 71
  Citation `KimEtAl2025' on page 2 undefined on input line 72
  Citation `Pezda2002' on page 1 undefined on input line 42
  Citation `deHenon2024' on page 2 undefined on input line 74
Latexmk: Examining 'builds/round1_revised_03/main.log'
=== TeX engine is 'pdfTeX'
Latexmk: Found bibliography file(s) [references.bib]
Rule 'bibtex builds/round1_revised_03/main': File changes, etc:
   Changed files, or newly in use since previous run(s):
      'builds/round1_revised_03/main.aux'
------------
Run number 2 of rule 'bibtex builds/round1_revised_03/main'
------------
Latexmk: applying rule 'bibtex builds/round1_revised_03/main'...
------------
Running 'bibtex  "main.aux"'
------------
Latexmk: Change directory to 'builds/round1_revised_03/'.
To assist finding of files in document
directory, I set
  BIBINPUTS='/root/autodl-tmp/hilbert-polya-structure/henon_dynamics/research_c424_c428/papers/C428_integer_period_spectrum:builds/round1_revised_03:'
  BSTINPUTS='/root/autodl-tmp/hilbert-polya-structure/henon_dynamics/research_c424_c428/papers/C428_integer_period_spectrum:'.
This is BibTeX, Version 0.99d (TeX Live 2022/dev/Debian)
The top-level auxiliary file: main.aux
The style file: plain.bst
Database file #1: references.bib
Rule 'pdflatex': File changes, etc:
   Changed files, or newly in use since previous run(s):
      'builds/round1_revised_03/main.aux'
------------
Run number 3 of rule 'pdflatex'
------------
------------
Running 'pdflatex  -interaction=nonstopmode -halt-on-error -recorder -output-directory="builds/round1_revised_03"  "main.tex"'
------------
Latexmk: Change directory back to '/root/autodl-tmp/hilbert-polya-structure/henon_dynamics/research_c424_c428/papers/C428_integer_period_spectrum'
Latexmk: applying rule 'pdflatex'...
This is pdfTeX, Version 3.141592653-2.6-1.40.22 (TeX Live 2022/dev/Debian) (preloaded format=pdflatex)
 restricted \write18 enabled.
entering extended mode
(./main.tex
LaTeX2e <2021-11-15> patch level 1
L3 programming layer <2022-01-21>
(/usr/share/texlive/texmf-dist/tex/latex/base/article.cls
Document Class: article 2021/10/04 v1.4n Standard LaTeX document class
(/usr/share/texlive/texmf-dist/tex/latex/base/size11.clo))
(/usr/share/texlive/texmf-dist/tex/latex/geometry/geometry.sty
(/usr/share/texlive/texmf-dist/tex/latex/graphics/keyval.sty)
(/usr/share/texlive/texmf-dist/tex/generic/iftex/ifvtex.sty
(/usr/share/texlive/texmf-dist/tex/generic/iftex/iftex.sty)))
(/usr/share/texlive/texmf-dist/tex/latex/base/fontenc.sty)
(/usr/share/texmf/tex/latex/lm/lmodern.sty)
(/usr/share/texlive/texmf-dist/tex/latex/amsmath/amsmath.sty
For additional information on amsmath, use the `?' option.
(/usr/share/texlive/texmf-dist/tex/latex/amsmath/amstext.sty
(/usr/share/texlive/texmf-dist/tex/latex/amsmath/amsgen.sty))
(/usr/share/texlive/texmf-dist/tex/latex/amsmath/amsbsy.sty)
(/usr/share/texlive/texmf-dist/tex/latex/amsmath/amsopn.sty))
(/usr/share/texlive/texmf-dist/tex/latex/amsfonts/amssymb.sty
(/usr/share/texlive/texmf-dist/tex/latex/amsfonts/amsfonts.sty))
(/usr/share/texlive/texmf-dist/tex/latex/amscls/amsthm.sty)
(/usr/share/texlive/texmf-dist/tex/latex/mathtools/mathtools.sty
(/usr/share/texlive/texmf-dist/tex/latex/tools/calc.sty)
(/usr/share/texlive/texmf-dist/tex/latex/mathtools/mhsetup.sty))
(/usr/share/texlive/texmf-dist/tex/latex/booktabs/booktabs.sty)
(/usr/share/texlive/texmf-dist/tex/latex/tools/array.sty)
(/usr/share/texlive/texmf-dist/tex/latex/microtype/microtype.sty
(/usr/share/texlive/texmf-dist/tex/latex/etoolbox/etoolbox.sty)
(/usr/share/texlive/texmf-dist/tex/latex/microtype/microtype-pdftex.def)
(/usr/share/texlive/texmf-dist/tex/latex/microtype/microtype.cfg))
(/usr/share/texlive/texmf-dist/tex/latex/fancyvrb/fancyvrb.sty)
(/usr/share/texlive/texmf-dist/tex/latex/hyperref/hyperref.sty
(/usr/share/texlive/texmf-dist/tex/generic/ltxcmds/ltxcmds.sty)
(/usr/share/texlive/texmf-dist/tex/generic/pdftexcmds/pdftexcmds.sty
(/usr/share/texlive/texmf-dist/tex/generic/infwarerr/infwarerr.sty))
(/usr/share/texlive/texmf-dist/tex/generic/kvsetkeys/kvsetkeys.sty)
(/usr/share/texlive/texmf-dist/tex/generic/kvdefinekeys/kvdefinekeys.sty)
(/usr/share/texlive/texmf-dist/tex/generic/pdfescape/pdfescape.sty)
(/usr/share/texlive/texmf-dist/tex/latex/hycolor/hycolor.sty)
(/usr/share/texlive/texmf-dist/tex/latex/letltxmacro/letltxmacro.sty)
(/usr/share/texlive/texmf-dist/tex/latex/auxhook/auxhook.sty)
(/usr/share/texlive/texmf-dist/tex/latex/kvoptions/kvoptions.sty)
(/usr/share/texlive/texmf-dist/tex/latex/hyperref/pd1enc.def)
(/usr/share/texlive/texmf-dist/tex/latex/hyperref/hyperref-langpatches.def)
(/usr/share/texlive/texmf-dist/tex/generic/intcalc/intcalc.sty)
(/usr/share/texlive/texmf-dist/tex/generic/etexcmds/etexcmds.sty)
(/usr/share/texlive/texmf-dist/tex/latex/hyperref/puenc.def)
(/usr/share/texlive/texmf-dist/tex/latex/url/url.sty)
(/usr/share/texlive/texmf-dist/tex/generic/bitset/bitset.sty
(/usr/share/texlive/texmf-dist/tex/generic/bigintcalc/bigintcalc.sty))
(/usr/share/texlive/texmf-dist/tex/latex/base/atbegshi-ltx.sty))
(/usr/share/texlive/texmf-dist/tex/latex/hyperref/hpdftex.def
(/usr/share/texlive/texmf-dist/tex/latex/base/atveryend-ltx.sty)
(/usr/share/texlive/texmf-dist/tex/latex/rerunfilecheck/rerunfilecheck.sty
(/usr/share/texlive/texmf-dist/tex/generic/uniquecounter/uniquecounter.sty)))
(/usr/share/texmf/tex/latex/lm/t1lmr.fd)
(/usr/share/texlive/texmf-dist/tex/latex/l3backend/l3backend-pdftex.def)
(builds/round1_revised_03/main.aux)
*geometry* driver: auto-detecting
*geometry* detected driver: pdftex
(/usr/share/texlive/texmf-dist/tex/latex/graphics/graphicx.sty
(/usr/share/texlive/texmf-dist/tex/latex/graphics/graphics.sty
(/usr/share/texlive/texmf-dist/tex/latex/graphics/trig.sty)
(/usr/share/texlive/texmf-dist/tex/latex/graphics-cfg/graphics.cfg)
(/usr/share/texlive/texmf-dist/tex/latex/graphics-def/pdftex.def
(/usr/share/texlive/texmf-dist/tex/context/base/mkii/supp-pdf.mkii
[Loading MPS to PDF converter (version 2006.09.02).]
))) (/usr/share/texlive/texmf-dist/tex/latex/epstopdf-pkg/epstopdf-base.sty
(/usr/share/texlive/texmf-dist/tex/latex/latexconfig/epstopdf-sys.cfg)))
(/usr/share/texlive/texmf-dist/tex/latex/microtype/mt-cmr.cfg)
(/usr/share/texlive/texmf-dist/tex/latex/hyperref/nameref.sty
(/usr/share/texlive/texmf-dist/tex/latex/refcount/refcount.sty)
(/usr/share/texlive/texmf-dist/tex/generic/gettitlestring/gettitlestring.sty))
(builds/round1_revised_03/main.out) (builds/round1_revised_03/main.out)
(/usr/share/texmf/tex/latex/lm/ot1lmr.fd)
(/usr/share/texmf/tex/latex/lm/omllmm.fd)
(/usr/share/texmf/tex/latex/lm/omslmsy.fd)
(/usr/share/texmf/tex/latex/lm/omxlmex.fd)
(/usr/share/texlive/texmf-dist/tex/latex/amsfonts/umsa.fd)
(/usr/share/texlive/texmf-dist/tex/latex/microtype/mt-msa.cfg)
(/usr/share/texlive/texmf-dist/tex/latex/amsfonts/umsb.fd)
(/usr/share/texlive/texmf-dist/tex/latex/microtype/mt-msb.cfg)
(./sections/01_theorem_sources.tex [1{/var/lib/texmf/fonts/map/pdftex/updmap/pd
ftex.map}]) (./sections/02_secant.tex [2]) (./sections/03_large_reduction.tex
[3] [4]) (./sections/04_small_certificate.tex [5]
(/usr/share/texmf/tex/latex/lm/t1lmtt.fd) (./tables/small_diameter.tex))
(./sections/05_symbolic_certificate.tex [6] [7] (./tables/large_author.tex)
(./tables/large_independent.tex)) (./sections/06_witnesses.tex [8]
(./tables/witnesses.tex)) (./sections/07_evidence_scope.tex [9] [10]) [11]
(./sections/A_pseudocode.tex [12] [13]) (./sections/B_reconstruction.tex
[14]) (builds/round1_revised_03/main.bbl [15]) [16]
(builds/round1_revised_03/main.aux) ){/usr/share/texmf/fonts/enc/dvips/lm/lm-ec
.enc}{/usr/share/texmf/fonts/enc/dvips/lm/lm-mathsy.enc}{/usr/share/texmf/fonts
/enc/dvips/lm/lm-rm.enc}{/usr/share/texmf/fonts/enc/dvips/lm/lm-mathex.enc}{/us
r/share/texmf/fonts/enc/dvips/lm/lm-mathit.enc}</usr/share/texmf/fonts/type1/pu
blic/lm/lmbx10.pfb></usr/share/texmf/fonts/type1/public/lm/lmbx12.pfb></usr/sha
re/texmf/fonts/type1/public/lm/lmex10.pfb></usr/share/texmf/fonts/type1/public/
lm/lmmi10.pfb></usr/share/texmf/fonts/type1/public/lm/lmmi7.pfb></usr/share/tex
mf/fonts/type1/public/lm/lmmi8.pfb></usr/share/texmf/fonts/type1/public/lm/lmr1
0.pfb></usr/share/texmf/fonts/type1/public/lm/lmr17.pfb></usr/share/texmf/fonts
/type1/public/lm/lmr7.pfb></usr/share/texmf/fonts/type1/public/lm/lmr8.pfb></us
r/share/texmf/fonts/type1/public/lm/lmr9.pfb></usr/share/texmf/fonts/type1/publ
ic/lm/lmri10.pfb></usr/share/texmf/fonts/type1/public/lm/lmsy10.pfb></usr/share
/texmf/fonts/type1/public/lm/lmsy7.pfb></usr/share/texmf/fonts/type1/public/lm/
lmsy8.pfb></usr/share/texmf/fonts/type1/public/lm/lmtt10.pfb></usr/share/texmf/
fonts/type1/public/lm/lmtt9.pfb></usr/share/texlive/texmf-dist/fonts/type1/publ
ic/amsfonts/symbols/msbm10.pfb>
Output written on builds/round1_revised_03/main.pdf (16 pages, 389314 bytes).
Transcript written on builds/round1_revised_03/main.log.
Latexmk: Found input bbl file 'builds/round1_revised_03/main.bbl'
Latexmk: Log file says output to 'builds/round1_revised_03/main.pdf'
Latexmk: Examining 'builds/round1_revised_03/main.log'
=== TeX engine is 'pdfTeX'
Latexmk: Found bibliography file(s) [references.bib]
Latexmk: All targets (builds/round1_revised_03/main.pdf) are up-to-date
