Rc files read:
  /etc/LatexMk
Latexmk: This is Latexmk, John Collins, 20 November 2021, version: 4.76.
Rule 'pdflatex': File changes, etc:
   Changed files, or newly in use since previous run(s):
      'main.tex'
------------
Run number 1 of rule 'pdflatex'
------------
------------
Running 'pdflatex  -interaction=nonstopmode -halt-on-error -file-line-error -recorder --jobname="main" -output-directory="builds/final2"  "\pdftrailerid{}\input{main.tex}"'
------------
Latexmk: applying rule 'pdflatex'...
This is pdfTeX, Version 3.141592653-2.6-1.40.22 (TeX Live 2022/dev/Debian) (preloaded format=pdflatex)
 restricted \write18 enabled.
entering extended mode
LaTeX2e <2021-11-15> patch level 1
L3 programming layer <2022-01-21> (./main.tex
(/usr/share/texlive/texmf-dist/tex/latex/base/article.cls
Document Class: article 2021/10/04 v1.4n Standard LaTeX document class
(/usr/share/texlive/texmf-dist/tex/latex/base/size11.clo))
(/usr/share/texlive/texmf-dist/tex/latex/geometry/geometry.sty
(/usr/share/texlive/texmf-dist/tex/latex/graphics/keyval.sty)
(/usr/share/texlive/texmf-dist/tex/generic/iftex/ifvtex.sty
(/usr/share/texlive/texmf-dist/tex/generic/iftex/iftex.sty)))
(/usr/share/texlive/texmf-dist/tex/latex/base/fontenc.sty)
(/usr/share/texmf/tex/latex/lm/lmodern.sty)
(/usr/share/texlive/texmf-dist/tex/latex/amsmath/amsmath.sty
For additional information on amsmath, use the `?' option.
(/usr/share/texlive/texmf-dist/tex/latex/amsmath/amstext.sty
(/usr/share/texlive/texmf-dist/tex/latex/amsmath/amsgen.sty))
(/usr/share/texlive/texmf-dist/tex/latex/amsmath/amsbsy.sty)
(/usr/share/texlive/texmf-dist/tex/latex/amsmath/amsopn.sty))
(/usr/share/texlive/texmf-dist/tex/latex/amsfonts/amssymb.sty
(/usr/share/texlive/texmf-dist/tex/latex/amsfonts/amsfonts.sty))
(/usr/share/texlive/texmf-dist/tex/latex/amscls/amsthm.sty)
(/usr/share/texlive/texmf-dist/tex/latex/mathtools/mathtools.sty
(/usr/share/texlive/texmf-dist/tex/latex/tools/calc.sty)
(/usr/share/texlive/texmf-dist/tex/latex/mathtools/mhsetup.sty))
(/usr/share/texlive/texmf-dist/tex/latex/booktabs/booktabs.sty)
(/usr/share/texlive/texmf-dist/tex/latex/tools/array.sty)
(/usr/share/texlive/texmf-dist/tex/latex/natbib/natbib.sty)
(/usr/share/texlive/texmf-dist/tex/latex/microtype/microtype.sty
(/usr/share/texlive/texmf-dist/tex/latex/etoolbox/etoolbox.sty)
(/usr/share/texlive/texmf-dist/tex/latex/microtype/microtype-pdftex.def)
(/usr/share/texlive/texmf-dist/tex/latex/microtype/microtype.cfg))
(/usr/share/texlive/texmf-dist/tex/latex/hyperref/hyperref.sty
(/usr/share/texlive/texmf-dist/tex/generic/ltxcmds/ltxcmds.sty)
(/usr/share/texlive/texmf-dist/tex/generic/pdftexcmds/pdftexcmds.sty
(/usr/share/texlive/texmf-dist/tex/generic/infwarerr/infwarerr.sty))
(/usr/share/texlive/texmf-dist/tex/generic/kvsetkeys/kvsetkeys.sty)
(/usr/share/texlive/texmf-dist/tex/generic/kvdefinekeys/kvdefinekeys.sty)
(/usr/share/texlive/texmf-dist/tex/generic/pdfescape/pdfescape.sty)
(/usr/share/texlive/texmf-dist/tex/latex/hycolor/hycolor.sty)
(/usr/share/texlive/texmf-dist/tex/latex/letltxmacro/letltxmacro.sty)
(/usr/share/texlive/texmf-dist/tex/latex/auxhook/auxhook.sty)
(/usr/share/texlive/texmf-dist/tex/latex/kvoptions/kvoptions.sty)
(/usr/share/texlive/texmf-dist/tex/latex/hyperref/pd1enc.def)
(/usr/share/texlive/texmf-dist/tex/latex/hyperref/hyperref-langpatches.def)
(/usr/share/texlive/texmf-dist/tex/generic/intcalc/intcalc.sty)
(/usr/share/texlive/texmf-dist/tex/generic/etexcmds/etexcmds.sty)
(/usr/share/texlive/texmf-dist/tex/latex/hyperref/puenc.def)
(/usr/share/texlive/texmf-dist/tex/latex/url/url.sty)
(/usr/share/texlive/texmf-dist/tex/generic/bitset/bitset.sty
(/usr/share/texlive/texmf-dist/tex/generic/bigintcalc/bigintcalc.sty))
(/usr/share/texlive/texmf-dist/tex/latex/base/atbegshi-ltx.sty))
(/usr/share/texlive/texmf-dist/tex/latex/hyperref/hpdftex.def
(/usr/share/texlive/texmf-dist/tex/latex/base/atveryend-ltx.sty)
(/usr/share/texlive/texmf-dist/tex/latex/rerunfilecheck/rerunfilecheck.sty
(/usr/share/texlive/texmf-dist/tex/generic/uniquecounter/uniquecounter.sty)))
(./math_commands.tex) (/usr/share/texmf/tex/latex/lm/t1lmr.fd)
(/usr/share/texlive/texmf-dist/tex/latex/l3backend/l3backend-pdftex.def)
(builds/final2/main.aux)
*geometry* driver: auto-detecting
*geometry* detected driver: pdftex
(/usr/share/texlive/texmf-dist/tex/latex/graphics/graphicx.sty
(/usr/share/texlive/texmf-dist/tex/latex/graphics/graphics.sty
(/usr/share/texlive/texmf-dist/tex/latex/graphics/trig.sty)
(/usr/share/texlive/texmf-dist/tex/latex/graphics-cfg/graphics.cfg)
(/usr/share/texlive/texmf-dist/tex/latex/graphics-def/pdftex.def
(/usr/share/texlive/texmf-dist/tex/context/base/mkii/supp-pdf.mkii
[Loading MPS to PDF converter (version 2006.09.02).]
))) (/usr/share/texlive/texmf-dist/tex/latex/epstopdf-pkg/epstopdf-base.sty
(/usr/share/texlive/texmf-dist/tex/latex/latexconfig/epstopdf-sys.cfg)))
(/usr/share/texlive/texmf-dist/tex/latex/microtype/mt-cmr.cfg)
(/usr/share/texlive/texmf-dist/tex/latex/graphics/color.sty
(/usr/share/texlive/texmf-dist/tex/latex/graphics-cfg/color.cfg))
(/usr/share/texlive/texmf-dist/tex/latex/hyperref/nameref.sty
(/usr/share/texlive/texmf-dist/tex/latex/refcount/refcount.sty)
(/usr/share/texlive/texmf-dist/tex/generic/gettitlestring/gettitlestring.sty))
(/usr/share/texmf/tex/latex/lm/ot1lmr.fd)
(/usr/share/texmf/tex/latex/lm/omllmm.fd)
(/usr/share/texmf/tex/latex/lm/omslmsy.fd)
(/usr/share/texmf/tex/latex/lm/omxlmex.fd)
(/usr/share/texlive/texmf-dist/tex/latex/amsfonts/umsa.fd)
(/usr/share/texlive/texmf-dist/tex/latex/microtype/mt-msa.cfg)
(/usr/share/texlive/texmf-dist/tex/latex/amsfonts/umsb.fd)
(/usr/share/texlive/texmf-dist/tex/latex/microtype/mt-msb.cfg)
(./sections/0_abstract.tex) (./sections/1_introduction.tex [1{/var/lib/texmf/fo
nts/map/pdftex/updmap/pdftex.map}]

LaTeX Warning: Reference `eq:maps' on page 2 undefined on input line 43.


LaTeX Warning: Reference `sec:classifier' on page 2 undefined on input line 58.



Package natbib Warning: Citation `RobertsBaake1994' on page 2 undefined on inpu
t line 76.


Package natbib Warning: Citation `SasakiYoshida2008' on page 2 undefined on inp
ut line 78.


Package natbib Warning: Citation `Roberts1996' on page 2 undefined on input lin
e 80.


Package natbib Warning: Citation `CantatLoray2009' on page 2 undefined on input
 line 84.


Package natbib Warning: Citation `Humphries2016' on page 2 undefined on input l
ine 85.


Package natbib Warning: Citation `GhoshSarnak2022' on page 2 undefined on input
 line 86.


LaTeX Warning: Reference `sec:separators' on page 2 undefined on input line 89.



Package natbib Warning: Citation `C413' on page 2 undefined on input line 91.

(./tables/source_scope.tex)

LaTeX Warning: Reference `sec:escape' on page 2 undefined on input line 98.


LaTeX Warning: Reference `sec:locus' on page 2 undefined on input line 99.


LaTeX Warning: Reference `sec:levels' on page 2 undefined on input line 100.


LaTeX Warning: Reference `sec:twosided' on page 2 undefined on input line 101.

) (./sections/2_conventions.tex [2]

Package natbib Warning: Citation `SasakiYoshida2008' on page 3 undefined on inp
ut line 29.


LaTeX Warning: Reference `eq:locus' on page 3 undefined on input line 40.


LaTeX Warning: Reference `sec:locus' on page 3 undefined on input line 52.

[3]

Package natbib Warning: Citation `RobertsBaake1994' on page 4 undefined on inpu
t line 65.


Package natbib Warning: Citation `Humphries2016' on page 4 undefined on input l
ine 66.


Package natbib Warning: Citation `C413' on page 4 undefined on input line 79.


LaTeX Warning: Reference `thm:main' on page 4 undefined on input line 83.

) (./sections/3_escape_descent.tex [4]

LaTeX Warning: Reference `eq:E' on page 5 undefined on input line 73.


LaTeX Warning: Reference `lem:cone' on page 5 undefined on input line 109.


LaTeX Warning: Reference `lem:descent' on page 5 undefined on input line 111.


LaTeX Warning: Reference `lem:exit' on page 5 undefined on input line 113.


LaTeX Warning: Reference `eq:inverses' on page 5 undefined on input line 117.

) (./sections/4_locus.tex

LaTeX Warning: Reference `cor:periodicsmall' on page 5 undefined on input line 
8.

[5]

LaTeX Warning: Reference `lem:exit' on page 6 undefined on input line 35.


LaTeX Warning: Reference `eq:rotations' on page 6 undefined on input line 48.


LaTeX Warning: Reference `tab:realize' on page 6 undefined on input line 55.

(./tables/realize.tex

LaTeX Warning: Reference `eq:lineword' on page 6 undefined on input line 14.

)

LaTeX Warning: Reference `eq:E' on page 6 undefined on input line 71.

[6]

LaTeX Warning: Reference `prop:cover' on page 7 undefined on input line 76.


LaTeX Warning: Reference `prop:realize' on page 7 undefined on input line 76.


LaTeX Warning: Reference `cor:periodicsmall' on page 7 undefined on input line 
77.


LaTeX Warning: Reference `thm:main' on page 7 undefined on input line 78.

) (./sections/5_levels.tex

LaTeX Warning: Reference `tab:forms' on page 7 undefined on input line 21.


LaTeX Warning: Reference `tab:forms' on page 7 undefined on input line 39.


LaTeX Warning: Reference `tab:low' on page 7 undefined on input line 63.

[7]

LaTeX Warning: Reference `eq:axisform' on page 8 undefined on input line 103.


LaTeX Warning: Reference `eq:root' on page 8 undefined on input line 103.

) (./sections/6_classifier.tex

LaTeX Warning: Reference `eq:matrices' on page 8 undefined on input line 21.


LaTeX Warning: Reference `eq:Tw' on page 8 undefined on input line 22.


LaTeX Warning: Reference `eq:matrices' on page 8 undefined on input line 23.


LaTeX Warning: Reference `eq:Tw' on page 8 undefined on input line 31.


LaTeX Warning: Reference `eq:root' on page 8 undefined on input line 43.

[8]

LaTeX Warning: Reference `prop:classifier' on page 9 undefined on input line 62
.

) (./sections/7_two_sided.tex

LaTeX Warning: Reference `lem:cone' on page 9 undefined on input line 11.


LaTeX Warning: Reference `lem:descent' on page 9 undefined on input line 17.


LaTeX Warning: Reference `lem:exit' on page 9 undefined on input line 17.


LaTeX Warning: Reference `cor:periodicsmall' on page 9 undefined on input line 
22.


LaTeX Warning: Reference `prop:cover' on page 9 undefined on input line 25.

[9]

LaTeX Warning: Reference `prop:forward' on page 10 undefined on input line 62.


LaTeX Warning: Reference `eq:inverseword' on page 10 undefined on input line 71
.


LaTeX Warning: Reference `thm:main' on page 10 undefined on input line 77.

) (./sections/8_scope.tex

LaTeX Warning: Reference `eq:zeta' on page 10 undefined on input line 35.

[10])
No file main.bbl.

Package natbib Warning: There were undefined citations.

[11] (builds/final2/main.aux)

LaTeX Warning: There were undefined references.


LaTeX Warning: Label(s) may have changed. Rerun to get cross-references right.


Package rerunfilecheck Warning: File `main.out' has changed.
(rerunfilecheck)                Rerun to get outlines right
(rerunfilecheck)                or use package `bookmark'.

 ){/usr/share/texmf/fonts/enc/dvips/lm/lm-mathit.enc}{/usr/share/texmf/fonts/en
c/dvips/lm/lm-rm.enc}{/usr/share/texmf/fonts/enc/dvips/lm/lm-mathsy.enc}{/usr/s
hare/texmf/fonts/enc/dvips/lm/lm-mathex.enc}{/usr/share/texmf/fonts/enc/dvips/l
m/lm-ec.enc}</usr/share/texmf/fonts/type1/public/lm/lmbx10.pfb></usr/share/texm
f/fonts/type1/public/lm/lmbx12.pfb></usr/share/texmf/fonts/type1/public/lm/lmex
10.pfb></usr/share/texmf/fonts/type1/public/lm/lmmi10.pfb></usr/share/texmf/fon
ts/type1/public/lm/lmmi6.pfb></usr/share/texmf/fonts/type1/public/lm/lmmi7.pfb>
</usr/share/texmf/fonts/type1/public/lm/lmmi8.pfb></usr/share/texmf/fonts/type1
/public/lm/lmr10.pfb></usr/share/texmf/fonts/type1/public/lm/lmr12.pfb></usr/sh
are/texmf/fonts/type1/public/lm/lmr17.pfb></usr/share/texmf/fonts/type1/public/
lm/lmr6.pfb></usr/share/texmf/fonts/type1/public/lm/lmr7.pfb></usr/share/texmf/
fonts/type1/public/lm/lmr8.pfb></usr/share/texmf/fonts/type1/public/lm/lmri10.p
fb></usr/share/texmf/fonts/type1/public/lm/lmsy10.pfb></usr/share/texmf/fonts/t
ype1/public/lm/lmsy8.pfb></usr/share/texlive/texmf-dist/fonts/type1/public/amsf
onts/symbols/msbm10.pfb>
Output written on builds/final2/main.pdf (11 pages, 313127 bytes).
Transcript written on builds/final2/main.log.
Latexmk: Missing bbl file 'builds/final2/main.bbl' in following:
 No file main.bbl.
Latexmk: References changed.
Latexmk: References changed.
Latexmk: Log file says output to 'builds/final2/main.pdf'
Latexmk: List of undefined refs and citations:
  Citation `C413' on page 2 undefined on input line 91
  Citation `C413' on page 4 undefined on input line 79
  Citation `CantatLoray2009' on page 2 undefined on input line 84
  Citation `GhoshSarnak2022' on page 2 undefined on input line 86
  Citation `Humphries2016' on page 2 undefined on input line 85
  Citation `Humphries2016' on page 4 undefined on input line 66
  Citation `Roberts1996' on page 2 undefined on input line 80
  Citation `RobertsBaake1994' on page 2 undefined on input line 76
  Citation `RobertsBaake1994' on page 4 undefined on input line 65
  Citation `SasakiYoshida2008' on page 2 undefined on input line 78
  Citation `SasakiYoshida2008' on page 3 undefined on input line 29
  Reference `cor:periodicsmall' on page 5 undefined on input line 8
  Reference `cor:periodicsmall' on page 7 undefined on input line 77
  Reference `cor:periodicsmall' on page 9 undefined on input line 22
  Reference `eq:E' on page 5 undefined on input line 73
  Reference `eq:E' on page 6 undefined on input line 71
  Reference `eq:Tw' on page 8 undefined on input line 22
  Reference `eq:Tw' on page 8 undefined on input line 31
  Reference `eq:axisform' on page 8 undefined on input line 103
  Reference `eq:inverses' on page 5 undefined on input line 117
  Reference `eq:inverseword' on page 10 undefined on input line 71
  Reference `eq:lineword' on page 6 undefined on input line 14
  Reference `eq:locus' on page 3 undefined on input line 40
  Reference `eq:maps' on page 2 undefined on input line 43
  Reference `eq:matrices' on page 8 undefined on input line 21
  Reference `eq:matrices' on page 8 undefined on input line 23
  Reference `eq:root' on page 8 undefined on input line 103
  Reference `eq:root' on page 8 undefined on input line 43
  Reference `eq:rotations' on page 6 undefined on input line 48
  Reference `eq:zeta' on page 10 undefined on input line 35
  Reference `lem:cone' on page 5 undefined on input line 109
  Reference `lem:cone' on page 9 undefined on input line 11
  Reference `lem:descent' on page 5 undefined on input line 111
  Reference `lem:descent' on page 9 undefined on input line 17
  Reference `lem:exit' on page 5 undefined on input line 113
  Reference `lem:exit' on page 6 undefined on input line 35
  Reference `lem:exit' on page 9 undefined on input line 17
  Reference `prop:classifier' on page 9 undefined on input line 62
  Reference `prop:cover' on page 7 undefined on input line 76
  Reference `prop:cover' on page 9 undefined on input line 25
  Reference `prop:forward' on page 10 undefined on input line 62
  Reference `prop:realize' on page 7 undefined on input line 76
  Reference `sec:classifier' on page 2 undefined on input line 58
  Reference `sec:escape' on page 2 undefined on input line 98
  Reference `sec:levels' on page 2 undefined on input line 100
  Reference `sec:locus' on page 2 undefined on input line 99
  Reference `sec:locus' on page 3 undefined on input line 52
  Reference `sec:separators' on page 2 undefined on input line 89
  Reference `sec:twosided' on page 2 undefined on input line 101
  Reference `tab:forms' on page 7 undefined on input line 21
  Reference `tab:forms' on page 7 undefined on input line 39
  Reference `tab:low' on page 7 undefined on input line 63
  Reference `tab:realize' on page 6 undefined on input line 55
  Reference `thm:main' on page 10 undefined on input line 77
  Reference `thm:main' on page 4 undefined on input line 83
  Reference `thm:main' on page 7 undefined on input line 78
Latexmk: Examining 'builds/final2/main.log'
=== TeX engine is 'pdfTeX'
Latexmk: Found bibliography file(s) [references.bib]
Rule 'bibtex builds/final2/main': File changes, etc:
   Changed files, or newly in use since previous run(s):
      'builds/final2/main.aux'
------------
Run number 1 of rule 'bibtex builds/final2/main'
------------
Latexmk: applying rule 'bibtex builds/final2/main'...
------------
Running 'bibtex  "main.aux"'
------------
Latexmk: Change directory to 'builds/final2/'.
To assist finding of files in document
directory, I set
  BIBINPUTS='/root/autodl-tmp/hilbert-polya-structure/henon_dynamics/research_c419_c423/papers/C419_positive_trace_words:builds/final2:'
  BSTINPUTS='/root/autodl-tmp/hilbert-polya-structure/henon_dynamics/research_c419_c423/papers/C419_positive_trace_words:'.
This is BibTeX, Version 0.99d (TeX Live 2022/dev/Debian)
The top-level auxiliary file: main.aux
The style file: plainnat.bst
Database file #1: references.bib
Rule 'pdflatex': File changes, etc:
   Changed files, or newly in use since previous run(s):
      'builds/final2/main.aux'
      'builds/final2/main.bbl'
      'builds/final2/main.out'
------------
Run number 2 of rule 'pdflatex'
------------
------------
Running 'pdflatex  -interaction=nonstopmode -halt-on-error -file-line-error -recorder --jobname="main" -output-directory="builds/final2"  "\pdftrailerid{}\input{main.tex}"'
------------
Latexmk: Change directory back to '/root/autodl-tmp/hilbert-polya-structure/henon_dynamics/research_c419_c423/papers/C419_positive_trace_words'
Latexmk: applying rule 'pdflatex'...
This is pdfTeX, Version 3.141592653-2.6-1.40.22 (TeX Live 2022/dev/Debian) (preloaded format=pdflatex)
 restricted \write18 enabled.
entering extended mode
LaTeX2e <2021-11-15> patch level 1
L3 programming layer <2022-01-21> (./main.tex
(/usr/share/texlive/texmf-dist/tex/latex/base/article.cls
Document Class: article 2021/10/04 v1.4n Standard LaTeX document class
(/usr/share/texlive/texmf-dist/tex/latex/base/size11.clo))
(/usr/share/texlive/texmf-dist/tex/latex/geometry/geometry.sty
(/usr/share/texlive/texmf-dist/tex/latex/graphics/keyval.sty)
(/usr/share/texlive/texmf-dist/tex/generic/iftex/ifvtex.sty
(/usr/share/texlive/texmf-dist/tex/generic/iftex/iftex.sty)))
(/usr/share/texlive/texmf-dist/tex/latex/base/fontenc.sty)
(/usr/share/texmf/tex/latex/lm/lmodern.sty)
(/usr/share/texlive/texmf-dist/tex/latex/amsmath/amsmath.sty
For additional information on amsmath, use the `?' option.
(/usr/share/texlive/texmf-dist/tex/latex/amsmath/amstext.sty
(/usr/share/texlive/texmf-dist/tex/latex/amsmath/amsgen.sty))
(/usr/share/texlive/texmf-dist/tex/latex/amsmath/amsbsy.sty)
(/usr/share/texlive/texmf-dist/tex/latex/amsmath/amsopn.sty))
(/usr/share/texlive/texmf-dist/tex/latex/amsfonts/amssymb.sty
(/usr/share/texlive/texmf-dist/tex/latex/amsfonts/amsfonts.sty))
(/usr/share/texlive/texmf-dist/tex/latex/amscls/amsthm.sty)
(/usr/share/texlive/texmf-dist/tex/latex/mathtools/mathtools.sty
(/usr/share/texlive/texmf-dist/tex/latex/tools/calc.sty)
(/usr/share/texlive/texmf-dist/tex/latex/mathtools/mhsetup.sty))
(/usr/share/texlive/texmf-dist/tex/latex/booktabs/booktabs.sty)
(/usr/share/texlive/texmf-dist/tex/latex/tools/array.sty)
(/usr/share/texlive/texmf-dist/tex/latex/natbib/natbib.sty)
(/usr/share/texlive/texmf-dist/tex/latex/microtype/microtype.sty
(/usr/share/texlive/texmf-dist/tex/latex/etoolbox/etoolbox.sty)
(/usr/share/texlive/texmf-dist/tex/latex/microtype/microtype-pdftex.def)
(/usr/share/texlive/texmf-dist/tex/latex/microtype/microtype.cfg))
(/usr/share/texlive/texmf-dist/tex/latex/hyperref/hyperref.sty
(/usr/share/texlive/texmf-dist/tex/generic/ltxcmds/ltxcmds.sty)
(/usr/share/texlive/texmf-dist/tex/generic/pdftexcmds/pdftexcmds.sty
(/usr/share/texlive/texmf-dist/tex/generic/infwarerr/infwarerr.sty))
(/usr/share/texlive/texmf-dist/tex/generic/kvsetkeys/kvsetkeys.sty)
(/usr/share/texlive/texmf-dist/tex/generic/kvdefinekeys/kvdefinekeys.sty)
(/usr/share/texlive/texmf-dist/tex/generic/pdfescape/pdfescape.sty)
(/usr/share/texlive/texmf-dist/tex/latex/hycolor/hycolor.sty)
(/usr/share/texlive/texmf-dist/tex/latex/letltxmacro/letltxmacro.sty)
(/usr/share/texlive/texmf-dist/tex/latex/auxhook/auxhook.sty)
(/usr/share/texlive/texmf-dist/tex/latex/kvoptions/kvoptions.sty)
(/usr/share/texlive/texmf-dist/tex/latex/hyperref/pd1enc.def)
(/usr/share/texlive/texmf-dist/tex/latex/hyperref/hyperref-langpatches.def)
(/usr/share/texlive/texmf-dist/tex/generic/intcalc/intcalc.sty)
(/usr/share/texlive/texmf-dist/tex/generic/etexcmds/etexcmds.sty)
(/usr/share/texlive/texmf-dist/tex/latex/hyperref/puenc.def)
(/usr/share/texlive/texmf-dist/tex/latex/url/url.sty)
(/usr/share/texlive/texmf-dist/tex/generic/bitset/bitset.sty
(/usr/share/texlive/texmf-dist/tex/generic/bigintcalc/bigintcalc.sty))
(/usr/share/texlive/texmf-dist/tex/latex/base/atbegshi-ltx.sty))
(/usr/share/texlive/texmf-dist/tex/latex/hyperref/hpdftex.def
(/usr/share/texlive/texmf-dist/tex/latex/base/atveryend-ltx.sty)
(/usr/share/texlive/texmf-dist/tex/latex/rerunfilecheck/rerunfilecheck.sty
(/usr/share/texlive/texmf-dist/tex/generic/uniquecounter/uniquecounter.sty)))
(./math_commands.tex) (/usr/share/texmf/tex/latex/lm/t1lmr.fd)
(/usr/share/texlive/texmf-dist/tex/latex/l3backend/l3backend-pdftex.def)
(builds/final2/main.aux)
*geometry* driver: auto-detecting
*geometry* detected driver: pdftex
(/usr/share/texlive/texmf-dist/tex/latex/graphics/graphicx.sty
(/usr/share/texlive/texmf-dist/tex/latex/graphics/graphics.sty
(/usr/share/texlive/texmf-dist/tex/latex/graphics/trig.sty)
(/usr/share/texlive/texmf-dist/tex/latex/graphics-cfg/graphics.cfg)
(/usr/share/texlive/texmf-dist/tex/latex/graphics-def/pdftex.def
(/usr/share/texlive/texmf-dist/tex/context/base/mkii/supp-pdf.mkii
[Loading MPS to PDF converter (version 2006.09.02).]
))) (/usr/share/texlive/texmf-dist/tex/latex/epstopdf-pkg/epstopdf-base.sty
(/usr/share/texlive/texmf-dist/tex/latex/latexconfig/epstopdf-sys.cfg)))
(/usr/share/texlive/texmf-dist/tex/latex/microtype/mt-cmr.cfg)
(/usr/share/texlive/texmf-dist/tex/latex/graphics/color.sty
(/usr/share/texlive/texmf-dist/tex/latex/graphics-cfg/color.cfg))
(/usr/share/texlive/texmf-dist/tex/latex/hyperref/nameref.sty
(/usr/share/texlive/texmf-dist/tex/latex/refcount/refcount.sty)
(/usr/share/texlive/texmf-dist/tex/generic/gettitlestring/gettitlestring.sty))
(builds/final2/main.out) (builds/final2/main.out)
(/usr/share/texmf/tex/latex/lm/ot1lmr.fd)
(/usr/share/texmf/tex/latex/lm/omllmm.fd)
(/usr/share/texmf/tex/latex/lm/omslmsy.fd)
(/usr/share/texmf/tex/latex/lm/omxlmex.fd)
(/usr/share/texlive/texmf-dist/tex/latex/amsfonts/umsa.fd)
(/usr/share/texlive/texmf-dist/tex/latex/microtype/mt-msa.cfg)
(/usr/share/texlive/texmf-dist/tex/latex/amsfonts/umsb.fd)
(/usr/share/texlive/texmf-dist/tex/latex/microtype/mt-msb.cfg)
(./sections/0_abstract.tex) (./sections/1_introduction.tex [1{/var/lib/texmf/fo
nts/map/pdftex/updmap/pdftex.map}]

Package natbib Warning: Citation `RobertsBaake1994' on page 2 undefined on inpu
t line 76.


Package natbib Warning: Citation `SasakiYoshida2008' on page 2 undefined on inp
ut line 78.


Package natbib Warning: Citation `Roberts1996' on page 2 undefined on input lin
e 80.


Package natbib Warning: Citation `CantatLoray2009' on page 2 undefined on input
 line 84.


Package natbib Warning: Citation `Humphries2016' on page 2 undefined on input l
ine 85.


Package natbib Warning: Citation `GhoshSarnak2022' on page 2 undefined on input
 line 86.


Package natbib Warning: Citation `C413' on page 2 undefined on input line 91.

(./tables/source_scope.tex)) (./sections/2_conventions.tex [2]

Package natbib Warning: Citation `SasakiYoshida2008' on page 3 undefined on inp
ut line 29.

[3]

Package natbib Warning: Citation `RobertsBaake1994' on page 4 undefined on inpu
t line 65.


Package natbib Warning: Citation `Humphries2016' on page 4 undefined on input l
ine 66.


Package natbib Warning: Citation `C413' on page 4 undefined on input line 79.

) (./sections/3_escape_descent.tex [4]) (./sections/4_locus.tex [5]
(./tables/realize.tex) [6]) (./sections/5_levels.tex [7])
(./sections/6_classifier.tex [8]) (./sections/7_two_sided.tex [9])
(./sections/8_scope.tex [10]) (builds/final2/main.bbl
(/usr/share/texmf/tex/latex/lm/t1lmtt.fd))

Package natbib Warning: There were undefined citations.

[11] (builds/final2/main.aux

Package natbib Warning: Citation(s) may have changed.
(natbib)                Rerun to get citations correct.

) ){/usr/share/texmf/fonts/enc/dvips/lm/lm-ec.enc}{/usr/share/texmf/fonts/enc/d
vips/lm/lm-mathit.enc}{/usr/share/texmf/fonts/enc/dvips/lm/lm-rm.enc}{/usr/shar
e/texmf/fonts/enc/dvips/lm/lm-mathsy.enc}{/usr/share/texmf/fonts/enc/dvips/lm/l
m-mathex.enc}</usr/share/texmf/fonts/type1/public/lm/lmbx10.pfb></usr/share/tex
mf/fonts/type1/public/lm/lmbx12.pfb></usr/share/texmf/fonts/type1/public/lm/lme
x10.pfb></usr/share/texmf/fonts/type1/public/lm/lmmi10.pfb></usr/share/texmf/fo
nts/type1/public/lm/lmmi6.pfb></usr/share/texmf/fonts/type1/public/lm/lmmi7.pfb
></usr/share/texmf/fonts/type1/public/lm/lmmi8.pfb></usr/share/texmf/fonts/type
1/public/lm/lmr10.pfb></usr/share/texmf/fonts/type1/public/lm/lmr12.pfb></usr/s
hare/texmf/fonts/type1/public/lm/lmr17.pfb></usr/share/texmf/fonts/type1/public
/lm/lmr6.pfb></usr/share/texmf/fonts/type1/public/lm/lmr7.pfb></usr/share/texmf
/fonts/type1/public/lm/lmr8.pfb></usr/share/texmf/fonts/type1/public/lm/lmri10.
pfb></usr/share/texmf/fonts/type1/public/lm/lmsy10.pfb></usr/share/texmf/fonts/
type1/public/lm/lmsy8.pfb></usr/share/texmf/fonts/type1/public/lm/lmtt10.pfb></
usr/share/texlive/texmf-dist/fonts/type1/public/amsfonts/symbols/msbm10.pfb>
Output written on builds/final2/main.pdf (11 pages, 346038 bytes).
Transcript written on builds/final2/main.log.
Latexmk: Found input bbl file 'builds/final2/main.bbl'
Latexmk: References changed.
Latexmk: Log file says output to 'builds/final2/main.pdf'
Latexmk: List of undefined refs and citations:
  Citation `C413' on page 2 undefined on input line 91
  Citation `C413' on page 4 undefined on input line 79
  Citation `CantatLoray2009' on page 2 undefined on input line 84
  Citation `GhoshSarnak2022' on page 2 undefined on input line 86
  Citation `Humphries2016' on page 2 undefined on input line 85
  Citation `Humphries2016' on page 4 undefined on input line 66
  Citation `Roberts1996' on page 2 undefined on input line 80
  Citation `RobertsBaake1994' on page 2 undefined on input line 76
  Citation `RobertsBaake1994' on page 4 undefined on input line 65
  Citation `SasakiYoshida2008' on page 2 undefined on input line 78
  Citation `SasakiYoshida2008' on page 3 undefined on input line 29
Latexmk: Examining 'builds/final2/main.log'
=== TeX engine is 'pdfTeX'
Latexmk: Found bibliography file(s) [references.bib]
Rule 'bibtex builds/final2/main': File changes, etc:
   Changed files, or newly in use since previous run(s):
      'builds/final2/main.aux'
------------
Run number 2 of rule 'bibtex builds/final2/main'
------------
Latexmk: applying rule 'bibtex builds/final2/main'...
------------
Running 'bibtex  "main.aux"'
------------
Latexmk: Change directory to 'builds/final2/'.
To assist finding of files in document
directory, I set
  BIBINPUTS='/root/autodl-tmp/hilbert-polya-structure/henon_dynamics/research_c419_c423/papers/C419_positive_trace_words:builds/final2:'
  BSTINPUTS='/root/autodl-tmp/hilbert-polya-structure/henon_dynamics/research_c419_c423/papers/C419_positive_trace_words:'.
This is BibTeX, Version 0.99d (TeX Live 2022/dev/Debian)
The top-level auxiliary file: main.aux
The style file: plainnat.bst
Database file #1: references.bib
Rule 'pdflatex': File changes, etc:
   Changed files, or newly in use since previous run(s):
      'builds/final2/main.aux'
------------
Run number 3 of rule 'pdflatex'
------------
------------
Running 'pdflatex  -interaction=nonstopmode -halt-on-error -file-line-error -recorder --jobname="main" -output-directory="builds/final2"  "\pdftrailerid{}\input{main.tex}"'
------------
Latexmk: Change directory back to '/root/autodl-tmp/hilbert-polya-structure/henon_dynamics/research_c419_c423/papers/C419_positive_trace_words'
Latexmk: applying rule 'pdflatex'...
This is pdfTeX, Version 3.141592653-2.6-1.40.22 (TeX Live 2022/dev/Debian) (preloaded format=pdflatex)
 restricted \write18 enabled.
entering extended mode
LaTeX2e <2021-11-15> patch level 1
L3 programming layer <2022-01-21> (./main.tex
(/usr/share/texlive/texmf-dist/tex/latex/base/article.cls
Document Class: article 2021/10/04 v1.4n Standard LaTeX document class
(/usr/share/texlive/texmf-dist/tex/latex/base/size11.clo))
(/usr/share/texlive/texmf-dist/tex/latex/geometry/geometry.sty
(/usr/share/texlive/texmf-dist/tex/latex/graphics/keyval.sty)
(/usr/share/texlive/texmf-dist/tex/generic/iftex/ifvtex.sty
(/usr/share/texlive/texmf-dist/tex/generic/iftex/iftex.sty)))
(/usr/share/texlive/texmf-dist/tex/latex/base/fontenc.sty)
(/usr/share/texmf/tex/latex/lm/lmodern.sty)
(/usr/share/texlive/texmf-dist/tex/latex/amsmath/amsmath.sty
For additional information on amsmath, use the `?' option.
(/usr/share/texlive/texmf-dist/tex/latex/amsmath/amstext.sty
(/usr/share/texlive/texmf-dist/tex/latex/amsmath/amsgen.sty))
(/usr/share/texlive/texmf-dist/tex/latex/amsmath/amsbsy.sty)
(/usr/share/texlive/texmf-dist/tex/latex/amsmath/amsopn.sty))
(/usr/share/texlive/texmf-dist/tex/latex/amsfonts/amssymb.sty
(/usr/share/texlive/texmf-dist/tex/latex/amsfonts/amsfonts.sty))
(/usr/share/texlive/texmf-dist/tex/latex/amscls/amsthm.sty)
(/usr/share/texlive/texmf-dist/tex/latex/mathtools/mathtools.sty
(/usr/share/texlive/texmf-dist/tex/latex/tools/calc.sty)
(/usr/share/texlive/texmf-dist/tex/latex/mathtools/mhsetup.sty))
(/usr/share/texlive/texmf-dist/tex/latex/booktabs/booktabs.sty)
(/usr/share/texlive/texmf-dist/tex/latex/tools/array.sty)
(/usr/share/texlive/texmf-dist/tex/latex/natbib/natbib.sty)
(/usr/share/texlive/texmf-dist/tex/latex/microtype/microtype.sty
(/usr/share/texlive/texmf-dist/tex/latex/etoolbox/etoolbox.sty)
(/usr/share/texlive/texmf-dist/tex/latex/microtype/microtype-pdftex.def)
(/usr/share/texlive/texmf-dist/tex/latex/microtype/microtype.cfg))
(/usr/share/texlive/texmf-dist/tex/latex/hyperref/hyperref.sty
(/usr/share/texlive/texmf-dist/tex/generic/ltxcmds/ltxcmds.sty)
(/usr/share/texlive/texmf-dist/tex/generic/pdftexcmds/pdftexcmds.sty
(/usr/share/texlive/texmf-dist/tex/generic/infwarerr/infwarerr.sty))
(/usr/share/texlive/texmf-dist/tex/generic/kvsetkeys/kvsetkeys.sty)
(/usr/share/texlive/texmf-dist/tex/generic/kvdefinekeys/kvdefinekeys.sty)
(/usr/share/texlive/texmf-dist/tex/generic/pdfescape/pdfescape.sty)
(/usr/share/texlive/texmf-dist/tex/latex/hycolor/hycolor.sty)
(/usr/share/texlive/texmf-dist/tex/latex/letltxmacro/letltxmacro.sty)
(/usr/share/texlive/texmf-dist/tex/latex/auxhook/auxhook.sty)
(/usr/share/texlive/texmf-dist/tex/latex/kvoptions/kvoptions.sty)
(/usr/share/texlive/texmf-dist/tex/latex/hyperref/pd1enc.def)
(/usr/share/texlive/texmf-dist/tex/latex/hyperref/hyperref-langpatches.def)
(/usr/share/texlive/texmf-dist/tex/generic/intcalc/intcalc.sty)
(/usr/share/texlive/texmf-dist/tex/generic/etexcmds/etexcmds.sty)
(/usr/share/texlive/texmf-dist/tex/latex/hyperref/puenc.def)
(/usr/share/texlive/texmf-dist/tex/latex/url/url.sty)
(/usr/share/texlive/texmf-dist/tex/generic/bitset/bitset.sty
(/usr/share/texlive/texmf-dist/tex/generic/bigintcalc/bigintcalc.sty))
(/usr/share/texlive/texmf-dist/tex/latex/base/atbegshi-ltx.sty))
(/usr/share/texlive/texmf-dist/tex/latex/hyperref/hpdftex.def
(/usr/share/texlive/texmf-dist/tex/latex/base/atveryend-ltx.sty)
(/usr/share/texlive/texmf-dist/tex/latex/rerunfilecheck/rerunfilecheck.sty
(/usr/share/texlive/texmf-dist/tex/generic/uniquecounter/uniquecounter.sty)))
(./math_commands.tex) (/usr/share/texmf/tex/latex/lm/t1lmr.fd)
(/usr/share/texlive/texmf-dist/tex/latex/l3backend/l3backend-pdftex.def)
(builds/final2/main.aux)
*geometry* driver: auto-detecting
*geometry* detected driver: pdftex
(/usr/share/texlive/texmf-dist/tex/latex/graphics/graphicx.sty
(/usr/share/texlive/texmf-dist/tex/latex/graphics/graphics.sty
(/usr/share/texlive/texmf-dist/tex/latex/graphics/trig.sty)
(/usr/share/texlive/texmf-dist/tex/latex/graphics-cfg/graphics.cfg)
(/usr/share/texlive/texmf-dist/tex/latex/graphics-def/pdftex.def
(/usr/share/texlive/texmf-dist/tex/context/base/mkii/supp-pdf.mkii
[Loading MPS to PDF converter (version 2006.09.02).]
))) (/usr/share/texlive/texmf-dist/tex/latex/epstopdf-pkg/epstopdf-base.sty
(/usr/share/texlive/texmf-dist/tex/latex/latexconfig/epstopdf-sys.cfg)))
(/usr/share/texlive/texmf-dist/tex/latex/microtype/mt-cmr.cfg)
(/usr/share/texlive/texmf-dist/tex/latex/graphics/color.sty
(/usr/share/texlive/texmf-dist/tex/latex/graphics-cfg/color.cfg))
(/usr/share/texlive/texmf-dist/tex/latex/hyperref/nameref.sty
(/usr/share/texlive/texmf-dist/tex/latex/refcount/refcount.sty)
(/usr/share/texlive/texmf-dist/tex/generic/gettitlestring/gettitlestring.sty))
(builds/final2/main.out) (builds/final2/main.out)
(/usr/share/texmf/tex/latex/lm/ot1lmr.fd)
(/usr/share/texmf/tex/latex/lm/omllmm.fd)
(/usr/share/texmf/tex/latex/lm/omslmsy.fd)
(/usr/share/texmf/tex/latex/lm/omxlmex.fd)
(/usr/share/texlive/texmf-dist/tex/latex/amsfonts/umsa.fd)
(/usr/share/texlive/texmf-dist/tex/latex/microtype/mt-msa.cfg)
(/usr/share/texlive/texmf-dist/tex/latex/amsfonts/umsb.fd)
(/usr/share/texlive/texmf-dist/tex/latex/microtype/mt-msb.cfg)
(./sections/0_abstract.tex) (./sections/1_introduction.tex [1{/var/lib/texmf/fo
nts/map/pdftex/updmap/pdftex.map}] (./tables/source_scope.tex))
(./sections/2_conventions.tex [2] [3]) (./sections/3_escape_descent.tex
[4]) (./sections/4_locus.tex [5] (./tables/realize.tex) [6])
(./sections/5_levels.tex [7]) (./sections/6_classifier.tex [8])
(./sections/7_two_sided.tex [9]) (./sections/8_scope.tex [10])
(builds/final2/main.bbl (/usr/share/texmf/tex/latex/lm/t1lmtt.fd)) [11]
(builds/final2/main.aux) ){/usr/share/texmf/fonts/enc/dvips/lm/lm-ec.enc}{/usr/
share/texmf/fonts/enc/dvips/lm/lm-mathit.enc}{/usr/share/texmf/fonts/enc/dvips/
lm/lm-rm.enc}{/usr/share/texmf/fonts/enc/dvips/lm/lm-mathsy.enc}{/usr/share/tex
mf/fonts/enc/dvips/lm/lm-mathex.enc}</usr/share/texmf/fonts/type1/public/lm/lmb
x10.pfb></usr/share/texmf/fonts/type1/public/lm/lmbx12.pfb></usr/share/texmf/fo
nts/type1/public/lm/lmex10.pfb></usr/share/texmf/fonts/type1/public/lm/lmmi10.p
fb></usr/share/texmf/fonts/type1/public/lm/lmmi6.pfb></usr/share/texmf/fonts/ty
pe1/public/lm/lmmi7.pfb></usr/share/texmf/fonts/type1/public/lm/lmmi8.pfb></usr
/share/texmf/fonts/type1/public/lm/lmr10.pfb></usr/share/texmf/fonts/type1/publ
ic/lm/lmr12.pfb></usr/share/texmf/fonts/type1/public/lm/lmr17.pfb></usr/share/t
exmf/fonts/type1/public/lm/lmr6.pfb></usr/share/texmf/fonts/type1/public/lm/lmr
7.pfb></usr/share/texmf/fonts/type1/public/lm/lmr8.pfb></usr/share/texmf/fonts/
type1/public/lm/lmri10.pfb></usr/share/texmf/fonts/type1/public/lm/lmsy10.pfb><
/usr/share/texmf/fonts/type1/public/lm/lmsy8.pfb></usr/share/texmf/fonts/type1/
public/lm/lmtt10.pfb></usr/share/texlive/texmf-dist/fonts/type1/public/amsfonts
/symbols/msbm10.pfb>
Output written on builds/final2/main.pdf (11 pages, 346075 bytes).
Transcript written on builds/final2/main.log.
Latexmk: Found input bbl file 'builds/final2/main.bbl'
Latexmk: Log file says output to 'builds/final2/main.pdf'
Latexmk: Examining 'builds/final2/main.log'
=== TeX engine is 'pdfTeX'
Latexmk: Found bibliography file(s) [references.bib]
Latexmk: All targets (builds/final2/main.pdf) are up-to-date
