AST reuse_key_selectors.py 23 nodes 1134
AST four_build_key_selectors.py 17 nodes 752
AST strict_key_selectors.py 12 nodes 281
AST four_completed.py 54 nodes 7262
P205 origin_roles 0
P207 origin_roles 71
P208 origin_roles 230
P209 origin_roles 131
ERROR_COUNT 3
[
  [
    "unbound_origin",
    "P208",
    "/root/autodl-tmp/symbolic_dynamics/docs/papers204_208_sequence/reviews/p208_b/history_context/snapshots/docs/papers204_208_sequence/scouting/algebra/CS_GATE/CANDIDATE_GATE.md"
  ],
  [
    "unbound_origin",
    "P208",
    "/root/autodl-tmp/symbolic_dynamics/docs/papers204_208_sequence/reviews/p208_b/delta/history_inputs/docs/papers204_208_sequence/scouting/word_local/CRC_PROOF_SPIKE.md"
  ],
  [
    "unbound_origin",
    "P208",
    "/root/autodl-tmp/symbolic_dynamics/docs/papers204_208_sequence/reviews/p208_b/delta/history_inputs/docs/papers204_208_sequence/scouting/algebra/CS_GATE/CANDIDATE_GATE.md"
  ]
]
