odd-component complement layer verifier: PASS
assertions=203244
connected [1, 1, 1, 4, 38, 728, 26704]
coconnected_odd [0, 1, 0, 0, 0, 432, 0]
fixed [1, 1, 2, 4, 48, 216, 27920]
literal_fixed [1, 1, 2, 4, 48, 216, 27920]
literal_recurrent [1, 1, 2, 4, 48, 648, 30512]
n states depth_hist period_hist
0 1 {0: 1} {1: 1}
1 1 {0: 1} {1: 1}
2 2 {0: 2} {1: 2}
3 8 {0: 4, 1: 4} {1: 8}
4 64 {0: 48, 1: 16} {1: 64}
5 1024 {0: 648, 1: 296, 2: 80} {1: 592, 2: 432}
6 32768 {0: 30512, 1: 1776, 2: 480} {1: 30176, 2: 2592}
cumulative_by_t
0 [1, 1, 2, 4, 48, 648, 30512]
1 [1, 1, 2, 8, 64, 944, 32288]
2 [1, 1, 2, 8, 64, 1024, 32768]
3 [1, 1, 2, 8, 64, 1024, 32768]
