/root/autodl-tmp/hilbert-polya-structure/docs/papers197_201_sequence/scouting/word_poset_lane/BREADTH_AND_KILL_LEDGER.md:15:| 5 / `C05_TDS` | Across all SYT of size `n`, find the least consecutive values in incomparable cells that are inverted in row-reading order and swap them; fix if none. | `n=10`: 9,496 states, image 6,408, fixed 42, max tail 22, max fibre 5. | Inversion potential on linear extensions; predecessor swaps. | **`KILL_STANDARD_SORTING`.** A deterministic 0-Hecke/bubble-sort path on linear extensions. |
/root/autodl-tmp/hilbert-polya-structure/papers/198-cyclic-monomer-matching/round0_frozen/main.tex:64:target-prefix interval bijection. Internally, hard-core traffic in P90,
/root/autodl-tmp/hilbert-polya-structure/docs/papers197_201_sequence/scouting/second_replacement_20260905/INTAKE.md:47:Explicitly excluded before pilots: OR and its traffic/parking neighbors;
/root/autodl-tmp/hilbert-polya-structure/docs/papers204_208_sequence/scouting/finite_systems_eighteenth/INTAKE.md:26:| D5 | Fix ordered finite alphabet $\Sigma$, symmetric irreflexive independence $J$, and $n\ge0$. On $\Sigma^n$, replace a word by the lexicographically least word obtainable by exchanging adjacent $J$-independent letters. | Trace-monoid canonical section; heap/linear-extension fibre is static. Not a Knuth-rewrite revival. |
/root/autodl-tmp/hilbert-polya-structure/symbolic_dynamics/docs/papers117_121_sequence/scouting/STOCHASTIC_SCOUT.md:260:  chains are background; P90 makes any Rule-184/TASEP reduction fatal.  The
/root/autodl-tmp/hilbert-polya-structure/docs/papers197_201_sequence/scouting/final_seat_tree_lane_20260905/LEDGER.md:41:active scouting lane and were not duplicated. No traffic/CA/parking,
/root/autodl-tmp/hilbert-polya-structure/papers/192-first-collision-hurwitz/main.tex:112:uses first-descent prefix reversal on ordinary permutations.  The present
/root/autodl-tmp/hilbert-polya-structure/papers/198-cyclic-monomer-matching/main.tex:64:target-prefix interval bijection. Internally, hard-core traffic in P90,
/root/autodl-tmp/hilbert-polya-structure/docs/papers204_208_sequence/scouting/finite_systems_sixteenth/PROOF_AND_DISPOSITION.md:23:   KFR is an oriented classical Knuth rewrite with a finite lexical order.
/root/autodl-tmp/hilbert-polya-structure/docs/papers204_208_sequence/scouting/finite_systems_sixteenth/PROOF_AND_DISPOSITION.md:316:Knuth inequalities. Each preserves length and letter multiplicities,
/root/autodl-tmp/hilbert-polya-structure/docs/papers204_208_sequence/scouting/finite_systems_sixteenth/PROOF_AND_DISPOSITION.md:322:The selected Knuth move preserves the insertion tableau by the classical
/root/autodl-tmp/hilbert-polya-structure/docs/papers204_208_sequence/scouting/finite_systems_sixteenth/PROOF_AND_DISPOSITION.md:323:Knuth relation theorem stated in the inspected primary Section 2.3.
/root/autodl-tmp/hilbert-polya-structure/docs/papers204_208_sequence/scouting/finite_systems_sixteenth/PROOF_AND_DISPOSITION.md:330:KILL_ORDERED_KNUTH_REWRITE_SHELL**. No numerical run was made.
/root/autodl-tmp/hilbert-polya-structure/symbolic_dynamics/docs/papers157_161_sequence/scouting/combinatorial/SCOUT.md:54:| 18 | `WBS` | binary words; swap the leftmost `10` to `01` | clock is inversion number | **`KILL_COMPARATOR_RULE184`** |
/root/autodl-tmp/hilbert-polya-structure/symbolic_dynamics/docs/papers157_161_sequence/scouting/combinatorial/SCOUT.md:246:  update.  Prefix-reversal dynamics and open extremal values cannot be claimed
/root/autodl-tmp/hilbert-polya-structure/symbolic_dynamics/docs/papers157_161_sequence/scouting/combinatorial/SCOUT.md:265:  box--ball dynamics; Rule-184/Fredkin traffic interfaces are already occupied.
/root/autodl-tmp/hilbert-polya-structure/symbolic_dynamics/docs/papers157_161_sequence/scouting/combinatorial/SCOUT.md:416:### `WBS` -- leftmost binary bubble sorting
/root/autodl-tmp/hilbert-polya-structure/symbolic_dynamics/docs/papers157_161_sequence/scouting/combinatorial/SCOUT.md:430:  Rule-184 traffic.  Both are permanent intake kills.
/root/autodl-tmp/hilbert-polya-structure/symbolic_dynamics/docs/papers157_161_sequence/scouting/combinatorial/SCOUT.md:431:- **Verdict.** **`KILL_COMPARATOR_RULE184`**.
/root/autodl-tmp/hilbert-polya-structure/symbolic_dynamics/docs/papers157_161_sequence/scouting/stochastic/SCOUT.md:83:| `TAS` | Carrier: a binary word.  Choose a uniform active adjacent inversion `10` and swap it to `01`. | `110100` has clock 8, Ferrers shape `(3,3,2)`, and 42 complete histories. | Clock equals inversion number pathwise. | History count is the standard Young-tableau hook formula for the inversion Ferrers shape. | P82–P83 Fredkin/Rule-184 lane and the permanent hook/linear-extension exclusion. | **`KILL_TASEP_HOOK`** |
/root/autodl-tmp/hilbert-polya-structure/papers/191-prefix-divisibility-cuts/main.tex:94:set-partition token transfer of P169, the permutation prefix reversal of
/root/autodl-tmp/hilbert-polya-structure/symbolic_dynamics/docs/papers112_116_sequence/scouting/COMBINATORIAL_SCOUT.md:105:| C6 | `W(q,N)`; send a word to its longest proper border, or to the empty word when unbordered | orbit is the KMP failure-link chain; depth is failure-tree height | Knuth--Morris--Pratt owns the state transition as a standard algorithm | **KILL DIRECT** |
/root/autodl-tmp/hilbert-polya-structure/papers/196-cyclic-godel-implication/main.tex:84:rule differ from Rule 184 in P90, odd-run reversal in P117, cyclic equality
/root/autodl-tmp/hilbert-polya-structure/papers/197-ternary-cyclic-sign-difference/main.tex:69:P90's traffic rule, P117's run reversal, P187's positive valuation
/root/autodl-tmp/hilbert-polya-structure/papers/188-self-cardinality-truncation/main.tex:71:for Fibonacci numbers \cite{GrahamKnuthPatashnik1994}.  Internally, this rule is neither the
/root/autodl-tmp/hilbert-polya-structure/symbolic_dynamics/docs/papers117_121_sequence/scouting/STOCHASTIC_PHASE2B_SCOUT.md:122:  lower endpoint; the explicit “bubble” smoothing in the pilot realizes the
/root/autodl-tmp/hilbert-polya-structure/symbolic_dynamics/docs/papers117_121_sequence/scouting/ROOT_SCOUT.md:138:  Rule 184, already occupied by P90.
/root/autodl-tmp/hilbert-polya-structure/symbolic_dynamics/docs/papers127_131_sequence/scouting/algebraic/verify_algebraic_scout.py:156:def bubble_sweep(values):
/root/autodl-tmp/hilbert-polya-structure/symbolic_dynamics/docs/papers127_131_sequence/scouting/algebraic/verify_algebraic_scout.py:183:                while bubble_sweep(current) != current:
/root/autodl-tmp/hilbert-polya-structure/symbolic_dynamics/docs/papers127_131_sequence/scouting/algebraic/verify_algebraic_scout.py:184:                    current = bubble_sweep(current)
/root/autodl-tmp/hilbert-polya-structure/symbolic_dynamics/docs/papers127_131_sequence/scouting/algebraic/verify_algebraic_scout.py:186:                    check(depth <= length - 1, "bubble clock exceeded r-1")
/root/autodl-tmp/hilbert-polya-structure/symbolic_dynamics/docs/papers127_131_sequence/scouting/algebraic/verify_algebraic_scout.py:192:                check((bubble_sweep(state) == state)
/root/autodl-tmp/hilbert-polya-structure/symbolic_dynamics/docs/papers127_131_sequence/scouting/algebraic/verify_algebraic_scout.py:201:            check(local_max == length - 1, "sharp bubble clock missing")
/root/autodl-tmp/hilbert-polya-structure/symbolic_dynamics/docs/papers127_131_sequence/scouting/algebraic/verify_algebraic_scout.py:224:    terminal = bubble_sweep(bubble_sweep(witness))
/root/autodl-tmp/hilbert-polya-structure/symbolic_dynamics/docs/papers127_131_sequence/scouting/algebraic/verify_algebraic_scout.py:226:    permuted_terminal = bubble_sweep(bubble_sweep((line_3, line_2, line_1)))
/root/autodl-tmp/hilbert-polya-structure/docs/papers197_201_sequence/scouting/replacement_after_cmm_20260905/SCOUT_DISPOSITIONS.md:30:than hiding it. The source memo deducts this, Rule184, P169's smoothing
/root/autodl-tmp/hilbert-polya-structure/docs/papers197_201_sequence/scouting/replacement_after_cmm_20260905/SCOUT_DISPOSITIONS.md:76:nontransferring inverse axis was found beyond this owned traffic factor
/root/autodl-tmp/hilbert-polya-structure/docs/papers197_201_sequence/scouting/replacement_after_cmm_20260905/SCOUT_DISPOSITIONS.md:77:and phase reconstruction. Disposition: KILL_TRAFFIC_FACTOR_THIN.
/root/autodl-tmp/hilbert-polya-structure/symbolic_dynamics/docs/papers117_121_sequence/scouting/COMBINATORIAL_SCOUT.md:28:| C12 | Topswops prefix reversal | permutations of \([n]\) | famous direct temporal problem with no residual here | **KILL** |
/root/autodl-tmp/hilbert-polya-structure/symbolic_dynamics/docs/papers117_121_sequence/scouting/COMBINATORIAL_SCOUT.md:441:## C12. Topswops prefix reversal
/root/autodl-tmp/hilbert-polya-structure/symbolic_dynamics/docs/papers117_121_sequence/scouting/COMBINATORIAL_SCOUT.md:450:- **Owner subtraction:** Conway's problem, Knuth's reverse search, bounds, and
/root/autodl-tmp/hilbert-polya-structure/symbolic_dynamics/docs/papers117_121_sequence/scouting/COMBINATORIAL_SCOUT.md:453:  of prefix-reversal predecessor trees.
/root/autodl-tmp/hilbert-polya-structure/symbolic_dynamics/docs/papers142_146_sequence/scouting/combinatorial/SCOUT.md:362:| D01 | P126 composition refinement; P90 traffic only at the word-rewrite level; classical Tamari lattice | No literal P1--P141 identity was proved.  D01 uses one leftmost prime-component rotation, linear component clock, primitive recurrent set, and terminal geometric fibres.  Atomic rotation and all Catalan/return enumeration are zero credit; retain only as owner-thin reserve. |
/root/autodl-tmp/hilbert-polya-structure/symbolic_dynamics/docs/papers127_131_sequence/scouting/algebraic/SCOUT.md:378:"bubble sort" lattice meet join paper
/root/autodl-tmp/hilbert-polya-structure/docs/papers204_208_sequence/scouting/finite_systems_sixteenth/INTAKE.md:83:6. **KFR — first lex-increasing Knuth rewrite.** For every $n\ge1$, the
/root/autodl-tmp/hilbert-polya-structure/docs/papers204_208_sequence/scouting/finite_systems_sixteenth/INTAKE.md:85:   Knuth moves $xzy\leftrightarrow zxy$ for $x\le y<z$ and
/root/autodl-tmp/hilbert-polya-structure/docs/papers204_208_sequence/scouting/finite_systems_sixteenth/INTAKE.md:92:   and inverse theorem that survive classical Knuth-equivalence and
/root/autodl-tmp/hilbert-polya-structure/symbolic_dynamics/docs/papers147_151_sequence/scouting/combinatorial/SCOUT.md:32:| `M01` | perfect chord matching; resolve the lexicographically least crossing into a nesting | crossing number is the exact pointwise clock; Catalan endpoints; target basin polynomial `prod [h]_u` | Lam owns the uncrossing poset; Hermite histories own the `q`-product; P130 owns chord/noncrossing target-fibre geometry; the residual is constrained bubble sorting | **KILL_OWNER_THIN** |
/root/autodl-tmp/hilbert-polya-structure/symbolic_dynamics/docs/papers147_151_sequence/scouting/combinatorial/SCOUT.md:136:chord diagram uncrossing bubble sort
/root/autodl-tmp/hilbert-polya-structure/symbolic_dynamics/docs/papers147_151_sequence/scouting/combinatorial/SCOUT.md:163:a constrained bubble sort.  This consumes the putative temporal residual
/root/autodl-tmp/hilbert-polya-structure/symbolic_dynamics/docs/papers162_166_sequence/scouting/open_fresh_p166_round7/IDEA_LEDGER.md:11:binary `21 -> 12` traffic rule already present as `LP1` and occupied by P90.
/root/autodl-tmp/hilbert-polya-structure/symbolic_dynamics/docs/papers152_156_sequence/scouting/combinatorial/SCOUT.md:188:Graham and Chen–Chen own bounded-maxdrop enumeration and its bubble-sort
/root/autodl-tmp/hilbert-polya-structure/docs/papers204_208_sequence/scouting/finite_systems_sixteenth/SCOUT_REPORT.md:30:| KFR: first lex-increasing ternary Knuth triple rewrite | Eight exact oriented rules give generic finite-order termination and pattern-avoidance fixed states; classical Knuth invariance does not give confluence or a new inverse extremum. | NO_PROMOTION / KILL_ORDERED_KNUTH_REWRITE_SHELL; desk-only |
/root/autodl-tmp/hilbert-polya-structure/docs/papers204_208_sequence/scouting/finite_systems_sixteenth/SCOUT_REPORT.md:117:Garver–Patrias Section 2.3 supplies exact classical Knuth relations and
/root/autodl-tmp/hilbert-polya-structure/symbolic_dynamics/docs/papers162_166_sequence/scouting/open_fresh_p167/SCOUT.md:15:the proof is precisely a one-sided traffic/hard-core defect migration into an
/root/autodl-tmp/hilbert-polya-structure/symbolic_dynamics/docs/papers162_166_sequence/scouting/open_fresh_p167/SCOUT.md:151:preimages.  P90 already occupies the finite traffic interface with a sharp
/root/autodl-tmp/hilbert-polya-structure/symbolic_dynamics/docs/papers162_166_sequence/scouting/open_fresh_p167/SCOUT.md:154:to be conjugate to Rule 184, but its dominant proof and theorem silhouette
/root/autodl-tmp/hilbert-polya-structure/symbolic_dynamics/docs/papers162_166_sequence/scouting/open_fresh_p167/SCOUT.md:159:GCM: KILL_INTERNAL_TRAFFIC_TRANSDUCER
/root/autodl-tmp/hilbert-polya-structure/symbolic_dynamics/docs/papers162_166_sequence/scouting/component_complement_dynamics/SCOUT.md:361:| complement after closure and its iterates | Graham--Knuth--Motzkin closure/complement operator algebra | a very degenerate symmetric case |
/root/autodl-tmp/hilbert-polya-structure/symbolic_dynamics/docs/papers162_166_sequence/scouting/component_complement_dynamics/SCOUT.md:369:That non-hit is not novelty.  Graham--Knuth--Motzkin directly own the
/root/autodl-tmp/hilbert-polya-structure/symbolic_dynamics/docs/papers162_166_sequence/scouting/word_combinatorial/SCOUT.md:47:Previously killed pop-stack, pancake, parking-delete-first-one, singleton
/root/autodl-tmp/hilbert-polya-structure/symbolic_dynamics/docs/papers162_166_sequence/scouting/word_combinatorial/SCOUT.md:60:| `SST` | West/Knuth deterministic stack-sort, recursively `S(L n R)=S(L)S(R)n` | on `S_8`, image 1780, fibre range `2..1430`; sharp tail 7 with 720 maximizers | universal `n-1` sorting bound is clean; arbitrary target fibres are the difficult classical fertility problem | direct, heavily developed stack-sorting owner; adjacency to previously killed pop-stack lane | `KILL_DIRECT_OWNER` |
/root/autodl-tmp/hilbert-polya-structure/symbolic_dynamics/docs/papers162_166_sequence/scouting/word_combinatorial/SCOUT.md:63:| `VVT` | a balanced binary bridge rotates after its first global prefix minimum | semilength 5: Catalan image 42; idempotent; fibre sizes `2,4,6,8,10` | cycle lemma gives image and periodicity-sensitive rotation fibres, but only one-step normalization | Vervaat/cycle-lemma canonicalization is direct; repeats a previously killed rotation-normalizer silhouette | `KILL_DIRECT_OWNER_IDEMPOTENT` |
/root/autodl-tmp/hilbert-polya-structure/symbolic_dynamics/docs/papers162_166_sequence/scouting/word_combinatorial/SCOUT.md:73:| `RKC` | RSK-insert a permutation and output the bottom-to-top row word of its insertion tableau | on `S_7`, idempotent image 232; fibre sizes `1,6,14,15,20,21,35` | image is one canonical word per SYT; fibre is the number of recording tableaux of the shape; temporal depth one | direct RSK/Knuth-class canonicalization and only a one-step retraction | `KILL_DIRECT_OWNER_SHALLOW` |
/root/autodl-tmp/hilbert-polya-structure/symbolic_dynamics/docs/papers162_166_sequence/scouting/open_fresh_p167/verify_scout.py:393:    print("DECISIONS GCM=KILL_INTERNAL_TRAFFIC_TRANSDUCER "
/root/autodl-tmp/hilbert-polya-structure/symbolic_dynamics/docs/papers107_111_sequence/scouting/ALGEBRAIC_SCOUT.md:21:| P77--P91 | automatic towers, sandpiles, hidden de Bruijn, graph majority, relation shifts, Fredkin CA, renewal systems, unitary Cayley shifts, periodic alphabets, hidden products, chain-ring shifts, parity/reset systems, Rule 184, and dihedral relations |
/root/autodl-tmp/hilbert-polya-structure/symbolic_dynamics/docs/papers107_111_sequence/scouting/COMBINATORIAL_SCOUT.md:56:  graphs, necklace decimation, ordinary rule-90/rule-184 reparametrizations,
/root/autodl-tmp/hilbert-polya-structure/symbolic_dynamics/docs/papers87_91_sequence/phase1/CANDIDATE_POOL_AND_KILL_LEDGER.md:20:| P90 | Rule 184 on finite binary rings | density-resolved periodic set, exact worst entry depth `max(0,min(k,n-k)-1)`, particle-weighted temporal fixed polynomial, Möbius orbit census, and temporal zeta | `GO_SHORT_NOTE_WITH_TRAFFIC_OWNER_SUBTRACTION` |
/root/autodl-tmp/hilbert-polya-structure/symbolic_dynamics/docs/papers87_91_sequence/phase1/CANDIDATE_POOL_AND_KILL_LEDGER.md:61:### P90 — Rule 184 temporal dynamics
/root/autodl-tmp/hilbert-polya-structure/symbolic_dynamics/docs/papers132_136_sequence/scouting/combinatorial/verify_combinatorial_scout.py:195:def prefix_max_reversal(p):
/root/autodl-tmp/hilbert-polya-structure/symbolic_dynamics/docs/papers132_136_sequence/scouting/combinatorial/verify_combinatorial_scout.py:1061:    rows.append(audit_family("PM6", permutation_instances(prefix_max_reversal)))
/root/autodl-tmp/hilbert-polya-structure/symbolic_dynamics/docs/papers177_181_sequence/scouting/root_crossdomain/SCOUT_AND_KILL_LEDGER.md:13:| `FDR` | permutations; reverse the prefix ending immediately after the first descent, fixing the increasing permutation | through `S_8`, image size `n!/2`, only periods 1 and 2, and maximum tail 2; the image, recurrent core, all depth layers, and every target fibre admit closed descriptions | **THEOREM SPIKE / OWNER AMBER.** Prefix reversals are classical, but the autonomous first-descent rule and its target-local decreasing-run fibres survived the bounded literal search. |
/root/autodl-tmp/hilbert-polya-structure/symbolic_dynamics/docs/papers127_131_sequence/scouting/stochastic/SCOUT.md:62:| `S17` | Permutations; choose a bond uniformly and swap exactly when it is a descent. | All permutations `n=1..8`; 46,233 states. | 474,985 | `KILL_OWNER_CLASSICAL`: inversion descent is bubble-sort/0-Hecke structure. |
/root/autodl-tmp/hilbert-polya-structure/symbolic_dynamics/docs/papers127_131_sequence/scouting/stochastic/SCOUT.md:357:| P90 Rule-184 particle dynamics | Fixed-length parallel traffic dynamics receive no credit. |
/root/autodl-tmp/hilbert-polya-structure/symbolic_dynamics/docs/papers92_96_sequence/phase1/CANDIDATE_POOL_AND_KILL_LEDGER.md:144:| Margolus two-matching swap | `RESERVE_P90_PROXIMITY` | the parity-dependent cycle normal form is exact, but a reversible finite lattice update immediately after Rule 184 weakens batch diversity |
/root/autodl-tmp/hilbert-polya-structure/symbolic_dynamics/docs/papers167_171_sequence/scouting/combinatorial_crossdomain/IDEA_LEDGER.md:17:| C02 PDR | Permutations; reverse every maximal descending run in parallel. | On `S_6`: unique fixed point, tail 5, irregular depth histogram. | **KILL.** Bubble/run sorting signal only; no clean every-target fibre law. |
/root/autodl-tmp/hilbert-polya-structure/symbolic_dynamics/docs/papers167_171_sequence/scouting/combinatorial_crossdomain/IDEA_LEDGER.md:28:| C13 PAC | Variable binary words; delete all sites in every simultaneous `01` pair. | Length at most 10: unique empty attractor on each eroding component, tail 5. | **KILL.** Parallel cancellation/traffic language, colliding with P90 and P144. |
/root/autodl-tmp/hilbert-polya-structure/symbolic_dynamics/docs/papers122_126_sequence/scouting/replacement/SCOUT.md:36:| **W02** | For a binary word `w`, let `b<=n/2` be its longest proper abelian border, meaning equal Parikh vectors for its length-`b` prefix and suffix; rotate left by `b`, or fix if none exists. | The static border length does not behave monotonically after rotation; short examples contain immediate cycles and changing abelian-border profiles. | Christodoulakis et al. own abelian borders and their enumeration in [*Abelian borders in binary words*](https://doi.org/10.1016/j.dam.2014.02.012).  The rotation residual has no all-size signal. **KILL_STATIC_OWNER_PLUS_NO_CLOCK.** |
/root/autodl-tmp/hilbert-polya-structure/symbolic_dynamics/docs/papers177_181_sequence/phase1/CANDIDATE_POOL_AND_KILL_LEDGER.md:31:| P181 | first-descent prefix reversal (`FDR`) | exact image; two-cycle core; full depth and target-fibre census | promote, owner amber |
/root/autodl-tmp/hilbert-polya-structure/symbolic_dynamics/papers/181-first-descent-prefix-reversal/main.tex:33:\title[First-descent prefix reversal]{A Complete Depth-Two Atlas for\\
/root/autodl-tmp/hilbert-polya-structure/symbolic_dynamics/papers/181-first-descent-prefix-reversal/main.tex:34:First-Descent Prefix Reversal}
/root/autodl-tmp/hilbert-polya-structure/symbolic_dynamics/papers/181-first-descent-prefix-reversal/main.tex:38:\keywords{finite dynamical system, permutation, prefix reversal, descent,
/root/autodl-tmp/hilbert-polya-structure/symbolic_dynamics/papers/181-first-descent-prefix-reversal/main.tex:54:prefix reversal, pancake sorting, descent counts, and finite-map bookkeeping
/root/autodl-tmp/hilbert-polya-structure/symbolic_dynamics/papers/181-first-descent-prefix-reversal/main.tex:66:\begin{equation}\label{eq:prefix-reversal}
/root/autodl-tmp/hilbert-polya-structure/symbolic_dynamics/papers/181-first-descent-prefix-reversal/main.tex:74:and define the first-descent prefix-reversal map
/root/autodl-tmp/hilbert-polya-structure/symbolic_dynamics/papers/181-first-descent-prefix-reversal/main.tex:81:Prefix reversal and its pancake-sorting distance are classical
/root/autodl-tmp/hilbert-polya-structure/symbolic_dynamics/papers/181-first-descent-prefix-reversal/main.tex:82:\cite{GatesPapadimitriou1979}; prefix-reversal sorting on fixed-alphabet
/root/autodl-tmp/hilbert-polya-structure/symbolic_dynamics/papers/181-first-descent-prefix-reversal/main.tex:86:\eqref{eq:map}.  We assign arbitrary prefix reversal, pancake graphs and
/root/autodl-tmp/hilbert-polya-structure/symbolic_dynamics/papers/181-first-descent-prefix-reversal/main.tex:229:$d$ and satisfies $\tau=\rho_{d+1}(\pi)$; since prefix reversal is an
/root/autodl-tmp/hilbert-polya-structure/symbolic_dynamics/papers/181-first-descent-prefix-reversal/main.tex:299:its two-prefix reversal.  These direct calculations isolate the $n=1,2$
/root/autodl-tmp/hilbert-polya-structure/symbolic_dynamics/docs/papers132_136_sequence/scouting/combinatorial/SCOUT.md:77:| **LP1** | In every rectangular E/N path, swap all occurrences `NE -> EN` in parallel. | All boxes with sides at most 5; 912 states; periods 1, tail 9; last `I/F=83/1`. | 3,748 | **KILL INTERNAL.** Parallel bubble/traffic rule; Rule 184 and P090 occupy the mechanism. |
/root/autodl-tmp/hilbert-polya-structure/symbolic_dynamics/docs/papers132_136_sequence/scouting/combinatorial/SCOUT.md:317:| LP1--LP3 | P090, P117, P122 | Traffic sorting and gated reversal are directly occupied silhouettes. |
/root/autodl-tmp/hilbert-polya-structure/symbolic_dynamics/docs/papers132_136_sequence/replacement_scout/combinatorial/SCOUT.md:65:| **LA1** | All occupied subsets of a rectangle.  Every particle with an empty site directly south moves south one cell synchronously. | `2x3`, `3x3`, `3x4`, 4,672 states; periods 1, tail 3; last `I/F=1331/125`.  Endpoint packs each column at the bottom. | **KILL_RULE184/EXCLUSION.**  It is a disjoint-column open exclusion/traffic process; changing orientation or box size cannot create a slot. |
/root/autodl-tmp/hilbert-polya-structure/symbolic_dynamics/docs/papers132_136_sequence/replacement_scout/combinatorial/SCOUT.md:381:- Synchronous exclusion/traffic dynamics has exact all-time theory; see
/root/autodl-tmp/hilbert-polya-structure/symbolic_dynamics/docs/papers132_136_sequence/replacement_scout/combinatorial/SCOUT.md:383:  [*Exact results for deterministic cellular automata traffic
/root/autodl-tmp/hilbert-polya-structure/symbolic_dynamics/docs/papers132_136_sequence/replacement_scout/combinatorial/SCOUT.md:403:| LA1 | P90 Rule 184 and conservative CA | Disjoint open columns do not create a new engine. **Killed.** |
/root/autodl-tmp/hilbert-polya-structure/symbolic_dynamics/docs/papers132_136_sequence/scouting/stochastic/SCOUT.md:51:| `P02` | Permutation; swap any adjacent descent. Audit sorted terminal, inversion clock, and history recursion. | sizes 1--9; 409,113 | Bubble-sort/0-Hecke/Coxeter reduced-word engine; maximum history count 29,258,366,996,258,488,320. **Kill.** |
/root/autodl-tmp/hilbert-polya-structure/symbolic_dynamics/docs/papers132_136_sequence/scouting/stochastic/SCOUT.md:132:Incoming traffic adds exactly `k c_{i-1}` ones to gap `i`; hence `c_i` is the
/root/autodl-tmp/hilbert-polya-structure/symbolic_dynamics/docs/papers132_136_sequence/scouting/stochastic/SCOUT.md:233:| P82 shifted Fredkin and P90 Rule 184 | Conservative binary local dynamics and traffic vocabulary. | Rule 184 synchronously moves singleton traffic patterns (`10 -> 01` in its particle reading) on a ring. `R02` asynchronously moves an assisted `k`-block to an open absorbing projection. Fredkin reversibility/frozen-SFT machinery is absent. |
/root/autodl-tmp/hilbert-polya-structure/symbolic_dynamics/docs/papers147_151_sequence/phase1/CANDIDATE_POOL_AND_KILL_LEDGER.md:56:  reduces after source subtraction to constrained bubble sorting and collides
/root/autodl-tmp/hilbert-polya-structure/symbolic_dynamics/docs/papers167_171_sequence/scouting/algebra_arithmetic/SCOUT_AND_KILL_LEDGER.md:48:| PAF | Weight-4 binary abacus words of length 8; simultaneously move every available bead one step | 70 states, sharp pilot height 7 | KILL--RULE-184 | Strong clock but literally parallel TASEP/Rule 184 in abacus language, so it is a terminology change rather than a new system. |
/root/autodl-tmp/hilbert-polya-structure/symbolic_dynamics/docs/papers157_161_sequence/scouting/combinatorial/verify_combinatorial_scout.py:634:# TSW: Conway's TopSwops prefix-reversal map.
/root/autodl-tmp/hilbert-polya-structure/symbolic_dynamics/docs/papers157_161_sequence/scouting/combinatorial/verify_combinatorial_scout.py:1042:# WBS: one leftmost 10 -> 01 bubble move on binary words.
/root/autodl-tmp/hilbert-polya-structure/symbolic_dynamics/docs/papers157_161_sequence/scouting/combinatorial/verify_combinatorial_scout.py:1045:def word_bubble(word: tuple[int, ...]) -> tuple[int, ...]:
/root/autodl-tmp/hilbert-polya-structure/symbolic_dynamics/docs/papers157_161_sequence/scouting/combinatorial/verify_combinatorial_scout.py:1060:    image = word_bubble(word)
/root/autodl-tmp/hilbert-polya-structure/symbolic_dynamics/docs/papers157_161_sequence/scouting/combinatorial/verify_combinatorial_scout.py:1073:            fixed += word_bubble(source) == source
/root/autodl-tmp/hilbert-polya-structure/symbolic_dynamics/papers/122-even-record-block-reversal/main.tex:89:treat bubblesort preimages and functional trees, while
/root/autodl-tmp/symbolic_dynamics/docs/papers107_111_sequence/scouting/COMBINATORIAL_SCOUT.md:56:  graphs, necklace decimation, ordinary rule-90/rule-184 reparametrizations,
/root/autodl-tmp/hilbert-polya-structure/symbolic_dynamics/docs/papers167_171_sequence/phase1/CANDIDATE_POOL_AND_KILL_LEDGER.md:78:- `PAF` is literal parallel TASEP/Rule 184; `W02` is the P139
/root/autodl-tmp/hilbert-polya-structure/symbolic_dynamics/docs/papers162_166_sequence/scouting/open_fresh_p167/IDEA_LEDGER.md:19:| `GCM` | Domino tilings of a `2 x n` rectangle.  Turn every old horizontal `2 x 2` block into two vertical dominoes; inside each maximal old run of vertical columns, greedily retile pairs from the left by two horizontal dominoes, leaving a final vertical domino when the run is odd. | For `n<=18`, all recurrent states are two-cycles, the recurrent count is `2^floor(n/2)`, and the maximum tail is exactly `floor((n-1)/2)`.  A leftmost-defect lemma proves the pattern for all `n`. | Sharp all-`n` clock and recurrent atlas; exact every-target inverse parser; Padovan exceptional fibre. | The proof is a one-sided hard-core/traffic transducer: defects move monotonically into the alternating core and inverse histories are regular-language preimages.  P90 already occupies sharp traffic-core entry, alternating recurrent states, and preimage enumeration. | **`KILL_INTERNAL_TRAFFIC_TRANSDUCER`** |
/root/autodl-tmp/symbolic_dynamics/docs/papers117_121_sequence/scouting/COMBINATORIAL_SCOUT.md:28:| C12 | Topswops prefix reversal | permutations of \([n]\) | famous direct temporal problem with no residual here | **KILL** |
/root/autodl-tmp/symbolic_dynamics/docs/papers117_121_sequence/scouting/COMBINATORIAL_SCOUT.md:441:## C12. Topswops prefix reversal
/root/autodl-tmp/symbolic_dynamics/docs/papers117_121_sequence/scouting/COMBINATORIAL_SCOUT.md:450:- **Owner subtraction:** Conway's problem, Knuth's reverse search, bounds, and
/root/autodl-tmp/symbolic_dynamics/docs/papers117_121_sequence/scouting/COMBINATORIAL_SCOUT.md:453:  of prefix-reversal predecessor trees.
/root/autodl-tmp/symbolic_dynamics/docs/papers127_131_sequence/scouting/algebraic/SCOUT.md:378:"bubble sort" lattice meet join paper
/root/autodl-tmp/hilbert-polya-structure/symbolic_dynamics/papers/134-recomputed-border-array-dynamics/main.tex:76:The Morris--Pratt and Knuth--Morris--Pratt mechanisms compute these data in
/root/autodl-tmp/hilbert-polya-structure/symbolic_dynamics/papers/134-recomputed-border-array-dynamics/main.tex:77:linear time \cite{KnuthMorrisPratt1977}.  Validation and realization of
/root/autodl-tmp/symbolic_dynamics/docs/papers197_201_sequence/scouting/replacement_after_cmm_20260905/SCOUT_DISPOSITIONS.md:30:than hiding it. The source memo deducts this, Rule184, P169's smoothing
/root/autodl-tmp/symbolic_dynamics/docs/papers197_201_sequence/scouting/replacement_after_cmm_20260905/SCOUT_DISPOSITIONS.md:76:nontransferring inverse axis was found beyond this owned traffic factor
/root/autodl-tmp/symbolic_dynamics/docs/papers197_201_sequence/scouting/replacement_after_cmm_20260905/SCOUT_DISPOSITIONS.md:77:and phase reconstruction. Disposition: KILL_TRAFFIC_FACTOR_THIN.
/root/autodl-tmp/symbolic_dynamics/docs/papers204_208_sequence/scouting/finite_systems_sixteenth/INTAKE.md:83:6. **KFR — first lex-increasing Knuth rewrite.** For every $n\ge1$, the
/root/autodl-tmp/symbolic_dynamics/docs/papers204_208_sequence/scouting/finite_systems_sixteenth/INTAKE.md:85:   Knuth moves $xzy\leftrightarrow zxy$ for $x\le y<z$ and
/root/autodl-tmp/symbolic_dynamics/docs/papers204_208_sequence/scouting/finite_systems_sixteenth/INTAKE.md:92:   and inverse theorem that survive classical Knuth-equivalence and
/root/autodl-tmp/symbolic_dynamics/docs/papers162_166_sequence/scouting/open_fresh_p167/SCOUT.md:15:the proof is precisely a one-sided traffic/hard-core defect migration into an
/root/autodl-tmp/symbolic_dynamics/docs/papers162_166_sequence/scouting/open_fresh_p167/SCOUT.md:151:preimages.  P90 already occupies the finite traffic interface with a sharp
/root/autodl-tmp/symbolic_dynamics/docs/papers162_166_sequence/scouting/open_fresh_p167/SCOUT.md:154:to be conjugate to Rule 184, but its dominant proof and theorem silhouette
/root/autodl-tmp/symbolic_dynamics/docs/papers162_166_sequence/scouting/open_fresh_p167/SCOUT.md:159:GCM: KILL_INTERNAL_TRAFFIC_TRANSDUCER
/root/autodl-tmp/hilbert-polya-structure/symbolic_dynamics/docs/papers182_186_sequence/scouting/crossdomain_lane/SCOUT_AND_KILL_LEDGER.md:226:**Verdict.**  KILL.  It is distributive-lattice bubble sort and too close to
/root/autodl-tmp/symbolic_dynamics/docs/papers167_171_sequence/scouting/combinatorial_crossdomain/IDEA_LEDGER.md:17:| C02 PDR | Permutations; reverse every maximal descending run in parallel. | On `S_6`: unique fixed point, tail 5, irregular depth histogram. | **KILL.** Bubble/run sorting signal only; no clean every-target fibre law. |
/root/autodl-tmp/symbolic_dynamics/docs/papers167_171_sequence/scouting/combinatorial_crossdomain/IDEA_LEDGER.md:28:| C13 PAC | Variable binary words; delete all sites in every simultaneous `01` pair. | Length at most 10: unique empty attractor on each eroding component, tail 5. | **KILL.** Parallel cancellation/traffic language, colliding with P90 and P144. |
/root/autodl-tmp/symbolic_dynamics/docs/papers162_166_sequence/scouting/component_complement_dynamics/SCOUT.md:361:| complement after closure and its iterates | Graham--Knuth--Motzkin closure/complement operator algebra | a very degenerate symmetric case |
/root/autodl-tmp/symbolic_dynamics/docs/papers162_166_sequence/scouting/component_complement_dynamics/SCOUT.md:369:That non-hit is not novelty.  Graham--Knuth--Motzkin directly own the
/root/autodl-tmp/symbolic_dynamics/docs/papers107_111_sequence/scouting/ALGEBRAIC_SCOUT.md:21:| P77--P91 | automatic towers, sandpiles, hidden de Bruijn, graph majority, relation shifts, Fredkin CA, renewal systems, unitary Cayley shifts, periodic alphabets, hidden products, chain-ring shifts, parity/reset systems, Rule 184, and dihedral relations |
/root/autodl-tmp/symbolic_dynamics/docs/papers122_126_sequence/scouting/replacement/SCOUT.md:36:| **W02** | For a binary word `w`, let `b<=n/2` be its longest proper abelian border, meaning equal Parikh vectors for its length-`b` prefix and suffix; rotate left by `b`, or fix if none exists. | The static border length does not behave monotonically after rotation; short examples contain immediate cycles and changing abelian-border profiles. | Christodoulakis et al. own abelian borders and their enumeration in [*Abelian borders in binary words*](https://doi.org/10.1016/j.dam.2014.02.012).  The rotation residual has no all-size signal. **KILL_STATIC_OWNER_PLUS_NO_CLOCK.** |
/root/autodl-tmp/symbolic_dynamics/docs/papers132_136_sequence/scouting/stochastic/SCOUT.md:51:| `P02` | Permutation; swap any adjacent descent. Audit sorted terminal, inversion clock, and history recursion. | sizes 1--9; 409,113 | Bubble-sort/0-Hecke/Coxeter reduced-word engine; maximum history count 29,258,366,996,258,488,320. **Kill.** |
/root/autodl-tmp/symbolic_dynamics/docs/papers132_136_sequence/scouting/stochastic/SCOUT.md:132:Incoming traffic adds exactly `k c_{i-1}` ones to gap `i`; hence `c_i` is the
/root/autodl-tmp/symbolic_dynamics/docs/papers132_136_sequence/scouting/stochastic/SCOUT.md:233:| P82 shifted Fredkin and P90 Rule 184 | Conservative binary local dynamics and traffic vocabulary. | Rule 184 synchronously moves singleton traffic patterns (`10 -> 01` in its particle reading) on a ring. `R02` asynchronously moves an assisted `k`-block to an open absorbing projection. Fredkin reversibility/frozen-SFT machinery is absent. |
/root/autodl-tmp/symbolic_dynamics/docs/papers147_151_sequence/phase1/CANDIDATE_POOL_AND_KILL_LEDGER.md:56:  reduces after source subtraction to constrained bubble sorting and collides
/root/autodl-tmp/symbolic_dynamics/docs/papers132_136_sequence/replacement_scout/combinatorial/SCOUT.md:65:| **LA1** | All occupied subsets of a rectangle.  Every particle with an empty site directly south moves south one cell synchronously. | `2x3`, `3x3`, `3x4`, 4,672 states; periods 1, tail 3; last `I/F=1331/125`.  Endpoint packs each column at the bottom. | **KILL_RULE184/EXCLUSION.**  It is a disjoint-column open exclusion/traffic process; changing orientation or box size cannot create a slot. |
/root/autodl-tmp/symbolic_dynamics/docs/papers132_136_sequence/replacement_scout/combinatorial/SCOUT.md:381:- Synchronous exclusion/traffic dynamics has exact all-time theory; see
/root/autodl-tmp/symbolic_dynamics/docs/papers132_136_sequence/replacement_scout/combinatorial/SCOUT.md:383:  [*Exact results for deterministic cellular automata traffic
/root/autodl-tmp/symbolic_dynamics/docs/papers132_136_sequence/replacement_scout/combinatorial/SCOUT.md:403:| LA1 | P90 Rule 184 and conservative CA | Disjoint open columns do not create a new engine. **Killed.** |
/root/autodl-tmp/symbolic_dynamics/docs/papers167_171_sequence/scouting/algebra_arithmetic/SCOUT_AND_KILL_LEDGER.md:48:| PAF | Weight-4 binary abacus words of length 8; simultaneously move every available bead one step | 70 states, sharp pilot height 7 | KILL--RULE-184 | Strong clock but literally parallel TASEP/Rule 184 in abacus language, so it is a terminology change rather than a new system. |
/root/autodl-tmp/symbolic_dynamics/docs/papers132_136_sequence/scouting/combinatorial/verify_combinatorial_scout.py:195:def prefix_max_reversal(p):
/root/autodl-tmp/symbolic_dynamics/docs/papers132_136_sequence/scouting/combinatorial/verify_combinatorial_scout.py:1061:    rows.append(audit_family("PM6", permutation_instances(prefix_max_reversal)))
/root/autodl-tmp/symbolic_dynamics/docs/papers157_161_sequence/scouting/combinatorial/verify_combinatorial_scout.py:634:# TSW: Conway's TopSwops prefix-reversal map.
/root/autodl-tmp/symbolic_dynamics/docs/papers157_161_sequence/scouting/combinatorial/verify_combinatorial_scout.py:1042:# WBS: one leftmost 10 -> 01 bubble move on binary words.
/root/autodl-tmp/symbolic_dynamics/docs/papers157_161_sequence/scouting/combinatorial/verify_combinatorial_scout.py:1045:def word_bubble(word: tuple[int, ...]) -> tuple[int, ...]:
/root/autodl-tmp/symbolic_dynamics/docs/papers157_161_sequence/scouting/combinatorial/verify_combinatorial_scout.py:1060:    image = word_bubble(word)
/root/autodl-tmp/symbolic_dynamics/docs/papers157_161_sequence/scouting/combinatorial/verify_combinatorial_scout.py:1073:            fixed += word_bubble(source) == source
/root/autodl-tmp/symbolic_dynamics/docs/papers204_208_sequence/scouting/finite_systems_sixteenth/PROOF_AND_DISPOSITION.md:23:   KFR is an oriented classical Knuth rewrite with a finite lexical order.
/root/autodl-tmp/symbolic_dynamics/docs/papers204_208_sequence/scouting/finite_systems_sixteenth/PROOF_AND_DISPOSITION.md:316:Knuth inequalities. Each preserves length and letter multiplicities,
/root/autodl-tmp/symbolic_dynamics/docs/papers204_208_sequence/scouting/finite_systems_sixteenth/PROOF_AND_DISPOSITION.md:322:The selected Knuth move preserves the insertion tableau by the classical
/root/autodl-tmp/symbolic_dynamics/docs/papers204_208_sequence/scouting/finite_systems_sixteenth/PROOF_AND_DISPOSITION.md:323:Knuth relation theorem stated in the inspected primary Section 2.3.
/root/autodl-tmp/symbolic_dynamics/docs/papers204_208_sequence/scouting/finite_systems_sixteenth/PROOF_AND_DISPOSITION.md:330:KILL_ORDERED_KNUTH_REWRITE_SHELL**. No numerical run was made.
/root/autodl-tmp/symbolic_dynamics/docs/papers162_166_sequence/scouting/open_fresh_p167/IDEA_LEDGER.md:19:| `GCM` | Domino tilings of a `2 x n` rectangle.  Turn every old horizontal `2 x 2` block into two vertical dominoes; inside each maximal old run of vertical columns, greedily retile pairs from the left by two horizontal dominoes, leaving a final vertical domino when the run is odd. | For `n<=18`, all recurrent states are two-cycles, the recurrent count is `2^floor(n/2)`, and the maximum tail is exactly `floor((n-1)/2)`.  A leftmost-defect lemma proves the pattern for all `n`. | Sharp all-`n` clock and recurrent atlas; exact every-target inverse parser; Padovan exceptional fibre. | The proof is a one-sided hard-core/traffic transducer: defects move monotonically into the alternating core and inverse histories are regular-language preimages.  P90 already occupies sharp traffic-core entry, alternating recurrent states, and preimage enumeration. | **`KILL_INTERNAL_TRAFFIC_TRANSDUCER`** |
/root/autodl-tmp/symbolic_dynamics/docs/papers167_171_sequence/phase1/CANDIDATE_POOL_AND_KILL_LEDGER.md:78:- `PAF` is literal parallel TASEP/Rule 184; `W02` is the P139
/root/autodl-tmp/symbolic_dynamics/docs/papers182_186_sequence/scouting/crossdomain_lane/SCOUT_AND_KILL_LEDGER.md:226:**Verdict.**  KILL.  It is distributive-lattice bubble sort and too close to
/root/autodl-tmp/symbolic_dynamics/docs/papers204_208_sequence/scouting/finite_systems_sixteenth/SCOUT_REPORT.md:30:| KFR: first lex-increasing ternary Knuth triple rewrite | Eight exact oriented rules give generic finite-order termination and pattern-avoidance fixed states; classical Knuth invariance does not give confluence or a new inverse extremum. | NO_PROMOTION / KILL_ORDERED_KNUTH_REWRITE_SHELL; desk-only |
/root/autodl-tmp/symbolic_dynamics/docs/papers204_208_sequence/scouting/finite_systems_sixteenth/SCOUT_REPORT.md:117:Garver–Patrias Section 2.3 supplies exact classical Knuth relations and
/root/autodl-tmp/symbolic_dynamics/docs/papers117_121_sequence/scouting/STOCHASTIC_PHASE2B_SCOUT.md:122:  lower endpoint; the explicit “bubble” smoothing in the pilot realizes the
/root/autodl-tmp/symbolic_dynamics/papers/181-first-descent-prefix-reversal/main.tex:33:\title[First-descent prefix reversal]{A Complete Depth-Two Atlas for\\
/root/autodl-tmp/symbolic_dynamics/papers/181-first-descent-prefix-reversal/main.tex:34:First-Descent Prefix Reversal}
/root/autodl-tmp/symbolic_dynamics/papers/181-first-descent-prefix-reversal/main.tex:38:\keywords{finite dynamical system, permutation, prefix reversal, descent,
/root/autodl-tmp/symbolic_dynamics/papers/181-first-descent-prefix-reversal/main.tex:54:prefix reversal, pancake sorting, descent counts, and finite-map bookkeeping
/root/autodl-tmp/symbolic_dynamics/papers/181-first-descent-prefix-reversal/main.tex:66:\begin{equation}\label{eq:prefix-reversal}
/root/autodl-tmp/symbolic_dynamics/papers/181-first-descent-prefix-reversal/main.tex:74:and define the first-descent prefix-reversal map
/root/autodl-tmp/symbolic_dynamics/papers/181-first-descent-prefix-reversal/main.tex:81:Prefix reversal and its pancake-sorting distance are classical
/root/autodl-tmp/symbolic_dynamics/papers/181-first-descent-prefix-reversal/main.tex:82:\cite{GatesPapadimitriou1979}; prefix-reversal sorting on fixed-alphabet
/root/autodl-tmp/symbolic_dynamics/papers/181-first-descent-prefix-reversal/main.tex:86:\eqref{eq:map}.  We assign arbitrary prefix reversal, pancake graphs and
/root/autodl-tmp/symbolic_dynamics/papers/181-first-descent-prefix-reversal/main.tex:229:$d$ and satisfies $\tau=\rho_{d+1}(\pi)$; since prefix reversal is an
/root/autodl-tmp/symbolic_dynamics/papers/181-first-descent-prefix-reversal/main.tex:299:its two-prefix reversal.  These direct calculations isolate the $n=1,2$
/root/autodl-tmp/symbolic_dynamics/docs/papers147_151_sequence/scouting/combinatorial/SCOUT.md:32:| `M01` | perfect chord matching; resolve the lexicographically least crossing into a nesting | crossing number is the exact pointwise clock; Catalan endpoints; target basin polynomial `prod [h]_u` | Lam owns the uncrossing poset; Hermite histories own the `q`-product; P130 owns chord/noncrossing target-fibre geometry; the residual is constrained bubble sorting | **KILL_OWNER_THIN** |
/root/autodl-tmp/symbolic_dynamics/docs/papers147_151_sequence/scouting/combinatorial/SCOUT.md:136:chord diagram uncrossing bubble sort
/root/autodl-tmp/symbolic_dynamics/docs/papers147_151_sequence/scouting/combinatorial/SCOUT.md:163:a constrained bubble sort.  This consumes the putative temporal residual
/root/autodl-tmp/symbolic_dynamics/papers/196-cyclic-godel-implication/main.tex:84:rule differ from Rule 184 in P90, odd-run reversal in P117, cyclic equality
/root/autodl-tmp/symbolic_dynamics/docs/papers152_156_sequence/scouting/combinatorial/SCOUT.md:188:Graham and Chen–Chen own bounded-maxdrop enumeration and its bubble-sort
/root/autodl-tmp/symbolic_dynamics/docs/papers132_136_sequence/scouting/combinatorial/__pycache__/verify_combinatorial_scout.cpython-312.pyc: binary file matches (found "\0" byte around offset 4)
/root/autodl-tmp/symbolic_dynamics/docs/papers157_161_sequence/scouting/stochastic/SCOUT.md:83:| `TAS` | Carrier: a binary word.  Choose a uniform active adjacent inversion `10` and swap it to `01`. | `110100` has clock 8, Ferrers shape `(3,3,2)`, and 42 complete histories. | Clock equals inversion number pathwise. | History count is the standard Young-tableau hook formula for the inversion Ferrers shape. | P82–P83 Fredkin/Rule-184 lane and the permanent hook/linear-extension exclusion. | **`KILL_TASEP_HOOK`** |
/root/autodl-tmp/symbolic_dynamics/papers/188-self-cardinality-truncation/main.tex:71:for Fibonacci numbers \cite{GrahamKnuthPatashnik1994}.  Internally, this rule is neither the
/root/autodl-tmp/symbolic_dynamics/docs/papers157_161_sequence/scouting/combinatorial/SCOUT.md:54:| 18 | `WBS` | binary words; swap the leftmost `10` to `01` | clock is inversion number | **`KILL_COMPARATOR_RULE184`** |
/root/autodl-tmp/symbolic_dynamics/docs/papers157_161_sequence/scouting/combinatorial/SCOUT.md:246:  update.  Prefix-reversal dynamics and open extremal values cannot be claimed
/root/autodl-tmp/symbolic_dynamics/docs/papers157_161_sequence/scouting/combinatorial/SCOUT.md:265:  box--ball dynamics; Rule-184/Fredkin traffic interfaces are already occupied.
/root/autodl-tmp/symbolic_dynamics/docs/papers157_161_sequence/scouting/combinatorial/SCOUT.md:416:### `WBS` -- leftmost binary bubble sorting
/root/autodl-tmp/symbolic_dynamics/docs/papers157_161_sequence/scouting/combinatorial/SCOUT.md:430:  Rule-184 traffic.  Both are permanent intake kills.
/root/autodl-tmp/symbolic_dynamics/docs/papers157_161_sequence/scouting/combinatorial/SCOUT.md:431:- **Verdict.** **`KILL_COMPARATOR_RULE184`**.
/root/autodl-tmp/symbolic_dynamics/papers/191-prefix-divisibility-cuts/main.tex:94:set-partition token transfer of P169, the permutation prefix reversal of
/root/autodl-tmp/symbolic_dynamics/papers/197-ternary-cyclic-sign-difference/main.tex:69:P90's traffic rule, P117's run reversal, P187's positive valuation
/root/autodl-tmp/symbolic_dynamics/docs/papers87_91_sequence/phase1/CANDIDATE_POOL_AND_KILL_LEDGER.md:20:| P90 | Rule 184 on finite binary rings | density-resolved periodic set, exact worst entry depth `max(0,min(k,n-k)-1)`, particle-weighted temporal fixed polynomial, Möbius orbit census, and temporal zeta | `GO_SHORT_NOTE_WITH_TRAFFIC_OWNER_SUBTRACTION` |
/root/autodl-tmp/symbolic_dynamics/docs/papers87_91_sequence/phase1/CANDIDATE_POOL_AND_KILL_LEDGER.md:61:### P90 — Rule 184 temporal dynamics
/root/autodl-tmp/symbolic_dynamics/docs/papers197_201_sequence/scouting/word_poset_lane/BREADTH_AND_KILL_LEDGER.md:15:| 5 / `C05_TDS` | Across all SYT of size `n`, find the least consecutive values in incomparable cells that are inverted in row-reading order and swap them; fix if none. | `n=10`: 9,496 states, image 6,408, fixed 42, max tail 22, max fibre 5. | Inversion potential on linear extensions; predecessor swaps. | **`KILL_STANDARD_SORTING`.** A deterministic 0-Hecke/bubble-sort path on linear extensions. |
/root/autodl-tmp/hilbert-polya-structure/symbolic_dynamics/papers/90-rule184-particle-periodic-zeta/main.tex:31:\title[Periodic orbits of Rule 184]{Particle-Resolved Periodic Orbits and Sharp Recurrent-Core Entry for Rule 184 on Finite Rings}
/root/autodl-tmp/hilbert-polya-structure/symbolic_dynamics/papers/90-rule184-particle-periodic-zeta/main.tex:35:\keywords{Rule 184, cellular automaton, traffic flow, periodic orbit, Artin--Mazur zeta function, cyclic independent set}
/root/autodl-tmp/hilbert-polya-structure/symbolic_dynamics/papers/90-rule184-particle-periodic-zeta/main.tex:40:We study elementary cellular automaton Rule 184 on a binary ring of length
/root/autodl-tmp/hilbert-polya-structure/symbolic_dynamics/papers/90-rule184-particle-periodic-zeta/main.tex:70:Rule 184 is the number-conserving elementary cellular automaton obtained from
/root/autodl-tmp/hilbert-polya-structure/symbolic_dynamics/papers/90-rule184-particle-periodic-zeta/main.tex:72:parallel, deterministic, unit-speed traffic rule: a particle moves one site
/root/autodl-tmp/hilbert-polya-structure/symbolic_dynamics/papers/90-rule184-particle-periodic-zeta/main.tex:78:use of Rule 184 \cite{Fuks1997}.  Recent work studies space--time jam
/root/autodl-tmp/hilbert-polya-structure/symbolic_dynamics/papers/90-rule184-particle-periodic-zeta/main.tex:80:the same traffic model \cite{JhaEtAl2025,JhaEtAl2026}.
/root/autodl-tmp/hilbert-polya-structure/symbolic_dynamics/papers/90-rule184-particle-periodic-zeta/main.tex:82:We therefore take as owned background the traffic interpretation, particle
/root/autodl-tmp/hilbert-polya-structure/symbolic_dynamics/papers/90-rule184-particle-periodic-zeta/main.tex:97:No claim is made to the discovery of Rule 184, its recurrent phases, the
/root/autodl-tmp/hilbert-polya-structure/symbolic_dynamics/papers/90-rule184-particle-periodic-zeta/main.tex:125:alternating configurations; Rule 184 interchanges them.
/root/autodl-tmp/hilbert-polya-structure/symbolic_dynamics/papers/90-rule184-particle-periodic-zeta/main.tex:187:The second set is empty at $t=0$.  Indeed, one application of the traffic
/root/autodl-tmp/hilbert-polya-structure/symbolic_dynamics/papers/90-rule184-particle-periodic-zeta/main.tex:241:fixed by the $k$th iterate.  Rule 184 swaps them, so this requires $k$ even.
/root/autodl-tmp/hilbert-polya-structure/symbolic_dynamics/papers/90-rule184-particle-periodic-zeta/main.tex:266:Let $c_{n,\ell}$ be the number of temporal Rule-184 orbits of exact length
/root/autodl-tmp/hilbert-polya-structure/symbolic_dynamics/papers/90-rule184-particle-periodic-zeta/main.tex:331:not a new version of the traffic flux diagram.
/root/autodl-tmp/hilbert-polya-structure/symbolic_dynamics/papers/90-rule184-particle-periodic-zeta/main.tex:349:\cite{JhaEtAl2025,JhaEtAl2026}.  The paper does not address noisy traffic,
/root/autodl-tmp/symbolic_dynamics/papers/134-recomputed-border-array-dynamics/main.tex:76:The Morris--Pratt and Knuth--Morris--Pratt mechanisms compute these data in
/root/autodl-tmp/symbolic_dynamics/papers/134-recomputed-border-array-dynamics/main.tex:77:linear time \cite{KnuthMorrisPratt1977}.  Validation and realization of
/root/autodl-tmp/symbolic_dynamics/papers/198-cyclic-monomer-matching/round0_frozen/main.tex:64:target-prefix interval bijection. Internally, hard-core traffic in P90,
/root/autodl-tmp/symbolic_dynamics/docs/papers132_136_sequence/scouting/combinatorial/SCOUT.md:77:| **LP1** | In every rectangular E/N path, swap all occurrences `NE -> EN` in parallel. | All boxes with sides at most 5; 912 states; periods 1, tail 9; last `I/F=83/1`. | 3,748 | **KILL INTERNAL.** Parallel bubble/traffic rule; Rule 184 and P090 occupy the mechanism. |
/root/autodl-tmp/symbolic_dynamics/docs/papers132_136_sequence/scouting/combinatorial/SCOUT.md:317:| LP1--LP3 | P090, P117, P122 | Traffic sorting and gated reversal are directly occupied silhouettes. |
/root/autodl-tmp/symbolic_dynamics/docs/papers127_131_sequence/scouting/stochastic/SCOUT.md:62:| `S17` | Permutations; choose a bond uniformly and swap exactly when it is a descent. | All permutations `n=1..8`; 46,233 states. | 474,985 | `KILL_OWNER_CLASSICAL`: inversion descent is bubble-sort/0-Hecke structure. |
/root/autodl-tmp/symbolic_dynamics/docs/papers127_131_sequence/scouting/stochastic/SCOUT.md:357:| P90 Rule-184 particle dynamics | Fixed-length parallel traffic dynamics receive no credit. |
/root/autodl-tmp/symbolic_dynamics/docs/papers117_121_sequence/scouting/STOCHASTIC_SCOUT.md:260:  chains are background; P90 makes any Rule-184/TASEP reduction fatal.  The
/root/autodl-tmp/symbolic_dynamics/docs/papers142_146_sequence/scouting/combinatorial/SCOUT.md:362:| D01 | P126 composition refinement; P90 traffic only at the word-rewrite level; classical Tamari lattice | No literal P1--P141 identity was proved.  D01 uses one leftmost prime-component rotation, linear component clock, primitive recurrent set, and terminal geometric fibres.  Atomic rotation and all Catalan/return enumeration are zero credit; retain only as owner-thin reserve. |
/root/autodl-tmp/symbolic_dynamics/docs/papers162_166_sequence/scouting/open_fresh_p166_round7/IDEA_LEDGER.md:11:binary `21 -> 12` traffic rule already present as `LP1` and occupied by P90.
/root/autodl-tmp/symbolic_dynamics/papers/122-even-record-block-reversal/main.tex:89:treat bubblesort preimages and functional trees, while
/root/autodl-tmp/symbolic_dynamics/docs/papers204_208_sequence/scouting/finite_systems_eighteenth/INTAKE.md:26:| D5 | Fix ordered finite alphabet $\Sigma$, symmetric irreflexive independence $J$, and $n\ge0$. On $\Sigma^n$, replace a word by the lexicographically least word obtainable by exchanging adjacent $J$-independent letters. | Trace-monoid canonical section; heap/linear-extension fibre is static. Not a Knuth-rewrite revival. |
/root/autodl-tmp/symbolic_dynamics/docs/papers197_201_sequence/scouting/second_replacement_20260905/INTAKE.md:47:Explicitly excluded before pilots: OR and its traffic/parking neighbors;
/root/autodl-tmp/symbolic_dynamics/docs/papers177_181_sequence/scouting/root_crossdomain/SCOUT_AND_KILL_LEDGER.md:13:| `FDR` | permutations; reverse the prefix ending immediately after the first descent, fixing the increasing permutation | through `S_8`, image size `n!/2`, only periods 1 and 2, and maximum tail 2; the image, recurrent core, all depth layers, and every target fibre admit closed descriptions | **THEOREM SPIKE / OWNER AMBER.** Prefix reversals are classical, but the autonomous first-descent rule and its target-local decreasing-run fibres survived the bounded literal search. |
/root/autodl-tmp/symbolic_dynamics/docs/papers162_166_sequence/scouting/word_combinatorial/SCOUT.md:47:Previously killed pop-stack, pancake, parking-delete-first-one, singleton
/root/autodl-tmp/symbolic_dynamics/docs/papers162_166_sequence/scouting/word_combinatorial/SCOUT.md:60:| `SST` | West/Knuth deterministic stack-sort, recursively `S(L n R)=S(L)S(R)n` | on `S_8`, image 1780, fibre range `2..1430`; sharp tail 7 with 720 maximizers | universal `n-1` sorting bound is clean; arbitrary target fibres are the difficult classical fertility problem | direct, heavily developed stack-sorting owner; adjacency to previously killed pop-stack lane | `KILL_DIRECT_OWNER` |
/root/autodl-tmp/symbolic_dynamics/docs/papers162_166_sequence/scouting/word_combinatorial/SCOUT.md:63:| `VVT` | a balanced binary bridge rotates after its first global prefix minimum | semilength 5: Catalan image 42; idempotent; fibre sizes `2,4,6,8,10` | cycle lemma gives image and periodicity-sensitive rotation fibres, but only one-step normalization | Vervaat/cycle-lemma canonicalization is direct; repeats a previously killed rotation-normalizer silhouette | `KILL_DIRECT_OWNER_IDEMPOTENT` |
/root/autodl-tmp/symbolic_dynamics/docs/papers162_166_sequence/scouting/word_combinatorial/SCOUT.md:73:| `RKC` | RSK-insert a permutation and output the bottom-to-top row word of its insertion tableau | on `S_7`, idempotent image 232; fibre sizes `1,6,14,15,20,21,35` | image is one canonical word per SYT; fibre is the number of recording tableaux of the shape; temporal depth one | direct RSK/Knuth-class canonicalization and only a one-step retraction | `KILL_DIRECT_OWNER_SHALLOW` |
/root/autodl-tmp/symbolic_dynamics/docs/papers92_96_sequence/phase1/CANDIDATE_POOL_AND_KILL_LEDGER.md:144:| Margolus two-matching swap | `RESERVE_P90_PROXIMITY` | the parity-dependent cycle normal form is exact, but a reversible finite lattice update immediately after Rule 184 weakens batch diversity |
/root/autodl-tmp/symbolic_dynamics/papers/90-rule184-particle-periodic-zeta/main.tex:31:\title[Periodic orbits of Rule 184]{Particle-Resolved Periodic Orbits and Sharp Recurrent-Core Entry for Rule 184 on Finite Rings}
/root/autodl-tmp/symbolic_dynamics/papers/90-rule184-particle-periodic-zeta/main.tex:35:\keywords{Rule 184, cellular automaton, traffic flow, periodic orbit, Artin--Mazur zeta function, cyclic independent set}
/root/autodl-tmp/symbolic_dynamics/papers/90-rule184-particle-periodic-zeta/main.tex:40:We study elementary cellular automaton Rule 184 on a binary ring of length
/root/autodl-tmp/symbolic_dynamics/papers/90-rule184-particle-periodic-zeta/main.tex:70:Rule 184 is the number-conserving elementary cellular automaton obtained from
/root/autodl-tmp/symbolic_dynamics/papers/90-rule184-particle-periodic-zeta/main.tex:72:parallel, deterministic, unit-speed traffic rule: a particle moves one site
/root/autodl-tmp/symbolic_dynamics/papers/90-rule184-particle-periodic-zeta/main.tex:78:use of Rule 184 \cite{Fuks1997}.  Recent work studies space--time jam
/root/autodl-tmp/symbolic_dynamics/papers/90-rule184-particle-periodic-zeta/main.tex:80:the same traffic model \cite{JhaEtAl2025,JhaEtAl2026}.
/root/autodl-tmp/symbolic_dynamics/papers/90-rule184-particle-periodic-zeta/main.tex:82:We therefore take as owned background the traffic interpretation, particle
/root/autodl-tmp/symbolic_dynamics/papers/90-rule184-particle-periodic-zeta/main.tex:97:No claim is made to the discovery of Rule 184, its recurrent phases, the
/root/autodl-tmp/symbolic_dynamics/papers/90-rule184-particle-periodic-zeta/main.tex:125:alternating configurations; Rule 184 interchanges them.
/root/autodl-tmp/symbolic_dynamics/papers/90-rule184-particle-periodic-zeta/main.tex:187:The second set is empty at $t=0$.  Indeed, one application of the traffic
/root/autodl-tmp/symbolic_dynamics/papers/90-rule184-particle-periodic-zeta/main.tex:241:fixed by the $k$th iterate.  Rule 184 swaps them, so this requires $k$ even.
/root/autodl-tmp/symbolic_dynamics/papers/90-rule184-particle-periodic-zeta/main.tex:266:Let $c_{n,\ell}$ be the number of temporal Rule-184 orbits of exact length
/root/autodl-tmp/symbolic_dynamics/papers/90-rule184-particle-periodic-zeta/main.tex:331:not a new version of the traffic flux diagram.
/root/autodl-tmp/symbolic_dynamics/papers/90-rule184-particle-periodic-zeta/main.tex:349:\cite{JhaEtAl2025,JhaEtAl2026}.  The paper does not address noisy traffic,
/root/autodl-tmp/symbolic_dynamics/papers/192-first-collision-hurwitz/main.tex:112:uses first-descent prefix reversal on ordinary permutations.  The present
/root/autodl-tmp/symbolic_dynamics/papers/198-cyclic-monomer-matching/main.tex:64:target-prefix interval bijection. Internally, hard-core traffic in P90,
/root/autodl-tmp/symbolic_dynamics/docs/papers162_166_sequence/scouting/open_fresh_p167/verify_scout.py:393:    print("DECISIONS GCM=KILL_INTERNAL_TRAFFIC_TRANSDUCER "
/root/autodl-tmp/symbolic_dynamics/docs/papers197_201_sequence/scouting/final_seat_tree_lane_20260905/LEDGER.md:41:active scouting lane and were not duplicated. No traffic/CA/parking,
/root/autodl-tmp/symbolic_dynamics/docs/papers112_116_sequence/scouting/COMBINATORIAL_SCOUT.md:105:| C6 | `W(q,N)`; send a word to its longest proper border, or to the empty word when unbordered | orbit is the KMP failure-link chain; depth is failure-tree height | Knuth--Morris--Pratt owns the state transition as a standard algorithm | **KILL DIRECT** |
/root/autodl-tmp/symbolic_dynamics/docs/papers117_121_sequence/scouting/ROOT_SCOUT.md:138:  Rule 184, already occupied by P90.
/root/autodl-tmp/symbolic_dynamics/docs/papers177_181_sequence/phase1/CANDIDATE_POOL_AND_KILL_LEDGER.md:31:| P181 | first-descent prefix reversal (`FDR`) | exact image; two-cycle core; full depth and target-fibre census | promote, owner amber |
/root/autodl-tmp/symbolic_dynamics/docs/papers127_131_sequence/scouting/algebraic/verify_algebraic_scout.py:156:def bubble_sweep(values):
/root/autodl-tmp/symbolic_dynamics/docs/papers127_131_sequence/scouting/algebraic/verify_algebraic_scout.py:183:                while bubble_sweep(current) != current:
/root/autodl-tmp/symbolic_dynamics/docs/papers127_131_sequence/scouting/algebraic/verify_algebraic_scout.py:184:                    current = bubble_sweep(current)
/root/autodl-tmp/symbolic_dynamics/docs/papers127_131_sequence/scouting/algebraic/verify_algebraic_scout.py:186:                    check(depth <= length - 1, "bubble clock exceeded r-1")
/root/autodl-tmp/symbolic_dynamics/docs/papers127_131_sequence/scouting/algebraic/verify_algebraic_scout.py:192:                check((bubble_sweep(state) == state)
/root/autodl-tmp/symbolic_dynamics/docs/papers127_131_sequence/scouting/algebraic/verify_algebraic_scout.py:201:            check(local_max == length - 1, "sharp bubble clock missing")
/root/autodl-tmp/symbolic_dynamics/docs/papers127_131_sequence/scouting/algebraic/verify_algebraic_scout.py:224:    terminal = bubble_sweep(bubble_sweep(witness))
/root/autodl-tmp/symbolic_dynamics/docs/papers127_131_sequence/scouting/algebraic/verify_algebraic_scout.py:226:    permuted_terminal = bubble_sweep(bubble_sweep((line_3, line_2, line_1)))
