\BOOKMARK [1][-]{section.1}{\376\377\000I\000n\000t\000r\000o\000d\000u\000c\000t\000i\000o\000n}{}% 1
\BOOKMARK [1][-]{section.2}{\376\377\000B\000o\000u\000n\000d\000e\000d\000\040\000r\000e\000l\000a\000t\000e\000d\000\040\000w\000o\000r\000k\000\040\000a\000n\000d\000\040\000c\000o\000l\000l\000i\000s\000i\000o\000n\000\040\000b\000o\000u\000n\000d\000a\000r\000y}{}% 2
\BOOKMARK [2][-]{subsection.2.1}{\376\377\000P\000a\000p\000e\000r\0001\0002\040\023\000P\000a\000p\000e\000r\0001\0009\000\040\000b\000o\000u\000n\000d\000a\000r\000y}{section.2}% 3
\BOOKMARK [1][-]{section.3}{\376\377\000F\000i\000x\000e\000d\000\040\000f\000a\000m\000i\000l\000y\000,\000\040\000c\000o\000o\000r\000d\000i\000n\000a\000t\000e\000s\000,\000\040\000a\000n\000d\000\040\000p\000h\000a\000s\000e\000\040\000n\000o\000t\000a\000t\000i\000o\000n}{}% 4
\BOOKMARK [1][-]{section.4}{\376\377\000D\000e\000g\000r\000e\000e\000\040\000b\000o\000o\000k\000k\000e\000e\000p\000i\000n\000g\000\040\000a\000n\000d\000\040\000s\000u\000p\000p\000o\000r\000t\000\040\000f\000i\000l\000t\000r\000a\000t\000i\000o\000n}{}% 5
\BOOKMARK [2][-]{subsection.4.1}{\376\377\000T\000h\000e\000\040\000p\000h\000a\000s\000e\000\040\000f\000i\000l\000t\000r\000a\000t\000i\000o\000n}{section.4}% 6
\BOOKMARK [2][-]{subsection.4.2}{\376\377\000A\000\040\000u\000s\000e\000f\000u\000l\000\040\000m\000a\000t\000r\000i\000x\000\040\000c\000o\000m\000p\000a\000r\000i\000s\000o\000n}{section.4}% 7
\BOOKMARK [1][-]{section.5}{\376\377\000C\000a\000n\000o\000n\000i\000c\000a\000l\000\040\000s\000h\000e\000a\000r\000s\000\040\000a\000n\000d\000\040\000e\000x\000p\000l\000i\000c\000i\000t\000\040\000i\000n\000v\000e\000r\000s\000e\000s}{}% 8
\BOOKMARK [1][-]{section.6}{\376\377\000T\000h\000e\000\040\000t\000w\000o\000\040\000N\000e\000w\000t\000o\000n\000-\000f\000a\000c\000e\000\040\000s\000e\000l\000e\000c\000t\000o\000r\000s}{}% 9
\BOOKMARK [2][-]{subsection.6.1}{\376\377\000T\000h\000e\000\040\000S\000-\000p\000h\000a\000s\000e}{section.6}% 10
\BOOKMARK [2][-]{subsection.6.2}{\376\377\000T\000h\000e\000\040\000T\000-\000p\000h\000a\000s\000e}{section.6}% 11
\BOOKMARK [2][-]{subsection.6.3}{\376\377\000T\000h\000e\000\040\000c\000o\000m\000p\000l\000e\000t\000e\000\040\000m\000a\000t\000r\000i\000x\000\040\000a\000n\000d\000\040\000t\000h\000e\000\040\000h\000a\000l\000f\000-\000s\000t\000e\000p\000\040\000w\000a\000r\000n\000i\000n\000g}{section.6}% 12
\BOOKMARK [1][-]{section.7}{\376\377\000T\000w\000o\000-\000s\000t\000a\000g\000e\000\040\000c\000o\000n\000e\000\040\000i\000n\000v\000a\000r\000i\000a\000n\000c\000e}{}% 13
\BOOKMARK [2][-]{subsection.7.1}{\376\377\000O\000l\000d\000-\000t\000e\000r\000m\000\040\000d\000o\000m\000i\000n\000a\000n\000c\000e}{section.7}% 14
\BOOKMARK [1][-]{section.8}{\376\377\000N\000o\000\040\000c\000a\000n\000c\000e\000l\000l\000a\000t\000i\000o\000n\000,\000\040\000e\000x\000a\000c\000t\000\040\000r\000e\000c\000u\000r\000r\000e\000n\000c\000e\000,\000\040\000a\000n\000d\000\040\000v\000i\000s\000i\000b\000i\000l\000i\000t\000y}{}% 15
\BOOKMARK [2][-]{subsection.8.1}{\376\377\000C\000o\000e\000f\000f\000i\000c\000i\000e\000n\000t\000w\000i\000s\000e\000\040\000n\000o\000-\000c\000a\000n\000c\000e\000l\000l\000a\000t\000i\000o\000n}{section.8}% 16
\BOOKMARK [2][-]{subsection.8.2}{\376\377\000T\000h\000e\000\040\000e\000x\000a\000c\000t\000\040\000c\000o\000m\000p\000l\000e\000t\000e\000-\000s\000t\000e\000p\000\040\000r\000e\000c\000u\000r\000r\000e\000n\000c\000e}{section.8}% 17
\BOOKMARK [1][-]{section.9}{\376\377\000P\000e\000r\000r\000o\000n\000\040\000c\000a\000l\000c\000u\000l\000a\000t\000i\000o\000n\000\040\000a\000n\000d\000\040\000d\000y\000n\000a\000m\000i\000c\000a\000l\000\040\000d\000e\000g\000r\000e\000e}{}% 18
\BOOKMARK [2][-]{subsection.9.1}{\376\377\000A\000\040\000s\000c\000a\000l\000a\000r\000\040\000r\000e\000c\000u\000r\000r\000e\000n\000c\000e\000\040\000a\000n\000d\000\040\000a\000n\000\040\000e\000x\000a\000c\000t\000\040\000c\000l\000o\000s\000e\000d\000\040\000f\000o\000r\000m}{section.9}% 19
\BOOKMARK [2][-]{subsection.9.2}{\376\377\000W\000h\000y\000\040\000t\000h\000e\000\040\000t\000h\000r\000e\000s\000h\000o\000l\000d\000\040\000i\000s\000\040\000g\0005}{section.9}% 20
\BOOKMARK [1][-]{section.10}{\376\377\000T\000h\000e\000\040\000n\000a\000r\000r\000o\000w\000\040\000n\000o\000n\000-\000p\000r\000o\000d\000u\000c\000t\000\040\000c\000o\000m\000p\000a\000r\000i\000s\000o\000n}{}% 21
\BOOKMARK [1][-]{section.11}{\376\377\000L\000i\000m\000i\000t\000a\000t\000i\000o\000n\000s\000,\000\040\000a\000n\000t\000i\000-\000c\000l\000a\000i\000m\000s\000,\000\040\000a\000n\000d\000\040\000c\000o\000l\000l\000i\000s\000i\000o\000n\000\040\000d\000i\000s\000c\000i\000p\000l\000i\000n\000e}{}% 22
\BOOKMARK [1][-]{section.12}{\376\377\000C\000o\000n\000c\000l\000u\000s\000i\000o\000n}{}% 23
