## 7. `CLU`: totalized rank-two cluster map

Define

```text
C_p(x,y)=(y,(1+y^2)inv0(x)).                               (15)
```

The exact bifurcation is conspicuous.  For every tested `p=3 mod 4`, the map
is a permutation of all `p^2` points.  For tested `p=1 mod 4`, it has a unique
fibre of size `p` and long exceptional tails (`3,11,15,27` for
`p=5,13,17,29`).  Nevertheless, away from singular coordinates the recurrence
is

```text
x_{m+2}x_m=1+x_{m+1}^2,                                   (16)
K=(x_m^2+x_{m+1}^2+1)/(x_m x_{m+1}),
x_{m+2}=Kx_{m+1}-x_m.                                     (17)
```

Equation (16) is the affine rank-two cluster recurrence.  Once `K` is fixed,
(17) is a two-dimensional linear matrix iteration, a permanent intake kill.
The zero-totalized singular boundary is too small to support a second paper
after both owned engines are subtracted.

## 8. `SFE`: squarefree erosion

For `p>n`, on all monic polynomials of degree at most `n`, define

```text
