Rc files read:
  /etc/LatexMk
Latexmk: This is Latexmk, John Collins, 20 November 2021, version: 4.76.
Rule 'pdflatex': File changes, etc:
   Changed files, or newly in use since previous run(s):
      'main.tex'
------------
Run number 1 of rule 'pdflatex'
------------
------------
Running 'pdflatex  -interaction=nonstopmode -halt-on-error -file-line-error -recorder  "main.tex"'
------------
Latexmk: applying rule 'pdflatex'...
This is pdfTeX, Version 3.141592653-2.6-1.40.22 (TeX Live 2022/dev/Debian) (preloaded format=pdflatex)
 restricted \write18 enabled.
entering extended mode
(./main.tex
LaTeX2e <2021-11-15> patch level 1
L3 programming layer <2022-01-21>
(/usr/share/texlive/texmf-dist/tex/latex/base/article.cls
Document Class: article 2021/10/04 v1.4n Standard LaTeX document class
(/usr/share/texlive/texmf-dist/tex/latex/base/size11.clo))
(/usr/share/texlive/texmf-dist/tex/latex/geometry/geometry.sty
(/usr/share/texlive/texmf-dist/tex/latex/graphics/keyval.sty)
(/usr/share/texlive/texmf-dist/tex/generic/iftex/ifvtex.sty
(/usr/share/texlive/texmf-dist/tex/generic/iftex/iftex.sty)))
(/usr/share/texlive/texmf-dist/tex/latex/base/fontenc.sty)
(/usr/share/texmf/tex/latex/lm/lmodern.sty)
(/usr/share/texlive/texmf-dist/tex/latex/amsmath/amsmath.sty
For additional information on amsmath, use the `?' option.
(/usr/share/texlive/texmf-dist/tex/latex/amsmath/amstext.sty
(/usr/share/texlive/texmf-dist/tex/latex/amsmath/amsgen.sty))
(/usr/share/texlive/texmf-dist/tex/latex/amsmath/amsbsy.sty)
(/usr/share/texlive/texmf-dist/tex/latex/amsmath/amsopn.sty))
(/usr/share/texlive/texmf-dist/tex/latex/amsfonts/amssymb.sty
(/usr/share/texlive/texmf-dist/tex/latex/amsfonts/amsfonts.sty))
(/usr/share/texlive/texmf-dist/tex/latex/amscls/amsthm.sty)
(/usr/share/texlive/texmf-dist/tex/latex/mathtools/mathtools.sty
(/usr/share/texlive/texmf-dist/tex/latex/tools/calc.sty)
(/usr/share/texlive/texmf-dist/tex/latex/mathtools/mhsetup.sty))
(/usr/share/texlive/texmf-dist/tex/latex/booktabs/booktabs.sty)
(/usr/share/texlive/texmf-dist/tex/latex/tools/tabularx.sty
(/usr/share/texlive/texmf-dist/tex/latex/tools/array.sty))
(/usr/share/texlive/texmf-dist/tex/latex/microtype/microtype.sty
(/usr/share/texlive/texmf-dist/tex/latex/etoolbox/etoolbox.sty)
(/usr/share/texlive/texmf-dist/tex/latex/microtype/microtype-pdftex.def)
(/usr/share/texlive/texmf-dist/tex/latex/microtype/microtype.cfg))
(/usr/share/texlive/texmf-dist/tex/latex/xurl/xurl.sty
(/usr/share/texlive/texmf-dist/tex/latex/url/url.sty))
(/usr/share/texlive/texmf-dist/tex/latex/hyperref/hyperref.sty
(/usr/share/texlive/texmf-dist/tex/generic/ltxcmds/ltxcmds.sty)
(/usr/share/texlive/texmf-dist/tex/generic/pdftexcmds/pdftexcmds.sty
(/usr/share/texlive/texmf-dist/tex/generic/infwarerr/infwarerr.sty))
(/usr/share/texlive/texmf-dist/tex/generic/kvsetkeys/kvsetkeys.sty)
(/usr/share/texlive/texmf-dist/tex/generic/kvdefinekeys/kvdefinekeys.sty)
(/usr/share/texlive/texmf-dist/tex/generic/pdfescape/pdfescape.sty)
(/usr/share/texlive/texmf-dist/tex/latex/hycolor/hycolor.sty)
(/usr/share/texlive/texmf-dist/tex/latex/letltxmacro/letltxmacro.sty)
(/usr/share/texlive/texmf-dist/tex/latex/auxhook/auxhook.sty)
(/usr/share/texlive/texmf-dist/tex/latex/kvoptions/kvoptions.sty)
(/usr/share/texlive/texmf-dist/tex/latex/hyperref/pd1enc.def)
(/usr/share/texlive/texmf-dist/tex/latex/hyperref/hyperref-langpatches.def)
(/usr/share/texlive/texmf-dist/tex/generic/intcalc/intcalc.sty)
(/usr/share/texlive/texmf-dist/tex/generic/etexcmds/etexcmds.sty)
(/usr/share/texlive/texmf-dist/tex/latex/hyperref/puenc.def)
(/usr/share/texlive/texmf-dist/tex/generic/bitset/bitset.sty
(/usr/share/texlive/texmf-dist/tex/generic/bigintcalc/bigintcalc.sty))
(/usr/share/texlive/texmf-dist/tex/latex/base/atbegshi-ltx.sty))
(/usr/share/texlive/texmf-dist/tex/latex/hyperref/hpdftex.def
(/usr/share/texlive/texmf-dist/tex/latex/base/atveryend-ltx.sty)
(/usr/share/texlive/texmf-dist/tex/latex/rerunfilecheck/rerunfilecheck.sty
(/usr/share/texlive/texmf-dist/tex/generic/uniquecounter/uniquecounter.sty)))
(./math_commands.tex) (/usr/share/texmf/tex/latex/lm/t1lmr.fd)
(/usr/share/texlive/texmf-dist/tex/latex/l3backend/l3backend-pdftex.def)
(./main.aux)
*geometry* driver: auto-detecting
*geometry* detected driver: pdftex
(/usr/share/texlive/texmf-dist/tex/latex/graphics/graphicx.sty
(/usr/share/texlive/texmf-dist/tex/latex/graphics/graphics.sty
(/usr/share/texlive/texmf-dist/tex/latex/graphics/trig.sty)
(/usr/share/texlive/texmf-dist/tex/latex/graphics-cfg/graphics.cfg)
(/usr/share/texlive/texmf-dist/tex/latex/graphics-def/pdftex.def
(/usr/share/texlive/texmf-dist/tex/context/base/mkii/supp-pdf.mkii
[Loading MPS to PDF converter (version 2006.09.02).]
))) (/usr/share/texlive/texmf-dist/tex/latex/epstopdf-pkg/epstopdf-base.sty
(/usr/share/texlive/texmf-dist/tex/latex/latexconfig/epstopdf-sys.cfg)))
(/usr/share/texlive/texmf-dist/tex/latex/microtype/mt-cmr.cfg)
(/usr/share/texlive/texmf-dist/tex/latex/hyperref/nameref.sty
(/usr/share/texlive/texmf-dist/tex/latex/refcount/refcount.sty)
(/usr/share/texlive/texmf-dist/tex/generic/gettitlestring/gettitlestring.sty))
(/usr/share/texmf/tex/latex/lm/ot1lmr.fd)
(/usr/share/texmf/tex/latex/lm/omllmm.fd)
(/usr/share/texmf/tex/latex/lm/omslmsy.fd)
(/usr/share/texmf/tex/latex/lm/omxlmex.fd)
(/usr/share/texlive/texmf-dist/tex/latex/amsfonts/umsa.fd)
(/usr/share/texlive/texmf-dist/tex/latex/microtype/mt-msa.cfg)
(/usr/share/texlive/texmf-dist/tex/latex/amsfonts/umsb.fd)
(/usr/share/texlive/texmf-dist/tex/latex/microtype/mt-msb.cfg)
(./sections/0_abstract.tex) (./sections/1_introduction.tex

LaTeX Warning: Reference `eq:normalized_count_intro' on page 1 undefined on inp
ut line 19.


LaTeX Warning: Citation `bch2024' on page 1 undefined on input line 21.


LaTeX Warning: Citation `bch2024' on page 1 undefined on input line 29.

[1{/var/lib/texmf/fonts/map/pdftex/updmap/pdftex.map}]

LaTeX Warning: Reference `thm:image' on page 2 undefined on input line 43.


LaTeX Warning: Reference `cor:fad' on page 2 undefined on input line 45.


LaTeX Warning: Citation `emsw2007' on page 2 undefined on input line 50.


LaTeX Warning: Citation `bc2018' on page 2 undefined on input line 55.


LaTeX Warning: Citation `bch2024' on page 2 undefined on input line 58.


LaTeX Warning: Citation `emsw2007' on page 2 undefined on input line 59.


LaTeX Warning: Reference `eq:cover_intro' on page 2 undefined on input line 75.



LaTeX Warning: Reference `eq:cover_intro' on page 2 undefined on input line 75.



LaTeX Warning: Citation `bch2024' on page 2 undefined on input line 79.


LaTeX Warning: Citation `bch2024' on page 2 undefined on input line 79.


LaTeX Warning: Reference `eq:cover_intro' on page 2 undefined on input line 89.



LaTeX Warning: Citation `bch2024' on page 2 undefined on input line 100.

[2]

LaTeX Warning: Citation `cp2026' on page 3 undefined on input line 107.


LaTeX Warning: Reference `sec:image' on page 3 undefined on input line 115.


LaTeX Warning: Reference `sec:covers' on page 3 undefined on input line 116.


LaTeX Warning: Reference `sec:perfectness' on page 3 undefined on input line 11
6.


LaTeX Warning: Reference `sec:dynamics' on page 3 undefined on input line 117.

) (./sections/2_image_theorem.tex

LaTeX Warning: Reference `eq:kernel_zero' on page 3 undefined on input line 22.



LaTeX Warning: Reference `sec:image' on page 3 undefined on input line 24.


LaTeX Warning: Reference `sec:perfectness' on page 3 undefined on input line 24
.

(/usr/share/texmf/tex/latex/lm/ts1lmr.fd)

LaTeX Warning: Reference `eq:detector_function' on page 3 undefined on input li
ne 54.

[3]) (./sections/3_adaptive_covers.tex

LaTeX Warning: Reference `eq:partition_count' on page 4 undefined on input line
 23.

[4]

LaTeX Warning: Reference `thm:image' on page 5 undefined on input line 54.


LaTeX Warning: Reference `eq:RB' on page 5 undefined on input line 55.


LaTeX Warning: Reference `eq:detector_function' on page 5 undefined on input li
ne 65.


LaTeX Warning: Reference `lem:valuation_tail' on page 5 undefined on input line
 71.


LaTeX Warning: Reference `eq:K_choice' on page 5 undefined on input line 71.


LaTeX Warning: Reference `lem:partition' on page 5 undefined on input line 77.


LaTeX Warning: Reference `eq:coordinate_variation' on page 5 undefined on input
 line 96.


LaTeX Warning: Reference `eq:series_tail' on page 5 undefined on input line 102
.

[5]

LaTeX Warning: Reference `eq:product_cover_count' on page 6 undefined on input 
line 113.


LaTeX Warning: Reference `eq:main_cover' on page 6 undefined on input line 114.



LaTeX Warning: Reference `eq:box_definition' on page 6 undefined on input line 
116.

) (./sections/4_fourier_nonconstancy.tex

LaTeX Warning: Reference `eq:radial_expansion' on page 6 undefined on input lin
e 46.


LaTeX Warning: Reference `eq:fourier_kernel' on page 6 undefined on input line 
47.

[6]

LaTeX Warning: Reference `eq:fourier_tame' on page 7 undefined on input line 50
.


LaTeX Warning: Reference `eq:fourier_wild' on page 7 undefined on input line 62
.


LaTeX Warning: Reference `eq:fourier_tame' on page 7 undefined on input line 80
.


LaTeX Warning: Reference `eq:fourier_wild' on page 7 undefined on input line 80
.


LaTeX Warning: Reference `eq:dominant_ratio' on page 7 undefined on input line 
91.


LaTeX Warning: Reference `lem:fourier' on page 7 undefined on input line 96.

[7]

LaTeX Warning: Reference `lem:positive_series' on page 8 undefined on input lin
e 142.

) (./sections/5_perfectness.tex

LaTeX Warning: Reference `eq:detector_definition' on page 8 undefined on input 
line 4.


LaTeX Warning: Reference `eq:detector_congruences' on page 8 undefined on input
 line 21.


LaTeX Warning: Reference `lem:detector_group' on page 8 undefined on input line
 33.


LaTeX Warning: Reference `eq:detector_congruences' on page 8 undefined on input
 line 44.

[8]

LaTeX Warning: Reference `eq:slice_series' on page 9 undefined on input line 70
.


LaTeX Warning: Reference `lem:local' on page 9 undefined on input line 70.


LaTeX Warning: Citation `bch2024' on page 9 undefined on input line 75.


LaTeX Warning: Reference `lem:local' on page 9 undefined on input line 76.


LaTeX Warning: Reference `eq:active_crt' on page 9 undefined on input line 76.


LaTeX Warning: Reference `thm:image' on page 9 undefined on input line 80.


LaTeX Warning: Reference `prop:nowhere_constant' on page 9 undefined on input l
ine 86.


LaTeX Warning: Reference `sec:covers' on page 9 undefined on input line 88.


LaTeX Warning: Reference `eq:main_cover' on page 9 undefined on input line 88.


LaTeX Warning: Reference `eq:detector_function' on page 9 undefined on input li
ne 95.


LaTeX Warning: Reference `eq:finite_image' on page 9 undefined on input line 10
2.

) (./sections/6_dynamical_applications.tex

LaTeX Warning: Reference `thm:image' on page 9 undefined on input line 5.

[9]

LaTeX Warning: Citation `bch2024' on page 10 undefined on input line 22.


LaTeX Warning: Citation `bch2024' on page 10 undefined on input line 47.


LaTeX Warning: Citation `bch2024' on page 10 undefined on input line 50.


LaTeX Warning: Citation `bch2024' on page 10 undefined on input line 52.


LaTeX Warning: Reference `eq:detector_definition' on page 10 undefined on input
 line 58.


LaTeX Warning: Reference `eq:detector_function' on page 10 undefined on input l
ine 58.


LaTeX Warning: Citation `bch2024' on page 10 undefined on input line 65.


LaTeX Warning: Reference `eq:detector_function' on page 10 undefined on input l
ine 69.


LaTeX Warning: Reference `eq:kernel_zero' on page 10 undefined on input line 70
.


LaTeX Warning: Reference `eq:classical_reduction' on page 10 undefined on input
 line 71.


LaTeX Warning: Reference `eq:finite_image' on page 10 undefined on input line 7
7.


LaTeX Warning: Reference `eq:fad_counts' on page 10 undefined on input line 88.



LaTeX Warning: Reference `thm:image' on page 10 undefined on input line 89.


LaTeX Warning: Reference `eq:classical_reduction' on page 10 undefined on input
 line 91.

[10]

LaTeX Warning: Citation `bch2024' on page 11 undefined on input line 103.


LaTeX Warning: Reference `cor:fad' on page 11 undefined on input line 127.


LaTeX Warning: Reference `eq:solenoid_count' on page 11 undefined on input line
 129.


LaTeX Warning: Citation `bch2024' on page 11 undefined on input line 141.


LaTeX Warning: Reference `eq:wild_count' on page 11 undefined on input line 160
.


LaTeX Warning: Reference `cor:fad' on page 11 undefined on input line 168.


LaTeX Warning: Citation `bch2024' on page 11 undefined on input line 172.

[11]

LaTeX Warning: Citation `bch2024' on page 12 undefined on input line 181.


LaTeX Warning: Reference `eq:solenoid_data' on page 12 undefined on input line 
187.

) (./sections/7_scope.tex

LaTeX Warning: Reference `lem:detector_group' on page 12 undefined on input lin
e 24.


LaTeX Warning: Reference `eq:fad_counts' on page 12 undefined on input line 34.



LaTeX Warning: Reference `cor:fad' on page 12 undefined on input line 36.

[12]

LaTeX Warning: Citation `bch2024' on page 13 undefined on input line 50.


LaTeX Warning: Citation `cp2026' on page 13 undefined on input line 53.

) (/usr/share/texmf/tex/latex/lm/t1lmtt.fd) [13] (./main.aux)

LaTeX Warning: There were undefined references.


LaTeX Warning: Label(s) may have changed. Rerun to get cross-references right.


Package rerunfilecheck Warning: File `main.out' has changed.
(rerunfilecheck)                Rerun to get outlines right
(rerunfilecheck)                or use package `bookmark'.

 ){/usr/share/texmf/fonts/enc/dvips/lm/lm-ec.enc}{/usr/share/texmf/fonts/enc/dv
ips/lm/lm-rm.enc}{/usr/share/texmf/fonts/enc/dvips/lm/lm-mathsy.enc}{/usr/share
/texmf/fonts/enc/dvips/lm/lm-ts1.enc}{/usr/share/texmf/fonts/enc/dvips/lm/lm-ma
thit.enc}{/usr/share/texmf/fonts/enc/dvips/lm/lm-mathex.enc}</usr/share/texmf/f
onts/type1/public/lm/lmbx10.pfb></usr/share/texmf/fonts/type1/public/lm/lmbx12.
pfb></usr/share/texmf/fonts/type1/public/lm/lmbx8.pfb></usr/share/texmf/fonts/t
ype1/public/lm/lmex10.pfb></usr/share/texmf/fonts/type1/public/lm/lmmi10.pfb></
usr/share/texmf/fonts/type1/public/lm/lmmi6.pfb></usr/share/texmf/fonts/type1/p
ublic/lm/lmmi7.pfb></usr/share/texmf/fonts/type1/public/lm/lmmi8.pfb></usr/shar
e/texmf/fonts/type1/public/lm/lmr10.pfb></usr/share/texmf/fonts/type1/public/lm
/lmr12.pfb></usr/share/texmf/fonts/type1/public/lm/lmr17.pfb></usr/share/texmf/
fonts/type1/public/lm/lmr6.pfb></usr/share/texmf/fonts/type1/public/lm/lmr7.pfb
></usr/share/texmf/fonts/type1/public/lm/lmr8.pfb></usr/share/texmf/fonts/type1
/public/lm/lmri10.pfb></usr/share/texmf/fonts/type1/public/lm/lmri8.pfb></usr/s
hare/texmf/fonts/type1/public/lm/lmsy10.pfb></usr/share/texmf/fonts/type1/publi
c/lm/lmsy6.pfb></usr/share/texmf/fonts/type1/public/lm/lmsy8.pfb></usr/share/te
xmf/fonts/type1/public/lm/lmtt10.pfb></usr/share/texlive/texmf-dist/fonts/type1
/public/amsfonts/symbols/msbm10.pfb>
Output written on main.pdf (13 pages, 408121 bytes).
Transcript written on main.log.
Latexmk: References changed.
Latexmk: References changed.
Latexmk: Log file says output to 'main.pdf'
Latexmk: List of undefined refs and citations:
  Citation `bc2018' on page 2 undefined on input line 55
  Citation `bch2024' on page 1 undefined on input line 21
  Citation `bch2024' on page 1 undefined on input line 29
  Citation `bch2024' on page 10 undefined on input line 22
  Citation `bch2024' on page 10 undefined on input line 47
  Citation `bch2024' on page 10 undefined on input line 50
  Citation `bch2024' on page 10 undefined on input line 52
  Citation `bch2024' on page 10 undefined on input line 65
  Citation `bch2024' on page 11 undefined on input line 103
  Citation `bch2024' on page 11 undefined on input line 141
  Citation `bch2024' on page 11 undefined on input line 172
  Citation `bch2024' on page 12 undefined on input line 181
  Citation `bch2024' on page 13 undefined on input line 50
  Citation `bch2024' on page 2 undefined on input line 100
  Citation `bch2024' on page 2 undefined on input line 58
  Citation `bch2024' on page 2 undefined on input line 79
  Citation `bch2024' on page 9 undefined on input line 75
  Citation `cp2026' on page 13 undefined on input line 53
  Citation `cp2026' on page 3 undefined on input line 107
  Citation `emsw2007' on page 2 undefined on input line 50
  Citation `emsw2007' on page 2 undefined on input line 59
  Reference `cor:fad' on page 11 undefined on input line 127
  Reference `cor:fad' on page 11 undefined on input line 168
  Reference `cor:fad' on page 12 undefined on input line 36
  Reference `cor:fad' on page 2 undefined on input line 45
  Reference `eq:K_choice' on page 5 undefined on input line 71
  Reference `eq:RB' on page 5 undefined on input line 55
  Reference `eq:active_crt' on page 9 undefined on input line 76
  Reference `eq:box_definition' on page 6 undefined on input line 116
  Reference `eq:classical_reduction' on page 10 undefined on input line 71
  Reference `eq:classical_reduction' on page 10 undefined on input line 91
  Reference `eq:coordinate_variation' on page 5 undefined on input line 96
  Reference `eq:cover_intro' on page 2 undefined on input line 75
  Reference `eq:cover_intro' on page 2 undefined on input line 89
  Reference `eq:detector_congruences' on page 8 undefined on input line 21
  Reference `eq:detector_congruences' on page 8 undefined on input line 44
  Reference `eq:detector_definition' on page 10 undefined on input line 58
  Reference `eq:detector_definition' on page 8 undefined on input line 4
  Reference `eq:detector_function' on page 10 undefined on input line 58
  Reference `eq:detector_function' on page 10 undefined on input line 69
  Reference `eq:detector_function' on page 3 undefined on input line 54
  Reference `eq:detector_function' on page 5 undefined on input line 65
  Reference `eq:detector_function' on page 9 undefined on input line 95
  Reference `eq:dominant_ratio' on page 7 undefined on input line 91
  Reference `eq:fad_counts' on page 10 undefined on input line 88
  Reference `eq:fad_counts' on page 12 undefined on input line 34
  Reference `eq:finite_image' on page 10 undefined on input line 77
  Reference `eq:finite_image' on page 9 undefined on input line 102
  Reference `eq:fourier_kernel' on page 6 undefined on input line 47
  Reference `eq:fourier_tame' on page 7 undefined on input line 50
  Reference `eq:fourier_tame' on page 7 undefined on input line 80
  Reference `eq:fourier_wild' on page 7 undefined on input line 62
  Reference `eq:fourier_wild' on page 7 undefined on input line 80
  Reference `eq:kernel_zero' on page 10 undefined on input line 70
  Reference `eq:kernel_zero' on page 3 undefined on input line 22
  Reference `eq:main_cover' on page 6 undefined on input line 114
  Reference `eq:main_cover' on page 9 undefined on input line 88
  Reference `eq:normalized_count_intro' on page 1 undefined on input line 19
  Reference `eq:partition_count' on page 4 undefined on input line 23
  Reference `eq:product_cover_count' on page 6 undefined on input line 113
  Reference `eq:radial_expansion' on page 6 undefined on input line 46
  Reference `eq:series_tail' on page 5 undefined on input line 102
  Reference `eq:slice_series' on page 9 undefined on input line 70
  Reference `eq:solenoid_count' on page 11 undefined on input line 129
  Reference `eq:solenoid_data' on page 12 undefined on input line 187
  Reference `eq:wild_count' on page 11 undefined on input line 160
  Reference `lem:detector_group' on page 12 undefined on input line 24
  Reference `lem:detector_group' on page 8 undefined on input line 33
  Reference `lem:fourier' on page 7 undefined on input line 96
  Reference `lem:local' on page 9 undefined on input line 70
  Reference `lem:local' on page 9 undefined on input line 76
  Reference `lem:partition' on page 5 undefined on input line 77
  Reference `lem:positive_series' on page 8 undefined on input line 142
  Reference `lem:valuation_tail' on page 5 undefined on input line 71
  Reference `prop:nowhere_constant' on page 9 undefined on input line 86
  Reference `sec:covers' on page 3 undefined on input line 116
  Reference `sec:covers' on page 9 undefined on input line 88
  Reference `sec:dynamics' on page 3 undefined on input line 117
  Reference `sec:image' on page 3 undefined on input line 115
  Reference `sec:image' on page 3 undefined on input line 24
  Reference `sec:perfectness' on page 3 undefined on input line 116
  Reference `sec:perfectness' on page 3 undefined on input line 24
  Reference `thm:image' on page 10 undefined on input line 89
  Reference `thm:image' on page 2 undefined on input line 43
  Reference `thm:image' on page 5 undefined on input line 54
  Reference `thm:image' on page 9 undefined on input line 5
  Reference `thm:image' on page 9 undefined on input line 80
Rule 'pdflatex': File changes, etc:
   Changed files, or newly in use since previous run(s):
      'main.aux'
      'main.out'
------------
Run number 2 of rule 'pdflatex'
------------
------------
Running 'pdflatex  -interaction=nonstopmode -halt-on-error -file-line-error -recorder  "main.tex"'
------------
Latexmk: Examining 'main.log'
=== TeX engine is 'pdfTeX'
Latexmk: applying rule 'pdflatex'...
This is pdfTeX, Version 3.141592653-2.6-1.40.22 (TeX Live 2022/dev/Debian) (preloaded format=pdflatex)
 restricted \write18 enabled.
entering extended mode
(./main.tex
LaTeX2e <2021-11-15> patch level 1
L3 programming layer <2022-01-21>
(/usr/share/texlive/texmf-dist/tex/latex/base/article.cls
Document Class: article 2021/10/04 v1.4n Standard LaTeX document class
(/usr/share/texlive/texmf-dist/tex/latex/base/size11.clo))
(/usr/share/texlive/texmf-dist/tex/latex/geometry/geometry.sty
(/usr/share/texlive/texmf-dist/tex/latex/graphics/keyval.sty)
(/usr/share/texlive/texmf-dist/tex/generic/iftex/ifvtex.sty
(/usr/share/texlive/texmf-dist/tex/generic/iftex/iftex.sty)))
(/usr/share/texlive/texmf-dist/tex/latex/base/fontenc.sty)
(/usr/share/texmf/tex/latex/lm/lmodern.sty)
(/usr/share/texlive/texmf-dist/tex/latex/amsmath/amsmath.sty
For additional information on amsmath, use the `?' option.
(/usr/share/texlive/texmf-dist/tex/latex/amsmath/amstext.sty
(/usr/share/texlive/texmf-dist/tex/latex/amsmath/amsgen.sty))
(/usr/share/texlive/texmf-dist/tex/latex/amsmath/amsbsy.sty)
(/usr/share/texlive/texmf-dist/tex/latex/amsmath/amsopn.sty))
(/usr/share/texlive/texmf-dist/tex/latex/amsfonts/amssymb.sty
(/usr/share/texlive/texmf-dist/tex/latex/amsfonts/amsfonts.sty))
(/usr/share/texlive/texmf-dist/tex/latex/amscls/amsthm.sty)
(/usr/share/texlive/texmf-dist/tex/latex/mathtools/mathtools.sty
(/usr/share/texlive/texmf-dist/tex/latex/tools/calc.sty)
(/usr/share/texlive/texmf-dist/tex/latex/mathtools/mhsetup.sty))
(/usr/share/texlive/texmf-dist/tex/latex/booktabs/booktabs.sty)
(/usr/share/texlive/texmf-dist/tex/latex/tools/tabularx.sty
(/usr/share/texlive/texmf-dist/tex/latex/tools/array.sty))
(/usr/share/texlive/texmf-dist/tex/latex/microtype/microtype.sty
(/usr/share/texlive/texmf-dist/tex/latex/etoolbox/etoolbox.sty)
(/usr/share/texlive/texmf-dist/tex/latex/microtype/microtype-pdftex.def)
(/usr/share/texlive/texmf-dist/tex/latex/microtype/microtype.cfg))
(/usr/share/texlive/texmf-dist/tex/latex/xurl/xurl.sty
(/usr/share/texlive/texmf-dist/tex/latex/url/url.sty))
(/usr/share/texlive/texmf-dist/tex/latex/hyperref/hyperref.sty
(/usr/share/texlive/texmf-dist/tex/generic/ltxcmds/ltxcmds.sty)
(/usr/share/texlive/texmf-dist/tex/generic/pdftexcmds/pdftexcmds.sty
(/usr/share/texlive/texmf-dist/tex/generic/infwarerr/infwarerr.sty))
(/usr/share/texlive/texmf-dist/tex/generic/kvsetkeys/kvsetkeys.sty)
(/usr/share/texlive/texmf-dist/tex/generic/kvdefinekeys/kvdefinekeys.sty)
(/usr/share/texlive/texmf-dist/tex/generic/pdfescape/pdfescape.sty)
(/usr/share/texlive/texmf-dist/tex/latex/hycolor/hycolor.sty)
(/usr/share/texlive/texmf-dist/tex/latex/letltxmacro/letltxmacro.sty)
(/usr/share/texlive/texmf-dist/tex/latex/auxhook/auxhook.sty)
(/usr/share/texlive/texmf-dist/tex/latex/kvoptions/kvoptions.sty)
(/usr/share/texlive/texmf-dist/tex/latex/hyperref/pd1enc.def)
(/usr/share/texlive/texmf-dist/tex/latex/hyperref/hyperref-langpatches.def)
(/usr/share/texlive/texmf-dist/tex/generic/intcalc/intcalc.sty)
(/usr/share/texlive/texmf-dist/tex/generic/etexcmds/etexcmds.sty)
(/usr/share/texlive/texmf-dist/tex/latex/hyperref/puenc.def)
(/usr/share/texlive/texmf-dist/tex/generic/bitset/bitset.sty
(/usr/share/texlive/texmf-dist/tex/generic/bigintcalc/bigintcalc.sty))
(/usr/share/texlive/texmf-dist/tex/latex/base/atbegshi-ltx.sty))
(/usr/share/texlive/texmf-dist/tex/latex/hyperref/hpdftex.def
(/usr/share/texlive/texmf-dist/tex/latex/base/atveryend-ltx.sty)
(/usr/share/texlive/texmf-dist/tex/latex/rerunfilecheck/rerunfilecheck.sty
(/usr/share/texlive/texmf-dist/tex/generic/uniquecounter/uniquecounter.sty)))
(./math_commands.tex) (/usr/share/texmf/tex/latex/lm/t1lmr.fd)
(/usr/share/texlive/texmf-dist/tex/latex/l3backend/l3backend-pdftex.def)
(./main.aux)
*geometry* driver: auto-detecting
*geometry* detected driver: pdftex
(/usr/share/texlive/texmf-dist/tex/latex/graphics/graphicx.sty
(/usr/share/texlive/texmf-dist/tex/latex/graphics/graphics.sty
(/usr/share/texlive/texmf-dist/tex/latex/graphics/trig.sty)
(/usr/share/texlive/texmf-dist/tex/latex/graphics-cfg/graphics.cfg)
(/usr/share/texlive/texmf-dist/tex/latex/graphics-def/pdftex.def
(/usr/share/texlive/texmf-dist/tex/context/base/mkii/supp-pdf.mkii
[Loading MPS to PDF converter (version 2006.09.02).]
))) (/usr/share/texlive/texmf-dist/tex/latex/epstopdf-pkg/epstopdf-base.sty
(/usr/share/texlive/texmf-dist/tex/latex/latexconfig/epstopdf-sys.cfg)))
(/usr/share/texlive/texmf-dist/tex/latex/microtype/mt-cmr.cfg)
(/usr/share/texlive/texmf-dist/tex/latex/hyperref/nameref.sty
(/usr/share/texlive/texmf-dist/tex/latex/refcount/refcount.sty)
(/usr/share/texlive/texmf-dist/tex/generic/gettitlestring/gettitlestring.sty))
(./main.out) (./main.out) (/usr/share/texmf/tex/latex/lm/ot1lmr.fd)
(/usr/share/texmf/tex/latex/lm/omllmm.fd)
(/usr/share/texmf/tex/latex/lm/omslmsy.fd)
(/usr/share/texmf/tex/latex/lm/omxlmex.fd)
(/usr/share/texlive/texmf-dist/tex/latex/amsfonts/umsa.fd)
(/usr/share/texlive/texmf-dist/tex/latex/microtype/mt-msa.cfg)
(/usr/share/texlive/texmf-dist/tex/latex/amsfonts/umsb.fd)
(/usr/share/texlive/texmf-dist/tex/latex/microtype/mt-msb.cfg)
(./sections/0_abstract.tex) (./sections/1_introduction.tex [1{/var/lib/texmf/fo
nts/map/pdftex/updmap/pdftex.map}] [2]) (./sections/2_image_theorem.tex
(/usr/share/texmf/tex/latex/lm/ts1lmr.fd) [3])
(./sections/3_adaptive_covers.tex [4] [5])
(./sections/4_fourier_nonconstancy.tex [6] [7]) (./sections/5_perfectness.tex
[8]) (./sections/6_dynamical_applications.tex [9] [10] [11])
(./sections/7_scope.tex [12]) (/usr/share/texmf/tex/latex/lm/t1lmtt.fd)
[13] (./main.aux) ){/usr/share/texmf/fonts/enc/dvips/lm/lm-ec.enc}{/usr/share/t
exmf/fonts/enc/dvips/lm/lm-rm.enc}{/usr/share/texmf/fonts/enc/dvips/lm/lm-maths
y.enc}{/usr/share/texmf/fonts/enc/dvips/lm/lm-ts1.enc}{/usr/share/texmf/fonts/e
nc/dvips/lm/lm-mathit.enc}{/usr/share/texmf/fonts/enc/dvips/lm/lm-mathex.enc}</
usr/share/texmf/fonts/type1/public/lm/lmbx10.pfb></usr/share/texmf/fonts/type1/
public/lm/lmbx12.pfb></usr/share/texmf/fonts/type1/public/lm/lmbx8.pfb></usr/sh
are/texmf/fonts/type1/public/lm/lmex10.pfb></usr/share/texmf/fonts/type1/public
/lm/lmmi10.pfb></usr/share/texmf/fonts/type1/public/lm/lmmi6.pfb></usr/share/te
xmf/fonts/type1/public/lm/lmmi7.pfb></usr/share/texmf/fonts/type1/public/lm/lmm
i8.pfb></usr/share/texmf/fonts/type1/public/lm/lmr10.pfb></usr/share/texmf/font
s/type1/public/lm/lmr12.pfb></usr/share/texmf/fonts/type1/public/lm/lmr17.pfb><
/usr/share/texmf/fonts/type1/public/lm/lmr6.pfb></usr/share/texmf/fonts/type1/p
ublic/lm/lmr7.pfb></usr/share/texmf/fonts/type1/public/lm/lmr8.pfb></usr/share/
texmf/fonts/type1/public/lm/lmri10.pfb></usr/share/texmf/fonts/type1/public/lm/
lmri8.pfb></usr/share/texmf/fonts/type1/public/lm/lmsy10.pfb></usr/share/texmf/
fonts/type1/public/lm/lmsy6.pfb></usr/share/texmf/fonts/type1/public/lm/lmsy8.p
fb></usr/share/texmf/fonts/type1/public/lm/lmtt10.pfb></usr/share/texlive/texmf
-dist/fonts/type1/public/amsfonts/symbols/msbm10.pfb>
Output written on main.pdf (13 pages, 411706 bytes).
Transcript written on main.log.
Latexmk: Log file says output to 'main.pdf'
Latexmk: Examining 'main.log'
=== TeX engine is 'pdfTeX'
Latexmk: All targets (main.pdf) are up-to-date
