This is pdfTeX, Version 3.141592653-2.6-1.40.22 (TeX Live 2022/dev/Debian) (preloaded format=pdflatex)
entering extended mode
(./main.tex
LaTeX2e <2021-11-15> patch level 1
L3 programming layer <2022-01-21>
(/usr/share/texlive/texmf-dist/tex/latex/base/article.cls
Document Class: article 2021/10/04 v1.4n Standard LaTeX document class
(/usr/share/texlive/texmf-dist/tex/latex/base/size11.clo))
(/usr/share/texlive/texmf-dist/tex/latex/amsmath/amsmath.sty
For additional information on amsmath, use the `?' option.
(/usr/share/texlive/texmf-dist/tex/latex/amsmath/amstext.sty
(/usr/share/texlive/texmf-dist/tex/latex/amsmath/amsgen.sty))
(/usr/share/texlive/texmf-dist/tex/latex/amsmath/amsbsy.sty)
(/usr/share/texlive/texmf-dist/tex/latex/amsmath/amsopn.sty))
(/usr/share/texlive/texmf-dist/tex/latex/amsfonts/amssymb.sty
(/usr/share/texlive/texmf-dist/tex/latex/amsfonts/amsfonts.sty))
(/usr/share/texlive/texmf-dist/tex/latex/amscls/amsthm.sty)
(/usr/share/texlive/texmf-dist/tex/latex/mathtools/mathtools.sty
(/usr/share/texlive/texmf-dist/tex/latex/graphics/keyval.sty)
(/usr/share/texlive/texmf-dist/tex/latex/tools/calc.sty)
(/usr/share/texlive/texmf-dist/tex/latex/mathtools/mhsetup.sty))
(/usr/share/texlive/texmf-dist/tex/latex/booktabs/booktabs.sty)
(/usr/share/texlive/texmf-dist/tex/latex/tools/array.sty)
(/usr/share/texlive/texmf-dist/tex/latex/tools/longtable.sty)
(/usr/share/texlive/texmf-dist/tex/latex/enumitem/enumitem.sty)
(./math_commands.tex)
(/usr/share/texlive/texmf-dist/tex/latex/l3backend/l3backend-pdftex.def)
No file main.aux.
(/usr/share/texlive/texmf-dist/tex/latex/graphics/graphicx.sty
(/usr/share/texlive/texmf-dist/tex/latex/graphics/graphics.sty
(/usr/share/texlive/texmf-dist/tex/latex/graphics/trig.sty)
(/usr/share/texlive/texmf-dist/tex/latex/graphics-cfg/graphics.cfg)
(/usr/share/texlive/texmf-dist/tex/latex/graphics-def/pdftex.def
(/usr/share/texlive/texmf-dist/tex/context/base/mkii/supp-pdf.mkii
[Loading MPS to PDF converter (version 2006.09.02).]
)))) (/usr/share/texlive/texmf-dist/tex/latex/amsfonts/umsa.fd)
(/usr/share/texlive/texmf-dist/tex/latex/amsfonts/umsb.fd) [1{/var/lib/texmf/fo
nts/map/pdftex/updmap/pdftex.map}] [2]

LaTeX Warning: Citation `gomez_meiss_2004' on page 3 undefined on input line 14
3.


LaTeX Warning: Citation `shafikov_wolf_2003' on page 3 undefined on input line 
144.


LaTeX Warning: Citation `janeczko_jelonek_2008' on page 3 undefined on input li
ne 146.


LaTeX Warning: Citation `deserti_2018' on page 3 undefined on input line 147.


LaTeX Warning: Citation `cheng_wang_yu_1994' on page 3 undefined on input line 
148.


LaTeX Warning: Citation `hasselblatt_propp_2007' on page 3 undefined on input l
ine 154.


LaTeX Warning: Citation `bedford_kim_2008' on page 3 undefined on input line 15
5.


LaTeX Warning: Citation `favre_wulcan_2012' on page 3 undefined on input line 1
56.


LaTeX Warning: Citation `el_hilany_2024' on page 3 undefined on input line 158.



LaTeX Warning: Citation `grigoriev_containment' on page 3 undefined on input li
ne 158.


LaTeX Warning: Citation `nisse_2026' on page 3 undefined on input line 158.


LaTeX Warning: Citation `takenawa_2026' on page 3 undefined on input line 160.


Underfull \hbox (badness 1253) in paragraph at lines 152--164
\OT1/cmr/m/n/10.95 polyhedron and trop-i-cal tech-niques pro-vide fur-ther near
by ge-o-met-ric
[3]

LaTeX Warning: Citation `fordy_hone_2011' on page 4 undefined on input line 167
.


LaTeX Warning: Citation `koch_lomeli_2014' on page 4 undefined on input line 16
8.


LaTeX Warning: Citation `berger_turaev_2025' on page 4 undefined on input line 
169.


LaTeX Warning: Citation `blanc_van_santen_2022' on page 4 undefined on input li
ne 171.


LaTeX Warning: Citation `dang_favre_2021' on page 4 undefined on input line 172
.


LaTeX Warning: Citation `bianchi_dinh_rakhimov_2024' on page 4 undefined on inp
ut line 173.


LaTeX Warning: Citation `shao_sun_2025' on page 4 undefined on input line 174.


LaTeX Warning: Citation `abboud_xie_2026' on page 4 undefined on input line 175
.

[4] [5] [6]

LaTeX Warning: Reference `lem:target-inclusion' on page 7 undefined on input li
ne 423.

[7]

LaTeX Warning: Reference `thm:equality' on page 8 undefined on input line 437.


LaTeX Warning: Reference `prop:tail' on page 8 undefined on input line 438.


LaTeX Warning: Reference `thm:radius' on page 8 undefined on input line 447.

[8] [9]

LaTeX Warning: Reference `lem:jacobian' on page 10 undefined on input line 575.



LaTeX Warning: Reference `lem:hessian' on page 10 undefined on input line 576.

[10]

LaTeX Warning: Reference `lem:graded' on page 11 undefined on input line 605.


LaTeX Warning: Reference `lem:hessian' on page 11 undefined on input line 632.


LaTeX Warning: Reference `lem:graded' on page 11 undefined on input line 632.


LaTeX Warning: Reference `lem:graded' on page 11 undefined on input line 651.


LaTeX Warning: Reference `lem:fresh-old' on page 11 undefined on input line 652
.

[11]

LaTeX Warning: Reference `prop:survival' on page 12 undefined on input line 662
.


LaTeX Warning: Reference `lem:target-inclusion' on page 12 undefined on input l
ine 670.

[12]
Overfull \hbox (10.99185pt too wide) detected at line 738
\OML/cmm/m/it/10.95 T[] \OT1/cmr/m/n/10.95 = \OMS/cmsy/m/n/10.95 fj\OML/cmm/m/i
t/10.95 \OMS/cmsy/m/n/10.95 j \OT1/cmr/m/n/10.95 : \OML/cmm/m/it/10.95  \OMS/
cmsy/m/n/10.95 2 \OML/cmm/m/it/10.95 E[]\OMS/cmsy/m/n/10.95 g\OML/cmm/m/it/10.9
5 ;  T[] \OT1/cmr/m/n/10.95 = \OMS/cmsy/m/n/10.95 fj\OML/cmm/m/it/10.95 ^^L\OMS
/cmsy/m/n/10.95 j \OT1/cmr/m/n/10.95 : \OML/cmm/m/it/10.95 ^^L \OMS/cmsy/m/n/10
.95 2 \OML/cmm/m/it/10.95 E[]\OMS/cmsy/m/n/10.95 g\OML/cmm/m/it/10.95 ;  d[] \O
T1/cmr/m/n/10.95 = \OMS/cmsy/m/n/10.95 j\OML/cmm/m/it/10.95 T[]\OMS/cmsy/m/n/10
.95 j\OML/cmm/m/it/10.95 ;  d[] \OT1/cmr/m/n/10.95 = \OMS/cmsy/m/n/10.95 j\OML/
cmm/m/it/10.95 T[]\OMS/cmsy/m/n/10.95 j\OML/cmm/m/it/10.95 :
[13]

LaTeX Warning: Reference `lem:ordered-slopes' on page 14 undefined on input lin
e 836.

[14] [15] [16]

LaTeX Warning: Reference `lem:full-span' on page 17 undefined on input line 989
.

[17] [18] [19] [20] [21] [22]

LaTeX Warning: Reference `tab:forward-fixture' on page 23 undefined on input li
ne 1439.


LaTeX Warning: Reference `tab:source-fixture' on page 23 undefined on input lin
e 1439.


Overfull \hbox (17.59975pt too wide) in paragraph at lines 1462--1467
[]|$[][]$| 

Overfull \hbox (33.8701pt too wide) in paragraph at lines 1468--1475
[]|$[][]$| 

Overfull \hbox (17.59975pt too wide) in paragraph at lines 1477--1482
[]|$[][]$| 

Overfull \hbox (33.8701pt too wide) in paragraph at lines 1483--1490
[]|$[][]$| 

Overfull \hbox (17.59975pt too wide) in paragraph at lines 1492--1497
[]|$[][]$| 

Overfull \hbox (33.8701pt too wide) in paragraph at lines 1498--1505
[]|$[][]$| 

Overfull \hbox (17.59975pt too wide) in paragraph at lines 1507--1512
[]|$[][]$| 

Overfull \hbox (33.8701pt too wide) in paragraph at lines 1513--1520
[]|$[][]$| 

Overfull \hbox (17.59975pt too wide) in paragraph at lines 1522--1527
[]|$[][]$| 

Overfull \hbox (33.8701pt too wide) in paragraph at lines 1528--1535
[]|$[][]$| 

Overfull \hbox (17.59975pt too wide) in paragraph at lines 1537--1542
[]|$[][]$| 

Overfull \hbox (33.8701pt too wide) in paragraph at lines 1543--1550
[]|$[][]$| 
[23] [24]

LaTeX Warning: Reference `tab:boundaries' on page 25 undefined on input line 15
85.


Underfull \hbox (badness 10000) in paragraph at lines 1600--1600
[]|\OT1/cmr/m/n/10.95 Characteristic

Underfull \hbox (badness 7504) in paragraph at lines 1601--1603
[]|\OT1/cmr/m/n/10.95 In char-ac-ter-is-tic $\OML/cmm/m/it/10.95 p$\OT1/cmr/m/n
/10.95 , $\OML/cmm/m/it/10.95 P \OT1/cmr/m/n/10.95 =

Underfull \hbox (badness 6078) in paragraph at lines 1604--1605
\OT1/cmr/m/n/10.95 es-tab-lish fresh sur-

Underfull \hbox (badness 4859) in paragraph at lines 1606--1606
[]|\OT1/cmr/m/n/10.95 Positive co-or-

Underfull \hbox (badness 10000) in paragraph at lines 1611--1611
[]|\OT1/cmr/m/n/10.95 Coordinate

Underfull \hbox (badness 10000) in paragraph at lines 1611--1611
\OT1/cmr/m/n/10.95 lower bound

Underfull \hbox (badness 10000) in paragraph at lines 1614--1615
[]|\OT1/cmr/m/n/10.95 Selector unique-

Underfull \hbox (badness 10000) in paragraph at lines 1614--1615
\OT1/cmr/m/n/10.95 ness and fresh/old

Underfull \hbox (badness 1546) in paragraph at lines 1614--1615
\OT1/cmr/m/n/10.95 sep-a-ra-tion fail in-de-

Underfull \hbox (badness 2521) in paragraph at lines 1616--1616
[]|\OT1/cmr/m/n/10.95 Complete row

Underfull \hbox (badness 10000) in paragraph at lines 1628--1628
[]|\OT1/cmr/m/n/10.95 Literal re-

Underfull \hbox (badness 2042) in paragraph at lines 1629--1630
\OT1/cmr/m/n/10.95 (57\OML/cmm/m/it/10.95 ; \OT1/cmr/m/n/10.95 48\OML/cmm/m/it/
10.95 ; \OT1/cmr/m/n/10.95 57) \OMS/cmsy/m/n/10.95 6\OT1/cmr/m/n/10.95 = (83\OM
L/cmm/m/it/10.95 ; \OT1/cmr/m/n/10.95 74\OML/cmm/m/it/10.95 ; \OT1/cmr/m/n/10.9
5 83)$ in

Underfull \hbox (badness 3439) in paragraph at lines 1631--1632
[]|\OT1/cmr/m/n/10.95 Reflected reci-procity

Underfull \hbox (badness 10000) in paragraph at lines 1633--1633
[]|\OT1/cmr/m/n/10.95 Positive-

Underfull \hbox (badness 10000) in paragraph at lines 1633--1633
\OT1/cmr/m/n/10.95 support can-

Underfull \hbox (badness 10000) in paragraph at lines 1633--1633
\OT1/cmr/m/n/10.95 cel-la-tion

Underfull \hbox (badness 2005) in paragraph at lines 1637--1638
[]|\OT1/cmr/m/n/10.95 Zero and unit sup-
[25] [26] [27]
BATCH07_REFERENCE_START_PAGE=28
No file main.bbl.
(./main.aux)

LaTeX Warning: There were undefined references.


LaTeX Warning: Label(s) may have changed. Rerun to get cross-references right.

 )
(see the transcript file for additional information)</usr/share/texlive/texmf-d
ist/fonts/type1/public/amsfonts/cm/cmbx10.pfb></usr/share/texlive/texmf-dist/fo
nts/type1/public/amsfonts/cm/cmbx12.pfb></usr/share/texlive/texmf-dist/fonts/ty
pe1/public/amsfonts/cm/cmbx8.pfb></usr/share/texlive/texmf-dist/fonts/type1/pub
lic/amsfonts/cm/cmex10.pfb></usr/share/texlive/texmf-dist/fonts/type1/public/am
sfonts/cmextra/cmex8.pfb></usr/share/texlive/texmf-dist/fonts/type1/public/amsf
onts/cm/cmmi10.pfb></usr/share/texlive/texmf-dist/fonts/type1/public/amsfonts/c
m/cmmi6.pfb></usr/share/texlive/texmf-dist/fonts/type1/public/amsfonts/cm/cmmi7
.pfb></usr/share/texlive/texmf-dist/fonts/type1/public/amsfonts/cm/cmmi8.pfb></
usr/share/texlive/texmf-dist/fonts/type1/public/amsfonts/cm/cmr10.pfb></usr/sha
re/texlive/texmf-dist/fonts/type1/public/amsfonts/cm/cmr12.pfb></usr/share/texl
ive/texmf-dist/fonts/type1/public/amsfonts/cm/cmr17.pfb></usr/share/texlive/tex
mf-dist/fonts/type1/public/amsfonts/cm/cmr6.pfb></usr/share/texlive/texmf-dist/
fonts/type1/public/amsfonts/cm/cmr7.pfb></usr/share/texlive/texmf-dist/fonts/ty
pe1/public/amsfonts/cm/cmr8.pfb></usr/share/texlive/texmf-dist/fonts/type1/publ
ic/amsfonts/cm/cmss8.pfb></usr/share/texlive/texmf-dist/fonts/type1/public/amsf
onts/cm/cmsy10.pfb></usr/share/texlive/texmf-dist/fonts/type1/public/amsfonts/c
m/cmsy6.pfb></usr/share/texlive/texmf-dist/fonts/type1/public/amsfonts/cm/cmsy7
.pfb></usr/share/texlive/texmf-dist/fonts/type1/public/amsfonts/cm/cmsy8.pfb></
usr/share/texlive/texmf-dist/fonts/type1/public/amsfonts/cm/cmti10.pfb></usr/sh
are/texlive/texmf-dist/fonts/type1/public/amsfonts/symbols/msbm10.pfb>
Output written on main.pdf (27 pages, 330398 bytes).
Transcript written on main.log.
