{
  "actual_prior_page_attestations_bound": 21,
  "boundary": "Prior accepted theorem/review/command predicates are received under complete named unchanged keys. Known inventories and recorded samples are not continuous tracing, new proof or new viewing.",
  "checks": 10270582,
  "complete_raw_comparisons_read_only": 20,
  "current_file_key_sha256": "087b90f42ad1a55fef4daa2acb29cee4fca614736c862aa9aed5e2a65d628dc0",
  "current_file_keys_reread": 142784,
  "current_valid_author_A_B_pairs": 12,
  "current_valid_source_only_builds": 8,
  "documentary_aliases_used": {
    "/root/autodl-tmp/symbolic_dynamics/docs/papers204_208_sequence/FINAL_THEOREM_CONTRACTS.md @ baa278de72e8d82075c094ec05e95118c3794057cbb70430a6c7f363b621059c [artifact_p208_initial]": "/root/autodl-tmp/symbolic_dynamics/docs/papers204_208_sequence/qa/central_lifecycle_p209_20260907/before/FINAL_THEOREM_CONTRACTS.md",
    "/root/autodl-tmp/symbolic_dynamics/docs/papers204_208_sequence/FINAL_THEOREM_CONTRACTS.md @ baa278de72e8d82075c094ec05e95118c3794057cbb70430a6c7f363b621059c [artifact_p208_lifecycle]": "/root/autodl-tmp/symbolic_dynamics/docs/papers204_208_sequence/qa/central_lifecycle_p209_20260907/before/FINAL_THEOREM_CONTRACTS.md",
    "/root/autodl-tmp/symbolic_dynamics/docs/papers204_208_sequence/FINAL_THEOREM_CONTRACTS.md @ baa278de72e8d82075c094ec05e95118c3794057cbb70430a6c7f363b621059c [p208_a]": "/root/autodl-tmp/symbolic_dynamics/docs/papers204_208_sequence/qa/p208_round0_input_inspection_v2/historical_workspace_origins/docs/papers204_208_sequence/FINAL_THEOREM_CONTRACTS.md",
    "/root/autodl-tmp/symbolic_dynamics/docs/papers204_208_sequence/reviews/p208_a/FINDINGS.json @ b7c27f963cd93020a530c121bb38f6ee6cb7bb85194a1730974854bb04cf6078 [p208_a]": "/root/autodl-tmp/symbolic_dynamics/docs/papers204_208_sequence/reviews/p208_a/delta/initial_snapshot/FINDINGS.json",
    "/root/autodl-tmp/symbolic_dynamics/docs/papers204_208_sequence/reviews/p208_a/SHA256SUMS @ 6d129aad1aec05cc08025030af1e1328cd59e66fccfd6311fc0176c901165ac8 [p208_a]": "/root/autodl-tmp/symbolic_dynamics/docs/papers204_208_sequence/reviews/p208_a/delta/initial_snapshot/SHA256SUMS",
    "/root/autodl-tmp/symbolic_dynamics/docs/papers204_208_sequence/reviews/p208_b/FINDINGS.json @ f9c7ef9a99651eb6252231ee0ba15ac75d7348b921698c0ac65326318d31df02 [p208_b]": "/root/autodl-tmp/symbolic_dynamics/docs/papers204_208_sequence/reviews/p208_b/delta/initial_snapshot/FINDINGS.json",
    "/root/autodl-tmp/symbolic_dynamics/docs/papers204_208_sequence/reviews/p208_b/SHA256SUMS @ 64a58b80ac92f98caff178a34a8ef6199c83eace414c043d72d4ce81eeff78a5 [p208_b]": "/root/autodl-tmp/symbolic_dynamics/docs/papers204_208_sequence/reviews/p208_b/delta/initial_snapshot/SHA256SUMS",
    "/root/autodl-tmp/symbolic_dynamics/docs/papers204_208_sequence/reviews/p209_b/SHA256SUMS @ d88b831e60414d47ae0b2afb2583b73d02fc9764877a00952f4a9d90d13488ea [p209_b]": "/root/autodl-tmp/symbolic_dynamics/docs/papers204_208_sequence/reviews/p209_b/INITIAL_REVIEW_SEAL.sha256",
    "/root/autodl-tmp/symbolic_dynamics/papers/207-upper-neighbor-rank-dynamics/PAPER_STATUS.md @ d9ecf124b5730176858619eb00a2ef711a00f5bdc9f8a2f6585d69b240bc0483 [artifact_p207_initial]": "/root/autodl-tmp/symbolic_dynamics/docs/papers204_208_sequence/qa/p207_terminal_artifact_audit/lifecycle_before/PAPER_STATUS.md",
    "/root/autodl-tmp/symbolic_dynamics/papers/207-upper-neighbor-rank-dynamics/SHA256SUMS @ 36ca84152edb74adbf971b5bf90daa50619f7c0ac853078ba494472c3b93c807 [artifact_p207_initial]": "/root/autodl-tmp/symbolic_dynamics/docs/papers204_208_sequence/qa/p207_terminal_artifact_audit/lifecycle_before/PAPER_SHA256SUMS",
    "/root/autodl-tmp/symbolic_dynamics/papers/208-original-snapshot-triangulation-sweeps/PAPER_STATUS.md @ 1baa2adda556eba4acc1edeb9b9d4bf3974214b507333db93c33f9a18be58f05 [artifact_p208_initial]": "/root/autodl-tmp/symbolic_dynamics/docs/papers204_208_sequence/qa/p208_terminal_artifact/lifecycle_before/PAPER_STATUS.md",
    "/root/autodl-tmp/symbolic_dynamics/papers/208-original-snapshot-triangulation-sweeps/SHA256SUMS @ 926afeafef8eb2e2d5d642fb1b5f9b48d81fa7d7f1dc9bdabd42e155031a93dc [artifact_p208_initial]": "/root/autodl-tmp/symbolic_dynamics/docs/papers204_208_sequence/qa/p208_terminal_artifact/lifecycle_before/PAPER_SHA256SUMS",
    "/root/autodl-tmp/symbolic_dynamics/papers/209-ordered-fibre-threading/PAPER_MANIFEST.sha256 @ 84337036dead70c7680aed5678ed770505b1caa0184b5f405d353c4d9a811c77 [artifact_p209_initial]": "/root/autodl-tmp/symbolic_dynamics/docs/papers204_208_sequence/qa/p209_terminal_artifact/lifecycle_before/PAPER_MANIFEST.sha256",
    "/root/autodl-tmp/symbolic_dynamics/papers/209-ordered-fibre-threading/ROOT_LIFECYCLE.md @ 5d0381c67eb47234f19c962ffd55a1ad00f6617129c64bda62ff5736f24b87e4 [artifact_p209_initial]": "/root/autodl-tmp/symbolic_dynamics/docs/papers204_208_sequence/qa/p209_terminal_artifact/lifecycle_before/ROOT_LIFECYCLE.md"
  },
  "external": "HOLD_EXTERNAL",
  "files_written": 0,
  "five_contract_ceilings_checked": 5,
  "local_links_checked": 6312,
  "new_builds": 0,
  "new_page_views": 0,
  "new_reviews": 0,
  "new_scientific_executions": 0,
  "old_auditors_or_writers_executed": 0,
  "owner": "OWNER_AMBER",
  "p210_accepted_by_this_component": false,
  "papers_checked": [
    "P205",
    "P207",
    "P208",
    "P209"
  ],
  "prior_completed_papers": 4,
  "required_final_five": [
    "P205",
    "P207",
    "P208",
    "P209",
    "P210"
  ],
  "status": "FOUR_COMPLETED_COMPONENT_PASS_P210_NOT_ASSESSED_NOT_FIVE_PAPER_PASS",
  "supersession": "P205/P207 old weak runtime/build reuse keys remain historical; six strict pairs/four source-only builds are separately accepted supplements, not retroactive upgrades."
}
