	linux-vdso.so.1 (0x00007ffd91bda000)
	libpoppler.so.118 => /usr/lib/x86_64-linux-gnu/libpoppler.so.118 (0x00007f98fc247000)
	libstdc++.so.6 => /usr/lib/x86_64-linux-gnu/libstdc++.so.6 (0x00007f98fc01b000)
	libc.so.6 => /usr/lib/x86_64-linux-gnu/libc.so.6 (0x00007f98fbdf2000)
	libfreetype.so.6 => /usr/lib/x86_64-linux-gnu/libfreetype.so.6 (0x00007f98fbd2a000)
	libfontconfig.so.1 => /usr/lib/x86_64-linux-gnu/libfontconfig.so.1 (0x00007f98fbce0000)
	libjpeg.so.8 => /usr/lib/x86_64-linux-gnu/libjpeg.so.8 (0x00007f98fbc5d000)
	libz.so.1 => /usr/lib/x86_64-linux-gnu/libz.so.1 (0x00007f98fbc41000)
	libopenjp2.so.7 => /usr/lib/x86_64-linux-gnu/libopenjp2.so.7 (0x00007f98fbbe9000)
	liblcms2.so.2 => /usr/lib/x86_64-linux-gnu/liblcms2.so.2 (0x00007f98fbb87000)
	libpng16.so.16 => /usr/lib/x86_64-linux-gnu/libpng16.so.16 (0x00007f98fbb4c000)
	libtiff.so.5 => /usr/lib/x86_64-linux-gnu/libtiff.so.5 (0x00007f98fbac4000)
	libnss3.so => /usr/lib/x86_64-linux-gnu/libnss3.so (0x00007f98fb991000)
	libsmime3.so => /usr/lib/x86_64-linux-gnu/libsmime3.so (0x00007f98fb967000)
	libplc4.so => /usr/lib/x86_64-linux-gnu/libplc4.so (0x00007f98fb960000)
	libnspr4.so => /usr/lib/x86_64-linux-gnu/libnspr4.so (0x00007f98fb920000)
	libm.so.6 => /usr/lib/x86_64-linux-gnu/libm.so.6 (0x00007f98fb839000)
	/lib64/ld-linux-x86-64.so.2 (0x00007f98fc5c0000)
	libgcc_s.so.1 => /usr/lib/x86_64-linux-gnu/libgcc_s.so.1 (0x00007f98fb819000)
	libbrotlidec.so.1 => /usr/lib/x86_64-linux-gnu/libbrotlidec.so.1 (0x00007f98fb809000)
	libexpat.so.1 => /usr/lib/x86_64-linux-gnu/libexpat.so.1 (0x00007f98fb7d8000)
	libuuid.so.1 => /usr/lib/x86_64-linux-gnu/libuuid.so.1 (0x00007f98fb7cf000)
	libwebp.so.7 => /usr/lib/x86_64-linux-gnu/libwebp.so.7 (0x00007f98fb762000)
	libzstd.so.1 => /usr/lib/x86_64-linux-gnu/libzstd.so.1 (0x00007f98fb693000)
	liblzma.so.5 => /usr/lib/x86_64-linux-gnu/liblzma.so.5 (0x00007f98fb666000)
	libjbig.so.0 => /usr/lib/x86_64-linux-gnu/libjbig.so.0 (0x00007f98fb655000)
	libdeflate.so.0 => /usr/lib/x86_64-linux-gnu/libdeflate.so.0 (0x00007f98fb631000)
	libnssutil3.so => /usr/lib/x86_64-linux-gnu/libnssutil3.so (0x00007f98fb5fe000)
	libplds4.so => /usr/lib/x86_64-linux-gnu/libplds4.so (0x00007f98fb5f9000)
	libbrotlicommon.so.1 => /usr/lib/x86_64-linux-gnu/libbrotlicommon.so.1 (0x00007f98fb5d4000)
