Rc files read:
  /etc/LatexMk
Latexmk: This is Latexmk, John Collins, 20 November 2021, version: 4.76.
Rule 'pdflatex': File changes, etc:
   Changed files, or newly in use since previous run(s):
      'main.tex'
------------
Run number 1 of rule 'pdflatex'
------------
------------
Running 'pdflatex  -interaction=nonstopmode -halt-on-error -recorder -output-directory="build_final1"  -jobname=main "\pdftrailerid{}\input{main.tex}"'
------------
Latexmk: applying rule 'pdflatex'...
This is pdfTeX, Version 3.141592653-2.6-1.40.22 (TeX Live 2022/dev/Debian) (preloaded format=pdflatex)
 restricted \write18 enabled.
entering extended mode
LaTeX2e <2021-11-15> patch level 1
L3 programming layer <2022-01-21> (./main.tex
(/usr/share/texlive/texmf-dist/tex/latex/base/article.cls
Document Class: article 2021/10/04 v1.4n Standard LaTeX document class
(/usr/share/texlive/texmf-dist/tex/latex/base/size11.clo))
(/usr/share/texlive/texmf-dist/tex/latex/geometry/geometry.sty
(/usr/share/texlive/texmf-dist/tex/latex/graphics/keyval.sty)
(/usr/share/texlive/texmf-dist/tex/generic/iftex/ifvtex.sty
(/usr/share/texlive/texmf-dist/tex/generic/iftex/iftex.sty)))
(/usr/share/texlive/texmf-dist/tex/latex/base/fontenc.sty)
(/usr/share/texlive/texmf-dist/tex/latex/base/inputenc.sty)
(/usr/share/texmf/tex/latex/lm/lmodern.sty)
(/usr/share/texlive/texmf-dist/tex/latex/amsmath/amsmath.sty
For additional information on amsmath, use the `?' option.
(/usr/share/texlive/texmf-dist/tex/latex/amsmath/amstext.sty
(/usr/share/texlive/texmf-dist/tex/latex/amsmath/amsgen.sty))
(/usr/share/texlive/texmf-dist/tex/latex/amsmath/amsbsy.sty)
(/usr/share/texlive/texmf-dist/tex/latex/amsmath/amsopn.sty))
(/usr/share/texlive/texmf-dist/tex/latex/amsfonts/amssymb.sty
(/usr/share/texlive/texmf-dist/tex/latex/amsfonts/amsfonts.sty))
(/usr/share/texlive/texmf-dist/tex/latex/amscls/amsthm.sty)
(/usr/share/texlive/texmf-dist/tex/latex/mathtools/mathtools.sty
(/usr/share/texlive/texmf-dist/tex/latex/tools/calc.sty)
(/usr/share/texlive/texmf-dist/tex/latex/mathtools/mhsetup.sty))
(/usr/share/texlive/texmf-dist/tex/latex/booktabs/booktabs.sty)
(/usr/share/texlive/texmf-dist/tex/latex/tools/tabularx.sty
(/usr/share/texlive/texmf-dist/tex/latex/tools/array.sty))
(/usr/share/texlive/texmf-dist/tex/latex/enumitem/enumitem.sty)
(/usr/share/texlive/texmf-dist/tex/latex/needspace/needspace.sty)
(/usr/share/texlive/texmf-dist/tex/latex/microtype/microtype.sty
(/usr/share/texlive/texmf-dist/tex/latex/etoolbox/etoolbox.sty)
(/usr/share/texlive/texmf-dist/tex/latex/microtype/microtype-pdftex.def)
(/usr/share/texlive/texmf-dist/tex/latex/microtype/microtype.cfg))
(/usr/share/texlive/texmf-dist/tex/latex/natbib/natbib.sty)
(/usr/share/texlive/texmf-dist/tex/latex/xurl/xurl.sty
(/usr/share/texlive/texmf-dist/tex/latex/url/url.sty))
(/usr/share/texlive/texmf-dist/tex/latex/hyperref/hyperref.sty
(/usr/share/texlive/texmf-dist/tex/generic/ltxcmds/ltxcmds.sty)
(/usr/share/texlive/texmf-dist/tex/generic/pdftexcmds/pdftexcmds.sty
(/usr/share/texlive/texmf-dist/tex/generic/infwarerr/infwarerr.sty))
(/usr/share/texlive/texmf-dist/tex/generic/kvsetkeys/kvsetkeys.sty)
(/usr/share/texlive/texmf-dist/tex/generic/kvdefinekeys/kvdefinekeys.sty)
(/usr/share/texlive/texmf-dist/tex/generic/pdfescape/pdfescape.sty)
(/usr/share/texlive/texmf-dist/tex/latex/hycolor/hycolor.sty)
(/usr/share/texlive/texmf-dist/tex/latex/letltxmacro/letltxmacro.sty)
(/usr/share/texlive/texmf-dist/tex/latex/auxhook/auxhook.sty)
(/usr/share/texlive/texmf-dist/tex/latex/kvoptions/kvoptions.sty)
(/usr/share/texlive/texmf-dist/tex/latex/hyperref/pd1enc.def)
(/usr/share/texlive/texmf-dist/tex/latex/hyperref/hyperref-langpatches.def)
(/usr/share/texlive/texmf-dist/tex/generic/intcalc/intcalc.sty)
(/usr/share/texlive/texmf-dist/tex/generic/etexcmds/etexcmds.sty)
(/usr/share/texlive/texmf-dist/tex/latex/hyperref/puenc.def)
(/usr/share/texlive/texmf-dist/tex/generic/bitset/bitset.sty
(/usr/share/texlive/texmf-dist/tex/generic/bigintcalc/bigintcalc.sty))
(/usr/share/texlive/texmf-dist/tex/latex/base/atbegshi-ltx.sty))
(/usr/share/texlive/texmf-dist/tex/latex/hyperref/hpdftex.def
(/usr/share/texlive/texmf-dist/tex/latex/base/atveryend-ltx.sty)
(/usr/share/texlive/texmf-dist/tex/latex/rerunfilecheck/rerunfilecheck.sty
(/usr/share/texlive/texmf-dist/tex/generic/uniquecounter/uniquecounter.sty)))
(./math_commands.tex) (/usr/share/texmf/tex/latex/lm/t1lmr.fd)
(/usr/share/texlive/texmf-dist/tex/latex/l3backend/l3backend-pdftex.def)
(build_final1/main.aux)
*geometry* driver: auto-detecting
*geometry* detected driver: pdftex
(/usr/share/texlive/texmf-dist/tex/latex/graphics/graphicx.sty
(/usr/share/texlive/texmf-dist/tex/latex/graphics/graphics.sty
(/usr/share/texlive/texmf-dist/tex/latex/graphics/trig.sty)
(/usr/share/texlive/texmf-dist/tex/latex/graphics-cfg/graphics.cfg)
(/usr/share/texlive/texmf-dist/tex/latex/graphics-def/pdftex.def
(/usr/share/texlive/texmf-dist/tex/context/base/mkii/supp-pdf.mkii
[Loading MPS to PDF converter (version 2006.09.02).]
))) (/usr/share/texlive/texmf-dist/tex/latex/epstopdf-pkg/epstopdf-base.sty
(/usr/share/texlive/texmf-dist/tex/latex/latexconfig/epstopdf-sys.cfg)))
(/usr/share/texlive/texmf-dist/tex/latex/microtype/mt-cmr.cfg)
(/usr/share/texlive/texmf-dist/tex/latex/graphics/color.sty
(/usr/share/texlive/texmf-dist/tex/latex/graphics-cfg/color.cfg))
(/usr/share/texlive/texmf-dist/tex/latex/hyperref/nameref.sty
(/usr/share/texlive/texmf-dist/tex/latex/refcount/refcount.sty)
(/usr/share/texlive/texmf-dist/tex/generic/gettitlestring/gettitlestring.sty))
(/usr/share/texmf/tex/latex/lm/ot1lmr.fd)
(/usr/share/texmf/tex/latex/lm/omllmm.fd)
(/usr/share/texmf/tex/latex/lm/omslmsy.fd)
(/usr/share/texmf/tex/latex/lm/omxlmex.fd)
(/usr/share/texlive/texmf-dist/tex/latex/amsfonts/umsa.fd)
(/usr/share/texlive/texmf-dist/tex/latex/microtype/mt-msa.cfg)
(/usr/share/texlive/texmf-dist/tex/latex/amsfonts/umsb.fd)
(/usr/share/texlive/texmf-dist/tex/latex/microtype/mt-msb.cfg)
(./sections/00_abstract.tex) (./sections/01_introduction.tex

LaTeX Warning: Reference `eq:torus-map-intro' on page 1 undefined on input line
 17.


Package natbib Warning: Citation `JoshiRoffelsen2026' on page 1 undefined on in
put line 19.


LaTeX Warning: Reference `tab:native' on page 1 undefined on input line 22.

[1{/var/lib/texmf/fonts/map/pdftex/updmap/pdftex.map}]

LaTeX Warning: Reference `tab:native' on page 2 undefined on input line 30.


LaTeX Warning: Reference `tab:blowups' on page 2 undefined on input line 59.


Package natbib Warning: Citation `JoshiRoffelsen2026' on page 2 undefined on in
put line 80.


Package natbib Warning: Citation `CarsteaTakenawa2012' on page 2 undefined on i
nput line 83.


LaTeX Warning: Reference `tab:ownership' on page 2 undefined on input line 85.

(./figures/TABLE_ownership.tex

Package natbib Warning: Citation `JoshiRoffelsen2026' on page 2 undefined on in
put line 22.


Package natbib Warning: Citation `CarsteaTakenawa2012' on page 2 undefined on i
nput line 22.

)

LaTeX Warning: Reference `sec:states' on page 2 undefined on input line 106.


LaTeX Warning: Reference `sec:surface' on page 2 undefined on input line 107.


LaTeX Warning: Reference `sec:poles' on page 2 undefined on input line 108.


LaTeX Warning: Reference `sec:integral' on page 2 undefined on input line 108.


LaTeX Warning: Reference `sec:fibres' on page 2 undefined on input line 110.


LaTeX Warning: Reference `thm:fibres-intro' on page 2 undefined on input line 1
11.


LaTeX Warning: Reference `sec:periods' on page 2 undefined on input line 111.


LaTeX Warning: Reference `thm:period' on page 2 undefined on input line 112.

) (./sections/02_states.tex [2]

LaTeX Warning: Reference `eq:state-domain-intro' on page 3 undefined on input l
ine 5.

(./figures/TABLE_native.tex)

LaTeX Warning: Reference `tab:native' on page 3 undefined on input line 13.

[3]

LaTeX Warning: Reference `tab:inverse' on page 4 undefined on input line 29.

(./figures/TABLE_inverse.tex)) (./sections/03_surface.tex

LaTeX Warning: Reference `tab:blowups' on page 4 undefined on input line 11.

[4] (./figures/TABLE_blowups.tex)

LaTeX Warning: Reference `eq:intersection-form' on page 5 undefined on input li
ne 51.


LaTeX Warning: Reference `eq:boundary-classes' on page 5 undefined on input lin
e 51.

[5]

Package natbib Warning: Citation `JoshiRoffelsen2026' on page 6 undefined on in
put line 73.


LaTeX Warning: Reference `sec:states' on page 6 undefined on input line 74.


LaTeX Warning: Reference `eq:torus-map-intro' on page 6 undefined on input line
 80.


LaTeX Warning: Reference `eq:accessible-charts' on page 6 undefined on input li
ne 84.


LaTeX Warning: Reference `eq:accessible-charts' on page 6 undefined on input li
ne 117.


LaTeX Warning: Reference `eq:torus-map-intro' on page 6 undefined on input line
 117.


LaTeX Warning: Reference `eq:extension-L2' on page 6 undefined on input line 11
8.


LaTeX Warning: Reference `eq:extension-L1' on page 6 undefined on input line 12
4.


LaTeX Warning: Reference `eq:extension-L4' on page 6 undefined on input line 12
4.


LaTeX Warning: Reference `tab:native' on page 6 undefined on input line 130.


LaTeX Warning: Reference `eq:extension-L4' on page 6 undefined on input line 13
0.

[6]

LaTeX Warning: Reference `eq:lattice-solution' on page 7 undefined on input lin
e 179.

) (./sections/04_poles.tex [7]

LaTeX Warning: Reference `eq:anticanonical-cycle' on page 8 undefined on input 
line 32.


LaTeX Warning: Reference `eq:exponent-polygon' on page 8 undefined on input lin
e 93.

[8]

LaTeX Warning: Reference `tab:faces' on page 9 undefined on input line 108.

(./figures/TABLE_faces.tex)) (./sections/05_integral.tex [9]

Package natbib Warning: Citation `JoshiRoffelsen2026' on page 10 undefined on i
nput line 38.


LaTeX Warning: Reference `eq:source-integral' on page 10 undefined on input lin
e 57.


LaTeX Warning: Reference `eq:invariance' on page 10 undefined on input line 58.



LaTeX Warning: Reference `tab:native' on page 10 undefined on input line 76.


LaTeX Warning: Reference `eq:extension-torus' on page 10 undefined on input lin
e 81.


LaTeX Warning: Reference `eq:extension-L4' on page 10 undefined on input line 8
1.


LaTeX Warning: Reference `eq:invariance' on page 10 undefined on input line 95.


[10]

Package natbib Warning: Citation `JoshiRoffelsen2026' on page 11 undefined on i
nput line 102.


LaTeX Warning: Reference `eq:source-integral' on page 11 undefined on input lin
e 110.


LaTeX Warning: Reference `lem:uniform-poles' on page 11 undefined on input line
 125.


LaTeX Warning: Reference `eq:integral-regular' on page 11 undefined on input li
ne 126.

) (./sections/06_fibres.tex

LaTeX Warning: Reference `thm:fibres-intro' on page 11 undefined on input line 
3.


LaTeX Warning: Reference `thm:fibres-intro' on page 11 undefined on input line 
7.


LaTeX Warning: Reference `eq:exact-fibration' on page 11 undefined on input lin
e 9.


LaTeX Warning: Reference `lem:uniform-poles' on page 11 undefined on input line
 15.


LaTeX Warning: Reference `lem:boundary-lattice' on page 11 undefined on input l
ine 17.


LaTeX Warning: Reference `lem:pole-order' on page 11 undefined on input line 30
.


LaTeX Warning: Reference `eq:fibre-decomposition' on page 11 undefined on input
 line 33.

[11]

LaTeX Warning: Reference `eq:component-sum' on page 12 undefined on input line 
39.


LaTeX Warning: Reference `lem:uniform-poles' on page 12 undefined on input line
 57.

) (./sections/07_periods.tex

Package natbib Warning: Citation `Sutherland2021' on page 12 undefined on input
 line 22.


Package natbib Warning: Citation `stacks-project' on page 12 undefined on input
 line 40.


Package natbib Warning: Citation `stacks-project' on page 12 undefined on input
 line 42.


LaTeX Warning: Reference `eq:normalization-sequence' on page 12 undefined on in
put line 43.

[12]

LaTeX Warning: Reference `thm:period' on page 13 undefined on input line 73.


LaTeX Warning: Reference `prop:permutation' on page 13 undefined on input line 
74.


LaTeX Warning: Reference `eq:invariance' on page 13 undefined on input line 86.



LaTeX Warning: Reference `eq:integral-regular' on page 13 undefined on input li
ne 89.


LaTeX Warning: Reference `thm:fibres-intro' on page 13 undefined on input line 
97.


LaTeX Warning: Reference `lem:point-bound' on page 13 undefined on input line 9
9.

) (./sections/08_conclusion.tex [13])
No file main.bbl.

Package natbib Warning: There were undefined citations.

[14] (build_final1/main.aux)

LaTeX Warning: There were undefined references.


LaTeX Warning: Label(s) may have changed. Rerun to get cross-references right.


Package rerunfilecheck Warning: File `main.out' has changed.
(rerunfilecheck)                Rerun to get outlines right
(rerunfilecheck)                or use package `bookmark'.

 ){/usr/share/texmf/fonts/enc/dvips/lm/lm-rm.enc}{/usr/share/texmf/fonts/enc/dv
ips/lm/lm-mathit.enc}{/usr/share/texmf/fonts/enc/dvips/lm/lm-mathex.enc}{/usr/s
hare/texmf/fonts/enc/dvips/lm/lm-mathsy.enc}{/usr/share/texmf/fonts/enc/dvips/l
m/lm-ec.enc}</usr/share/texmf/fonts/type1/public/lm/lmbx10.pfb></usr/share/texm
f/fonts/type1/public/lm/lmbx12.pfb></usr/share/texmf/fonts/type1/public/lm/lmex
10.pfb></usr/share/texmf/fonts/type1/public/lm/lmmi10.pfb></usr/share/texmf/fon
ts/type1/public/lm/lmmi6.pfb></usr/share/texmf/fonts/type1/public/lm/lmmi7.pfb>
</usr/share/texmf/fonts/type1/public/lm/lmmi8.pfb></usr/share/texmf/fonts/type1
/public/lm/lmr10.pfb></usr/share/texmf/fonts/type1/public/lm/lmr12.pfb></usr/sh
are/texmf/fonts/type1/public/lm/lmr17.pfb></usr/share/texmf/fonts/type1/public/
lm/lmr6.pfb></usr/share/texmf/fonts/type1/public/lm/lmr8.pfb></usr/share/texmf/
fonts/type1/public/lm/lmri10.pfb></usr/share/texmf/fonts/type1/public/lm/lmsy10
.pfb></usr/share/texmf/fonts/type1/public/lm/lmsy6.pfb></usr/share/texmf/fonts/
type1/public/lm/lmsy8.pfb></usr/share/texlive/texmf-dist/fonts/type1/public/ams
fonts/symbols/msbm10.pfb>
Output written on build_final1/main.pdf (14 pages, 320090 bytes).
Transcript written on build_final1/main.log.
Latexmk: Missing bbl file 'build_final1/main.bbl' in following:
 No file main.bbl.
Latexmk: References changed.
Latexmk: References changed.
Latexmk: Log file says output to 'build_final1/main.pdf'
Latexmk: List of undefined refs and citations:
  Citation `CarsteaTakenawa2012' on page 2 undefined on input line 22
  Citation `CarsteaTakenawa2012' on page 2 undefined on input line 83
  Citation `JoshiRoffelsen2026' on page 1 undefined on input line 19
  Citation `JoshiRoffelsen2026' on page 10 undefined on input line 38
  Citation `JoshiRoffelsen2026' on page 11 undefined on input line 102
  Citation `JoshiRoffelsen2026' on page 2 undefined on input line 22
  Citation `JoshiRoffelsen2026' on page 2 undefined on input line 80
  Citation `JoshiRoffelsen2026' on page 6 undefined on input line 73
  Citation `Sutherland2021' on page 12 undefined on input line 22
  Citation `stacks-project' on page 12 undefined on input line 40
  Citation `stacks-project' on page 12 undefined on input line 42
  Reference `eq:accessible-charts' on page 6 undefined on input line 117
  Reference `eq:accessible-charts' on page 6 undefined on input line 84
  Reference `eq:anticanonical-cycle' on page 8 undefined on input line 32
  Reference `eq:boundary-classes' on page 5 undefined on input line 51
  Reference `eq:component-sum' on page 12 undefined on input line 39
  Reference `eq:exact-fibration' on page 11 undefined on input line 9
  Reference `eq:exponent-polygon' on page 8 undefined on input line 93
  Reference `eq:extension-L1' on page 6 undefined on input line 124
  Reference `eq:extension-L2' on page 6 undefined on input line 118
  Reference `eq:extension-L4' on page 10 undefined on input line 81
  Reference `eq:extension-L4' on page 6 undefined on input line 124
  Reference `eq:extension-L4' on page 6 undefined on input line 130
  Reference `eq:extension-torus' on page 10 undefined on input line 81
  Reference `eq:fibre-decomposition' on page 11 undefined on input line 33
  Reference `eq:integral-regular' on page 11 undefined on input line 126
  Reference `eq:integral-regular' on page 13 undefined on input line 89
  Reference `eq:intersection-form' on page 5 undefined on input line 51
  Reference `eq:invariance' on page 10 undefined on input line 58
  Reference `eq:invariance' on page 10 undefined on input line 95
  Reference `eq:invariance' on page 13 undefined on input line 86
  Reference `eq:lattice-solution' on page 7 undefined on input line 179
  Reference `eq:normalization-sequence' on page 12 undefined on input line 43
  Reference `eq:source-integral' on page 10 undefined on input line 57
  Reference `eq:source-integral' on page 11 undefined on input line 110
  Reference `eq:state-domain-intro' on page 3 undefined on input line 5
  Reference `eq:torus-map-intro' on page 1 undefined on input line 17
  Reference `eq:torus-map-intro' on page 6 undefined on input line 117
  Reference `eq:torus-map-intro' on page 6 undefined on input line 80
  Reference `lem:boundary-lattice' on page 11 undefined on input line 17
  Reference `lem:point-bound' on page 13 undefined on input line 99
  Reference `lem:pole-order' on page 11 undefined on input line 30
  Reference `lem:uniform-poles' on page 11 undefined on input line 125
  Reference `lem:uniform-poles' on page 11 undefined on input line 15
  Reference `lem:uniform-poles' on page 12 undefined on input line 57
  Reference `prop:permutation' on page 13 undefined on input line 74
  Reference `sec:fibres' on page 2 undefined on input line 110
  Reference `sec:integral' on page 2 undefined on input line 108
  Reference `sec:periods' on page 2 undefined on input line 111
  Reference `sec:poles' on page 2 undefined on input line 108
  Reference `sec:states' on page 2 undefined on input line 106
  Reference `sec:states' on page 6 undefined on input line 74
  Reference `sec:surface' on page 2 undefined on input line 107
  Reference `tab:blowups' on page 2 undefined on input line 59
  Reference `tab:blowups' on page 4 undefined on input line 11
  Reference `tab:faces' on page 9 undefined on input line 108
  Reference `tab:inverse' on page 4 undefined on input line 29
  Reference `tab:native' on page 1 undefined on input line 22
  Reference `tab:native' on page 10 undefined on input line 76
  Reference `tab:native' on page 2 undefined on input line 30
  Reference `tab:native' on page 3 undefined on input line 13
  Reference `tab:native' on page 6 undefined on input line 130
  Reference `tab:ownership' on page 2 undefined on input line 85
  Reference `thm:fibres-intro' on page 11 undefined on input line 3
  Reference `thm:fibres-intro' on page 11 undefined on input line 7
  Reference `thm:fibres-intro' on page 13 undefined on input line 97
  Reference `thm:fibres-intro' on page 2 undefined on input line 111
  Reference `thm:period' on page 13 undefined on input line 73
  Reference `thm:period' on page 2 undefined on input line 112
Latexmk: Examining 'build_final1/main.log'
=== TeX engine is 'pdfTeX'
Latexmk: Found bibliography file(s) [references.bib]
Rule 'bibtex build_final1/main': File changes, etc:
   Changed files, or newly in use since previous run(s):
      'build_final1/main.aux'
------------
Run number 1 of rule 'bibtex build_final1/main'
------------
Latexmk: applying rule 'bibtex build_final1/main'...
------------
Running 'bibtex  "main.aux"'
------------
Latexmk: Change directory to 'build_final1/'.
To assist finding of files in document
directory, I set
  BIBINPUTS='/root/autodl-tmp/hilbert-polya-structure/henon_dynamics/research_c419_c423/papers/C422_painleve_bound:build_final1:'
  BSTINPUTS='/root/autodl-tmp/hilbert-polya-structure/henon_dynamics/research_c419_c423/papers/C422_painleve_bound:'.
This is BibTeX, Version 0.99d (TeX Live 2022/dev/Debian)
The top-level auxiliary file: main.aux
The style file: plainnat.bst
Database file #1: references.bib
Rule 'pdflatex': File changes, etc:
   Changed files, or newly in use since previous run(s):
      'build_final1/main.aux'
      'build_final1/main.bbl'
      'build_final1/main.out'
------------
Run number 2 of rule 'pdflatex'
------------
------------
Running 'pdflatex  -interaction=nonstopmode -halt-on-error -recorder -output-directory="build_final1"  -jobname=main "\pdftrailerid{}\input{main.tex}"'
------------
Latexmk: Change directory back to '/root/autodl-tmp/hilbert-polya-structure/henon_dynamics/research_c419_c423/papers/C422_painleve_bound'
Latexmk: applying rule 'pdflatex'...
This is pdfTeX, Version 3.141592653-2.6-1.40.22 (TeX Live 2022/dev/Debian) (preloaded format=pdflatex)
 restricted \write18 enabled.
entering extended mode
LaTeX2e <2021-11-15> patch level 1
L3 programming layer <2022-01-21> (./main.tex
(/usr/share/texlive/texmf-dist/tex/latex/base/article.cls
Document Class: article 2021/10/04 v1.4n Standard LaTeX document class
(/usr/share/texlive/texmf-dist/tex/latex/base/size11.clo))
(/usr/share/texlive/texmf-dist/tex/latex/geometry/geometry.sty
(/usr/share/texlive/texmf-dist/tex/latex/graphics/keyval.sty)
(/usr/share/texlive/texmf-dist/tex/generic/iftex/ifvtex.sty
(/usr/share/texlive/texmf-dist/tex/generic/iftex/iftex.sty)))
(/usr/share/texlive/texmf-dist/tex/latex/base/fontenc.sty)
(/usr/share/texlive/texmf-dist/tex/latex/base/inputenc.sty)
(/usr/share/texmf/tex/latex/lm/lmodern.sty)
(/usr/share/texlive/texmf-dist/tex/latex/amsmath/amsmath.sty
For additional information on amsmath, use the `?' option.
(/usr/share/texlive/texmf-dist/tex/latex/amsmath/amstext.sty
(/usr/share/texlive/texmf-dist/tex/latex/amsmath/amsgen.sty))
(/usr/share/texlive/texmf-dist/tex/latex/amsmath/amsbsy.sty)
(/usr/share/texlive/texmf-dist/tex/latex/amsmath/amsopn.sty))
(/usr/share/texlive/texmf-dist/tex/latex/amsfonts/amssymb.sty
(/usr/share/texlive/texmf-dist/tex/latex/amsfonts/amsfonts.sty))
(/usr/share/texlive/texmf-dist/tex/latex/amscls/amsthm.sty)
(/usr/share/texlive/texmf-dist/tex/latex/mathtools/mathtools.sty
(/usr/share/texlive/texmf-dist/tex/latex/tools/calc.sty)
(/usr/share/texlive/texmf-dist/tex/latex/mathtools/mhsetup.sty))
(/usr/share/texlive/texmf-dist/tex/latex/booktabs/booktabs.sty)
(/usr/share/texlive/texmf-dist/tex/latex/tools/tabularx.sty
(/usr/share/texlive/texmf-dist/tex/latex/tools/array.sty))
(/usr/share/texlive/texmf-dist/tex/latex/enumitem/enumitem.sty)
(/usr/share/texlive/texmf-dist/tex/latex/needspace/needspace.sty)
(/usr/share/texlive/texmf-dist/tex/latex/microtype/microtype.sty
(/usr/share/texlive/texmf-dist/tex/latex/etoolbox/etoolbox.sty)
(/usr/share/texlive/texmf-dist/tex/latex/microtype/microtype-pdftex.def)
(/usr/share/texlive/texmf-dist/tex/latex/microtype/microtype.cfg))
(/usr/share/texlive/texmf-dist/tex/latex/natbib/natbib.sty)
(/usr/share/texlive/texmf-dist/tex/latex/xurl/xurl.sty
(/usr/share/texlive/texmf-dist/tex/latex/url/url.sty))
(/usr/share/texlive/texmf-dist/tex/latex/hyperref/hyperref.sty
(/usr/share/texlive/texmf-dist/tex/generic/ltxcmds/ltxcmds.sty)
(/usr/share/texlive/texmf-dist/tex/generic/pdftexcmds/pdftexcmds.sty
(/usr/share/texlive/texmf-dist/tex/generic/infwarerr/infwarerr.sty))
(/usr/share/texlive/texmf-dist/tex/generic/kvsetkeys/kvsetkeys.sty)
(/usr/share/texlive/texmf-dist/tex/generic/kvdefinekeys/kvdefinekeys.sty)
(/usr/share/texlive/texmf-dist/tex/generic/pdfescape/pdfescape.sty)
(/usr/share/texlive/texmf-dist/tex/latex/hycolor/hycolor.sty)
(/usr/share/texlive/texmf-dist/tex/latex/letltxmacro/letltxmacro.sty)
(/usr/share/texlive/texmf-dist/tex/latex/auxhook/auxhook.sty)
(/usr/share/texlive/texmf-dist/tex/latex/kvoptions/kvoptions.sty)
(/usr/share/texlive/texmf-dist/tex/latex/hyperref/pd1enc.def)
(/usr/share/texlive/texmf-dist/tex/latex/hyperref/hyperref-langpatches.def)
(/usr/share/texlive/texmf-dist/tex/generic/intcalc/intcalc.sty)
(/usr/share/texlive/texmf-dist/tex/generic/etexcmds/etexcmds.sty)
(/usr/share/texlive/texmf-dist/tex/latex/hyperref/puenc.def)
(/usr/share/texlive/texmf-dist/tex/generic/bitset/bitset.sty
(/usr/share/texlive/texmf-dist/tex/generic/bigintcalc/bigintcalc.sty))
(/usr/share/texlive/texmf-dist/tex/latex/base/atbegshi-ltx.sty))
(/usr/share/texlive/texmf-dist/tex/latex/hyperref/hpdftex.def
(/usr/share/texlive/texmf-dist/tex/latex/base/atveryend-ltx.sty)
(/usr/share/texlive/texmf-dist/tex/latex/rerunfilecheck/rerunfilecheck.sty
(/usr/share/texlive/texmf-dist/tex/generic/uniquecounter/uniquecounter.sty)))
(./math_commands.tex) (/usr/share/texmf/tex/latex/lm/t1lmr.fd)
(/usr/share/texlive/texmf-dist/tex/latex/l3backend/l3backend-pdftex.def)
(build_final1/main.aux)
*geometry* driver: auto-detecting
*geometry* detected driver: pdftex
(/usr/share/texlive/texmf-dist/tex/latex/graphics/graphicx.sty
(/usr/share/texlive/texmf-dist/tex/latex/graphics/graphics.sty
(/usr/share/texlive/texmf-dist/tex/latex/graphics/trig.sty)
(/usr/share/texlive/texmf-dist/tex/latex/graphics-cfg/graphics.cfg)
(/usr/share/texlive/texmf-dist/tex/latex/graphics-def/pdftex.def
(/usr/share/texlive/texmf-dist/tex/context/base/mkii/supp-pdf.mkii
[Loading MPS to PDF converter (version 2006.09.02).]
))) (/usr/share/texlive/texmf-dist/tex/latex/epstopdf-pkg/epstopdf-base.sty
(/usr/share/texlive/texmf-dist/tex/latex/latexconfig/epstopdf-sys.cfg)))
(/usr/share/texlive/texmf-dist/tex/latex/microtype/mt-cmr.cfg)
(/usr/share/texlive/texmf-dist/tex/latex/graphics/color.sty
(/usr/share/texlive/texmf-dist/tex/latex/graphics-cfg/color.cfg))
(/usr/share/texlive/texmf-dist/tex/latex/hyperref/nameref.sty
(/usr/share/texlive/texmf-dist/tex/latex/refcount/refcount.sty)
(/usr/share/texlive/texmf-dist/tex/generic/gettitlestring/gettitlestring.sty))
(build_final1/main.out) (build_final1/main.out)
(/usr/share/texmf/tex/latex/lm/ot1lmr.fd)
(/usr/share/texmf/tex/latex/lm/omllmm.fd)
(/usr/share/texmf/tex/latex/lm/omslmsy.fd)
(/usr/share/texmf/tex/latex/lm/omxlmex.fd)
(/usr/share/texlive/texmf-dist/tex/latex/amsfonts/umsa.fd)
(/usr/share/texlive/texmf-dist/tex/latex/microtype/mt-msa.cfg)
(/usr/share/texlive/texmf-dist/tex/latex/amsfonts/umsb.fd)
(/usr/share/texlive/texmf-dist/tex/latex/microtype/mt-msb.cfg)
(./sections/00_abstract.tex) (./sections/01_introduction.tex

Package natbib Warning: Citation `JoshiRoffelsen2026' on page 1 undefined on in
put line 19.

[1{/var/lib/texmf/fonts/map/pdftex/updmap/pdftex.map}]

Package natbib Warning: Citation `JoshiRoffelsen2026' on page 2 undefined on in
put line 80.


Package natbib Warning: Citation `CarsteaTakenawa2012' on page 2 undefined on i
nput line 83.

(./figures/TABLE_ownership.tex

Package natbib Warning: Citation `JoshiRoffelsen2026' on page 2 undefined on in
put line 22.


Package natbib Warning: Citation `CarsteaTakenawa2012' on page 2 undefined on i
nput line 22.

)) (./sections/02_states.tex [2] (./figures/TABLE_native.tex) [3]
(./figures/TABLE_inverse.tex)) (./sections/03_surface.tex
(./figures/TABLE_blowups.tex) [4] [5]

Package natbib Warning: Citation `JoshiRoffelsen2026' on page 6 undefined on in
put line 73.

[6]) (./sections/04_poles.tex [7] [8] (./figures/TABLE_faces.tex))
(./sections/05_integral.tex [9]

Package natbib Warning: Citation `JoshiRoffelsen2026' on page 10 undefined on i
nput line 38.

[10]

Package natbib Warning: Citation `JoshiRoffelsen2026' on page 11 undefined on i
nput line 102.

) (./sections/06_fibres.tex [11]) (./sections/07_periods.tex

Package natbib Warning: Citation `Sutherland2021' on page 12 undefined on input
 line 22.


Package natbib Warning: Citation `stacks-project' on page 12 undefined on input
 line 40.


Package natbib Warning: Citation `stacks-project' on page 12 undefined on input
 line 42.

[12]) (./sections/08_conclusion.tex [13]) (build_final1/main.bbl
(/usr/share/texmf/tex/latex/lm/t1lmtt.fd))

Package natbib Warning: There were undefined citations.

[14] (build_final1/main.aux

Package natbib Warning: Citation(s) may have changed.
(natbib)                Rerun to get citations correct.

) ){/usr/share/texmf/fonts/enc/dvips/lm/lm-ec.enc}{/usr/share/texmf/fonts/enc/d
vips/lm/lm-rm.enc}{/usr/share/texmf/fonts/enc/dvips/lm/lm-mathit.enc}{/usr/shar
e/texmf/fonts/enc/dvips/lm/lm-mathex.enc}{/usr/share/texmf/fonts/enc/dvips/lm/l
m-mathsy.enc}</usr/share/texmf/fonts/type1/public/lm/lmbx10.pfb></usr/share/tex
mf/fonts/type1/public/lm/lmbx12.pfb></usr/share/texmf/fonts/type1/public/lm/lme
x10.pfb></usr/share/texmf/fonts/type1/public/lm/lmmi10.pfb></usr/share/texmf/fo
nts/type1/public/lm/lmmi6.pfb></usr/share/texmf/fonts/type1/public/lm/lmmi7.pfb
></usr/share/texmf/fonts/type1/public/lm/lmmi8.pfb></usr/share/texmf/fonts/type
1/public/lm/lmr10.pfb></usr/share/texmf/fonts/type1/public/lm/lmr12.pfb></usr/s
hare/texmf/fonts/type1/public/lm/lmr17.pfb></usr/share/texmf/fonts/type1/public
/lm/lmr6.pfb></usr/share/texmf/fonts/type1/public/lm/lmr8.pfb></usr/share/texmf
/fonts/type1/public/lm/lmri10.pfb></usr/share/texmf/fonts/type1/public/lm/lmsy1
0.pfb></usr/share/texmf/fonts/type1/public/lm/lmsy6.pfb></usr/share/texmf/fonts
/type1/public/lm/lmsy8.pfb></usr/share/texmf/fonts/type1/public/lm/lmtt10.pfb><
/usr/share/texlive/texmf-dist/fonts/type1/public/amsfonts/symbols/msbm10.pfb>
Output written on build_final1/main.pdf (14 pages, 351877 bytes).
Transcript written on build_final1/main.log.
Latexmk: Found input bbl file 'build_final1/main.bbl'
Latexmk: References changed.
Latexmk: Log file says output to 'build_final1/main.pdf'
Latexmk: List of undefined refs and citations:
  Citation `CarsteaTakenawa2012' on page 2 undefined on input line 22
  Citation `CarsteaTakenawa2012' on page 2 undefined on input line 83
  Citation `JoshiRoffelsen2026' on page 1 undefined on input line 19
  Citation `JoshiRoffelsen2026' on page 10 undefined on input line 38
  Citation `JoshiRoffelsen2026' on page 11 undefined on input line 102
  Citation `JoshiRoffelsen2026' on page 2 undefined on input line 22
  Citation `JoshiRoffelsen2026' on page 2 undefined on input line 80
  Citation `JoshiRoffelsen2026' on page 6 undefined on input line 73
  Citation `Sutherland2021' on page 12 undefined on input line 22
  Citation `stacks-project' on page 12 undefined on input line 40
  Citation `stacks-project' on page 12 undefined on input line 42
Latexmk: Examining 'build_final1/main.log'
=== TeX engine is 'pdfTeX'
Latexmk: Found bibliography file(s) [references.bib]
Rule 'bibtex build_final1/main': File changes, etc:
   Changed files, or newly in use since previous run(s):
      'build_final1/main.aux'
------------
Run number 2 of rule 'bibtex build_final1/main'
------------
Latexmk: applying rule 'bibtex build_final1/main'...
------------
Running 'bibtex  "main.aux"'
------------
Latexmk: Change directory to 'build_final1/'.
To assist finding of files in document
directory, I set
  BIBINPUTS='/root/autodl-tmp/hilbert-polya-structure/henon_dynamics/research_c419_c423/papers/C422_painleve_bound:build_final1:'
  BSTINPUTS='/root/autodl-tmp/hilbert-polya-structure/henon_dynamics/research_c419_c423/papers/C422_painleve_bound:'.
This is BibTeX, Version 0.99d (TeX Live 2022/dev/Debian)
The top-level auxiliary file: main.aux
The style file: plainnat.bst
Database file #1: references.bib
Rule 'pdflatex': File changes, etc:
   Changed files, or newly in use since previous run(s):
      'build_final1/main.aux'
------------
Run number 3 of rule 'pdflatex'
------------
------------
Running 'pdflatex  -interaction=nonstopmode -halt-on-error -recorder -output-directory="build_final1"  -jobname=main "\pdftrailerid{}\input{main.tex}"'
------------
Latexmk: Change directory back to '/root/autodl-tmp/hilbert-polya-structure/henon_dynamics/research_c419_c423/papers/C422_painleve_bound'
Latexmk: applying rule 'pdflatex'...
This is pdfTeX, Version 3.141592653-2.6-1.40.22 (TeX Live 2022/dev/Debian) (preloaded format=pdflatex)
 restricted \write18 enabled.
entering extended mode
LaTeX2e <2021-11-15> patch level 1
L3 programming layer <2022-01-21> (./main.tex
(/usr/share/texlive/texmf-dist/tex/latex/base/article.cls
Document Class: article 2021/10/04 v1.4n Standard LaTeX document class
(/usr/share/texlive/texmf-dist/tex/latex/base/size11.clo))
(/usr/share/texlive/texmf-dist/tex/latex/geometry/geometry.sty
(/usr/share/texlive/texmf-dist/tex/latex/graphics/keyval.sty)
(/usr/share/texlive/texmf-dist/tex/generic/iftex/ifvtex.sty
(/usr/share/texlive/texmf-dist/tex/generic/iftex/iftex.sty)))
(/usr/share/texlive/texmf-dist/tex/latex/base/fontenc.sty)
(/usr/share/texlive/texmf-dist/tex/latex/base/inputenc.sty)
(/usr/share/texmf/tex/latex/lm/lmodern.sty)
(/usr/share/texlive/texmf-dist/tex/latex/amsmath/amsmath.sty
For additional information on amsmath, use the `?' option.
(/usr/share/texlive/texmf-dist/tex/latex/amsmath/amstext.sty
(/usr/share/texlive/texmf-dist/tex/latex/amsmath/amsgen.sty))
(/usr/share/texlive/texmf-dist/tex/latex/amsmath/amsbsy.sty)
(/usr/share/texlive/texmf-dist/tex/latex/amsmath/amsopn.sty))
(/usr/share/texlive/texmf-dist/tex/latex/amsfonts/amssymb.sty
(/usr/share/texlive/texmf-dist/tex/latex/amsfonts/amsfonts.sty))
(/usr/share/texlive/texmf-dist/tex/latex/amscls/amsthm.sty)
(/usr/share/texlive/texmf-dist/tex/latex/mathtools/mathtools.sty
(/usr/share/texlive/texmf-dist/tex/latex/tools/calc.sty)
(/usr/share/texlive/texmf-dist/tex/latex/mathtools/mhsetup.sty))
(/usr/share/texlive/texmf-dist/tex/latex/booktabs/booktabs.sty)
(/usr/share/texlive/texmf-dist/tex/latex/tools/tabularx.sty
(/usr/share/texlive/texmf-dist/tex/latex/tools/array.sty))
(/usr/share/texlive/texmf-dist/tex/latex/enumitem/enumitem.sty)
(/usr/share/texlive/texmf-dist/tex/latex/needspace/needspace.sty)
(/usr/share/texlive/texmf-dist/tex/latex/microtype/microtype.sty
(/usr/share/texlive/texmf-dist/tex/latex/etoolbox/etoolbox.sty)
(/usr/share/texlive/texmf-dist/tex/latex/microtype/microtype-pdftex.def)
(/usr/share/texlive/texmf-dist/tex/latex/microtype/microtype.cfg))
(/usr/share/texlive/texmf-dist/tex/latex/natbib/natbib.sty)
(/usr/share/texlive/texmf-dist/tex/latex/xurl/xurl.sty
(/usr/share/texlive/texmf-dist/tex/latex/url/url.sty))
(/usr/share/texlive/texmf-dist/tex/latex/hyperref/hyperref.sty
(/usr/share/texlive/texmf-dist/tex/generic/ltxcmds/ltxcmds.sty)
(/usr/share/texlive/texmf-dist/tex/generic/pdftexcmds/pdftexcmds.sty
(/usr/share/texlive/texmf-dist/tex/generic/infwarerr/infwarerr.sty))
(/usr/share/texlive/texmf-dist/tex/generic/kvsetkeys/kvsetkeys.sty)
(/usr/share/texlive/texmf-dist/tex/generic/kvdefinekeys/kvdefinekeys.sty)
(/usr/share/texlive/texmf-dist/tex/generic/pdfescape/pdfescape.sty)
(/usr/share/texlive/texmf-dist/tex/latex/hycolor/hycolor.sty)
(/usr/share/texlive/texmf-dist/tex/latex/letltxmacro/letltxmacro.sty)
(/usr/share/texlive/texmf-dist/tex/latex/auxhook/auxhook.sty)
(/usr/share/texlive/texmf-dist/tex/latex/kvoptions/kvoptions.sty)
(/usr/share/texlive/texmf-dist/tex/latex/hyperref/pd1enc.def)
(/usr/share/texlive/texmf-dist/tex/latex/hyperref/hyperref-langpatches.def)
(/usr/share/texlive/texmf-dist/tex/generic/intcalc/intcalc.sty)
(/usr/share/texlive/texmf-dist/tex/generic/etexcmds/etexcmds.sty)
(/usr/share/texlive/texmf-dist/tex/latex/hyperref/puenc.def)
(/usr/share/texlive/texmf-dist/tex/generic/bitset/bitset.sty
(/usr/share/texlive/texmf-dist/tex/generic/bigintcalc/bigintcalc.sty))
(/usr/share/texlive/texmf-dist/tex/latex/base/atbegshi-ltx.sty))
(/usr/share/texlive/texmf-dist/tex/latex/hyperref/hpdftex.def
(/usr/share/texlive/texmf-dist/tex/latex/base/atveryend-ltx.sty)
(/usr/share/texlive/texmf-dist/tex/latex/rerunfilecheck/rerunfilecheck.sty
(/usr/share/texlive/texmf-dist/tex/generic/uniquecounter/uniquecounter.sty)))
(./math_commands.tex) (/usr/share/texmf/tex/latex/lm/t1lmr.fd)
(/usr/share/texlive/texmf-dist/tex/latex/l3backend/l3backend-pdftex.def)
(build_final1/main.aux)
*geometry* driver: auto-detecting
*geometry* detected driver: pdftex
(/usr/share/texlive/texmf-dist/tex/latex/graphics/graphicx.sty
(/usr/share/texlive/texmf-dist/tex/latex/graphics/graphics.sty
(/usr/share/texlive/texmf-dist/tex/latex/graphics/trig.sty)
(/usr/share/texlive/texmf-dist/tex/latex/graphics-cfg/graphics.cfg)
(/usr/share/texlive/texmf-dist/tex/latex/graphics-def/pdftex.def
(/usr/share/texlive/texmf-dist/tex/context/base/mkii/supp-pdf.mkii
[Loading MPS to PDF converter (version 2006.09.02).]
))) (/usr/share/texlive/texmf-dist/tex/latex/epstopdf-pkg/epstopdf-base.sty
(/usr/share/texlive/texmf-dist/tex/latex/latexconfig/epstopdf-sys.cfg)))
(/usr/share/texlive/texmf-dist/tex/latex/microtype/mt-cmr.cfg)
(/usr/share/texlive/texmf-dist/tex/latex/graphics/color.sty
(/usr/share/texlive/texmf-dist/tex/latex/graphics-cfg/color.cfg))
(/usr/share/texlive/texmf-dist/tex/latex/hyperref/nameref.sty
(/usr/share/texlive/texmf-dist/tex/latex/refcount/refcount.sty)
(/usr/share/texlive/texmf-dist/tex/generic/gettitlestring/gettitlestring.sty))
(build_final1/main.out) (build_final1/main.out)
(/usr/share/texmf/tex/latex/lm/ot1lmr.fd)
(/usr/share/texmf/tex/latex/lm/omllmm.fd)
(/usr/share/texmf/tex/latex/lm/omslmsy.fd)
(/usr/share/texmf/tex/latex/lm/omxlmex.fd)
(/usr/share/texlive/texmf-dist/tex/latex/amsfonts/umsa.fd)
(/usr/share/texlive/texmf-dist/tex/latex/microtype/mt-msa.cfg)
(/usr/share/texlive/texmf-dist/tex/latex/amsfonts/umsb.fd)
(/usr/share/texlive/texmf-dist/tex/latex/microtype/mt-msb.cfg)
(./sections/00_abstract.tex) (./sections/01_introduction.tex [1{/var/lib/texmf/
fonts/map/pdftex/updmap/pdftex.map}] (./figures/TABLE_ownership.tex))
(./sections/02_states.tex [2] (./figures/TABLE_native.tex) [3]
(./figures/TABLE_inverse.tex)) (./sections/03_surface.tex
(./figures/TABLE_blowups.tex) [4] [5] [6]) (./sections/04_poles.tex [7]
[8] (./figures/TABLE_faces.tex)) (./sections/05_integral.tex [9] [10])
(./sections/06_fibres.tex [11]) (./sections/07_periods.tex [12])
(./sections/08_conclusion.tex [13]) (build_final1/main.bbl
(/usr/share/texmf/tex/latex/lm/t1lmtt.fd)) [14] (build_final1/main.aux) ){/usr/
share/texmf/fonts/enc/dvips/lm/lm-ec.enc}{/usr/share/texmf/fonts/enc/dvips/lm/l
m-rm.enc}{/usr/share/texmf/fonts/enc/dvips/lm/lm-mathit.enc}{/usr/share/texmf/f
onts/enc/dvips/lm/lm-mathex.enc}{/usr/share/texmf/fonts/enc/dvips/lm/lm-mathsy.
enc}</usr/share/texmf/fonts/type1/public/lm/lmbx10.pfb></usr/share/texmf/fonts/
type1/public/lm/lmbx12.pfb></usr/share/texmf/fonts/type1/public/lm/lmex10.pfb><
/usr/share/texmf/fonts/type1/public/lm/lmmi10.pfb></usr/share/texmf/fonts/type1
/public/lm/lmmi6.pfb></usr/share/texmf/fonts/type1/public/lm/lmmi7.pfb></usr/sh
are/texmf/fonts/type1/public/lm/lmmi8.pfb></usr/share/texmf/fonts/type1/public/
lm/lmr10.pfb></usr/share/texmf/fonts/type1/public/lm/lmr12.pfb></usr/share/texm
f/fonts/type1/public/lm/lmr17.pfb></usr/share/texmf/fonts/type1/public/lm/lmr6.
pfb></usr/share/texmf/fonts/type1/public/lm/lmr8.pfb></usr/share/texmf/fonts/ty
pe1/public/lm/lmri10.pfb></usr/share/texmf/fonts/type1/public/lm/lmsy10.pfb></u
sr/share/texmf/fonts/type1/public/lm/lmsy6.pfb></usr/share/texmf/fonts/type1/pu
blic/lm/lmsy8.pfb></usr/share/texmf/fonts/type1/public/lm/lmtt10.pfb></usr/shar
e/texlive/texmf-dist/fonts/type1/public/amsfonts/symbols/msbm10.pfb>
Output written on build_final1/main.pdf (14 pages, 352289 bytes).
Transcript written on build_final1/main.log.
Latexmk: Found input bbl file 'build_final1/main.bbl'
Latexmk: Log file says output to 'build_final1/main.pdf'
Latexmk: Examining 'build_final1/main.log'
=== TeX engine is 'pdfTeX'
Latexmk: Found bibliography file(s) [references.bib]
Latexmk: All targets (build_final1/main.pdf) are up-to-date
