Rc files read:
  /etc/LatexMk
Latexmk: This is Latexmk, John Collins, 20 November 2021, version: 4.76.
Rule 'pdflatex': File changes, etc:
   Changed files, or newly in use since previous run(s):
      'main.tex'
------------
Run number 1 of rule 'pdflatex'
------------
------------
Running 'pdflatex  -interaction=nonstopmode -halt-on-error -recorder -output-directory="builds/initial_02"  "main.tex"'
------------
Latexmk: applying rule 'pdflatex'...
This is pdfTeX, Version 3.141592653-2.6-1.40.22 (TeX Live 2022/dev/Debian) (preloaded format=pdflatex)
 restricted \write18 enabled.
entering extended mode
(./main.tex
LaTeX2e <2021-11-15> patch level 1
L3 programming layer <2022-01-21>
(/usr/share/texlive/texmf-dist/tex/latex/base/article.cls
Document Class: article 2021/10/04 v1.4n Standard LaTeX document class
(/usr/share/texlive/texmf-dist/tex/latex/base/size11.clo))
(/usr/share/texlive/texmf-dist/tex/latex/geometry/geometry.sty
(/usr/share/texlive/texmf-dist/tex/latex/graphics/keyval.sty)
(/usr/share/texlive/texmf-dist/tex/generic/iftex/ifvtex.sty
(/usr/share/texlive/texmf-dist/tex/generic/iftex/iftex.sty)))
(/usr/share/texlive/texmf-dist/tex/latex/base/fontenc.sty)
(/usr/share/texmf/tex/latex/lm/lmodern.sty)
(/usr/share/texlive/texmf-dist/tex/latex/amsmath/amsmath.sty
For additional information on amsmath, use the `?' option.
(/usr/share/texlive/texmf-dist/tex/latex/amsmath/amstext.sty
(/usr/share/texlive/texmf-dist/tex/latex/amsmath/amsgen.sty))
(/usr/share/texlive/texmf-dist/tex/latex/amsmath/amsbsy.sty)
(/usr/share/texlive/texmf-dist/tex/latex/amsmath/amsopn.sty))
(/usr/share/texlive/texmf-dist/tex/latex/amsfonts/amssymb.sty
(/usr/share/texlive/texmf-dist/tex/latex/amsfonts/amsfonts.sty))
(/usr/share/texlive/texmf-dist/tex/latex/amscls/amsthm.sty)
(/usr/share/texlive/texmf-dist/tex/latex/mathtools/mathtools.sty
(/usr/share/texlive/texmf-dist/tex/latex/tools/calc.sty)
(/usr/share/texlive/texmf-dist/tex/latex/mathtools/mhsetup.sty))
(/usr/share/texlive/texmf-dist/tex/latex/booktabs/booktabs.sty)
(/usr/share/texlive/texmf-dist/tex/latex/tools/array.sty)
(/usr/share/texlive/texmf-dist/tex/latex/microtype/microtype.sty
(/usr/share/texlive/texmf-dist/tex/latex/etoolbox/etoolbox.sty)
(/usr/share/texlive/texmf-dist/tex/latex/microtype/microtype-pdftex.def)
(/usr/share/texlive/texmf-dist/tex/latex/microtype/microtype.cfg))
(/usr/share/texlive/texmf-dist/tex/latex/hyperref/hyperref.sty
(/usr/share/texlive/texmf-dist/tex/generic/ltxcmds/ltxcmds.sty)
(/usr/share/texlive/texmf-dist/tex/generic/pdftexcmds/pdftexcmds.sty
(/usr/share/texlive/texmf-dist/tex/generic/infwarerr/infwarerr.sty))
(/usr/share/texlive/texmf-dist/tex/generic/kvsetkeys/kvsetkeys.sty)
(/usr/share/texlive/texmf-dist/tex/generic/kvdefinekeys/kvdefinekeys.sty)
(/usr/share/texlive/texmf-dist/tex/generic/pdfescape/pdfescape.sty)
(/usr/share/texlive/texmf-dist/tex/latex/hycolor/hycolor.sty)
(/usr/share/texlive/texmf-dist/tex/latex/letltxmacro/letltxmacro.sty)
(/usr/share/texlive/texmf-dist/tex/latex/auxhook/auxhook.sty)
(/usr/share/texlive/texmf-dist/tex/latex/kvoptions/kvoptions.sty)
(/usr/share/texlive/texmf-dist/tex/latex/hyperref/pd1enc.def)
(/usr/share/texlive/texmf-dist/tex/latex/hyperref/hyperref-langpatches.def)
(/usr/share/texlive/texmf-dist/tex/generic/intcalc/intcalc.sty)
(/usr/share/texlive/texmf-dist/tex/generic/etexcmds/etexcmds.sty)
(/usr/share/texlive/texmf-dist/tex/latex/hyperref/puenc.def)
(/usr/share/texlive/texmf-dist/tex/latex/url/url.sty)
(/usr/share/texlive/texmf-dist/tex/generic/bitset/bitset.sty
(/usr/share/texlive/texmf-dist/tex/generic/bigintcalc/bigintcalc.sty))
(/usr/share/texlive/texmf-dist/tex/latex/base/atbegshi-ltx.sty))
(/usr/share/texlive/texmf-dist/tex/latex/hyperref/hpdftex.def
(/usr/share/texlive/texmf-dist/tex/latex/base/atveryend-ltx.sty)
(/usr/share/texlive/texmf-dist/tex/latex/rerunfilecheck/rerunfilecheck.sty
(/usr/share/texlive/texmf-dist/tex/generic/uniquecounter/uniquecounter.sty)))
(/usr/share/texmf/tex/latex/lm/t1lmr.fd)
(/usr/share/texlive/texmf-dist/tex/latex/l3backend/l3backend-pdftex.def)
(builds/initial_02/main.aux)
*geometry* driver: auto-detecting
*geometry* detected driver: pdftex
(/usr/share/texlive/texmf-dist/tex/latex/graphics/graphicx.sty
(/usr/share/texlive/texmf-dist/tex/latex/graphics/graphics.sty
(/usr/share/texlive/texmf-dist/tex/latex/graphics/trig.sty)
(/usr/share/texlive/texmf-dist/tex/latex/graphics-cfg/graphics.cfg)
(/usr/share/texlive/texmf-dist/tex/latex/graphics-def/pdftex.def
(/usr/share/texlive/texmf-dist/tex/context/base/mkii/supp-pdf.mkii
[Loading MPS to PDF converter (version 2006.09.02).]
))) (/usr/share/texlive/texmf-dist/tex/latex/epstopdf-pkg/epstopdf-base.sty
(/usr/share/texlive/texmf-dist/tex/latex/latexconfig/epstopdf-sys.cfg)))
(/usr/share/texlive/texmf-dist/tex/latex/microtype/mt-cmr.cfg)
(/usr/share/texlive/texmf-dist/tex/latex/hyperref/nameref.sty
(/usr/share/texlive/texmf-dist/tex/latex/refcount/refcount.sty)
(/usr/share/texlive/texmf-dist/tex/generic/gettitlestring/gettitlestring.sty))
(/usr/share/texmf/tex/latex/lm/ot1lmr.fd)
(/usr/share/texmf/tex/latex/lm/omllmm.fd)
(/usr/share/texmf/tex/latex/lm/omslmsy.fd)
(/usr/share/texmf/tex/latex/lm/omxlmex.fd)
(/usr/share/texlive/texmf-dist/tex/latex/amsfonts/umsa.fd)
(/usr/share/texlive/texmf-dist/tex/latex/microtype/mt-msa.cfg)
(/usr/share/texlive/texmf-dist/tex/latex/amsfonts/umsb.fd)
(/usr/share/texlive/texmf-dist/tex/latex/microtype/mt-msb.cfg)
(./sections/01_introduction.tex

LaTeX Warning: Citation `Kawaguchi2013' on page 1 undefined on input line 22.


LaTeX Warning: Citation `BruinMolnar2012' on page 1 undefined on input line 26.



LaTeX Warning: Citation `PetscheStout2014' on page 1 undefined on input line 30
.


LaTeX Warning: Citation `AllenDeMarkPetsche2018' on page 1 undefined on input l
ine 36.


LaTeX Warning: Reference `tab:ownership' on page 1 undefined on input line 43.


LaTeX Warning: Citation `GR5WorkingNotes' on page 1 undefined on input line 45.


[1{/var/lib/texmf/fonts/map/pdftex/updmap/pdftex.map}]
(./tables/source_scope.tex

LaTeX Warning: Citation `Kawaguchi2013' on page 2 undefined on input line 12.


LaTeX Warning: Citation `BruinMolnar2012' on page 2 undefined on input line 14.



LaTeX Warning: Citation `PetscheStout2014' on page 2 undefined on input line 17
.


LaTeX Warning: Citation `AllenDeMarkPetsche2018' on page 2 undefined on input l
ine 20.

)

LaTeX Warning: Reference `sec:classification' on page 2 undefined on input line
 52.


LaTeX Warning: Reference `sec:rigidity' on page 2 undefined on input line 53.


LaTeX Warning: Reference `sec:localtest' on page 2 undefined on input line 53.


LaTeX Warning: Reference `sec:global' on page 2 undefined on input line 54.


LaTeX Warning: Reference `sec:examples' on page 2 undefined on input line 56.

) (./sections/02_classification.tex

LaTeX Warning: Reference `def:good' on page 2 undefined on input line 23.


LaTeX Warning: Reference `eq:Fq' on page 2 undefined on input line 30.

[2]

LaTeX Warning: Reference `eq:candidates' on page 3 undefined on input line 46.


LaTeX Warning: Reference `eq:localcoset' on page 3 undefined on input line 54.

(/usr/share/texlive/texmf-dist/tex/latex/amsfonts/ueuf.fd)
(/usr/share/texlive/texmf-dist/tex/latex/microtype/mt-euf.cfg))
(./sections/03_local_rigidity.tex [3]

LaTeX Warning: Reference `eq:indeterminacy' on page 4 undefined on input line 4
6.


LaTeX Warning: Reference `eq:linearterms' on page 4 undefined on input line 66.



LaTeX Warning: Reference `eq:rowfactor' on page 4 undefined on input line 76.

) (./sections/04_local_test.tex [4]

LaTeX Warning: Reference `eq:localconditions' on page 5 undefined on input line
 34.


LaTeX Warning: Reference `eq:candidates' on page 5 undefined on input line 35.


LaTeX Warning: Reference `eq:subleading' on page 5 undefined on input line 49.


LaTeX Warning: Reference `eq:coefftest0' on page 5 undefined on input line 61.


LaTeX Warning: Reference `eq:coefftest' on page 5 undefined on input line 61.


LaTeX Warning: Reference `lem:rigidity' on page 5 undefined on input line 87.


LaTeX Warning: Reference `lem:unique' on page 5 undefined on input line 87.


LaTeX Warning: Reference `thm:main' on page 5 undefined on input line 88.


LaTeX Warning: Reference `eq:localcoset' on page 5 undefined on input line 92.

[5]) (./sections/05_global.tex

LaTeX Warning: Reference `eq:scaleideal' on page 6 undefined on input line 23.


LaTeX Warning: Reference `lem:patch' on page 6 undefined on input line 53.

[6]

LaTeX Warning: Reference `lem:twogen' on page 7 undefined on input line 97.


LaTeX Warning: Reference `eq:detideal' on page 7 undefined on input line 114.


LaTeX Warning: Reference `eq:obstruction' on page 7 undefined on input line 115
.


LaTeX Warning: Reference `eq:basis' on page 7 undefined on input line 117.


LaTeX Warning: Reference `lem:patch' on page 7 undefined on input line 124.


LaTeX Warning: Reference `lem:rigidity' on page 7 undefined on input line 125.


LaTeX Warning: Reference `eq:allglobal' on page 7 undefined on input line 131.


LaTeX Warning: Reference `eq:localfactor' on page 7 undefined on input line 132
.

[7]

LaTeX Warning: Reference `eq:allglobal' on page 8 undefined on input line 141.


LaTeX Warning: Reference `thm:main' on page 8 undefined on input line 147.


LaTeX Warning: Reference `eq:candidates' on page 8 undefined on input line 155.



LaTeX Warning: Reference `eq:coefftest0' on page 8 undefined on input line 156.



LaTeX Warning: Reference `eq:coefftest' on page 8 undefined on input line 156.


LaTeX Warning: Reference `lem:patch' on page 8 undefined on input line 158.


LaTeX Warning: Reference `eq:basis' on page 8 undefined on input line 161.


LaTeX Warning: Reference `eq:allglobal' on page 8 undefined on input line 162.

) (./sections/06_examples.tex

LaTeX Warning: Reference `thm:main' on page 8 undefined on input line 28.

[8]

LaTeX Warning: Reference `eq:realization' on page 9 undefined on input line 61.



LaTeX Warning: Reference `eq:localfactor' on page 9 undefined on input line 69.



LaTeX Warning: Reference `eq:realization' on page 9 undefined on input line 99.


) (./sections/07_scope.tex [9])
No file main.bbl.
[10] (builds/initial_02/main.aux)

LaTeX Warning: There were undefined references.


LaTeX Warning: Label(s) may have changed. Rerun to get cross-references right.


Package rerunfilecheck Warning: File `main.out' has changed.
(rerunfilecheck)                Rerun to get outlines right
(rerunfilecheck)                or use package `bookmark'.

 ){/usr/share/texmf/fonts/enc/dvips/lm/lm-ec.enc}{/usr/share/texmf/fonts/enc/dv
ips/lm/lm-mathit.enc}{/usr/share/texmf/fonts/enc/dvips/lm/lm-mathex.enc}{/usr/s
hare/texmf/fonts/enc/dvips/lm/lm-mathsy.enc}{/usr/share/texmf/fonts/enc/dvips/l
m/lm-rm.enc}</usr/share/texlive/texmf-dist/fonts/type1/public/amsfonts/euler/eu
fm10.pfb></usr/share/texmf/fonts/type1/public/lm/lmbx10.pfb></usr/share/texmf/f
onts/type1/public/lm/lmbx12.pfb></usr/share/texmf/fonts/type1/public/lm/lmex10.
pfb></usr/share/texmf/fonts/type1/public/lm/lmmi10.pfb></usr/share/texmf/fonts/
type1/public/lm/lmmi6.pfb></usr/share/texmf/fonts/type1/public/lm/lmmi7.pfb></u
sr/share/texmf/fonts/type1/public/lm/lmmi8.pfb></usr/share/texmf/fonts/type1/pu
blic/lm/lmr10.pfb></usr/share/texmf/fonts/type1/public/lm/lmr17.pfb></usr/share
/texmf/fonts/type1/public/lm/lmr7.pfb></usr/share/texmf/fonts/type1/public/lm/l
mr8.pfb></usr/share/texmf/fonts/type1/public/lm/lmri10.pfb></usr/share/texmf/fo
nts/type1/public/lm/lmri8.pfb></usr/share/texmf/fonts/type1/public/lm/lmsy10.pf
b></usr/share/texmf/fonts/type1/public/lm/lmsy7.pfb></usr/share/texmf/fonts/typ
e1/public/lm/lmsy8.pfb></usr/share/texlive/texmf-dist/fonts/type1/public/amsfon
ts/symbols/msbm10.pfb>
Output written on builds/initial_02/main.pdf (10 pages, 309550 bytes).
Transcript written on builds/initial_02/main.log.
Latexmk: Missing bbl file 'builds/initial_02/main.bbl' in following:
 No file main.bbl.
Latexmk: References changed.
Latexmk: References changed.
Latexmk: Log file says output to 'builds/initial_02/main.pdf'
Latexmk: List of undefined refs and citations:
  Citation `AllenDeMarkPetsche2018' on page 1 undefined on input line 36
  Citation `AllenDeMarkPetsche2018' on page 2 undefined on input line 20
  Citation `BruinMolnar2012' on page 1 undefined on input line 26
  Citation `BruinMolnar2012' on page 2 undefined on input line 14
  Citation `GR5WorkingNotes' on page 1 undefined on input line 45
  Citation `Kawaguchi2013' on page 1 undefined on input line 22
  Citation `Kawaguchi2013' on page 2 undefined on input line 12
  Citation `PetscheStout2014' on page 1 undefined on input line 30
  Citation `PetscheStout2014' on page 2 undefined on input line 17
  Reference `def:good' on page 2 undefined on input line 23
  Reference `eq:Fq' on page 2 undefined on input line 30
  Reference `eq:allglobal' on page 7 undefined on input line 131
  Reference `eq:allglobal' on page 8 undefined on input line 141
  Reference `eq:allglobal' on page 8 undefined on input line 162
  Reference `eq:basis' on page 7 undefined on input line 117
  Reference `eq:basis' on page 8 undefined on input line 161
  Reference `eq:candidates' on page 3 undefined on input line 46
  Reference `eq:candidates' on page 5 undefined on input line 35
  Reference `eq:candidates' on page 8 undefined on input line 155
  Reference `eq:coefftest' on page 5 undefined on input line 61
  Reference `eq:coefftest' on page 8 undefined on input line 156
  Reference `eq:coefftest0' on page 5 undefined on input line 61
  Reference `eq:coefftest0' on page 8 undefined on input line 156
  Reference `eq:detideal' on page 7 undefined on input line 114
  Reference `eq:indeterminacy' on page 4 undefined on input line 46
  Reference `eq:linearterms' on page 4 undefined on input line 66
  Reference `eq:localconditions' on page 5 undefined on input line 34
  Reference `eq:localcoset' on page 3 undefined on input line 54
  Reference `eq:localcoset' on page 5 undefined on input line 92
  Reference `eq:localfactor' on page 7 undefined on input line 132
  Reference `eq:localfactor' on page 9 undefined on input line 69
  Reference `eq:obstruction' on page 7 undefined on input line 115
  Reference `eq:realization' on page 9 undefined on input line 61
  Reference `eq:realization' on page 9 undefined on input line 99
  Reference `eq:rowfactor' on page 4 undefined on input line 76
  Reference `eq:scaleideal' on page 6 undefined on input line 23
  Reference `eq:subleading' on page 5 undefined on input line 49
  Reference `lem:patch' on page 6 undefined on input line 53
  Reference `lem:patch' on page 7 undefined on input line 124
  Reference `lem:patch' on page 8 undefined on input line 158
  Reference `lem:rigidity' on page 5 undefined on input line 87
  Reference `lem:rigidity' on page 7 undefined on input line 125
  Reference `lem:twogen' on page 7 undefined on input line 97
  Reference `lem:unique' on page 5 undefined on input line 87
  Reference `sec:classification' on page 2 undefined on input line 52
  Reference `sec:examples' on page 2 undefined on input line 56
  Reference `sec:global' on page 2 undefined on input line 54
  Reference `sec:localtest' on page 2 undefined on input line 53
  Reference `sec:rigidity' on page 2 undefined on input line 53
  Reference `tab:ownership' on page 1 undefined on input line 43
  Reference `thm:main' on page 5 undefined on input line 88
  Reference `thm:main' on page 8 undefined on input line 147
  Reference `thm:main' on page 8 undefined on input line 28
Latexmk: Examining 'builds/initial_02/main.log'
=== TeX engine is 'pdfTeX'
Latexmk: Found bibliography file(s) [references.bib]
Rule 'bibtex builds/initial_02/main': File changes, etc:
   Changed files, or newly in use since previous run(s):
      'builds/initial_02/main.aux'
------------
Run number 1 of rule 'bibtex builds/initial_02/main'
------------
Latexmk: applying rule 'bibtex builds/initial_02/main'...
------------
Running 'bibtex  "main.aux"'
------------
Latexmk: Change directory to 'builds/initial_02/'.
To assist finding of files in document
directory, I set
  BIBINPUTS='/root/autodl-tmp/hilbert-polya-structure/henon_dynamics/research_c424_c428/papers/C426_affine_good_models:builds/initial_02:'
  BSTINPUTS='/root/autodl-tmp/hilbert-polya-structure/henon_dynamics/research_c424_c428/papers/C426_affine_good_models:'.
This is BibTeX, Version 0.99d (TeX Live 2022/dev/Debian)
The top-level auxiliary file: main.aux
The style file: plain.bst
Database file #1: references.bib
Rule 'pdflatex': File changes, etc:
   Changed files, or newly in use since previous run(s):
      'builds/initial_02/main.aux'
      'builds/initial_02/main.bbl'
      'builds/initial_02/main.out'
------------
Run number 2 of rule 'pdflatex'
------------
------------
Running 'pdflatex  -interaction=nonstopmode -halt-on-error -recorder -output-directory="builds/initial_02"  "main.tex"'
------------
Latexmk: Change directory back to '/root/autodl-tmp/hilbert-polya-structure/henon_dynamics/research_c424_c428/papers/C426_affine_good_models'
Latexmk: applying rule 'pdflatex'...
This is pdfTeX, Version 3.141592653-2.6-1.40.22 (TeX Live 2022/dev/Debian) (preloaded format=pdflatex)
 restricted \write18 enabled.
entering extended mode
(./main.tex
LaTeX2e <2021-11-15> patch level 1
L3 programming layer <2022-01-21>
(/usr/share/texlive/texmf-dist/tex/latex/base/article.cls
Document Class: article 2021/10/04 v1.4n Standard LaTeX document class
(/usr/share/texlive/texmf-dist/tex/latex/base/size11.clo))
(/usr/share/texlive/texmf-dist/tex/latex/geometry/geometry.sty
(/usr/share/texlive/texmf-dist/tex/latex/graphics/keyval.sty)
(/usr/share/texlive/texmf-dist/tex/generic/iftex/ifvtex.sty
(/usr/share/texlive/texmf-dist/tex/generic/iftex/iftex.sty)))
(/usr/share/texlive/texmf-dist/tex/latex/base/fontenc.sty)
(/usr/share/texmf/tex/latex/lm/lmodern.sty)
(/usr/share/texlive/texmf-dist/tex/latex/amsmath/amsmath.sty
For additional information on amsmath, use the `?' option.
(/usr/share/texlive/texmf-dist/tex/latex/amsmath/amstext.sty
(/usr/share/texlive/texmf-dist/tex/latex/amsmath/amsgen.sty))
(/usr/share/texlive/texmf-dist/tex/latex/amsmath/amsbsy.sty)
(/usr/share/texlive/texmf-dist/tex/latex/amsmath/amsopn.sty))
(/usr/share/texlive/texmf-dist/tex/latex/amsfonts/amssymb.sty
(/usr/share/texlive/texmf-dist/tex/latex/amsfonts/amsfonts.sty))
(/usr/share/texlive/texmf-dist/tex/latex/amscls/amsthm.sty)
(/usr/share/texlive/texmf-dist/tex/latex/mathtools/mathtools.sty
(/usr/share/texlive/texmf-dist/tex/latex/tools/calc.sty)
(/usr/share/texlive/texmf-dist/tex/latex/mathtools/mhsetup.sty))
(/usr/share/texlive/texmf-dist/tex/latex/booktabs/booktabs.sty)
(/usr/share/texlive/texmf-dist/tex/latex/tools/array.sty)
(/usr/share/texlive/texmf-dist/tex/latex/microtype/microtype.sty
(/usr/share/texlive/texmf-dist/tex/latex/etoolbox/etoolbox.sty)
(/usr/share/texlive/texmf-dist/tex/latex/microtype/microtype-pdftex.def)
(/usr/share/texlive/texmf-dist/tex/latex/microtype/microtype.cfg))
(/usr/share/texlive/texmf-dist/tex/latex/hyperref/hyperref.sty
(/usr/share/texlive/texmf-dist/tex/generic/ltxcmds/ltxcmds.sty)
(/usr/share/texlive/texmf-dist/tex/generic/pdftexcmds/pdftexcmds.sty
(/usr/share/texlive/texmf-dist/tex/generic/infwarerr/infwarerr.sty))
(/usr/share/texlive/texmf-dist/tex/generic/kvsetkeys/kvsetkeys.sty)
(/usr/share/texlive/texmf-dist/tex/generic/kvdefinekeys/kvdefinekeys.sty)
(/usr/share/texlive/texmf-dist/tex/generic/pdfescape/pdfescape.sty)
(/usr/share/texlive/texmf-dist/tex/latex/hycolor/hycolor.sty)
(/usr/share/texlive/texmf-dist/tex/latex/letltxmacro/letltxmacro.sty)
(/usr/share/texlive/texmf-dist/tex/latex/auxhook/auxhook.sty)
(/usr/share/texlive/texmf-dist/tex/latex/kvoptions/kvoptions.sty)
(/usr/share/texlive/texmf-dist/tex/latex/hyperref/pd1enc.def)
(/usr/share/texlive/texmf-dist/tex/latex/hyperref/hyperref-langpatches.def)
(/usr/share/texlive/texmf-dist/tex/generic/intcalc/intcalc.sty)
(/usr/share/texlive/texmf-dist/tex/generic/etexcmds/etexcmds.sty)
(/usr/share/texlive/texmf-dist/tex/latex/hyperref/puenc.def)
(/usr/share/texlive/texmf-dist/tex/latex/url/url.sty)
(/usr/share/texlive/texmf-dist/tex/generic/bitset/bitset.sty
(/usr/share/texlive/texmf-dist/tex/generic/bigintcalc/bigintcalc.sty))
(/usr/share/texlive/texmf-dist/tex/latex/base/atbegshi-ltx.sty))
(/usr/share/texlive/texmf-dist/tex/latex/hyperref/hpdftex.def
(/usr/share/texlive/texmf-dist/tex/latex/base/atveryend-ltx.sty)
(/usr/share/texlive/texmf-dist/tex/latex/rerunfilecheck/rerunfilecheck.sty
(/usr/share/texlive/texmf-dist/tex/generic/uniquecounter/uniquecounter.sty)))
(/usr/share/texmf/tex/latex/lm/t1lmr.fd)
(/usr/share/texlive/texmf-dist/tex/latex/l3backend/l3backend-pdftex.def)
(builds/initial_02/main.aux)
*geometry* driver: auto-detecting
*geometry* detected driver: pdftex
(/usr/share/texlive/texmf-dist/tex/latex/graphics/graphicx.sty
(/usr/share/texlive/texmf-dist/tex/latex/graphics/graphics.sty
(/usr/share/texlive/texmf-dist/tex/latex/graphics/trig.sty)
(/usr/share/texlive/texmf-dist/tex/latex/graphics-cfg/graphics.cfg)
(/usr/share/texlive/texmf-dist/tex/latex/graphics-def/pdftex.def
(/usr/share/texlive/texmf-dist/tex/context/base/mkii/supp-pdf.mkii
[Loading MPS to PDF converter (version 2006.09.02).]
))) (/usr/share/texlive/texmf-dist/tex/latex/epstopdf-pkg/epstopdf-base.sty
(/usr/share/texlive/texmf-dist/tex/latex/latexconfig/epstopdf-sys.cfg)))
(/usr/share/texlive/texmf-dist/tex/latex/microtype/mt-cmr.cfg)
(/usr/share/texlive/texmf-dist/tex/latex/hyperref/nameref.sty
(/usr/share/texlive/texmf-dist/tex/latex/refcount/refcount.sty)
(/usr/share/texlive/texmf-dist/tex/generic/gettitlestring/gettitlestring.sty))
(builds/initial_02/main.out) (builds/initial_02/main.out)
(/usr/share/texmf/tex/latex/lm/ot1lmr.fd)
(/usr/share/texmf/tex/latex/lm/omllmm.fd)
(/usr/share/texmf/tex/latex/lm/omslmsy.fd)
(/usr/share/texmf/tex/latex/lm/omxlmex.fd)
(/usr/share/texlive/texmf-dist/tex/latex/amsfonts/umsa.fd)
(/usr/share/texlive/texmf-dist/tex/latex/microtype/mt-msa.cfg)
(/usr/share/texlive/texmf-dist/tex/latex/amsfonts/umsb.fd)
(/usr/share/texlive/texmf-dist/tex/latex/microtype/mt-msb.cfg)
(./sections/01_introduction.tex

LaTeX Warning: Citation `Kawaguchi2013' on page 1 undefined on input line 22.


LaTeX Warning: Citation `BruinMolnar2012' on page 1 undefined on input line 26.



LaTeX Warning: Citation `PetscheStout2014' on page 1 undefined on input line 30
.


LaTeX Warning: Citation `AllenDeMarkPetsche2018' on page 1 undefined on input l
ine 36.


LaTeX Warning: Citation `GR5WorkingNotes' on page 1 undefined on input line 45.


[1{/var/lib/texmf/fonts/map/pdftex/updmap/pdftex.map}]
(./tables/source_scope.tex

LaTeX Warning: Citation `Kawaguchi2013' on page 2 undefined on input line 12.


LaTeX Warning: Citation `BruinMolnar2012' on page 2 undefined on input line 14.



LaTeX Warning: Citation `PetscheStout2014' on page 2 undefined on input line 17
.


LaTeX Warning: Citation `AllenDeMarkPetsche2018' on page 2 undefined on input l
ine 20.

)) (./sections/02_classification.tex [2]
(/usr/share/texlive/texmf-dist/tex/latex/amsfonts/ueuf.fd)
(/usr/share/texlive/texmf-dist/tex/latex/microtype/mt-euf.cfg))
(./sections/03_local_rigidity.tex [3]) (./sections/04_local_test.tex [4]
[5]) (./sections/05_global.tex [6] [7]) (./sections/06_examples.tex [8])
(./sections/07_scope.tex [9]) (builds/initial_02/main.bbl
(/usr/share/texmf/tex/latex/lm/t1lmtt.fd)) [10] (builds/initial_02/main.aux)

LaTeX Warning: There were undefined references.


LaTeX Warning: Label(s) may have changed. Rerun to get cross-references right.

 ){/usr/share/texmf/fonts/enc/dvips/lm/lm-ec.enc}{/usr/share/texmf/fonts/enc/dv
ips/lm/lm-mathit.enc}{/usr/share/texmf/fonts/enc/dvips/lm/lm-mathex.enc}{/usr/s
hare/texmf/fonts/enc/dvips/lm/lm-mathsy.enc}{/usr/share/texmf/fonts/enc/dvips/l
m/lm-rm.enc}</usr/share/texlive/texmf-dist/fonts/type1/public/amsfonts/euler/eu
fm10.pfb></usr/share/texmf/fonts/type1/public/lm/lmbx10.pfb></usr/share/texmf/f
onts/type1/public/lm/lmbx12.pfb></usr/share/texmf/fonts/type1/public/lm/lmex10.
pfb></usr/share/texmf/fonts/type1/public/lm/lmmi10.pfb></usr/share/texmf/fonts/
type1/public/lm/lmmi6.pfb></usr/share/texmf/fonts/type1/public/lm/lmmi7.pfb></u
sr/share/texmf/fonts/type1/public/lm/lmmi8.pfb></usr/share/texmf/fonts/type1/pu
blic/lm/lmr10.pfb></usr/share/texmf/fonts/type1/public/lm/lmr17.pfb></usr/share
/texmf/fonts/type1/public/lm/lmr7.pfb></usr/share/texmf/fonts/type1/public/lm/l
mr8.pfb></usr/share/texmf/fonts/type1/public/lm/lmri10.pfb></usr/share/texmf/fo
nts/type1/public/lm/lmri8.pfb></usr/share/texmf/fonts/type1/public/lm/lmsy10.pf
b></usr/share/texmf/fonts/type1/public/lm/lmsy7.pfb></usr/share/texmf/fonts/typ
e1/public/lm/lmsy8.pfb></usr/share/texmf/fonts/type1/public/lm/lmtt10.pfb></usr
/share/texlive/texmf-dist/fonts/type1/public/amsfonts/symbols/msbm10.pfb>
Output written on builds/initial_02/main.pdf (10 pages, 343528 bytes).
Transcript written on builds/initial_02/main.log.
Latexmk: Found input bbl file 'builds/initial_02/main.bbl'
Latexmk: References changed.
Latexmk: Log file says output to 'builds/initial_02/main.pdf'
Latexmk: List of undefined refs and citations:
  Citation `AllenDeMarkPetsche2018' on page 1 undefined on input line 36
  Citation `AllenDeMarkPetsche2018' on page 2 undefined on input line 20
  Citation `BruinMolnar2012' on page 1 undefined on input line 26
  Citation `BruinMolnar2012' on page 2 undefined on input line 14
  Citation `GR5WorkingNotes' on page 1 undefined on input line 45
  Citation `Kawaguchi2013' on page 1 undefined on input line 22
  Citation `Kawaguchi2013' on page 2 undefined on input line 12
  Citation `PetscheStout2014' on page 1 undefined on input line 30
  Citation `PetscheStout2014' on page 2 undefined on input line 17
Latexmk: Examining 'builds/initial_02/main.log'
=== TeX engine is 'pdfTeX'
Latexmk: Found bibliography file(s) [references.bib]
Rule 'bibtex builds/initial_02/main': File changes, etc:
   Changed files, or newly in use since previous run(s):
      'builds/initial_02/main.aux'
------------
Run number 2 of rule 'bibtex builds/initial_02/main'
------------
Latexmk: applying rule 'bibtex builds/initial_02/main'...
------------
Running 'bibtex  "main.aux"'
------------
Latexmk: Change directory to 'builds/initial_02/'.
To assist finding of files in document
directory, I set
  BIBINPUTS='/root/autodl-tmp/hilbert-polya-structure/henon_dynamics/research_c424_c428/papers/C426_affine_good_models:builds/initial_02:'
  BSTINPUTS='/root/autodl-tmp/hilbert-polya-structure/henon_dynamics/research_c424_c428/papers/C426_affine_good_models:'.
This is BibTeX, Version 0.99d (TeX Live 2022/dev/Debian)
The top-level auxiliary file: main.aux
The style file: plain.bst
Database file #1: references.bib
Rule 'pdflatex': File changes, etc:
   Changed files, or newly in use since previous run(s):
      'builds/initial_02/main.aux'
------------
Run number 3 of rule 'pdflatex'
------------
------------
Running 'pdflatex  -interaction=nonstopmode -halt-on-error -recorder -output-directory="builds/initial_02"  "main.tex"'
------------
Latexmk: Change directory back to '/root/autodl-tmp/hilbert-polya-structure/henon_dynamics/research_c424_c428/papers/C426_affine_good_models'
Latexmk: applying rule 'pdflatex'...
This is pdfTeX, Version 3.141592653-2.6-1.40.22 (TeX Live 2022/dev/Debian) (preloaded format=pdflatex)
 restricted \write18 enabled.
entering extended mode
(./main.tex
LaTeX2e <2021-11-15> patch level 1
L3 programming layer <2022-01-21>
(/usr/share/texlive/texmf-dist/tex/latex/base/article.cls
Document Class: article 2021/10/04 v1.4n Standard LaTeX document class
(/usr/share/texlive/texmf-dist/tex/latex/base/size11.clo))
(/usr/share/texlive/texmf-dist/tex/latex/geometry/geometry.sty
(/usr/share/texlive/texmf-dist/tex/latex/graphics/keyval.sty)
(/usr/share/texlive/texmf-dist/tex/generic/iftex/ifvtex.sty
(/usr/share/texlive/texmf-dist/tex/generic/iftex/iftex.sty)))
(/usr/share/texlive/texmf-dist/tex/latex/base/fontenc.sty)
(/usr/share/texmf/tex/latex/lm/lmodern.sty)
(/usr/share/texlive/texmf-dist/tex/latex/amsmath/amsmath.sty
For additional information on amsmath, use the `?' option.
(/usr/share/texlive/texmf-dist/tex/latex/amsmath/amstext.sty
(/usr/share/texlive/texmf-dist/tex/latex/amsmath/amsgen.sty))
(/usr/share/texlive/texmf-dist/tex/latex/amsmath/amsbsy.sty)
(/usr/share/texlive/texmf-dist/tex/latex/amsmath/amsopn.sty))
(/usr/share/texlive/texmf-dist/tex/latex/amsfonts/amssymb.sty
(/usr/share/texlive/texmf-dist/tex/latex/amsfonts/amsfonts.sty))
(/usr/share/texlive/texmf-dist/tex/latex/amscls/amsthm.sty)
(/usr/share/texlive/texmf-dist/tex/latex/mathtools/mathtools.sty
(/usr/share/texlive/texmf-dist/tex/latex/tools/calc.sty)
(/usr/share/texlive/texmf-dist/tex/latex/mathtools/mhsetup.sty))
(/usr/share/texlive/texmf-dist/tex/latex/booktabs/booktabs.sty)
(/usr/share/texlive/texmf-dist/tex/latex/tools/array.sty)
(/usr/share/texlive/texmf-dist/tex/latex/microtype/microtype.sty
(/usr/share/texlive/texmf-dist/tex/latex/etoolbox/etoolbox.sty)
(/usr/share/texlive/texmf-dist/tex/latex/microtype/microtype-pdftex.def)
(/usr/share/texlive/texmf-dist/tex/latex/microtype/microtype.cfg))
(/usr/share/texlive/texmf-dist/tex/latex/hyperref/hyperref.sty
(/usr/share/texlive/texmf-dist/tex/generic/ltxcmds/ltxcmds.sty)
(/usr/share/texlive/texmf-dist/tex/generic/pdftexcmds/pdftexcmds.sty
(/usr/share/texlive/texmf-dist/tex/generic/infwarerr/infwarerr.sty))
(/usr/share/texlive/texmf-dist/tex/generic/kvsetkeys/kvsetkeys.sty)
(/usr/share/texlive/texmf-dist/tex/generic/kvdefinekeys/kvdefinekeys.sty)
(/usr/share/texlive/texmf-dist/tex/generic/pdfescape/pdfescape.sty)
(/usr/share/texlive/texmf-dist/tex/latex/hycolor/hycolor.sty)
(/usr/share/texlive/texmf-dist/tex/latex/letltxmacro/letltxmacro.sty)
(/usr/share/texlive/texmf-dist/tex/latex/auxhook/auxhook.sty)
(/usr/share/texlive/texmf-dist/tex/latex/kvoptions/kvoptions.sty)
(/usr/share/texlive/texmf-dist/tex/latex/hyperref/pd1enc.def)
(/usr/share/texlive/texmf-dist/tex/latex/hyperref/hyperref-langpatches.def)
(/usr/share/texlive/texmf-dist/tex/generic/intcalc/intcalc.sty)
(/usr/share/texlive/texmf-dist/tex/generic/etexcmds/etexcmds.sty)
(/usr/share/texlive/texmf-dist/tex/latex/hyperref/puenc.def)
(/usr/share/texlive/texmf-dist/tex/latex/url/url.sty)
(/usr/share/texlive/texmf-dist/tex/generic/bitset/bitset.sty
(/usr/share/texlive/texmf-dist/tex/generic/bigintcalc/bigintcalc.sty))
(/usr/share/texlive/texmf-dist/tex/latex/base/atbegshi-ltx.sty))
(/usr/share/texlive/texmf-dist/tex/latex/hyperref/hpdftex.def
(/usr/share/texlive/texmf-dist/tex/latex/base/atveryend-ltx.sty)
(/usr/share/texlive/texmf-dist/tex/latex/rerunfilecheck/rerunfilecheck.sty
(/usr/share/texlive/texmf-dist/tex/generic/uniquecounter/uniquecounter.sty)))
(/usr/share/texmf/tex/latex/lm/t1lmr.fd)
(/usr/share/texlive/texmf-dist/tex/latex/l3backend/l3backend-pdftex.def)
(builds/initial_02/main.aux)
*geometry* driver: auto-detecting
*geometry* detected driver: pdftex
(/usr/share/texlive/texmf-dist/tex/latex/graphics/graphicx.sty
(/usr/share/texlive/texmf-dist/tex/latex/graphics/graphics.sty
(/usr/share/texlive/texmf-dist/tex/latex/graphics/trig.sty)
(/usr/share/texlive/texmf-dist/tex/latex/graphics-cfg/graphics.cfg)
(/usr/share/texlive/texmf-dist/tex/latex/graphics-def/pdftex.def
(/usr/share/texlive/texmf-dist/tex/context/base/mkii/supp-pdf.mkii
[Loading MPS to PDF converter (version 2006.09.02).]
))) (/usr/share/texlive/texmf-dist/tex/latex/epstopdf-pkg/epstopdf-base.sty
(/usr/share/texlive/texmf-dist/tex/latex/latexconfig/epstopdf-sys.cfg)))
(/usr/share/texlive/texmf-dist/tex/latex/microtype/mt-cmr.cfg)
(/usr/share/texlive/texmf-dist/tex/latex/hyperref/nameref.sty
(/usr/share/texlive/texmf-dist/tex/latex/refcount/refcount.sty)
(/usr/share/texlive/texmf-dist/tex/generic/gettitlestring/gettitlestring.sty))
(builds/initial_02/main.out) (builds/initial_02/main.out)
(/usr/share/texmf/tex/latex/lm/ot1lmr.fd)
(/usr/share/texmf/tex/latex/lm/omllmm.fd)
(/usr/share/texmf/tex/latex/lm/omslmsy.fd)
(/usr/share/texmf/tex/latex/lm/omxlmex.fd)
(/usr/share/texlive/texmf-dist/tex/latex/amsfonts/umsa.fd)
(/usr/share/texlive/texmf-dist/tex/latex/microtype/mt-msa.cfg)
(/usr/share/texlive/texmf-dist/tex/latex/amsfonts/umsb.fd)
(/usr/share/texlive/texmf-dist/tex/latex/microtype/mt-msb.cfg)
(./sections/01_introduction.tex [1{/var/lib/texmf/fonts/map/pdftex/updmap/pdfte
x.map}] (./tables/source_scope.tex)) (./sections/02_classification.tex [2]
(/usr/share/texlive/texmf-dist/tex/latex/amsfonts/ueuf.fd)
(/usr/share/texlive/texmf-dist/tex/latex/microtype/mt-euf.cfg))
(./sections/03_local_rigidity.tex [3]) (./sections/04_local_test.tex [4]
[5]) (./sections/05_global.tex [6] [7]) (./sections/06_examples.tex [8])
(./sections/07_scope.tex [9]) (builds/initial_02/main.bbl
(/usr/share/texmf/tex/latex/lm/t1lmtt.fd)) [10] (builds/initial_02/main.aux) ){
/usr/share/texmf/fonts/enc/dvips/lm/lm-ec.enc}{/usr/share/texmf/fonts/enc/dvips
/lm/lm-mathit.enc}{/usr/share/texmf/fonts/enc/dvips/lm/lm-mathex.enc}{/usr/shar
e/texmf/fonts/enc/dvips/lm/lm-mathsy.enc}{/usr/share/texmf/fonts/enc/dvips/lm/l
m-rm.enc}</usr/share/texlive/texmf-dist/fonts/type1/public/amsfonts/euler/eufm1
0.pfb></usr/share/texmf/fonts/type1/public/lm/lmbx10.pfb></usr/share/texmf/font
s/type1/public/lm/lmbx12.pfb></usr/share/texmf/fonts/type1/public/lm/lmex10.pfb
></usr/share/texmf/fonts/type1/public/lm/lmmi10.pfb></usr/share/texmf/fonts/typ
e1/public/lm/lmmi6.pfb></usr/share/texmf/fonts/type1/public/lm/lmmi7.pfb></usr/
share/texmf/fonts/type1/public/lm/lmmi8.pfb></usr/share/texmf/fonts/type1/publi
c/lm/lmr10.pfb></usr/share/texmf/fonts/type1/public/lm/lmr17.pfb></usr/share/te
xmf/fonts/type1/public/lm/lmr7.pfb></usr/share/texmf/fonts/type1/public/lm/lmr8
.pfb></usr/share/texmf/fonts/type1/public/lm/lmri10.pfb></usr/share/texmf/fonts
/type1/public/lm/lmri8.pfb></usr/share/texmf/fonts/type1/public/lm/lmsy10.pfb><
/usr/share/texmf/fonts/type1/public/lm/lmsy7.pfb></usr/share/texmf/fonts/type1/
public/lm/lmsy8.pfb></usr/share/texmf/fonts/type1/public/lm/lmtt10.pfb></usr/sh
are/texlive/texmf-dist/fonts/type1/public/amsfonts/symbols/msbm10.pfb>
Output written on builds/initial_02/main.pdf (10 pages, 343673 bytes).
Transcript written on builds/initial_02/main.log.
Latexmk: Found input bbl file 'builds/initial_02/main.bbl'
Latexmk: Log file says output to 'builds/initial_02/main.pdf'
Latexmk: Examining 'builds/initial_02/main.log'
=== TeX engine is 'pdfTeX'
Latexmk: Found bibliography file(s) [references.bib]
Latexmk: All targets (builds/initial_02/main.pdf) are up-to-date
