papers/215-prefix-drawdown-clock/frozen_round1/BUILD_PLAN.md: OK
papers/215-prefix-drawdown-clock/frozen_round1/CANONICAL.json: OK
papers/215-prefix-drawdown-clock/frozen_round1/CLAIMS.md: OK
papers/215-prefix-drawdown-clock/frozen_round1/CLAIMS_EVIDENCE.md: OK
papers/215-prefix-drawdown-clock/frozen_round1/NARRATIVE_REPORT.md: OK
papers/215-prefix-drawdown-clock/frozen_round1/OUTPUT_PLAN.md: OK
papers/215-prefix-drawdown-clock/frozen_round1/OUTPUT_SCHEMA.json: OK
papers/215-prefix-drawdown-clock/frozen_round1/OUTPUT_SCHEMA.md: OK
papers/215-prefix-drawdown-clock/frozen_round1/PAPER_PLAN.md: OK
papers/215-prefix-drawdown-clock/frozen_round1/PARAMETERS.json: OK
papers/215-prefix-drawdown-clock/frozen_round1/PROOF_PACKAGE.md: OK
papers/215-prefix-drawdown-clock/frozen_round1/README.md: OK
papers/215-prefix-drawdown-clock/frozen_round1/SOURCE_AUDIT.md: OK
papers/215-prefix-drawdown-clock/frozen_round1/SOURCE_HANDOFF.md: OK
papers/215-prefix-drawdown-clock/frozen_round1/SOURCE_PREPARED.sha256: OK
papers/215-prefix-drawdown-clock/frozen_round1/main.pdf: OK
papers/215-prefix-drawdown-clock/frozen_round1/main.tex: OK
papers/215-prefix-drawdown-clock/frozen_round1/math_commands.tex: OK
papers/215-prefix-drawdown-clock/frozen_round1/references.bib: OK
papers/215-prefix-drawdown-clock/frozen_round1/sections/0_abstract.tex: OK
papers/215-prefix-drawdown-clock/frozen_round1/sections/1_setup.tex: OK
papers/215-prefix-drawdown-clock/frozen_round1/sections/2_clock.tex: OK
papers/215-prefix-drawdown-clock/frozen_round1/sections/3_inverse.tex: OK
papers/215-prefix-drawdown-clock/frozen_round1/sections/4_scope.tex: OK
papers/215-prefix-drawdown-clock/frozen_round1/sources/SOURCE_CHECK.md: OK
papers/215-prefix-drawdown-clock/frozen_round1/verification/ENCODER_PROOF.md: OK
papers/215-prefix-drawdown-clock/frozen_round1/verification/VERIFIER_DESIGN.md: OK
papers/215-prefix-drawdown-clock/frozen_round1/verify.py: OK
papers/215-prefix-drawdown-clock/frozen_round1/evidence/INITIAL_SEMANTICS_RECEPTION.md: OK
papers/215-prefix-drawdown-clock/frozen_round1/evidence/CANONICAL_ADOPTION_RECEPTION.md: OK
papers/215-prefix-drawdown-clock/frozen_round1/evidence/AUTHOR_PAIR_RECEPTION.md: OK
papers/215-prefix-drawdown-clock/frozen_round1/evidence/CURRENT02_ARTIFACT_RECEPTION.md: OK
papers/215-prefix-drawdown-clock/frozen_round1/evidence/INDEPENDENT_ARTIFACT_DATA_RECEPTION.md: OK
papers/215-prefix-drawdown-clock/frozen_round1/evidence/PDF_ADOPTION.md: OK
papers/215-prefix-drawdown-clock/frozen_round1/evidence/CURRENT02_PAGE_VIEWS.md: OK
papers/215-prefix-drawdown-clock/frozen_round1/evidence/INDEPENDENT_PAGE_VIEWS.md: OK
papers/215-prefix-drawdown-clock/frozen_round1/FREEZE_SCOPE.md: OK
papers/215-prefix-drawdown-clock/frozen_round1/SHA256SUMS: OK
docs/papers211_215_sequence/qa/p215_round1_binding01/ROUND1_RECEPTION.md: OK
docs/papers211_215_sequence/reviews/p215_a/SHA256SUMS: OK
docs/papers211_215_sequence/qa/p215_a_final_root01/FINAL_A_ACCEPTANCE.md: OK
docs/papers211_215_sequence/qa/fresh68_root_reception01/THEOREM_CONTRACT.md: OK
docs/papers211_215_sequence/qa/p215_round0_binding01/ROUND0_RECEPTION.md: OK
