docs/papers211_215_sequence/scouting/algebra_lane/PROOF_PACKAGE.md:12:| WFS | Complete recurrent set and its exact census; universal height bound; every-target source decoder; unique maximum-fibre target | General sharp height is unproved. The temporal mechanism is completely general inverse aggregation; the extremum is completely general autocorrelation plus elementary nonperiodicity. No primitive novelty credit remains in those mechanisms. |
docs/papers211_215_sequence/scouting/algebra_lane/PROOF_PACKAGE.md:13:| TPE | Complete recurrent set and transpose action; coarse clock; all-target fibres and unique maximum for $n\ge2$ | Erasure-to-transpose and independent row parity counts; no sharp clock or fresh temporal mechanism claimed. |
docs/papers211_215_sequence/scouting/algebra_lane/PROOF_PACKAGE.md:14:| FLD | Complete image/recurrent set; height at most one; uniform nonempty fibres | Classical logarithmic-derivative ghost identity plus a triangular permutation; no separate inverse mechanism. |
docs/papers211_215_sequence/scouting/algebra_lane/PROOF_PACKAGE.md:17:WFS dependencies: pointed inverse-aggregation lemma -> recurrent core ->
docs/papers211_215_sequence/scouting/algebra_lane/PROOF_PACKAGE.md:20:maximum. TPE depends on support erasure and rowwise parity. FLD depends on
docs/papers211_215_sequence/scouting/algebra_lane/PROOF_PACKAGE.md:29:### 1.1 Pointed inverse aggregation, not a field-specific temporal result
docs/papers211_215_sequence/scouting/algebra_lane/PROOF_PACKAGE.md:48:the singleton convention makes $R_a$ exactly its partial inverse. Inversion
docs/papers211_215_sequence/scouting/algebra_lane/PROOF_PACKAGE.md:74:normalizes that coordinate; inside them the only possible extra depth is
docs/papers211_215_sequence/scouting/algebra_lane/PROOF_PACKAGE.md:83:partial inverse, domain and range must be equal and the bijection must be
docs/papers211_215_sequence/scouting/algebra_lane/PROOF_PACKAGE.md:92:### 1.3 All-target sources and the true maximum mechanism
docs/papers211_215_sequence/scouting/algebra_lane/PROOF_PACKAGE.md:116:It does not leave the zero-maximum inequality as a distinct new mechanism.
docs/papers211_215_sequence/scouting/algebra_lane/PROOF_PACKAGE.md:138:explains the maximum; the uniqueness step is elementary nonperiodicity of
docs/papers211_215_sequence/scouting/algebra_lane/PROOF_PACKAGE.md:150:  This disproves a one-step inverse-selection or first-image recurrence
docs/papers211_215_sequence/scouting/algebra_lane/PROOF_PACKAGE.md:197:new inverse mechanism. The literature's player-selected parity deletion
docs/papers211_215_sequence/scouting/algebra_lane/PROOF_PACKAGE.md:255:not an evaluated all-target inverse or an extremal theorem.
docs/papers211_215_sequence/scouting/algebra_lane/PROOF_PACKAGE.md:267:count does not restore a fresh temporal mechanism. No all-target maximum
docs/papers211_215_sequence/scouting/algebra_lane/PROOF_PACKAGE.md:273:inverse-aggregation adapter and its full maximum argument has an exact
docs/papers204_208_sequence/scouting/combinatorial_second/PROOF_NOTES.md:21:No general inverse or sharp height formula is claimed. Disposition:
docs/papers204_208_sequence/scouting/combinatorial_second/PROOF_NOTES.md:22:`KILL_UNCLOSED_TEMPORAL_AND_INVERSE` for this intake; preserve the fragment.
docs/papers204_208_sequence/scouting/combinatorial_second/PROOF_NOTES.md:68:subset is allowed. Since |Q(y)|≤floor(n/3), the maximum fibre is
docs/papers204_208_sequence/scouting/combinatorial_second/PROOF_NOTES.md:77:normalization. Only the common primitive and monotone digit-count proof
docs/papers204_208_sequence/scouting/combinatorial_second/PROOF_NOTES.md:79:`NO_ADMISSION_OWNER_VALUE_AND_SHARP_CLOCK_HOLD`; the exact inverse fragment
docs/papers204_208_sequence/scouting/combinatorial_second/PROOF_NOTES.md:105:For completeness, the inverse is also elementary. If target μ repeats an
docs/papers204_208_sequence/scouting/combinatorial_second/PROOF_NOTES.md:117:## BA — two-velocity annihilation on a ring
docs/papers204_208_sequence/scouting/combinatorial_second/PROOF_NOTES.md:138:mechanism, not merely a shared analogy. No separate non-generic inverse
docs/papers204_208_sequence/scouting/combinatorial_second/PROOF_NOTES.md:151:inverse formula has been proved. Disposition: `KILL_UNCLOSED_DYNAMICS`.
docs/papers204_208_sequence/scouting/combinatorial_second/PROOF_NOTES.md:187:the original pilot boxes, including every ZR inverse subset, the BS inverse
docs/papers204_208_sequence/scouting/combinatorial_second/PROOF_NOTES.md:188:DP, the MA inverse support sum and explicit BA sharp witnesses. Its actual
docs/papers204_208_sequence/scouting/combinatorial_second/PROOF_NOTES.md:192:unclaimed extrapolation. No candidate receives a formal paper number.
papers/193-mutual-best-block-refinement/main.tex:15:  citecolor=blue!55!black,urlcolor=blue!55!black]{hyperref}
papers/193-mutual-best-block-refinement/main.tex:58:absorption time, whose maximum on $\mathfrak S_n$ is $n-1$ and is attained by
papers/193-mutual-best-block-refinement/main.tex:74:$\mathfrak S_9$.  Direct-sum decomposition, common-master blocking pairs,
papers/193-mutual-best-block-refinement/main.tex:105:language is optional.  If men and women both use the common master order
papers/193-mutual-best-block-refinement/main.tex:114:assigned zero contribution credit.  P193 fixes common master orders, computes
papers/193-mutual-best-block-refinement/main.tex:144:\begin{proposition}[block-surgery normal form]\label{prop:block}
papers/193-mutual-best-block-refinement/main.tex:222:and exactly $(n-1)!$ permutations attain this maximum.
papers/193-mutual-best-block-refinement/main.tex:227:and simultaneously, so the absorption time of a direct sum is the maximum
papers/193-mutual-best-block-refinement/main.tex:242:$1\oplus\gamma$, where $\gamma$ has the maximum depth $n-2$ in
papers/193-mutual-best-block-refinement/main.tex:257:empty permutation in the first class and define the ordinary formal series
papers/193-mutual-best-block-refinement/main.tex:302:\section{The complete one-step inverse atlas}
papers/193-mutual-best-block-refinement/main.tex:304:The inverse theorem rests on a local fact that also closed the deepest-state
papers/193-mutual-best-block-refinement/main.tex:355:The maximum fibre size is $2^{n-1}$, and the identity is its unique
papers/193-mutual-best-block-refinement/main.tex:384:For the maximum, set
papers/193-mutual-best-block-refinement/main.tex:402:\begin{corollary}[fibre mass]\label{cor:mass}
papers/193-mutual-best-block-refinement/main.tex:420:size and mass.  It also compares every coefficient of
papers/193-mutual-best-block-refinement/main.tex:440:the displayed maximum tail.  Enumeration is not used as proof.}
papers/193-mutual-best-block-refinement/main.tex:463:Their inverse mechanisms also differ: P181 uses decreasing-prefix runs,
papers/193-mutual-best-block-refinement/main.tex:470:external ownership result.  The common-master matching interpretation and
docs/papers204_208_sequence/scouting/graph_relation_second/GENERIC_PROOFS.md:20:sharp clock or new inverse theorem has been proved. It is killed without
docs/papers204_208_sequence/scouting/graph_relation_second/GENERIC_PROOFS.md:23:## RMA: monotone support, then independent support
docs/papers204_208_sequence/scouting/graph_relation_second/GENERIC_PROOFS.md:37:$|U|-1$ for nonzero mass is generic finite support erosion.
docs/papers204_208_sequence/scouting/graph_relation_second/GENERIC_PROOFS.md:40:mass-$M>0$ states is
docs/papers204_208_sequence/scouting/graph_relation_second/GENERIC_PROOFS.md:43:static bookkeeping is not a materially separate inverse theorem. No
docs/papers204_208_sequence/scouting/graph_relation_second/GENERIC_PROOFS.md:44:all-parameter sharp $n,M$ entrance formula or maximum fibre was proved.
docs/papers204_208_sequence/scouting/graph_relation_second/GENERIC_PROOFS.md:76:For LRC no all-parameter temporal proof or independently evaluated inverse
docs/papers204_208_sequence/scouting/finite_systems_thirty_first/PROOF_AND_DISPOSITION.md:57:is bijective, with inverse
docs/papers204_208_sequence/scouting/finite_systems_thirty_first/PROOF_AND_DISPOSITION.md:59:closing condition. Hence no source-label information is silently discarded.
docs/papers204_208_sequence/scouting/finite_systems_thirty_first/PROOF_AND_DISPOSITION.md:137:$\rho^t x=R^{-t}x$, and therefore divides $\operatorname{lcm}(n,3)$.
docs/papers204_208_sequence/scouting/finite_systems_thirty_first/PROOF_AND_DISPOSITION.md:141:## 5. Inverse boundary and disposition
docs/papers204_208_sequence/scouting/finite_systems_thirty_first/PROOF_AND_DISPOSITION.md:149:sharp inverse maximum. No such source assertion is made here. A new
docs/papers204_208_sequence/scouting/finite_systems_thirty_first/PROOF_AND_DISPOSITION.md:150:inverse calculation, even if correct, could not restore a materially
docs/papers204_208_sequence/scouting/finite_systems_thirty_first/PROOF_AND_DISPOSITION.md:152:independent inverse/extremum development, numerical pilot or gate
docs/papers204_208_sequence/scouting/finite_systems_thirty_eighth/LC_LITERAL.md:1:# LC: least-positive collector — exact desk literal, no pilot authorization
docs/papers204_208_sequence/scouting/finite_systems_thirty_eighth/LC_LITERAL.md:22:were positive, the collector stays positive, and total mass is preserved.
docs/papers204_208_sequence/scouting/finite_systems_thirty_eighth/LC_LITERAL.md:32:  RMA sends whole piles to a closed-neighbourhood maximum. Neither is
docs/papers204_208_sequence/scouting/finite_systems_thirty_eighth/LC_LITERAL.md:36:  and choosing those erased unit bins is the expected inverse mechanism.
papers/169-successor-transfer-set-partitions/main.tex:14:\usepackage[colorlinks=true,linkcolor=blue!55!black,citecolor=blue!55!black,urlcolor=blue!55!black]{hyperref}
papers/169-successor-transfer-set-partitions/main.tex:33:\title[Successor transfer on set partitions]{Successor Transfer on Canonically Ordered Set Partitions}
papers/169-successor-transfer-set-partitions/main.tex:40:Order the blocks of a set partition by their minima.  In one successor-
papers/169-successor-transfer-set-partitions/main.tex:41:transfer step, every nonsingleton block simultaneously sends its maximum to
papers/169-successor-transfer-set-partitions/main.tex:43:this literal rule.  On partitions of $[n]$ into $k$ blocks, the maximum tail
papers/169-successor-transfer-set-partitions/main.tex:45:fixed, and the global maximum is $n-2$.  Recurrent states have explicit dense
papers/169-successor-transfer-set-partitions/main.tex:50:the sole element, the minimum, the maximum, or an interior element of a
papers/169-successor-transfer-set-partitions/main.tex:52:$025\mid134$ and $035\mid124$ have identical block size/minimum/maximum data
papers/169-successor-transfer-set-partitions/main.tex:68:elements removes its maximum and sends that element to $B_{i+1}$, with
papers/169-successor-transfer-set-partitions/main.tex:110:The successor-transfer map has the following complete temporal behavior.
papers/169-successor-transfer-set-partitions/main.tex:117:$n\ge2$, the maximum over all set partitions of $[n]$ is $n-2$.
papers/169-successor-transfer-set-partitions/main.tex:182:The two maxima share $X_1,\ldots,X_t$.  If $z_i(t)=0$, the second maximum
papers/169-successor-transfer-set-partitions/main.tex:187:If $z_i(t)\ge2$, the first maximum must instead be $X_0$ and exceed the
papers/169-successor-transfer-set-partitions/main.tex:194:least $m+1$ units in a cone although the total mass is $m$.  For $m\ge k$,
papers/169-successor-transfer-set-partitions/main.tex:195:take $t=k-1$.  An empty $z_i(t)$ would bound the mass in one complete cycle
papers/169-successor-transfer-set-partitions/main.tex:222:therefore follows \eqref{eq:queue}, now with mass exactly $k$.  The dense
papers/169-successor-transfer-set-partitions/main.tex:346:be the size, minimum, and maximum of the remainder.  These data depend only
papers/169-successor-transfer-set-partitions/main.tex:412:nonempty and $x_i$ must strictly exceed its maximum, exactly the present-token line
papers/169-successor-transfer-set-partitions/main.tex:421:make every selected $x_i$ exactly the maximum of a nonsingleton source block,
papers/169-successor-transfer-set-partitions/main.tex:463:For both targets the ordered triples (block size, minimum, maximum) are
papers/169-successor-transfer-set-partitions/main.tex:481:The note concerns only the simultaneous maximum-to-successor map.  The
docs/papers204_208_sequence/scouting/graph_relation_second/SCOUT_REPORT.md:13:parameters and, for resources, all mass parameters in the stated box.
docs/papers204_208_sequence/scouting/graph_relation_second/SCOUT_REPORT.md:20:| MGE | Each vertex chooses its incident edge maximizing $(|x_u-x_v|,-\min(u,v),-\max(u,v))$. On mutually chosen pairs whose load gap is at least two, transfer one unit from richer to poorer. Other loads hold. | All graphs, $0\le n\le4$; all weak compositions of each total mass $0\le M\le6$. At $n=0$ only $M=0$. |
docs/papers204_208_sequence/scouting/graph_relation_second/SCOUT_REPORT.md:21:| RMA | Every vertex sends its whole old pile to the maximum of its closed neighbourhood under $(x_u,-u)$; all incoming piles are summed. | Same resource box as MGE. |
docs/papers204_208_sequence/scouting/graph_relation_second/SCOUT_REPORT.md:37:The maximum fibre is the largest over a single fixed parameter component,
docs/papers204_208_sequence/scouting/graph_relation_second/SCOUT_REPORT.md:38:not an indegree after identifying distinct graphs or masses.
docs/papers204_208_sequence/scouting/graph_relation_second/SCOUT_REPORT.md:43:| LRC | 0,1,1,3,5 | 16,384 / 1,468 / 800 / 800 | 1 | 256 | KILL_UNPROVED_CLOCK_AND_NO_INVERSE |
docs/papers204_208_sequence/scouting/graph_relation_second/SCOUT_REPORT.md:46:| RMA | 0,0,1,2,3 | 13,440 / 5,714 / 5,135 / 5,135 | 1 | 26 | KILL_SUPPORT_EROSION_AND_STATIC_CENSUS |
docs/papers204_208_sequence/scouting/graph_relation_second/SCOUT_REPORT.md:50:The ECD/LRC maximum 256 includes the edgeless graph's constant map and is
docs/papers204_208_sequence/scouting/graph_relation_second/SCOUT_REPORT.md:55:MGE, RMA and DGO's deductions are in [GENERIC_PROOFS.md](GENERIC_PROOFS.md)
docs/papers204_208_sequence/scouting/graph_relation_second/SCOUT_REPORT.md:65:one-step source-mask decoder; and the uniform sharp maximum fibre
docs/papers204_208_sequence/scouting/graph_relation_second/SCOUT_REPORT.md:67:At $n=3$ the maximum is four, attained only by a triangle and a constant
