{
  "adapter_rows": [
    {
      "block_source_mass": 1,
      "factor": 1,
      "m": 1,
      "masks": 1,
      "r": 0
    },
    {
      "block_source_mass": 2,
      "factor": 2,
      "m": 1,
      "masks": 1,
      "r": 1
    },
    {
      "block_source_mass": 4,
      "factor": 4,
      "m": 1,
      "masks": 1,
      "r": 3
    },
    {
      "block_source_mass": 7,
      "factor": 7,
      "m": 1,
      "masks": 1,
      "r": 6
    },
    {
      "block_source_mass": 2,
      "factor": 1,
      "m": 2,
      "masks": 2,
      "r": 0
    },
    {
      "block_source_mass": 6,
      "factor": 3,
      "m": 2,
      "masks": 2,
      "r": 1
    },
    {
      "block_source_mass": 20,
      "factor": 10,
      "m": 2,
      "masks": 2,
      "r": 3
    },
    {
      "block_source_mass": 56,
      "factor": 28,
      "m": 2,
      "masks": 2,
      "r": 6
    },
    {
      "block_source_mass": 24,
      "factor": 1,
      "m": 4,
      "masks": 8,
      "r": 0
    },
    {
      "block_source_mass": 120,
      "factor": 5,
      "m": 4,
      "masks": 8,
      "r": 1
    },
    {
      "block_source_mass": 840,
      "factor": 35,
      "m": 4,
      "masks": 8,
      "r": 3
    },
    {
      "block_source_mass": 5040,
      "factor": 210,
      "m": 4,
      "masks": 8,
      "r": 6
    },
    {
      "block_source_mass": 40320,
      "factor": 1,
      "m": 8,
      "masks": 128,
      "r": 0
    },
    {
      "block_source_mass": 362880,
      "factor": 9,
      "m": 8,
      "masks": 128,
      "r": 1
    },
    {
      "block_source_mass": 6652800,
      "factor": 165,
      "m": 8,
      "masks": 128,
      "r": 3
    },
    {
      "block_source_mass": 121080960,
      "factor": 3003,
      "m": 8,
      "masks": 128,
      "r": 6
    }
  ],
  "audit": "P204_REVIEW_A_V1",
  "checks": {
    "all_target_graph_vs_recursive": 277398,
    "all_target_mass": 48,
    "all_target_recursive_vs_cut": 277398,
    "classical_macmahon_formula": 255,
    "classical_theta_ascent_descent": 5913,
    "classical_theta_zero_record": 5913,
    "complementary_masks_equal_count": 1785,
    "core_involution": 987,
    "core_predicate_vs_graph": 46233,
    "exact_period_support": 8,
    "factorized_descent_owner_adapter": 1785,
    "first_block_start": 78522,
    "first_image_inequality": 159602,
    "fixed_fibonacci": 8,
    "flag_offset_example": 1,
    "graph_recurrence_equals_generated_core": 8,
    "isolated_recursive_vs_cut": 1785,
    "literal_positive_words_vs_recursive": 124,
    "phase_target_direction_control": 1,
    "pointwise_phase_mask": 471132,
    "pointwise_second": 46233,
    "recurrent_fibonacci": 8,
    "second_image_surjectivity": 8,
    "sharp_graph_tail": 8,
    "strict_weak_tie_control": 1,
    "suffix_adapter_full_support": 28,
    "suffix_adapter_prefix_multiplicity": 16064,
    "suffix_adapter_preserves_actual_set": 40319,
    "time_barrier_blocks": 277398,
    "weak_rule_breaks_zero_barriers": 1,
    "zero_positions": 46233,
    "zero_prepended_sharp_witness": 29
  },
  "graphs": [
    {
      "cycles_by_length": {
        "1": 1
      },
      "n": 1,
      "states": 1,
      "tails": {
        "0": 1
      }
    },
    {
      "cycles_by_length": {
        "1": 2
      },
      "n": 2,
      "states": 2,
      "tails": {
        "0": 2
      }
    },
    {
      "cycles_by_length": {
        "1": 3,
        "2": 1
      },
      "n": 3,
      "states": 6,
      "tails": {
        "0": 5,
        "1": 1
      }
    },
    {
      "cycles_by_length": {
        "1": 5,
        "2": 4
      },
      "n": 4,
      "states": 24,
      "tails": {
        "0": 13,
        "1": 10,
        "2": 1
      }
    },
    {
      "cycles_by_length": {
        "1": 8,
        "2": 13
      },
      "n": 5,
      "states": 120,
      "tails": {
        "0": 34,
        "1": 72,
        "2": 14
      }
    },
    {
      "cycles_by_length": {
        "1": 13,
        "2": 38
      },
      "n": 6,
      "states": 720,
      "tails": {
        "0": 89,
        "1": 479,
        "2": 152
      }
    },
    {
      "cycles_by_length": {
        "1": 21,
        "2": 106
      },
      "n": 7,
      "states": 5040,
      "tails": {
        "0": 233,
        "1": 3226,
        "2": 1581
      }
    },
    {
      "cycles_by_length": {
        "1": 34,
        "2": 288
      },
      "n": 8,
      "states": 40320,
      "tails": {
        "0": 610,
        "1": 22934,
        "2": 16776
      }
    }
  ],
  "mathematical_checks": "PASS",
  "method": "comparison-relation arrows / Kahn graph / backwards source-word recursion",
  "owner_adapter": "D(r,m,A) = binom(r+m,m) * beta_m(A-1)",
  "paper_value_verdict": "KILL_VALUE_INVERSE_AXIS_MACMAHON_ADAPTER",
  "times": [
    2,
    3,
    4,
    5,
    8,
    9
  ],
  "total_checks": 1755236
}
