/root/autodl-tmp/hilbert-polya-structure/docs/papers187_191_sequence/scouting/combinatorial_lane/KILL_LEDGER.md:21:| C12_RPE | KILL | Repeated squaring gives the exact logarithmic height clock, but this is one transparent relational-power axis.  No every-target strict-poset square-root formula emerged; generic relation powers/root counts are owner-dense and internally unsurprising. |
/root/autodl-tmp/hilbert-polya-structure/papers/203-monochromatic-triangle-complementation/main.tex:35:alternating edge colours then exclude returns, including the vertex
/root/autodl-tmp/hilbert-polya-structure/papers/203-monochromatic-triangle-complementation/main.tex:165:anchor-edge colours $s_0=s_1=0$ and $s_i=(i-1)\bmod2$ for $i\ge2$.
/root/autodl-tmp/hilbert-polya-structure/docs/papers204_208_sequence/scouting/graph_geometry_fourth/PROOF_BOUNDARIES.md:100:the relational square P^2. Inductively,
/root/autodl-tmp/hilbert-polya-structure/docs/papers204_208_sequence/scouting/graph_geometry_fourth/SCOUT_REPORT.md:20:| IDR | A naturally labelled strict poset retains x<y exactly when the OLD open interval (x,y) contains two OLD incomparable vertices. | n=0,...,6, all transitive subrelations of the natural strict order | KILL_RELATIONAL_POWER_BOUND_ONLY. The map preserves transitivity and is contained in relation squaring, giving a coarse extinction bound. No sharp clock or independent inverse theorem was found. |
/root/autodl-tmp/hilbert-polya-structure/docs/papers204_208_sequence/scouting/graph_geometry_fourth/SCOUT_REPORT.md:68:containment in relation powers is used; equality with poset squaring is
/root/autodl-tmp/hilbert-polya-structure/docs/papers197_201_sequence/scouting/word_poset_lane/BREADTH_AND_KILL_LEDGER.md:83:| Strict poset relational squaring `R -> R o R` | Literal historical `C12_RPE/A02_PSE`. | `KILL_LITERAL_REPEAT` |
/root/autodl-tmp/hilbert-polya-structure/symbolic_dynamics/docs/papers157_161_sequence/scouting/root/SCOUT.md:31:| 16 | CYC | cyclic finite-group words, cyclic forward difference | Fitting tail is the characteristic part of the word length | cycle count from a circulant gcd | literally the normal-basis model of ASD | KILL_CONJUGATE |
/root/autodl-tmp/hilbert-polya-structure/symbolic_dynamics/docs/papers132_136_sequence/scouting/root/SCOUT.md:20:| X06 | cyclic words, `w -> w or shift(w)` | dual of X05 | kill: complement conjugate of X05 |
/root/autodl-tmp/hilbert-polya-structure/papers/203-monochromatic-triangle-complementation/PROOF_PACKAGE.md:30:   proof. Both values of its anchor-edge colour are exhausted.
/root/autodl-tmp/hilbert-polya-structure/papers/203-monochromatic-triangle-complementation/PROOF_PACKAGE.md:168:anchor-edge colours $s_0=s_1=0$ and $s_i=(i-1)\bmod2$ for $i\ge2$.
/root/autodl-tmp/hilbert-polya-structure/symbolic_dynamics/docs/papers107_111_sequence/scouting/ALGEBRAIC_SCOUT.md:26:graphs, ordinary finite-relation SFTs, generic group power maps, Schur-square
/root/autodl-tmp/hilbert-polya-structure/docs/papers197_201_sequence/scouting/replacement_lane/BREADTH_AND_KILL_LEDGER.md:20:| `PZK` | Proper edge-colourings of a path, encoded by adjacent-unequal words.  At the leftmost zero, swap `0,1` on its maximal bichromatic edge path; hold if zero is absent. | `q=3,n=10`: `1536` states, image `1152`, recurrent `1024`, max tail `5`, max fibre `6`; `q=4,n=10`: `78732/52488/39878/5/6`.  The invariant separator skeleton gives tail `ceil(n/2)` and only periods `1,2`. | **`KILL_BATCH_DUPLICATE_BEHIND_LZK`.**  The run-skeleton proof is different, but this is a second least-zero Kempe system in the same batch.  It cannot provide the requested independent survivor. |
/root/autodl-tmp/hilbert-polya-structure/docs/papers197_201_sequence/scouting/nonlinear_fifth_20260905/SCOUT_AND_DISPOSITION.md:116:- Matrix powers/Frobenius linearization, AA^T A, mutual conjugation, cyclic
/root/autodl-tmp/hilbert-polya-structure/docs/papers187_191_sequence/scouting/graph_lane/replacement/KILL_LEDGER.md:19:| **RX07 E2C** | All looped relations through `n=4`; last image `26,038`, fixed `508`, periods `1,2,3,4`, maximum depth `8`. | **KILL_RELATION_POWER** | A unique-witness square is a relation-power silhouette.  The irregular finite periods provide no uniform inverse/spectral route and cannot reopen the P137--P143 relation-power corridor. |
/root/autodl-tmp/hilbert-polya-structure/symbolic_dynamics/docs/papers142_146_sequence/scouting/root/SCOUT_BOOLEAN_GRAM.md:21:where powers are Boolean relation powers.  Loops make successive graph squares monotone.  Hence all recurrent states are fixed and the fixed states are precisely partial equivalence relations: disjoint unions of looped cliques plus unlooped isolated vertices.
/root/autodl-tmp/hilbert-polya-structure/symbolic_dynamics/docs/papers127_131_sequence/scouting/algebraic/SCOUT.md:95:| `S02` | `R -> R union R^2` in the Boolean relation semigroup. | all `2^16` relations on four labelled points; **196,608** | 3,994 fixed relations; transitive closure is reached in at most two rounds. | **KILL.**  Literal repeated-squaring transitive closure. |
/root/autodl-tmp/hilbert-polya-structure/papers/203-monochromatic-triangle-complementation/revision_a/cold_build/main.tex:35:alternating edge colours then exclude returns, including the vertex
/root/autodl-tmp/hilbert-polya-structure/papers/203-monochromatic-triangle-complementation/revision_a/cold_build/main.tex:165:anchor-edge colours $s_0=s_1=0$ and $s_i=(i-1)\bmod2$ for $i\ge2$.
/root/autodl-tmp/hilbert-polya-structure/symbolic_dynamics/docs/papers162_166_sequence/scouting/replacement_adaptive_maps/SCOUT.md:71:| `PFC` | conjugate a permutation by the label cycle raised to its fixed-point count | `S_7`: 1,855 fixed states and 455 seven-cycles | conjugation preserves fixed-point count | finite group conjugation action; P154 normalizer/centralizer neighbourhood; singleton fibres | `KILL_GROUP_ACTION_ONLY` |
/root/autodl-tmp/hilbert-polya-structure/papers/203-monochromatic-triangle-complementation/revision_a/main.tex:35:alternating edge colours then exclude returns, including the vertex
/root/autodl-tmp/hilbert-polya-structure/papers/203-monochromatic-triangle-complementation/revision_a/main.tex:165:anchor-edge colours $s_0=s_1=0$ and $s_i=(i-1)\bmod2$ for $i\ge2$.
/root/autodl-tmp/hilbert-polya-structure/symbolic_dynamics/docs/papers127_131_sequence/scouting/algebraic/verify_algebraic_scout.py:500:def relation_square(relation, size):
/root/autodl-tmp/hilbert-polya-structure/symbolic_dynamics/docs/papers127_131_sequence/scouting/algebraic/verify_algebraic_scout.py:517:        return relation | relation_square(relation, size)
/root/autodl-tmp/hilbert-polya-structure/symbolic_dynamics/docs/papers127_131_sequence/scouting/algebraic/verify_algebraic_scout.py:550:    step = lambda relation: relation & relation_square(relation, size)
/root/autodl-tmp/hilbert-polya-structure/symbolic_dynamics/docs/papers127_131_sequence/scouting/algebraic/verify_algebraic_scout.py:563:            current = current & relation_square(current, size)
/root/autodl-tmp/hilbert-polya-structure/symbolic_dynamics/docs/papers157_161_sequence/scouting/root/verify_root_scout.py:374:        "CYC=cyclic-difference:literal-linear-conjugate-of-ASD",
/root/autodl-tmp/hilbert-polya-structure/symbolic_dynamics/docs/papers162_166_sequence/scouting/graph_set/SCOUT.md:40:| 11 | `BIM` | labelled rectangular bipartite incidence relations; transpose the incidence matrix and swap sides | all 64 `2 x 3` matrices, bijective, square is identity | only period dividing two and singleton fibres | transpose engine is thin and internally occupied by P127 | `KILL_P127_TRANSPOSE_THIN` |
/root/autodl-tmp/hilbert-polya-structure/symbolic_dynamics/docs/papers162_166_sequence/scouting/open_fresh_p166_round2/IDEA_LEDGER.md:26:| `A02/PSE` | strict posets; replace `<` by its relational square | `T^t=R^(2^t)`, logarithmic height clock | arbitrary targets ask for transitive relation roots | **sentinel replay only; prior literal S03 and pointer-jumping kill** |
/root/autodl-tmp/hilbert-polya-structure/symbolic_dynamics/papers/91-generalized-dihedral-reverser-shifts/main.tex:325:product, inverse, conjugation, and relation graph for 20 product-of-cyclic
/root/autodl-tmp/hilbert-polya-structure/symbolic_dynamics/papers/23-unary-holonomy-finite-fiber-rigidity/PROOF_PACKAGE.md:213:Boolean-relation semigroup.  Lemma 2.2 completes the proof. \(\square\)
/root/autodl-tmp/symbolic_dynamics/docs/papers162_166_sequence/scouting/graph_set/SCOUT.md:40:| 11 | `BIM` | labelled rectangular bipartite incidence relations; transpose the incidence matrix and swap sides | all 64 `2 x 3` matrices, bijective, square is identity | only period dividing two and singleton fibres | transpose engine is thin and internally occupied by P127 | `KILL_P127_TRANSPOSE_THIN` |
/root/autodl-tmp/hilbert-polya-structure/symbolic_dynamics/papers/37-local-coefficient-normal-closure-saturation/sections/3_source_lock.tex:39:A cyclic base change conjugates this matrix and preserves its complete
/root/autodl-tmp/hilbert-polya-structure/symbolic_dynamics/docs/papers162_166_sequence/scouting/open_fresh_p166_round7/IDEA_LEDGER.md:16:| `DCF` | `G x G`, `(x,y) -> (xyx^{-1},yxy^{-1})` | abelian groups give coordinate swap; exact boxes range from bijective period two on `D4` to tail one/period six on `A4,S4` | no group-uniform clock, image, or fibre atlas emerged | two-variable conjugation/word-map neighborhood; HUR/RTCD internal action pressure | `KILL_NO_ALL_GROUP_SPINE` |
/root/autodl-tmp/symbolic_dynamics/docs/papers197_201_sequence/scouting/word_poset_lane/BREADTH_AND_KILL_LEDGER.md:83:| Strict poset relational squaring `R -> R o R` | Literal historical `C12_RPE/A02_PSE`. | `KILL_LITERAL_REPEAT` |
/root/autodl-tmp/hilbert-polya-structure/symbolic_dynamics/papers/69-orientation-sensitive-surface-flat-sft/sections/2_background.tex:78:nonorientable relation is a product of $\ell$ squares.  Convolution of the
/root/autodl-tmp/hilbert-polya-structure/symbolic_dynamics/papers/38-bass-serre-tree-orbital-collapse/PROOF_PACKAGE.md:144:Edge stabilizers are conjugates of the associated cyclic subgroup and are
/root/autodl-tmp/symbolic_dynamics/docs/papers162_166_sequence/scouting/open_fresh_p166_round2/IDEA_LEDGER.md:26:| `A02/PSE` | strict posets; replace `<` by its relational square | `T^t=R^(2^t)`, logarithmic height clock | arbitrary targets ask for transitive relation roots | **sentinel replay only; prior literal S03 and pointer-jumping kill** |
/root/autodl-tmp/symbolic_dynamics/docs/papers187_191_sequence/scouting/combinatorial_lane/KILL_LEDGER.md:21:| C12_RPE | KILL | Repeated squaring gives the exact logarithmic height clock, but this is one transparent relational-power axis.  No every-target strict-poset square-root formula emerged; generic relation powers/root counts are owner-dense and internally unsurprising. |
/root/autodl-tmp/symbolic_dynamics/docs/papers127_131_sequence/scouting/algebraic/verify_algebraic_scout.py:500:def relation_square(relation, size):
/root/autodl-tmp/symbolic_dynamics/docs/papers127_131_sequence/scouting/algebraic/verify_algebraic_scout.py:517:        return relation | relation_square(relation, size)
/root/autodl-tmp/symbolic_dynamics/docs/papers127_131_sequence/scouting/algebraic/verify_algebraic_scout.py:550:    step = lambda relation: relation & relation_square(relation, size)
/root/autodl-tmp/symbolic_dynamics/docs/papers127_131_sequence/scouting/algebraic/verify_algebraic_scout.py:563:            current = current & relation_square(current, size)
/root/autodl-tmp/symbolic_dynamics/docs/papers162_166_sequence/scouting/open_fresh_p166_round7/IDEA_LEDGER.md:16:| `DCF` | `G x G`, `(x,y) -> (xyx^{-1},yxy^{-1})` | abelian groups give coordinate swap; exact boxes range from bijective period two on `D4` to tail one/period six on `A4,S4` | no group-uniform clock, image, or fibre atlas emerged | two-variable conjugation/word-map neighborhood; HUR/RTCD internal action pressure | `KILL_NO_ALL_GROUP_SPINE` |
/root/autodl-tmp/symbolic_dynamics/docs/papers162_166_sequence/scouting/replacement_adaptive_maps/SCOUT.md:71:| `PFC` | conjugate a permutation by the label cycle raised to its fixed-point count | `S_7`: 1,855 fixed states and 455 seven-cycles | conjugation preserves fixed-point count | finite group conjugation action; P154 normalizer/centralizer neighbourhood; singleton fibres | `KILL_GROUP_ACTION_ONLY` |
/root/autodl-tmp/symbolic_dynamics/docs/papers157_161_sequence/scouting/root/verify_root_scout.py:374:        "CYC=cyclic-difference:literal-linear-conjugate-of-ASD",
/root/autodl-tmp/symbolic_dynamics/docs/papers187_191_sequence/scouting/graph_lane/replacement/KILL_LEDGER.md:19:| **RX07 E2C** | All looped relations through `n=4`; last image `26,038`, fixed `508`, periods `1,2,3,4`, maximum depth `8`. | **KILL_RELATION_POWER** | A unique-witness square is a relation-power silhouette.  The irregular finite periods provide no uniform inverse/spectral route and cannot reopen the P137--P143 relation-power corridor. |
/root/autodl-tmp/symbolic_dynamics/docs/papers197_201_sequence/scouting/replacement_lane/BREADTH_AND_KILL_LEDGER.md:20:| `PZK` | Proper edge-colourings of a path, encoded by adjacent-unequal words.  At the leftmost zero, swap `0,1` on its maximal bichromatic edge path; hold if zero is absent. | `q=3,n=10`: `1536` states, image `1152`, recurrent `1024`, max tail `5`, max fibre `6`; `q=4,n=10`: `78732/52488/39878/5/6`.  The invariant separator skeleton gives tail `ceil(n/2)` and only periods `1,2`. | **`KILL_BATCH_DUPLICATE_BEHIND_LZK`.**  The run-skeleton proof is different, but this is a second least-zero Kempe system in the same batch.  It cannot provide the requested independent survivor. |
/root/autodl-tmp/symbolic_dynamics/docs/papers132_136_sequence/scouting/root/SCOUT.md:20:| X06 | cyclic words, `w -> w or shift(w)` | dual of X05 | kill: complement conjugate of X05 |
/root/autodl-tmp/symbolic_dynamics/docs/papers127_131_sequence/scouting/algebraic/SCOUT.md:95:| `S02` | `R -> R union R^2` in the Boolean relation semigroup. | all `2^16` relations on four labelled points; **196,608** | 3,994 fixed relations; transitive closure is reached in at most two rounds. | **KILL.**  Literal repeated-squaring transitive closure. |
/root/autodl-tmp/symbolic_dynamics/docs/papers157_161_sequence/scouting/root/SCOUT.md:31:| 16 | CYC | cyclic finite-group words, cyclic forward difference | Fitting tail is the characteristic part of the word length | cycle count from a circulant gcd | literally the normal-basis model of ASD | KILL_CONJUGATE |
/root/autodl-tmp/symbolic_dynamics/docs/papers204_208_sequence/scouting/graph_geometry_fourth/SCOUT_REPORT.md:20:| IDR | A naturally labelled strict poset retains x<y exactly when the OLD open interval (x,y) contains two OLD incomparable vertices. | n=0,...,6, all transitive subrelations of the natural strict order | KILL_RELATIONAL_POWER_BOUND_ONLY. The map preserves transitivity and is contained in relation squaring, giving a coarse extinction bound. No sharp clock or independent inverse theorem was found. |
/root/autodl-tmp/symbolic_dynamics/docs/papers204_208_sequence/scouting/graph_geometry_fourth/SCOUT_REPORT.md:68:containment in relation powers is used; equality with poset squaring is
/root/autodl-tmp/symbolic_dynamics/docs/papers107_111_sequence/scouting/ALGEBRAIC_SCOUT.md:26:graphs, ordinary finite-relation SFTs, generic group power maps, Schur-square
/root/autodl-tmp/symbolic_dynamics/docs/papers142_146_sequence/scouting/root/SCOUT_BOOLEAN_GRAM.md:21:where powers are Boolean relation powers.  Loops make successive graph squares monotone.  Hence all recurrent states are fixed and the fixed states are precisely partial equivalence relations: disjoint unions of looped cliques plus unlooped isolated vertices.
/root/autodl-tmp/symbolic_dynamics/papers/203-monochromatic-triangle-complementation/revision_a/cold_build/main.tex:35:alternating edge colours then exclude returns, including the vertex
/root/autodl-tmp/symbolic_dynamics/papers/203-monochromatic-triangle-complementation/revision_a/cold_build/main.tex:165:anchor-edge colours $s_0=s_1=0$ and $s_i=(i-1)\bmod2$ for $i\ge2$.
/root/autodl-tmp/symbolic_dynamics/papers/69-orientation-sensitive-surface-flat-sft/sections/2_background.tex:78:nonorientable relation is a product of $\ell$ squares.  Convolution of the
/root/autodl-tmp/symbolic_dynamics/papers/23-unary-holonomy-finite-fiber-rigidity/PROOF_PACKAGE.md:213:Boolean-relation semigroup.  Lemma 2.2 completes the proof. \(\square\)
/root/autodl-tmp/symbolic_dynamics/papers/203-monochromatic-triangle-complementation/main.tex:35:alternating edge colours then exclude returns, including the vertex
/root/autodl-tmp/symbolic_dynamics/papers/203-monochromatic-triangle-complementation/main.tex:165:anchor-edge colours $s_0=s_1=0$ and $s_i=(i-1)\bmod2$ for $i\ge2$.
/root/autodl-tmp/symbolic_dynamics/papers/203-monochromatic-triangle-complementation/revision_a/main.tex:35:alternating edge colours then exclude returns, including the vertex
/root/autodl-tmp/symbolic_dynamics/papers/203-monochromatic-triangle-complementation/revision_a/main.tex:165:anchor-edge colours $s_0=s_1=0$ and $s_i=(i-1)\bmod2$ for $i\ge2$.
/root/autodl-tmp/symbolic_dynamics/docs/papers197_201_sequence/scouting/nonlinear_fifth_20260905/SCOUT_AND_DISPOSITION.md:116:- Matrix powers/Frobenius linearization, AA^T A, mutual conjugation, cyclic
/root/autodl-tmp/symbolic_dynamics/papers/37-local-coefficient-normal-closure-saturation/sections/3_source_lock.tex:39:A cyclic base change conjugates this matrix and preserves its complete
/root/autodl-tmp/symbolic_dynamics/docs/papers204_208_sequence/scouting/graph_geometry_fourth/PROOF_BOUNDARIES.md:100:the relational square P^2. Inductively,
/root/autodl-tmp/symbolic_dynamics/papers/91-generalized-dihedral-reverser-shifts/main.tex:325:product, inverse, conjugation, and relation graph for 20 product-of-cyclic
/root/autodl-tmp/symbolic_dynamics/papers/38-bass-serre-tree-orbital-collapse/PROOF_PACKAGE.md:144:Edge stabilizers are conjugates of the associated cyclic subgroup and are
/root/autodl-tmp/symbolic_dynamics/papers/203-monochromatic-triangle-complementation/PROOF_PACKAGE.md:30:   proof. Both values of its anchor-edge colour are exhausted.
/root/autodl-tmp/symbolic_dynamics/papers/203-monochromatic-triangle-complementation/PROOF_PACKAGE.md:168:anchor-edge colours $s_0=s_1=0$ and $s_i=(i-1)\bmod2$ for $i\ge2$.
