/root/autodl-tmp/hilbert-polya-structure/docs/papers204_208_sequence/scouting/graph_geometry_third/PROOF_BOUNDARIES.md:94:$01,12,23,14$. The leaves $0,4$ have distance two and eccentricity three.
/root/autodl-tmp/hilbert-polya-structure/docs/papers204_208_sequence/scouting/algebra_fourth/EC_PROOF_PACKAGE.md:17:farthest-neighbour point selector, a fixed metric's eccentricity profile,
/root/autodl-tmp/hilbert-polya-structure/docs/papers204_208_sequence/scouting/algebra_fourth/EC_PROOF_PACKAGE.md:149:The static eccentricity transform, the endpoint identity (2.1), reflection
/root/autodl-tmp/hilbert-polya-structure/docs/papers204_208_sequence/scouting/algebra_fourth/EC_PROOF_PACKAGE.md:171:eccentricity surface, not by themselves ownership of this autonomous
/root/autodl-tmp/hilbert-polya-structure/symbolic_dynamics/docs/papers122_126_sequence/scouting/combinatorial/SCOUT.md:258:  [“Bottleneck extrema” (primary scan)](https://web.vu.lt/mif/s.jukna/EC_Book_2nd/Edmonds-Fulkerson.pdf),
/root/autodl-tmp/hilbert-polya-structure/symbolic_dynamics/docs/papers132_136_sequence/scouting/stochastic/verify_stochastic_scout.py:526:           states, f"terminal independent-distance-two configurations; up to {max_terminals} outcomes",
/root/autodl-tmp/hilbert-polya-structure/symbolic_dynamics/docs/papers132_136_sequence/scouting/root/SCOUT.md:23:| X09 | graph of odd common-neighbour pairs | periods `1,2`, nontrivial tails | reserve only: exact matrix description exists, but collides with the P127 parity-matrix portfolio |
/root/autodl-tmp/hilbert-polya-structure/symbolic_dynamics/docs/papers132_136_sequence/scouting/root/SCOUT.md:24:| X10 | toggle odd-common-neighbour pairs | periods `1,2,4` | reserve only: same P127 collision, and breadth does not isolate a clean invariant |
/root/autodl-tmp/hilbert-polya-structure/docs/papers204_208_sequence/scouting/algebra/PROOF_NOTES.md:130:used. In the power-set case P is the common-neighbor map of any symmetric
/root/autodl-tmp/hilbert-polya-structure/docs/papers197_201_sequence/scouting/graph_matching_lane/BREADTH_AND_KILL_LEDGER.md:14:| 4 | `LDF` | On a labelled simple graph, find the lexicographically least nonedge whose endpoints have an old common neighbour, add that one edge, and otherwise hold. | All graphs through `n=6`; at `n=6`: 32,768 states, image 15,593, 203 fixed graphs, maximum tail 10, unique maximum fibre 16. | Tail is the number of missing edges inside the initial connected components; fixed graphs are cluster graphs; deepest states are the `n^(n-2)` trees; every target has an admissible deleted-edge atlas. | **`KILL_GRAPH_SQUARE_CLOSURE`**.  This is graph-square/component-clique closure serialized by a lexicographic scheduler. |
/root/autodl-tmp/hilbert-polya-structure/docs/papers204_208_sequence/scouting/ROOT_PREINTAKE_EXCLUSIONS_20260906.md:11:The literal odd-common-neighbour toggle appears as C21/CNT in the original
/root/autodl-tmp/hilbert-polya-structure/docs/papers204_208_sequence/scouting/ROOT_PREINTAKE_EXCLUSIONS_20260906.md:24:squaring, common-neighbour parity, matrix dynamics (AB,BA), finite-group
/root/autodl-tmp/hilbert-polya-structure/docs/papers204_208_sequence/scouting/finite_systems_twelfth/INTAKE.md:34:The initial ideas UCN (unique common-neighbor graph), quartic Hessian,
/root/autodl-tmp/hilbert-polya-structure/symbolic_dynamics/docs/papers132_136_sequence/replacement_scout/combinatorial/verify_combinatorial_scout.py:635:    deleted = min(maxima)
/root/autodl-tmp/hilbert-polya-structure/docs/papers197_201_sequence/scouting/second_replacement_20260905/CONTRACTS_AND_PROOF.md:100:distance two. Sources of the empty target are therefore in bijection with
/root/autodl-tmp/hilbert-polya-structure/docs/papers187_191_sequence/scouting/graph_lane/replacement/KILL_LEDGER.md:15:| **RX03 AGP** | Same rooted-tree census; only period two for `n>1`; maximum tested depths `0,0,1,1,2,2,3`. | **KILL_INTERNAL_DIRECT** | Away from the centre this is exactly centreward eccentricity descent; only the centre is redirected once to manufacture a 2-cycle.  It is the killed TR3 centre-descent mechanism plus one boundary arrow, and is also adjacent to the P114/P159 tree-pruning corridor. |
/root/autodl-tmp/hilbert-polya-structure/docs/papers187_191_sequence/scouting/graph_lane/replacement/KILL_LEDGER.md:20:| **RX08 ETH** | All hypergraphs through `n=4` (`65,536` last-size families); exact `F^3=F`, last image `198`, depth at most one. | **KILL_POLARITY** | This is the common-neighbour operator for the symmetric predicate `|S intersect E|=1`; cubic collapse is generic polarity and belongs to the P106 firewall. |
/root/autodl-tmp/hilbert-polya-structure/docs/papers187_191_sequence/scouting/graph_lane/replacement/KILL_LEDGER.md:24:| **RX12 MEG** | All simple graphs through `n=5`; last image `369`, fixed `52`, periods `1,2`, maximum depth `3`. | **KILL_DIRECT_OWNER** | Mutual-eccentricity/eccentric graph operators are a named graph-operation literature; the bounded dynamics add no uniform inverse or spectral theorem. |
/root/autodl-tmp/hilbert-polya-structure/symbolic_dynamics/docs/papers132_136_sequence/scouting/stochastic/SCOUT.md:49:| `R09` | Binary cycle; in any cyclic `111`, replace the middle bit by zero. Audit absorbing laws and clocks. | lengths 3--12; 8,184 | Absorbing distance-two hard-core sets, as many as 29 outcomes; random-sequential-adsorption core. **Kill.** |
/root/autodl-tmp/hilbert-polya-structure/symbolic_dynamics/docs/papers162_166_sequence/scouting/replacement_stochastic_nonlinear/verify_scout.py:450:    # G05: toggle a sampled edge iff its endpoints have odd common-neighbour count.
/root/autodl-tmp/hilbert-polya-structure/symbolic_dynamics/docs/papers132_136_sequence/scouting/root/cross_family_scout.py:338:    emit("X09", "simple graphs n<=6; odd common-neighbour graph", states, common_parity_graph)
/root/autodl-tmp/hilbert-polya-structure/symbolic_dynamics/docs/papers132_136_sequence/scouting/root/cross_family_scout.py:341:        "simple graphs n<=6; toggle edges of odd common-neighbour graph",
/root/autodl-tmp/hilbert-polya-structure/docs/papers197_201_sequence/scouting/second_replacement_20260905/INTAKE.md:16:   common neighbor. This is not persistent graph-square closure.
/root/autodl-tmp/hilbert-polya-structure/symbolic_dynamics/docs/papers117_121_sequence/phase1/CANDIDATE_POOL_AND_KILL_LEDGER.md:83:| S08 | signed-tropical Fibonacci pair | orientation-sensitive first balance | kill: finite sign memory |
/root/autodl-tmp/hilbert-polya-structure/symbolic_dynamics/docs/papers117_121_sequence/phase1/CANDIDATE_POOL_AND_KILL_LEDGER.md:91:| R4 | odd-common-neighbour toggle on Eulerian graphs | same additive-polynomial iterate as R1 | kill: same-engine/P97 |
/root/autodl-tmp/hilbert-polya-structure/symbolic_dynamics/docs/papers167_171_sequence/scouting/combinatorial_crossdomain/IDEA_LEDGER.md:36:| C21 CNT | Simple graphs; toggle each pair having an odd number of common neighbours. | Five vertices appears convergent with tail 4; six vertices already has periods 2 and 4. | **KILL.** Early convergence was a small-size mirage; matrix-parity collision. |
/root/autodl-tmp/hilbert-polya-structure/symbolic_dynamics/docs/papers142_146_sequence/scouting/stochastic/verify_stochastic_scout.py:503:        f"mean_extrema(n:min/max)={','.join(extrema)}"
/root/autodl-tmp/hilbert-polya-structure/symbolic_dynamics/docs/papers132_136_sequence/scouting/combinatorial/verify_combinatorial_scout.py:658:def tree_eccentricity(mask, n, vertex):
/root/autodl-tmp/hilbert-polya-structure/symbolic_dynamics/docs/papers132_136_sequence/scouting/combinatorial/verify_combinatorial_scout.py:665:    current = tree_eccentricity(mask, n, root)
/root/autodl-tmp/hilbert-polya-structure/symbolic_dynamics/docs/papers132_136_sequence/scouting/combinatorial/verify_combinatorial_scout.py:666:    lower = [v for v in adjacency[root] if tree_eccentricity(mask, n, v) < current]
/root/autodl-tmp/hilbert-polya-structure/docs/papers204_208_sequence/scouting/graph_geometry_third/SCOUT_REPORT.md:35:distance-two/metamour, ordinary graph powers, closure/bridge erasure, triangle
/root/autodl-tmp/hilbert-polya-structure/symbolic_dynamics/docs/papers172_176_sequence/scouting/combinatorial_crossdomain/IDEA_LEDGER.md:25:| `G05_ECC` | Labelled simple graphs.  Inside each old connected component, join exactly pairs having equal old eccentricity. | Through `n=5`; exact retraction, 52 fixed images and maximum fibre 113. | **KILL_METRIC_RETRACTION.** Eccentricity classification and the one-step clock are the same statistic. |
/root/autodl-tmp/hilbert-polya-structure/symbolic_dynamics/docs/papers112_116_sequence/scouting/STOCHASTIC_SCOUT.md:20:   HOLD.**  Each of the two deterministic generators has tropical spectral
/root/autodl-tmp/hilbert-polya-structure/symbolic_dynamics/docs/papers112_116_sequence/scouting/STOCHASTIC_SCOUT.md:50:the same tropical/projective proof engine.  T4 is held behind a severe
/root/autodl-tmp/hilbert-polya-structure/symbolic_dynamics/docs/papers112_116_sequence/scouting/STOCHASTIC_SCOUT.md:134:Both matrices have tropical spectral radius zero:
/root/autodl-tmp/hilbert-polya-structure/symbolic_dynamics/docs/papers112_116_sequence/scouting/STOCHASTIC_SCOUT.md:142:have zero asymptotic growth.  Neither matrix has tropical rank one: its two
/root/autodl-tmp/hilbert-polya-structure/symbolic_dynamics/docs/papers112_116_sequence/scouting/STOCHASTIC_SCOUT.md:227:1. **Tropical matrix route.**  Multiply literal `2 x 2` max-plus matrices,
/root/autodl-tmp/hilbert-polya-structure/symbolic_dynamics/docs/papers112_116_sequence/scouting/STOCHASTIC_SCOUT.md:242:`code/stochastic_tropical_resonance.py` exhausts every word through `n=15`.
/root/autodl-tmp/hilbert-polya-structure/symbolic_dynamics/docs/papers112_116_sequence/scouting/STOCHASTIC_SCOUT.md:263:- Row/column tropical scaling, permutation, transpose, and additive
/root/autodl-tmp/hilbert-polya-structure/symbolic_dynamics/docs/papers112_116_sequence/scouting/STOCHASTIC_SCOUT.md:280:  subword.  The reward is the global tropical matrix maximum and has only
/root/autodl-tmp/hilbert-polya-structure/symbolic_dynamics/docs/papers112_116_sequence/scouting/STOCHASTIC_SCOUT.md:503:`code/stochastic_tropical_slowdown.py` compares literal products with the
/root/autodl-tmp/hilbert-polya-structure/symbolic_dynamics/docs/papers112_116_sequence/scouting/STOCHASTIC_SCOUT.md:647:### Contract 1 -- T1 exact tropical normal form and finite law
/root/autodl-tmp/hilbert-polya-structure/symbolic_dynamics/docs/papers112_116_sequence/scouting/STOCHASTIC_SCOUT.md:658:nonpalindromic word, and the fact that neither generator is tropical rank
/root/autodl-tmp/hilbert-polya-structure/symbolic_dynamics/docs/papers112_116_sequence/scouting/STOCHASTIC_SCOUT.md:716:"stochastic tropical matrix switching induced instability exact pressure"
/root/autodl-tmp/hilbert-polya-structure/symbolic_dynamics/docs/papers112_116_sequence/scouting/STOCHASTIC_SCOUT.md:751:PYTHONDONTWRITEBYTECODE=1 python docs/papers112_116_sequence/scouting/code/stochastic_tropical_resonance.py
/root/autodl-tmp/hilbert-polya-structure/symbolic_dynamics/docs/papers112_116_sequence/scouting/STOCHASTIC_SCOUT.md:753:PYTHONDONTWRITEBYTECODE=1 python docs/papers112_116_sequence/scouting/code/stochastic_tropical_slowdown.py
/root/autodl-tmp/hilbert-polya-structure/symbolic_dynamics/docs/papers112_116_sequence/scouting/STOCHASTIC_SCOUT.md:760:stochastic tropical-resonance spike: PASS
/root/autodl-tmp/hilbert-polya-structure/symbolic_dynamics/docs/papers112_116_sequence/scouting/STOCHASTIC_SCOUT.md:774:stochastic tropical-slowdown spike: PASS
/root/autodl-tmp/hilbert-polya-structure/docs/papers204_208_sequence/scouting/graph_relation/SCOUT_REPORT.md:45:- Exact-distance-two graph: old P187--191 G07 and previous batch D2G; the
/root/autodl-tmp/hilbert-polya-structure/symbolic_dynamics/docs/papers152_156_sequence/scouting/stochastic/SCOUT.md:74:| TCE | in a fixed graph choose an eligible nonedge with a common neighbour and add it | path history counts `1,1,4,204,280848,18163801920` for `n=2..7` | triadic-closure mechanism; endpoint and clock deterministic | **KILL** |
/root/autodl-tmp/hilbert-polya-structure/symbolic_dynamics/docs/papers152_156_sequence/scouting/stochastic/SCOUT.md:514:whose endpoints have a common neighbour and add that edge.  A connected graph
/root/autodl-tmp/hilbert-polya-structure/symbolic_dynamics/docs/papers117_121_sequence/scouting/ROOT_SCOUT.md:80:## R4 — odd-common-neighbour toggling on Eulerian graphs
/root/autodl-tmp/hilbert-polya-structure/symbolic_dynamics/docs/papers117_121_sequence/scouting/STOCHASTIC_SCOUT.md:79:| S08 | a fixed signed-tropical Fibonacci pair | orientation-sensitive first balance, but a finite sign-pattern semigroup | **KILL** |
/root/autodl-tmp/hilbert-polya-structure/symbolic_dynamics/docs/papers117_121_sequence/scouting/STOCHASTIC_SCOUT.md:270:### S08. Fixed signed-tropical Fibonacci phase — KILL
/root/autodl-tmp/hilbert-polya-structure/symbolic_dynamics/docs/papers117_121_sequence/scouting/STOCHASTIC_SCOUT.md:284:- **Subtraction.**  Symmetrized-tropical deterministic spectral theory is
/root/autodl-tmp/hilbert-polya-structure/symbolic_dynamics/docs/papers162_166_sequence/scouting/open_fresh_p165/verify_scout.py:219:                        ("SDS F2 distance doubles", n, code),
/root/autodl-tmp/hilbert-polya-structure/symbolic_dynamics/papers/116-max-plus-switching-induced-growth/sections/3_finite_law.tex:66:\begin{proof}[Tropical literal/projective route]
/root/autodl-tmp/hilbert-polya-structure/symbolic_dynamics/docs/papers112_116_sequence/phase1/CANDIDATE_POOL_AND_KILL_LEDGER.md:37:| P116 | iid products of two explicit tropical `2 x 2` matrices; observe the maximum entry | both generators have zero deterministic growth, but every nondegenerate mixture has positive drift | residual displayed-pair formulas: five gaps/three-state reward table, rational drift/variance, cubic transfer/pressure, exact support/extremes and temperature constants; reset/coupling and generic Markov-additive LLN/CLT/LDP engines are zero-credit |
/root/autodl-tmp/hilbert-polya-structure/symbolic_dynamics/docs/papers112_116_sequence/phase1/CANDIDATE_POOL_AND_KILL_LEDGER.md:51:   tropical three-state cocycle, or a second coefficient-decimation system;
/root/autodl-tmp/hilbert-polya-structure/symbolic_dynamics/docs/papers162_166_sequence/scouting/replacement_stochastic_nonlinear/SCOUT.md:98:| `G05/OCN` | labelled graphs on five vertices; toggle sampled edge `uv` iff `u,v` have an odd number of common neighbours | `1024/5488/46/205/43\/1250/0/1..1/0` | Each labelled toggle is an involution because changing `uv` does not change its common-neighbour count, hence the kernel is doubly stochastic.  Edge/parity summaries are not lumpable. | Longer endpoints are an irregular involution-graph walk, not an absorbing transformation or a target atlas. | `KILL_INVOLUTION_GRAPH_NO_COMPRESSION` |
/root/autodl-tmp/hilbert-polya-structure/symbolic_dynamics/papers/116-max-plus-switching-induced-growth/sections/0_abstract.tex:7:Each generator has tropical spectral radius zero, tropical rank two, and
/root/autodl-tmp/hilbert-polya-structure/symbolic_dynamics/papers/116-max-plus-switching-induced-growth/sections/0_abstract.tex:9:tropical rank one and reset the projective state.  Nevertheless, if iid
/root/autodl-tmp/hilbert-polya-structure/symbolic_dynamics/docs/papers132_136_sequence/scouting/combinatorial/SCOUT.md:72:| **TR3** | Move the root to the least-labelled neighbor of strictly smaller eccentricity. | Same 126,126 states; periods 1, tail 3; last `I/F=63217/24997`. | 504,532 | **KILL DIRECT.** Standard center descent with an artificial tie rule. |
/root/autodl-tmp/hilbert-polya-structure/symbolic_dynamics/docs/papers157_161_sequence/scouting/combinatorial/SCOUT.md:13:   plane-tree vertex, has an exact pointwise sibling-bottleneck clock and a
/root/autodl-tmp/hilbert-polya-structure/symbolic_dynamics/docs/papers157_161_sequence/scouting/combinatorial/SCOUT.md:37:| 1 | `LCP` | plane trees; recursively discard each vertex's first child subtree | exact iterate, sibling-bottleneck clock, every-target inverse OGF | **`SELECT_FOCUSED`** |
/root/autodl-tmp/hilbert-polya-structure/symbolic_dynamics/docs/papers162_166_sequence/scouting/alternating_tropical_row_normalization/SCOUT.md:1:# Alternating tropical row-normalization dynamics
/root/autodl-tmp/hilbert-polya-structure/symbolic_dynamics/docs/papers162_166_sequence/scouting/alternating_tropical_row_normalization/SCOUT.md:206:python3 docs/papers162_166_sequence/scouting/alternating_tropical_row_normalization/verify_atr.py
/root/autodl-tmp/hilbert-polya-structure/symbolic_dynamics/docs/papers157_161_sequence/phase1/combinatorial_gate/THEOREM_CONTRACTS_AND_PROOFS.md:63:least empty rank is the maximum bottleneck.  A nonsingleton has a child of
/root/autodl-tmp/hilbert-polya-structure/symbolic_dynamics/docs/papers157_161_sequence/phase1/combinatorial_gate/THEOREM_CONTRACTS_AND_PROOFS.md:65:Finally every bottleneck is at most the root degree, which is at most `n-1`,
/root/autodl-tmp/hilbert-polya-structure/symbolic_dynamics/docs/papers157_161_sequence/scouting/combinatorial/verify_combinatorial_scout.py:100:def sibling_bottleneck(tree: tuple) -> int:
/root/autodl-tmp/hilbert-polya-structure/symbolic_dynamics/docs/papers157_161_sequence/scouting/combinatorial/verify_combinatorial_scout.py:103:    def visit(node: tuple, bottleneck: int) -> None:
/root/autodl-tmp/hilbert-polya-structure/symbolic_dynamics/docs/papers157_161_sequence/scouting/combinatorial/verify_combinatorial_scout.py:106:            child_bottleneck = min(bottleneck, index)
/root/autodl-tmp/hilbert-polya-structure/symbolic_dynamics/docs/papers157_161_sequence/scouting/combinatorial/verify_combinatorial_scout.py:107:            answer = max(answer, child_bottleneck)
/root/autodl-tmp/hilbert-polya-structure/symbolic_dynamics/docs/papers157_161_sequence/scouting/combinatorial/verify_combinatorial_scout.py:108:            visit(child, child_bottleneck)
/root/autodl-tmp/hilbert-polya-structure/symbolic_dynamics/docs/papers157_161_sequence/scouting/combinatorial/verify_combinatorial_scout.py:171:            A.check(lcp_tail(tree) == sibling_bottleneck(tree), tree)
/root/autodl-tmp/hilbert-polya-structure/symbolic_dynamics/docs/papers157_161_sequence/scouting/combinatorial/verify_combinatorial_scout.py:562:    maximum = n if maximum is None else min(maximum, n)
/root/autodl-tmp/hilbert-polya-structure/symbolic_dynamics/papers/116-max-plus-switching-induced-growth/sections/2_generators.tex:12:For a finite $2\times2$ matrix $C$, the tropical spectral radius is the
/root/autodl-tmp/hilbert-polya-structure/symbolic_dynamics/papers/116-max-plus-switching-induced-growth/sections/2_generators.tex:18:Such a matrix has tropical rank one precisely when
/root/autodl-tmp/hilbert-polya-structure/symbolic_dynamics/papers/116-max-plus-switching-induced-growth/sections/2_generators.tex:55:neither matrix has tropical rank one.
/root/autodl-tmp/hilbert-polya-structure/symbolic_dynamics/papers/116-max-plus-switching-induced-growth/sections/2_generators.tex:65:Neither generator, and no word of length two, has tropical rank one.  At
/root/autodl-tmp/hilbert-polya-structure/symbolic_dynamics/papers/116-max-plus-switching-induced-growth/sections/2_generators.tex:87:$\delta(C)=C_{11}+C_{22}-C_{12}-C_{21}$; tropical rank one is equivalent
/root/autodl-tmp/hilbert-polya-structure/symbolic_dynamics/docs/papers117_121_sequence/scouting/COMBINATORIAL_SCOUT.md:48:  common neighbours of odd current degree. This is simultaneous, not a
/root/autodl-tmp/hilbert-polya-structure/symbolic_dynamics/docs/papers117_121_sequence/scouting/COMBINATORIAL_SCOUT.md:107:   common-neighbour hypergraph can attack fixed points and cycle families.
/root/autodl-tmp/hilbert-polya-structure/symbolic_dynamics/papers/116-max-plus-switching-induced-growth/sections/1_introduction.tex:7:two full tropical-rank matrices have bounded powers and zero individual
/root/autodl-tmp/hilbert-polya-structure/symbolic_dynamics/papers/116-max-plus-switching-induced-growth/sections/1_introduction.tex:39:three-state chain.  Four words of minimal length three have tropical rank
/root/autodl-tmp/hilbert-polya-structure/symbolic_dynamics/papers/116-max-plus-switching-induced-growth/sections/1_introduction.tex:63:Two complementary proof routes are kept visible.  The tropical route uses raw matrix and
/root/autodl-tmp/hilbert-polya-structure/symbolic_dynamics/docs/papers162_166_sequence/scouting/replacement_matchings_incidence/SCOUT.md:90:| `R02 UCN` | graph: join `i,j` iff they have exactly one common neighbour | `32768 / 10729 / 878 / {1,2} / 10` | long clock signal and fibres sought | **`KILL_COMPLEX_SMALL_SPECTRUM_NO_SPINE`** |
/root/autodl-tmp/hilbert-polya-structure/symbolic_dynamics/docs/papers162_166_sequence/scouting/replacement_matchings_incidence/verify_scout.py:425:def unique_common_neighbour(i, j, neighbours, _state, _edges):
/root/autodl-tmp/hilbert-polya-structure/symbolic_dynamics/docs/papers162_166_sequence/scouting/replacement_matchings_incidence/verify_scout.py:740:    systems.append(("R02 UCN",) + simple_graph_system(6, unique_common_neighbour))
/root/autodl-tmp/hilbert-polya-structure/symbolic_dynamics/docs/papers162_166_sequence/phase1/CANDIDATE_POOL_AND_KILL_LEDGER.md:71:| `alternating_tropical_row_normalization` | 1 | `1 K` | ATR passed its formulas but failed the Kuhn--Munkres/P143 owner-value gate. |
/root/autodl-tmp/hilbert-polya-structure/symbolic_dynamics/docs/papers162_166_sequence/scouting/open_fresh_p166_round6/verify_scout.py:231:    eccentricity = []
/root/autodl-tmp/hilbert-polya-structure/symbolic_dynamics/docs/papers162_166_sequence/scouting/open_fresh_p166_round6/verify_scout.py:237:        eccentricity.append(max(distances, default=0))
/root/autodl-tmp/hilbert-polya-structure/symbolic_dynamics/docs/papers162_166_sequence/scouting/open_fresh_p166_round6/verify_scout.py:241:        if distance == eccentricity[i] == eccentricity[j]:
/root/autodl-tmp/hilbert-polya-structure/symbolic_dynamics/docs/papers162_166_sequence/scouting/open_fresh_p166_round6/SCOUT.md:132:distance two on nonedges.  Join `i,j` in `MEG(G)` iff `j` is farthest from
/root/autodl-tmp/hilbert-polya-structure/symbolic_dynamics/papers/47-harmonic-egyptian-mordell-tornheim/sections/02_related_work.tex:23:Mordell--Tornheim-type series.  In particular, the tropical boundary
/root/autodl-tmp/hilbert-polya-structure/symbolic_dynamics/papers/49-transient-phase-allocation-tree-shifts/paper/sections/03_setting.tex:24:\begin{definition}[Rooted-tree metric]
/root/autodl-tmp/symbolic_dynamics/docs/papers117_121_sequence/phase1/CANDIDATE_POOL_AND_KILL_LEDGER.md:83:| S08 | signed-tropical Fibonacci pair | orientation-sensitive first balance | kill: finite sign memory |
/root/autodl-tmp/symbolic_dynamics/docs/papers117_121_sequence/phase1/CANDIDATE_POOL_AND_KILL_LEDGER.md:91:| R4 | odd-common-neighbour toggle on Eulerian graphs | same additive-polynomial iterate as R1 | kill: same-engine/P97 |
/root/autodl-tmp/symbolic_dynamics/docs/papers122_126_sequence/scouting/combinatorial/SCOUT.md:258:  [“Bottleneck extrema” (primary scan)](https://web.vu.lt/mif/s.jukna/EC_Book_2nd/Edmonds-Fulkerson.pdf),
/root/autodl-tmp/hilbert-polya-structure/symbolic_dynamics/docs/papers82_86_sequence/phase1/CANDIDATE_POOL_AND_KILL_LEDGER.md:40:| rank-two tropical sign itinerary | `KILL_OWNER_OR_INTERNAL_COLLISION` | the available entropy/degree-growth mechanism is substantially owned and overlaps the mirror's max-plus/tropical Route-A package |
/root/autodl-tmp/hilbert-polya-structure/symbolic_dynamics/papers/31-wilson-semiring-verifier-trichotomy/sections/3_semiring_clones.tex:101:elements not additively generated by the unit.  Tropical addition is
/root/autodl-tmp/symbolic_dynamics/docs/papers132_136_sequence/scouting/combinatorial/SCOUT.md:72:| **TR3** | Move the root to the least-labelled neighbor of strictly smaller eccentricity. | Same 126,126 states; periods 1, tail 3; last `I/F=63217/24997`. | 504,532 | **KILL DIRECT.** Standard center descent with an artificial tie rule. |
/root/autodl-tmp/symbolic_dynamics/docs/papers132_136_sequence/scouting/combinatorial/__pycache__/verify_combinatorial_scout.cpython-312.pyc: binary file matches (found "\0" byte around offset 4)
/root/autodl-tmp/hilbert-polya-structure/symbolic_dynamics/papers/49-transient-phase-allocation-tree-shifts/paper/sections/02_related_work.tex:22:tree metric and supplies matched upper and lower bounds for a frozen complete
/root/autodl-tmp/hilbert-polya-structure/symbolic_dynamics/papers/49-transient-phase-allocation-tree-shifts/paper/sections/02_related_work.tex:54:& Hausdorff dimension in the rooted-tree metric; nonlinear variational theory
/root/autodl-tmp/hilbert-polya-structure/symbolic_dynamics/papers/39-affine-obstruction-dag-closure-certificate/sections/A_ledgers_and_proofs.tex:210:\paragraph{Weighted trees.}
/root/autodl-tmp/symbolic_dynamics/docs/papers157_161_sequence/scouting/combinatorial/SCOUT.md:13:   plane-tree vertex, has an exact pointwise sibling-bottleneck clock and a
/root/autodl-tmp/symbolic_dynamics/docs/papers157_161_sequence/scouting/combinatorial/SCOUT.md:37:| 1 | `LCP` | plane trees; recursively discard each vertex's first child subtree | exact iterate, sibling-bottleneck clock, every-target inverse OGF | **`SELECT_FOCUSED`** |
/root/autodl-tmp/symbolic_dynamics/docs/papers162_166_sequence/scouting/alternating_tropical_row_normalization/SCOUT.md:1:# Alternating tropical row-normalization dynamics
/root/autodl-tmp/symbolic_dynamics/docs/papers162_166_sequence/scouting/alternating_tropical_row_normalization/SCOUT.md:206:python3 docs/papers162_166_sequence/scouting/alternating_tropical_row_normalization/verify_atr.py
/root/autodl-tmp/symbolic_dynamics/docs/papers162_166_sequence/scouting/replacement_matchings_incidence/SCOUT.md:90:| `R02 UCN` | graph: join `i,j` iff they have exactly one common neighbour | `32768 / 10729 / 878 / {1,2} / 10` | long clock signal and fibres sought | **`KILL_COMPLEX_SMALL_SPECTRUM_NO_SPINE`** |
/root/autodl-tmp/symbolic_dynamics/docs/papers157_161_sequence/phase1/combinatorial_gate/THEOREM_CONTRACTS_AND_PROOFS.md:63:least empty rank is the maximum bottleneck.  A nonsingleton has a child of
/root/autodl-tmp/symbolic_dynamics/docs/papers157_161_sequence/phase1/combinatorial_gate/THEOREM_CONTRACTS_AND_PROOFS.md:65:Finally every bottleneck is at most the root degree, which is at most `n-1`,
/root/autodl-tmp/symbolic_dynamics/docs/papers112_116_sequence/scouting/STOCHASTIC_SCOUT.md:20:   HOLD.**  Each of the two deterministic generators has tropical spectral
/root/autodl-tmp/symbolic_dynamics/docs/papers112_116_sequence/scouting/STOCHASTIC_SCOUT.md:50:the same tropical/projective proof engine.  T4 is held behind a severe
/root/autodl-tmp/symbolic_dynamics/docs/papers112_116_sequence/scouting/STOCHASTIC_SCOUT.md:134:Both matrices have tropical spectral radius zero:
/root/autodl-tmp/symbolic_dynamics/docs/papers112_116_sequence/scouting/STOCHASTIC_SCOUT.md:142:have zero asymptotic growth.  Neither matrix has tropical rank one: its two
/root/autodl-tmp/symbolic_dynamics/docs/papers112_116_sequence/scouting/STOCHASTIC_SCOUT.md:227:1. **Tropical matrix route.**  Multiply literal `2 x 2` max-plus matrices,
/root/autodl-tmp/symbolic_dynamics/docs/papers112_116_sequence/scouting/STOCHASTIC_SCOUT.md:242:`code/stochastic_tropical_resonance.py` exhausts every word through `n=15`.
/root/autodl-tmp/symbolic_dynamics/docs/papers112_116_sequence/scouting/STOCHASTIC_SCOUT.md:263:- Row/column tropical scaling, permutation, transpose, and additive
/root/autodl-tmp/symbolic_dynamics/docs/papers112_116_sequence/scouting/STOCHASTIC_SCOUT.md:280:  subword.  The reward is the global tropical matrix maximum and has only
/root/autodl-tmp/symbolic_dynamics/docs/papers112_116_sequence/scouting/STOCHASTIC_SCOUT.md:503:`code/stochastic_tropical_slowdown.py` compares literal products with the
/root/autodl-tmp/symbolic_dynamics/docs/papers112_116_sequence/scouting/STOCHASTIC_SCOUT.md:647:### Contract 1 -- T1 exact tropical normal form and finite law
/root/autodl-tmp/symbolic_dynamics/docs/papers112_116_sequence/scouting/STOCHASTIC_SCOUT.md:658:nonpalindromic word, and the fact that neither generator is tropical rank
/root/autodl-tmp/symbolic_dynamics/docs/papers112_116_sequence/scouting/STOCHASTIC_SCOUT.md:716:"stochastic tropical matrix switching induced instability exact pressure"
/root/autodl-tmp/symbolic_dynamics/docs/papers112_116_sequence/scouting/STOCHASTIC_SCOUT.md:751:PYTHONDONTWRITEBYTECODE=1 python docs/papers112_116_sequence/scouting/code/stochastic_tropical_resonance.py
/root/autodl-tmp/symbolic_dynamics/docs/papers112_116_sequence/scouting/STOCHASTIC_SCOUT.md:753:PYTHONDONTWRITEBYTECODE=1 python docs/papers112_116_sequence/scouting/code/stochastic_tropical_slowdown.py
/root/autodl-tmp/symbolic_dynamics/docs/papers112_116_sequence/scouting/STOCHASTIC_SCOUT.md:760:stochastic tropical-resonance spike: PASS
/root/autodl-tmp/symbolic_dynamics/docs/papers112_116_sequence/scouting/STOCHASTIC_SCOUT.md:774:stochastic tropical-slowdown spike: PASS
/root/autodl-tmp/symbolic_dynamics/docs/papers162_166_sequence/scouting/replacement_matchings_incidence/verify_scout.py:425:def unique_common_neighbour(i, j, neighbours, _state, _edges):
/root/autodl-tmp/symbolic_dynamics/docs/papers162_166_sequence/scouting/replacement_matchings_incidence/verify_scout.py:740:    systems.append(("R02 UCN",) + simple_graph_system(6, unique_common_neighbour))
/root/autodl-tmp/symbolic_dynamics/docs/papers162_166_sequence/phase1/CANDIDATE_POOL_AND_KILL_LEDGER.md:71:| `alternating_tropical_row_normalization` | 1 | `1 K` | ATR passed its formulas but failed the Kuhn--Munkres/P143 owner-value gate. |
/root/autodl-tmp/hilbert-polya-structure/symbolic_dynamics/papers/116-max-plus-switching-induced-growth/sections/6_scope_controls.tex:16:Tropical literal/projective
/root/autodl-tmp/symbolic_dynamics/docs/papers117_121_sequence/scouting/STOCHASTIC_SCOUT.md:79:| S08 | a fixed signed-tropical Fibonacci pair | orientation-sensitive first balance, but a finite sign-pattern semigroup | **KILL** |
/root/autodl-tmp/symbolic_dynamics/docs/papers117_121_sequence/scouting/STOCHASTIC_SCOUT.md:270:### S08. Fixed signed-tropical Fibonacci phase — KILL
/root/autodl-tmp/symbolic_dynamics/docs/papers117_121_sequence/scouting/STOCHASTIC_SCOUT.md:284:- **Subtraction.**  Symmetrized-tropical deterministic spectral theory is
/root/autodl-tmp/symbolic_dynamics/docs/papers187_191_sequence/scouting/graph_lane/replacement/KILL_LEDGER.md:15:| **RX03 AGP** | Same rooted-tree census; only period two for `n>1`; maximum tested depths `0,0,1,1,2,2,3`. | **KILL_INTERNAL_DIRECT** | Away from the centre this is exactly centreward eccentricity descent; only the centre is redirected once to manufacture a 2-cycle.  It is the killed TR3 centre-descent mechanism plus one boundary arrow, and is also adjacent to the P114/P159 tree-pruning corridor. |
/root/autodl-tmp/symbolic_dynamics/docs/papers187_191_sequence/scouting/graph_lane/replacement/KILL_LEDGER.md:20:| **RX08 ETH** | All hypergraphs through `n=4` (`65,536` last-size families); exact `F^3=F`, last image `198`, depth at most one. | **KILL_POLARITY** | This is the common-neighbour operator for the symmetric predicate `|S intersect E|=1`; cubic collapse is generic polarity and belongs to the P106 firewall. |
/root/autodl-tmp/symbolic_dynamics/docs/papers187_191_sequence/scouting/graph_lane/replacement/KILL_LEDGER.md:24:| **RX12 MEG** | All simple graphs through `n=5`; last image `369`, fixed `52`, periods `1,2`, maximum depth `3`. | **KILL_DIRECT_OWNER** | Mutual-eccentricity/eccentric graph operators are a named graph-operation literature; the bounded dynamics add no uniform inverse or spectral theorem. |
/root/autodl-tmp/symbolic_dynamics/docs/papers197_201_sequence/scouting/second_replacement_20260905/INTAKE.md:16:   common neighbor. This is not persistent graph-square closure.
/root/autodl-tmp/symbolic_dynamics/docs/papers162_166_sequence/scouting/open_fresh_p166_round6/verify_scout.py:231:    eccentricity = []
/root/autodl-tmp/symbolic_dynamics/docs/papers162_166_sequence/scouting/open_fresh_p166_round6/verify_scout.py:237:        eccentricity.append(max(distances, default=0))
/root/autodl-tmp/symbolic_dynamics/docs/papers162_166_sequence/scouting/open_fresh_p166_round6/verify_scout.py:241:        if distance == eccentricity[i] == eccentricity[j]:
/root/autodl-tmp/symbolic_dynamics/docs/papers112_116_sequence/phase1/CANDIDATE_POOL_AND_KILL_LEDGER.md:37:| P116 | iid products of two explicit tropical `2 x 2` matrices; observe the maximum entry | both generators have zero deterministic growth, but every nondegenerate mixture has positive drift | residual displayed-pair formulas: five gaps/three-state reward table, rational drift/variance, cubic transfer/pressure, exact support/extremes and temperature constants; reset/coupling and generic Markov-additive LLN/CLT/LDP engines are zero-credit |
/root/autodl-tmp/symbolic_dynamics/docs/papers112_116_sequence/phase1/CANDIDATE_POOL_AND_KILL_LEDGER.md:51:   tropical three-state cocycle, or a second coefficient-decimation system;
/root/autodl-tmp/symbolic_dynamics/docs/papers197_201_sequence/scouting/graph_matching_lane/BREADTH_AND_KILL_LEDGER.md:14:| 4 | `LDF` | On a labelled simple graph, find the lexicographically least nonedge whose endpoints have an old common neighbour, add that one edge, and otherwise hold. | All graphs through `n=6`; at `n=6`: 32,768 states, image 15,593, 203 fixed graphs, maximum tail 10, unique maximum fibre 16. | Tail is the number of missing edges inside the initial connected components; fixed graphs are cluster graphs; deepest states are the `n^(n-2)` trees; every target has an admissible deleted-edge atlas. | **`KILL_GRAPH_SQUARE_CLOSURE`**.  This is graph-square/component-clique closure serialized by a lexicographic scheduler. |
/root/autodl-tmp/symbolic_dynamics/docs/papers197_201_sequence/scouting/second_replacement_20260905/CONTRACTS_AND_PROOF.md:100:distance two. Sources of the empty target are therefore in bijection with
/root/autodl-tmp/symbolic_dynamics/docs/papers132_136_sequence/scouting/stochastic/verify_stochastic_scout.py:526:           states, f"terminal independent-distance-two configurations; up to {max_terminals} outcomes",
/root/autodl-tmp/symbolic_dynamics/docs/papers132_136_sequence/scouting/root/SCOUT.md:23:| X09 | graph of odd common-neighbour pairs | periods `1,2`, nontrivial tails | reserve only: exact matrix description exists, but collides with the P127 parity-matrix portfolio |
/root/autodl-tmp/symbolic_dynamics/docs/papers132_136_sequence/scouting/root/SCOUT.md:24:| X10 | toggle odd-common-neighbour pairs | periods `1,2,4` | reserve only: same P127 collision, and breadth does not isolate a clean invariant |
/root/autodl-tmp/symbolic_dynamics/docs/papers162_166_sequence/scouting/open_fresh_p166_round6/SCOUT.md:132:distance two on nonedges.  Join `i,j` in `MEG(G)` iff `j` is farthest from
/root/autodl-tmp/symbolic_dynamics/docs/papers117_121_sequence/scouting/COMBINATORIAL_SCOUT.md:48:  common neighbours of odd current degree. This is simultaneous, not a
/root/autodl-tmp/symbolic_dynamics/docs/papers117_121_sequence/scouting/COMBINATORIAL_SCOUT.md:107:   common-neighbour hypergraph can attack fixed points and cycle families.
/root/autodl-tmp/symbolic_dynamics/docs/papers162_166_sequence/scouting/replacement_stochastic_nonlinear/SCOUT.md:98:| `G05/OCN` | labelled graphs on five vertices; toggle sampled edge `uv` iff `u,v` have an odd number of common neighbours | `1024/5488/46/205/43\/1250/0/1..1/0` | Each labelled toggle is an involution because changing `uv` does not change its common-neighbour count, hence the kernel is doubly stochastic.  Edge/parity summaries are not lumpable. | Longer endpoints are an irregular involution-graph walk, not an absorbing transformation or a target atlas. | `KILL_INVOLUTION_GRAPH_NO_COMPRESSION` |
/root/autodl-tmp/symbolic_dynamics/docs/papers204_208_sequence/scouting/ROOT_PREINTAKE_EXCLUSIONS_20260906.md:11:The literal odd-common-neighbour toggle appears as C21/CNT in the original
/root/autodl-tmp/symbolic_dynamics/docs/papers204_208_sequence/scouting/ROOT_PREINTAKE_EXCLUSIONS_20260906.md:24:squaring, common-neighbour parity, matrix dynamics (AB,BA), finite-group
/root/autodl-tmp/symbolic_dynamics/docs/papers204_208_sequence/scouting/algebra_fourth/EC_PROOF_PACKAGE.md:17:farthest-neighbour point selector, a fixed metric's eccentricity profile,
/root/autodl-tmp/symbolic_dynamics/docs/papers204_208_sequence/scouting/algebra_fourth/EC_PROOF_PACKAGE.md:149:The static eccentricity transform, the endpoint identity (2.1), reflection
/root/autodl-tmp/symbolic_dynamics/docs/papers204_208_sequence/scouting/algebra_fourth/EC_PROOF_PACKAGE.md:171:eccentricity surface, not by themselves ownership of this autonomous
/root/autodl-tmp/symbolic_dynamics/docs/papers162_166_sequence/scouting/replacement_stochastic_nonlinear/verify_scout.py:450:    # G05: toggle a sampled edge iff its endpoints have odd common-neighbour count.
/root/autodl-tmp/symbolic_dynamics/papers/116-max-plus-switching-induced-growth/sections/6_scope_controls.tex:16:Tropical literal/projective
/root/autodl-tmp/symbolic_dynamics/docs/prior_work/legacy/4-riemann_logistic/paper/sr/main.tex:558:bottlenecks of massive discrete grids while preserving the system's
/root/autodl-tmp/symbolic_dynamics/docs/prior_work/legacy/4-riemann_logistic/paper/sr/main.tex:578:To break through the dual bottlenecks of computational scalability and
/root/autodl-tmp/symbolic_dynamics/docs/prior_work/legacy/4-riemann_logistic/paper/sr/main.tex:1474:bottleneck, inevitably leading to system collapse.
/root/autodl-tmp/symbolic_dynamics/docs/prior_work/legacy/4-riemann_logistic/paper/sr/main.tex:1560:memory bus bottlenecks on the 128-core supercomputing cluster---the
/root/autodl-tmp/symbolic_dynamics/docs/papers167_171_sequence/scouting/combinatorial_crossdomain/IDEA_LEDGER.md:36:| C21 CNT | Simple graphs; toggle each pair having an odd number of common neighbours. | Five vertices appears convergent with tail 4; six vertices already has periods 2 and 4. | **KILL.** Early convergence was a small-size mirage; matrix-parity collision. |
/root/autodl-tmp/symbolic_dynamics/docs/prior_work/legacy/4-riemann_logistic/paper/fracfract/Definitions_old_backup/journalnames.tex:292:\DeclareOption{tropicalmed}{		\gdef\@journal{tropicalmed}		\gdef\@journalshort{Trop. Med. Infect. Dis.}\gdef\@journalfull{Tropical Medicine and Infectious Disease}	\gdef\@doiabbr{tropicalmed}	\gdef\@ISSN{2414-6366}	}
/root/autodl-tmp/symbolic_dynamics/docs/prior_work/legacy/4-riemann_logistic/paper/MDPI_template_ACS_new/Definitions/journalnames.tex:4524:\DeclareOption{tropicalmed}{%
/root/autodl-tmp/symbolic_dynamics/docs/prior_work/legacy/4-riemann_logistic/paper/MDPI_template_ACS_new/Definitions/journalnames.tex:4525:	\gdef\@journal{tropicalmed}
/root/autodl-tmp/symbolic_dynamics/docs/prior_work/legacy/4-riemann_logistic/paper/MDPI_template_ACS_new/Definitions/journalnames.tex:4526:	\gdef\@journalfull{Tropical Medicine and Infectious Disease}
/root/autodl-tmp/symbolic_dynamics/docs/prior_work/legacy/4-riemann_logistic/paper/MDPI_template_ACS_new/Definitions/journalnames.tex:4528:	\gdef\@doiabbr{tropicalmed}
/root/autodl-tmp/symbolic_dynamics/papers/116-max-plus-switching-induced-growth/sections/0_abstract.tex:7:Each generator has tropical spectral radius zero, tropical rank two, and
/root/autodl-tmp/symbolic_dynamics/papers/116-max-plus-switching-induced-growth/sections/0_abstract.tex:9:tropical rank one and reset the projective state.  Nevertheless, if iid
/root/autodl-tmp/symbolic_dynamics/docs/papers204_208_sequence/scouting/graph_relation/SCOUT_REPORT.md:45:- Exact-distance-two graph: old P187--191 G07 and previous batch D2G; the
/root/autodl-tmp/symbolic_dynamics/docs/prior_work/legacy/4-riemann_logistic/paper/fracfract/main.tex:600:bottlenecks of massive discrete grids while preserving the system's
/root/autodl-tmp/symbolic_dynamics/docs/prior_work/legacy/4-riemann_logistic/paper/fracfract/main.tex:620:To break through the dual bottlenecks of computational scalability and
/root/autodl-tmp/symbolic_dynamics/docs/prior_work/legacy/4-riemann_logistic/paper/fracfract/main.tex:1477:bottleneck, inevitably leading to system collapse.
/root/autodl-tmp/symbolic_dynamics/docs/prior_work/legacy/4-riemann_logistic/paper/fracfract/main.tex:1565:memory bus bottlenecks on the 128-core supercomputing cluster---the
/root/autodl-tmp/symbolic_dynamics/docs/prior_work/legacy/4-riemann_logistic/paper/fracfract/body_src.tex:559:bottlenecks of massive discrete grids while preserving the system's
/root/autodl-tmp/symbolic_dynamics/docs/prior_work/legacy/4-riemann_logistic/paper/fracfract/body_src.tex:579:To break through the dual bottlenecks of computational scalability and
/root/autodl-tmp/symbolic_dynamics/docs/prior_work/legacy/4-riemann_logistic/paper/fracfract/body_src.tex:1480:bottleneck, inevitably leading to system collapse.
/root/autodl-tmp/symbolic_dynamics/docs/prior_work/legacy/4-riemann_logistic/paper/fracfract/body_src.tex:1566:memory bus bottlenecks on the 128-core supercomputing cluster---the
/root/autodl-tmp/symbolic_dynamics/papers/116-max-plus-switching-induced-growth/sections/3_finite_law.tex:66:\begin{proof}[Tropical literal/projective route]
/root/autodl-tmp/symbolic_dynamics/papers/116-max-plus-switching-induced-growth/sections/1_introduction.tex:7:two full tropical-rank matrices have bounded powers and zero individual
/root/autodl-tmp/symbolic_dynamics/papers/116-max-plus-switching-induced-growth/sections/1_introduction.tex:39:three-state chain.  Four words of minimal length three have tropical rank
/root/autodl-tmp/symbolic_dynamics/papers/116-max-plus-switching-induced-growth/sections/1_introduction.tex:63:Two complementary proof routes are kept visible.  The tropical route uses raw matrix and
/root/autodl-tmp/symbolic_dynamics/papers/31-wilson-semiring-verifier-trichotomy/sections/3_semiring_clones.tex:101:elements not additively generated by the unit.  Tropical addition is
/root/autodl-tmp/symbolic_dynamics/papers/39-affine-obstruction-dag-closure-certificate/sections/A_ledgers_and_proofs.tex:210:\paragraph{Weighted trees.}
/root/autodl-tmp/symbolic_dynamics/papers/49-transient-phase-allocation-tree-shifts/paper/sections/03_setting.tex:24:\begin{definition}[Rooted-tree metric]
/root/autodl-tmp/symbolic_dynamics/docs/papers132_136_sequence/scouting/combinatorial/verify_combinatorial_scout.py:658:def tree_eccentricity(mask, n, vertex):
/root/autodl-tmp/symbolic_dynamics/docs/papers132_136_sequence/scouting/combinatorial/verify_combinatorial_scout.py:665:    current = tree_eccentricity(mask, n, root)
/root/autodl-tmp/symbolic_dynamics/docs/papers132_136_sequence/scouting/combinatorial/verify_combinatorial_scout.py:666:    lower = [v for v in adjacency[root] if tree_eccentricity(mask, n, v) < current]
/root/autodl-tmp/symbolic_dynamics/docs/papers132_136_sequence/scouting/stochastic/SCOUT.md:49:| `R09` | Binary cycle; in any cyclic `111`, replace the middle bit by zero. Audit absorbing laws and clocks. | lengths 3--12; 8,184 | Absorbing distance-two hard-core sets, as many as 29 outcomes; random-sequential-adsorption core. **Kill.** |
/root/autodl-tmp/symbolic_dynamics/papers/47-harmonic-egyptian-mordell-tornheim/sections/02_related_work.tex:23:Mordell--Tornheim-type series.  In particular, the tropical boundary
/root/autodl-tmp/symbolic_dynamics/docs/papers132_136_sequence/replacement_scout/combinatorial/verify_combinatorial_scout.py:635:    deleted = min(maxima)
/root/autodl-tmp/symbolic_dynamics/docs/papers152_156_sequence/scouting/stochastic/SCOUT.md:74:| TCE | in a fixed graph choose an eligible nonedge with a common neighbour and add it | path history counts `1,1,4,204,280848,18163801920` for `n=2..7` | triadic-closure mechanism; endpoint and clock deterministic | **KILL** |
/root/autodl-tmp/symbolic_dynamics/docs/papers152_156_sequence/scouting/stochastic/SCOUT.md:514:whose endpoints have a common neighbour and add that edge.  A connected graph
/root/autodl-tmp/symbolic_dynamics/docs/papers132_136_sequence/scouting/root/cross_family_scout.py:338:    emit("X09", "simple graphs n<=6; odd common-neighbour graph", states, common_parity_graph)
/root/autodl-tmp/symbolic_dynamics/docs/papers132_136_sequence/scouting/root/cross_family_scout.py:341:        "simple graphs n<=6; toggle edges of odd common-neighbour graph",
/root/autodl-tmp/symbolic_dynamics/papers/49-transient-phase-allocation-tree-shifts/paper/sections/02_related_work.tex:22:tree metric and supplies matched upper and lower bounds for a frozen complete
/root/autodl-tmp/symbolic_dynamics/papers/49-transient-phase-allocation-tree-shifts/paper/sections/02_related_work.tex:54:& Hausdorff dimension in the rooted-tree metric; nonlinear variational theory
/root/autodl-tmp/symbolic_dynamics/docs/papers142_146_sequence/scouting/stochastic/verify_stochastic_scout.py:503:        f"mean_extrema(n:min/max)={','.join(extrema)}"
/root/autodl-tmp/symbolic_dynamics/papers/116-max-plus-switching-induced-growth/sections/2_generators.tex:12:For a finite $2\times2$ matrix $C$, the tropical spectral radius is the
/root/autodl-tmp/symbolic_dynamics/papers/116-max-plus-switching-induced-growth/sections/2_generators.tex:18:Such a matrix has tropical rank one precisely when
/root/autodl-tmp/symbolic_dynamics/papers/116-max-plus-switching-induced-growth/sections/2_generators.tex:55:neither matrix has tropical rank one.
/root/autodl-tmp/symbolic_dynamics/papers/116-max-plus-switching-induced-growth/sections/2_generators.tex:65:Neither generator, and no word of length two, has tropical rank one.  At
/root/autodl-tmp/symbolic_dynamics/papers/116-max-plus-switching-induced-growth/sections/2_generators.tex:87:$\delta(C)=C_{11}+C_{22}-C_{12}-C_{21}$; tropical rank one is equivalent
/root/autodl-tmp/symbolic_dynamics/docs/papers157_161_sequence/scouting/combinatorial/verify_combinatorial_scout.py:100:def sibling_bottleneck(tree: tuple) -> int:
/root/autodl-tmp/symbolic_dynamics/docs/papers157_161_sequence/scouting/combinatorial/verify_combinatorial_scout.py:103:    def visit(node: tuple, bottleneck: int) -> None:
/root/autodl-tmp/symbolic_dynamics/docs/papers157_161_sequence/scouting/combinatorial/verify_combinatorial_scout.py:106:            child_bottleneck = min(bottleneck, index)
/root/autodl-tmp/symbolic_dynamics/docs/papers157_161_sequence/scouting/combinatorial/verify_combinatorial_scout.py:107:            answer = max(answer, child_bottleneck)
/root/autodl-tmp/symbolic_dynamics/docs/papers157_161_sequence/scouting/combinatorial/verify_combinatorial_scout.py:108:            visit(child, child_bottleneck)
/root/autodl-tmp/symbolic_dynamics/docs/papers157_161_sequence/scouting/combinatorial/verify_combinatorial_scout.py:171:            A.check(lcp_tail(tree) == sibling_bottleneck(tree), tree)
/root/autodl-tmp/symbolic_dynamics/docs/papers157_161_sequence/scouting/combinatorial/verify_combinatorial_scout.py:562:    maximum = n if maximum is None else min(maximum, n)
/root/autodl-tmp/symbolic_dynamics/docs/papers117_121_sequence/scouting/ROOT_SCOUT.md:80:## R4 — odd-common-neighbour toggling on Eulerian graphs
/root/autodl-tmp/symbolic_dynamics/docs/papers162_166_sequence/scouting/open_fresh_p165/verify_scout.py:219:                        ("SDS F2 distance doubles", n, code),
/root/autodl-tmp/hilbert-polya-structure/symbolic_dynamics/papers/31-wilson-semiring-verifier-trichotomy/sections/8_exact_audit.tex:47:$\N[t]$ is not additively generated by its unit; tropical addition is
/root/autodl-tmp/symbolic_dynamics/docs/papers82_86_sequence/phase1/CANDIDATE_POOL_AND_KILL_LEDGER.md:40:| rank-two tropical sign itinerary | `KILL_OWNER_OR_INTERNAL_COLLISION` | the available entropy/degree-growth mechanism is substantially owned and overlaps the mirror's max-plus/tropical Route-A package |
/root/autodl-tmp/symbolic_dynamics/docs/papers204_208_sequence/scouting/graph_geometry_third/SCOUT_REPORT.md:35:distance-two/metamour, ordinary graph powers, closure/bridge erasure, triangle
/root/autodl-tmp/symbolic_dynamics/docs/papers172_176_sequence/scouting/combinatorial_crossdomain/IDEA_LEDGER.md:25:| `G05_ECC` | Labelled simple graphs.  Inside each old connected component, join exactly pairs having equal old eccentricity. | Through `n=5`; exact retraction, 52 fixed images and maximum fibre 113. | **KILL_METRIC_RETRACTION.** Eccentricity classification and the one-step clock are the same statistic. |
/root/autodl-tmp/symbolic_dynamics/docs/prior_work/legacy/4-riemann_logistic/paper/fracfract/Definitions/journalnames.tex:4524:\DeclareOption{tropicalmed}{%
/root/autodl-tmp/symbolic_dynamics/docs/prior_work/legacy/4-riemann_logistic/paper/fracfract/Definitions/journalnames.tex:4525:	\gdef\@journal{tropicalmed}
/root/autodl-tmp/symbolic_dynamics/docs/prior_work/legacy/4-riemann_logistic/paper/fracfract/Definitions/journalnames.tex:4526:	\gdef\@journalfull{Tropical Medicine and Infectious Disease}
/root/autodl-tmp/symbolic_dynamics/docs/prior_work/legacy/4-riemann_logistic/paper/fracfract/Definitions/journalnames.tex:4528:	\gdef\@doiabbr{tropicalmed}
/root/autodl-tmp/symbolic_dynamics/docs/papers204_208_sequence/scouting/algebra/PROOF_NOTES.md:130:used. In the power-set case P is the common-neighbor map of any symmetric
/root/autodl-tmp/symbolic_dynamics/docs/papers204_208_sequence/scouting/finite_systems_twelfth/INTAKE.md:34:The initial ideas UCN (unique common-neighbor graph), quartic Hessian,
/root/autodl-tmp/symbolic_dynamics/docs/papers204_208_sequence/scouting/graph_geometry_third/PROOF_BOUNDARIES.md:94:$01,12,23,14$. The leaves $0,4$ have distance two and eccentricity three.
/root/autodl-tmp/symbolic_dynamics/docs/prior_work/legacy/4-riemann_logistic/paper/MDPI_template_ACS_new/template.tex:16:% accountaudit, acn, acoustics, actuators, addictions, addictprev, adhesives, adolescents, aerobiology, aerospace, agriculture, agriengineering, agrochemicals, agronomy, ai, aichem, aieng, aimater, aimed, aipa, air, aisens, aisoc, algorithms, allergies, alloys, amh, analog, analytica, analytics, anatomia, anesthres, animals, antibiotics, antibodies, antioxidants, applbiosci, appliedchem, appliedmath, appliedphys, applmech, applmicrobiol, applnano, applsci, aps, aquacj, archaeolstud, architecture, arm, arthropoda, asc, asi, astronautics, astronomy, atmosphere, atoms, audiolres, automation, axioms, bacteria, batteries, bdcc, beverages, biochem, bioengineering, biologics, biology, biomass, biomechanics, biomed, biomedicines, biomedinformatics, biomimetics, biomolecules, biophysica, bioresourbioprod, biosensors, biosphere, biotech, birds, blockchains, bloods, blsf, brainsci, breath, buildings, cancers, carbon, cardio, cardiogenetics, cardiovascmed, catalysts, cells, ceramics, challenges, chemengineering, chemistry, chemosensors, chemproc, children, chips, cimb, civileng, cleantechnol, climate, clinbioenerg, clinpract, clockssleep, cmd, cmtr, coasts, coatings, colloids, colorants, commodities, complexities, complications, compounds, computation, computers, condensedmatter, conservation, constrmater, cosmetics, covid, crops, cryo, cryptography, crystals, csmf, ctn, culture, curroncol, cyber, dairy, data, ddc, dentistry, dermato, dermatopathology, designs, devices, dhi, diabetology, diagnostics, dietetics, digital, disabilities, diseases, diversity, dna, drones, drugreact, drylands, dynamics, earth, ebj, ecm, ecologies, edm, eesp, electricity, electrochem, electronicmat, electronics, embodiedintell, encyclopedia, endocrines, energies, eng, engproc, entomology, entropy, environments, environremediat, epidemiologia, epigenomes, esa, est, fermentation, fibers, fintech, fire, fishes, fluids, foodeng, foods, forecasting, forensicsci, forests, fossstud, foundations, fractalfract, freshwater, fuels, future, futureinternet, futurepharmacol, futurephys, futuretransp, galaxies, gases, gastroent, gastrointestdisord, gastronomy, gels, genes, geochem, geographies, geohazards, geomatics, geometry, geosciences, geotechnics, geriatrics, germs, glacies, grainsci, grasses, green, greenhealth, gucdd, gynecolcancer, hardware, hazardousmatters, healthcare, healthcmater, hearts, hemato, hematolrep, hep, heritage, higheredu, highthroughput, horticulturae, hospitals, hydrobiology, hydrogen, hydrology, hydrometeorology, hydropower, hygiene, idr, iic, ijem, ijerph, ijgi, ijmd, ijms, ijns, ijom, ijp, ijpb, ijt, ijtm, ijtpp, ijtst, ime, immuno, industries, inflammj, informatics, information, infrastructures, inorganics, insects, instruments, inventions, iot, j, jaestheticmed, jal, japma, jcdd, jcm, jcp, jcrm, jcs, jcto, jdad, jdb, jdream, jemr, jeta, jfb, jfmk, jfth, jgbg, jgg, jimaging, jlpea, jmahp, jmmp, jmms, jmp, jmse, jne, jnt, jof, joi, joitmc, joma, jop, joptm, jor, jox, jpbi, jphytomed, jpm, jsan, jtaer, jvd, jzbg, kidneydial, kinasesphosphatases, knowledge, labmed, laboratories, lam, land, lasers, legumes, life, lights, limnolrev, lipidology, liquids, livers, logics, logistics, lubricants, lymphatics, machines, macromol, magnetism, magnetochemistry, make, marinedrugs, maritime, materials, materproc, mathematics, mca, mcb, measurements, medicina, medicines, medsci, membranes, merits, metabolites, metals, meteorology, methane, metrics, metrology, micro, microarrays, microbiolres, microelectronics, micromachines, microorganisms, microplastics, microwave, minerals, mining, mmphys, modelling, molbank, molecules, mollusca, mps, msf, mti, multimedia, muscles, nanoenergyadv, nanomanufacturing, nanomaterials, ncrna, ndt, network, neuroglia, neuroimaging, neurolint, neurosci, nitrogen, notspecified, nursrep, nutraceuticals, nutrients, obesities, occuphealth, oceans, ohbm, onco, optics, oral, organics, organoids, osteology, oxygen, pandemics, parasites, parasitologia, particles, pathogens, pathophysiology, pediatrrep, pets, pharmaceuticals, pharmaceutics, pharmacoepidemiology, pharmacy, phc, philosophies, photochem, photonics, photovoltaics, phycology, physchem, physics, physiologia, plants, plasma, platforms, pollutants, polymers, polysaccharides, populations, poultry, powders, precision, precisoncol, preprints, proceedings, processes, prosthesis, proteomes, psf, psychiatryint, psychoactives, purification, quantumrep, quaternary, qubs, radiation, rareearths, rdt, reactions, realestate, receptors, recycling, regeneration, remotesensing, reports, reprodmed, resources, rheumato, rjpm, robotics, rsee, ruminants, safety, sanpp, sca, sci, scipharm, sclerosis, seeds, sensors, separations, sexes, shi, signals, sinusitis, siuj, skins, smartcities, smartfish, sna, societies, software, soilsystems, solar, solids, spectroscj, sports, standards, stats, std, stratsediment, stresses, strokerep, superintelligence, surfaces, surgeries, suschem, sustainability, sustainfoods, sustainpackag, symmetry, synbio, systems, tae, targets, taxonomy, technologies, telecom, test, textiles, thalassrep, therapeutics, thermo, timespace, tomography, toxics, toxins, tph, transplantology, transportation, traumacare, traumas, tri, tropicalmed, universe, urbansci, uro, vaccines, vehicles, venereology, vetsci, vibration, virtualworlds, viruses, vision, waste, water, welding, wem, wevj, wild, wind, women, world, zoonoticdis
/root/autodl-tmp/symbolic_dynamics/papers/31-wilson-semiring-verifier-trichotomy/sections/8_exact_audit.tex:47:$\N[t]$ is not additively generated by its unit; tropical addition is
