{
  "assertions": 18695,
  "author_records_compared": 2055,
  "origin_contexts": [
    {
      "current_equals_historical": true,
      "current_sha256": "415f37fe61d13dfba675ad7f12d963a7a7abce0ccb95354e8ea12d0b502804f7",
      "historical_sha256": "415f37fe61d13dfba675ad7f12d963a7a7abce0ccb95354e8ea12d0b502804f7",
      "path": "docs/papers204_208_sequence/scouting/order_geometry_tenth/OFS_PROOF_PACKAGE.md"
    },
    {
      "current_equals_historical": true,
      "current_sha256": "d78483a9f152d48c5f0c81748a67eb9303ba4bd420e1b8d60eaf3c7fd42c35c7",
      "historical_sha256": "d78483a9f152d48c5f0c81748a67eb9303ba4bd420e1b8d60eaf3c7fd42c35c7",
      "path": "docs/papers204_208_sequence/scouting/order_geometry_tenth/verify_ofs.py"
    },
    {
      "current_equals_historical": true,
      "current_sha256": "4e6cb736f5ea99db02a18a243fdd48ee3325ac7cd5ddccc4a223e9e449d358c6",
      "historical_sha256": "4e6cb736f5ea99db02a18a243fdd48ee3325ac7cd5ddccc4a223e9e449d358c6",
      "path": "docs/papers204_208_sequence/scouting/order_geometry_tenth_desk/OFS_RECURSION_AND_FIBRES.md"
    },
    {
      "current_equals_historical": true,
      "current_sha256": "e3a0179fd161b78ba6d01abbbef09ac82a750f72fe3290fa2992e283843df420",
      "historical_sha256": "e3a0179fd161b78ba6d01abbbef09ac82a750f72fe3290fa2992e283843df420",
      "path": "docs/papers204_208_sequence/scouting/order_geometry_tenth_desk/OFS_TEMPORAL_CHECK.md"
    },
    {
      "current_equals_historical": true,
      "current_sha256": "8547616e52c125f51de808fb69eb67a56aa5520c2d01294e94703a42077cccf4",
      "historical_sha256": "8547616e52c125f51de808fb69eb67a56aa5520c2d01294e94703a42077cccf4",
      "path": "docs/papers204_208_sequence/scouting/OFS_GATE/SOURCE_AND_PROOF.md"
    },
    {
      "current_equals_historical": true,
      "current_sha256": "781423fd847e455603ccc2572ddf067ad2951c23e967d4f9b00b8b7c5e83e5b4",
      "historical_sha256": "781423fd847e455603ccc2572ddf067ad2951c23e967d4f9b00b8b7c5e83e5b4",
      "path": "docs/papers204_208_sequence/scouting/OFS_ROOT_INSPECTION.md"
    },
    {
      "current_equals_historical": true,
      "current_sha256": "baa278de72e8d82075c094ec05e95118c3794057cbb70430a6c7f363b621059c",
      "historical_sha256": "baa278de72e8d82075c094ec05e95118c3794057cbb70430a6c7f363b621059c",
      "path": "docs/papers204_208_sequence/FINAL_THEOREM_CONTRACTS.md"
    }
  ],
  "rows": [
    {
      "K_image": 1,
      "image": 1,
      "max_entrance": 0,
      "max_fibre": 1,
      "n": 3,
      "states": 1
    },
    {
      "K_image": 1,
      "image": 2,
      "max_entrance": 0,
      "max_fibre": 1,
      "n": 4,
      "states": 2
    },
    {
      "K_image": 2,
      "image": 4,
      "max_entrance": 3,
      "max_fibre": 2,
      "n": 5,
      "states": 5
    },
    {
      "K_image": 4,
      "image": 9,
      "max_entrance": 4,
      "max_fibre": 4,
      "n": 6,
      "states": 14
    },
    {
      "K_image": 9,
      "image": 22,
      "max_entrance": 5,
      "max_fibre": 8,
      "n": 7,
      "states": 42
    },
    {
      "K_image": 21,
      "image": 57,
      "max_entrance": 6,
      "max_fibre": 16,
      "n": 8,
      "states": 132
    },
    {
      "K_image": 51,
      "image": 154,
      "max_entrance": 7,
      "max_fibre": 32,
      "n": 9,
      "states": 429
    },
    {
      "K_image": 127,
      "image": 429,
      "max_entrance": 8,
      "max_fibre": 64,
      "n": 10,
      "states": 1430
    }
  ],
  "scope": "Whole author JSON scientific payload read and compared, not author code re-execution; original freezes and final A before/after dependency keys verified.",
  "status": "PASS"
}
