	linux-vdso.so.1 (0x00007fffd34ec000)
	libpoppler.so.118 => /usr/lib/x86_64-linux-gnu/libpoppler.so.118 (0x00007f300bd04000)
	libstdc++.so.6 => /usr/lib/x86_64-linux-gnu/libstdc++.so.6 (0x00007f300bad8000)
	libc.so.6 => /usr/lib/x86_64-linux-gnu/libc.so.6 (0x00007f300b8af000)
	libfreetype.so.6 => /usr/lib/x86_64-linux-gnu/libfreetype.so.6 (0x00007f300b7e7000)
	libfontconfig.so.1 => /usr/lib/x86_64-linux-gnu/libfontconfig.so.1 (0x00007f300b79d000)
	libjpeg.so.8 => /usr/lib/x86_64-linux-gnu/libjpeg.so.8 (0x00007f300b71a000)
	libz.so.1 => /usr/lib/x86_64-linux-gnu/libz.so.1 (0x00007f300b6fe000)
	libopenjp2.so.7 => /usr/lib/x86_64-linux-gnu/libopenjp2.so.7 (0x00007f300b6a6000)
	liblcms2.so.2 => /usr/lib/x86_64-linux-gnu/liblcms2.so.2 (0x00007f300b644000)
	libpng16.so.16 => /usr/lib/x86_64-linux-gnu/libpng16.so.16 (0x00007f300b609000)
	libtiff.so.5 => /usr/lib/x86_64-linux-gnu/libtiff.so.5 (0x00007f300b581000)
	libnss3.so => /usr/lib/x86_64-linux-gnu/libnss3.so (0x00007f300b44e000)
	libsmime3.so => /usr/lib/x86_64-linux-gnu/libsmime3.so (0x00007f300b424000)
	libplc4.so => /usr/lib/x86_64-linux-gnu/libplc4.so (0x00007f300b41d000)
	libnspr4.so => /usr/lib/x86_64-linux-gnu/libnspr4.so (0x00007f300b3dd000)
	libm.so.6 => /usr/lib/x86_64-linux-gnu/libm.so.6 (0x00007f300b2f6000)
	/lib64/ld-linux-x86-64.so.2 (0x00007f300c07d000)
	libgcc_s.so.1 => /usr/lib/x86_64-linux-gnu/libgcc_s.so.1 (0x00007f300b2d6000)
	libbrotlidec.so.1 => /usr/lib/x86_64-linux-gnu/libbrotlidec.so.1 (0x00007f300b2c6000)
	libexpat.so.1 => /usr/lib/x86_64-linux-gnu/libexpat.so.1 (0x00007f300b295000)
	libuuid.so.1 => /usr/lib/x86_64-linux-gnu/libuuid.so.1 (0x00007f300b28c000)
	libwebp.so.7 => /usr/lib/x86_64-linux-gnu/libwebp.so.7 (0x00007f300b21f000)
	libzstd.so.1 => /usr/lib/x86_64-linux-gnu/libzstd.so.1 (0x00007f300b150000)
	liblzma.so.5 => /usr/lib/x86_64-linux-gnu/liblzma.so.5 (0x00007f300b123000)
	libjbig.so.0 => /usr/lib/x86_64-linux-gnu/libjbig.so.0 (0x00007f300b112000)
	libdeflate.so.0 => /usr/lib/x86_64-linux-gnu/libdeflate.so.0 (0x00007f300b0ee000)
	libnssutil3.so => /usr/lib/x86_64-linux-gnu/libnssutil3.so (0x00007f300b0bb000)
	libplds4.so => /usr/lib/x86_64-linux-gnu/libplds4.so (0x00007f300b0b6000)
	libbrotlicommon.so.1 => /usr/lib/x86_64-linux-gnu/libbrotlicommon.so.1 (0x00007f300b091000)
