	linux-vdso.so.1 (0x00007ffead9a2000)
	libpoppler.so.118 => /usr/lib/x86_64-linux-gnu/libpoppler.so.118 (0x00007f7b0c613000)
	liblcms2.so.2 => /usr/lib/x86_64-linux-gnu/liblcms2.so.2 (0x00007f7b0c5b1000)
	libstdc++.so.6 => /usr/lib/x86_64-linux-gnu/libstdc++.so.6 (0x00007f7b0c385000)
	libm.so.6 => /usr/lib/x86_64-linux-gnu/libm.so.6 (0x00007f7b0c29e000)
	libc.so.6 => /usr/lib/x86_64-linux-gnu/libc.so.6 (0x00007f7b0c075000)
	libfreetype.so.6 => /usr/lib/x86_64-linux-gnu/libfreetype.so.6 (0x00007f7b0bfab000)
	libfontconfig.so.1 => /usr/lib/x86_64-linux-gnu/libfontconfig.so.1 (0x00007f7b0bf61000)
	libjpeg.so.8 => /usr/lib/x86_64-linux-gnu/libjpeg.so.8 (0x00007f7b0bee0000)
	libz.so.1 => /usr/lib/x86_64-linux-gnu/libz.so.1 (0x00007f7b0bec4000)
	libopenjp2.so.7 => /usr/lib/x86_64-linux-gnu/libopenjp2.so.7 (0x00007f7b0be6c000)
	libpng16.so.16 => /usr/lib/x86_64-linux-gnu/libpng16.so.16 (0x00007f7b0be31000)
	libtiff.so.5 => /usr/lib/x86_64-linux-gnu/libtiff.so.5 (0x00007f7b0bda7000)
	libnss3.so => /usr/lib/x86_64-linux-gnu/libnss3.so (0x00007f7b0bc76000)
	libsmime3.so => /usr/lib/x86_64-linux-gnu/libsmime3.so (0x00007f7b0bc4c000)
	libplc4.so => /usr/lib/x86_64-linux-gnu/libplc4.so (0x00007f7b0bc45000)
	libnspr4.so => /usr/lib/x86_64-linux-gnu/libnspr4.so (0x00007f7b0bc05000)
	/lib64/ld-linux-x86-64.so.2 (0x00007f7b0c98a000)
	libgcc_s.so.1 => /usr/lib/x86_64-linux-gnu/libgcc_s.so.1 (0x00007f7b0bbe5000)
	libbrotlidec.so.1 => /usr/lib/x86_64-linux-gnu/libbrotlidec.so.1 (0x00007f7b0bbd5000)
	libexpat.so.1 => /usr/lib/x86_64-linux-gnu/libexpat.so.1 (0x00007f7b0bba4000)
	libuuid.so.1 => /usr/lib/x86_64-linux-gnu/libuuid.so.1 (0x00007f7b0bb9b000)
	libwebp.so.7 => /usr/lib/x86_64-linux-gnu/libwebp.so.7 (0x00007f7b0bb2e000)
	libzstd.so.1 => /usr/lib/x86_64-linux-gnu/libzstd.so.1 (0x00007f7b0ba5f000)
	liblzma.so.5 => /usr/lib/x86_64-linux-gnu/liblzma.so.5 (0x00007f7b0ba32000)
	libjbig.so.0 => /usr/lib/x86_64-linux-gnu/libjbig.so.0 (0x00007f7b0ba21000)
	libdeflate.so.0 => /usr/lib/x86_64-linux-gnu/libdeflate.so.0 (0x00007f7b0b9fd000)
	libnssutil3.so => /usr/lib/x86_64-linux-gnu/libnssutil3.so (0x00007f7b0b9ca000)
	libplds4.so => /usr/lib/x86_64-linux-gnu/libplds4.so (0x00007f7b0b9c5000)
	libbrotlicommon.so.1 => /usr/lib/x86_64-linux-gnu/libbrotlicommon.so.1 (0x00007f7b0b9a0000)
